ï»¿2026-09-04T11:28:51.7643724Z Current runner version: '2.337.0'
2026-09-04T11:28:51.7668700Z ##[group]Runner Image Provisioner
2026-09-04T11:28:51.7669681Z Hosted Compute Agent
2026-09-04T11:28:51.7670333Z Version: 20260828.587
2026-09-04T11:28:51.7671105Z Commit: abac92662cab4cc7352de4f9f9d2e2419aad9c29
2026-09-04T11:28:51.7671923Z Build Date: 2026-08-28T16:44:25Z
2026-09-04T11:28:51.7672742Z Worker ID: {64d7722e-f158-4a91-934c-34fa16ccc74e}
2026-09-04T11:28:51.7673564Z Azure Region: westus
2026-09-04T11:28:51.7674183Z ##[endgroup]
2026-09-04T11:28:51.7676104Z ##[group]Operating System
2026-09-04T11:28:51.7676827Z Ubuntu
2026-09-04T11:28:51.7677768Z 24.04.4
2026-09-04T11:28:51.7678449Z LTS
2026-09-04T11:28:51.7679345Z ##[endgroup]
2026-09-04T11:28:51.7680111Z ##[group]Runner Image
2026-09-04T11:28:51.7680796Z Image: ubuntu-24.04
2026-09-04T11:28:51.7681520Z Version: 20260831.293.1
2026-09-04T11:28:51.7682809Z Included Software: https://github.com/actions/runner-images/blob/ubuntu24/20260831.293/images/ubuntu/Ubuntu2404-Readme.md
2026-09-04T11:28:51.7684494Z Image Release: https://github.com/actions/runner-images/releases/tag/ubuntu24%2F20260831.293
2026-09-04T11:28:51.7685538Z ##[endgroup]
2026-09-04T11:28:51.7686881Z ##[group]GITHUB_TOKEN Permissions
2026-09-04T11:28:51.7689446Z Contents: read
2026-09-04T11:28:51.7690204Z Metadata: read
2026-09-04T11:28:51.7690837Z Packages: read
2026-09-04T11:28:51.7691446Z ##[endgroup]
2026-09-04T11:28:51.7693676Z Secret source: Actions
2026-09-04T11:28:51.7695099Z Prepare workflow directory
2026-09-04T11:28:51.8063874Z Prepare all required actions
2026-09-04T11:28:51.8135604Z Getting action download info
2026-09-04T11:28:52.1467623Z Download action repository 'actions/checkout@v4' (SHA:11d5960a326750d5838078e36cf38b85af677262)
2026-09-04T11:28:52.3062525Z Download action repository 'actions/setup-python@v5' (SHA:a26af69be951a213d495a4c3e4e4022e16d87065)
2026-09-04T11:28:52.5248036Z Complete job name: test-f3 (AttributeError #81)
2026-09-04T11:28:52.6023397Z Node 20 is being deprecated. This workflow is running with Node 24 by default. If you need to temporarily use Node 20, you can set the ACTIONS_ALLOW_USE_UNSECURE_NODE_VERSION=true environment variable. For more information see: https://github.blog/changelog/2025-09-19-deprecation-of-node-20-on-github-actions-runners/
2026-09-04T11:28:52.6032583Z ##[group]Run actions/checkout@v4
2026-09-04T11:28:52.6033469Z with:
2026-09-04T11:28:52.6033978Z   fetch-depth: 1
2026-09-04T11:28:52.6034526Z   repository: DhruvHegde/log-generation
2026-09-04T11:28:52.6038894Z   token: ***
2026-09-04T11:28:52.6039396Z   ssh-strict: true
2026-09-04T11:28:52.6039896Z   ssh-user: git
2026-09-04T11:28:52.6040365Z   persist-credentials: true
2026-09-04T11:28:52.6040868Z   clean: true
2026-09-04T11:28:52.6041376Z   sparse-checkout-cone-mode: true
2026-09-04T11:28:52.6041977Z   fetch-tags: false
2026-09-04T11:28:52.6042505Z   show-progress: true
2026-09-04T11:28:52.6043017Z   lfs: false
2026-09-04T11:28:52.6043538Z   submodules: false
2026-09-04T11:28:52.6044075Z   set-safe-directory: true
2026-09-04T11:28:52.6044663Z   allow-unsafe-pr-checkout: false
2026-09-04T11:28:52.6045520Z ##[endgroup]
2026-09-04T11:28:52.7063247Z Syncing repository: DhruvHegde/log-generation
2026-09-04T11:28:52.7065912Z ##[group]Getting Git version info
2026-09-04T11:28:52.7067163Z Working directory is '/home/runner/work/log-generation/log-generation'
2026-09-04T11:28:52.7069273Z [command]/usr/bin/git version
2026-09-04T11:28:52.7148981Z git version 2.55.0
2026-09-04T11:28:52.7170751Z ##[endgroup]
2026-09-04T11:28:52.7185549Z Temporarily overriding HOME='/home/runner/work/_temp/ced8ce19-16a9-4bd5-93e0-6cd53437a465' before making global git config changes
2026-09-04T11:28:52.7188163Z Adding repository directory to the temporary git global config as a safe directory
2026-09-04T11:28:52.7191406Z [command]/usr/bin/git config --global --add safe.directory /home/runner/work/log-generation/log-generation
2026-09-04T11:28:52.7245310Z Deleting the contents of '/home/runner/work/log-generation/log-generation'
2026-09-04T11:28:52.7249158Z ##[group]Initializing the repository
2026-09-04T11:28:52.7253652Z [command]/usr/bin/git init /home/runner/work/log-generation/log-generation
2026-09-04T11:28:52.7370815Z hint: Using 'master' as the name for the initial branch. This default branch name
2026-09-04T11:28:52.7372864Z hint: will change to "main" in Git 3.0. To configure the initial branch name
2026-09-04T11:28:52.7374638Z hint: to use in all of your new repositories, which will suppress this warning,
2026-09-04T11:28:52.7376504Z hint: call:
2026-09-04T11:28:52.7377850Z hint:
2026-09-04T11:28:52.7379164Z hint: 	git config --global init.defaultBranch <name>
2026-09-04T11:28:52.7380636Z hint:
2026-09-04T11:28:52.7382048Z hint: Names commonly chosen instead of 'master' are 'main', 'trunk' and
2026-09-04T11:28:52.7383990Z hint: 'development'. The just-created branch can be renamed via this command:
2026-09-04T11:28:52.7385500Z hint:
2026-09-04T11:28:52.7386603Z hint: 	git branch -m <name>
2026-09-04T11:28:52.7387964Z hint:
2026-09-04T11:28:52.7389403Z hint: Disable this message with "git config set advice.defaultBranchName false"
2026-09-04T11:28:52.7391793Z Initialized empty Git repository in /home/runner/work/log-generation/log-generation/.git/
2026-09-04T11:28:52.7395357Z [command]/usr/bin/git remote add origin https://github.com/DhruvHegde/log-generation
2026-09-04T11:28:52.7443630Z ##[endgroup]
2026-09-04T11:28:52.7444840Z ##[group]Disabling automatic garbage collection
2026-09-04T11:28:52.7445907Z [command]/usr/bin/git config --local gc.auto 0
2026-09-04T11:28:52.7481161Z ##[endgroup]
2026-09-04T11:28:52.7482277Z ##[group]Setting up auth
2026-09-04T11:28:52.7485282Z [command]/usr/bin/git config --local --name-only --get-regexp core\.sshCommand
2026-09-04T11:28:52.7535629Z [command]/usr/bin/git submodule foreach --recursive sh -c "git config --local --name-only --get-regexp 'core\.sshCommand' && git config --local --unset-all 'core.sshCommand' || :"
2026-09-04T11:28:52.7913141Z [command]/usr/bin/git config --local --name-only --get-regexp http\.https\:\/\/github\.com\/\.extraheader
2026-09-04T11:28:52.7954934Z [command]/usr/bin/git submodule foreach --recursive sh -c "git config --local --name-only --get-regexp 'http\.https\:\/\/github\.com\/\.extraheader' && git config --local --unset-all 'http.https://github.com/.extraheader' || :"
2026-09-04T11:28:52.8202582Z [command]/usr/bin/git config --local --name-only --get-regexp ^includeIf\.gitdir:
2026-09-04T11:28:52.8246299Z [command]/usr/bin/git submodule foreach --recursive git config --local --show-origin --name-only --get-regexp remote.origin.url
2026-09-04T11:28:52.8497021Z [command]/usr/bin/git config --local http.https://github.com/.extraheader AUTHORIZATION: basic ***
2026-09-04T11:28:52.8538938Z ##[endgroup]
2026-09-04T11:28:52.8540427Z ##[group]Fetching the repository
2026-09-04T11:28:52.8551032Z [command]/usr/bin/git -c protocol.version=2 fetch --no-tags --prune --no-recurse-submodules --depth=1 origin +0c2ddc82b3a248827557edda9affcd6927945898:refs/remotes/origin/feature/f3-test-failures
2026-09-04T11:28:53.2499809Z From https://github.com/DhruvHegde/log-generation
2026-09-04T11:28:53.2501625Z  * [new ref]         0c2ddc82b3a248827557edda9affcd6927945898 -> origin/feature/f3-test-failures
2026-09-04T11:28:53.2505612Z ##[endgroup]
2026-09-04T11:28:53.2507257Z ##[group]Determining the checkout info
2026-09-04T11:28:53.2509363Z ##[endgroup]
2026-09-04T11:28:53.2515121Z [command]/usr/bin/git sparse-checkout disable
2026-09-04T11:28:53.2567196Z [command]/usr/bin/git config --local --unset-all extensions.worktreeConfig
2026-09-04T11:28:53.2600456Z ##[group]Checking out the ref
2026-09-04T11:28:53.2605811Z [command]/usr/bin/git checkout --progress --force -B feature/f3-test-failures refs/remotes/origin/feature/f3-test-failures
2026-09-04T11:28:53.2685084Z Switched to a new branch 'feature/f3-test-failures'
2026-09-04T11:28:53.2691778Z branch 'feature/f3-test-failures' set up to track 'origin/feature/f3-test-failures'.
2026-09-04T11:28:53.2697406Z ##[endgroup]
2026-09-04T11:28:53.2737650Z [command]/usr/bin/git log -1 --format=%H
2026-09-04T11:28:53.2764554Z 0c2ddc82b3a248827557edda9affcd6927945898
2026-09-04T11:28:53.3036761Z Node 20 is being deprecated. This workflow is running with Node 24 by default. If you need to temporarily use Node 20, you can set the ACTIONS_ALLOW_USE_UNSECURE_NODE_VERSION=true environment variable. For more information see: https://github.blog/changelog/2025-09-19-deprecation-of-node-20-on-github-actions-runners/
2026-09-04T11:28:53.3040091Z ##[group]Run actions/setup-python@v5
2026-09-04T11:28:53.3040659Z with:
2026-09-04T11:28:53.3041153Z   python-version: 3.11
2026-09-04T11:28:53.3041688Z   check-latest: false
2026-09-04T11:28:53.3045704Z   token: ***
2026-09-04T11:28:53.3046215Z   update-environment: true
2026-09-04T11:28:53.3046732Z   allow-prereleases: false
2026-09-04T11:28:53.3047227Z   freethreaded: false
2026-09-04T11:28:53.3047982Z ##[endgroup]
2026-09-04T11:28:53.4383676Z ##[group]Installed versions
2026-09-04T11:28:53.5040595Z (node:2250) [DEP0040] DeprecationWarning: The `punycode` module is deprecated. Please use a userland alternative instead.
2026-09-04T11:28:53.5042644Z (Use `node --trace-deprecation ...` to show where the warning was created)
2026-09-04T11:28:53.5043681Z Successfully set up CPython (3.11.16)
2026-09-04T11:28:53.5045113Z ##[endgroup]
2026-09-04T11:28:53.5269483Z ##[group]Run pip install --no-cache-dir pytest
2026-09-04T11:28:53.5270281Z [36;1mpip install --no-cache-dir pytest[0m
2026-09-04T11:28:53.5388229Z shell: /usr/bin/bash -e {0}
2026-09-04T11:28:53.5388916Z env:
2026-09-04T11:28:53.5389509Z   pythonLocation: /opt/hostedtoolcache/Python/3.11.16/x64
2026-09-04T11:28:53.5390440Z   PKG_CONFIG_PATH: /opt/hostedtoolcache/Python/3.11.16/x64/lib/pkgconfig
2026-09-04T11:28:53.5391306Z   Python_ROOT_DIR: /opt/hostedtoolcache/Python/3.11.16/x64
2026-09-04T11:28:53.5392086Z   Python2_ROOT_DIR: /opt/hostedtoolcache/Python/3.11.16/x64
2026-09-04T11:28:53.5392915Z   Python3_ROOT_DIR: /opt/hostedtoolcache/Python/3.11.16/x64
2026-09-04T11:28:53.5393756Z   LD_LIBRARY_PATH: /opt/hostedtoolcache/Python/3.11.16/x64/lib
2026-09-04T11:28:53.5394424Z ##[endgroup]
2026-09-04T11:28:56.5871378Z Collecting pytest
2026-09-04T11:28:56.6332258Z   Downloading pytest-9.1.1-py3-none-any.whl.metadata (7.6 kB)
2026-09-04T11:28:56.6407810Z Collecting iniconfig>=1.0.1 (from pytest)
2026-09-04T11:28:56.6443210Z   Downloading iniconfig-2.3.0-py3-none-any.whl.metadata (2.5 kB)
2026-09-04T11:28:56.6535771Z Collecting packaging>=22 (from pytest)
2026-09-04T11:28:56.6567963Z   Downloading packaging-26.3-py3-none-any.whl.metadata (3.5 kB)
2026-09-04T11:28:56.6637021Z Collecting pluggy<2,>=1.5 (from pytest)
2026-09-04T11:28:56.6666822Z   Downloading pluggy-1.6.0-py3-none-any.whl.metadata (4.8 kB)
2026-09-04T11:28:56.6787807Z Collecting pygments>=2.7.2 (from pytest)
2026-09-04T11:28:56.6821951Z   Downloading pygments-2.21.0-py3-none-any.whl.metadata (2.5 kB)
2026-09-04T11:28:56.6878003Z Downloading pytest-9.1.1-py3-none-any.whl (386 kB)
2026-09-04T11:28:56.7064013Z Downloading pluggy-1.6.0-py3-none-any.whl (20 kB)
2026-09-04T11:28:56.7094518Z Downloading iniconfig-2.3.0-py3-none-any.whl (7.5 kB)
2026-09-04T11:28:56.7125260Z Downloading packaging-26.3-py3-none-any.whl (129 kB)
2026-09-04T11:28:56.7159928Z Downloading pygments-2.21.0-py3-none-any.whl (1.3 MB)
2026-09-04T11:28:56.7228044Z    ââââââââââââââââââââââââââââââââââââââââ 1.3/1.3 MB 307.2 MB/s  0:00:00
2026-09-04T11:28:56.9003157Z Installing collected packages: pygments, pluggy, packaging, iniconfig, pytest
2026-09-04T11:28:57.8519194Z 
2026-09-04T11:28:57.8529035Z Successfully installed iniconfig-2.3.0 packaging-26.3 pluggy-1.6.0 pygments-2.21.0 pytest-9.1.1
2026-09-04T11:28:57.9011413Z ##[group]Run python automation/inject_mutation.py --error-type "AttributeError"
2026-09-04T11:28:57.9012119Z [36;1mpython automation/inject_mutation.py --error-type "AttributeError"[0m
2026-09-04T11:28:57.9050717Z shell: /usr/bin/bash -e {0}
2026-09-04T11:28:57.9051030Z env:
2026-09-04T11:28:57.9051360Z   pythonLocation: /opt/hostedtoolcache/Python/3.11.16/x64
2026-09-04T11:28:57.9052053Z   PKG_CONFIG_PATH: /opt/hostedtoolcache/Python/3.11.16/x64/lib/pkgconfig
2026-09-04T11:28:57.9052551Z   Python_ROOT_DIR: /opt/hostedtoolcache/Python/3.11.16/x64
2026-09-04T11:28:57.9052987Z   Python2_ROOT_DIR: /opt/hostedtoolcache/Python/3.11.16/x64
2026-09-04T11:28:57.9053422Z   Python3_ROOT_DIR: /opt/hostedtoolcache/Python/3.11.16/x64
2026-09-04T11:28:57.9053860Z   LD_LIBRARY_PATH: /opt/hostedtoolcache/Python/3.11.16/x64/lib
2026-09-04T11:28:57.9054253Z ##[endgroup]
2026-09-04T11:28:57.9347753Z [Mutation Injected] Successfully injected AttributeError into tests/test_app.py
2026-09-04T11:28:57.9415784Z ##[group]Run pytest tests/test_app.py -v
2026-09-04T11:28:57.9416204Z [36;1mpytest tests/test_app.py -v[0m
2026-09-04T11:28:57.9450646Z shell: /usr/bin/bash -e {0}
2026-09-04T11:28:57.9450961Z env:
2026-09-04T11:28:57.9451293Z   pythonLocation: /opt/hostedtoolcache/Python/3.11.16/x64
2026-09-04T11:28:57.9451784Z   PKG_CONFIG_PATH: /opt/hostedtoolcache/Python/3.11.16/x64/lib/pkgconfig
2026-09-04T11:28:57.9452267Z   Python_ROOT_DIR: /opt/hostedtoolcache/Python/3.11.16/x64
2026-09-04T11:28:57.9452690Z   Python2_ROOT_DIR: /opt/hostedtoolcache/Python/3.11.16/x64
2026-09-04T11:28:57.9453111Z   Python3_ROOT_DIR: /opt/hostedtoolcache/Python/3.11.16/x64
2026-09-04T11:28:57.9453550Z   LD_LIBRARY_PATH: /opt/hostedtoolcache/Python/3.11.16/x64/lib
2026-09-04T11:28:57.9453918Z ##[endgroup]
2026-09-04T11:28:58.3751565Z ============================= test session starts ==============================
2026-09-04T11:28:58.3753038Z platform linux -- Python 3.11.16, pytest-9.1.1, pluggy-1.6.0 -- /opt/hostedtoolcache/Python/3.11.16/x64/bin/python
2026-09-04T11:28:58.3753743Z cachedir: .pytest_cache
2026-09-04T11:28:58.3754141Z rootdir: /home/runner/work/log-generation/log-generation
2026-09-04T11:28:58.3754574Z configfile: pytest.ini
2026-09-04T11:28:58.3838528Z collecting ... collected 6 items
2026-09-04T11:28:58.3838970Z 
2026-09-04T11:28:58.3847442Z tests/test_app.py::test_calculate_division PASSED                        [ 16%]
2026-09-04T11:28:58.3855039Z tests/test_app.py::test_convert_to_int PASSED                            [ 33%]
2026-09-04T11:28:58.3862526Z tests/test_app.py::test_get_list_item PASSED                             [ 50%]
2026-09-04T11:28:58.3869582Z tests/test_app.py::test_get_dict_value PASSED                            [ 66%]
2026-09-04T11:28:58.3876246Z tests/test_app.py::test_assert_positive PASSED                           [ 83%]
2026-09-04T11:28:58.4155991Z tests/test_app.py::test_attribute_error FAILED                           [100%]
2026-09-04T11:28:58.4156508Z 
2026-09-04T11:28:58.4156753Z =================================== FAILURES ===================================
2026-09-04T11:28:58.4157355Z _____________________________ test_attribute_error _____________________________
2026-09-04T11:28:58.4157947Z 
2026-09-04T11:28:58.4158103Z     def test_attribute_error():
2026-09-04T11:28:58.4158502Z         """Injected synthetic AttributeError."""
2026-09-04T11:28:58.4158995Z         from src.app import get_object_attribute
2026-09-04T11:28:58.4159435Z >       get_object_attribute(object())
2026-09-04T11:28:58.4159708Z 
2026-09-04T11:28:58.4159850Z tests/test_app.py:131: 
2026-09-04T11:28:58.4160268Z _ _ _ _ _ _ _ _ _ _ _ _ _ _ _ _ _ _ _ _ _ _ _ _ _ _ _ _ _ _ _ _ _ _ _ _ _ _ _ _ 
2026-09-04T11:28:58.4160630Z 
2026-09-04T11:28:58.4160791Z obj = <object object at 0x7f84ed385370>
2026-09-04T11:28:58.4161053Z 
2026-09-04T11:28:58.4161208Z     def get_object_attribute(obj):
2026-09-04T11:28:58.4161603Z >       return obj.non_existent_attribute
2026-09-04T11:28:58.4162016Z                ^^^^^^^^^^^^^^^^^^^^^^^^^^
2026-09-04T11:28:58.4162575Z E       AttributeError: 'object' object has no attribute 'non_existent_attribute'
2026-09-04T11:28:58.4163038Z 
2026-09-04T11:28:58.4163183Z src/app.py:14: AttributeError
2026-09-04T11:28:58.4163630Z =========================== short test summary info ============================
2026-09-04T11:28:58.4164558Z FAILED tests/test_app.py::test_attribute_error - AttributeError: 'object' object has no attribute 'non_existent_attribute'
2026-09-04T11:28:58.4165843Z ========================= 1 failed, 5 passed in 0.03s ==========================
2026-09-04T11:28:58.4341410Z ##[error]Process completed with exit code 1.
2026-09-04T11:28:58.4483747Z Node 20 is being deprecated. This workflow is running with Node 24 by default. If you need to temporarily use Node 20, you can set the ACTIONS_ALLOW_USE_UNSECURE_NODE_VERSION=true environment variable. For more information see: https://github.blog/changelog/2025-09-19-deprecation-of-node-20-on-github-actions-runners/
2026-09-04T11:28:58.4485013Z Post job cleanup.
2026-09-04T11:28:58.5361623Z [command]/usr/bin/git version
2026-09-04T11:28:58.5405769Z git version 2.55.0
2026-09-04T11:28:58.5450466Z Temporarily overriding HOME='/home/runner/work/_temp/b4486695-ed9b-4d42-8e50-75a096779cab' before making global git config changes
2026-09-04T11:28:58.5451883Z Adding repository directory to the temporary git global config as a safe directory
2026-09-04T11:28:58.5456893Z [command]/usr/bin/git config --global --add safe.directory /home/runner/work/log-generation/log-generation
2026-09-04T11:28:58.5500964Z [command]/usr/bin/git config --local --name-only --get-regexp core\.sshCommand
2026-09-04T11:28:58.5543890Z [command]/usr/bin/git submodule foreach --recursive sh -c "git config --local --name-only --get-regexp 'core\.sshCommand' && git config --local --unset-all 'core.sshCommand' || :"
2026-09-04T11:28:58.5856867Z [command]/usr/bin/git config --local --name-only --get-regexp http\.https\:\/\/github\.com\/\.extraheader
2026-09-04T11:28:58.5889310Z http.https://github.com/.extraheader
2026-09-04T11:28:58.5910336Z [command]/usr/bin/git config --local --unset-all http.https://github.com/.extraheader
2026-09-04T11:28:58.5958751Z [command]/usr/bin/git submodule foreach --recursive sh -c "git config --local --name-only --get-regexp 'http\.https\:\/\/github\.com\/\.extraheader' && git config --local --unset-all 'http.https://github.com/.extraheader' || :"
2026-09-04T11:28:58.6290531Z [command]/usr/bin/git config --local --name-only --get-regexp ^includeIf\.gitdir:
2026-09-04T11:28:58.6329692Z [command]/usr/bin/git submodule foreach --recursive git config --local --show-origin --name-only --get-regexp remote.origin.url
2026-09-04T11:28:58.6839694Z Cleaning up orphan processes
2026-09-04T11:28:58.7131220Z ##[warning]Node.js 20 is deprecated. The following actions target Node.js 20 but are being forced to run on Node.js 24: actions/checkout@v4, actions/setup-python@v5. For more information see: https://github.blog/changelog/2025-09-19-deprecation-of-node-20-on-github-actions-runners/
