ï»¿2026-09-04T11:16:27.7468822Z Current runner version: '2.337.0'
2026-09-04T11:16:27.7498250Z ##[group]Runner Image Provisioner
2026-09-04T11:16:27.7499317Z Hosted Compute Agent
2026-09-04T11:16:27.7500005Z Version: 20260828.587
2026-09-04T11:16:27.7500909Z Commit: abac92662cab4cc7352de4f9f9d2e2419aad9c29
2026-09-04T11:16:27.7501804Z Build Date: 2026-08-28T16:44:25Z
2026-09-04T11:16:27.7502693Z Worker ID: {4e3d0084-2891-47dd-8577-924907b69eab}
2026-09-04T11:16:27.7503795Z Azure Region: westcentralus
2026-09-04T11:16:27.7504536Z ##[endgroup]
2026-09-04T11:16:27.7506725Z ##[group]Operating System
2026-09-04T11:16:27.7507526Z Ubuntu
2026-09-04T11:16:27.7508276Z 24.04.4
2026-09-04T11:16:27.7508927Z LTS
2026-09-04T11:16:27.7509491Z ##[endgroup]
2026-09-04T11:16:27.7510743Z ##[group]Runner Image
2026-09-04T11:16:27.7511499Z Image: ubuntu-24.04
2026-09-04T11:16:27.7512277Z Version: 20260831.293.1
2026-09-04T11:16:27.7514068Z Included Software: https://github.com/actions/runner-images/blob/ubuntu24/20260831.293/images/ubuntu/Ubuntu2404-Readme.md
2026-09-04T11:16:27.7516079Z Image Release: https://github.com/actions/runner-images/releases/tag/ubuntu24%2F20260831.293
2026-09-04T11:16:27.7517276Z ##[endgroup]
2026-09-04T11:16:27.7518830Z ##[group]GITHUB_TOKEN Permissions
2026-09-04T11:16:27.7521179Z Contents: read
2026-09-04T11:16:27.7521939Z Metadata: read
2026-09-04T11:16:27.7522643Z Packages: read
2026-09-04T11:16:27.7523500Z ##[endgroup]
2026-09-04T11:16:27.7526010Z Secret source: Actions
2026-09-04T11:16:27.7527595Z Prepare workflow directory
2026-09-04T11:16:27.7912292Z Prepare all required actions
2026-09-04T11:16:27.7968666Z Getting action download info
2026-09-04T11:16:28.0618602Z Download action repository 'actions/checkout@v4' (SHA:11d5960a326750d5838078e36cf38b85af677262)
2026-09-04T11:16:28.5020903Z Download action repository 'actions/setup-python@v5' (SHA:a26af69be951a213d495a4c3e4e4022e16d87065)
2026-09-04T11:16:29.1298249Z Complete job name: test-f3 (TypeError #128)
2026-09-04T11:16:29.2021290Z Node 20 is being deprecated. This workflow is running with Node 24 by default. If you need to temporarily use Node 20, you can set the ACTIONS_ALLOW_USE_UNSECURE_NODE_VERSION=true environment variable. For more information see: https://github.blog/changelog/2025-09-19-deprecation-of-node-20-on-github-actions-runners/
2026-09-04T11:16:29.2030496Z ##[group]Run actions/checkout@v4
2026-09-04T11:16:29.2031424Z with:
2026-09-04T11:16:29.2032020Z   fetch-depth: 1
2026-09-04T11:16:29.2032720Z   repository: DhruvHegde/log-generation
2026-09-04T11:16:29.2040398Z   token: ***
2026-09-04T11:16:29.2041024Z   ssh-strict: true
2026-09-04T11:16:29.2041658Z   ssh-user: git
2026-09-04T11:16:29.2042300Z   persist-credentials: true
2026-09-04T11:16:29.2043116Z   clean: true
2026-09-04T11:16:29.2043774Z   sparse-checkout-cone-mode: true
2026-09-04T11:16:29.2044562Z   fetch-tags: false
2026-09-04T11:16:29.2045220Z   show-progress: true
2026-09-04T11:16:29.2045893Z   lfs: false
2026-09-04T11:16:29.2046557Z   submodules: false
2026-09-04T11:16:29.2047219Z   set-safe-directory: true
2026-09-04T11:16:29.2047994Z   allow-unsafe-pr-checkout: false
2026-09-04T11:16:29.2048972Z ##[endgroup]
2026-09-04T11:16:29.2905461Z Syncing repository: DhruvHegde/log-generation
2026-09-04T11:16:29.2908401Z ##[group]Getting Git version info
2026-09-04T11:16:29.2910082Z Working directory is '/home/runner/work/log-generation/log-generation'
2026-09-04T11:16:29.2912513Z [command]/usr/bin/git version
2026-09-04T11:16:29.3171867Z git version 2.55.0
2026-09-04T11:16:29.3203746Z ##[endgroup]
2026-09-04T11:16:29.3216821Z Temporarily overriding HOME='/home/runner/work/_temp/765266a0-80ab-4961-8f29-a904aef03b43' before making global git config changes
2026-09-04T11:16:29.3220217Z Adding repository directory to the temporary git global config as a safe directory
2026-09-04T11:16:29.3223181Z [command]/usr/bin/git config --global --add safe.directory /home/runner/work/log-generation/log-generation
2026-09-04T11:16:29.3267625Z Deleting the contents of '/home/runner/work/log-generation/log-generation'
2026-09-04T11:16:29.3276384Z ##[group]Initializing the repository
2026-09-04T11:16:29.3295150Z [command]/usr/bin/git init /home/runner/work/log-generation/log-generation
2026-09-04T11:16:29.3499926Z hint: Using 'master' as the name for the initial branch. This default branch name
2026-09-04T11:16:29.3502350Z hint: will change to "main" in Git 3.0. To configure the initial branch name
2026-09-04T11:16:29.3504842Z hint: to use in all of your new repositories, which will suppress this warning,
2026-09-04T11:16:29.3506597Z hint: call:
2026-09-04T11:16:29.3507443Z hint:
2026-09-04T11:16:29.3508551Z hint: 	git config --global init.defaultBranch <name>
2026-09-04T11:16:29.3509918Z hint:
2026-09-04T11:16:29.3511222Z hint: Names commonly chosen instead of 'master' are 'main', 'trunk' and
2026-09-04T11:16:29.3513519Z hint: 'development'. The just-created branch can be renamed via this command:
2026-09-04T11:16:29.3515271Z hint:
2026-09-04T11:16:29.3516207Z hint: 	git branch -m <name>
2026-09-04T11:16:29.3517231Z hint:
2026-09-04T11:16:29.3518649Z hint: Disable this message with "git config set advice.defaultBranchName false"
2026-09-04T11:16:29.3521417Z Initialized empty Git repository in /home/runner/work/log-generation/log-generation/.git/
2026-09-04T11:16:29.3525721Z [command]/usr/bin/git remote add origin https://github.com/DhruvHegde/log-generation
2026-09-04T11:16:29.3608327Z ##[endgroup]
2026-09-04T11:16:29.3609986Z ##[group]Disabling automatic garbage collection
2026-09-04T11:16:29.3611365Z [command]/usr/bin/git config --local gc.auto 0
2026-09-04T11:16:29.3692128Z ##[endgroup]
2026-09-04T11:16:29.3693350Z ##[group]Setting up auth
2026-09-04T11:16:29.3698765Z [command]/usr/bin/git config --local --name-only --get-regexp core\.sshCommand
2026-09-04T11:16:29.3730416Z [command]/usr/bin/git submodule foreach --recursive sh -c "git config --local --name-only --get-regexp 'core\.sshCommand' && git config --local --unset-all 'core.sshCommand' || :"
2026-09-04T11:16:29.4039232Z [command]/usr/bin/git config --local --name-only --get-regexp http\.https\:\/\/github\.com\/\.extraheader
2026-09-04T11:16:29.4071949Z [command]/usr/bin/git submodule foreach --recursive sh -c "git config --local --name-only --get-regexp 'http\.https\:\/\/github\.com\/\.extraheader' && git config --local --unset-all 'http.https://github.com/.extraheader' || :"
2026-09-04T11:16:29.4269143Z [command]/usr/bin/git config --local --name-only --get-regexp ^includeIf\.gitdir:
2026-09-04T11:16:29.4302436Z [command]/usr/bin/git submodule foreach --recursive git config --local --show-origin --name-only --get-regexp remote.origin.url
2026-09-04T11:16:29.4495455Z [command]/usr/bin/git config --local http.https://github.com/.extraheader AUTHORIZATION: basic ***
2026-09-04T11:16:29.4792804Z ##[endgroup]
2026-09-04T11:16:29.4794817Z ##[group]Fetching the repository
2026-09-04T11:16:29.4798252Z [command]/usr/bin/git -c protocol.version=2 fetch --no-tags --prune --no-recurse-submodules --depth=1 origin +55701f2ee203be18f432be2dca839cc73b92fb5e:refs/remotes/origin/feature/f3-test-failures
2026-09-04T11:16:30.0847032Z From https://github.com/DhruvHegde/log-generation
2026-09-04T11:16:30.0848552Z  * [new ref]         55701f2ee203be18f432be2dca839cc73b92fb5e -> origin/feature/f3-test-failures
2026-09-04T11:16:30.0851478Z ##[endgroup]
2026-09-04T11:16:30.0852564Z ##[group]Determining the checkout info
2026-09-04T11:16:30.0853986Z ##[endgroup]
2026-09-04T11:16:30.0857350Z [command]/usr/bin/git sparse-checkout disable
2026-09-04T11:16:30.0986024Z [command]/usr/bin/git config --local --unset-all extensions.worktreeConfig
2026-09-04T11:16:30.1077493Z ##[group]Checking out the ref
2026-09-04T11:16:30.1080928Z [command]/usr/bin/git checkout --progress --force -B feature/f3-test-failures refs/remotes/origin/feature/f3-test-failures
2026-09-04T11:16:30.1177900Z Switched to a new branch 'feature/f3-test-failures'
2026-09-04T11:16:30.1184622Z branch 'feature/f3-test-failures' set up to track 'origin/feature/f3-test-failures'.
2026-09-04T11:16:30.1189895Z ##[endgroup]
2026-09-04T11:16:30.1228314Z [command]/usr/bin/git log -1 --format=%H
2026-09-04T11:16:30.1251287Z 55701f2ee203be18f432be2dca839cc73b92fb5e
2026-09-04T11:16:30.1517885Z Node 20 is being deprecated. This workflow is running with Node 24 by default. If you need to temporarily use Node 20, you can set the ACTIONS_ALLOW_USE_UNSECURE_NODE_VERSION=true environment variable. For more information see: https://github.blog/changelog/2025-09-19-deprecation-of-node-20-on-github-actions-runners/
2026-09-04T11:16:30.1521662Z ##[group]Run actions/setup-python@v5
2026-09-04T11:16:30.1522392Z with:
2026-09-04T11:16:30.1523135Z   python-version: 3.11
2026-09-04T11:16:30.1523838Z   check-latest: false
2026-09-04T11:16:30.1530483Z   token: ***
2026-09-04T11:16:30.1531070Z   update-environment: true
2026-09-04T11:16:30.1531754Z   allow-prereleases: false
2026-09-04T11:16:30.1532427Z   freethreaded: false
2026-09-04T11:16:30.1533190Z ##[endgroup]
2026-09-04T11:16:30.2615615Z ##[group]Installed versions
2026-09-04T11:16:30.2696479Z (node:2023) [DEP0040] DeprecationWarning: The `punycode` module is deprecated. Please use a userland alternative instead.
2026-09-04T11:16:30.2699352Z (Use `node --trace-deprecation ...` to show where the warning was created)
2026-09-04T11:16:30.2700953Z Successfully set up CPython (3.11.16)
2026-09-04T11:16:30.2702615Z ##[endgroup]
2026-09-04T11:16:30.2875250Z ##[group]Run pip install --no-cache-dir pytest
2026-09-04T11:16:30.2876283Z [36;1mpip install --no-cache-dir pytest[0m
2026-09-04T11:16:30.2937168Z shell: /usr/bin/bash -e {0}
2026-09-04T11:16:30.2938965Z env:
2026-09-04T11:16:30.2940462Z   pythonLocation: /opt/hostedtoolcache/Python/3.11.16/x64
2026-09-04T11:16:30.2942366Z   PKG_CONFIG_PATH: /opt/hostedtoolcache/Python/3.11.16/x64/lib/pkgconfig
2026-09-04T11:16:30.2944287Z   Python_ROOT_DIR: /opt/hostedtoolcache/Python/3.11.16/x64
2026-09-04T11:16:30.2945970Z   Python2_ROOT_DIR: /opt/hostedtoolcache/Python/3.11.16/x64
2026-09-04T11:16:30.2947988Z   Python3_ROOT_DIR: /opt/hostedtoolcache/Python/3.11.16/x64
2026-09-04T11:16:30.3022582Z   LD_LIBRARY_PATH: /opt/hostedtoolcache/Python/3.11.16/x64/lib
2026-09-04T11:16:30.3024124Z ##[endgroup]
2026-09-04T11:16:31.1112752Z Collecting pytest
2026-09-04T11:16:31.1970873Z   Downloading pytest-9.1.1-py3-none-any.whl.metadata (7.6 kB)
2026-09-04T11:16:31.2197265Z Collecting iniconfig>=1.0.1 (from pytest)
2026-09-04T11:16:31.2383183Z   Downloading iniconfig-2.3.0-py3-none-any.whl.metadata (2.5 kB)
2026-09-04T11:16:31.2627843Z Collecting packaging>=22 (from pytest)
2026-09-04T11:16:31.2815237Z   Downloading packaging-26.3-py3-none-any.whl.metadata (3.5 kB)
2026-09-04T11:16:31.3037769Z Collecting pluggy<2,>=1.5 (from pytest)
2026-09-04T11:16:31.3223045Z   Downloading pluggy-1.6.0-py3-none-any.whl.metadata (4.8 kB)
2026-09-04T11:16:31.3492558Z Collecting pygments>=2.7.2 (from pytest)
2026-09-04T11:16:31.3678199Z   Downloading pygments-2.21.0-py3-none-any.whl.metadata (2.5 kB)
2026-09-04T11:16:31.3886253Z Downloading pytest-9.1.1-py3-none-any.whl (386 kB)
2026-09-04T11:16:31.4740328Z Downloading pluggy-1.6.0-py3-none-any.whl (20 kB)
2026-09-04T11:16:31.4926751Z Downloading iniconfig-2.3.0-py3-none-any.whl (7.5 kB)
2026-09-04T11:16:31.5110607Z Downloading packaging-26.3-py3-none-any.whl (129 kB)
2026-09-04T11:16:31.5314343Z Downloading pygments-2.21.0-py3-none-any.whl (1.3 MB)
2026-09-04T11:16:31.5734116Z    ââââââââââââââââââââââââââââââââââââââââ 1.3/1.3 MB 28.7 MB/s  0:00:00
2026-09-04T11:16:31.6265225Z Installing collected packages: pygments, pluggy, packaging, iniconfig, pytest
2026-09-04T11:16:32.4394512Z 
2026-09-04T11:16:32.4402536Z Successfully installed iniconfig-2.3.0 packaging-26.3 pluggy-1.6.0 pygments-2.21.0 pytest-9.1.1
2026-09-04T11:16:32.4885418Z ##[group]Run python automation/inject_mutation.py --error-type "TypeError"
2026-09-04T11:16:32.4885912Z [36;1mpython automation/inject_mutation.py --error-type "TypeError"[0m
2026-09-04T11:16:32.4919231Z shell: /usr/bin/bash -e {0}
2026-09-04T11:16:32.4919440Z env:
2026-09-04T11:16:32.4919669Z   pythonLocation: /opt/hostedtoolcache/Python/3.11.16/x64
2026-09-04T11:16:32.4920207Z   PKG_CONFIG_PATH: /opt/hostedtoolcache/Python/3.11.16/x64/lib/pkgconfig
2026-09-04T11:16:32.4920542Z   Python_ROOT_DIR: /opt/hostedtoolcache/Python/3.11.16/x64
2026-09-04T11:16:32.4920837Z   Python2_ROOT_DIR: /opt/hostedtoolcache/Python/3.11.16/x64
2026-09-04T11:16:32.4921143Z   Python3_ROOT_DIR: /opt/hostedtoolcache/Python/3.11.16/x64
2026-09-04T11:16:32.4921446Z   LD_LIBRARY_PATH: /opt/hostedtoolcache/Python/3.11.16/x64/lib
2026-09-04T11:16:32.4921742Z ##[endgroup]
2026-09-04T11:16:32.5176582Z [Mutation Injected] Successfully injected TypeError into tests/test_app.py
2026-09-04T11:16:32.5235894Z ##[group]Run pytest tests/test_app.py -v
2026-09-04T11:16:32.5236179Z [36;1mpytest tests/test_app.py -v[0m
2026-09-04T11:16:32.5268018Z shell: /usr/bin/bash -e {0}
2026-09-04T11:16:32.5268228Z env:
2026-09-04T11:16:32.5268454Z   pythonLocation: /opt/hostedtoolcache/Python/3.11.16/x64
2026-09-04T11:16:32.5268802Z   PKG_CONFIG_PATH: /opt/hostedtoolcache/Python/3.11.16/x64/lib/pkgconfig
2026-09-04T11:16:32.5269155Z   Python_ROOT_DIR: /opt/hostedtoolcache/Python/3.11.16/x64
2026-09-04T11:16:32.5269450Z   Python2_ROOT_DIR: /opt/hostedtoolcache/Python/3.11.16/x64
2026-09-04T11:16:32.5269747Z   Python3_ROOT_DIR: /opt/hostedtoolcache/Python/3.11.16/x64
2026-09-04T11:16:32.5270048Z   LD_LIBRARY_PATH: /opt/hostedtoolcache/Python/3.11.16/x64/lib
2026-09-04T11:16:32.5270304Z ##[endgroup]
2026-09-04T11:16:32.7058149Z ============================= test session starts ==============================
2026-09-04T11:16:32.7059264Z platform linux -- Python 3.11.16, pytest-9.1.1, pluggy-1.6.0 -- /opt/hostedtoolcache/Python/3.11.16/x64/bin/python
2026-09-04T11:16:32.7059939Z cachedir: .pytest_cache
2026-09-04T11:16:32.7060336Z rootdir: /home/runner/work/log-generation/log-generation
2026-09-04T11:16:32.7060759Z configfile: pytest.ini
2026-09-04T11:16:32.7121079Z collecting ... collected 6 items
2026-09-04T11:16:32.7121381Z 
2026-09-04T11:16:32.7127619Z tests/test_app.py::test_calculate_division PASSED                        [ 16%]
2026-09-04T11:16:32.7132798Z tests/test_app.py::test_convert_to_int PASSED                            [ 33%]
2026-09-04T11:16:32.7138092Z tests/test_app.py::test_get_list_item PASSED                             [ 50%]
2026-09-04T11:16:32.7143081Z tests/test_app.py::test_get_dict_value PASSED                            [ 66%]
2026-09-04T11:16:32.7147871Z tests/test_app.py::test_assert_positive PASSED                           [ 83%]
2026-09-04T11:16:32.7378918Z tests/test_app.py::test_type_error FAILED                                [100%]
2026-09-04T11:16:32.7379346Z 
2026-09-04T11:16:32.7379547Z =================================== FAILURES ===================================
2026-09-04T11:16:32.7380059Z _______________________________ test_type_error ________________________________
2026-09-04T11:16:32.7380394Z 
2026-09-04T11:16:32.7380516Z     def test_type_error():
2026-09-04T11:16:32.7380815Z         """Injected synthetic TypeError."""
2026-09-04T11:16:32.7381203Z         from src.app import calculate_division
2026-09-04T11:16:32.7381640Z >       calculate_division("invalid_string", 5)
2026-09-04T11:16:32.7381922Z 
2026-09-04T11:16:32.7382046Z tests/test_app.py:129: 
2026-09-04T11:16:32.7382408Z _ _ _ _ _ _ _ _ _ _ _ _ _ _ _ _ _ _ _ _ _ _ _ _ _ _ _ _ _ _ _ _ _ _ _ _ _ _ _ _ 
2026-09-04T11:16:32.7382729Z 
2026-09-04T11:16:32.7383049Z a = 'invalid_string', b = 5
2026-09-04T11:16:32.7383300Z 
2026-09-04T11:16:32.7383446Z     def calculate_division(a, b):
2026-09-04T11:16:32.7383762Z >       return a / b
2026-09-04T11:16:32.7384029Z                ^^^^^
2026-09-04T11:16:32.7384413Z E       TypeError: unsupported operand type(s) for /: 'str' and 'int'
2026-09-04T11:16:32.7384752Z 
2026-09-04T11:16:32.7384870Z src/app.py:2: TypeError
2026-09-04T11:16:32.7385233Z =========================== short test summary info ============================
2026-09-04T11:16:32.7385944Z FAILED tests/test_app.py::test_type_error - TypeError: unsupported operand type(s) for /: 'str' and 'int'
2026-09-04T11:16:32.7386894Z ========================= 1 failed, 5 passed in 0.02s ==========================
2026-09-04T11:16:32.7553356Z ##[error]Process completed with exit code 1.
2026-09-04T11:16:32.7670430Z Node 20 is being deprecated. This workflow is running with Node 24 by default. If you need to temporarily use Node 20, you can set the ACTIONS_ALLOW_USE_UNSECURE_NODE_VERSION=true environment variable. For more information see: https://github.blog/changelog/2025-09-19-deprecation-of-node-20-on-github-actions-runners/
2026-09-04T11:16:32.7671353Z Post job cleanup.
2026-09-04T11:16:32.8337185Z [command]/usr/bin/git version
2026-09-04T11:16:32.8372834Z git version 2.55.0
2026-09-04T11:16:32.8400904Z Temporarily overriding HOME='/home/runner/work/_temp/872bcd44-6392-4065-bc23-826125ad06fa' before making global git config changes
2026-09-04T11:16:32.8401905Z Adding repository directory to the temporary git global config as a safe directory
2026-09-04T11:16:32.8405437Z [command]/usr/bin/git config --global --add safe.directory /home/runner/work/log-generation/log-generation
2026-09-04T11:16:32.8440290Z [command]/usr/bin/git config --local --name-only --get-regexp core\.sshCommand
2026-09-04T11:16:32.8470432Z [command]/usr/bin/git submodule foreach --recursive sh -c "git config --local --name-only --get-regexp 'core\.sshCommand' && git config --local --unset-all 'core.sshCommand' || :"
2026-09-04T11:16:32.8680435Z [command]/usr/bin/git config --local --name-only --get-regexp http\.https\:\/\/github\.com\/\.extraheader
2026-09-04T11:16:32.8707133Z http.https://github.com/.extraheader
2026-09-04T11:16:32.8716459Z [command]/usr/bin/git config --local --unset-all http.https://github.com/.extraheader
2026-09-04T11:16:32.8752059Z [command]/usr/bin/git submodule foreach --recursive sh -c "git config --local --name-only --get-regexp 'http\.https\:\/\/github\.com\/\.extraheader' && git config --local --unset-all 'http.https://github.com/.extraheader' || :"
2026-09-04T11:16:32.8992479Z [command]/usr/bin/git config --local --name-only --get-regexp ^includeIf\.gitdir:
2026-09-04T11:16:32.9033883Z [command]/usr/bin/git submodule foreach --recursive git config --local --show-origin --name-only --get-regexp remote.origin.url
2026-09-04T11:16:32.9394437Z Cleaning up orphan processes
2026-09-04T11:16:32.9615213Z ##[warning]Node.js 20 is deprecated. The following actions target Node.js 20 but are being forced to run on Node.js 24: actions/checkout@v4, actions/setup-python@v5. For more information see: https://github.blog/changelog/2025-09-19-deprecation-of-node-20-on-github-actions-runners/
