ï»¿2026-09-04T11:29:57.0060980Z Current runner version: '2.337.0'
2026-09-04T11:29:57.0097921Z ##[group]Runner Image Provisioner
2026-09-04T11:29:57.0099419Z Hosted Compute Agent
2026-09-04T11:29:57.0100429Z Version: 20260828.587
2026-09-04T11:29:57.0101429Z Commit: abac92662cab4cc7352de4f9f9d2e2419aad9c29
2026-09-04T11:29:57.0102613Z Build Date: 2026-08-28T16:44:25Z
2026-09-04T11:29:57.0103698Z Worker ID: {9d430b29-a97c-4d93-be67-91380493c4bc}
2026-09-04T11:29:57.0104767Z Azure Region: eastus2
2026-09-04T11:29:57.0105738Z ##[endgroup]
2026-09-04T11:29:57.0108355Z ##[group]Operating System
2026-09-04T11:29:57.0110074Z Ubuntu
2026-09-04T11:29:57.0110907Z 24.04.4
2026-09-04T11:29:57.0111783Z LTS
2026-09-04T11:29:57.0112582Z ##[endgroup]
2026-09-04T11:29:57.0113504Z ##[group]Runner Image
2026-09-04T11:29:57.0114517Z Image: ubuntu-24.04
2026-09-04T11:29:57.0115410Z Version: 20260831.293.1
2026-09-04T11:29:57.0117467Z Included Software: https://github.com/actions/runner-images/blob/ubuntu24/20260831.293/images/ubuntu/Ubuntu2404-Readme.md
2026-09-04T11:29:57.0120299Z Image Release: https://github.com/actions/runner-images/releases/tag/ubuntu24%2F20260831.293
2026-09-04T11:29:57.0121902Z ##[endgroup]
2026-09-04T11:29:57.0123819Z ##[group]GITHUB_TOKEN Permissions
2026-09-04T11:29:57.0126899Z Contents: read
2026-09-04T11:29:57.0127794Z Metadata: read
2026-09-04T11:29:57.0128747Z Packages: read
2026-09-04T11:29:57.0129951Z ##[endgroup]
2026-09-04T11:29:57.0134032Z Secret source: Actions
2026-09-04T11:29:57.0136287Z Prepare workflow directory
2026-09-04T11:29:57.0623307Z Prepare all required actions
2026-09-04T11:29:57.0695861Z Getting action download info
2026-09-04T11:29:57.2572261Z Download action repository 'actions/checkout@v4' (SHA:11d5960a326750d5838078e36cf38b85af677262)
2026-09-04T11:29:57.3615334Z Download action repository 'actions/setup-python@v5' (SHA:a26af69be951a213d495a4c3e4e4022e16d87065)
2026-09-04T11:29:57.5622157Z Complete job name: test-f3 (ZeroDivisionError #166)
2026-09-04T11:29:57.6426960Z Node 20 is being deprecated. This workflow is running with Node 24 by default. If you need to temporarily use Node 20, you can set the ACTIONS_ALLOW_USE_UNSECURE_NODE_VERSION=true environment variable. For more information see: https://github.blog/changelog/2025-09-19-deprecation-of-node-20-on-github-actions-runners/
2026-09-04T11:29:57.6435938Z ##[group]Run actions/checkout@v4
2026-09-04T11:29:57.6436657Z with:
2026-09-04T11:29:57.6437088Z   fetch-depth: 1
2026-09-04T11:29:57.6437569Z   repository: DhruvHegde/log-generation
2026-09-04T11:29:57.6441836Z   token: ***
2026-09-04T11:29:57.6442282Z   ssh-strict: true
2026-09-04T11:29:57.6442732Z   ssh-user: git
2026-09-04T11:29:57.6443184Z   persist-credentials: true
2026-09-04T11:29:57.6443684Z   clean: true
2026-09-04T11:29:57.6444137Z   sparse-checkout-cone-mode: true
2026-09-04T11:29:57.6444661Z   fetch-tags: false
2026-09-04T11:29:57.6445115Z   show-progress: true
2026-09-04T11:29:57.6445579Z   lfs: false
2026-09-04T11:29:57.6446101Z   submodules: false
2026-09-04T11:29:57.6446571Z   set-safe-directory: true
2026-09-04T11:29:57.6447133Z   allow-unsafe-pr-checkout: false
2026-09-04T11:29:57.6447908Z ##[endgroup]
2026-09-04T11:29:57.7552864Z Syncing repository: DhruvHegde/log-generation
2026-09-04T11:29:57.7555260Z ##[group]Getting Git version info
2026-09-04T11:29:57.7556223Z Working directory is '/home/runner/work/log-generation/log-generation'
2026-09-04T11:29:57.7557618Z [command]/usr/bin/git version
2026-09-04T11:29:57.7590685Z git version 2.55.0
2026-09-04T11:29:57.7614170Z ##[endgroup]
2026-09-04T11:29:57.7632257Z Temporarily overriding HOME='/home/runner/work/_temp/d7191b70-3c8f-484f-a10d-5a7ae0231400' before making global git config changes
2026-09-04T11:29:57.7634368Z Adding repository directory to the temporary git global config as a safe directory
2026-09-04T11:29:57.7638026Z [command]/usr/bin/git config --global --add safe.directory /home/runner/work/log-generation/log-generation
2026-09-04T11:29:57.7693662Z Deleting the contents of '/home/runner/work/log-generation/log-generation'
2026-09-04T11:29:57.7699860Z ##[group]Initializing the repository
2026-09-04T11:29:57.7705503Z [command]/usr/bin/git init /home/runner/work/log-generation/log-generation
2026-09-04T11:29:57.7791105Z hint: Using 'master' as the name for the initial branch. This default branch name
2026-09-04T11:29:57.7793144Z hint: will change to "main" in Git 3.0. To configure the initial branch name
2026-09-04T11:29:57.7794891Z hint: to use in all of your new repositories, which will suppress this warning,
2026-09-04T11:29:57.7796217Z hint: call:
2026-09-04T11:29:57.7796854Z hint:
2026-09-04T11:29:57.7797534Z hint: 	git config --global init.defaultBranch <name>
2026-09-04T11:29:57.7798320Z hint:
2026-09-04T11:29:57.7799425Z hint: Names commonly chosen instead of 'master' are 'main', 'trunk' and
2026-09-04T11:29:57.7801085Z hint: 'development'. The just-created branch can be renamed via this command:
2026-09-04T11:29:57.7802341Z hint:
2026-09-04T11:29:57.7804168Z hint: 	git branch -m <name>
2026-09-04T11:29:57.7805229Z hint:
2026-09-04T11:29:57.7806295Z hint: Disable this message with "git config set advice.defaultBranchName false"
2026-09-04T11:29:57.7807485Z Initialized empty Git repository in /home/runner/work/log-generation/log-generation/.git/
2026-09-04T11:29:57.7809736Z [command]/usr/bin/git remote add origin https://github.com/DhruvHegde/log-generation
2026-09-04T11:29:57.7855233Z ##[endgroup]
2026-09-04T11:29:57.7856047Z ##[group]Disabling automatic garbage collection
2026-09-04T11:29:57.7860393Z [command]/usr/bin/git config --local gc.auto 0
2026-09-04T11:29:57.7897701Z ##[endgroup]
2026-09-04T11:29:57.7898669Z ##[group]Setting up auth
2026-09-04T11:29:57.7907184Z [command]/usr/bin/git config --local --name-only --get-regexp core\.sshCommand
2026-09-04T11:29:57.7948587Z [command]/usr/bin/git submodule foreach --recursive sh -c "git config --local --name-only --get-regexp 'core\.sshCommand' && git config --local --unset-all 'core.sshCommand' || :"
2026-09-04T11:29:57.8341295Z [command]/usr/bin/git config --local --name-only --get-regexp http\.https\:\/\/github\.com\/\.extraheader
2026-09-04T11:29:57.8373065Z [command]/usr/bin/git submodule foreach --recursive sh -c "git config --local --name-only --get-regexp 'http\.https\:\/\/github\.com\/\.extraheader' && git config --local --unset-all 'http.https://github.com/.extraheader' || :"
2026-09-04T11:29:57.8660885Z [command]/usr/bin/git config --local --name-only --get-regexp ^includeIf\.gitdir:
2026-09-04T11:29:57.8705611Z [command]/usr/bin/git submodule foreach --recursive git config --local --show-origin --name-only --get-regexp remote.origin.url
2026-09-04T11:29:57.8962636Z [command]/usr/bin/git config --local http.https://github.com/.extraheader AUTHORIZATION: basic ***
2026-09-04T11:29:57.9007532Z ##[endgroup]
2026-09-04T11:29:57.9008391Z ##[group]Fetching the repository
2026-09-04T11:29:57.9018272Z [command]/usr/bin/git -c protocol.version=2 fetch --no-tags --prune --no-recurse-submodules --depth=1 origin +0c2ddc82b3a248827557edda9affcd6927945898:refs/remotes/origin/feature/f3-test-failures
2026-09-04T11:29:58.1672358Z From https://github.com/DhruvHegde/log-generation
2026-09-04T11:29:58.1674270Z  * [new ref]         0c2ddc82b3a248827557edda9affcd6927945898 -> origin/feature/f3-test-failures
2026-09-04T11:29:58.1677809Z ##[endgroup]
2026-09-04T11:29:58.1679548Z ##[group]Determining the checkout info
2026-09-04T11:29:58.1681247Z ##[endgroup]
2026-09-04T11:29:58.1687466Z [command]/usr/bin/git sparse-checkout disable
2026-09-04T11:29:58.1742712Z [command]/usr/bin/git config --local --unset-all extensions.worktreeConfig
2026-09-04T11:29:58.1782106Z ##[group]Checking out the ref
2026-09-04T11:29:58.1790063Z [command]/usr/bin/git checkout --progress --force -B feature/f3-test-failures refs/remotes/origin/feature/f3-test-failures
2026-09-04T11:29:58.1874874Z Switched to a new branch 'feature/f3-test-failures'
2026-09-04T11:29:58.1879306Z branch 'feature/f3-test-failures' set up to track 'origin/feature/f3-test-failures'.
2026-09-04T11:29:58.1889699Z ##[endgroup]
2026-09-04T11:29:58.1930255Z [command]/usr/bin/git log -1 --format=%H
2026-09-04T11:29:58.1960108Z 0c2ddc82b3a248827557edda9affcd6927945898
2026-09-04T11:29:58.2277180Z Node 20 is being deprecated. This workflow is running with Node 24 by default. If you need to temporarily use Node 20, you can set the ACTIONS_ALLOW_USE_UNSECURE_NODE_VERSION=true environment variable. For more information see: https://github.blog/changelog/2025-09-19-deprecation-of-node-20-on-github-actions-runners/
2026-09-04T11:29:58.2280274Z ##[group]Run actions/setup-python@v5
2026-09-04T11:29:58.2280865Z with:
2026-09-04T11:29:58.2281330Z   python-version: 3.11
2026-09-04T11:29:58.2281838Z   check-latest: false
2026-09-04T11:29:58.2286162Z   token: ***
2026-09-04T11:29:58.2286661Z   update-environment: true
2026-09-04T11:29:58.2287215Z   allow-prereleases: false
2026-09-04T11:29:58.2287749Z   freethreaded: false
2026-09-04T11:29:58.2288251Z ##[endgroup]
2026-09-04T11:29:58.3826818Z ##[group]Installed versions
2026-09-04T11:29:58.3952974Z (node:2233) [DEP0040] DeprecationWarning: The `punycode` module is deprecated. Please use a userland alternative instead.
2026-09-04T11:29:58.3955585Z (Use `node --trace-deprecation ...` to show where the warning was created)
2026-09-04T11:29:58.3956903Z Successfully set up CPython (3.11.16)
2026-09-04T11:29:58.3959745Z ##[endgroup]
2026-09-04T11:29:58.4165482Z ##[group]Run pip install --no-cache-dir pytest
2026-09-04T11:29:58.4166730Z [36;1mpip install --no-cache-dir pytest[0m
2026-09-04T11:29:58.4233049Z shell: /usr/bin/bash -e {0}
2026-09-04T11:29:58.4234501Z env:
2026-09-04T11:29:58.4235790Z   pythonLocation: /opt/hostedtoolcache/Python/3.11.16/x64
2026-09-04T11:29:58.4237839Z   PKG_CONFIG_PATH: /opt/hostedtoolcache/Python/3.11.16/x64/lib/pkgconfig
2026-09-04T11:29:58.4240170Z   Python_ROOT_DIR: /opt/hostedtoolcache/Python/3.11.16/x64
2026-09-04T11:29:58.4241811Z   Python2_ROOT_DIR: /opt/hostedtoolcache/Python/3.11.16/x64
2026-09-04T11:29:58.4243434Z   Python3_ROOT_DIR: /opt/hostedtoolcache/Python/3.11.16/x64
2026-09-04T11:29:58.4245095Z   LD_LIBRARY_PATH: /opt/hostedtoolcache/Python/3.11.16/x64/lib
2026-09-04T11:29:58.4246883Z ##[endgroup]
2026-09-04T11:29:59.2410988Z Collecting pytest
2026-09-04T11:29:59.3469996Z   Downloading pytest-9.1.1-py3-none-any.whl.metadata (7.6 kB)
2026-09-04T11:29:59.3599532Z Collecting iniconfig>=1.0.1 (from pytest)
2026-09-04T11:29:59.3678296Z   Downloading iniconfig-2.3.0-py3-none-any.whl.metadata (2.5 kB)
2026-09-04T11:29:59.3830852Z Collecting packaging>=22 (from pytest)
2026-09-04T11:29:59.3909781Z   Downloading packaging-26.3-py3-none-any.whl.metadata (3.5 kB)
2026-09-04T11:29:59.4033917Z Collecting pluggy<2,>=1.5 (from pytest)
2026-09-04T11:29:59.4110985Z   Downloading pluggy-1.6.0-py3-none-any.whl.metadata (4.8 kB)
2026-09-04T11:29:59.4305067Z Collecting pygments>=2.7.2 (from pytest)
2026-09-04T11:29:59.4388658Z   Downloading pygments-2.21.0-py3-none-any.whl.metadata (2.5 kB)
2026-09-04T11:29:59.4493861Z Downloading pytest-9.1.1-py3-none-any.whl (386 kB)
2026-09-04T11:29:59.4813143Z Downloading pluggy-1.6.0-py3-none-any.whl (20 kB)
2026-09-04T11:29:59.4891744Z Downloading iniconfig-2.3.0-py3-none-any.whl (7.5 kB)
2026-09-04T11:29:59.4966318Z Downloading packaging-26.3-py3-none-any.whl (129 kB)
2026-09-04T11:29:59.5066831Z Downloading pygments-2.21.0-py3-none-any.whl (1.3 MB)
2026-09-04T11:29:59.5464422Z    ââââââââââââââââââââââââââââââââââââââââ 1.3/1.3 MB 33.0 MB/s  0:00:00
2026-09-04T11:29:59.6190743Z Installing collected packages: pygments, pluggy, packaging, iniconfig, pytest
2026-09-04T11:30:00.7138528Z 
2026-09-04T11:30:00.7149847Z Successfully installed iniconfig-2.3.0 packaging-26.3 pluggy-1.6.0 pygments-2.21.0 pytest-9.1.1
2026-09-04T11:30:00.7994369Z ##[group]Run python automation/inject_mutation.py --error-type "ZeroDivisionError"
2026-09-04T11:30:00.7995063Z [36;1mpython automation/inject_mutation.py --error-type "ZeroDivisionError"[0m
2026-09-04T11:30:00.8038808Z shell: /usr/bin/bash -e {0}
2026-09-04T11:30:00.8039212Z env:
2026-09-04T11:30:00.8039527Z   pythonLocation: /opt/hostedtoolcache/Python/3.11.16/x64
2026-09-04T11:30:00.8040267Z   PKG_CONFIG_PATH: /opt/hostedtoolcache/Python/3.11.16/x64/lib/pkgconfig
2026-09-04T11:30:00.8040706Z   Python_ROOT_DIR: /opt/hostedtoolcache/Python/3.11.16/x64
2026-09-04T11:30:00.8041110Z   Python2_ROOT_DIR: /opt/hostedtoolcache/Python/3.11.16/x64
2026-09-04T11:30:00.8041514Z   Python3_ROOT_DIR: /opt/hostedtoolcache/Python/3.11.16/x64
2026-09-04T11:30:00.8041920Z   LD_LIBRARY_PATH: /opt/hostedtoolcache/Python/3.11.16/x64/lib
2026-09-04T11:30:00.8042272Z ##[endgroup]
2026-09-04T11:30:00.8368697Z [Mutation Injected] Successfully injected ZeroDivisionError into tests/test_app.py
2026-09-04T11:30:00.8447346Z ##[group]Run pytest tests/test_app.py -v
2026-09-04T11:30:00.8447752Z [36;1mpytest tests/test_app.py -v[0m
2026-09-04T11:30:00.8490173Z shell: /usr/bin/bash -e {0}
2026-09-04T11:30:00.8490448Z env:
2026-09-04T11:30:00.8490735Z   pythonLocation: /opt/hostedtoolcache/Python/3.11.16/x64
2026-09-04T11:30:00.8491198Z   PKG_CONFIG_PATH: /opt/hostedtoolcache/Python/3.11.16/x64/lib/pkgconfig
2026-09-04T11:30:00.8491657Z   Python_ROOT_DIR: /opt/hostedtoolcache/Python/3.11.16/x64
2026-09-04T11:30:00.8492040Z   Python2_ROOT_DIR: /opt/hostedtoolcache/Python/3.11.16/x64
2026-09-04T11:30:00.8492435Z   Python3_ROOT_DIR: /opt/hostedtoolcache/Python/3.11.16/x64
2026-09-04T11:30:00.8492820Z   LD_LIBRARY_PATH: /opt/hostedtoolcache/Python/3.11.16/x64/lib
2026-09-04T11:30:00.8493148Z ##[endgroup]
2026-09-04T11:30:01.0936807Z ============================= test session starts ==============================
2026-09-04T11:30:01.0938312Z platform linux -- Python 3.11.16, pytest-9.1.1, pluggy-1.6.0 -- /opt/hostedtoolcache/Python/3.11.16/x64/bin/python
2026-09-04T11:30:01.0939755Z cachedir: .pytest_cache
2026-09-04T11:30:01.0940320Z rootdir: /home/runner/work/log-generation/log-generation
2026-09-04T11:30:01.0942096Z configfile: pytest.ini
2026-09-04T11:30:01.1028549Z collecting ... collected 6 items
2026-09-04T11:30:01.1029302Z 
2026-09-04T11:30:01.1038659Z tests/test_app.py::test_calculate_division PASSED                        [ 16%]
2026-09-04T11:30:01.1045683Z tests/test_app.py::test_convert_to_int PASSED                            [ 33%]
2026-09-04T11:30:01.1052863Z tests/test_app.py::test_get_list_item PASSED                             [ 50%]
2026-09-04T11:30:01.1059411Z tests/test_app.py::test_get_dict_value PASSED                            [ 66%]
2026-09-04T11:30:01.1065352Z tests/test_app.py::test_assert_positive PASSED                           [ 83%]
2026-09-04T11:30:01.1448570Z tests/test_app.py::test_zero_division_error FAILED                       [100%]
2026-09-04T11:30:01.1449512Z 
2026-09-04T11:30:01.1449772Z =================================== FAILURES ===================================
2026-09-04T11:30:01.1450224Z ___________________________ test_zero_division_error ___________________________
2026-09-04T11:30:01.1450498Z 
2026-09-04T11:30:01.1450615Z     def test_zero_division_error():
2026-09-04T11:30:01.1450929Z         """Injected synthetic ZeroDivisionError."""
2026-09-04T11:30:01.1451281Z         from src.app import calculate_division
2026-09-04T11:30:01.1451600Z >       calculate_division(42, 0)
2026-09-04T11:30:01.1451852Z 
2026-09-04T11:30:01.1451993Z tests/test_app.py:131: 
2026-09-04T11:30:01.1452435Z _ _ _ _ _ _ _ _ _ _ _ _ _ _ _ _ _ _ _ _ _ _ _ _ _ _ _ _ _ _ _ _ _ _ _ _ _ _ _ _ 
2026-09-04T11:30:01.1452831Z 
2026-09-04T11:30:01.1453004Z a = 42, b = 0
2026-09-04T11:30:01.1453211Z 
2026-09-04T11:30:01.1453398Z     def calculate_division(a, b):
2026-09-04T11:30:01.1453803Z >       return a / b
2026-09-04T11:30:01.1454124Z                ^^^^^
2026-09-04T11:30:01.1454480Z E       ZeroDivisionError: division by zero
2026-09-04T11:30:01.1454789Z 
2026-09-04T11:30:01.1454945Z src/app.py:2: ZeroDivisionError
2026-09-04T11:30:01.1455424Z =========================== short test summary info ============================
2026-09-04T11:30:01.1456209Z FAILED tests/test_app.py::test_zero_division_error - ZeroDivisionError: division by zero
2026-09-04T11:30:01.1456730Z ========================= 1 failed, 5 passed in 0.03s ==========================
2026-09-04T11:30:01.1739607Z ##[error]Process completed with exit code 1.
2026-09-04T11:30:01.1890563Z Node 20 is being deprecated. This workflow is running with Node 24 by default. If you need to temporarily use Node 20, you can set the ACTIONS_ALLOW_USE_UNSECURE_NODE_VERSION=true environment variable. For more information see: https://github.blog/changelog/2025-09-19-deprecation-of-node-20-on-github-actions-runners/
2026-09-04T11:30:01.1891766Z Post job cleanup.
2026-09-04T11:30:01.2797136Z [command]/usr/bin/git version
2026-09-04T11:30:01.2853550Z git version 2.55.0
2026-09-04T11:30:01.2901427Z Temporarily overriding HOME='/home/runner/work/_temp/794f9c2d-fd11-44d4-a7a4-ca87b6b48aa6' before making global git config changes
2026-09-04T11:30:01.2902269Z Adding repository directory to the temporary git global config as a safe directory
2026-09-04T11:30:01.2908408Z [command]/usr/bin/git config --global --add safe.directory /home/runner/work/log-generation/log-generation
2026-09-04T11:30:01.2963015Z [command]/usr/bin/git config --local --name-only --get-regexp core\.sshCommand
2026-09-04T11:30:01.3004482Z [command]/usr/bin/git submodule foreach --recursive sh -c "git config --local --name-only --get-regexp 'core\.sshCommand' && git config --local --unset-all 'core.sshCommand' || :"
2026-09-04T11:30:01.3338109Z [command]/usr/bin/git config --local --name-only --get-regexp http\.https\:\/\/github\.com\/\.extraheader
2026-09-04T11:30:01.3371956Z http.https://github.com/.extraheader
2026-09-04T11:30:01.3385523Z [command]/usr/bin/git config --local --unset-all http.https://github.com/.extraheader
2026-09-04T11:30:01.3435546Z [command]/usr/bin/git submodule foreach --recursive sh -c "git config --local --name-only --get-regexp 'http\.https\:\/\/github\.com\/\.extraheader' && git config --local --unset-all 'http.https://github.com/.extraheader' || :"
2026-09-04T11:30:01.3731653Z [command]/usr/bin/git config --local --name-only --get-regexp ^includeIf\.gitdir:
2026-09-04T11:30:01.3791209Z [command]/usr/bin/git submodule foreach --recursive git config --local --show-origin --name-only --get-regexp remote.origin.url
2026-09-04T11:30:01.4264052Z Cleaning up orphan processes
2026-09-04T11:30:01.4575198Z ##[warning]Node.js 20 is deprecated. The following actions target Node.js 20 but are being forced to run on Node.js 24: actions/checkout@v4, actions/setup-python@v5. For more information see: https://github.blog/changelog/2025-09-19-deprecation-of-node-20-on-github-actions-runners/
