ï»¿2026-09-04T11:30:24.2132496Z Current runner version: '2.337.0'
2026-09-04T11:30:24.2153065Z ##[group]Runner Image Provisioner
2026-09-04T11:30:24.2153842Z Hosted Compute Agent
2026-09-04T11:30:24.2154408Z Version: 20260819.586
2026-09-04T11:30:24.2154930Z Commit: 3cc4a88dfa507ef76119ad1bb3eccc6378bb2b76
2026-09-04T11:30:24.2155562Z Build Date: 2026-08-18T23:20:18Z
2026-09-04T11:30:24.2156138Z Worker ID: {8d21b7a2-5ea7-4863-99ed-3e816f7db9e4}
2026-09-04T11:30:24.2156744Z Azure Region: eastus
2026-09-04T11:30:24.2157292Z ##[endgroup]
2026-09-04T11:30:24.2158393Z ##[group]Operating System
2026-09-04T11:30:24.2158984Z Ubuntu
2026-09-04T11:30:24.2159444Z 24.04.4
2026-09-04T11:30:24.2159965Z LTS
2026-09-04T11:30:24.2160757Z ##[endgroup]
2026-09-04T11:30:24.2161212Z ##[group]Runner Image
2026-09-04T11:30:24.2161694Z Image: ubuntu-24.04
2026-09-04T11:30:24.2162471Z Version: 20260823.283.1
2026-09-04T11:30:24.2163522Z Included Software: https://github.com/actions/runner-images/blob/ubuntu24/20260823.283/images/ubuntu/Ubuntu2404-Readme.md
2026-09-04T11:30:24.2165252Z Image Release: https://github.com/actions/runner-images/releases/tag/ubuntu24%2F20260823.283
2026-09-04T11:30:24.2166112Z ##[endgroup]
2026-09-04T11:30:24.2167319Z ##[group]GITHUB_TOKEN Permissions
2026-09-04T11:30:24.2170870Z Contents: read
2026-09-04T11:30:24.2171608Z Metadata: read
2026-09-04T11:30:24.2172600Z Packages: read
2026-09-04T11:30:24.2173334Z ##[endgroup]
2026-09-04T11:30:24.2175507Z Secret source: Actions
2026-09-04T11:30:24.2177929Z Prepare workflow directory
2026-09-04T11:30:24.2435106Z Prepare all required actions
2026-09-04T11:30:24.2473778Z Getting action download info
2026-09-04T11:30:24.4369388Z Download action repository 'actions/checkout@v4' (SHA:11d5960a326750d5838078e36cf38b85af677262)
2026-09-04T11:30:24.9268907Z Download action repository 'actions/setup-python@v5' (SHA:a26af69be951a213d495a4c3e4e4022e16d87065)
2026-09-04T11:30:25.1905544Z Complete job name: test-f3 (ZeroDivisionError #235)
2026-09-04T11:30:25.2568545Z Node 20 is being deprecated. This workflow is running with Node 24 by default. If you need to temporarily use Node 20, you can set the ACTIONS_ALLOW_USE_UNSECURE_NODE_VERSION=true environment variable. For more information see: https://github.blog/changelog/2025-09-19-deprecation-of-node-20-on-github-actions-runners/
2026-09-04T11:30:25.2577044Z ##[group]Run actions/checkout@v4
2026-09-04T11:30:25.2577701Z with:
2026-09-04T11:30:25.2578072Z   fetch-depth: 1
2026-09-04T11:30:25.2578517Z   repository: DhruvHegde/log-generation
2026-09-04T11:30:25.2585440Z   token: ***
2026-09-04T11:30:25.2585843Z   ssh-strict: true
2026-09-04T11:30:25.2586257Z   ssh-user: git
2026-09-04T11:30:25.2586693Z   persist-credentials: true
2026-09-04T11:30:25.2587194Z   clean: true
2026-09-04T11:30:25.2587614Z   sparse-checkout-cone-mode: true
2026-09-04T11:30:25.2588153Z   fetch-tags: false
2026-09-04T11:30:25.2588586Z   show-progress: true
2026-09-04T11:30:25.2589019Z   lfs: false
2026-09-04T11:30:25.2589440Z   submodules: false
2026-09-04T11:30:25.2589875Z   set-safe-directory: true
2026-09-04T11:30:25.2590402Z   allow-unsafe-pr-checkout: false
2026-09-04T11:30:25.2591130Z ##[endgroup]
2026-09-04T11:30:25.3409154Z Syncing repository: DhruvHegde/log-generation
2026-09-04T11:30:25.3411579Z ##[group]Getting Git version info
2026-09-04T11:30:25.3413086Z Working directory is '/home/runner/work/log-generation/log-generation'
2026-09-04T11:30:25.3415006Z [command]/usr/bin/git version
2026-09-04T11:30:25.3672566Z git version 2.55.0
2026-09-04T11:30:25.3688014Z ##[endgroup]
2026-09-04T11:30:25.3700114Z Temporarily overriding HOME='/home/runner/work/_temp/014e37b3-e90d-4d89-9730-d0ddd8891bc3' before making global git config changes
2026-09-04T11:30:25.3703236Z Adding repository directory to the temporary git global config as a safe directory
2026-09-04T11:30:25.3705727Z [command]/usr/bin/git config --global --add safe.directory /home/runner/work/log-generation/log-generation
2026-09-04T11:30:25.3750291Z Deleting the contents of '/home/runner/work/log-generation/log-generation'
2026-09-04T11:30:25.3753234Z ##[group]Initializing the repository
2026-09-04T11:30:25.3756950Z [command]/usr/bin/git init /home/runner/work/log-generation/log-generation
2026-09-04T11:30:25.3864414Z hint: Using 'master' as the name for the initial branch. This default branch name
2026-09-04T11:30:25.3867907Z hint: will change to "main" in Git 3.0. To configure the initial branch name
2026-09-04T11:30:25.3870693Z hint: to use in all of your new repositories, which will suppress this warning,
2026-09-04T11:30:25.3872202Z hint: call:
2026-09-04T11:30:25.3872746Z hint:
2026-09-04T11:30:25.3873639Z hint: 	git config --global init.defaultBranch <name>
2026-09-04T11:30:25.3874693Z hint:
2026-09-04T11:30:25.3875682Z hint: Names commonly chosen instead of 'master' are 'main', 'trunk' and
2026-09-04T11:30:25.3877508Z hint: 'development'. The just-created branch can be renamed via this command:
2026-09-04T11:30:25.3878911Z hint:
2026-09-04T11:30:25.3879635Z hint: 	git branch -m <name>
2026-09-04T11:30:25.3880477Z hint:
2026-09-04T11:30:25.3881625Z hint: Disable this message with "git config set advice.defaultBranchName false"
2026-09-04T11:30:25.3884170Z Initialized empty Git repository in /home/runner/work/log-generation/log-generation/.git/
2026-09-04T11:30:25.3893146Z [command]/usr/bin/git remote add origin https://github.com/DhruvHegde/log-generation
2026-09-04T11:30:25.3938537Z ##[endgroup]
2026-09-04T11:30:25.3939748Z ##[group]Disabling automatic garbage collection
2026-09-04T11:30:25.3941157Z [command]/usr/bin/git config --local gc.auto 0
2026-09-04T11:30:25.3971268Z ##[endgroup]
2026-09-04T11:30:25.3972613Z ##[group]Setting up auth
2026-09-04T11:30:25.3976204Z [command]/usr/bin/git config --local --name-only --get-regexp core\.sshCommand
2026-09-04T11:30:25.4007288Z [command]/usr/bin/git submodule foreach --recursive sh -c "git config --local --name-only --get-regexp 'core\.sshCommand' && git config --local --unset-all 'core.sshCommand' || :"
2026-09-04T11:30:25.4968405Z [command]/usr/bin/git config --local --name-only --get-regexp http\.https\:\/\/github\.com\/\.extraheader
2026-09-04T11:30:25.5001960Z [command]/usr/bin/git submodule foreach --recursive sh -c "git config --local --name-only --get-regexp 'http\.https\:\/\/github\.com\/\.extraheader' && git config --local --unset-all 'http.https://github.com/.extraheader' || :"
2026-09-04T11:30:25.5188470Z [command]/usr/bin/git config --local --name-only --get-regexp ^includeIf\.gitdir:
2026-09-04T11:30:25.5218583Z [command]/usr/bin/git submodule foreach --recursive git config --local --show-origin --name-only --get-regexp remote.origin.url
2026-09-04T11:30:25.5405320Z [command]/usr/bin/git config --local http.https://github.com/.extraheader AUTHORIZATION: basic ***
2026-09-04T11:30:25.5437333Z ##[endgroup]
2026-09-04T11:30:25.5438587Z ##[group]Fetching the repository
2026-09-04T11:30:25.5445452Z [command]/usr/bin/git -c protocol.version=2 fetch --no-tags --prune --no-recurse-submodules --depth=1 origin +0c2ddc82b3a248827557edda9affcd6927945898:refs/remotes/origin/feature/f3-test-failures
2026-09-04T11:30:26.2619784Z From https://github.com/DhruvHegde/log-generation
2026-09-04T11:30:26.2621552Z  * [new ref]         0c2ddc82b3a248827557edda9affcd6927945898 -> origin/feature/f3-test-failures
2026-09-04T11:30:26.2625408Z ##[endgroup]
2026-09-04T11:30:26.2626773Z ##[group]Determining the checkout info
2026-09-04T11:30:26.2628376Z ##[endgroup]
2026-09-04T11:30:26.2633558Z [command]/usr/bin/git sparse-checkout disable
2026-09-04T11:30:26.2830221Z [command]/usr/bin/git config --local --unset-all extensions.worktreeConfig
2026-09-04T11:30:26.2926965Z ##[group]Checking out the ref
2026-09-04T11:30:26.2932255Z [command]/usr/bin/git checkout --progress --force -B feature/f3-test-failures refs/remotes/origin/feature/f3-test-failures
2026-09-04T11:30:26.3025512Z Switched to a new branch 'feature/f3-test-failures'
2026-09-04T11:30:26.3032209Z branch 'feature/f3-test-failures' set up to track 'origin/feature/f3-test-failures'.
2026-09-04T11:30:26.3043481Z ##[endgroup]
2026-09-04T11:30:26.3079060Z [command]/usr/bin/git log -1 --format=%H
2026-09-04T11:30:26.3102241Z 0c2ddc82b3a248827557edda9affcd6927945898
2026-09-04T11:30:26.3375523Z Node 20 is being deprecated. This workflow is running with Node 24 by default. If you need to temporarily use Node 20, you can set the ACTIONS_ALLOW_USE_UNSECURE_NODE_VERSION=true environment variable. For more information see: https://github.blog/changelog/2025-09-19-deprecation-of-node-20-on-github-actions-runners/
2026-09-04T11:30:26.3378814Z ##[group]Run actions/setup-python@v5
2026-09-04T11:30:26.3379622Z with:
2026-09-04T11:30:26.3380298Z   python-version: 3.11
2026-09-04T11:30:26.3381022Z   check-latest: false
2026-09-04T11:30:26.3387448Z   token: ***
2026-09-04T11:30:26.3388148Z   update-environment: true
2026-09-04T11:30:26.3388920Z   allow-prereleases: false
2026-09-04T11:30:26.3389667Z   freethreaded: false
2026-09-04T11:30:26.3390365Z ##[endgroup]
2026-09-04T11:30:26.4462503Z ##[group]Installed versions
2026-09-04T11:30:26.4714855Z (node:2026) [DEP0040] DeprecationWarning: The `punycode` module is deprecated. Please use a userland alternative instead.
2026-09-04T11:30:26.4717511Z (Use `node --trace-deprecation ...` to show where the warning was created)
2026-09-04T11:30:26.4719033Z Successfully set up CPython (3.11.16)
2026-09-04T11:30:26.4720422Z ##[endgroup]
2026-09-04T11:30:26.4866454Z ##[group]Run pip install --no-cache-dir pytest
2026-09-04T11:30:26.4867521Z [36;1mpip install --no-cache-dir pytest[0m
2026-09-04T11:30:26.4917007Z shell: /usr/bin/bash -e {0}
2026-09-04T11:30:26.4917811Z env:
2026-09-04T11:30:26.4918924Z   pythonLocation: /opt/hostedtoolcache/Python/3.11.16/x64
2026-09-04T11:30:26.4921571Z   PKG_CONFIG_PATH: /opt/hostedtoolcache/Python/3.11.16/x64/lib/pkgconfig
2026-09-04T11:30:26.4923760Z   Python_ROOT_DIR: /opt/hostedtoolcache/Python/3.11.16/x64
2026-09-04T11:30:26.4925374Z   Python2_ROOT_DIR: /opt/hostedtoolcache/Python/3.11.16/x64
2026-09-04T11:30:26.4927034Z   Python3_ROOT_DIR: /opt/hostedtoolcache/Python/3.11.16/x64
2026-09-04T11:30:26.4928602Z   LD_LIBRARY_PATH: /opt/hostedtoolcache/Python/3.11.16/x64/lib
2026-09-04T11:30:26.5008006Z ##[endgroup]
2026-09-04T11:30:28.7142159Z Collecting pytest
2026-09-04T11:30:28.7787220Z   Downloading pytest-9.1.1-py3-none-any.whl.metadata (7.6 kB)
2026-09-04T11:30:28.7856123Z Collecting iniconfig>=1.0.1 (from pytest)
2026-09-04T11:30:28.7892312Z   Downloading iniconfig-2.3.0-py3-none-any.whl.metadata (2.5 kB)
2026-09-04T11:30:28.7970166Z Collecting packaging>=22 (from pytest)
2026-09-04T11:30:28.8006236Z   Downloading packaging-26.3-py3-none-any.whl.metadata (3.5 kB)
2026-09-04T11:30:28.8071680Z Collecting pluggy<2,>=1.5 (from pytest)
2026-09-04T11:30:28.8107031Z   Downloading pluggy-1.6.0-py3-none-any.whl.metadata (4.8 kB)
2026-09-04T11:30:28.8209840Z Collecting pygments>=2.7.2 (from pytest)
2026-09-04T11:30:28.8245214Z   Downloading pygments-2.21.0-py3-none-any.whl.metadata (2.5 kB)
2026-09-04T11:30:28.8402344Z Downloading pytest-9.1.1-py3-none-any.whl (386 kB)
2026-09-04T11:30:28.8611682Z Downloading pluggy-1.6.0-py3-none-any.whl (20 kB)
2026-09-04T11:30:28.8644931Z Downloading iniconfig-2.3.0-py3-none-any.whl (7.5 kB)
2026-09-04T11:30:28.8682699Z Downloading packaging-26.3-py3-none-any.whl (129 kB)
2026-09-04T11:30:28.8735127Z Downloading pygments-2.21.0-py3-none-any.whl (1.3 MB)
2026-09-04T11:30:28.8946471Z    ââââââââââââââââââââââââââââââââââââââââ 1.3/1.3 MB 67.3 MB/s  0:00:00
2026-09-04T11:30:29.2575839Z Installing collected packages: pygments, pluggy, packaging, iniconfig, pytest
2026-09-04T11:30:30.2896326Z 
2026-09-04T11:30:30.2904975Z Successfully installed iniconfig-2.3.0 packaging-26.3 pluggy-1.6.0 pygments-2.21.0 pytest-9.1.1
2026-09-04T11:30:30.3331760Z ##[group]Run python automation/inject_mutation.py --error-type "ZeroDivisionError"
2026-09-04T11:30:30.3332502Z [36;1mpython automation/inject_mutation.py --error-type "ZeroDivisionError"[0m
2026-09-04T11:30:30.3366404Z shell: /usr/bin/bash -e {0}
2026-09-04T11:30:30.3366620Z env:
2026-09-04T11:30:30.3366855Z   pythonLocation: /opt/hostedtoolcache/Python/3.11.16/x64
2026-09-04T11:30:30.3367369Z   PKG_CONFIG_PATH: /opt/hostedtoolcache/Python/3.11.16/x64/lib/pkgconfig
2026-09-04T11:30:30.3367703Z   Python_ROOT_DIR: /opt/hostedtoolcache/Python/3.11.16/x64
2026-09-04T11:30:30.3368007Z   Python2_ROOT_DIR: /opt/hostedtoolcache/Python/3.11.16/x64
2026-09-04T11:30:30.3368317Z   Python3_ROOT_DIR: /opt/hostedtoolcache/Python/3.11.16/x64
2026-09-04T11:30:30.3368616Z   LD_LIBRARY_PATH: /opt/hostedtoolcache/Python/3.11.16/x64/lib
2026-09-04T11:30:30.3368908Z ##[endgroup]
2026-09-04T11:30:30.3618619Z [Mutation Injected] Successfully injected ZeroDivisionError into tests/test_app.py
2026-09-04T11:30:30.3673038Z ##[group]Run pytest tests/test_app.py -v
2026-09-04T11:30:30.3673343Z [36;1mpytest tests/test_app.py -v[0m
2026-09-04T11:30:30.3703067Z shell: /usr/bin/bash -e {0}
2026-09-04T11:30:30.3703284Z env:
2026-09-04T11:30:30.3703506Z   pythonLocation: /opt/hostedtoolcache/Python/3.11.16/x64
2026-09-04T11:30:30.3703849Z   PKG_CONFIG_PATH: /opt/hostedtoolcache/Python/3.11.16/x64/lib/pkgconfig
2026-09-04T11:30:30.3704199Z   Python_ROOT_DIR: /opt/hostedtoolcache/Python/3.11.16/x64
2026-09-04T11:30:30.3704498Z   Python2_ROOT_DIR: /opt/hostedtoolcache/Python/3.11.16/x64
2026-09-04T11:30:30.3704796Z   Python3_ROOT_DIR: /opt/hostedtoolcache/Python/3.11.16/x64
2026-09-04T11:30:30.3705099Z   LD_LIBRARY_PATH: /opt/hostedtoolcache/Python/3.11.16/x64/lib
2026-09-04T11:30:30.3705350Z ##[endgroup]
2026-09-04T11:30:30.8076860Z ============================= test session starts ==============================
2026-09-04T11:30:30.8077934Z platform linux -- Python 3.11.16, pytest-9.1.1, pluggy-1.6.0 -- /opt/hostedtoolcache/Python/3.11.16/x64/bin/python
2026-09-04T11:30:30.8078548Z cachedir: .pytest_cache
2026-09-04T11:30:30.8078905Z rootdir: /home/runner/work/log-generation/log-generation
2026-09-04T11:30:30.8079307Z configfile: pytest.ini
2026-09-04T11:30:30.8139443Z collecting ... collected 6 items
2026-09-04T11:30:30.8139831Z 
2026-09-04T11:30:30.8146245Z tests/test_app.py::test_calculate_division PASSED                        [ 16%]
2026-09-04T11:30:30.8151164Z tests/test_app.py::test_convert_to_int PASSED                            [ 33%]
2026-09-04T11:30:30.8156687Z tests/test_app.py::test_get_list_item PASSED                             [ 50%]
2026-09-04T11:30:30.8161596Z tests/test_app.py::test_get_dict_value PASSED                            [ 66%]
2026-09-04T11:30:30.8166491Z tests/test_app.py::test_assert_positive PASSED                           [ 83%]
2026-09-04T11:30:30.8397802Z tests/test_app.py::test_zero_division_error FAILED                       [100%]
2026-09-04T11:30:30.8398245Z 
2026-09-04T11:30:30.8398456Z =================================== FAILURES ===================================
2026-09-04T11:30:30.8398965Z ___________________________ test_zero_division_error ___________________________
2026-09-04T11:30:30.8399297Z 
2026-09-04T11:30:30.8399428Z     def test_zero_division_error():
2026-09-04T11:30:30.8399800Z         """Injected synthetic ZeroDivisionError."""
2026-09-04T11:30:30.8400210Z         from src.app import calculate_division
2026-09-04T11:30:30.8400590Z >       calculate_division(42, 0)
2026-09-04T11:30:30.8400792Z 
2026-09-04T11:30:30.8400931Z tests/test_app.py:131: 
2026-09-04T11:30:30.8401286Z _ _ _ _ _ _ _ _ _ _ _ _ _ _ _ _ _ _ _ _ _ _ _ _ _ _ _ _ _ _ _ _ _ _ _ _ _ _ _ _ 
2026-09-04T11:30:30.8401594Z 
2026-09-04T11:30:30.8401696Z a = 42, b = 0
2026-09-04T11:30:30.8402025Z 
2026-09-04T11:30:30.8402157Z     def calculate_division(a, b):
2026-09-04T11:30:30.8402475Z >       return a / b
2026-09-04T11:30:30.8402749Z                ^^^^^
2026-09-04T11:30:30.8403058Z E       ZeroDivisionError: division by zero
2026-09-04T11:30:30.8403299Z 
2026-09-04T11:30:30.8403436Z src/app.py:2: ZeroDivisionError
2026-09-04T11:30:30.8403818Z =========================== short test summary info ============================
2026-09-04T11:30:30.8404422Z FAILED tests/test_app.py::test_zero_division_error - ZeroDivisionError: division by zero
2026-09-04T11:30:30.8405029Z ========================= 1 failed, 5 passed in 0.02s ==========================
2026-09-04T11:30:30.8563063Z ##[error]Process completed with exit code 1.
2026-09-04T11:30:30.8673977Z Node 20 is being deprecated. This workflow is running with Node 24 by default. If you need to temporarily use Node 20, you can set the ACTIONS_ALLOW_USE_UNSECURE_NODE_VERSION=true environment variable. For more information see: https://github.blog/changelog/2025-09-19-deprecation-of-node-20-on-github-actions-runners/
2026-09-04T11:30:30.8674935Z Post job cleanup.
2026-09-04T11:30:30.9335633Z [command]/usr/bin/git version
2026-09-04T11:30:30.9370325Z git version 2.55.0
2026-09-04T11:30:30.9401726Z Temporarily overriding HOME='/home/runner/work/_temp/09916327-6ddb-40a9-89e5-a87ab6064614' before making global git config changes
2026-09-04T11:30:30.9402716Z Adding repository directory to the temporary git global config as a safe directory
2026-09-04T11:30:30.9406988Z [command]/usr/bin/git config --global --add safe.directory /home/runner/work/log-generation/log-generation
2026-09-04T11:30:30.9437858Z [command]/usr/bin/git config --local --name-only --get-regexp core\.sshCommand
2026-09-04T11:30:30.9466536Z [command]/usr/bin/git submodule foreach --recursive sh -c "git config --local --name-only --get-regexp 'core\.sshCommand' && git config --local --unset-all 'core.sshCommand' || :"
2026-09-04T11:30:30.9685308Z [command]/usr/bin/git config --local --name-only --get-regexp http\.https\:\/\/github\.com\/\.extraheader
2026-09-04T11:30:30.9718264Z http.https://github.com/.extraheader
2026-09-04T11:30:30.9720664Z [command]/usr/bin/git config --local --unset-all http.https://github.com/.extraheader
2026-09-04T11:30:30.9747784Z [command]/usr/bin/git submodule foreach --recursive sh -c "git config --local --name-only --get-regexp 'http\.https\:\/\/github\.com\/\.extraheader' && git config --local --unset-all 'http.https://github.com/.extraheader' || :"
2026-09-04T11:30:30.9989797Z [command]/usr/bin/git config --local --name-only --get-regexp ^includeIf\.gitdir:
2026-09-04T11:30:31.0021152Z [command]/usr/bin/git submodule foreach --recursive git config --local --show-origin --name-only --get-regexp remote.origin.url
2026-09-04T11:30:31.0347464Z Cleaning up orphan processes
2026-09-04T11:30:31.0575830Z ##[warning]Node.js 20 is deprecated. The following actions target Node.js 20 but are being forced to run on Node.js 24: actions/checkout@v4, actions/setup-python@v5. For more information see: https://github.blog/changelog/2025-09-19-deprecation-of-node-20-on-github-actions-runners/
