ï»¿2026-09-04T11:17:00.3426379Z Current runner version: '2.337.0'
2026-09-04T11:17:00.3461294Z ##[group]Runner Image Provisioner
2026-09-04T11:17:00.3462968Z Hosted Compute Agent
2026-09-04T11:17:00.3463991Z Version: 20260828.587
2026-09-04T11:17:00.3465153Z Commit: abac92662cab4cc7352de4f9f9d2e2419aad9c29
2026-09-04T11:17:00.3466390Z Build Date: 2026-08-28T16:44:25Z
2026-09-04T11:17:00.3467513Z Worker ID: {419b972d-b216-4291-bd11-6c254944b4e9}
2026-09-04T11:17:00.3468795Z Azure Region: eastus
2026-09-04T11:17:00.3469789Z ##[endgroup]
2026-09-04T11:17:00.3473000Z ##[group]Operating System
2026-09-04T11:17:00.3474020Z Ubuntu
2026-09-04T11:17:00.3474821Z 24.04.4
2026-09-04T11:17:00.3475771Z LTS
2026-09-04T11:17:00.3476672Z ##[endgroup]
2026-09-04T11:17:00.3477647Z ##[group]Runner Image
2026-09-04T11:17:00.3478675Z Image: ubuntu-24.04
2026-09-04T11:17:00.3479682Z Version: 20260831.293.1
2026-09-04T11:17:00.3482090Z Included Software: https://github.com/actions/runner-images/blob/ubuntu24/20260831.293/images/ubuntu/Ubuntu2404-Readme.md
2026-09-04T11:17:00.3484792Z Image Release: https://github.com/actions/runner-images/releases/tag/ubuntu24%2F20260831.293
2026-09-04T11:17:00.3486522Z ##[endgroup]
2026-09-04T11:17:00.3488504Z ##[group]GITHUB_TOKEN Permissions
2026-09-04T11:17:00.3491420Z Contents: read
2026-09-04T11:17:00.3492737Z Metadata: read
2026-09-04T11:17:00.3493697Z Packages: read
2026-09-04T11:17:00.3494684Z ##[endgroup]
2026-09-04T11:17:00.3497615Z Secret source: Actions
2026-09-04T11:17:00.3499707Z Prepare workflow directory
2026-09-04T11:17:00.3959747Z Prepare all required actions
2026-09-04T11:17:00.4029783Z Getting action download info
2026-09-04T11:17:00.5932038Z Download action repository 'actions/checkout@v4' (SHA:11d5960a326750d5838078e36cf38b85af677262)
2026-09-04T11:17:00.7081258Z Download action repository 'actions/setup-python@v5' (SHA:a26af69be951a213d495a4c3e4e4022e16d87065)
2026-09-04T11:17:00.8960662Z Complete job name: test-f3 (AssertionError #151)
2026-09-04T11:17:00.9733811Z Node 20 is being deprecated. This workflow is running with Node 24 by default. If you need to temporarily use Node 20, you can set the ACTIONS_ALLOW_USE_UNSECURE_NODE_VERSION=true environment variable. For more information see: https://github.blog/changelog/2025-09-19-deprecation-of-node-20-on-github-actions-runners/
2026-09-04T11:17:00.9742888Z ##[group]Run actions/checkout@v4
2026-09-04T11:17:00.9743632Z with:
2026-09-04T11:17:00.9744061Z   fetch-depth: 1
2026-09-04T11:17:00.9744539Z   repository: DhruvHegde/log-generation
2026-09-04T11:17:00.9748443Z   token: ***
2026-09-04T11:17:00.9748878Z   ssh-strict: true
2026-09-04T11:17:00.9749323Z   ssh-user: git
2026-09-04T11:17:00.9749764Z   persist-credentials: true
2026-09-04T11:17:00.9750269Z   clean: true
2026-09-04T11:17:00.9750718Z   sparse-checkout-cone-mode: true
2026-09-04T11:17:00.9751252Z   fetch-tags: false
2026-09-04T11:17:00.9751985Z   show-progress: true
2026-09-04T11:17:00.9752467Z   lfs: false
2026-09-04T11:17:00.9752926Z   submodules: false
2026-09-04T11:17:00.9753386Z   set-safe-directory: true
2026-09-04T11:17:00.9753914Z   allow-unsafe-pr-checkout: false
2026-09-04T11:17:00.9754728Z ##[endgroup]
2026-09-04T11:17:01.0819686Z Syncing repository: DhruvHegde/log-generation
2026-09-04T11:17:01.0822584Z ##[group]Getting Git version info
2026-09-04T11:17:01.0823918Z Working directory is '/home/runner/work/log-generation/log-generation'
2026-09-04T11:17:01.0825689Z [command]/usr/bin/git version
2026-09-04T11:17:01.0898039Z git version 2.55.0
2026-09-04T11:17:01.0920257Z ##[endgroup]
2026-09-04T11:17:01.0935426Z Temporarily overriding HOME='/home/runner/work/_temp/f0f7258a-94dd-4314-b5ee-4819594279c8' before making global git config changes
2026-09-04T11:17:01.0937981Z Adding repository directory to the temporary git global config as a safe directory
2026-09-04T11:17:01.0940933Z [command]/usr/bin/git config --global --add safe.directory /home/runner/work/log-generation/log-generation
2026-09-04T11:17:01.0995812Z Deleting the contents of '/home/runner/work/log-generation/log-generation'
2026-09-04T11:17:01.0999715Z ##[group]Initializing the repository
2026-09-04T11:17:01.1004639Z [command]/usr/bin/git init /home/runner/work/log-generation/log-generation
2026-09-04T11:17:01.1133005Z hint: Using 'master' as the name for the initial branch. This default branch name
2026-09-04T11:17:01.1134666Z hint: will change to "main" in Git 3.0. To configure the initial branch name
2026-09-04T11:17:01.1136161Z hint: to use in all of your new repositories, which will suppress this warning,
2026-09-04T11:17:01.1137358Z hint: call:
2026-09-04T11:17:01.1138030Z hint:
2026-09-04T11:17:01.1138902Z hint: 	git config --global init.defaultBranch <name>
2026-09-04T11:17:01.1139895Z hint:
2026-09-04T11:17:01.1140820Z hint: Names commonly chosen instead of 'master' are 'main', 'trunk' and
2026-09-04T11:17:01.1142549Z hint: 'development'. The just-created branch can be renamed via this command:
2026-09-04T11:17:01.1143828Z hint:
2026-09-04T11:17:01.1144523Z hint: 	git branch -m <name>
2026-09-04T11:17:01.1145272Z hint:
2026-09-04T11:17:01.1146547Z hint: Disable this message with "git config set advice.defaultBranchName false"
2026-09-04T11:17:01.1148363Z Initialized empty Git repository in /home/runner/work/log-generation/log-generation/.git/
2026-09-04T11:17:01.1151427Z [command]/usr/bin/git remote add origin https://github.com/DhruvHegde/log-generation
2026-09-04T11:17:01.1195912Z ##[endgroup]
2026-09-04T11:17:01.1197212Z ##[group]Disabling automatic garbage collection
2026-09-04T11:17:01.1199135Z [command]/usr/bin/git config --local gc.auto 0
2026-09-04T11:17:01.1233867Z ##[endgroup]
2026-09-04T11:17:01.1235096Z ##[group]Setting up auth
2026-09-04T11:17:01.1240489Z [command]/usr/bin/git config --local --name-only --get-regexp core\.sshCommand
2026-09-04T11:17:01.1272751Z [command]/usr/bin/git submodule foreach --recursive sh -c "git config --local --name-only --get-regexp 'core\.sshCommand' && git config --local --unset-all 'core.sshCommand' || :"
2026-09-04T11:17:01.1649836Z [command]/usr/bin/git config --local --name-only --get-regexp http\.https\:\/\/github\.com\/\.extraheader
2026-09-04T11:17:01.1694801Z [command]/usr/bin/git submodule foreach --recursive sh -c "git config --local --name-only --get-regexp 'http\.https\:\/\/github\.com\/\.extraheader' && git config --local --unset-all 'http.https://github.com/.extraheader' || :"
2026-09-04T11:17:01.1920804Z [command]/usr/bin/git config --local --name-only --get-regexp ^includeIf\.gitdir:
2026-09-04T11:17:01.1959328Z [command]/usr/bin/git submodule foreach --recursive git config --local --show-origin --name-only --get-regexp remote.origin.url
2026-09-04T11:17:01.2182478Z [command]/usr/bin/git config --local http.https://github.com/.extraheader AUTHORIZATION: basic ***
2026-09-04T11:17:01.2220843Z ##[endgroup]
2026-09-04T11:17:01.2222380Z ##[group]Fetching the repository
2026-09-04T11:17:01.2230969Z [command]/usr/bin/git -c protocol.version=2 fetch --no-tags --prune --no-recurse-submodules --depth=1 origin +55701f2ee203be18f432be2dca839cc73b92fb5e:refs/remotes/origin/feature/f3-test-failures
2026-09-04T11:17:01.4962350Z From https://github.com/DhruvHegde/log-generation
2026-09-04T11:17:01.4963746Z  * [new ref]         55701f2ee203be18f432be2dca839cc73b92fb5e -> origin/feature/f3-test-failures
2026-09-04T11:17:01.4968613Z ##[endgroup]
2026-09-04T11:17:01.4970246Z ##[group]Determining the checkout info
2026-09-04T11:17:01.4972602Z ##[endgroup]
2026-09-04T11:17:01.4978635Z [command]/usr/bin/git sparse-checkout disable
2026-09-04T11:17:01.5034834Z [command]/usr/bin/git config --local --unset-all extensions.worktreeConfig
2026-09-04T11:17:01.5066516Z ##[group]Checking out the ref
2026-09-04T11:17:01.5073523Z [command]/usr/bin/git checkout --progress --force -B feature/f3-test-failures refs/remotes/origin/feature/f3-test-failures
2026-09-04T11:17:01.5150147Z Switched to a new branch 'feature/f3-test-failures'
2026-09-04T11:17:01.5157167Z branch 'feature/f3-test-failures' set up to track 'origin/feature/f3-test-failures'.
2026-09-04T11:17:01.5164286Z ##[endgroup]
2026-09-04T11:17:01.5204671Z [command]/usr/bin/git log -1 --format=%H
2026-09-04T11:17:01.5230878Z 55701f2ee203be18f432be2dca839cc73b92fb5e
2026-09-04T11:17:01.5514836Z Node 20 is being deprecated. This workflow is running with Node 24 by default. If you need to temporarily use Node 20, you can set the ACTIONS_ALLOW_USE_UNSECURE_NODE_VERSION=true environment variable. For more information see: https://github.blog/changelog/2025-09-19-deprecation-of-node-20-on-github-actions-runners/
2026-09-04T11:17:01.5517678Z ##[group]Run actions/setup-python@v5
2026-09-04T11:17:01.5518266Z with:
2026-09-04T11:17:01.5518730Z   python-version: 3.11
2026-09-04T11:17:01.5519268Z   check-latest: false
2026-09-04T11:17:01.5523181Z   token: ***
2026-09-04T11:17:01.5523678Z   update-environment: true
2026-09-04T11:17:01.5524235Z   allow-prereleases: false
2026-09-04T11:17:01.5524766Z   freethreaded: false
2026-09-04T11:17:01.5525248Z ##[endgroup]
2026-09-04T11:17:01.6846653Z ##[group]Installed versions
2026-09-04T11:17:01.6944502Z (node:2238) [DEP0040] DeprecationWarning: The `punycode` module is deprecated. Please use a userland alternative instead.
2026-09-04T11:17:01.6947063Z (Use `node --trace-deprecation ...` to show where the warning was created)
2026-09-04T11:17:01.6948558Z Successfully set up CPython (3.11.16)
2026-09-04T11:17:01.6949982Z ##[endgroup]
2026-09-04T11:17:01.7154125Z ##[group]Run pip install --no-cache-dir pytest
2026-09-04T11:17:01.7155032Z [36;1mpip install --no-cache-dir pytest[0m
2026-09-04T11:17:01.7214902Z shell: /usr/bin/bash -e {0}
2026-09-04T11:17:01.7215523Z env:
2026-09-04T11:17:01.7216115Z   pythonLocation: /opt/hostedtoolcache/Python/3.11.16/x64
2026-09-04T11:17:01.7217047Z   PKG_CONFIG_PATH: /opt/hostedtoolcache/Python/3.11.16/x64/lib/pkgconfig
2026-09-04T11:17:01.7217968Z   Python_ROOT_DIR: /opt/hostedtoolcache/Python/3.11.16/x64
2026-09-04T11:17:01.7218796Z   Python2_ROOT_DIR: /opt/hostedtoolcache/Python/3.11.16/x64
2026-09-04T11:17:01.7219624Z   Python3_ROOT_DIR: /opt/hostedtoolcache/Python/3.11.16/x64
2026-09-04T11:17:01.7221012Z   LD_LIBRARY_PATH: /opt/hostedtoolcache/Python/3.11.16/x64/lib
2026-09-04T11:17:01.7222497Z ##[endgroup]
2026-09-04T11:17:04.0692524Z Collecting pytest
2026-09-04T11:17:04.1460061Z   Downloading pytest-9.1.1-py3-none-any.whl.metadata (7.6 kB)
2026-09-04T11:17:04.1554544Z Collecting iniconfig>=1.0.1 (from pytest)
2026-09-04T11:17:04.1595731Z   Downloading iniconfig-2.3.0-py3-none-any.whl.metadata (2.5 kB)
2026-09-04T11:17:04.1701512Z Collecting packaging>=22 (from pytest)
2026-09-04T11:17:04.1736505Z   Downloading packaging-26.3-py3-none-any.whl.metadata (3.5 kB)
2026-09-04T11:17:04.1818860Z Collecting pluggy<2,>=1.5 (from pytest)
2026-09-04T11:17:04.1854002Z   Downloading pluggy-1.6.0-py3-none-any.whl.metadata (4.8 kB)
2026-09-04T11:17:04.1989053Z Collecting pygments>=2.7.2 (from pytest)
2026-09-04T11:17:04.2024325Z   Downloading pygments-2.21.0-py3-none-any.whl.metadata (2.5 kB)
2026-09-04T11:17:04.2086289Z Downloading pytest-9.1.1-py3-none-any.whl (386 kB)
2026-09-04T11:17:04.2266713Z Downloading pluggy-1.6.0-py3-none-any.whl (20 kB)
2026-09-04T11:17:04.2313524Z Downloading iniconfig-2.3.0-py3-none-any.whl (7.5 kB)
2026-09-04T11:17:04.2347030Z Downloading packaging-26.3-py3-none-any.whl (129 kB)
2026-09-04T11:17:04.2382425Z Downloading pygments-2.21.0-py3-none-any.whl (1.3 MB)
2026-09-04T11:17:04.2461573Z    ââââââââââââââââââââââââââââââââââââââââ 1.3/1.3 MB 243.0 MB/s  0:00:00
2026-09-04T11:17:04.4196865Z Installing collected packages: pygments, pluggy, packaging, iniconfig, pytest
2026-09-04T11:17:05.3929033Z 
2026-09-04T11:17:05.3939524Z Successfully installed iniconfig-2.3.0 packaging-26.3 pluggy-1.6.0 pygments-2.21.0 pytest-9.1.1
2026-09-04T11:17:05.4467702Z ##[group]Run python automation/inject_mutation.py --error-type "AssertionError"
2026-09-04T11:17:05.4468366Z [36;1mpython automation/inject_mutation.py --error-type "AssertionError"[0m
2026-09-04T11:17:05.4506684Z shell: /usr/bin/bash -e {0}
2026-09-04T11:17:05.4506942Z env:
2026-09-04T11:17:05.4507230Z   pythonLocation: /opt/hostedtoolcache/Python/3.11.16/x64
2026-09-04T11:17:05.4507909Z   PKG_CONFIG_PATH: /opt/hostedtoolcache/Python/3.11.16/x64/lib/pkgconfig
2026-09-04T11:17:05.4508346Z   Python_ROOT_DIR: /opt/hostedtoolcache/Python/3.11.16/x64
2026-09-04T11:17:05.4508744Z   Python2_ROOT_DIR: /opt/hostedtoolcache/Python/3.11.16/x64
2026-09-04T11:17:05.4509159Z   Python3_ROOT_DIR: /opt/hostedtoolcache/Python/3.11.16/x64
2026-09-04T11:17:05.4509558Z   LD_LIBRARY_PATH: /opt/hostedtoolcache/Python/3.11.16/x64/lib
2026-09-04T11:17:05.4509911Z ##[endgroup]
2026-09-04T11:17:05.4802543Z [Mutation Injected] Successfully injected AssertionError into tests/test_app.py
2026-09-04T11:17:05.4869922Z ##[group]Run pytest tests/test_app.py -v
2026-09-04T11:17:05.4870294Z [36;1mpytest tests/test_app.py -v[0m
2026-09-04T11:17:05.4905232Z shell: /usr/bin/bash -e {0}
2026-09-04T11:17:05.4905489Z env:
2026-09-04T11:17:05.4905760Z   pythonLocation: /opt/hostedtoolcache/Python/3.11.16/x64
2026-09-04T11:17:05.4906211Z   PKG_CONFIG_PATH: /opt/hostedtoolcache/Python/3.11.16/x64/lib/pkgconfig
2026-09-04T11:17:05.4906650Z   Python_ROOT_DIR: /opt/hostedtoolcache/Python/3.11.16/x64
2026-09-04T11:17:05.4907033Z   Python2_ROOT_DIR: /opt/hostedtoolcache/Python/3.11.16/x64
2026-09-04T11:17:05.4907418Z   Python3_ROOT_DIR: /opt/hostedtoolcache/Python/3.11.16/x64
2026-09-04T11:17:05.4907803Z   LD_LIBRARY_PATH: /opt/hostedtoolcache/Python/3.11.16/x64/lib
2026-09-04T11:17:05.4908132Z ##[endgroup]
2026-09-04T11:17:05.8686170Z ============================= test session starts ==============================
2026-09-04T11:17:05.8687148Z platform linux -- Python 3.11.16, pytest-9.1.1, pluggy-1.6.0 -- /opt/hostedtoolcache/Python/3.11.16/x64/bin/python
2026-09-04T11:17:05.8688022Z cachedir: .pytest_cache
2026-09-04T11:17:05.8688382Z rootdir: /home/runner/work/log-generation/log-generation
2026-09-04T11:17:05.8688790Z configfile: pytest.ini
2026-09-04T11:17:05.8776473Z collecting ... collected 6 items
2026-09-04T11:17:05.8777074Z 
2026-09-04T11:17:05.8786482Z tests/test_app.py::test_calculate_division PASSED                        [ 16%]
2026-09-04T11:17:05.8794101Z tests/test_app.py::test_convert_to_int PASSED                            [ 33%]
2026-09-04T11:17:05.8802086Z tests/test_app.py::test_get_list_item PASSED                             [ 50%]
2026-09-04T11:17:05.8809146Z tests/test_app.py::test_get_dict_value PASSED                            [ 66%]
2026-09-04T11:17:05.8816537Z tests/test_app.py::test_assert_positive PASSED                           [ 83%]
2026-09-04T11:17:05.9056795Z tests/test_app.py::test_assertion_failure FAILED                         [100%]
2026-09-04T11:17:05.9057468Z 
2026-09-04T11:17:05.9057995Z =================================== FAILURES ===================================
2026-09-04T11:17:05.9058691Z ____________________________ test_assertion_failure ____________________________
2026-09-04T11:17:05.9059210Z 
2026-09-04T11:17:05.9059391Z     def test_assertion_failure():
2026-09-04T11:17:05.9059936Z         """Injected synthetic AssertionError."""
2026-09-04T11:17:05.9060498Z         expected_status = 200
2026-09-04T11:17:05.9060941Z         actual_status = 500
2026-09-04T11:17:05.9061955Z >       assert actual_status == expected_status, f"Expected {expected_status}, received {actual_status}"
2026-09-04T11:17:05.9062872Z E       AssertionError: Expected 200, received 500
2026-09-04T11:17:05.9063388Z E       assert 500 == 200
2026-09-04T11:17:05.9063636Z 
2026-09-04T11:17:05.9063848Z tests/test_app.py:130: AssertionError
2026-09-04T11:17:05.9064432Z =========================== short test summary info ============================
2026-09-04T11:17:05.9065411Z FAILED tests/test_app.py::test_assertion_failure - AssertionError: Expected 200, received 500
2026-09-04T11:17:05.9066223Z assert 500 == 200
2026-09-04T11:17:05.9066691Z ========================= 1 failed, 5 passed in 0.03s ==========================
2026-09-04T11:17:05.9253416Z ##[error]Process completed with exit code 1.
2026-09-04T11:17:05.9399095Z Node 20 is being deprecated. This workflow is running with Node 24 by default. If you need to temporarily use Node 20, you can set the ACTIONS_ALLOW_USE_UNSECURE_NODE_VERSION=true environment variable. For more information see: https://github.blog/changelog/2025-09-19-deprecation-of-node-20-on-github-actions-runners/
2026-09-04T11:17:05.9400534Z Post job cleanup.
2026-09-04T11:17:06.0262402Z [command]/usr/bin/git version
2026-09-04T11:17:06.0322186Z git version 2.55.0
2026-09-04T11:17:06.0365091Z Temporarily overriding HOME='/home/runner/work/_temp/f0cac8e3-822c-4080-a7ba-a7893f05c693' before making global git config changes
2026-09-04T11:17:06.0366409Z Adding repository directory to the temporary git global config as a safe directory
2026-09-04T11:17:06.0370310Z [command]/usr/bin/git config --global --add safe.directory /home/runner/work/log-generation/log-generation
2026-09-04T11:17:06.0411339Z [command]/usr/bin/git config --local --name-only --get-regexp core\.sshCommand
2026-09-04T11:17:06.0449649Z [command]/usr/bin/git submodule foreach --recursive sh -c "git config --local --name-only --get-regexp 'core\.sshCommand' && git config --local --unset-all 'core.sshCommand' || :"
2026-09-04T11:17:06.0708828Z [command]/usr/bin/git config --local --name-only --get-regexp http\.https\:\/\/github\.com\/\.extraheader
2026-09-04T11:17:06.0742330Z http.https://github.com/.extraheader
2026-09-04T11:17:06.0756153Z [command]/usr/bin/git config --local --unset-all http.https://github.com/.extraheader
2026-09-04T11:17:06.0790850Z [command]/usr/bin/git submodule foreach --recursive sh -c "git config --local --name-only --get-regexp 'http\.https\:\/\/github\.com\/\.extraheader' && git config --local --unset-all 'http.https://github.com/.extraheader' || :"
2026-09-04T11:17:06.1044957Z [command]/usr/bin/git config --local --name-only --get-regexp ^includeIf\.gitdir:
2026-09-04T11:17:06.1092246Z [command]/usr/bin/git submodule foreach --recursive git config --local --show-origin --name-only --get-regexp remote.origin.url
2026-09-04T11:17:06.1498795Z Cleaning up orphan processes
2026-09-04T11:17:06.1765287Z ##[warning]Node.js 20 is deprecated. The following actions target Node.js 20 but are being forced to run on Node.js 24: actions/checkout@v4, actions/setup-python@v5. For more information see: https://github.blog/changelog/2025-09-19-deprecation-of-node-20-on-github-actions-runners/
