ï»¿2026-09-04T15:45:29.4204972Z Current runner version: '2.337.0'
2026-09-04T15:45:29.4236197Z ##[group]Runner Image Provisioner
2026-09-04T15:45:29.4237329Z Hosted Compute Agent
2026-09-04T15:45:29.4238121Z Version: 20260828.587
2026-09-04T15:45:29.4239081Z Commit: abac92662cab4cc7352de4f9f9d2e2419aad9c29
2026-09-04T15:45:29.4240049Z Build Date: 2026-08-28T16:44:25Z
2026-09-04T15:45:29.4240910Z Worker ID: {bdc206a0-057f-4c79-a9b5-ecf2e2feeb9f}
2026-09-04T15:45:29.4242024Z Azure Region: northcentralus
2026-09-04T15:45:29.4242824Z ##[endgroup]
2026-09-04T15:45:29.4245148Z ##[group]Operating System
2026-09-04T15:45:29.4246207Z Ubuntu
2026-09-04T15:45:29.4246907Z 24.04.4
2026-09-04T15:45:29.4247627Z LTS
2026-09-04T15:45:29.4248344Z ##[endgroup]
2026-09-04T15:45:29.4249539Z ##[group]Runner Image
2026-09-04T15:45:29.4250494Z Image: ubuntu-24.04
2026-09-04T15:45:29.4251236Z Version: 20260831.293.1
2026-09-04T15:45:29.4253122Z Included Software: https://github.com/actions/runner-images/blob/ubuntu24/20260831.293/images/ubuntu/Ubuntu2404-Readme.md
2026-09-04T15:45:29.4255257Z Image Release: https://github.com/actions/runner-images/releases/tag/ubuntu24%2F20260831.293
2026-09-04T15:45:29.4256805Z ##[endgroup]
2026-09-04T15:45:29.4258505Z ##[group]GITHUB_TOKEN Permissions
2026-09-04T15:45:29.4261547Z Contents: read
2026-09-04T15:45:29.4262127Z Metadata: read
2026-09-04T15:45:29.4262778Z Packages: read
2026-09-04T15:45:29.4263313Z ##[endgroup]
2026-09-04T15:45:29.4265436Z Secret source: Actions
2026-09-04T15:45:29.4267195Z Prepare workflow directory
2026-09-04T15:45:29.4617903Z Prepare all required actions
2026-09-04T15:45:29.4670049Z Getting action download info
2026-09-04T15:45:29.7121418Z Download action repository 'actions/checkout@v4' (SHA:11d5960a326750d5838078e36cf38b85af677262)
2026-09-04T15:45:29.8799317Z Download action repository 'actions/setup-python@v5' (SHA:a26af69be951a213d495a4c3e4e4022e16d87065)
2026-09-04T15:45:30.0871496Z Complete job name: test-f3 (IndexError #181)
2026-09-04T15:45:30.1540794Z Node 20 is being deprecated. This workflow is running with Node 24 by default. If you need to temporarily use Node 20, you can set the ACTIONS_ALLOW_USE_UNSECURE_NODE_VERSION=true environment variable. For more information see: https://github.blog/changelog/2025-09-19-deprecation-of-node-20-on-github-actions-runners/
2026-09-04T15:45:30.1550091Z ##[group]Run actions/checkout@v4
2026-09-04T15:45:30.1550915Z with:
2026-09-04T15:45:30.1551446Z   fetch-depth: 1
2026-09-04T15:45:30.1552045Z   repository: DhruvHegde/log-generation
2026-09-04T15:45:30.1556677Z   token: ***
2026-09-04T15:45:30.1557202Z   ssh-strict: true
2026-09-04T15:45:30.1557721Z   ssh-user: git
2026-09-04T15:45:30.1558255Z   persist-credentials: true
2026-09-04T15:45:30.1558842Z   clean: true
2026-09-04T15:45:30.1559392Z   sparse-checkout-cone-mode: true
2026-09-04T15:45:30.1560026Z   fetch-tags: false
2026-09-04T15:45:30.1560547Z   show-progress: true
2026-09-04T15:45:30.1561106Z   lfs: false
2026-09-04T15:45:30.1561728Z   submodules: false
2026-09-04T15:45:30.1562270Z   set-safe-directory: true
2026-09-04T15:45:30.1562867Z   allow-unsafe-pr-checkout: false
2026-09-04T15:45:30.1563647Z ##[endgroup]
2026-09-04T15:45:30.2575531Z Syncing repository: DhruvHegde/log-generation
2026-09-04T15:45:30.2578625Z ##[group]Getting Git version info
2026-09-04T15:45:30.2579829Z Working directory is '/home/runner/work/log-generation/log-generation'
2026-09-04T15:45:30.2581589Z [command]/usr/bin/git version
2026-09-04T15:45:30.2662659Z git version 2.55.0
2026-09-04T15:45:30.2690113Z ##[endgroup]
2026-09-04T15:45:30.2701889Z Temporarily overriding HOME='/home/runner/work/_temp/e0dcf7bf-4dc6-4450-b195-cea896a436c7' before making global git config changes
2026-09-04T15:45:30.2704599Z Adding repository directory to the temporary git global config as a safe directory
2026-09-04T15:45:30.2709466Z [command]/usr/bin/git config --global --add safe.directory /home/runner/work/log-generation/log-generation
2026-09-04T15:45:30.2760946Z Deleting the contents of '/home/runner/work/log-generation/log-generation'
2026-09-04T15:45:30.2767315Z ##[group]Initializing the repository
2026-09-04T15:45:30.2770446Z [command]/usr/bin/git init /home/runner/work/log-generation/log-generation
2026-09-04T15:45:30.2900896Z hint: Using 'master' as the name for the initial branch. This default branch name
2026-09-04T15:45:30.2902247Z hint: will change to "main" in Git 3.0. To configure the initial branch name
2026-09-04T15:45:30.2903783Z hint: to use in all of your new repositories, which will suppress this warning,
2026-09-04T15:45:30.2905328Z hint: call:
2026-09-04T15:45:30.2906106Z hint:
2026-09-04T15:45:30.2906955Z hint: 	git config --global init.defaultBranch <name>
2026-09-04T15:45:30.2907634Z hint:
2026-09-04T15:45:30.2908258Z hint: Names commonly chosen instead of 'master' are 'main', 'trunk' and
2026-09-04T15:45:30.2909179Z hint: 'development'. The just-created branch can be renamed via this command:
2026-09-04T15:45:30.2910247Z hint:
2026-09-04T15:45:30.2910897Z hint: 	git branch -m <name>
2026-09-04T15:45:30.2911603Z hint:
2026-09-04T15:45:30.2912300Z hint: Disable this message with "git config set advice.defaultBranchName false"
2026-09-04T15:45:30.2913350Z Initialized empty Git repository in /home/runner/work/log-generation/log-generation/.git/
2026-09-04T15:45:30.2915609Z [command]/usr/bin/git remote add origin https://github.com/DhruvHegde/log-generation
2026-09-04T15:45:30.2960103Z ##[endgroup]
2026-09-04T15:45:30.2961175Z ##[group]Disabling automatic garbage collection
2026-09-04T15:45:30.2963098Z [command]/usr/bin/git config --local gc.auto 0
2026-09-04T15:45:30.2992261Z ##[endgroup]
2026-09-04T15:45:30.2993371Z ##[group]Setting up auth
2026-09-04T15:45:30.2999647Z [command]/usr/bin/git config --local --name-only --get-regexp core\.sshCommand
2026-09-04T15:45:30.3030476Z [command]/usr/bin/git submodule foreach --recursive sh -c "git config --local --name-only --get-regexp 'core\.sshCommand' && git config --local --unset-all 'core.sshCommand' || :"
2026-09-04T15:45:30.3448441Z [command]/usr/bin/git config --local --name-only --get-regexp http\.https\:\/\/github\.com\/\.extraheader
2026-09-04T15:45:30.3485683Z [command]/usr/bin/git submodule foreach --recursive sh -c "git config --local --name-only --get-regexp 'http\.https\:\/\/github\.com\/\.extraheader' && git config --local --unset-all 'http.https://github.com/.extraheader' || :"
2026-09-04T15:45:30.3681743Z [command]/usr/bin/git config --local --name-only --get-regexp ^includeIf\.gitdir:
2026-09-04T15:45:30.3711376Z [command]/usr/bin/git submodule foreach --recursive git config --local --show-origin --name-only --get-regexp remote.origin.url
2026-09-04T15:45:30.3903906Z [command]/usr/bin/git config --local http.https://github.com/.extraheader AUTHORIZATION: basic ***
2026-09-04T15:45:30.3940943Z ##[endgroup]
2026-09-04T15:45:30.3942861Z ##[group]Fetching the repository
2026-09-04T15:45:30.3952458Z [command]/usr/bin/git -c protocol.version=2 fetch --no-tags --prune --no-recurse-submodules --depth=1 origin +ff2db557a0a8df7e538c7d2e729be8ed403658e2:refs/remotes/origin/feature/f3-test-failures
2026-09-04T15:45:31.0971401Z From https://github.com/DhruvHegde/log-generation
2026-09-04T15:45:31.0973571Z  * [new ref]         ff2db557a0a8df7e538c7d2e729be8ed403658e2 -> origin/feature/f3-test-failures
2026-09-04T15:45:31.0978449Z ##[endgroup]
2026-09-04T15:45:31.0980332Z ##[group]Determining the checkout info
2026-09-04T15:45:31.0982257Z ##[endgroup]
2026-09-04T15:45:31.0983408Z [command]/usr/bin/git sparse-checkout disable
2026-09-04T15:45:31.1034572Z [command]/usr/bin/git config --local --unset-all extensions.worktreeConfig
2026-09-04T15:45:31.1063811Z ##[group]Checking out the ref
2026-09-04T15:45:31.1069436Z [command]/usr/bin/git checkout --progress --force -B feature/f3-test-failures refs/remotes/origin/feature/f3-test-failures
2026-09-04T15:45:31.1666160Z Switched to a new branch 'feature/f3-test-failures'
2026-09-04T15:45:31.1669222Z branch 'feature/f3-test-failures' set up to track 'origin/feature/f3-test-failures'.
2026-09-04T15:45:31.1678312Z ##[endgroup]
2026-09-04T15:45:31.1717737Z [command]/usr/bin/git log -1 --format=%H
2026-09-04T15:45:31.1742759Z ff2db557a0a8df7e538c7d2e729be8ed403658e2
2026-09-04T15:45:31.2084458Z Node 20 is being deprecated. This workflow is running with Node 24 by default. If you need to temporarily use Node 20, you can set the ACTIONS_ALLOW_USE_UNSECURE_NODE_VERSION=true environment variable. For more information see: https://github.blog/changelog/2025-09-19-deprecation-of-node-20-on-github-actions-runners/
2026-09-04T15:45:31.2089711Z ##[group]Run actions/setup-python@v5
2026-09-04T15:45:31.2091113Z with:
2026-09-04T15:45:31.2092220Z   python-version: 3.11
2026-09-04T15:45:31.2093409Z   check-latest: false
2026-09-04T15:45:31.2102718Z   token: ***
2026-09-04T15:45:31.2103825Z   update-environment: true
2026-09-04T15:45:31.2105125Z   allow-prereleases: false
2026-09-04T15:45:31.2106436Z   freethreaded: false
2026-09-04T15:45:31.2107606Z ##[endgroup]
2026-09-04T15:45:31.3394433Z ##[group]Installed versions
2026-09-04T15:45:31.3498844Z (node:2159) [DEP0040] DeprecationWarning: The `punycode` module is deprecated. Please use a userland alternative instead.
2026-09-04T15:45:31.3502351Z (Use `node --trace-deprecation ...` to show where the warning was created)
2026-09-04T15:45:31.3504020Z Successfully set up CPython (3.11.16)
2026-09-04T15:45:31.3506204Z ##[endgroup]
2026-09-04T15:45:31.3709096Z ##[group]Run pip install --no-cache-dir pytest
2026-09-04T15:45:31.3710847Z [36;1mpip install --no-cache-dir pytest[0m
2026-09-04T15:45:31.3755355Z shell: /usr/bin/bash -e {0}
2026-09-04T15:45:31.3756666Z env:
2026-09-04T15:45:31.3758200Z   pythonLocation: /opt/hostedtoolcache/Python/3.11.16/x64
2026-09-04T15:45:31.3759958Z   PKG_CONFIG_PATH: /opt/hostedtoolcache/Python/3.11.16/x64/lib/pkgconfig
2026-09-04T15:45:31.3761691Z   Python_ROOT_DIR: /opt/hostedtoolcache/Python/3.11.16/x64
2026-09-04T15:45:31.3763277Z   Python2_ROOT_DIR: /opt/hostedtoolcache/Python/3.11.16/x64
2026-09-04T15:45:31.3764817Z   Python3_ROOT_DIR: /opt/hostedtoolcache/Python/3.11.16/x64
2026-09-04T15:45:31.3766587Z   LD_LIBRARY_PATH: /opt/hostedtoolcache/Python/3.11.16/x64/lib
2026-09-04T15:45:31.3767953Z ##[endgroup]
2026-09-04T15:45:34.8613713Z Collecting pytest
2026-09-04T15:45:34.9126220Z   Downloading pytest-9.1.1-py3-none-any.whl.metadata (7.6 kB)
2026-09-04T15:45:34.9205108Z Collecting iniconfig>=1.0.1 (from pytest)
2026-09-04T15:45:34.9238004Z   Downloading iniconfig-2.3.0-py3-none-any.whl.metadata (2.5 kB)
2026-09-04T15:45:34.9326797Z Collecting packaging>=22 (from pytest)
2026-09-04T15:45:34.9360201Z   Downloading packaging-26.3-py3-none-any.whl.metadata (3.5 kB)
2026-09-04T15:45:34.9432691Z Collecting pluggy<2,>=1.5 (from pytest)
2026-09-04T15:45:34.9511391Z   Downloading pluggy-1.6.0-py3-none-any.whl.metadata (4.8 kB)
2026-09-04T15:45:34.9629591Z Collecting pygments>=2.7.2 (from pytest)
2026-09-04T15:45:34.9677294Z   Downloading pygments-2.21.0-py3-none-any.whl.metadata (2.5 kB)
2026-09-04T15:45:34.9738884Z Downloading pytest-9.1.1-py3-none-any.whl (386 kB)
2026-09-04T15:45:34.9971664Z Downloading pluggy-1.6.0-py3-none-any.whl (20 kB)
2026-09-04T15:45:35.0003262Z Downloading iniconfig-2.3.0-py3-none-any.whl (7.5 kB)
2026-09-04T15:45:35.0036523Z Downloading packaging-26.3-py3-none-any.whl (129 kB)
2026-09-04T15:45:35.0070670Z Downloading pygments-2.21.0-py3-none-any.whl (1.3 MB)
2026-09-04T15:45:35.0161476Z    ââââââââââââââââââââââââââââââââââââââââ 1.3/1.3 MB 201.4 MB/s  0:00:00
2026-09-04T15:45:35.3118946Z Installing collected packages: pygments, pluggy, packaging, iniconfig, pytest
2026-09-04T15:45:36.0998791Z 
2026-09-04T15:45:36.1008720Z Successfully installed iniconfig-2.3.0 packaging-26.3 pluggy-1.6.0 pygments-2.21.0 pytest-9.1.1
2026-09-04T15:45:36.1626554Z ##[group]Run python automation/inject_mutation.py --error-type "IndexError"
2026-09-04T15:45:36.1627343Z [36;1mpython automation/inject_mutation.py --error-type "IndexError"[0m
2026-09-04T15:45:36.1654958Z shell: /usr/bin/bash -e {0}
2026-09-04T15:45:36.1655351Z env:
2026-09-04T15:45:36.1655708Z   pythonLocation: /opt/hostedtoolcache/Python/3.11.16/x64
2026-09-04T15:45:36.1656612Z   PKG_CONFIG_PATH: /opt/hostedtoolcache/Python/3.11.16/x64/lib/pkgconfig
2026-09-04T15:45:36.1657115Z   Python_ROOT_DIR: /opt/hostedtoolcache/Python/3.11.16/x64
2026-09-04T15:45:36.1657580Z   Python2_ROOT_DIR: /opt/hostedtoolcache/Python/3.11.16/x64
2026-09-04T15:45:36.1658117Z   Python3_ROOT_DIR: /opt/hostedtoolcache/Python/3.11.16/x64
2026-09-04T15:45:36.1658564Z   LD_LIBRARY_PATH: /opt/hostedtoolcache/Python/3.11.16/x64/lib
2026-09-04T15:45:36.1659031Z ##[endgroup]
2026-09-04T15:45:36.1929495Z [Mutation Injected] Successfully injected IndexError into tests/test_app.py
2026-09-04T15:45:36.2003979Z ##[group]Run pytest tests/test_app.py -v
2026-09-04T15:45:36.2004482Z [36;1mpytest tests/test_app.py -v[0m
2026-09-04T15:45:36.2031141Z shell: /usr/bin/bash -e {0}
2026-09-04T15:45:36.2031529Z env:
2026-09-04T15:45:36.2031910Z   pythonLocation: /opt/hostedtoolcache/Python/3.11.16/x64
2026-09-04T15:45:36.2032468Z   PKG_CONFIG_PATH: /opt/hostedtoolcache/Python/3.11.16/x64/lib/pkgconfig
2026-09-04T15:45:36.2033010Z   Python_ROOT_DIR: /opt/hostedtoolcache/Python/3.11.16/x64
2026-09-04T15:45:36.2033495Z   Python2_ROOT_DIR: /opt/hostedtoolcache/Python/3.11.16/x64
2026-09-04T15:45:36.2034002Z   Python3_ROOT_DIR: /opt/hostedtoolcache/Python/3.11.16/x64
2026-09-04T15:45:36.2034513Z   LD_LIBRARY_PATH: /opt/hostedtoolcache/Python/3.11.16/x64/lib
2026-09-04T15:45:36.2034946Z ##[endgroup]
2026-09-04T15:45:36.7895386Z ============================= test session starts ==============================
2026-09-04T15:45:36.7897541Z platform linux -- Python 3.11.16, pytest-9.1.1, pluggy-1.6.0 -- /opt/hostedtoolcache/Python/3.11.16/x64/bin/python
2026-09-04T15:45:36.7898463Z cachedir: .pytest_cache
2026-09-04T15:45:36.7899240Z rootdir: /home/runner/work/log-generation/log-generation
2026-09-04T15:45:36.7899980Z configfile: pytest.ini
2026-09-04T15:45:36.7973675Z collecting ... collected 6 items
2026-09-04T15:45:36.7980446Z 
2026-09-04T15:45:36.7981293Z tests/test_app.py::test_calculate_division PASSED                        [ 16%]
2026-09-04T15:45:36.7987678Z tests/test_app.py::test_convert_to_int PASSED                            [ 33%]
2026-09-04T15:45:36.7992693Z tests/test_app.py::test_get_list_item PASSED                             [ 50%]
2026-09-04T15:45:36.7998107Z tests/test_app.py::test_get_dict_value PASSED                            [ 66%]
2026-09-04T15:45:36.8003018Z tests/test_app.py::test_assert_positive PASSED                           [ 83%]
2026-09-04T15:45:36.8249027Z tests/test_app.py::test_index_error FAILED                               [100%]
2026-09-04T15:45:36.8249535Z 
2026-09-04T15:45:36.8249846Z =================================== FAILURES ===================================
2026-09-04T15:45:36.8250624Z _______________________________ test_index_error _______________________________
2026-09-04T15:45:36.8251112Z 
2026-09-04T15:45:36.8251282Z     def test_index_error():
2026-09-04T15:45:36.8251747Z         """Injected synthetic IndexError."""
2026-09-04T15:45:36.8252399Z         from src.app import get_list_item
2026-09-04T15:45:36.8252937Z         dataset = [10, 20, 30]
2026-09-04T15:45:36.8253433Z >       get_list_item(dataset, 999)
2026-09-04T15:45:36.8253784Z 
2026-09-04T15:45:36.8254001Z tests/test_app.py:134: 
2026-09-04T15:45:36.8254553Z _ _ _ _ _ _ _ _ _ _ _ _ _ _ _ _ _ _ _ _ _ _ _ _ _ _ _ _ _ _ _ _ _ _ _ _ _ _ _ _ 
2026-09-04T15:45:36.8255034Z 
2026-09-04T15:45:36.8255224Z lst = [10, 20, 30], index = 999
2026-09-04T15:45:36.8255545Z 
2026-09-04T15:45:36.8255732Z     def get_list_item(lst, index):
2026-09-04T15:45:36.8256437Z >       return lst[index]
2026-09-04T15:45:36.8257022Z                ^^^^^^^^^^
2026-09-04T15:45:36.8257701Z E       IndexError: list index out of range
2026-09-04T15:45:36.8258030Z 
2026-09-04T15:45:36.8258319Z src/app.py:8: IndexError
2026-09-04T15:45:36.8460035Z =========================== short test summary info ============================
2026-09-04T15:45:36.8460711Z FAILED tests/test_app.py::test_index_error - IndexError: list index out of range
2026-09-04T15:45:36.8461446Z ========================= 1 failed, 5 passed in 0.02s ==========================
2026-09-04T15:45:36.8471658Z ##[error]Process completed with exit code 1.
2026-09-04T15:45:36.8620246Z Node 20 is being deprecated. This workflow is running with Node 24 by default. If you need to temporarily use Node 20, you can set the ACTIONS_ALLOW_USE_UNSECURE_NODE_VERSION=true environment variable. For more information see: https://github.blog/changelog/2025-09-19-deprecation-of-node-20-on-github-actions-runners/
2026-09-04T15:45:36.8621489Z Post job cleanup.
2026-09-04T15:45:36.9440825Z [command]/usr/bin/git version
2026-09-04T15:45:36.9479438Z git version 2.55.0
2026-09-04T15:45:36.9512976Z Temporarily overriding HOME='/home/runner/work/_temp/7d377c2c-92e4-4186-8f0b-e856e861ee13' before making global git config changes
2026-09-04T15:45:36.9514412Z Adding repository directory to the temporary git global config as a safe directory
2026-09-04T15:45:36.9517554Z [command]/usr/bin/git config --global --add safe.directory /home/runner/work/log-generation/log-generation
2026-09-04T15:45:36.9558614Z [command]/usr/bin/git config --local --name-only --get-regexp core\.sshCommand
2026-09-04T15:45:36.9591516Z [command]/usr/bin/git submodule foreach --recursive sh -c "git config --local --name-only --get-regexp 'core\.sshCommand' && git config --local --unset-all 'core.sshCommand' || :"
2026-09-04T15:45:36.9803330Z [command]/usr/bin/git config --local --name-only --get-regexp http\.https\:\/\/github\.com\/\.extraheader
2026-09-04T15:45:36.9830726Z http.https://github.com/.extraheader
2026-09-04T15:45:36.9838564Z [command]/usr/bin/git config --local --unset-all http.https://github.com/.extraheader
2026-09-04T15:45:36.9878990Z [command]/usr/bin/git submodule foreach --recursive sh -c "git config --local --name-only --get-regexp 'http\.https\:\/\/github\.com\/\.extraheader' && git config --local --unset-all 'http.https://github.com/.extraheader' || :"
2026-09-04T15:45:37.0096865Z [command]/usr/bin/git config --local --name-only --get-regexp ^includeIf\.gitdir:
2026-09-04T15:45:37.0135512Z [command]/usr/bin/git submodule foreach --recursive git config --local --show-origin --name-only --get-regexp remote.origin.url
2026-09-04T15:45:37.0468534Z Cleaning up orphan processes
2026-09-04T15:45:37.0721733Z ##[warning]Node.js 20 is deprecated. The following actions target Node.js 20 but are being forced to run on Node.js 24: actions/checkout@v4, actions/setup-python@v5. For more information see: https://github.blog/changelog/2025-09-19-deprecation-of-node-20-on-github-actions-runners/
