ï»¿2026-09-04T15:45:46.9660684Z Current runner version: '2.337.0'
2026-09-04T15:45:46.9685551Z ##[group]Runner Image Provisioner
2026-09-04T15:45:46.9686381Z Hosted Compute Agent
2026-09-04T15:45:46.9686948Z Version: 20260828.587
2026-09-04T15:45:46.9688124Z Commit: abac92662cab4cc7352de4f9f9d2e2419aad9c29
2026-09-04T15:45:46.9688892Z Build Date: 2026-08-28T16:44:25Z
2026-09-04T15:45:46.9689639Z Worker ID: {2cc8526a-1918-4558-ad2d-cf345f03f15d}
2026-09-04T15:45:46.9690434Z Azure Region: eastus
2026-09-04T15:45:46.9691034Z ##[endgroup]
2026-09-04T15:45:46.9692626Z ##[group]Operating System
2026-09-04T15:45:46.9693334Z Ubuntu
2026-09-04T15:45:46.9694303Z 24.04.4
2026-09-04T15:45:46.9694871Z LTS
2026-09-04T15:45:46.9695382Z ##[endgroup]
2026-09-04T15:45:46.9696027Z ##[group]Runner Image
2026-09-04T15:45:46.9696656Z Image: ubuntu-24.04
2026-09-04T15:45:46.9697229Z Version: 20260831.293.1
2026-09-04T15:45:46.9698900Z Included Software: https://github.com/actions/runner-images/blob/ubuntu24/20260831.293/images/ubuntu/Ubuntu2404-Readme.md
2026-09-04T15:45:46.9700604Z Image Release: https://github.com/actions/runner-images/releases/tag/ubuntu24%2F20260831.293
2026-09-04T15:45:46.9701605Z ##[endgroup]
2026-09-04T15:45:46.9702858Z ##[group]GITHUB_TOKEN Permissions
2026-09-04T15:45:46.9704959Z Contents: read
2026-09-04T15:45:46.9705630Z Metadata: read
2026-09-04T15:45:46.9706248Z Packages: read
2026-09-04T15:45:46.9706820Z ##[endgroup]
2026-09-04T15:45:46.9709718Z Secret source: Actions
2026-09-04T15:45:46.9710944Z Prepare workflow directory
2026-09-04T15:45:47.0039088Z Prepare all required actions
2026-09-04T15:45:47.0088641Z Getting action download info
2026-09-04T15:45:47.2568694Z Download action repository 'actions/checkout@v4' (SHA:11d5960a326750d5838078e36cf38b85af677262)
2026-09-04T15:45:47.3572475Z Download action repository 'actions/setup-python@v5' (SHA:a26af69be951a213d495a4c3e4e4022e16d87065)
2026-09-04T15:45:47.5360399Z Complete job name: test-f3 (ValueError #167)
2026-09-04T15:45:47.6128407Z Node 20 is being deprecated. This workflow is running with Node 24 by default. If you need to temporarily use Node 20, you can set the ACTIONS_ALLOW_USE_UNSECURE_NODE_VERSION=true environment variable. For more information see: https://github.blog/changelog/2025-09-19-deprecation-of-node-20-on-github-actions-runners/
2026-09-04T15:45:47.6137042Z ##[group]Run actions/checkout@v4
2026-09-04T15:45:47.6138068Z with:
2026-09-04T15:45:47.6138531Z   fetch-depth: 1
2026-09-04T15:45:47.6139013Z   repository: DhruvHegde/log-generation
2026-09-04T15:45:47.6142954Z   token: ***
2026-09-04T15:45:47.6143397Z   ssh-strict: true
2026-09-04T15:45:47.6143833Z   ssh-user: git
2026-09-04T15:45:47.6144283Z   persist-credentials: true
2026-09-04T15:45:47.6144773Z   clean: true
2026-09-04T15:45:47.6145244Z   sparse-checkout-cone-mode: true
2026-09-04T15:45:47.6145759Z   fetch-tags: false
2026-09-04T15:45:47.6146246Z   show-progress: true
2026-09-04T15:45:47.6146693Z   lfs: false
2026-09-04T15:45:47.6147143Z   submodules: false
2026-09-04T15:45:47.6147774Z   set-safe-directory: true
2026-09-04T15:45:47.6148302Z   allow-unsafe-pr-checkout: false
2026-09-04T15:45:47.6149171Z ##[endgroup]
2026-09-04T15:45:47.7163790Z Syncing repository: DhruvHegde/log-generation
2026-09-04T15:45:47.7166361Z ##[group]Getting Git version info
2026-09-04T15:45:47.7167820Z Working directory is '/home/runner/work/log-generation/log-generation'
2026-09-04T15:45:47.7169602Z [command]/usr/bin/git version
2026-09-04T15:45:47.7231360Z git version 2.55.0
2026-09-04T15:45:47.7253353Z ##[endgroup]
2026-09-04T15:45:47.7269636Z Temporarily overriding HOME='/home/runner/work/_temp/ef08cc45-0e9b-4393-b787-1e5dc3760db0' before making global git config changes
2026-09-04T15:45:47.7272154Z Adding repository directory to the temporary git global config as a safe directory
2026-09-04T15:45:47.7274990Z [command]/usr/bin/git config --global --add safe.directory /home/runner/work/log-generation/log-generation
2026-09-04T15:45:47.7345443Z Deleting the contents of '/home/runner/work/log-generation/log-generation'
2026-09-04T15:45:47.7354261Z ##[group]Initializing the repository
2026-09-04T15:45:47.7355612Z [command]/usr/bin/git init /home/runner/work/log-generation/log-generation
2026-09-04T15:45:47.7474222Z hint: Using 'master' as the name for the initial branch. This default branch name
2026-09-04T15:45:47.7476244Z hint: will change to "main" in Git 3.0. To configure the initial branch name
2026-09-04T15:45:47.7478118Z hint: to use in all of your new repositories, which will suppress this warning,
2026-09-04T15:45:47.7479419Z hint: call:
2026-09-04T15:45:47.7480105Z hint:
2026-09-04T15:45:47.7481001Z hint: 	git config --global init.defaultBranch <name>
2026-09-04T15:45:47.7481882Z hint:
2026-09-04T15:45:47.7482863Z hint: Names commonly chosen instead of 'master' are 'main', 'trunk' and
2026-09-04T15:45:47.7484493Z hint: 'development'. The just-created branch can be renamed via this command:
2026-09-04T15:45:47.7485420Z hint:
2026-09-04T15:45:47.7485903Z hint: 	git branch -m <name>
2026-09-04T15:45:47.7486533Z hint:
2026-09-04T15:45:47.7487215Z hint: Disable this message with "git config set advice.defaultBranchName false"
2026-09-04T15:45:47.7488717Z Initialized empty Git repository in /home/runner/work/log-generation/log-generation/.git/
2026-09-04T15:45:47.7493205Z [command]/usr/bin/git remote add origin https://github.com/DhruvHegde/log-generation
2026-09-04T15:45:47.7544299Z ##[endgroup]
2026-09-04T15:45:47.7545562Z ##[group]Disabling automatic garbage collection
2026-09-04T15:45:47.7548980Z [command]/usr/bin/git config --local gc.auto 0
2026-09-04T15:45:47.7579403Z ##[endgroup]
2026-09-04T15:45:47.7580135Z ##[group]Setting up auth
2026-09-04T15:45:47.7587329Z [command]/usr/bin/git config --local --name-only --get-regexp core\.sshCommand
2026-09-04T15:45:47.7621843Z [command]/usr/bin/git submodule foreach --recursive sh -c "git config --local --name-only --get-regexp 'core\.sshCommand' && git config --local --unset-all 'core.sshCommand' || :"
2026-09-04T15:45:47.8001321Z [command]/usr/bin/git config --local --name-only --get-regexp http\.https\:\/\/github\.com\/\.extraheader
2026-09-04T15:45:47.8040070Z [command]/usr/bin/git submodule foreach --recursive sh -c "git config --local --name-only --get-regexp 'http\.https\:\/\/github\.com\/\.extraheader' && git config --local --unset-all 'http.https://github.com/.extraheader' || :"
2026-09-04T15:45:47.8276643Z [command]/usr/bin/git config --local --name-only --get-regexp ^includeIf\.gitdir:
2026-09-04T15:45:47.8314439Z [command]/usr/bin/git submodule foreach --recursive git config --local --show-origin --name-only --get-regexp remote.origin.url
2026-09-04T15:45:47.8536061Z [command]/usr/bin/git config --local http.https://github.com/.extraheader AUTHORIZATION: basic ***
2026-09-04T15:45:47.8574312Z ##[endgroup]
2026-09-04T15:45:47.8575770Z ##[group]Fetching the repository
2026-09-04T15:45:47.8586201Z [command]/usr/bin/git -c protocol.version=2 fetch --no-tags --prune --no-recurse-submodules --depth=1 origin +ff2db557a0a8df7e538c7d2e729be8ed403658e2:refs/remotes/origin/feature/f3-test-failures
2026-09-04T15:45:48.1237646Z From https://github.com/DhruvHegde/log-generation
2026-09-04T15:45:48.1240980Z  * [new ref]         ff2db557a0a8df7e538c7d2e729be8ed403658e2 -> origin/feature/f3-test-failures
2026-09-04T15:45:48.1245696Z ##[endgroup]
2026-09-04T15:45:48.1248181Z ##[group]Determining the checkout info
2026-09-04T15:45:48.1250620Z ##[endgroup]
2026-09-04T15:45:48.1254740Z [command]/usr/bin/git sparse-checkout disable
2026-09-04T15:45:48.1314288Z [command]/usr/bin/git config --local --unset-all extensions.worktreeConfig
2026-09-04T15:45:48.1350476Z ##[group]Checking out the ref
2026-09-04T15:45:48.1356130Z [command]/usr/bin/git checkout --progress --force -B feature/f3-test-failures refs/remotes/origin/feature/f3-test-failures
2026-09-04T15:45:48.2121353Z Switched to a new branch 'feature/f3-test-failures'
2026-09-04T15:45:48.2125602Z branch 'feature/f3-test-failures' set up to track 'origin/feature/f3-test-failures'.
2026-09-04T15:45:48.2136456Z ##[endgroup]
2026-09-04T15:45:48.2188286Z [command]/usr/bin/git log -1 --format=%H
2026-09-04T15:45:48.2216030Z ff2db557a0a8df7e538c7d2e729be8ed403658e2
2026-09-04T15:45:48.2519966Z Node 20 is being deprecated. This workflow is running with Node 24 by default. If you need to temporarily use Node 20, you can set the ACTIONS_ALLOW_USE_UNSECURE_NODE_VERSION=true environment variable. For more information see: https://github.blog/changelog/2025-09-19-deprecation-of-node-20-on-github-actions-runners/
2026-09-04T15:45:48.2522861Z ##[group]Run actions/setup-python@v5
2026-09-04T15:45:48.2523447Z with:
2026-09-04T15:45:48.2523915Z   python-version: 3.11
2026-09-04T15:45:48.2524436Z   check-latest: false
2026-09-04T15:45:48.2528410Z   token: ***
2026-09-04T15:45:48.2528910Z   update-environment: true
2026-09-04T15:45:48.2529462Z   allow-prereleases: false
2026-09-04T15:45:48.2529995Z   freethreaded: false
2026-09-04T15:45:48.2530495Z ##[endgroup]
2026-09-04T15:45:48.3884784Z ##[group]Installed versions
2026-09-04T15:45:48.3987013Z (node:2247) [DEP0040] DeprecationWarning: The `punycode` module is deprecated. Please use a userland alternative instead.
2026-09-04T15:45:48.3990265Z (Use `node --trace-deprecation ...` to show where the warning was created)
2026-09-04T15:45:48.3992040Z Successfully set up CPython (3.11.16)
2026-09-04T15:45:48.3993755Z ##[endgroup]
2026-09-04T15:45:48.4184539Z ##[group]Run pip install --no-cache-dir pytest
2026-09-04T15:45:48.4185930Z [36;1mpip install --no-cache-dir pytest[0m
2026-09-04T15:45:48.4252294Z shell: /usr/bin/bash -e {0}
2026-09-04T15:45:48.4253217Z env:
2026-09-04T15:45:48.4254138Z   pythonLocation: /opt/hostedtoolcache/Python/3.11.16/x64
2026-09-04T15:45:48.4255644Z   PKG_CONFIG_PATH: /opt/hostedtoolcache/Python/3.11.16/x64/lib/pkgconfig
2026-09-04T15:45:48.4257153Z   Python_ROOT_DIR: /opt/hostedtoolcache/Python/3.11.16/x64
2026-09-04T15:45:48.4258919Z   Python2_ROOT_DIR: /opt/hostedtoolcache/Python/3.11.16/x64
2026-09-04T15:45:48.4260301Z   Python3_ROOT_DIR: /opt/hostedtoolcache/Python/3.11.16/x64
2026-09-04T15:45:48.4261686Z   LD_LIBRARY_PATH: /opt/hostedtoolcache/Python/3.11.16/x64/lib
2026-09-04T15:45:48.4262892Z ##[endgroup]
2026-09-04T15:45:49.2899004Z Collecting pytest
2026-09-04T15:45:49.3377154Z   Downloading pytest-9.1.1-py3-none-any.whl.metadata (7.6 kB)
2026-09-04T15:45:49.3464894Z Collecting iniconfig>=1.0.1 (from pytest)
2026-09-04T15:45:49.3502843Z   Downloading iniconfig-2.3.0-py3-none-any.whl.metadata (2.5 kB)
2026-09-04T15:45:49.3612844Z Collecting packaging>=22 (from pytest)
2026-09-04T15:45:49.3649357Z   Downloading packaging-26.3-py3-none-any.whl.metadata (3.5 kB)
2026-09-04T15:45:49.3732780Z Collecting pluggy<2,>=1.5 (from pytest)
2026-09-04T15:45:49.3837085Z   Downloading pluggy-1.6.0-py3-none-any.whl.metadata (4.8 kB)
2026-09-04T15:45:49.3975448Z Collecting pygments>=2.7.2 (from pytest)
2026-09-04T15:45:49.4016844Z   Downloading pygments-2.21.0-py3-none-any.whl.metadata (2.5 kB)
2026-09-04T15:45:49.4085013Z Downloading pytest-9.1.1-py3-none-any.whl (386 kB)
2026-09-04T15:45:49.4255805Z Downloading pluggy-1.6.0-py3-none-any.whl (20 kB)
2026-09-04T15:45:49.4295629Z Downloading iniconfig-2.3.0-py3-none-any.whl (7.5 kB)
2026-09-04T15:45:49.4340939Z Downloading packaging-26.3-py3-none-any.whl (129 kB)
2026-09-04T15:45:49.4389079Z Downloading pygments-2.21.0-py3-none-any.whl (1.3 MB)
2026-09-04T15:45:49.4484884Z    ââââââââââââââââââââââââââââââââââââââââ 1.3/1.3 MB 209.4 MB/s  0:00:00
2026-09-04T15:45:49.5222319Z Installing collected packages: pygments, pluggy, packaging, iniconfig, pytest
2026-09-04T15:45:50.4684954Z 
2026-09-04T15:45:50.4694129Z Successfully installed iniconfig-2.3.0 packaging-26.3 pluggy-1.6.0 pygments-2.21.0 pytest-9.1.1
2026-09-04T15:45:50.5208276Z ##[group]Run python automation/inject_mutation.py --error-type "ValueError"
2026-09-04T15:45:50.5208901Z [36;1mpython automation/inject_mutation.py --error-type "ValueError"[0m
2026-09-04T15:45:50.5247212Z shell: /usr/bin/bash -e {0}
2026-09-04T15:45:50.5247602Z env:
2026-09-04T15:45:50.5247884Z   pythonLocation: /opt/hostedtoolcache/Python/3.11.16/x64
2026-09-04T15:45:50.5248570Z   PKG_CONFIG_PATH: /opt/hostedtoolcache/Python/3.11.16/x64/lib/pkgconfig
2026-09-04T15:45:50.5249024Z   Python_ROOT_DIR: /opt/hostedtoolcache/Python/3.11.16/x64
2026-09-04T15:45:50.5249428Z   Python2_ROOT_DIR: /opt/hostedtoolcache/Python/3.11.16/x64
2026-09-04T15:45:50.5249829Z   Python3_ROOT_DIR: /opt/hostedtoolcache/Python/3.11.16/x64
2026-09-04T15:45:50.5250222Z   LD_LIBRARY_PATH: /opt/hostedtoolcache/Python/3.11.16/x64/lib
2026-09-04T15:45:50.5250551Z ##[endgroup]
2026-09-04T15:45:50.5545196Z [Mutation Injected] Successfully injected ValueError into tests/test_app.py
2026-09-04T15:45:50.5614532Z ##[group]Run pytest tests/test_app.py -v
2026-09-04T15:45:50.5614904Z [36;1mpytest tests/test_app.py -v[0m
2026-09-04T15:45:50.5650386Z shell: /usr/bin/bash -e {0}
2026-09-04T15:45:50.5650643Z env:
2026-09-04T15:45:50.5650913Z   pythonLocation: /opt/hostedtoolcache/Python/3.11.16/x64
2026-09-04T15:45:50.5651379Z   PKG_CONFIG_PATH: /opt/hostedtoolcache/Python/3.11.16/x64/lib/pkgconfig
2026-09-04T15:45:50.5651830Z   Python_ROOT_DIR: /opt/hostedtoolcache/Python/3.11.16/x64
2026-09-04T15:45:50.5652214Z   Python2_ROOT_DIR: /opt/hostedtoolcache/Python/3.11.16/x64
2026-09-04T15:45:50.5652596Z   Python3_ROOT_DIR: /opt/hostedtoolcache/Python/3.11.16/x64
2026-09-04T15:45:50.5652984Z   LD_LIBRARY_PATH: /opt/hostedtoolcache/Python/3.11.16/x64/lib
2026-09-04T15:45:50.5653315Z ##[endgroup]
2026-09-04T15:45:50.7878447Z ============================= test session starts ==============================
2026-09-04T15:45:50.7879800Z platform linux -- Python 3.11.16, pytest-9.1.1, pluggy-1.6.0 -- /opt/hostedtoolcache/Python/3.11.16/x64/bin/python
2026-09-04T15:45:50.7880814Z cachedir: .pytest_cache
2026-09-04T15:45:50.7881452Z rootdir: /home/runner/work/log-generation/log-generation
2026-09-04T15:45:50.7882101Z configfile: pytest.ini
2026-09-04T15:45:50.7966581Z collecting ... collected 6 items
2026-09-04T15:45:50.7967009Z 
2026-09-04T15:45:50.7975534Z tests/test_app.py::test_calculate_division PASSED                        [ 16%]
2026-09-04T15:45:50.7983164Z tests/test_app.py::test_convert_to_int PASSED                            [ 33%]
2026-09-04T15:45:50.7991115Z tests/test_app.py::test_get_list_item PASSED                             [ 50%]
2026-09-04T15:45:50.7998176Z tests/test_app.py::test_get_dict_value PASSED                            [ 66%]
2026-09-04T15:45:50.8005329Z tests/test_app.py::test_assert_positive PASSED                           [ 83%]
2026-09-04T15:45:50.8270363Z tests/test_app.py::test_value_error FAILED                               [100%]
2026-09-04T15:45:50.8270948Z 
2026-09-04T15:45:50.8271207Z =================================== FAILURES ===================================
2026-09-04T15:45:50.8271873Z _______________________________ test_value_error _______________________________
2026-09-04T15:45:50.8272314Z 
2026-09-04T15:45:50.8272492Z     def test_value_error():
2026-09-04T15:45:50.8272956Z         """Injected synthetic ValueError."""
2026-09-04T15:45:50.8273488Z         from src.app import convert_to_int
2026-09-04T15:45:50.8274129Z >       convert_to_int("unparseable_alphanumeric_0x99")
2026-09-04T15:45:50.8274549Z 
2026-09-04T15:45:50.8274713Z tests/test_app.py:133: 
2026-09-04T15:45:50.8275216Z _ _ _ _ _ _ _ _ _ _ _ _ _ _ _ _ _ _ _ _ _ _ _ _ _ _ _ _ _ _ _ _ _ _ _ _ _ _ _ _ 
2026-09-04T15:45:50.8275660Z 
2026-09-04T15:45:50.8275871Z val = 'unparseable_alphanumeric_0x99'
2026-09-04T15:45:50.8276208Z 
2026-09-04T15:45:50.8276398Z     def convert_to_int(val):
2026-09-04T15:45:50.8276818Z >       return int(val)
2026-09-04T15:45:50.8277198Z                ^^^^^^^^
2026-09-04T15:45:50.8278131Z E       ValueError: invalid literal for int() with base 10: 'unparseable_alphanumeric_0x99'
2026-09-04T15:45:50.8278767Z 
2026-09-04T15:45:50.8278938Z src/app.py:5: ValueError
2026-09-04T15:45:50.8279459Z =========================== short test summary info ============================
2026-09-04T15:45:50.8280597Z FAILED tests/test_app.py::test_value_error - ValueError: invalid literal for int() with base 10: 'unparseable_alphanumeric_0x99'
2026-09-04T15:45:50.8282065Z ========================= 1 failed, 5 passed in 0.03s ==========================
2026-09-04T15:45:50.8468350Z ##[error]Process completed with exit code 1.
2026-09-04T15:45:50.8617939Z Node 20 is being deprecated. This workflow is running with Node 24 by default. If you need to temporarily use Node 20, you can set the ACTIONS_ALLOW_USE_UNSECURE_NODE_VERSION=true environment variable. For more information see: https://github.blog/changelog/2025-09-19-deprecation-of-node-20-on-github-actions-runners/
2026-09-04T15:45:50.8619250Z Post job cleanup.
2026-09-04T15:45:50.9531747Z [command]/usr/bin/git version
2026-09-04T15:45:50.9573692Z git version 2.55.0
2026-09-04T15:45:50.9613377Z Temporarily overriding HOME='/home/runner/work/_temp/63c82d56-4dfb-467a-af9c-442cd55558b4' before making global git config changes
2026-09-04T15:45:50.9614724Z Adding repository directory to the temporary git global config as a safe directory
2026-09-04T15:45:50.9619221Z [command]/usr/bin/git config --global --add safe.directory /home/runner/work/log-generation/log-generation
2026-09-04T15:45:50.9656421Z [command]/usr/bin/git config --local --name-only --get-regexp core\.sshCommand
2026-09-04T15:45:50.9699883Z [command]/usr/bin/git submodule foreach --recursive sh -c "git config --local --name-only --get-regexp 'core\.sshCommand' && git config --local --unset-all 'core.sshCommand' || :"
2026-09-04T15:45:50.9947167Z [command]/usr/bin/git config --local --name-only --get-regexp http\.https\:\/\/github\.com\/\.extraheader
2026-09-04T15:45:50.9978933Z http.https://github.com/.extraheader
2026-09-04T15:45:50.9990413Z [command]/usr/bin/git config --local --unset-all http.https://github.com/.extraheader
2026-09-04T15:45:51.0043590Z [command]/usr/bin/git submodule foreach --recursive sh -c "git config --local --name-only --get-regexp 'http\.https\:\/\/github\.com\/\.extraheader' && git config --local --unset-all 'http.https://github.com/.extraheader' || :"
2026-09-04T15:45:51.0303224Z [command]/usr/bin/git config --local --name-only --get-regexp ^includeIf\.gitdir:
2026-09-04T15:45:51.0349050Z [command]/usr/bin/git submodule foreach --recursive git config --local --show-origin --name-only --get-regexp remote.origin.url
2026-09-04T15:45:51.0758089Z Cleaning up orphan processes
2026-09-04T15:45:51.1063238Z ##[warning]Node.js 20 is deprecated. The following actions target Node.js 20 but are being forced to run on Node.js 24: actions/checkout@v4, actions/setup-python@v5. For more information see: https://github.blog/changelog/2025-09-19-deprecation-of-node-20-on-github-actions-runners/
