ï»¿2026-09-04T15:45:36.1806507Z Current runner version: '2.337.0'
2026-09-04T15:45:36.1834543Z ##[group]Runner Image Provisioner
2026-09-04T15:45:36.1835842Z Hosted Compute Agent
2026-09-04T15:45:36.1836768Z Version: 20260828.587
2026-09-04T15:45:36.1837701Z Commit: abac92662cab4cc7352de4f9f9d2e2419aad9c29
2026-09-04T15:45:36.1838881Z Build Date: 2026-08-28T16:44:25Z
2026-09-04T15:45:36.1839595Z Worker ID: {78e464d0-9d10-4b06-a11b-2cb6742ff62e}
2026-09-04T15:45:36.1840385Z Azure Region: eastus2
2026-09-04T15:45:36.1841011Z ##[endgroup]
2026-09-04T15:45:36.1842517Z ##[group]Operating System
2026-09-04T15:45:36.1843417Z Ubuntu
2026-09-04T15:45:36.1844009Z 24.04.4
2026-09-04T15:45:36.1844991Z LTS
2026-09-04T15:45:36.1845611Z ##[endgroup]
2026-09-04T15:45:36.1846186Z ##[group]Runner Image
2026-09-04T15:45:36.1846943Z Image: ubuntu-24.04
2026-09-04T15:45:36.1847564Z Version: 20260831.293.1
2026-09-04T15:45:36.1848974Z Included Software: https://github.com/actions/runner-images/blob/ubuntu24/20260831.293/images/ubuntu/Ubuntu2404-Readme.md
2026-09-04T15:45:36.1850528Z Image Release: https://github.com/actions/runner-images/releases/tag/ubuntu24%2F20260831.293
2026-09-04T15:45:36.1851660Z ##[endgroup]
2026-09-04T15:45:36.1853108Z ##[group]GITHUB_TOKEN Permissions
2026-09-04T15:45:36.1855691Z Contents: read
2026-09-04T15:45:36.1856325Z Metadata: read
2026-09-04T15:45:36.1856972Z Packages: read
2026-09-04T15:45:36.1857613Z ##[endgroup]
2026-09-04T15:45:36.1859841Z Secret source: Actions
2026-09-04T15:45:36.1861350Z Prepare workflow directory
2026-09-04T15:45:36.2201544Z Prepare all required actions
2026-09-04T15:45:36.2251925Z Getting action download info
2026-09-04T15:45:36.4450716Z Download action repository 'actions/checkout@v4' (SHA:11d5960a326750d5838078e36cf38b85af677262)
2026-09-04T15:45:36.5494171Z Download action repository 'actions/setup-python@v5' (SHA:a26af69be951a213d495a4c3e4e4022e16d87065)
2026-09-04T15:45:36.7425750Z Complete job name: test-f3 (FileNotFoundError #157)
2026-09-04T15:45:36.8189213Z Node 20 is being deprecated. This workflow is running with Node 24 by default. If you need to temporarily use Node 20, you can set the ACTIONS_ALLOW_USE_UNSECURE_NODE_VERSION=true environment variable. For more information see: https://github.blog/changelog/2025-09-19-deprecation-of-node-20-on-github-actions-runners/
2026-09-04T15:45:36.8198143Z ##[group]Run actions/checkout@v4
2026-09-04T15:45:36.8198838Z with:
2026-09-04T15:45:36.8199273Z   fetch-depth: 1
2026-09-04T15:45:36.8199752Z   repository: DhruvHegde/log-generation
2026-09-04T15:45:36.8204063Z   token: ***
2026-09-04T15:45:36.8204507Z   ssh-strict: true
2026-09-04T15:45:36.8204951Z   ssh-user: git
2026-09-04T15:45:36.8205398Z   persist-credentials: true
2026-09-04T15:45:36.8205889Z   clean: true
2026-09-04T15:45:36.8206341Z   sparse-checkout-cone-mode: true
2026-09-04T15:45:36.8206850Z   fetch-tags: false
2026-09-04T15:45:36.8207301Z   show-progress: true
2026-09-04T15:45:36.8207745Z   lfs: false
2026-09-04T15:45:36.8208195Z   submodules: false
2026-09-04T15:45:36.8208658Z   set-safe-directory: true
2026-09-04T15:45:36.8209175Z   allow-unsafe-pr-checkout: false
2026-09-04T15:45:36.8209882Z ##[endgroup]
2026-09-04T15:45:36.9264117Z Syncing repository: DhruvHegde/log-generation
2026-09-04T15:45:36.9266852Z ##[group]Getting Git version info
2026-09-04T15:45:36.9268073Z Working directory is '/home/runner/work/log-generation/log-generation'
2026-09-04T15:45:36.9269851Z [command]/usr/bin/git version
2026-09-04T15:45:36.9295669Z git version 2.55.0
2026-09-04T15:45:36.9317191Z ##[endgroup]
2026-09-04T15:45:36.9332736Z Temporarily overriding HOME='/home/runner/work/_temp/ff218b81-3aaf-4cab-9616-bc22d8b7c872' before making global git config changes
2026-09-04T15:45:36.9335239Z Adding repository directory to the temporary git global config as a safe directory
2026-09-04T15:45:36.9338424Z [command]/usr/bin/git config --global --add safe.directory /home/runner/work/log-generation/log-generation
2026-09-04T15:45:36.9390771Z Deleting the contents of '/home/runner/work/log-generation/log-generation'
2026-09-04T15:45:36.9401314Z ##[group]Initializing the repository
2026-09-04T15:45:36.9403169Z [command]/usr/bin/git init /home/runner/work/log-generation/log-generation
2026-09-04T15:45:36.9492828Z hint: Using 'master' as the name for the initial branch. This default branch name
2026-09-04T15:45:36.9496375Z hint: will change to "main" in Git 3.0. To configure the initial branch name
2026-09-04T15:45:36.9497957Z hint: to use in all of your new repositories, which will suppress this warning,
2026-09-04T15:45:36.9499219Z hint: call:
2026-09-04T15:45:36.9499874Z hint:
2026-09-04T15:45:36.9500677Z hint: 	git config --global init.defaultBranch <name>
2026-09-04T15:45:36.9501665Z hint:
2026-09-04T15:45:36.9502577Z hint: Names commonly chosen instead of 'master' are 'main', 'trunk' and
2026-09-04T15:45:36.9504251Z hint: 'development'. The just-created branch can be renamed via this command:
2026-09-04T15:45:36.9505429Z hint:
2026-09-04T15:45:36.9506156Z hint: 	git branch -m <name>
2026-09-04T15:45:36.9506933Z hint:
2026-09-04T15:45:36.9507945Z hint: Disable this message with "git config set advice.defaultBranchName false"
2026-09-04T15:45:36.9509660Z Initialized empty Git repository in /home/runner/work/log-generation/log-generation/.git/
2026-09-04T15:45:36.9512872Z [command]/usr/bin/git remote add origin https://github.com/DhruvHegde/log-generation
2026-09-04T15:45:36.9553421Z ##[endgroup]
2026-09-04T15:45:36.9554693Z ##[group]Disabling automatic garbage collection
2026-09-04T15:45:36.9557410Z [command]/usr/bin/git config --local gc.auto 0
2026-09-04T15:45:36.9592408Z ##[endgroup]
2026-09-04T15:45:36.9593951Z ##[group]Setting up auth
2026-09-04T15:45:36.9599708Z [command]/usr/bin/git config --local --name-only --get-regexp core\.sshCommand
2026-09-04T15:45:36.9637442Z [command]/usr/bin/git submodule foreach --recursive sh -c "git config --local --name-only --get-regexp 'core\.sshCommand' && git config --local --unset-all 'core.sshCommand' || :"
2026-09-04T15:45:36.9996932Z [command]/usr/bin/git config --local --name-only --get-regexp http\.https\:\/\/github\.com\/\.extraheader
2026-09-04T15:45:37.0029296Z [command]/usr/bin/git submodule foreach --recursive sh -c "git config --local --name-only --get-regexp 'http\.https\:\/\/github\.com\/\.extraheader' && git config --local --unset-all 'http.https://github.com/.extraheader' || :"
2026-09-04T15:45:37.0292485Z [command]/usr/bin/git config --local --name-only --get-regexp ^includeIf\.gitdir:
2026-09-04T15:45:37.0333202Z [command]/usr/bin/git submodule foreach --recursive git config --local --show-origin --name-only --get-regexp remote.origin.url
2026-09-04T15:45:37.0572607Z [command]/usr/bin/git config --local http.https://github.com/.extraheader AUTHORIZATION: basic ***
2026-09-04T15:45:37.0614470Z ##[endgroup]
2026-09-04T15:45:37.0615354Z ##[group]Fetching the repository
2026-09-04T15:45:37.0625221Z [command]/usr/bin/git -c protocol.version=2 fetch --no-tags --prune --no-recurse-submodules --depth=1 origin +ff2db557a0a8df7e538c7d2e729be8ed403658e2:refs/remotes/origin/feature/f3-test-failures
2026-09-04T15:45:37.3731630Z From https://github.com/DhruvHegde/log-generation
2026-09-04T15:45:37.3733142Z  * [new ref]         ff2db557a0a8df7e538c7d2e729be8ed403658e2 -> origin/feature/f3-test-failures
2026-09-04T15:45:37.3737302Z ##[endgroup]
2026-09-04T15:45:37.3739012Z ##[group]Determining the checkout info
2026-09-04T15:45:37.3740985Z ##[endgroup]
2026-09-04T15:45:37.3748374Z [command]/usr/bin/git sparse-checkout disable
2026-09-04T15:45:37.3804900Z [command]/usr/bin/git config --local --unset-all extensions.worktreeConfig
2026-09-04T15:45:37.3840878Z ##[group]Checking out the ref
2026-09-04T15:45:37.3846002Z [command]/usr/bin/git checkout --progress --force -B feature/f3-test-failures refs/remotes/origin/feature/f3-test-failures
2026-09-04T15:45:37.4632288Z Switched to a new branch 'feature/f3-test-failures'
2026-09-04T15:45:37.4638035Z branch 'feature/f3-test-failures' set up to track 'origin/feature/f3-test-failures'.
2026-09-04T15:45:37.4647938Z ##[endgroup]
2026-09-04T15:45:37.4702407Z [command]/usr/bin/git log -1 --format=%H
2026-09-04T15:45:37.4736495Z ff2db557a0a8df7e538c7d2e729be8ed403658e2
2026-09-04T15:45:37.5083654Z Node 20 is being deprecated. This workflow is running with Node 24 by default. If you need to temporarily use Node 20, you can set the ACTIONS_ALLOW_USE_UNSECURE_NODE_VERSION=true environment variable. For more information see: https://github.blog/changelog/2025-09-19-deprecation-of-node-20-on-github-actions-runners/
2026-09-04T15:45:37.5089195Z ##[group]Run actions/setup-python@v5
2026-09-04T15:45:37.5090213Z with:
2026-09-04T15:45:37.5090951Z   python-version: 3.11
2026-09-04T15:45:37.5091808Z   check-latest: false
2026-09-04T15:45:37.5101373Z   token: ***
2026-09-04T15:45:37.5102151Z   update-environment: true
2026-09-04T15:45:37.5103233Z   allow-prereleases: false
2026-09-04T15:45:37.5104137Z   freethreaded: false
2026-09-04T15:45:37.5104959Z ##[endgroup]
2026-09-04T15:45:37.6449388Z ##[group]Installed versions
2026-09-04T15:45:37.6531274Z (node:2306) [DEP0040] DeprecationWarning: The `punycode` module is deprecated. Please use a userland alternative instead.
2026-09-04T15:45:37.6535076Z (Use `node --trace-deprecation ...` to show where the warning was created)
2026-09-04T15:45:37.6536977Z Successfully set up CPython (3.11.16)
2026-09-04T15:45:37.6539187Z ##[endgroup]
2026-09-04T15:45:37.6775748Z ##[group]Run pip install --no-cache-dir pytest
2026-09-04T15:45:37.6777191Z [36;1mpip install --no-cache-dir pytest[0m
2026-09-04T15:45:37.6851782Z shell: /usr/bin/bash -e {0}
2026-09-04T15:45:37.6853453Z env:
2026-09-04T15:45:37.6855506Z   pythonLocation: /opt/hostedtoolcache/Python/3.11.16/x64
2026-09-04T15:45:37.6859141Z   PKG_CONFIG_PATH: /opt/hostedtoolcache/Python/3.11.16/x64/lib/pkgconfig
2026-09-04T15:45:37.6861668Z   Python_ROOT_DIR: /opt/hostedtoolcache/Python/3.11.16/x64
2026-09-04T15:45:37.6863978Z   Python2_ROOT_DIR: /opt/hostedtoolcache/Python/3.11.16/x64
2026-09-04T15:45:37.6866069Z   Python3_ROOT_DIR: /opt/hostedtoolcache/Python/3.11.16/x64
2026-09-04T15:45:37.6955648Z   LD_LIBRARY_PATH: /opt/hostedtoolcache/Python/3.11.16/x64/lib
2026-09-04T15:45:37.6957113Z ##[endgroup]
2026-09-04T15:45:38.4889674Z Collecting pytest
2026-09-04T15:45:38.5477953Z   Downloading pytest-9.1.1-py3-none-any.whl.metadata (7.6 kB)
2026-09-04T15:45:38.5603927Z Collecting iniconfig>=1.0.1 (from pytest)
2026-09-04T15:45:38.5680150Z   Downloading iniconfig-2.3.0-py3-none-any.whl.metadata (2.5 kB)
2026-09-04T15:45:38.5840377Z Collecting packaging>=22 (from pytest)
2026-09-04T15:45:38.5914754Z   Downloading packaging-26.3-py3-none-any.whl.metadata (3.5 kB)
2026-09-04T15:45:38.6030890Z Collecting pluggy<2,>=1.5 (from pytest)
2026-09-04T15:45:38.6101236Z   Downloading pluggy-1.6.0-py3-none-any.whl.metadata (4.8 kB)
2026-09-04T15:45:38.6274567Z Collecting pygments>=2.7.2 (from pytest)
2026-09-04T15:45:38.6350107Z   Downloading pygments-2.21.0-py3-none-any.whl.metadata (2.5 kB)
2026-09-04T15:45:38.6451316Z Downloading pytest-9.1.1-py3-none-any.whl (386 kB)
2026-09-04T15:45:38.6743173Z Downloading pluggy-1.6.0-py3-none-any.whl (20 kB)
2026-09-04T15:45:38.6829190Z Downloading iniconfig-2.3.0-py3-none-any.whl (7.5 kB)
2026-09-04T15:45:38.6907017Z Downloading packaging-26.3-py3-none-any.whl (129 kB)
2026-09-04T15:45:38.6981577Z Downloading pygments-2.21.0-py3-none-any.whl (1.3 MB)
2026-09-04T15:45:38.7196349Z    ââââââââââââââââââââââââââââââââââââââââ 1.3/1.3 MB 75.2 MB/s  0:00:00
2026-09-04T15:45:38.7795745Z Installing collected packages: pygments, pluggy, packaging, iniconfig, pytest
2026-09-04T15:45:39.8289480Z 
2026-09-04T15:45:39.8299463Z Successfully installed iniconfig-2.3.0 packaging-26.3 pluggy-1.6.0 pygments-2.21.0 pytest-9.1.1
2026-09-04T15:45:39.8966531Z ##[group]Run python automation/inject_mutation.py --error-type "FileNotFoundError"
2026-09-04T15:45:39.8967205Z [36;1mpython automation/inject_mutation.py --error-type "FileNotFoundError"[0m
2026-09-04T15:45:39.9010043Z shell: /usr/bin/bash -e {0}
2026-09-04T15:45:39.9010325Z env:
2026-09-04T15:45:39.9010639Z   pythonLocation: /opt/hostedtoolcache/Python/3.11.16/x64
2026-09-04T15:45:39.9011363Z   PKG_CONFIG_PATH: /opt/hostedtoolcache/Python/3.11.16/x64/lib/pkgconfig
2026-09-04T15:45:39.9011813Z   Python_ROOT_DIR: /opt/hostedtoolcache/Python/3.11.16/x64
2026-09-04T15:45:39.9012198Z   Python2_ROOT_DIR: /opt/hostedtoolcache/Python/3.11.16/x64
2026-09-04T15:45:39.9012591Z   Python3_ROOT_DIR: /opt/hostedtoolcache/Python/3.11.16/x64
2026-09-04T15:45:39.9013145Z   LD_LIBRARY_PATH: /opt/hostedtoolcache/Python/3.11.16/x64/lib
2026-09-04T15:45:39.9013483Z ##[endgroup]
2026-09-04T15:45:39.9345192Z [Mutation Injected] Successfully injected FileNotFoundError into tests/test_app.py
2026-09-04T15:45:39.9428237Z ##[group]Run pytest tests/test_app.py -v
2026-09-04T15:45:39.9428655Z [36;1mpytest tests/test_app.py -v[0m
2026-09-04T15:45:39.9471602Z shell: /usr/bin/bash -e {0}
2026-09-04T15:45:39.9471879Z env:
2026-09-04T15:45:39.9472170Z   pythonLocation: /opt/hostedtoolcache/Python/3.11.16/x64
2026-09-04T15:45:39.9472608Z   PKG_CONFIG_PATH: /opt/hostedtoolcache/Python/3.11.16/x64/lib/pkgconfig
2026-09-04T15:45:39.9473304Z   Python_ROOT_DIR: /opt/hostedtoolcache/Python/3.11.16/x64
2026-09-04T15:45:39.9473686Z   Python2_ROOT_DIR: /opt/hostedtoolcache/Python/3.11.16/x64
2026-09-04T15:45:39.9474072Z   Python3_ROOT_DIR: /opt/hostedtoolcache/Python/3.11.16/x64
2026-09-04T15:45:39.9474479Z   LD_LIBRARY_PATH: /opt/hostedtoolcache/Python/3.11.16/x64/lib
2026-09-04T15:45:39.9474813Z ##[endgroup]
2026-09-04T15:45:40.3728984Z ============================= test session starts ==============================
2026-09-04T15:45:40.3730526Z platform linux -- Python 3.11.16, pytest-9.1.1, pluggy-1.6.0 -- /opt/hostedtoolcache/Python/3.11.16/x64/bin/python
2026-09-04T15:45:40.3731078Z cachedir: .pytest_cache
2026-09-04T15:45:40.3731411Z rootdir: /home/runner/work/log-generation/log-generation
2026-09-04T15:45:40.3732447Z configfile: pytest.ini
2026-09-04T15:45:40.3812634Z collecting ... collected 6 items
2026-09-04T15:45:40.3813169Z 
2026-09-04T15:45:40.3821369Z tests/test_app.py::test_calculate_division PASSED                        [ 16%]
2026-09-04T15:45:40.3828097Z tests/test_app.py::test_convert_to_int PASSED                            [ 33%]
2026-09-04T15:45:40.3834680Z tests/test_app.py::test_get_list_item PASSED                             [ 50%]
2026-09-04T15:45:40.3840748Z tests/test_app.py::test_get_dict_value PASSED                            [ 66%]
2026-09-04T15:45:40.3846638Z tests/test_app.py::test_assert_positive PASSED                           [ 83%]
2026-09-04T15:45:40.4127237Z tests/test_app.py::test_file_not_found_error FAILED                      [100%]
2026-09-04T15:45:40.4127766Z 
2026-09-04T15:45:40.4128028Z =================================== FAILURES ===================================
2026-09-04T15:45:40.4128695Z __________________________ test_file_not_found_error ___________________________
2026-09-04T15:45:40.4129131Z 
2026-09-04T15:45:40.4129316Z     def test_file_not_found_error():
2026-09-04T15:45:40.4129790Z         """Injected synthetic FileNotFoundError."""
2026-09-04T15:45:40.4130308Z         from src.app import read_config_file
2026-09-04T15:45:40.4130900Z >       read_config_file("fixtures/non_existent_pipeline_config.json")
2026-09-04T15:45:40.4131329Z 
2026-09-04T15:45:40.4131441Z tests/test_app.py:133: 
2026-09-04T15:45:40.4131944Z _ _ _ _ _ _ _ _ _ _ _ _ _ _ _ _ _ _ _ _ _ _ _ _ _ _ _ _ _ _ _ _ _ _ _ _ _ _ _ _ 
2026-09-04T15:45:40.4132191Z 
2026-09-04T15:45:40.4132353Z path = 'fixtures/non_existent_pipeline_config.json'
2026-09-04T15:45:40.4132612Z 
2026-09-04T15:45:40.4132742Z     def read_config_file(path):
2026-09-04T15:45:40.4133275Z >       with open(path, "r") as f:
2026-09-04T15:45:40.4133556Z              ^^^^^^^^^^^^^^^
2026-09-04T15:45:40.4134019Z E       FileNotFoundError: [Errno 2] No such file or directory: 'fixtures/non_existent_pipeline_config.json'
2026-09-04T15:45:40.4134409Z 
2026-09-04T15:45:40.4134523Z src/app.py:17: FileNotFoundError
2026-09-04T15:45:40.4134866Z =========================== short test summary info ============================
2026-09-04T15:45:40.4135883Z FAILED tests/test_app.py::test_file_not_found_error - FileNotFoundError: [Errno 2] No such file or directory: 'fixtures/non_existent_pipeline_config.json'
2026-09-04T15:45:40.4136601Z ========================= 1 failed, 5 passed in 0.03s ==========================
2026-09-04T15:45:40.4340658Z ##[error]Process completed with exit code 1.
2026-09-04T15:45:40.4486553Z Node 20 is being deprecated. This workflow is running with Node 24 by default. If you need to temporarily use Node 20, you can set the ACTIONS_ALLOW_USE_UNSECURE_NODE_VERSION=true environment variable. For more information see: https://github.blog/changelog/2025-09-19-deprecation-of-node-20-on-github-actions-runners/
2026-09-04T15:45:40.4487736Z Post job cleanup.
2026-09-04T15:45:40.5343940Z [command]/usr/bin/git version
2026-09-04T15:45:40.5388459Z git version 2.55.0
2026-09-04T15:45:40.5428233Z Temporarily overriding HOME='/home/runner/work/_temp/5af9a74b-c19a-4d1a-bdcb-f75c1563029c' before making global git config changes
2026-09-04T15:45:40.5429641Z Adding repository directory to the temporary git global config as a safe directory
2026-09-04T15:45:40.5434485Z [command]/usr/bin/git config --global --add safe.directory /home/runner/work/log-generation/log-generation
2026-09-04T15:45:40.5482374Z [command]/usr/bin/git config --local --name-only --get-regexp core\.sshCommand
2026-09-04T15:45:40.5524682Z [command]/usr/bin/git submodule foreach --recursive sh -c "git config --local --name-only --get-regexp 'core\.sshCommand' && git config --local --unset-all 'core.sshCommand' || :"
2026-09-04T15:45:40.5809820Z [command]/usr/bin/git config --local --name-only --get-regexp http\.https\:\/\/github\.com\/\.extraheader
2026-09-04T15:45:40.5840973Z http.https://github.com/.extraheader
2026-09-04T15:45:40.5852642Z [command]/usr/bin/git config --local --unset-all http.https://github.com/.extraheader
2026-09-04T15:45:40.5893590Z [command]/usr/bin/git submodule foreach --recursive sh -c "git config --local --name-only --get-regexp 'http\.https\:\/\/github\.com\/\.extraheader' && git config --local --unset-all 'http.https://github.com/.extraheader' || :"
2026-09-04T15:45:40.6198117Z [command]/usr/bin/git config --local --name-only --get-regexp ^includeIf\.gitdir:
2026-09-04T15:45:40.6253842Z [command]/usr/bin/git submodule foreach --recursive git config --local --show-origin --name-only --get-regexp remote.origin.url
2026-09-04T15:45:40.6693293Z Cleaning up orphan processes
2026-09-04T15:45:40.6962787Z ##[warning]Node.js 20 is deprecated. The following actions target Node.js 20 but are being forced to run on Node.js 24: actions/checkout@v4, actions/setup-python@v5. For more information see: https://github.blog/changelog/2025-09-19-deprecation-of-node-20-on-github-actions-runners/
