ï»¿2026-09-04T11:29:05.9907346Z Current runner version: '2.337.0'
2026-09-04T11:29:05.9934223Z ##[group]Runner Image Provisioner
2026-09-04T11:29:05.9935292Z Hosted Compute Agent
2026-09-04T11:29:05.9935897Z Version: 20260828.587
2026-09-04T11:29:05.9936646Z Commit: abac92662cab4cc7352de4f9f9d2e2419aad9c29
2026-09-04T11:29:05.9937411Z Build Date: 2026-08-28T16:44:25Z
2026-09-04T11:29:05.9938140Z Worker ID: {c2787c63-9be6-40ec-80a8-cb9ef599d64d}
2026-09-04T11:29:05.9938900Z Azure Region: eastus
2026-09-04T11:29:05.9939465Z ##[endgroup]
2026-09-04T11:29:05.9941070Z ##[group]Operating System
2026-09-04T11:29:05.9941721Z Ubuntu
2026-09-04T11:29:05.9943035Z 24.04.4
2026-09-04T11:29:05.9943750Z LTS
2026-09-04T11:29:05.9944511Z ##[endgroup]
2026-09-04T11:29:05.9945175Z ##[group]Runner Image
2026-09-04T11:29:05.9945793Z Image: ubuntu-24.04
2026-09-04T11:29:05.9946347Z Version: 20260831.293.1
2026-09-04T11:29:05.9947702Z Included Software: https://github.com/actions/runner-images/blob/ubuntu24/20260831.293/images/ubuntu/Ubuntu2404-Readme.md
2026-09-04T11:29:05.9949342Z Image Release: https://github.com/actions/runner-images/releases/tag/ubuntu24%2F20260831.293
2026-09-04T11:29:05.9950328Z ##[endgroup]
2026-09-04T11:29:05.9951573Z ##[group]GITHUB_TOKEN Permissions
2026-09-04T11:29:05.9953984Z Contents: read
2026-09-04T11:29:05.9954673Z Metadata: read
2026-09-04T11:29:05.9955257Z Packages: read
2026-09-04T11:29:05.9955805Z ##[endgroup]
2026-09-04T11:29:05.9958193Z Secret source: Actions
2026-09-04T11:29:05.9959701Z Prepare workflow directory
2026-09-04T11:29:06.0289713Z Prepare all required actions
2026-09-04T11:29:06.0338614Z Getting action download info
2026-09-04T11:29:06.2680663Z Download action repository 'actions/checkout@v4' (SHA:11d5960a326750d5838078e36cf38b85af677262)
2026-09-04T11:29:06.4255045Z Download action repository 'actions/setup-python@v5' (SHA:a26af69be951a213d495a4c3e4e4022e16d87065)
2026-09-04T11:29:06.6114463Z Complete job name: test-f3 (ZeroDivisionError #93)
2026-09-04T11:29:06.6891813Z Node 20 is being deprecated. This workflow is running with Node 24 by default. If you need to temporarily use Node 20, you can set the ACTIONS_ALLOW_USE_UNSECURE_NODE_VERSION=true environment variable. For more information see: https://github.blog/changelog/2025-09-19-deprecation-of-node-20-on-github-actions-runners/
2026-09-04T11:29:06.6900786Z ##[group]Run actions/checkout@v4
2026-09-04T11:29:06.6901528Z with:
2026-09-04T11:29:06.6901963Z   fetch-depth: 1
2026-09-04T11:29:06.6902441Z   repository: DhruvHegde/log-generation
2026-09-04T11:29:06.6906889Z   token: ***
2026-09-04T11:29:06.6907332Z   ssh-strict: true
2026-09-04T11:29:06.6907763Z   ssh-user: git
2026-09-04T11:29:06.6908214Z   persist-credentials: true
2026-09-04T11:29:06.6908706Z   clean: true
2026-09-04T11:29:06.6909147Z   sparse-checkout-cone-mode: true
2026-09-04T11:29:06.6909659Z   fetch-tags: false
2026-09-04T11:29:06.6910103Z   show-progress: true
2026-09-04T11:29:06.6910540Z   lfs: false
2026-09-04T11:29:06.6910989Z   submodules: false
2026-09-04T11:29:06.6911443Z   set-safe-directory: true
2026-09-04T11:29:06.6911952Z   allow-unsafe-pr-checkout: false
2026-09-04T11:29:06.6912757Z ##[endgroup]
2026-09-04T11:29:06.7965993Z Syncing repository: DhruvHegde/log-generation
2026-09-04T11:29:06.7967981Z ##[group]Getting Git version info
2026-09-04T11:29:06.7969202Z Working directory is '/home/runner/work/log-generation/log-generation'
2026-09-04T11:29:06.7970334Z [command]/usr/bin/git version
2026-09-04T11:29:06.8033012Z git version 2.55.0
2026-09-04T11:29:06.8058403Z ##[endgroup]
2026-09-04T11:29:06.8075487Z Temporarily overriding HOME='/home/runner/work/_temp/f57c058a-2743-4556-b1cb-839004fa3d73' before making global git config changes
2026-09-04T11:29:06.8077684Z Adding repository directory to the temporary git global config as a safe directory
2026-09-04T11:29:06.8081117Z [command]/usr/bin/git config --global --add safe.directory /home/runner/work/log-generation/log-generation
2026-09-04T11:29:06.8138929Z Deleting the contents of '/home/runner/work/log-generation/log-generation'
2026-09-04T11:29:06.8142686Z ##[group]Initializing the repository
2026-09-04T11:29:06.8148495Z [command]/usr/bin/git init /home/runner/work/log-generation/log-generation
2026-09-04T11:29:06.8254326Z hint: Using 'master' as the name for the initial branch. This default branch name
2026-09-04T11:29:06.8256287Z hint: will change to "main" in Git 3.0. To configure the initial branch name
2026-09-04T11:29:06.8257633Z hint: to use in all of your new repositories, which will suppress this warning,
2026-09-04T11:29:06.8258946Z hint: call:
2026-09-04T11:29:06.8259798Z hint:
2026-09-04T11:29:06.8261398Z hint: 	git config --global init.defaultBranch <name>
2026-09-04T11:29:06.8262515Z hint:
2026-09-04T11:29:06.8264372Z hint: Names commonly chosen instead of 'master' are 'main', 'trunk' and
2026-09-04T11:29:06.8265800Z hint: 'development'. The just-created branch can be renamed via this command:
2026-09-04T11:29:06.8266947Z hint:
2026-09-04T11:29:06.8267739Z hint: 	git branch -m <name>
2026-09-04T11:29:06.8268515Z hint:
2026-09-04T11:29:06.8269882Z hint: Disable this message with "git config set advice.defaultBranchName false"
2026-09-04T11:29:06.8271909Z Initialized empty Git repository in /home/runner/work/log-generation/log-generation/.git/
2026-09-04T11:29:06.8275667Z [command]/usr/bin/git remote add origin https://github.com/DhruvHegde/log-generation
2026-09-04T11:29:06.8322963Z ##[endgroup]
2026-09-04T11:29:06.8324295Z ##[group]Disabling automatic garbage collection
2026-09-04T11:29:06.8327303Z [command]/usr/bin/git config --local gc.auto 0
2026-09-04T11:29:06.8360751Z ##[endgroup]
2026-09-04T11:29:06.8361526Z ##[group]Setting up auth
2026-09-04T11:29:06.8368892Z [command]/usr/bin/git config --local --name-only --get-regexp core\.sshCommand
2026-09-04T11:29:06.8404063Z [command]/usr/bin/git submodule foreach --recursive sh -c "git config --local --name-only --get-regexp 'core\.sshCommand' && git config --local --unset-all 'core.sshCommand' || :"
2026-09-04T11:29:06.8781344Z [command]/usr/bin/git config --local --name-only --get-regexp http\.https\:\/\/github\.com\/\.extraheader
2026-09-04T11:29:06.8820848Z [command]/usr/bin/git submodule foreach --recursive sh -c "git config --local --name-only --get-regexp 'http\.https\:\/\/github\.com\/\.extraheader' && git config --local --unset-all 'http.https://github.com/.extraheader' || :"
2026-09-04T11:29:06.9059109Z [command]/usr/bin/git config --local --name-only --get-regexp ^includeIf\.gitdir:
2026-09-04T11:29:06.9096026Z [command]/usr/bin/git submodule foreach --recursive git config --local --show-origin --name-only --get-regexp remote.origin.url
2026-09-04T11:29:06.9324432Z [command]/usr/bin/git config --local http.https://github.com/.extraheader AUTHORIZATION: basic ***
2026-09-04T11:29:06.9364440Z ##[endgroup]
2026-09-04T11:29:06.9365512Z ##[group]Fetching the repository
2026-09-04T11:29:06.9375348Z [command]/usr/bin/git -c protocol.version=2 fetch --no-tags --prune --no-recurse-submodules --depth=1 origin +0c2ddc82b3a248827557edda9affcd6927945898:refs/remotes/origin/feature/f3-test-failures
2026-09-04T11:29:07.1788511Z From https://github.com/DhruvHegde/log-generation
2026-09-04T11:29:07.1795757Z  * [new ref]         0c2ddc82b3a248827557edda9affcd6927945898 -> origin/feature/f3-test-failures
2026-09-04T11:29:07.1799077Z ##[endgroup]
2026-09-04T11:29:07.1799884Z ##[group]Determining the checkout info
2026-09-04T11:29:07.1800950Z ##[endgroup]
2026-09-04T11:29:07.1802227Z [command]/usr/bin/git sparse-checkout disable
2026-09-04T11:29:07.1853268Z [command]/usr/bin/git config --local --unset-all extensions.worktreeConfig
2026-09-04T11:29:07.1885508Z ##[group]Checking out the ref
2026-09-04T11:29:07.1890385Z [command]/usr/bin/git checkout --progress --force -B feature/f3-test-failures refs/remotes/origin/feature/f3-test-failures
2026-09-04T11:29:07.1966976Z Switched to a new branch 'feature/f3-test-failures'
2026-09-04T11:29:07.1973127Z branch 'feature/f3-test-failures' set up to track 'origin/feature/f3-test-failures'.
2026-09-04T11:29:07.1979298Z ##[endgroup]
2026-09-04T11:29:07.2020791Z [command]/usr/bin/git log -1 --format=%H
2026-09-04T11:29:07.2048106Z 0c2ddc82b3a248827557edda9affcd6927945898
2026-09-04T11:29:07.2322686Z Node 20 is being deprecated. This workflow is running with Node 24 by default. If you need to temporarily use Node 20, you can set the ACTIONS_ALLOW_USE_UNSECURE_NODE_VERSION=true environment variable. For more information see: https://github.blog/changelog/2025-09-19-deprecation-of-node-20-on-github-actions-runners/
2026-09-04T11:29:07.2325792Z ##[group]Run actions/setup-python@v5
2026-09-04T11:29:07.2326339Z with:
2026-09-04T11:29:07.2326755Z   python-version: 3.11
2026-09-04T11:29:07.2327219Z   check-latest: false
2026-09-04T11:29:07.2331111Z   token: ***
2026-09-04T11:29:07.2331547Z   update-environment: true
2026-09-04T11:29:07.2332036Z   allow-prereleases: false
2026-09-04T11:29:07.2332500Z   freethreaded: false
2026-09-04T11:29:07.2332931Z ##[endgroup]
2026-09-04T11:29:07.3671252Z ##[group]Installed versions
2026-09-04T11:29:07.3788778Z (node:2286) [DEP0040] DeprecationWarning: The `punycode` module is deprecated. Please use a userland alternative instead.
2026-09-04T11:29:07.3792448Z (Use `node --trace-deprecation ...` to show where the warning was created)
2026-09-04T11:29:07.3794248Z Successfully set up CPython (3.11.16)
2026-09-04T11:29:07.3795944Z ##[endgroup]
2026-09-04T11:29:07.3936590Z ##[group]Run pip install --no-cache-dir pytest
2026-09-04T11:29:07.3937611Z [36;1mpip install --no-cache-dir pytest[0m
2026-09-04T11:29:07.3991035Z shell: /usr/bin/bash -e {0}
2026-09-04T11:29:07.3991708Z env:
2026-09-04T11:29:07.3992355Z   pythonLocation: /opt/hostedtoolcache/Python/3.11.16/x64
2026-09-04T11:29:07.3993609Z   PKG_CONFIG_PATH: /opt/hostedtoolcache/Python/3.11.16/x64/lib/pkgconfig
2026-09-04T11:29:07.3995482Z   Python_ROOT_DIR: /opt/hostedtoolcache/Python/3.11.16/x64
2026-09-04T11:29:07.3996676Z   Python2_ROOT_DIR: /opt/hostedtoolcache/Python/3.11.16/x64
2026-09-04T11:29:07.3997882Z   Python3_ROOT_DIR: /opt/hostedtoolcache/Python/3.11.16/x64
2026-09-04T11:29:07.4071030Z   LD_LIBRARY_PATH: /opt/hostedtoolcache/Python/3.11.16/x64/lib
2026-09-04T11:29:07.4072246Z ##[endgroup]
2026-09-04T11:29:08.2194048Z Collecting pytest
2026-09-04T11:29:08.2720809Z   Downloading pytest-9.1.1-py3-none-any.whl.metadata (7.6 kB)
2026-09-04T11:29:08.2807803Z Collecting iniconfig>=1.0.1 (from pytest)
2026-09-04T11:29:08.2843709Z   Downloading iniconfig-2.3.0-py3-none-any.whl.metadata (2.5 kB)
2026-09-04T11:29:08.2950163Z Collecting packaging>=22 (from pytest)
2026-09-04T11:29:08.2995342Z   Downloading packaging-26.3-py3-none-any.whl.metadata (3.5 kB)
2026-09-04T11:29:08.3181052Z Collecting pluggy<2,>=1.5 (from pytest)
2026-09-04T11:29:08.3214889Z   Downloading pluggy-1.6.0-py3-none-any.whl.metadata (4.8 kB)
2026-09-04T11:29:08.3349407Z Collecting pygments>=2.7.2 (from pytest)
2026-09-04T11:29:08.3387957Z   Downloading pygments-2.21.0-py3-none-any.whl.metadata (2.5 kB)
2026-09-04T11:29:08.3450528Z Downloading pytest-9.1.1-py3-none-any.whl (386 kB)
2026-09-04T11:29:08.3650155Z Downloading pluggy-1.6.0-py3-none-any.whl (20 kB)
2026-09-04T11:29:08.3687271Z Downloading iniconfig-2.3.0-py3-none-any.whl (7.5 kB)
2026-09-04T11:29:08.3733428Z Downloading packaging-26.3-py3-none-any.whl (129 kB)
2026-09-04T11:29:08.3779696Z Downloading pygments-2.21.0-py3-none-any.whl (1.3 MB)
2026-09-04T11:29:08.3863326Z    ââââââââââââââââââââââââââââââââââââââââ 1.3/1.3 MB 224.0 MB/s  0:00:00
2026-09-04T11:29:08.4538127Z Installing collected packages: pygments, pluggy, packaging, iniconfig, pytest
2026-09-04T11:29:09.4545577Z 
2026-09-04T11:29:09.4554269Z Successfully installed iniconfig-2.3.0 packaging-26.3 pluggy-1.6.0 pygments-2.21.0 pytest-9.1.1
2026-09-04T11:29:09.5238090Z ##[group]Run python automation/inject_mutation.py --error-type "ZeroDivisionError"
2026-09-04T11:29:09.5238830Z [36;1mpython automation/inject_mutation.py --error-type "ZeroDivisionError"[0m
2026-09-04T11:29:09.5277853Z shell: /usr/bin/bash -e {0}
2026-09-04T11:29:09.5278130Z env:
2026-09-04T11:29:09.5278418Z   pythonLocation: /opt/hostedtoolcache/Python/3.11.16/x64
2026-09-04T11:29:09.5279112Z   PKG_CONFIG_PATH: /opt/hostedtoolcache/Python/3.11.16/x64/lib/pkgconfig
2026-09-04T11:29:09.5279552Z   Python_ROOT_DIR: /opt/hostedtoolcache/Python/3.11.16/x64
2026-09-04T11:29:09.5279938Z   Python2_ROOT_DIR: /opt/hostedtoolcache/Python/3.11.16/x64
2026-09-04T11:29:09.5280338Z   Python3_ROOT_DIR: /opt/hostedtoolcache/Python/3.11.16/x64
2026-09-04T11:29:09.5280749Z   LD_LIBRARY_PATH: /opt/hostedtoolcache/Python/3.11.16/x64/lib
2026-09-04T11:29:09.5281085Z ##[endgroup]
2026-09-04T11:29:09.5588619Z [Mutation Injected] Successfully injected ZeroDivisionError into tests/test_app.py
2026-09-04T11:29:09.5665309Z ##[group]Run pytest tests/test_app.py -v
2026-09-04T11:29:09.5665692Z [36;1mpytest tests/test_app.py -v[0m
2026-09-04T11:29:09.5707437Z shell: /usr/bin/bash -e {0}
2026-09-04T11:29:09.5707706Z env:
2026-09-04T11:29:09.5707983Z   pythonLocation: /opt/hostedtoolcache/Python/3.11.16/x64
2026-09-04T11:29:09.5708438Z   PKG_CONFIG_PATH: /opt/hostedtoolcache/Python/3.11.16/x64/lib/pkgconfig
2026-09-04T11:29:09.5708900Z   Python_ROOT_DIR: /opt/hostedtoolcache/Python/3.11.16/x64
2026-09-04T11:29:09.5709285Z   Python2_ROOT_DIR: /opt/hostedtoolcache/Python/3.11.16/x64
2026-09-04T11:29:09.5709675Z   Python3_ROOT_DIR: /opt/hostedtoolcache/Python/3.11.16/x64
2026-09-04T11:29:09.5710079Z   LD_LIBRARY_PATH: /opt/hostedtoolcache/Python/3.11.16/x64/lib
2026-09-04T11:29:09.5710402Z ##[endgroup]
2026-09-04T11:29:09.7960550Z ============================= test session starts ==============================
2026-09-04T11:29:09.7961999Z platform linux -- Python 3.11.16, pytest-9.1.1, pluggy-1.6.0 -- /opt/hostedtoolcache/Python/3.11.16/x64/bin/python
2026-09-04T11:29:09.7963060Z cachedir: .pytest_cache
2026-09-04T11:29:09.7963648Z rootdir: /home/runner/work/log-generation/log-generation
2026-09-04T11:29:09.7964651Z configfile: pytest.ini
2026-09-04T11:29:09.8050415Z collecting ... collected 6 items
2026-09-04T11:29:09.8051194Z 
2026-09-04T11:29:09.8059968Z tests/test_app.py::test_calculate_division PASSED                        [ 16%]
2026-09-04T11:29:09.8068869Z tests/test_app.py::test_convert_to_int PASSED                            [ 33%]
2026-09-04T11:29:09.8077712Z tests/test_app.py::test_get_list_item PASSED                             [ 50%]
2026-09-04T11:29:09.8086099Z tests/test_app.py::test_get_dict_value PASSED                            [ 66%]
2026-09-04T11:29:09.8094371Z tests/test_app.py::test_assert_positive PASSED                           [ 83%]
2026-09-04T11:29:09.8390935Z tests/test_app.py::test_zero_division_error FAILED                       [100%]
2026-09-04T11:29:09.8391694Z 
2026-09-04T11:29:09.8392277Z =================================== FAILURES ===================================
2026-09-04T11:29:09.8393033Z ___________________________ test_zero_division_error ___________________________
2026-09-04T11:29:09.8393531Z 
2026-09-04T11:29:09.8393716Z     def test_zero_division_error():
2026-09-04T11:29:09.8395045Z         """Injected synthetic ZeroDivisionError."""
2026-09-04T11:29:09.8395651Z         from src.app import calculate_division
2026-09-04T11:29:09.8396175Z >       calculate_division(42, 0)
2026-09-04T11:29:09.8396471Z 
2026-09-04T11:29:09.8396648Z tests/test_app.py:131: 
2026-09-04T11:29:09.8397154Z _ _ _ _ _ _ _ _ _ _ _ _ _ _ _ _ _ _ _ _ _ _ _ _ _ _ _ _ _ _ _ _ _ _ _ _ _ _ _ _ 
2026-09-04T11:29:09.8397597Z 
2026-09-04T11:29:09.8397736Z a = 42, b = 0
2026-09-04T11:29:09.8397965Z 
2026-09-04T11:29:09.8398138Z     def calculate_division(a, b):
2026-09-04T11:29:09.8398572Z >       return a / b
2026-09-04T11:29:09.8398926Z                ^^^^^
2026-09-04T11:29:09.8399341Z E       ZeroDivisionError: division by zero
2026-09-04T11:29:09.8399683Z 
2026-09-04T11:29:09.8399864Z src/app.py:2: ZeroDivisionError
2026-09-04T11:29:09.8400399Z =========================== short test summary info ============================
2026-09-04T11:29:09.8401305Z FAILED tests/test_app.py::test_zero_division_error - ZeroDivisionError: division by zero
2026-09-04T11:29:09.8402191Z ========================= 1 failed, 5 passed in 0.03s ==========================
2026-09-04T11:29:09.8590465Z ##[error]Process completed with exit code 1.
2026-09-04T11:29:09.8727323Z Node 20 is being deprecated. This workflow is running with Node 24 by default. If you need to temporarily use Node 20, you can set the ACTIONS_ALLOW_USE_UNSECURE_NODE_VERSION=true environment variable. For more information see: https://github.blog/changelog/2025-09-19-deprecation-of-node-20-on-github-actions-runners/
2026-09-04T11:29:09.8728591Z Post job cleanup.
2026-09-04T11:29:09.9591425Z [command]/usr/bin/git version
2026-09-04T11:29:09.9634793Z git version 2.55.0
2026-09-04T11:29:09.9672647Z Temporarily overriding HOME='/home/runner/work/_temp/a9608e93-91a0-44ae-8eba-2eced486436c' before making global git config changes
2026-09-04T11:29:09.9674483Z Adding repository directory to the temporary git global config as a safe directory
2026-09-04T11:29:09.9678117Z [command]/usr/bin/git config --global --add safe.directory /home/runner/work/log-generation/log-generation
2026-09-04T11:29:09.9718562Z [command]/usr/bin/git config --local --name-only --get-regexp core\.sshCommand
2026-09-04T11:29:09.9753038Z [command]/usr/bin/git submodule foreach --recursive sh -c "git config --local --name-only --get-regexp 'core\.sshCommand' && git config --local --unset-all 'core.sshCommand' || :"
2026-09-04T11:29:10.0006847Z [command]/usr/bin/git config --local --name-only --get-regexp http\.https\:\/\/github\.com\/\.extraheader
2026-09-04T11:29:10.0035550Z http.https://github.com/.extraheader
2026-09-04T11:29:10.0047692Z [command]/usr/bin/git config --local --unset-all http.https://github.com/.extraheader
2026-09-04T11:29:10.0082433Z [command]/usr/bin/git submodule foreach --recursive sh -c "git config --local --name-only --get-regexp 'http\.https\:\/\/github\.com\/\.extraheader' && git config --local --unset-all 'http.https://github.com/.extraheader' || :"
2026-09-04T11:29:10.0353446Z [command]/usr/bin/git config --local --name-only --get-regexp ^includeIf\.gitdir:
2026-09-04T11:29:10.0393085Z [command]/usr/bin/git submodule foreach --recursive git config --local --show-origin --name-only --get-regexp remote.origin.url
2026-09-04T11:29:10.0806841Z Cleaning up orphan processes
2026-09-04T11:29:10.1107260Z ##[warning]Node.js 20 is deprecated. The following actions target Node.js 20 but are being forced to run on Node.js 24: actions/checkout@v4, actions/setup-python@v5. For more information see: https://github.blog/changelog/2025-09-19-deprecation-of-node-20-on-github-actions-runners/
