ï»¿2026-09-04T11:29:49.3295283Z Current runner version: '2.337.0'
2026-09-04T11:29:49.3321849Z ##[group]Runner Image Provisioner
2026-09-04T11:29:49.3322738Z Hosted Compute Agent
2026-09-04T11:29:49.3323425Z Version: 20260828.587
2026-09-04T11:29:49.3324104Z Commit: abac92662cab4cc7352de4f9f9d2e2419aad9c29
2026-09-04T11:29:49.3324857Z Build Date: 2026-08-28T16:44:25Z
2026-09-04T11:29:49.3325644Z Worker ID: {92c86611-7cfb-4c87-a4aa-3675a4af9f7f}
2026-09-04T11:29:49.3326424Z Azure Region: centralus
2026-09-04T11:29:49.3327007Z ##[endgroup]
2026-09-04T11:29:49.3328957Z ##[group]Operating System
2026-09-04T11:29:49.3329621Z Ubuntu
2026-09-04T11:29:49.3330345Z 24.04.4
2026-09-04T11:29:49.3330886Z LTS
2026-09-04T11:29:49.3332012Z ##[endgroup]
2026-09-04T11:29:49.3332617Z ##[group]Runner Image
2026-09-04T11:29:49.3333270Z Image: ubuntu-24.04
2026-09-04T11:29:49.3333944Z Version: 20260831.293.1
2026-09-04T11:29:49.3335227Z Included Software: https://github.com/actions/runner-images/blob/ubuntu24/20260831.293/images/ubuntu/Ubuntu2404-Readme.md
2026-09-04T11:29:49.3336812Z Image Release: https://github.com/actions/runner-images/releases/tag/ubuntu24%2F20260831.293
2026-09-04T11:29:49.3337819Z ##[endgroup]
2026-09-04T11:29:49.3339354Z ##[group]GITHUB_TOKEN Permissions
2026-09-04T11:29:49.3341603Z Contents: read
2026-09-04T11:29:49.3342293Z Metadata: read
2026-09-04T11:29:49.3342880Z Packages: read
2026-09-04T11:29:49.3343451Z ##[endgroup]
2026-09-04T11:29:49.3345813Z Secret source: Actions
2026-09-04T11:29:49.3347224Z Prepare workflow directory
2026-09-04T11:29:49.3687103Z Prepare all required actions
2026-09-04T11:29:49.3736325Z Getting action download info
2026-09-04T11:29:49.6239345Z Download action repository 'actions/checkout@v4' (SHA:11d5960a326750d5838078e36cf38b85af677262)
2026-09-04T11:29:49.7511730Z Download action repository 'actions/setup-python@v5' (SHA:a26af69be951a213d495a4c3e4e4022e16d87065)
2026-09-04T11:29:49.9417395Z Complete job name: test-f3 (IndexError #212)
2026-09-04T11:29:50.0184659Z Node 20 is being deprecated. This workflow is running with Node 24 by default. If you need to temporarily use Node 20, you can set the ACTIONS_ALLOW_USE_UNSECURE_NODE_VERSION=true environment variable. For more information see: https://github.blog/changelog/2025-09-19-deprecation-of-node-20-on-github-actions-runners/
2026-09-04T11:29:50.0193612Z ##[group]Run actions/checkout@v4
2026-09-04T11:29:50.0194358Z with:
2026-09-04T11:29:50.0194791Z   fetch-depth: 1
2026-09-04T11:29:50.0195271Z   repository: DhruvHegde/log-generation
2026-09-04T11:29:50.0199436Z   token: ***
2026-09-04T11:29:50.0199879Z   ssh-strict: true
2026-09-04T11:29:50.0200326Z   ssh-user: git
2026-09-04T11:29:50.0200774Z   persist-credentials: true
2026-09-04T11:29:50.0201257Z   clean: true
2026-09-04T11:29:50.0201708Z   sparse-checkout-cone-mode: true
2026-09-04T11:29:50.0202230Z   fetch-tags: false
2026-09-04T11:29:50.0202668Z   show-progress: true
2026-09-04T11:29:50.0203107Z   lfs: false
2026-09-04T11:29:50.0203567Z   submodules: false
2026-09-04T11:29:50.0204019Z   set-safe-directory: true
2026-09-04T11:29:50.0204534Z   allow-unsafe-pr-checkout: false
2026-09-04T11:29:50.0205299Z ##[endgroup]
2026-09-04T11:29:50.1211671Z Syncing repository: DhruvHegde/log-generation
2026-09-04T11:29:50.1214315Z ##[group]Getting Git version info
2026-09-04T11:29:50.1215493Z Working directory is '/home/runner/work/log-generation/log-generation'
2026-09-04T11:29:50.1217142Z [command]/usr/bin/git version
2026-09-04T11:29:50.1285689Z git version 2.55.0
2026-09-04T11:29:50.1307009Z ##[endgroup]
2026-09-04T11:29:50.1322477Z Temporarily overriding HOME='/home/runner/work/_temp/78d9c617-e297-4d84-9196-eeec908937e2' before making global git config changes
2026-09-04T11:29:50.1324847Z Adding repository directory to the temporary git global config as a safe directory
2026-09-04T11:29:50.1327900Z [command]/usr/bin/git config --global --add safe.directory /home/runner/work/log-generation/log-generation
2026-09-04T11:29:50.1387207Z Deleting the contents of '/home/runner/work/log-generation/log-generation'
2026-09-04T11:29:50.1391815Z ##[group]Initializing the repository
2026-09-04T11:29:50.1397207Z [command]/usr/bin/git init /home/runner/work/log-generation/log-generation
2026-09-04T11:29:50.1491257Z hint: Using 'master' as the name for the initial branch. This default branch name
2026-09-04T11:29:50.1493175Z hint: will change to "main" in Git 3.0. To configure the initial branch name
2026-09-04T11:29:50.1494799Z hint: to use in all of your new repositories, which will suppress this warning,
2026-09-04T11:29:50.1496308Z hint: call:
2026-09-04T11:29:50.1497328Z hint:
2026-09-04T11:29:50.1498404Z hint: 	git config --global init.defaultBranch <name>
2026-09-04T11:29:50.1499643Z hint:
2026-09-04T11:29:50.1500474Z hint: Names commonly chosen instead of 'master' are 'main', 'trunk' and
2026-09-04T11:29:50.1501556Z hint: 'development'. The just-created branch can be renamed via this command:
2026-09-04T11:29:50.1502447Z hint:
2026-09-04T11:29:50.1503057Z hint: 	git branch -m <name>
2026-09-04T11:29:50.1503686Z hint:
2026-09-04T11:29:50.1504473Z hint: Disable this message with "git config set advice.defaultBranchName false"
2026-09-04T11:29:50.1505919Z Initialized empty Git repository in /home/runner/work/log-generation/log-generation/.git/
2026-09-04T11:29:50.1508565Z [command]/usr/bin/git remote add origin https://github.com/DhruvHegde/log-generation
2026-09-04T11:29:50.1556379Z ##[endgroup]
2026-09-04T11:29:50.1557300Z ##[group]Disabling automatic garbage collection
2026-09-04T11:29:50.1561196Z [command]/usr/bin/git config --local gc.auto 0
2026-09-04T11:29:50.1593946Z ##[endgroup]
2026-09-04T11:29:50.1595355Z ##[group]Setting up auth
2026-09-04T11:29:50.1601743Z [command]/usr/bin/git config --local --name-only --get-regexp core\.sshCommand
2026-09-04T11:29:50.1636903Z [command]/usr/bin/git submodule foreach --recursive sh -c "git config --local --name-only --get-regexp 'core\.sshCommand' && git config --local --unset-all 'core.sshCommand' || :"
2026-09-04T11:29:50.2036305Z [command]/usr/bin/git config --local --name-only --get-regexp http\.https\:\/\/github\.com\/\.extraheader
2026-09-04T11:29:50.2082705Z [command]/usr/bin/git submodule foreach --recursive sh -c "git config --local --name-only --get-regexp 'http\.https\:\/\/github\.com\/\.extraheader' && git config --local --unset-all 'http.https://github.com/.extraheader' || :"
2026-09-04T11:29:50.2339415Z [command]/usr/bin/git config --local --name-only --get-regexp ^includeIf\.gitdir:
2026-09-04T11:29:50.2380502Z [command]/usr/bin/git submodule foreach --recursive git config --local --show-origin --name-only --get-regexp remote.origin.url
2026-09-04T11:29:50.2631377Z [command]/usr/bin/git config --local http.https://github.com/.extraheader AUTHORIZATION: basic ***
2026-09-04T11:29:50.2737193Z ##[endgroup]
2026-09-04T11:29:50.2739431Z ##[group]Fetching the repository
2026-09-04T11:29:50.2742217Z [command]/usr/bin/git -c protocol.version=2 fetch --no-tags --prune --no-recurse-submodules --depth=1 origin +0c2ddc82b3a248827557edda9affcd6927945898:refs/remotes/origin/feature/f3-test-failures
2026-09-04T11:29:50.6380553Z From https://github.com/DhruvHegde/log-generation
2026-09-04T11:29:50.6382766Z  * [new ref]         0c2ddc82b3a248827557edda9affcd6927945898 -> origin/feature/f3-test-failures
2026-09-04T11:29:50.6388768Z ##[endgroup]
2026-09-04T11:29:50.6390722Z ##[group]Determining the checkout info
2026-09-04T11:29:50.6392472Z ##[endgroup]
2026-09-04T11:29:50.6396040Z [command]/usr/bin/git sparse-checkout disable
2026-09-04T11:29:50.6452049Z [command]/usr/bin/git config --local --unset-all extensions.worktreeConfig
2026-09-04T11:29:50.6488064Z ##[group]Checking out the ref
2026-09-04T11:29:50.6492775Z [command]/usr/bin/git checkout --progress --force -B feature/f3-test-failures refs/remotes/origin/feature/f3-test-failures
2026-09-04T11:29:50.6574220Z Switched to a new branch 'feature/f3-test-failures'
2026-09-04T11:29:50.6580122Z branch 'feature/f3-test-failures' set up to track 'origin/feature/f3-test-failures'.
2026-09-04T11:29:50.6585484Z ##[endgroup]
2026-09-04T11:29:50.6629939Z [command]/usr/bin/git log -1 --format=%H
2026-09-04T11:29:50.6659564Z 0c2ddc82b3a248827557edda9affcd6927945898
2026-09-04T11:29:50.7034986Z Node 20 is being deprecated. This workflow is running with Node 24 by default. If you need to temporarily use Node 20, you can set the ACTIONS_ALLOW_USE_UNSECURE_NODE_VERSION=true environment variable. For more information see: https://github.blog/changelog/2025-09-19-deprecation-of-node-20-on-github-actions-runners/
2026-09-04T11:29:50.7040910Z ##[group]Run actions/setup-python@v5
2026-09-04T11:29:50.7042097Z with:
2026-09-04T11:29:50.7042990Z   python-version: 3.11
2026-09-04T11:29:50.7044010Z   check-latest: false
2026-09-04T11:29:50.7052927Z   token: ***
2026-09-04T11:29:50.7053871Z   update-environment: true
2026-09-04T11:29:50.7054952Z   allow-prereleases: false
2026-09-04T11:29:50.7056027Z   freethreaded: false
2026-09-04T11:29:50.7057000Z ##[endgroup]
2026-09-04T11:29:50.8445450Z ##[group]Installed versions
2026-09-04T11:29:50.8558844Z (node:2234) [DEP0040] DeprecationWarning: The `punycode` module is deprecated. Please use a userland alternative instead.
2026-09-04T11:29:50.8563070Z (Use `node --trace-deprecation ...` to show where the warning was created)
2026-09-04T11:29:50.8565392Z Successfully set up CPython (3.11.16)
2026-09-04T11:29:50.8570722Z ##[endgroup]
2026-09-04T11:29:50.8753273Z ##[group]Run pip install --no-cache-dir pytest
2026-09-04T11:29:50.8754678Z [36;1mpip install --no-cache-dir pytest[0m
2026-09-04T11:29:50.8821262Z shell: /usr/bin/bash -e {0}
2026-09-04T11:29:50.8822337Z env:
2026-09-04T11:29:50.8823625Z   pythonLocation: /opt/hostedtoolcache/Python/3.11.16/x64
2026-09-04T11:29:50.8827084Z   PKG_CONFIG_PATH: /opt/hostedtoolcache/Python/3.11.16/x64/lib/pkgconfig
2026-09-04T11:29:50.8829986Z   Python_ROOT_DIR: /opt/hostedtoolcache/Python/3.11.16/x64
2026-09-04T11:29:50.8832283Z   Python2_ROOT_DIR: /opt/hostedtoolcache/Python/3.11.16/x64
2026-09-04T11:29:50.8833945Z   Python3_ROOT_DIR: /opt/hostedtoolcache/Python/3.11.16/x64
2026-09-04T11:29:50.8835527Z   LD_LIBRARY_PATH: /opt/hostedtoolcache/Python/3.11.16/x64/lib
2026-09-04T11:29:50.8836821Z ##[endgroup]
2026-09-04T11:29:54.1627514Z Collecting pytest
2026-09-04T11:29:54.2455047Z   Downloading pytest-9.1.1-py3-none-any.whl.metadata (7.6 kB)
2026-09-04T11:29:54.2659930Z Collecting iniconfig>=1.0.1 (from pytest)
2026-09-04T11:29:54.2820269Z   Downloading iniconfig-2.3.0-py3-none-any.whl.metadata (2.5 kB)
2026-09-04T11:29:54.3052899Z Collecting packaging>=22 (from pytest)
2026-09-04T11:29:54.3210437Z   Downloading packaging-26.3-py3-none-any.whl.metadata (3.5 kB)
2026-09-04T11:29:54.3415735Z Collecting pluggy<2,>=1.5 (from pytest)
2026-09-04T11:29:54.3574040Z   Downloading pluggy-1.6.0-py3-none-any.whl.metadata (4.8 kB)
2026-09-04T11:29:54.3854865Z Collecting pygments>=2.7.2 (from pytest)
2026-09-04T11:29:54.4012437Z   Downloading pygments-2.21.0-py3-none-any.whl.metadata (2.5 kB)
2026-09-04T11:29:54.4199121Z Downloading pytest-9.1.1-py3-none-any.whl (386 kB)
2026-09-04T11:29:54.4902954Z Downloading pluggy-1.6.0-py3-none-any.whl (20 kB)
2026-09-04T11:29:54.5064086Z Downloading iniconfig-2.3.0-py3-none-any.whl (7.5 kB)
2026-09-04T11:29:54.5223262Z Downloading packaging-26.3-py3-none-any.whl (129 kB)
2026-09-04T11:29:54.5394959Z Downloading pygments-2.21.0-py3-none-any.whl (1.3 MB)
2026-09-04T11:29:54.5834147Z    ââââââââââââââââââââââââââââââââââââââââ 1.3/1.3 MB 26.3 MB/s  0:00:00
2026-09-04T11:29:54.7612080Z Installing collected packages: pygments, pluggy, packaging, iniconfig, pytest
2026-09-04T11:29:55.7549780Z 
2026-09-04T11:29:55.7558702Z Successfully installed iniconfig-2.3.0 packaging-26.3 pluggy-1.6.0 pygments-2.21.0 pytest-9.1.1
2026-09-04T11:29:55.8155282Z ##[group]Run python automation/inject_mutation.py --error-type "IndexError"
2026-09-04T11:29:55.8157784Z [36;1mpython automation/inject_mutation.py --error-type "IndexError"[0m
2026-09-04T11:29:55.8224559Z shell: /usr/bin/bash -e {0}
2026-09-04T11:29:55.8225668Z env:
2026-09-04T11:29:55.8226461Z   pythonLocation: /opt/hostedtoolcache/Python/3.11.16/x64
2026-09-04T11:29:55.8227210Z   PKG_CONFIG_PATH: /opt/hostedtoolcache/Python/3.11.16/x64/lib/pkgconfig
2026-09-04T11:29:55.8227657Z   Python_ROOT_DIR: /opt/hostedtoolcache/Python/3.11.16/x64
2026-09-04T11:29:55.8232067Z   Python2_ROOT_DIR: /opt/hostedtoolcache/Python/3.11.16/x64
2026-09-04T11:29:55.8232931Z   Python3_ROOT_DIR: /opt/hostedtoolcache/Python/3.11.16/x64
2026-09-04T11:29:55.8234032Z   LD_LIBRARY_PATH: /opt/hostedtoolcache/Python/3.11.16/x64/lib
2026-09-04T11:29:55.8234411Z ##[endgroup]
2026-09-04T11:29:55.8570805Z [Mutation Injected] Successfully injected IndexError into tests/test_app.py
2026-09-04T11:29:55.8645733Z ##[group]Run pytest tests/test_app.py -v
2026-09-04T11:29:55.8646103Z [36;1mpytest tests/test_app.py -v[0m
2026-09-04T11:29:55.8688863Z shell: /usr/bin/bash -e {0}
2026-09-04T11:29:55.8689133Z env:
2026-09-04T11:29:55.8689415Z   pythonLocation: /opt/hostedtoolcache/Python/3.11.16/x64
2026-09-04T11:29:55.8689893Z   PKG_CONFIG_PATH: /opt/hostedtoolcache/Python/3.11.16/x64/lib/pkgconfig
2026-09-04T11:29:55.8690370Z   Python_ROOT_DIR: /opt/hostedtoolcache/Python/3.11.16/x64
2026-09-04T11:29:55.8690758Z   Python2_ROOT_DIR: /opt/hostedtoolcache/Python/3.11.16/x64
2026-09-04T11:29:55.8691132Z   Python3_ROOT_DIR: /opt/hostedtoolcache/Python/3.11.16/x64
2026-09-04T11:29:55.8691519Z   LD_LIBRARY_PATH: /opt/hostedtoolcache/Python/3.11.16/x64/lib
2026-09-04T11:29:55.8691847Z ##[endgroup]
2026-09-04T11:29:56.2673642Z ============================= test session starts ==============================
2026-09-04T11:29:56.2674673Z platform linux -- Python 3.11.16, pytest-9.1.1, pluggy-1.6.0 -- /opt/hostedtoolcache/Python/3.11.16/x64/bin/python
2026-09-04T11:29:56.2675199Z cachedir: .pytest_cache
2026-09-04T11:29:56.2675520Z rootdir: /home/runner/work/log-generation/log-generation
2026-09-04T11:29:56.2675873Z configfile: pytest.ini
2026-09-04T11:29:56.2755803Z collecting ... collected 6 items
2026-09-04T11:29:56.2756148Z 
2026-09-04T11:29:56.2763930Z tests/test_app.py::test_calculate_division PASSED                        [ 16%]
2026-09-04T11:29:56.2770256Z tests/test_app.py::test_convert_to_int PASSED                            [ 33%]
2026-09-04T11:29:56.2776344Z tests/test_app.py::test_get_list_item PASSED                             [ 50%]
2026-09-04T11:29:56.2805432Z tests/test_app.py::test_get_dict_value PASSED                            [ 66%]
2026-09-04T11:29:56.2806505Z tests/test_app.py::test_assert_positive PASSED                           [ 83%]
2026-09-04T11:29:56.3083669Z tests/test_app.py::test_index_error FAILED                               [100%]
2026-09-04T11:29:56.3084243Z 
2026-09-04T11:29:56.3084506Z =================================== FAILURES ===================================
2026-09-04T11:29:56.3085145Z _______________________________ test_index_error _______________________________
2026-09-04T11:29:56.3085563Z 
2026-09-04T11:29:56.3085735Z     def test_index_error():
2026-09-04T11:29:56.3086172Z         """Injected synthetic IndexError."""
2026-09-04T11:29:56.3086813Z         from src.app import get_list_item
2026-09-04T11:29:56.3087299Z         dataset = [10, 20, 30]
2026-09-04T11:29:56.3087692Z >       get_list_item(dataset, 999)
2026-09-04T11:29:56.3087991Z 
2026-09-04T11:29:56.3088141Z tests/test_app.py:132: 
2026-09-04T11:29:56.3088874Z _ _ _ _ _ _ _ _ _ _ _ _ _ _ _ _ _ _ _ _ _ _ _ _ _ _ _ _ _ _ _ _ _ _ _ _ _ _ _ _ 
2026-09-04T11:29:56.3089260Z 
2026-09-04T11:29:56.3089426Z lst = [10, 20, 30], index = 999
2026-09-04T11:29:56.3089669Z 
2026-09-04T11:29:56.3089833Z     def get_list_item(lst, index):
2026-09-04T11:29:56.3090232Z >       return lst[index]
2026-09-04T11:29:56.3090601Z                ^^^^^^^^^^
2026-09-04T11:29:56.3090971Z E       IndexError: list index out of range
2026-09-04T11:29:56.3091296Z 
2026-09-04T11:29:56.3091452Z src/app.py:8: IndexError
2026-09-04T11:29:56.3091917Z =========================== short test summary info ============================
2026-09-04T11:29:56.3092708Z FAILED tests/test_app.py::test_index_error - IndexError: list index out of range
2026-09-04T11:29:56.3093810Z ========================= 1 failed, 5 passed in 0.03s ==========================
2026-09-04T11:29:56.3310531Z ##[error]Process completed with exit code 1.
2026-09-04T11:29:56.3454335Z Node 20 is being deprecated. This workflow is running with Node 24 by default. If you need to temporarily use Node 20, you can set the ACTIONS_ALLOW_USE_UNSECURE_NODE_VERSION=true environment variable. For more information see: https://github.blog/changelog/2025-09-19-deprecation-of-node-20-on-github-actions-runners/
2026-09-04T11:29:56.3455513Z Post job cleanup.
2026-09-04T11:29:56.4326282Z [command]/usr/bin/git version
2026-09-04T11:29:56.4371458Z git version 2.55.0
2026-09-04T11:29:56.4410376Z Temporarily overriding HOME='/home/runner/work/_temp/71b52904-348a-440e-8b61-dea104c66996' before making global git config changes
2026-09-04T11:29:56.4411873Z Adding repository directory to the temporary git global config as a safe directory
2026-09-04T11:29:56.4416179Z [command]/usr/bin/git config --global --add safe.directory /home/runner/work/log-generation/log-generation
2026-09-04T11:29:56.4461385Z [command]/usr/bin/git config --local --name-only --get-regexp core\.sshCommand
2026-09-04T11:29:56.4500356Z [command]/usr/bin/git submodule foreach --recursive sh -c "git config --local --name-only --get-regexp 'core\.sshCommand' && git config --local --unset-all 'core.sshCommand' || :"
2026-09-04T11:29:56.4775491Z [command]/usr/bin/git config --local --name-only --get-regexp http\.https\:\/\/github\.com\/\.extraheader
2026-09-04T11:29:56.4806719Z http.https://github.com/.extraheader
2026-09-04T11:29:56.4819051Z [command]/usr/bin/git config --local --unset-all http.https://github.com/.extraheader
2026-09-04T11:29:56.4861202Z [command]/usr/bin/git submodule foreach --recursive sh -c "git config --local --name-only --get-regexp 'http\.https\:\/\/github\.com\/\.extraheader' && git config --local --unset-all 'http.https://github.com/.extraheader' || :"
2026-09-04T11:29:56.5138956Z [command]/usr/bin/git config --local --name-only --get-regexp ^includeIf\.gitdir:
2026-09-04T11:29:56.5189264Z [command]/usr/bin/git submodule foreach --recursive git config --local --show-origin --name-only --get-regexp remote.origin.url
2026-09-04T11:29:56.5623500Z Cleaning up orphan processes
2026-09-04T11:29:56.5911004Z ##[warning]Node.js 20 is deprecated. The following actions target Node.js 20 but are being forced to run on Node.js 24: actions/checkout@v4, actions/setup-python@v5. For more information see: https://github.blog/changelog/2025-09-19-deprecation-of-node-20-on-github-actions-runners/
