ï»¿2026-09-04T15:44:51.3016673Z Current runner version: '2.337.0'
2026-09-04T15:44:51.3052339Z ##[group]Runner Image Provisioner
2026-09-04T15:44:51.3053632Z Hosted Compute Agent
2026-09-04T15:44:51.3054886Z Version: 20260828.587
2026-09-04T15:44:51.3055884Z Commit: abac92662cab4cc7352de4f9f9d2e2419aad9c29
2026-09-04T15:44:51.3057172Z Build Date: 2026-08-28T16:44:25Z
2026-09-04T15:44:51.3058270Z Worker ID: {90f42bf9-3d41-4104-9f31-03aa576c0d76}
2026-09-04T15:44:51.3059459Z Azure Region: eastus
2026-09-04T15:44:51.3060480Z ##[endgroup]
2026-09-04T15:44:51.3062545Z ##[group]Operating System
2026-09-04T15:44:51.3063526Z Ubuntu
2026-09-04T15:44:51.3064649Z 24.04.4
2026-09-04T15:44:51.3065501Z LTS
2026-09-04T15:44:51.3066991Z ##[endgroup]
2026-09-04T15:44:51.3067861Z ##[group]Runner Image
2026-09-04T15:44:51.3068828Z Image: ubuntu-24.04
2026-09-04T15:44:51.3069832Z Version: 20260831.293.1
2026-09-04T15:44:51.3071805Z Included Software: https://github.com/actions/runner-images/blob/ubuntu24/20260831.293/images/ubuntu/Ubuntu2404-Readme.md
2026-09-04T15:44:51.3074681Z Image Release: https://github.com/actions/runner-images/releases/tag/ubuntu24%2F20260831.293
2026-09-04T15:44:51.3076238Z ##[endgroup]
2026-09-04T15:44:51.3078166Z ##[group]GITHUB_TOKEN Permissions
2026-09-04T15:44:51.3081135Z Contents: read
2026-09-04T15:44:51.3082212Z Metadata: read
2026-09-04T15:44:51.3083119Z Packages: read
2026-09-04T15:44:51.3084002Z ##[endgroup]
2026-09-04T15:44:51.3087089Z Secret source: Actions
2026-09-04T15:44:51.3089179Z Prepare workflow directory
2026-09-04T15:44:51.3551623Z Prepare all required actions
2026-09-04T15:44:51.3621802Z Getting action download info
2026-09-04T15:44:51.5507285Z Download action repository 'actions/checkout@v4' (SHA:11d5960a326750d5838078e36cf38b85af677262)
2026-09-04T15:44:51.6528001Z Download action repository 'actions/setup-python@v5' (SHA:a26af69be951a213d495a4c3e4e4022e16d87065)
2026-09-04T15:44:51.8451900Z Complete job name: test-f3 (KeyError #91)
2026-09-04T15:44:51.9224832Z Node 20 is being deprecated. This workflow is running with Node 24 by default. If you need to temporarily use Node 20, you can set the ACTIONS_ALLOW_USE_UNSECURE_NODE_VERSION=true environment variable. For more information see: https://github.blog/changelog/2025-09-19-deprecation-of-node-20-on-github-actions-runners/
2026-09-04T15:44:51.9233252Z ##[group]Run actions/checkout@v4
2026-09-04T15:44:51.9234549Z with:
2026-09-04T15:44:51.9234997Z   fetch-depth: 1
2026-09-04T15:44:51.9235479Z   repository: DhruvHegde/log-generation
2026-09-04T15:44:51.9239813Z   token: ***
2026-09-04T15:44:51.9240264Z   ssh-strict: true
2026-09-04T15:44:51.9240709Z   ssh-user: git
2026-09-04T15:44:51.9241151Z   persist-credentials: true
2026-09-04T15:44:51.9241640Z   clean: true
2026-09-04T15:44:51.9242090Z   sparse-checkout-cone-mode: true
2026-09-04T15:44:51.9242607Z   fetch-tags: false
2026-09-04T15:44:51.9243051Z   show-progress: true
2026-09-04T15:44:51.9243493Z   lfs: false
2026-09-04T15:44:51.9243972Z   submodules: false
2026-09-04T15:44:51.9244541Z   set-safe-directory: true
2026-09-04T15:44:51.9245071Z   allow-unsafe-pr-checkout: false
2026-09-04T15:44:51.9245879Z ##[endgroup]
2026-09-04T15:44:52.0286333Z Syncing repository: DhruvHegde/log-generation
2026-09-04T15:44:52.0288977Z ##[group]Getting Git version info
2026-09-04T15:44:52.0290190Z Working directory is '/home/runner/work/log-generation/log-generation'
2026-09-04T15:44:52.0291930Z [command]/usr/bin/git version
2026-09-04T15:44:52.0358505Z git version 2.55.0
2026-09-04T15:44:52.0379551Z ##[endgroup]
2026-09-04T15:44:52.0412059Z Temporarily overriding HOME='/home/runner/work/_temp/e4d0b014-888f-45d2-9dfb-b2afbe99d2d8' before making global git config changes
2026-09-04T15:44:52.0415761Z Adding repository directory to the temporary git global config as a safe directory
2026-09-04T15:44:52.0417903Z [command]/usr/bin/git config --global --add safe.directory /home/runner/work/log-generation/log-generation
2026-09-04T15:44:52.0461879Z Deleting the contents of '/home/runner/work/log-generation/log-generation'
2026-09-04T15:44:52.0465985Z ##[group]Initializing the repository
2026-09-04T15:44:52.0470486Z [command]/usr/bin/git init /home/runner/work/log-generation/log-generation
2026-09-04T15:44:52.0552705Z hint: Using 'master' as the name for the initial branch. This default branch name
2026-09-04T15:44:52.0556535Z hint: will change to "main" in Git 3.0. To configure the initial branch name
2026-09-04T15:44:52.0558009Z hint: to use in all of your new repositories, which will suppress this warning,
2026-09-04T15:44:52.0559177Z hint: call:
2026-09-04T15:44:52.0559802Z hint:
2026-09-04T15:44:52.0560603Z hint: 	git config --global init.defaultBranch <name>
2026-09-04T15:44:52.0561575Z hint:
2026-09-04T15:44:52.0562481Z hint: Names commonly chosen instead of 'master' are 'main', 'trunk' and
2026-09-04T15:44:52.0563939Z hint: 'development'. The just-created branch can be renamed via this command:
2026-09-04T15:44:52.0565339Z hint:
2026-09-04T15:44:52.0566048Z hint: 	git branch -m <name>
2026-09-04T15:44:52.0566784Z hint:
2026-09-04T15:44:52.0567780Z hint: Disable this message with "git config set advice.defaultBranchName false"
2026-09-04T15:44:52.0569677Z Initialized empty Git repository in /home/runner/work/log-generation/log-generation/.git/
2026-09-04T15:44:52.0572757Z [command]/usr/bin/git remote add origin https://github.com/DhruvHegde/log-generation
2026-09-04T15:44:52.0616646Z ##[endgroup]
2026-09-04T15:44:52.0618052Z ##[group]Disabling automatic garbage collection
2026-09-04T15:44:52.0620576Z [command]/usr/bin/git config --local gc.auto 0
2026-09-04T15:44:52.0656115Z ##[endgroup]
2026-09-04T15:44:52.0657288Z ##[group]Setting up auth
2026-09-04T15:44:52.0663121Z [command]/usr/bin/git config --local --name-only --get-regexp core\.sshCommand
2026-09-04T15:44:52.0701511Z [command]/usr/bin/git submodule foreach --recursive sh -c "git config --local --name-only --get-regexp 'core\.sshCommand' && git config --local --unset-all 'core.sshCommand' || :"
2026-09-04T15:44:52.1057206Z [command]/usr/bin/git config --local --name-only --get-regexp http\.https\:\/\/github\.com\/\.extraheader
2026-09-04T15:44:52.1099734Z [command]/usr/bin/git submodule foreach --recursive sh -c "git config --local --name-only --get-regexp 'http\.https\:\/\/github\.com\/\.extraheader' && git config --local --unset-all 'http.https://github.com/.extraheader' || :"
2026-09-04T15:44:52.1363044Z [command]/usr/bin/git config --local --name-only --get-regexp ^includeIf\.gitdir:
2026-09-04T15:44:52.1403858Z [command]/usr/bin/git submodule foreach --recursive git config --local --show-origin --name-only --get-regexp remote.origin.url
2026-09-04T15:44:52.1656015Z [command]/usr/bin/git config --local http.https://github.com/.extraheader AUTHORIZATION: basic ***
2026-09-04T15:44:52.1699965Z ##[endgroup]
2026-09-04T15:44:52.1700999Z ##[group]Fetching the repository
2026-09-04T15:44:52.1710437Z [command]/usr/bin/git -c protocol.version=2 fetch --no-tags --prune --no-recurse-submodules --depth=1 origin +ff2db557a0a8df7e538c7d2e729be8ed403658e2:refs/remotes/origin/feature/f3-test-failures
2026-09-04T15:44:52.4421263Z From https://github.com/DhruvHegde/log-generation
2026-09-04T15:44:52.4423254Z  * [new ref]         ff2db557a0a8df7e538c7d2e729be8ed403658e2 -> origin/feature/f3-test-failures
2026-09-04T15:44:52.4428251Z ##[endgroup]
2026-09-04T15:44:52.4429828Z ##[group]Determining the checkout info
2026-09-04T15:44:52.4431503Z ##[endgroup]
2026-09-04T15:44:52.4436871Z [command]/usr/bin/git sparse-checkout disable
2026-09-04T15:44:52.4492572Z [command]/usr/bin/git config --local --unset-all extensions.worktreeConfig
2026-09-04T15:44:52.4529732Z ##[group]Checking out the ref
2026-09-04T15:44:52.4534681Z [command]/usr/bin/git checkout --progress --force -B feature/f3-test-failures refs/remotes/origin/feature/f3-test-failures
2026-09-04T15:44:52.5283581Z Switched to a new branch 'feature/f3-test-failures'
2026-09-04T15:44:52.5287230Z branch 'feature/f3-test-failures' set up to track 'origin/feature/f3-test-failures'.
2026-09-04T15:44:52.5298177Z ##[endgroup]
2026-09-04T15:44:52.5346435Z [command]/usr/bin/git log -1 --format=%H
2026-09-04T15:44:52.5377843Z ff2db557a0a8df7e538c7d2e729be8ed403658e2
2026-09-04T15:44:52.5671651Z Node 20 is being deprecated. This workflow is running with Node 24 by default. If you need to temporarily use Node 20, you can set the ACTIONS_ALLOW_USE_UNSECURE_NODE_VERSION=true environment variable. For more information see: https://github.blog/changelog/2025-09-19-deprecation-of-node-20-on-github-actions-runners/
2026-09-04T15:44:52.5674760Z ##[group]Run actions/setup-python@v5
2026-09-04T15:44:52.5675347Z with:
2026-09-04T15:44:52.5675820Z   python-version: 3.11
2026-09-04T15:44:52.5676326Z   check-latest: false
2026-09-04T15:44:52.5680760Z   token: ***
2026-09-04T15:44:52.5681240Z   update-environment: true
2026-09-04T15:44:52.5681779Z   allow-prereleases: false
2026-09-04T15:44:52.5682303Z   freethreaded: false
2026-09-04T15:44:52.5682785Z ##[endgroup]
2026-09-04T15:44:52.7069231Z ##[group]Installed versions
2026-09-04T15:44:52.7170967Z (node:2238) [DEP0040] DeprecationWarning: The `punycode` module is deprecated. Please use a userland alternative instead.
2026-09-04T15:44:52.7173425Z (Use `node --trace-deprecation ...` to show where the warning was created)
2026-09-04T15:44:52.7174960Z Successfully set up CPython (3.11.16)
2026-09-04T15:44:52.7176376Z ##[endgroup]
2026-09-04T15:44:52.7387050Z ##[group]Run pip install --no-cache-dir pytest
2026-09-04T15:44:52.7388012Z [36;1mpip install --no-cache-dir pytest[0m
2026-09-04T15:44:52.7459009Z shell: /usr/bin/bash -e {0}
2026-09-04T15:44:52.7460156Z env:
2026-09-04T15:44:52.7461139Z   pythonLocation: /opt/hostedtoolcache/Python/3.11.16/x64
2026-09-04T15:44:52.7462663Z   PKG_CONFIG_PATH: /opt/hostedtoolcache/Python/3.11.16/x64/lib/pkgconfig
2026-09-04T15:44:52.7464076Z   Python_ROOT_DIR: /opt/hostedtoolcache/Python/3.11.16/x64
2026-09-04T15:44:52.7465224Z   Python2_ROOT_DIR: /opt/hostedtoolcache/Python/3.11.16/x64
2026-09-04T15:44:52.7466314Z   Python3_ROOT_DIR: /opt/hostedtoolcache/Python/3.11.16/x64
2026-09-04T15:44:52.7567096Z   LD_LIBRARY_PATH: /opt/hostedtoolcache/Python/3.11.16/x64/lib
2026-09-04T15:44:52.7568612Z ##[endgroup]
2026-09-04T15:44:53.5285030Z Collecting pytest
2026-09-04T15:44:53.5769860Z   Downloading pytest-9.1.1-py3-none-any.whl.metadata (7.6 kB)
2026-09-04T15:44:53.6090127Z Collecting iniconfig>=1.0.1 (from pytest)
2026-09-04T15:44:53.6139858Z   Downloading iniconfig-2.3.0-py3-none-any.whl.metadata (2.5 kB)
2026-09-04T15:44:53.6248369Z Collecting packaging>=22 (from pytest)
2026-09-04T15:44:53.6287260Z   Downloading packaging-26.3-py3-none-any.whl.metadata (3.5 kB)
2026-09-04T15:44:53.6375658Z Collecting pluggy<2,>=1.5 (from pytest)
2026-09-04T15:44:53.6413629Z   Downloading pluggy-1.6.0-py3-none-any.whl.metadata (4.8 kB)
2026-09-04T15:44:53.6544965Z Collecting pygments>=2.7.2 (from pytest)
2026-09-04T15:44:53.6585710Z   Downloading pygments-2.21.0-py3-none-any.whl.metadata (2.5 kB)
2026-09-04T15:44:53.6651886Z Downloading pytest-9.1.1-py3-none-any.whl (386 kB)
2026-09-04T15:44:53.6822865Z Downloading pluggy-1.6.0-py3-none-any.whl (20 kB)
2026-09-04T15:44:53.6867691Z Downloading iniconfig-2.3.0-py3-none-any.whl (7.5 kB)
2026-09-04T15:44:53.6905175Z Downloading packaging-26.3-py3-none-any.whl (129 kB)
2026-09-04T15:44:53.6944627Z Downloading pygments-2.21.0-py3-none-any.whl (1.3 MB)
2026-09-04T15:44:53.7016709Z    ââââââââââââââââââââââââââââââââââââââââ 1.3/1.3 MB 240.6 MB/s  0:00:00
2026-09-04T15:44:53.7710493Z Installing collected packages: pygments, pluggy, packaging, iniconfig, pytest
2026-09-04T15:44:54.8030913Z 
2026-09-04T15:44:54.8041132Z Successfully installed iniconfig-2.3.0 packaging-26.3 pluggy-1.6.0 pygments-2.21.0 pytest-9.1.1
2026-09-04T15:44:54.8694039Z ##[group]Run python automation/inject_mutation.py --error-type "KeyError"
2026-09-04T15:44:54.8694958Z [36;1mpython automation/inject_mutation.py --error-type "KeyError"[0m
2026-09-04T15:44:54.8737529Z shell: /usr/bin/bash -e {0}
2026-09-04T15:44:54.8737805Z env:
2026-09-04T15:44:54.8738108Z   pythonLocation: /opt/hostedtoolcache/Python/3.11.16/x64
2026-09-04T15:44:54.8738811Z   PKG_CONFIG_PATH: /opt/hostedtoolcache/Python/3.11.16/x64/lib/pkgconfig
2026-09-04T15:44:54.8739253Z   Python_ROOT_DIR: /opt/hostedtoolcache/Python/3.11.16/x64
2026-09-04T15:44:54.8739652Z   Python2_ROOT_DIR: /opt/hostedtoolcache/Python/3.11.16/x64
2026-09-04T15:44:54.8740040Z   Python3_ROOT_DIR: /opt/hostedtoolcache/Python/3.11.16/x64
2026-09-04T15:44:54.8740425Z   LD_LIBRARY_PATH: /opt/hostedtoolcache/Python/3.11.16/x64/lib
2026-09-04T15:44:54.8740757Z ##[endgroup]
2026-09-04T15:44:54.9063015Z [Mutation Injected] Successfully injected KeyError into tests/test_app.py
2026-09-04T15:44:54.9139877Z ##[group]Run pytest tests/test_app.py -v
2026-09-04T15:44:54.9140285Z [36;1mpytest tests/test_app.py -v[0m
2026-09-04T15:44:54.9182069Z shell: /usr/bin/bash -e {0}
2026-09-04T15:44:54.9182348Z env:
2026-09-04T15:44:54.9182633Z   pythonLocation: /opt/hostedtoolcache/Python/3.11.16/x64
2026-09-04T15:44:54.9183090Z   PKG_CONFIG_PATH: /opt/hostedtoolcache/Python/3.11.16/x64/lib/pkgconfig
2026-09-04T15:44:54.9183554Z   Python_ROOT_DIR: /opt/hostedtoolcache/Python/3.11.16/x64
2026-09-04T15:44:54.9183941Z   Python2_ROOT_DIR: /opt/hostedtoolcache/Python/3.11.16/x64
2026-09-04T15:44:54.9184535Z   Python3_ROOT_DIR: /opt/hostedtoolcache/Python/3.11.16/x64
2026-09-04T15:44:54.9184935Z   LD_LIBRARY_PATH: /opt/hostedtoolcache/Python/3.11.16/x64/lib
2026-09-04T15:44:54.9185264Z ##[endgroup]
2026-09-04T15:44:55.7065832Z ============================= test session starts ==============================
2026-09-04T15:44:55.7066681Z platform linux -- Python 3.11.16, pytest-9.1.1, pluggy-1.6.0 -- /opt/hostedtoolcache/Python/3.11.16/x64/bin/python
2026-09-04T15:44:55.7067227Z cachedir: .pytest_cache
2026-09-04T15:44:55.7067542Z rootdir: /home/runner/work/log-generation/log-generation
2026-09-04T15:44:55.7067930Z configfile: pytest.ini
2026-09-04T15:44:55.7150335Z collecting ... collected 6 items
2026-09-04T15:44:55.7150873Z 
2026-09-04T15:44:55.7158203Z tests/test_app.py::test_calculate_division PASSED                        [ 16%]
2026-09-04T15:44:55.7164146Z tests/test_app.py::test_convert_to_int PASSED                            [ 33%]
2026-09-04T15:44:55.7170532Z tests/test_app.py::test_get_list_item PASSED                             [ 50%]
2026-09-04T15:44:55.7177830Z tests/test_app.py::test_get_dict_value PASSED                            [ 66%]
2026-09-04T15:44:55.7185129Z tests/test_app.py::test_assert_positive PASSED                           [ 83%]
2026-09-04T15:44:55.7498403Z tests/test_app.py::test_key_error FAILED                                 [100%]
2026-09-04T15:44:55.7499010Z 
2026-09-04T15:44:55.7499279Z =================================== FAILURES ===================================
2026-09-04T15:44:55.7499955Z ________________________________ test_key_error ________________________________
2026-09-04T15:44:55.7500404Z 
2026-09-04T15:44:55.7500561Z     def test_key_error():
2026-09-04T15:44:55.7500964Z         """Injected synthetic KeyError."""
2026-09-04T15:44:55.7501436Z         from src.app import get_dict_value
2026-09-04T15:44:55.7501933Z         config = {"env": "staging", "retries": 3}
2026-09-04T15:44:55.7502478Z >       get_dict_value(config, "missing_auth_token")
2026-09-04T15:44:55.7502836Z 
2026-09-04T15:44:55.7502988Z tests/test_app.py:134: 
2026-09-04T15:44:55.7503450Z _ _ _ _ _ _ _ _ _ _ _ _ _ _ _ _ _ _ _ _ _ _ _ _ _ _ _ _ _ _ _ _ _ _ _ _ _ _ _ _ 
2026-09-04T15:44:55.7503852Z 
2026-09-04T15:44:55.7504123Z d = {'env': 'staging', 'retries': 3}, key = 'missing_auth_token'
2026-09-04T15:44:55.7504706Z 
2026-09-04T15:44:55.7504868Z     def get_dict_value(d, key):
2026-09-04T15:44:55.7505257Z >       return d[key]
2026-09-04T15:44:55.7505591Z                ^^^^^^
2026-09-04T15:44:55.7505933Z E       KeyError: 'missing_auth_token'
2026-09-04T15:44:55.7506226Z 
2026-09-04T15:44:55.7506371Z src/app.py:11: KeyError
2026-09-04T15:44:55.7506833Z =========================== short test summary info ============================
2026-09-04T15:44:55.7507590Z FAILED tests/test_app.py::test_key_error - KeyError: 'missing_auth_token'
2026-09-04T15:44:55.7508693Z ========================= 1 failed, 5 passed in 0.03s ==========================
2026-09-04T15:44:55.7736300Z ##[error]Process completed with exit code 1.
2026-09-04T15:44:55.7885565Z Node 20 is being deprecated. This workflow is running with Node 24 by default. If you need to temporarily use Node 20, you can set the ACTIONS_ALLOW_USE_UNSECURE_NODE_VERSION=true environment variable. For more information see: https://github.blog/changelog/2025-09-19-deprecation-of-node-20-on-github-actions-runners/
2026-09-04T15:44:55.7886847Z Post job cleanup.
2026-09-04T15:44:55.8805581Z [command]/usr/bin/git version
2026-09-04T15:44:55.8845707Z git version 2.55.0
2026-09-04T15:44:55.8888448Z Temporarily overriding HOME='/home/runner/work/_temp/d09c07ff-968e-4009-8b2c-13a4a584dc2f' before making global git config changes
2026-09-04T15:44:55.8889259Z Adding repository directory to the temporary git global config as a safe directory
2026-09-04T15:44:55.8894569Z [command]/usr/bin/git config --global --add safe.directory /home/runner/work/log-generation/log-generation
2026-09-04T15:44:55.8940497Z [command]/usr/bin/git config --local --name-only --get-regexp core\.sshCommand
2026-09-04T15:44:55.8986477Z [command]/usr/bin/git submodule foreach --recursive sh -c "git config --local --name-only --get-regexp 'core\.sshCommand' && git config --local --unset-all 'core.sshCommand' || :"
2026-09-04T15:44:55.9253754Z [command]/usr/bin/git config --local --name-only --get-regexp http\.https\:\/\/github\.com\/\.extraheader
2026-09-04T15:44:55.9283854Z http.https://github.com/.extraheader
2026-09-04T15:44:55.9295207Z [command]/usr/bin/git config --local --unset-all http.https://github.com/.extraheader
2026-09-04T15:44:55.9343676Z [command]/usr/bin/git submodule foreach --recursive sh -c "git config --local --name-only --get-regexp 'http\.https\:\/\/github\.com\/\.extraheader' && git config --local --unset-all 'http.https://github.com/.extraheader' || :"
2026-09-04T15:44:55.9639083Z [command]/usr/bin/git config --local --name-only --get-regexp ^includeIf\.gitdir:
2026-09-04T15:44:55.9681847Z [command]/usr/bin/git submodule foreach --recursive git config --local --show-origin --name-only --get-regexp remote.origin.url
2026-09-04T15:44:56.0098730Z Cleaning up orphan processes
2026-09-04T15:44:56.0391058Z ##[warning]Node.js 20 is deprecated. The following actions target Node.js 20 but are being forced to run on Node.js 24: actions/checkout@v4, actions/setup-python@v5. For more information see: https://github.blog/changelog/2025-09-19-deprecation-of-node-20-on-github-actions-runners/
