ï»¿2026-09-04T11:29:15.5030444Z Current runner version: '2.337.0'
2026-09-04T11:29:15.5066099Z ##[group]Runner Image Provisioner
2026-09-04T11:29:15.5067365Z Hosted Compute Agent
2026-09-04T11:29:15.5068403Z Version: 20260819.586
2026-09-04T11:29:15.5069885Z Commit: 3cc4a88dfa507ef76119ad1bb3eccc6378bb2b76
2026-09-04T11:29:15.5071164Z Build Date: 2026-08-18T23:20:18Z
2026-09-04T11:29:15.5072458Z Worker ID: {ee3c893b-6dfe-4dfe-9c8b-fc122868e1c0}
2026-09-04T11:29:15.5073787Z Azure Region: eastus
2026-09-04T11:29:15.5074939Z ##[endgroup]
2026-09-04T11:29:15.5077768Z ##[group]Operating System
2026-09-04T11:29:15.5079304Z Ubuntu
2026-09-04T11:29:15.5080229Z 24.04.4
2026-09-04T11:29:15.5081117Z LTS
2026-09-04T11:29:15.5082086Z ##[endgroup]
2026-09-04T11:29:15.5083058Z ##[group]Runner Image
2026-09-04T11:29:15.5084156Z Image: ubuntu-24.04
2026-09-04T11:29:15.5085115Z Version: 20260823.283.1
2026-09-04T11:29:15.5087385Z Included Software: https://github.com/actions/runner-images/blob/ubuntu24/20260823.283/images/ubuntu/Ubuntu2404-Readme.md
2026-09-04T11:29:15.5090636Z Image Release: https://github.com/actions/runner-images/releases/tag/ubuntu24%2F20260823.283
2026-09-04T11:29:15.5092524Z ##[endgroup]
2026-09-04T11:29:15.5094506Z ##[group]GITHUB_TOKEN Permissions
2026-09-04T11:29:15.5097359Z Contents: read
2026-09-04T11:29:15.5098462Z Metadata: read
2026-09-04T11:29:15.5099804Z Packages: read
2026-09-04T11:29:15.5100734Z ##[endgroup]
2026-09-04T11:29:15.5103594Z Secret source: Actions
2026-09-04T11:29:15.5105452Z Prepare workflow directory
2026-09-04T11:29:15.5593038Z Prepare all required actions
2026-09-04T11:29:15.5665389Z Getting action download info
2026-09-04T11:29:15.7385563Z Download action repository 'actions/checkout@v4' (SHA:11d5960a326750d5838078e36cf38b85af677262)
2026-09-04T11:29:15.8487369Z Download action repository 'actions/setup-python@v5' (SHA:a26af69be951a213d495a4c3e4e4022e16d87065)
2026-09-04T11:29:16.0316168Z Complete job name: test-f3 (AttributeError #80)
2026-09-04T11:29:16.1085256Z Node 20 is being deprecated. This workflow is running with Node 24 by default. If you need to temporarily use Node 20, you can set the ACTIONS_ALLOW_USE_UNSECURE_NODE_VERSION=true environment variable. For more information see: https://github.blog/changelog/2025-09-19-deprecation-of-node-20-on-github-actions-runners/
2026-09-04T11:29:16.1094378Z ##[group]Run actions/checkout@v4
2026-09-04T11:29:16.1095139Z with:
2026-09-04T11:29:16.1095568Z   fetch-depth: 1
2026-09-04T11:29:16.1096047Z   repository: DhruvHegde/log-generation
2026-09-04T11:29:16.1100315Z   token: ***
2026-09-04T11:29:16.1100769Z   ssh-strict: true
2026-09-04T11:29:16.1101207Z   ssh-user: git
2026-09-04T11:29:16.1101651Z   persist-credentials: true
2026-09-04T11:29:16.1102139Z   clean: true
2026-09-04T11:29:16.1102575Z   sparse-checkout-cone-mode: true
2026-09-04T11:29:16.1103091Z   fetch-tags: false
2026-09-04T11:29:16.1103524Z   show-progress: true
2026-09-04T11:29:16.1103969Z   lfs: false
2026-09-04T11:29:16.1104406Z   submodules: false
2026-09-04T11:29:16.1104853Z   set-safe-directory: true
2026-09-04T11:29:16.1105366Z   allow-unsafe-pr-checkout: false
2026-09-04T11:29:16.1106234Z ##[endgroup]
2026-09-04T11:29:16.2112643Z Syncing repository: DhruvHegde/log-generation
2026-09-04T11:29:16.2115618Z ##[group]Getting Git version info
2026-09-04T11:29:16.2116901Z Working directory is '/home/runner/work/log-generation/log-generation'
2026-09-04T11:29:16.2118874Z [command]/usr/bin/git version
2026-09-04T11:29:16.2186797Z git version 2.55.0
2026-09-04T11:29:16.2209062Z ##[endgroup]
2026-09-04T11:29:16.2224341Z Temporarily overriding HOME='/home/runner/work/_temp/f99c6626-1c19-49d5-8c9e-5f25643f6871' before making global git config changes
2026-09-04T11:29:16.2227203Z Adding repository directory to the temporary git global config as a safe directory
2026-09-04T11:29:16.2229792Z [command]/usr/bin/git config --global --add safe.directory /home/runner/work/log-generation/log-generation
2026-09-04T11:29:16.2284389Z Deleting the contents of '/home/runner/work/log-generation/log-generation'
2026-09-04T11:29:16.2294073Z ##[group]Initializing the repository
2026-09-04T11:29:16.2295765Z [command]/usr/bin/git init /home/runner/work/log-generation/log-generation
2026-09-04T11:29:16.2433027Z hint: Using 'master' as the name for the initial branch. This default branch name
2026-09-04T11:29:16.2439201Z hint: will change to "main" in Git 3.0. To configure the initial branch name
2026-09-04T11:29:16.2441806Z hint: to use in all of your new repositories, which will suppress this warning,
2026-09-04T11:29:16.2443438Z hint: call:
2026-09-04T11:29:16.2444124Z hint:
2026-09-04T11:29:16.2445337Z hint: 	git config --global init.defaultBranch <name>
2026-09-04T11:29:16.2446303Z hint:
2026-09-04T11:29:16.2446977Z hint: Names commonly chosen instead of 'master' are 'main', 'trunk' and
2026-09-04T11:29:16.2447938Z hint: 'development'. The just-created branch can be renamed via this command:
2026-09-04T11:29:16.2449098Z hint:
2026-09-04T11:29:16.2449809Z hint: 	git branch -m <name>
2026-09-04T11:29:16.2450571Z hint:
2026-09-04T11:29:16.2451549Z hint: Disable this message with "git config set advice.defaultBranchName false"
2026-09-04T11:29:16.2452616Z Initialized empty Git repository in /home/runner/work/log-generation/log-generation/.git/
2026-09-04T11:29:16.2454364Z [command]/usr/bin/git remote add origin https://github.com/DhruvHegde/log-generation
2026-09-04T11:29:16.2503452Z ##[endgroup]
2026-09-04T11:29:16.2504775Z ##[group]Disabling automatic garbage collection
2026-09-04T11:29:16.2506781Z [command]/usr/bin/git config --local gc.auto 0
2026-09-04T11:29:16.2538233Z ##[endgroup]
2026-09-04T11:29:16.2539807Z ##[group]Setting up auth
2026-09-04T11:29:16.2545613Z [command]/usr/bin/git config --local --name-only --get-regexp core\.sshCommand
2026-09-04T11:29:16.2582262Z [command]/usr/bin/git submodule foreach --recursive sh -c "git config --local --name-only --get-regexp 'core\.sshCommand' && git config --local --unset-all 'core.sshCommand' || :"
2026-09-04T11:29:16.2973673Z [command]/usr/bin/git config --local --name-only --get-regexp http\.https\:\/\/github\.com\/\.extraheader
2026-09-04T11:29:16.3015432Z [command]/usr/bin/git submodule foreach --recursive sh -c "git config --local --name-only --get-regexp 'http\.https\:\/\/github\.com\/\.extraheader' && git config --local --unset-all 'http.https://github.com/.extraheader' || :"
2026-09-04T11:29:16.3242599Z [command]/usr/bin/git config --local --name-only --get-regexp ^includeIf\.gitdir:
2026-09-04T11:29:16.3279033Z [command]/usr/bin/git submodule foreach --recursive git config --local --show-origin --name-only --get-regexp remote.origin.url
2026-09-04T11:29:16.3502301Z [command]/usr/bin/git config --local http.https://github.com/.extraheader AUTHORIZATION: basic ***
2026-09-04T11:29:16.3540166Z ##[endgroup]
2026-09-04T11:29:16.3541101Z ##[group]Fetching the repository
2026-09-04T11:29:16.3550426Z [command]/usr/bin/git -c protocol.version=2 fetch --no-tags --prune --no-recurse-submodules --depth=1 origin +0c2ddc82b3a248827557edda9affcd6927945898:refs/remotes/origin/feature/f3-test-failures
2026-09-04T11:29:16.6152442Z From https://github.com/DhruvHegde/log-generation
2026-09-04T11:29:16.6153702Z  * [new ref]         0c2ddc82b3a248827557edda9affcd6927945898 -> origin/feature/f3-test-failures
2026-09-04T11:29:16.6158229Z ##[endgroup]
2026-09-04T11:29:16.6159542Z ##[group]Determining the checkout info
2026-09-04T11:29:16.6161278Z ##[endgroup]
2026-09-04T11:29:16.6166853Z [command]/usr/bin/git sparse-checkout disable
2026-09-04T11:29:16.6222215Z [command]/usr/bin/git config --local --unset-all extensions.worktreeConfig
2026-09-04T11:29:16.6255577Z ##[group]Checking out the ref
2026-09-04T11:29:16.6260494Z [command]/usr/bin/git checkout --progress --force -B feature/f3-test-failures refs/remotes/origin/feature/f3-test-failures
2026-09-04T11:29:16.6341834Z Switched to a new branch 'feature/f3-test-failures'
2026-09-04T11:29:16.6348184Z branch 'feature/f3-test-failures' set up to track 'origin/feature/f3-test-failures'.
2026-09-04T11:29:16.6354406Z ##[endgroup]
2026-09-04T11:29:16.6399432Z [command]/usr/bin/git log -1 --format=%H
2026-09-04T11:29:16.6425498Z 0c2ddc82b3a248827557edda9affcd6927945898
2026-09-04T11:29:16.6707256Z Node 20 is being deprecated. This workflow is running with Node 24 by default. If you need to temporarily use Node 20, you can set the ACTIONS_ALLOW_USE_UNSECURE_NODE_VERSION=true environment variable. For more information see: https://github.blog/changelog/2025-09-19-deprecation-of-node-20-on-github-actions-runners/
2026-09-04T11:29:16.6710733Z ##[group]Run actions/setup-python@v5
2026-09-04T11:29:16.6711428Z with:
2026-09-04T11:29:16.6711981Z   python-version: 3.11
2026-09-04T11:29:16.6712583Z   check-latest: false
2026-09-04T11:29:16.6716715Z   token: ***
2026-09-04T11:29:16.6717282Z   update-environment: true
2026-09-04T11:29:16.6717916Z   allow-prereleases: false
2026-09-04T11:29:16.6718681Z   freethreaded: false
2026-09-04T11:29:16.6719263Z ##[endgroup]
2026-09-04T11:29:16.8048072Z ##[group]Installed versions
2026-09-04T11:29:16.8144889Z (node:2253) [DEP0040] DeprecationWarning: The `punycode` module is deprecated. Please use a userland alternative instead.
2026-09-04T11:29:16.8147646Z (Use `node --trace-deprecation ...` to show where the warning was created)
2026-09-04T11:29:16.8149439Z Successfully set up CPython (3.11.16)
2026-09-04T11:29:16.8151069Z ##[endgroup]
2026-09-04T11:29:16.8350754Z ##[group]Run pip install --no-cache-dir pytest
2026-09-04T11:29:16.8351642Z [36;1mpip install --no-cache-dir pytest[0m
2026-09-04T11:29:16.8407189Z shell: /usr/bin/bash -e {0}
2026-09-04T11:29:16.8407830Z env:
2026-09-04T11:29:16.8408414Z   pythonLocation: /opt/hostedtoolcache/Python/3.11.16/x64
2026-09-04T11:29:16.8409807Z   PKG_CONFIG_PATH: /opt/hostedtoolcache/Python/3.11.16/x64/lib/pkgconfig
2026-09-04T11:29:16.8410714Z   Python_ROOT_DIR: /opt/hostedtoolcache/Python/3.11.16/x64
2026-09-04T11:29:16.8411533Z   Python2_ROOT_DIR: /opt/hostedtoolcache/Python/3.11.16/x64
2026-09-04T11:29:16.8412355Z   Python3_ROOT_DIR: /opt/hostedtoolcache/Python/3.11.16/x64
2026-09-04T11:29:16.8413607Z   LD_LIBRARY_PATH: /opt/hostedtoolcache/Python/3.11.16/x64/lib
2026-09-04T11:29:16.8414811Z ##[endgroup]
2026-09-04T11:29:17.8186924Z Collecting pytest
2026-09-04T11:29:17.8665442Z   Downloading pytest-9.1.1-py3-none-any.whl.metadata (7.6 kB)
2026-09-04T11:29:17.8896652Z Collecting iniconfig>=1.0.1 (from pytest)
2026-09-04T11:29:17.8931039Z   Downloading iniconfig-2.3.0-py3-none-any.whl.metadata (2.5 kB)
2026-09-04T11:29:17.9032657Z Collecting packaging>=22 (from pytest)
2026-09-04T11:29:17.9069294Z   Downloading packaging-26.3-py3-none-any.whl.metadata (3.5 kB)
2026-09-04T11:29:17.9149323Z Collecting pluggy<2,>=1.5 (from pytest)
2026-09-04T11:29:17.9186549Z   Downloading pluggy-1.6.0-py3-none-any.whl.metadata (4.8 kB)
2026-09-04T11:29:17.9320871Z Collecting pygments>=2.7.2 (from pytest)
2026-09-04T11:29:17.9355572Z   Downloading pygments-2.21.0-py3-none-any.whl.metadata (2.5 kB)
2026-09-04T11:29:17.9420150Z Downloading pytest-9.1.1-py3-none-any.whl (386 kB)
2026-09-04T11:29:17.9617913Z Downloading pluggy-1.6.0-py3-none-any.whl (20 kB)
2026-09-04T11:29:17.9652098Z Downloading iniconfig-2.3.0-py3-none-any.whl (7.5 kB)
2026-09-04T11:29:17.9686775Z Downloading packaging-26.3-py3-none-any.whl (129 kB)
2026-09-04T11:29:17.9737697Z Downloading pygments-2.21.0-py3-none-any.whl (1.3 MB)
2026-09-04T11:29:17.9943603Z    ââââââââââââââââââââââââââââââââââââââââ 1.3/1.3 MB 73.7 MB/s  0:00:00
2026-09-04T11:29:18.0636132Z Installing collected packages: pygments, pluggy, packaging, iniconfig, pytest
2026-09-04T11:29:19.0152522Z 
2026-09-04T11:29:19.0162180Z Successfully installed iniconfig-2.3.0 packaging-26.3 pluggy-1.6.0 pygments-2.21.0 pytest-9.1.1
2026-09-04T11:29:19.0672458Z ##[group]Run python automation/inject_mutation.py --error-type "AttributeError"
2026-09-04T11:29:19.0673113Z [36;1mpython automation/inject_mutation.py --error-type "AttributeError"[0m
2026-09-04T11:29:19.0712502Z shell: /usr/bin/bash -e {0}
2026-09-04T11:29:19.0712759Z env:
2026-09-04T11:29:19.0713037Z   pythonLocation: /opt/hostedtoolcache/Python/3.11.16/x64
2026-09-04T11:29:19.0713714Z   PKG_CONFIG_PATH: /opt/hostedtoolcache/Python/3.11.16/x64/lib/pkgconfig
2026-09-04T11:29:19.0714144Z   Python_ROOT_DIR: /opt/hostedtoolcache/Python/3.11.16/x64
2026-09-04T11:29:19.0714522Z   Python2_ROOT_DIR: /opt/hostedtoolcache/Python/3.11.16/x64
2026-09-04T11:29:19.0714931Z   Python3_ROOT_DIR: /opt/hostedtoolcache/Python/3.11.16/x64
2026-09-04T11:29:19.0715315Z   LD_LIBRARY_PATH: /opt/hostedtoolcache/Python/3.11.16/x64/lib
2026-09-04T11:29:19.0715677Z ##[endgroup]
2026-09-04T11:29:19.1015408Z [Mutation Injected] Successfully injected AttributeError into tests/test_app.py
2026-09-04T11:29:19.1081525Z ##[group]Run pytest tests/test_app.py -v
2026-09-04T11:29:19.1081905Z [36;1mpytest tests/test_app.py -v[0m
2026-09-04T11:29:19.1117000Z shell: /usr/bin/bash -e {0}
2026-09-04T11:29:19.1117253Z env:
2026-09-04T11:29:19.1117525Z   pythonLocation: /opt/hostedtoolcache/Python/3.11.16/x64
2026-09-04T11:29:19.1117983Z   PKG_CONFIG_PATH: /opt/hostedtoolcache/Python/3.11.16/x64/lib/pkgconfig
2026-09-04T11:29:19.1118670Z   Python_ROOT_DIR: /opt/hostedtoolcache/Python/3.11.16/x64
2026-09-04T11:29:19.1119124Z   Python2_ROOT_DIR: /opt/hostedtoolcache/Python/3.11.16/x64
2026-09-04T11:29:19.1119512Z   Python3_ROOT_DIR: /opt/hostedtoolcache/Python/3.11.16/x64
2026-09-04T11:29:19.1119914Z   LD_LIBRARY_PATH: /opt/hostedtoolcache/Python/3.11.16/x64/lib
2026-09-04T11:29:19.1120246Z ##[endgroup]
2026-09-04T11:29:19.3350555Z ============================= test session starts ==============================
2026-09-04T11:29:19.3351939Z platform linux -- Python 3.11.16, pytest-9.1.1, pluggy-1.6.0 -- /opt/hostedtoolcache/Python/3.11.16/x64/bin/python
2026-09-04T11:29:19.3352691Z cachedir: .pytest_cache
2026-09-04T11:29:19.3353107Z rootdir: /home/runner/work/log-generation/log-generation
2026-09-04T11:29:19.3353580Z configfile: pytest.ini
2026-09-04T11:29:19.3436009Z collecting ... collected 6 items
2026-09-04T11:29:19.3436342Z 
2026-09-04T11:29:19.3444813Z tests/test_app.py::test_calculate_division PASSED                        [ 16%]
2026-09-04T11:29:19.3452150Z tests/test_app.py::test_convert_to_int PASSED                            [ 33%]
2026-09-04T11:29:19.3459424Z tests/test_app.py::test_get_list_item PASSED                             [ 50%]
2026-09-04T11:29:19.3466264Z tests/test_app.py::test_get_dict_value PASSED                            [ 66%]
2026-09-04T11:29:19.3473203Z tests/test_app.py::test_assert_positive PASSED                           [ 83%]
2026-09-04T11:29:19.3736436Z tests/test_app.py::test_attribute_error FAILED                           [100%]
2026-09-04T11:29:19.3737229Z 
2026-09-04T11:29:19.3737789Z =================================== FAILURES ===================================
2026-09-04T11:29:19.3738932Z _____________________________ test_attribute_error _____________________________
2026-09-04T11:29:19.3739474Z 
2026-09-04T11:29:19.3739663Z     def test_attribute_error():
2026-09-04T11:29:19.3740163Z         """Injected synthetic AttributeError."""
2026-09-04T11:29:19.3740770Z         from src.app import get_object_attribute
2026-09-04T11:29:19.3741317Z >       get_object_attribute(object())
2026-09-04T11:29:19.3741682Z 
2026-09-04T11:29:19.3741860Z tests/test_app.py:131: 
2026-09-04T11:29:19.3742420Z _ _ _ _ _ _ _ _ _ _ _ _ _ _ _ _ _ _ _ _ _ _ _ _ _ _ _ _ _ _ _ _ _ _ _ _ _ _ _ _ 
2026-09-04T11:29:19.3742898Z 
2026-09-04T11:29:19.3743108Z obj = <object object at 0x7faf04b85370>
2026-09-04T11:29:19.3743474Z 
2026-09-04T11:29:19.3743673Z     def get_object_attribute(obj):
2026-09-04T11:29:19.3744173Z >       return obj.non_existent_attribute
2026-09-04T11:29:19.3744683Z                ^^^^^^^^^^^^^^^^^^^^^^^^^^
2026-09-04T11:29:19.3745405Z E       AttributeError: 'object' object has no attribute 'non_existent_attribute'
2026-09-04T11:29:19.3746031Z 
2026-09-04T11:29:19.3746225Z src/app.py:14: AttributeError
2026-09-04T11:29:19.3746809Z =========================== short test summary info ============================
2026-09-04T11:29:19.3748002Z FAILED tests/test_app.py::test_attribute_error - AttributeError: 'object' object has no attribute 'non_existent_attribute'
2026-09-04T11:29:19.3749771Z ========================= 1 failed, 5 passed in 0.03s ==========================
2026-09-04T11:29:19.3924831Z ##[error]Process completed with exit code 1.
2026-09-04T11:29:19.4069050Z Node 20 is being deprecated. This workflow is running with Node 24 by default. If you need to temporarily use Node 20, you can set the ACTIONS_ALLOW_USE_UNSECURE_NODE_VERSION=true environment variable. For more information see: https://github.blog/changelog/2025-09-19-deprecation-of-node-20-on-github-actions-runners/
2026-09-04T11:29:19.4070366Z Post job cleanup.
2026-09-04T11:29:19.4901810Z [command]/usr/bin/git version
2026-09-04T11:29:19.4945797Z git version 2.55.0
2026-09-04T11:29:19.4990752Z Temporarily overriding HOME='/home/runner/work/_temp/4bce39a6-4a4e-4b64-86c5-ded17f2a3186' before making global git config changes
2026-09-04T11:29:19.4992284Z Adding repository directory to the temporary git global config as a safe directory
2026-09-04T11:29:19.4996134Z [command]/usr/bin/git config --global --add safe.directory /home/runner/work/log-generation/log-generation
2026-09-04T11:29:19.5034968Z [command]/usr/bin/git config --local --name-only --get-regexp core\.sshCommand
2026-09-04T11:29:19.5069212Z [command]/usr/bin/git submodule foreach --recursive sh -c "git config --local --name-only --get-regexp 'core\.sshCommand' && git config --local --unset-all 'core.sshCommand' || :"
2026-09-04T11:29:19.5331795Z [command]/usr/bin/git config --local --name-only --get-regexp http\.https\:\/\/github\.com\/\.extraheader
2026-09-04T11:29:19.5361005Z http.https://github.com/.extraheader
2026-09-04T11:29:19.5372856Z [command]/usr/bin/git config --local --unset-all http.https://github.com/.extraheader
2026-09-04T11:29:19.5408925Z [command]/usr/bin/git submodule foreach --recursive sh -c "git config --local --name-only --get-regexp 'http\.https\:\/\/github\.com\/\.extraheader' && git config --local --unset-all 'http.https://github.com/.extraheader' || :"
2026-09-04T11:29:19.5666070Z [command]/usr/bin/git config --local --name-only --get-regexp ^includeIf\.gitdir:
2026-09-04T11:29:19.5703937Z [command]/usr/bin/git submodule foreach --recursive git config --local --show-origin --name-only --get-regexp remote.origin.url
2026-09-04T11:29:19.6132736Z Cleaning up orphan processes
2026-09-04T11:29:19.6407332Z ##[warning]Node.js 20 is deprecated. The following actions target Node.js 20 but are being forced to run on Node.js 24: actions/checkout@v4, actions/setup-python@v5. For more information see: https://github.blog/changelog/2025-09-19-deprecation-of-node-20-on-github-actions-runners/
