ï»¿2026-09-04T15:45:03.2293336Z Current runner version: '2.337.0'
2026-09-04T15:45:03.2319162Z ##[group]Runner Image Provisioner
2026-09-04T15:45:03.2320130Z Hosted Compute Agent
2026-09-04T15:45:03.2320740Z Version: 20260828.587
2026-09-04T15:45:03.2321412Z Commit: abac92662cab4cc7352de4f9f9d2e2419aad9c29
2026-09-04T15:45:03.2322511Z Build Date: 2026-08-28T16:44:25Z
2026-09-04T15:45:03.2323220Z Worker ID: {6cb96a07-b7dc-43c0-afa6-057bb101d4fe}
2026-09-04T15:45:03.2324005Z Azure Region: eastus
2026-09-04T15:45:03.2324628Z ##[endgroup]
2026-09-04T15:45:03.2326259Z ##[group]Operating System
2026-09-04T15:45:03.2327036Z Ubuntu
2026-09-04T15:45:03.2327569Z 24.04.4
2026-09-04T15:45:03.2328554Z LTS
2026-09-04T15:45:03.2329101Z ##[endgroup]
2026-09-04T15:45:03.2329689Z ##[group]Runner Image
2026-09-04T15:45:03.2330416Z Image: ubuntu-24.04
2026-09-04T15:45:03.2330995Z Version: 20260831.293.1
2026-09-04T15:45:03.2332533Z Included Software: https://github.com/actions/runner-images/blob/ubuntu24/20260831.293/images/ubuntu/Ubuntu2404-Readme.md
2026-09-04T15:45:03.2334203Z Image Release: https://github.com/actions/runner-images/releases/tag/ubuntu24%2F20260831.293
2026-09-04T15:45:03.2335192Z ##[endgroup]
2026-09-04T15:45:03.2336375Z ##[group]GITHUB_TOKEN Permissions
2026-09-04T15:45:03.2338644Z Contents: read
2026-09-04T15:45:03.2339286Z Metadata: read
2026-09-04T15:45:03.2339961Z Packages: read
2026-09-04T15:45:03.2340541Z ##[endgroup]
2026-09-04T15:45:03.2343020Z Secret source: Actions
2026-09-04T15:45:03.2344583Z Prepare workflow directory
2026-09-04T15:45:03.2682424Z Prepare all required actions
2026-09-04T15:45:03.2730951Z Getting action download info
2026-09-04T15:45:03.4819589Z Download action repository 'actions/checkout@v4' (SHA:11d5960a326750d5838078e36cf38b85af677262)
2026-09-04T15:45:03.6186190Z Download action repository 'actions/setup-python@v5' (SHA:a26af69be951a213d495a4c3e4e4022e16d87065)
2026-09-04T15:45:03.8000359Z Complete job name: test-f3 (AttributeError #87)
2026-09-04T15:45:03.8884212Z Node 20 is being deprecated. This workflow is running with Node 24 by default. If you need to temporarily use Node 20, you can set the ACTIONS_ALLOW_USE_UNSECURE_NODE_VERSION=true environment variable. For more information see: https://github.blog/changelog/2025-09-19-deprecation-of-node-20-on-github-actions-runners/
2026-09-04T15:45:03.8893521Z ##[group]Run actions/checkout@v4
2026-09-04T15:45:03.8894288Z with:
2026-09-04T15:45:03.8894739Z   fetch-depth: 1
2026-09-04T15:45:03.8895251Z   repository: DhruvHegde/log-generation
2026-09-04T15:45:03.8899286Z   token: ***
2026-09-04T15:45:03.8899753Z   ssh-strict: true
2026-09-04T15:45:03.8900235Z   ssh-user: git
2026-09-04T15:45:03.8900711Z   persist-credentials: true
2026-09-04T15:45:03.8901232Z   clean: true
2026-09-04T15:45:03.8901714Z   sparse-checkout-cone-mode: true
2026-09-04T15:45:03.8902465Z   fetch-tags: false
2026-09-04T15:45:03.8902941Z   show-progress: true
2026-09-04T15:45:03.8903417Z   lfs: false
2026-09-04T15:45:03.8903902Z   submodules: false
2026-09-04T15:45:03.8904378Z   set-safe-directory: true
2026-09-04T15:45:03.8904965Z   allow-unsafe-pr-checkout: false
2026-09-04T15:45:03.8905783Z ##[endgroup]
2026-09-04T15:45:03.9959666Z Syncing repository: DhruvHegde/log-generation
2026-09-04T15:45:03.9962665Z ##[group]Getting Git version info
2026-09-04T15:45:03.9963931Z Working directory is '/home/runner/work/log-generation/log-generation'
2026-09-04T15:45:03.9965839Z [command]/usr/bin/git version
2026-09-04T15:45:04.0035188Z git version 2.55.0
2026-09-04T15:45:04.0058236Z ##[endgroup]
2026-09-04T15:45:04.0073791Z Temporarily overriding HOME='/home/runner/work/_temp/dbfde1d6-804b-4a36-8e99-b7de622257db' before making global git config changes
2026-09-04T15:45:04.0076265Z Adding repository directory to the temporary git global config as a safe directory
2026-09-04T15:45:04.0078965Z [command]/usr/bin/git config --global --add safe.directory /home/runner/work/log-generation/log-generation
2026-09-04T15:45:04.0135790Z Deleting the contents of '/home/runner/work/log-generation/log-generation'
2026-09-04T15:45:04.0139441Z ##[group]Initializing the repository
2026-09-04T15:45:04.0145278Z [command]/usr/bin/git init /home/runner/work/log-generation/log-generation
2026-09-04T15:45:04.0262832Z hint: Using 'master' as the name for the initial branch. This default branch name
2026-09-04T15:45:04.0264581Z hint: will change to "main" in Git 3.0. To configure the initial branch name
2026-09-04T15:45:04.0266087Z hint: to use in all of your new repositories, which will suppress this warning,
2026-09-04T15:45:04.0267273Z hint: call:
2026-09-04T15:45:04.0267901Z hint:
2026-09-04T15:45:04.0268804Z hint: 	git config --global init.defaultBranch <name>
2026-09-04T15:45:04.0269860Z hint:
2026-09-04T15:45:04.0270790Z hint: Names commonly chosen instead of 'master' are 'main', 'trunk' and
2026-09-04T15:45:04.0272549Z hint: 'development'. The just-created branch can be renamed via this command:
2026-09-04T15:45:04.0273831Z hint:
2026-09-04T15:45:04.0274591Z hint: 	git branch -m <name>
2026-09-04T15:45:04.0275448Z hint:
2026-09-04T15:45:04.0276460Z hint: Disable this message with "git config set advice.defaultBranchName false"
2026-09-04T15:45:04.0278448Z Initialized empty Git repository in /home/runner/work/log-generation/log-generation/.git/
2026-09-04T15:45:04.0285246Z [command]/usr/bin/git remote add origin https://github.com/DhruvHegde/log-generation
2026-09-04T15:45:04.0345605Z ##[endgroup]
2026-09-04T15:45:04.0346949Z ##[group]Disabling automatic garbage collection
2026-09-04T15:45:04.0349852Z [command]/usr/bin/git config --local gc.auto 0
2026-09-04T15:45:04.0383707Z ##[endgroup]
2026-09-04T15:45:04.0384919Z ##[group]Setting up auth
2026-09-04T15:45:04.0390836Z [command]/usr/bin/git config --local --name-only --get-regexp core\.sshCommand
2026-09-04T15:45:04.0430303Z [command]/usr/bin/git submodule foreach --recursive sh -c "git config --local --name-only --get-regexp 'core\.sshCommand' && git config --local --unset-all 'core.sshCommand' || :"
2026-09-04T15:45:04.0819545Z [command]/usr/bin/git config --local --name-only --get-regexp http\.https\:\/\/github\.com\/\.extraheader
2026-09-04T15:45:04.0864953Z [command]/usr/bin/git submodule foreach --recursive sh -c "git config --local --name-only --get-regexp 'http\.https\:\/\/github\.com\/\.extraheader' && git config --local --unset-all 'http.https://github.com/.extraheader' || :"
2026-09-04T15:45:04.1107138Z [command]/usr/bin/git config --local --name-only --get-regexp ^includeIf\.gitdir:
2026-09-04T15:45:04.1145763Z [command]/usr/bin/git submodule foreach --recursive git config --local --show-origin --name-only --get-regexp remote.origin.url
2026-09-04T15:45:04.1381354Z [command]/usr/bin/git config --local http.https://github.com/.extraheader AUTHORIZATION: basic ***
2026-09-04T15:45:04.1422834Z ##[endgroup]
2026-09-04T15:45:04.1424333Z ##[group]Fetching the repository
2026-09-04T15:45:04.1435117Z [command]/usr/bin/git -c protocol.version=2 fetch --no-tags --prune --no-recurse-submodules --depth=1 origin +ff2db557a0a8df7e538c7d2e729be8ed403658e2:refs/remotes/origin/feature/f3-test-failures
2026-09-04T15:45:04.4952433Z From https://github.com/DhruvHegde/log-generation
2026-09-04T15:45:04.4979262Z  * [new ref]         ff2db557a0a8df7e538c7d2e729be8ed403658e2 -> origin/feature/f3-test-failures
2026-09-04T15:45:04.4983027Z ##[endgroup]
2026-09-04T15:45:04.4984519Z ##[group]Determining the checkout info
2026-09-04T15:45:04.4986246Z ##[endgroup]
2026-09-04T15:45:04.4987431Z [command]/usr/bin/git sparse-checkout disable
2026-09-04T15:45:04.5030110Z [command]/usr/bin/git config --local --unset-all extensions.worktreeConfig
2026-09-04T15:45:04.5071341Z ##[group]Checking out the ref
2026-09-04T15:45:04.5078540Z [command]/usr/bin/git checkout --progress --force -B feature/f3-test-failures refs/remotes/origin/feature/f3-test-failures
2026-09-04T15:45:04.5859063Z Switched to a new branch 'feature/f3-test-failures'
2026-09-04T15:45:04.5861157Z branch 'feature/f3-test-failures' set up to track 'origin/feature/f3-test-failures'.
2026-09-04T15:45:04.5864633Z ##[endgroup]
2026-09-04T15:45:04.5909694Z [command]/usr/bin/git log -1 --format=%H
2026-09-04T15:45:04.5938994Z ff2db557a0a8df7e538c7d2e729be8ed403658e2
2026-09-04T15:45:04.6325463Z Node 20 is being deprecated. This workflow is running with Node 24 by default. If you need to temporarily use Node 20, you can set the ACTIONS_ALLOW_USE_UNSECURE_NODE_VERSION=true environment variable. For more information see: https://github.blog/changelog/2025-09-19-deprecation-of-node-20-on-github-actions-runners/
2026-09-04T15:45:04.6331651Z ##[group]Run actions/setup-python@v5
2026-09-04T15:45:04.6333116Z with:
2026-09-04T15:45:04.6334077Z   python-version: 3.11
2026-09-04T15:45:04.6335230Z   check-latest: false
2026-09-04T15:45:04.6346237Z   token: ***
2026-09-04T15:45:04.6347267Z   update-environment: true
2026-09-04T15:45:04.6348454Z   allow-prereleases: false
2026-09-04T15:45:04.6349617Z   freethreaded: false
2026-09-04T15:45:04.6350675Z ##[endgroup]
2026-09-04T15:45:04.7750676Z ##[group]Installed versions
2026-09-04T15:45:04.7859539Z (node:2231) [DEP0040] DeprecationWarning: The `punycode` module is deprecated. Please use a userland alternative instead.
2026-09-04T15:45:04.7864632Z (Use `node --trace-deprecation ...` to show where the warning was created)
2026-09-04T15:45:04.7867554Z Successfully set up CPython (3.11.16)
2026-09-04T15:45:04.7870583Z ##[endgroup]
2026-09-04T15:45:04.8205500Z ##[group]Run pip install --no-cache-dir pytest
2026-09-04T15:45:04.8208090Z [36;1mpip install --no-cache-dir pytest[0m
2026-09-04T15:45:04.8286543Z shell: /usr/bin/bash -e {0}
2026-09-04T15:45:04.8288373Z env:
2026-09-04T15:45:04.8289828Z   pythonLocation: /opt/hostedtoolcache/Python/3.11.16/x64
2026-09-04T15:45:04.8293069Z   PKG_CONFIG_PATH: /opt/hostedtoolcache/Python/3.11.16/x64/lib/pkgconfig
2026-09-04T15:45:04.8295082Z   Python_ROOT_DIR: /opt/hostedtoolcache/Python/3.11.16/x64
2026-09-04T15:45:04.8297104Z   Python2_ROOT_DIR: /opt/hostedtoolcache/Python/3.11.16/x64
2026-09-04T15:45:04.8299931Z   Python3_ROOT_DIR: /opt/hostedtoolcache/Python/3.11.16/x64
2026-09-04T15:45:04.8303049Z   LD_LIBRARY_PATH: /opt/hostedtoolcache/Python/3.11.16/x64/lib
2026-09-04T15:45:04.8305425Z ##[endgroup]
2026-09-04T15:45:08.0379944Z Collecting pytest
2026-09-04T15:45:08.0877509Z   Downloading pytest-9.1.1-py3-none-any.whl.metadata (7.6 kB)
2026-09-04T15:45:08.0970647Z Collecting iniconfig>=1.0.1 (from pytest)
2026-09-04T15:45:08.1009469Z   Downloading iniconfig-2.3.0-py3-none-any.whl.metadata (2.5 kB)
2026-09-04T15:45:08.1123775Z Collecting packaging>=22 (from pytest)
2026-09-04T15:45:08.1164691Z   Downloading packaging-26.3-py3-none-any.whl.metadata (3.5 kB)
2026-09-04T15:45:08.1255019Z Collecting pluggy<2,>=1.5 (from pytest)
2026-09-04T15:45:08.1301602Z   Downloading pluggy-1.6.0-py3-none-any.whl.metadata (4.8 kB)
2026-09-04T15:45:08.1485374Z Collecting pygments>=2.7.2 (from pytest)
2026-09-04T15:45:08.1527011Z   Downloading pygments-2.21.0-py3-none-any.whl.metadata (2.5 kB)
2026-09-04T15:45:08.1596007Z Downloading pytest-9.1.1-py3-none-any.whl (386 kB)
2026-09-04T15:45:08.1823413Z Downloading pluggy-1.6.0-py3-none-any.whl (20 kB)
2026-09-04T15:45:08.1861718Z Downloading iniconfig-2.3.0-py3-none-any.whl (7.5 kB)
2026-09-04T15:45:08.1898572Z Downloading packaging-26.3-py3-none-any.whl (129 kB)
2026-09-04T15:45:08.1965741Z Downloading pygments-2.21.0-py3-none-any.whl (1.3 MB)
2026-09-04T15:45:08.2055101Z    ââââââââââââââââââââââââââââââââââââââââ 1.3/1.3 MB 205.6 MB/s  0:00:00
2026-09-04T15:45:08.3991136Z Installing collected packages: pygments, pluggy, packaging, iniconfig, pytest
2026-09-04T15:45:09.3870058Z 
2026-09-04T15:45:09.3882918Z Successfully installed iniconfig-2.3.0 packaging-26.3 pluggy-1.6.0 pygments-2.21.0 pytest-9.1.1
2026-09-04T15:45:09.4473449Z ##[group]Run python automation/inject_mutation.py --error-type "AttributeError"
2026-09-04T15:45:09.4474140Z [36;1mpython automation/inject_mutation.py --error-type "AttributeError"[0m
2026-09-04T15:45:09.4513406Z shell: /usr/bin/bash -e {0}
2026-09-04T15:45:09.4513679Z env:
2026-09-04T15:45:09.4513971Z   pythonLocation: /opt/hostedtoolcache/Python/3.11.16/x64
2026-09-04T15:45:09.4514637Z   PKG_CONFIG_PATH: /opt/hostedtoolcache/Python/3.11.16/x64/lib/pkgconfig
2026-09-04T15:45:09.4515081Z   Python_ROOT_DIR: /opt/hostedtoolcache/Python/3.11.16/x64
2026-09-04T15:45:09.4515473Z   Python2_ROOT_DIR: /opt/hostedtoolcache/Python/3.11.16/x64
2026-09-04T15:45:09.4515881Z   Python3_ROOT_DIR: /opt/hostedtoolcache/Python/3.11.16/x64
2026-09-04T15:45:09.4516280Z   LD_LIBRARY_PATH: /opt/hostedtoolcache/Python/3.11.16/x64/lib
2026-09-04T15:45:09.4516644Z ##[endgroup]
2026-09-04T15:45:09.4820401Z [Mutation Injected] Successfully injected AttributeError into tests/test_app.py
2026-09-04T15:45:09.4895985Z ##[group]Run pytest tests/test_app.py -v
2026-09-04T15:45:09.4896382Z [36;1mpytest tests/test_app.py -v[0m
2026-09-04T15:45:09.4935097Z shell: /usr/bin/bash -e {0}
2026-09-04T15:45:09.4935363Z env:
2026-09-04T15:45:09.4935646Z   pythonLocation: /opt/hostedtoolcache/Python/3.11.16/x64
2026-09-04T15:45:09.4936113Z   PKG_CONFIG_PATH: /opt/hostedtoolcache/Python/3.11.16/x64/lib/pkgconfig
2026-09-04T15:45:09.4936593Z   Python_ROOT_DIR: /opt/hostedtoolcache/Python/3.11.16/x64
2026-09-04T15:45:09.4937000Z   Python2_ROOT_DIR: /opt/hostedtoolcache/Python/3.11.16/x64
2026-09-04T15:45:09.4937402Z   Python3_ROOT_DIR: /opt/hostedtoolcache/Python/3.11.16/x64
2026-09-04T15:45:09.4937795Z   LD_LIBRARY_PATH: /opt/hostedtoolcache/Python/3.11.16/x64/lib
2026-09-04T15:45:09.4938124Z ##[endgroup]
2026-09-04T15:45:09.9072875Z ============================= test session starts ==============================
2026-09-04T15:45:09.9074181Z platform linux -- Python 3.11.16, pytest-9.1.1, pluggy-1.6.0 -- /opt/hostedtoolcache/Python/3.11.16/x64/bin/python
2026-09-04T15:45:09.9075156Z cachedir: .pytest_cache
2026-09-04T15:45:09.9075713Z rootdir: /home/runner/work/log-generation/log-generation
2026-09-04T15:45:09.9076339Z configfile: pytest.ini
2026-09-04T15:45:09.9170103Z collecting ... collected 6 items
2026-09-04T15:45:09.9171046Z 
2026-09-04T15:45:09.9179202Z tests/test_app.py::test_calculate_division PASSED                        [ 16%]
2026-09-04T15:45:09.9187202Z tests/test_app.py::test_convert_to_int PASSED                            [ 33%]
2026-09-04T15:45:09.9195227Z tests/test_app.py::test_get_list_item PASSED                             [ 50%]
2026-09-04T15:45:09.9202417Z tests/test_app.py::test_get_dict_value PASSED                            [ 66%]
2026-09-04T15:45:09.9209672Z tests/test_app.py::test_assert_positive PASSED                           [ 83%]
2026-09-04T15:45:09.9517240Z tests/test_app.py::test_attribute_error FAILED                           [100%]
2026-09-04T15:45:09.9518375Z 
2026-09-04T15:45:09.9518973Z =================================== FAILURES ===================================
2026-09-04T15:45:09.9520116Z _____________________________ test_attribute_error _____________________________
2026-09-04T15:45:09.9520974Z 
2026-09-04T15:45:09.9521481Z     def test_attribute_error():
2026-09-04T15:45:09.9522394Z         """Injected synthetic AttributeError."""
2026-09-04T15:45:09.9523006Z         from src.app import get_object_attribute
2026-09-04T15:45:09.9523505Z >       get_object_attribute(object())
2026-09-04T15:45:09.9523808Z 
2026-09-04T15:45:09.9523976Z tests/test_app.py:133: 
2026-09-04T15:45:09.9524426Z _ _ _ _ _ _ _ _ _ _ _ _ _ _ _ _ _ _ _ _ _ _ _ _ _ _ _ _ _ _ _ _ _ _ _ _ _ _ _ _ 
2026-09-04T15:45:09.9524817Z 
2026-09-04T15:45:09.9524982Z obj = <object object at 0x7febf832d370>
2026-09-04T15:45:09.9525292Z 
2026-09-04T15:45:09.9525461Z     def get_object_attribute(obj):
2026-09-04T15:45:09.9525888Z >       return obj.non_existent_attribute
2026-09-04T15:45:09.9526330Z                ^^^^^^^^^^^^^^^^^^^^^^^^^^
2026-09-04T15:45:09.9526960Z E       AttributeError: 'object' object has no attribute 'non_existent_attribute'
2026-09-04T15:45:09.9527472Z 
2026-09-04T15:45:09.9527639Z src/app.py:14: AttributeError
2026-09-04T15:45:09.9528180Z =========================== short test summary info ============================
2026-09-04T15:45:09.9529224Z FAILED tests/test_app.py::test_attribute_error - AttributeError: 'object' object has no attribute 'non_existent_attribute'
2026-09-04T15:45:09.9530650Z ========================= 1 failed, 5 passed in 0.03s ==========================
2026-09-04T15:45:09.9757688Z ##[error]Process completed with exit code 1.
2026-09-04T15:45:09.9907065Z Node 20 is being deprecated. This workflow is running with Node 24 by default. If you need to temporarily use Node 20, you can set the ACTIONS_ALLOW_USE_UNSECURE_NODE_VERSION=true environment variable. For more information see: https://github.blog/changelog/2025-09-19-deprecation-of-node-20-on-github-actions-runners/
2026-09-04T15:45:09.9908338Z Post job cleanup.
2026-09-04T15:45:10.0778899Z [command]/usr/bin/git version
2026-09-04T15:45:10.0823804Z git version 2.55.0
2026-09-04T15:45:10.0867139Z Temporarily overriding HOME='/home/runner/work/_temp/6424b844-1b14-4170-b5de-739f42cfe243' before making global git config changes
2026-09-04T15:45:10.0868857Z Adding repository directory to the temporary git global config as a safe directory
2026-09-04T15:45:10.0874016Z [command]/usr/bin/git config --global --add safe.directory /home/runner/work/log-generation/log-generation
2026-09-04T15:45:10.0917820Z [command]/usr/bin/git config --local --name-only --get-regexp core\.sshCommand
2026-09-04T15:45:10.0973881Z [command]/usr/bin/git submodule foreach --recursive sh -c "git config --local --name-only --get-regexp 'core\.sshCommand' && git config --local --unset-all 'core.sshCommand' || :"
2026-09-04T15:45:10.1229635Z [command]/usr/bin/git config --local --name-only --get-regexp http\.https\:\/\/github\.com\/\.extraheader
2026-09-04T15:45:10.1260767Z http.https://github.com/.extraheader
2026-09-04T15:45:10.1273826Z [command]/usr/bin/git config --local --unset-all http.https://github.com/.extraheader
2026-09-04T15:45:10.1311339Z [command]/usr/bin/git submodule foreach --recursive sh -c "git config --local --name-only --get-regexp 'http\.https\:\/\/github\.com\/\.extraheader' && git config --local --unset-all 'http.https://github.com/.extraheader' || :"
2026-09-04T15:45:10.1584750Z [command]/usr/bin/git config --local --name-only --get-regexp ^includeIf\.gitdir:
2026-09-04T15:45:10.1625607Z [command]/usr/bin/git submodule foreach --recursive git config --local --show-origin --name-only --get-regexp remote.origin.url
2026-09-04T15:45:10.2058721Z Cleaning up orphan processes
2026-09-04T15:45:10.2384925Z ##[warning]Node.js 20 is deprecated. The following actions target Node.js 20 but are being forced to run on Node.js 24: actions/checkout@v4, actions/setup-python@v5. For more information see: https://github.blog/changelog/2025-09-19-deprecation-of-node-20-on-github-actions-runners/
