ï»¿2026-09-04T11:16:18.4225093Z Current runner version: '2.337.0'
2026-09-04T11:16:18.4260329Z ##[group]Runner Image Provisioner
2026-09-04T11:16:18.4261557Z Hosted Compute Agent
2026-09-04T11:16:18.4262550Z Version: 20260828.587
2026-09-04T11:16:18.4263581Z Commit: abac92662cab4cc7352de4f9f9d2e2419aad9c29
2026-09-04T11:16:18.4265189Z Build Date: 2026-08-28T16:44:25Z
2026-09-04T11:16:18.4266247Z Worker ID: {677d41e2-c69f-431d-8c3f-273fb9c9b9fa}
2026-09-04T11:16:18.4267307Z Azure Region: eastus2
2026-09-04T11:16:18.4268905Z ##[endgroup]
2026-09-04T11:16:18.4271239Z ##[group]Operating System
2026-09-04T11:16:18.4272366Z Ubuntu
2026-09-04T11:16:18.4273184Z 24.04.4
2026-09-04T11:16:18.4274161Z LTS
2026-09-04T11:16:18.4275105Z ##[endgroup]
2026-09-04T11:16:18.4275955Z ##[group]Runner Image
2026-09-04T11:16:18.4277080Z Image: ubuntu-24.04
2026-09-04T11:16:18.4277933Z Version: 20260831.293.1
2026-09-04T11:16:18.4280012Z Included Software: https://github.com/actions/runner-images/blob/ubuntu24/20260831.293/images/ubuntu/Ubuntu2404-Readme.md
2026-09-04T11:16:18.4282670Z Image Release: https://github.com/actions/runner-images/releases/tag/ubuntu24%2F20260831.293
2026-09-04T11:16:18.4284459Z ##[endgroup]
2026-09-04T11:16:18.4286341Z ##[group]GITHUB_TOKEN Permissions
2026-09-04T11:16:18.4289443Z Contents: read
2026-09-04T11:16:18.4290444Z Metadata: read
2026-09-04T11:16:18.4291343Z Packages: read
2026-09-04T11:16:18.4292239Z ##[endgroup]
2026-09-04T11:16:18.4295529Z Secret source: Actions
2026-09-04T11:16:18.4297438Z Prepare workflow directory
2026-09-04T11:16:18.4765677Z Prepare all required actions
2026-09-04T11:16:18.4834427Z Getting action download info
2026-09-04T11:16:18.6675896Z Download action repository 'actions/checkout@v4' (SHA:11d5960a326750d5838078e36cf38b85af677262)
2026-09-04T11:16:18.7662186Z Download action repository 'actions/setup-python@v5' (SHA:a26af69be951a213d495a4c3e4e4022e16d87065)
2026-09-04T11:16:18.9605417Z Complete job name: test-f3 (FileNotFoundError #181)
2026-09-04T11:16:19.0358846Z Node 20 is being deprecated. This workflow is running with Node 24 by default. If you need to temporarily use Node 20, you can set the ACTIONS_ALLOW_USE_UNSECURE_NODE_VERSION=true environment variable. For more information see: https://github.blog/changelog/2025-09-19-deprecation-of-node-20-on-github-actions-runners/
2026-09-04T11:16:19.0368021Z ##[group]Run actions/checkout@v4
2026-09-04T11:16:19.0368721Z with:
2026-09-04T11:16:19.0369151Z   fetch-depth: 1
2026-09-04T11:16:19.0369643Z   repository: DhruvHegde/log-generation
2026-09-04T11:16:19.0373997Z   token: ***
2026-09-04T11:16:19.0374447Z   ssh-strict: true
2026-09-04T11:16:19.0374894Z   ssh-user: git
2026-09-04T11:16:19.0375341Z   persist-credentials: true
2026-09-04T11:16:19.0375839Z   clean: true
2026-09-04T11:16:19.0376295Z   sparse-checkout-cone-mode: true
2026-09-04T11:16:19.0376814Z   fetch-tags: false
2026-09-04T11:16:19.0377257Z   show-progress: true
2026-09-04T11:16:19.0377699Z   lfs: false
2026-09-04T11:16:19.0378160Z   submodules: false
2026-09-04T11:16:19.0378620Z   set-safe-directory: true
2026-09-04T11:16:19.0379147Z   allow-unsafe-pr-checkout: false
2026-09-04T11:16:19.0379846Z ##[endgroup]
2026-09-04T11:16:19.1414447Z Syncing repository: DhruvHegde/log-generation
2026-09-04T11:16:19.1416639Z ##[group]Getting Git version info
2026-09-04T11:16:19.1417450Z Working directory is '/home/runner/work/log-generation/log-generation'
2026-09-04T11:16:19.1418741Z [command]/usr/bin/git version
2026-09-04T11:16:19.1458327Z git version 2.55.0
2026-09-04T11:16:19.1478646Z ##[endgroup]
2026-09-04T11:16:19.1494717Z Temporarily overriding HOME='/home/runner/work/_temp/9f97de1e-012b-4815-aa90-800b811b6d94' before making global git config changes
2026-09-04T11:16:19.1497114Z Adding repository directory to the temporary git global config as a safe directory
2026-09-04T11:16:19.1499888Z [command]/usr/bin/git config --global --add safe.directory /home/runner/work/log-generation/log-generation
2026-09-04T11:16:19.1545967Z Deleting the contents of '/home/runner/work/log-generation/log-generation'
2026-09-04T11:16:19.1549660Z ##[group]Initializing the repository
2026-09-04T11:16:19.1554585Z [command]/usr/bin/git init /home/runner/work/log-generation/log-generation
2026-09-04T11:16:19.1632650Z hint: Using 'master' as the name for the initial branch. This default branch name
2026-09-04T11:16:19.1633966Z hint: will change to "main" in Git 3.0. To configure the initial branch name
2026-09-04T11:16:19.1634923Z hint: to use in all of your new repositories, which will suppress this warning,
2026-09-04T11:16:19.1635669Z hint: call:
2026-09-04T11:16:19.1636084Z hint:
2026-09-04T11:16:19.1636617Z hint: 	git config --global init.defaultBranch <name>
2026-09-04T11:16:19.1637236Z hint:
2026-09-04T11:16:19.1637814Z hint: Names commonly chosen instead of 'master' are 'main', 'trunk' and
2026-09-04T11:16:19.1638725Z hint: 'development'. The just-created branch can be renamed via this command:
2026-09-04T11:16:19.1639447Z hint:
2026-09-04T11:16:19.1639967Z hint: 	git branch -m <name>
2026-09-04T11:16:19.1640455Z hint:
2026-09-04T11:16:19.1641099Z hint: Disable this message with "git config set advice.defaultBranchName false"
2026-09-04T11:16:19.1646720Z Initialized empty Git repository in /home/runner/work/log-generation/log-generation/.git/
2026-09-04T11:16:19.1659243Z [command]/usr/bin/git remote add origin https://github.com/DhruvHegde/log-generation
2026-09-04T11:16:19.1704381Z ##[endgroup]
2026-09-04T11:16:19.1705426Z ##[group]Disabling automatic garbage collection
2026-09-04T11:16:19.1709123Z [command]/usr/bin/git config --local gc.auto 0
2026-09-04T11:16:19.1741313Z ##[endgroup]
2026-09-04T11:16:19.1742288Z ##[group]Setting up auth
2026-09-04T11:16:19.1749198Z [command]/usr/bin/git config --local --name-only --get-regexp core\.sshCommand
2026-09-04T11:16:19.1783907Z [command]/usr/bin/git submodule foreach --recursive sh -c "git config --local --name-only --get-regexp 'core\.sshCommand' && git config --local --unset-all 'core.sshCommand' || :"
2026-09-04T11:16:19.2129680Z [command]/usr/bin/git config --local --name-only --get-regexp http\.https\:\/\/github\.com\/\.extraheader
2026-09-04T11:16:19.2173194Z [command]/usr/bin/git submodule foreach --recursive sh -c "git config --local --name-only --get-regexp 'http\.https\:\/\/github\.com\/\.extraheader' && git config --local --unset-all 'http.https://github.com/.extraheader' || :"
2026-09-04T11:16:19.2438422Z [command]/usr/bin/git config --local --name-only --get-regexp ^includeIf\.gitdir:
2026-09-04T11:16:19.2477634Z [command]/usr/bin/git submodule foreach --recursive git config --local --show-origin --name-only --get-regexp remote.origin.url
2026-09-04T11:16:19.2718468Z [command]/usr/bin/git config --local http.https://github.com/.extraheader AUTHORIZATION: basic ***
2026-09-04T11:16:19.2759967Z ##[endgroup]
2026-09-04T11:16:19.2761206Z ##[group]Fetching the repository
2026-09-04T11:16:19.2771952Z [command]/usr/bin/git -c protocol.version=2 fetch --no-tags --prune --no-recurse-submodules --depth=1 origin +55701f2ee203be18f432be2dca839cc73b92fb5e:refs/remotes/origin/feature/f3-test-failures
2026-09-04T11:16:19.5312501Z From https://github.com/DhruvHegde/log-generation
2026-09-04T11:16:19.5314419Z  * [new ref]         55701f2ee203be18f432be2dca839cc73b92fb5e -> origin/feature/f3-test-failures
2026-09-04T11:16:19.5318153Z ##[endgroup]
2026-09-04T11:16:19.5319303Z ##[group]Determining the checkout info
2026-09-04T11:16:19.5321308Z ##[endgroup]
2026-09-04T11:16:19.5328236Z [command]/usr/bin/git sparse-checkout disable
2026-09-04T11:16:19.5380733Z [command]/usr/bin/git config --local --unset-all extensions.worktreeConfig
2026-09-04T11:16:19.5416107Z ##[group]Checking out the ref
2026-09-04T11:16:19.5420653Z [command]/usr/bin/git checkout --progress --force -B feature/f3-test-failures refs/remotes/origin/feature/f3-test-failures
2026-09-04T11:16:19.5536210Z Switched to a new branch 'feature/f3-test-failures'
2026-09-04T11:16:19.5542336Z branch 'feature/f3-test-failures' set up to track 'origin/feature/f3-test-failures'.
2026-09-04T11:16:19.5548075Z ##[endgroup]
2026-09-04T11:16:19.5591927Z [command]/usr/bin/git log -1 --format=%H
2026-09-04T11:16:19.5621243Z 55701f2ee203be18f432be2dca839cc73b92fb5e
2026-09-04T11:16:19.5898065Z Node 20 is being deprecated. This workflow is running with Node 24 by default. If you need to temporarily use Node 20, you can set the ACTIONS_ALLOW_USE_UNSECURE_NODE_VERSION=true environment variable. For more information see: https://github.blog/changelog/2025-09-19-deprecation-of-node-20-on-github-actions-runners/
2026-09-04T11:16:19.5900701Z ##[group]Run actions/setup-python@v5
2026-09-04T11:16:19.5901233Z with:
2026-09-04T11:16:19.5901698Z   python-version: 3.11
2026-09-04T11:16:19.5902178Z   check-latest: false
2026-09-04T11:16:19.5906559Z   token: ***
2026-09-04T11:16:19.5906997Z   update-environment: true
2026-09-04T11:16:19.5907501Z   allow-prereleases: false
2026-09-04T11:16:19.5907981Z   freethreaded: false
2026-09-04T11:16:19.5908428Z ##[endgroup]
2026-09-04T11:16:19.7238620Z ##[group]Installed versions
2026-09-04T11:16:19.7318152Z (node:2257) [DEP0040] DeprecationWarning: The `punycode` module is deprecated. Please use a userland alternative instead.
2026-09-04T11:16:19.7319798Z (Use `node --trace-deprecation ...` to show where the warning was created)
2026-09-04T11:16:19.7320991Z Successfully set up CPython (3.11.16)
2026-09-04T11:16:19.7322289Z ##[endgroup]
2026-09-04T11:16:19.7519438Z ##[group]Run pip install --no-cache-dir pytest
2026-09-04T11:16:19.7520205Z [36;1mpip install --no-cache-dir pytest[0m
2026-09-04T11:16:19.7573066Z shell: /usr/bin/bash -e {0}
2026-09-04T11:16:19.7573610Z env:
2026-09-04T11:16:19.7574535Z   pythonLocation: /opt/hostedtoolcache/Python/3.11.16/x64
2026-09-04T11:16:19.7575379Z   PKG_CONFIG_PATH: /opt/hostedtoolcache/Python/3.11.16/x64/lib/pkgconfig
2026-09-04T11:16:19.7576217Z   Python_ROOT_DIR: /opt/hostedtoolcache/Python/3.11.16/x64
2026-09-04T11:16:19.7576963Z   Python2_ROOT_DIR: /opt/hostedtoolcache/Python/3.11.16/x64
2026-09-04T11:16:19.7666074Z   Python3_ROOT_DIR: /opt/hostedtoolcache/Python/3.11.16/x64
2026-09-04T11:16:19.7667757Z   LD_LIBRARY_PATH: /opt/hostedtoolcache/Python/3.11.16/x64/lib
2026-09-04T11:16:19.7668798Z ##[endgroup]
2026-09-04T11:16:20.5082550Z Collecting pytest
2026-09-04T11:16:20.5785993Z   Downloading pytest-9.1.1-py3-none-any.whl.metadata (7.6 kB)
2026-09-04T11:16:20.5907903Z Collecting iniconfig>=1.0.1 (from pytest)
2026-09-04T11:16:20.5980942Z   Downloading iniconfig-2.3.0-py3-none-any.whl.metadata (2.5 kB)
2026-09-04T11:16:20.6120930Z Collecting packaging>=22 (from pytest)
2026-09-04T11:16:20.6195563Z   Downloading packaging-26.3-py3-none-any.whl.metadata (3.5 kB)
2026-09-04T11:16:20.6311199Z Collecting pluggy<2,>=1.5 (from pytest)
2026-09-04T11:16:20.6385667Z   Downloading pluggy-1.6.0-py3-none-any.whl.metadata (4.8 kB)
2026-09-04T11:16:20.6562676Z Collecting pygments>=2.7.2 (from pytest)
2026-09-04T11:16:20.6635201Z   Downloading pygments-2.21.0-py3-none-any.whl.metadata (2.5 kB)
2026-09-04T11:16:20.6729667Z Downloading pytest-9.1.1-py3-none-any.whl (386 kB)
2026-09-04T11:16:20.7063193Z Downloading pluggy-1.6.0-py3-none-any.whl (20 kB)
2026-09-04T11:16:20.7137324Z Downloading iniconfig-2.3.0-py3-none-any.whl (7.5 kB)
2026-09-04T11:16:20.7218325Z Downloading packaging-26.3-py3-none-any.whl (129 kB)
2026-09-04T11:16:20.7317534Z Downloading pygments-2.21.0-py3-none-any.whl (1.3 MB)
2026-09-04T11:16:20.7751771Z    ââââââââââââââââââââââââââââââââââââââââ 1.3/1.3 MB 29.8 MB/s  0:00:00
2026-09-04T11:16:20.8341659Z Installing collected packages: pygments, pluggy, packaging, iniconfig, pytest
2026-09-04T11:16:21.8448880Z 
2026-09-04T11:16:21.8458500Z Successfully installed iniconfig-2.3.0 packaging-26.3 pluggy-1.6.0 pygments-2.21.0 pytest-9.1.1
2026-09-04T11:16:21.8996771Z ##[group]Run python automation/inject_mutation.py --error-type "FileNotFoundError"
2026-09-04T11:16:21.8997496Z [36;1mpython automation/inject_mutation.py --error-type "FileNotFoundError"[0m
2026-09-04T11:16:21.9040983Z shell: /usr/bin/bash -e {0}
2026-09-04T11:16:21.9041306Z env:
2026-09-04T11:16:21.9041663Z   pythonLocation: /opt/hostedtoolcache/Python/3.11.16/x64
2026-09-04T11:16:21.9042371Z   PKG_CONFIG_PATH: /opt/hostedtoolcache/Python/3.11.16/x64/lib/pkgconfig
2026-09-04T11:16:21.9042860Z   Python_ROOT_DIR: /opt/hostedtoolcache/Python/3.11.16/x64
2026-09-04T11:16:21.9043295Z   Python2_ROOT_DIR: /opt/hostedtoolcache/Python/3.11.16/x64
2026-09-04T11:16:21.9043954Z   Python3_ROOT_DIR: /opt/hostedtoolcache/Python/3.11.16/x64
2026-09-04T11:16:21.9044441Z   LD_LIBRARY_PATH: /opt/hostedtoolcache/Python/3.11.16/x64/lib
2026-09-04T11:16:21.9044850Z ##[endgroup]
2026-09-04T11:16:21.9363569Z [Mutation Injected] Successfully injected FileNotFoundError into tests/test_app.py
2026-09-04T11:16:21.9437922Z ##[group]Run pytest tests/test_app.py -v
2026-09-04T11:16:21.9438372Z [36;1mpytest tests/test_app.py -v[0m
2026-09-04T11:16:21.9478747Z shell: /usr/bin/bash -e {0}
2026-09-04T11:16:21.9479065Z env:
2026-09-04T11:16:21.9479401Z   pythonLocation: /opt/hostedtoolcache/Python/3.11.16/x64
2026-09-04T11:16:21.9479895Z   PKG_CONFIG_PATH: /opt/hostedtoolcache/Python/3.11.16/x64/lib/pkgconfig
2026-09-04T11:16:21.9480411Z   Python_ROOT_DIR: /opt/hostedtoolcache/Python/3.11.16/x64
2026-09-04T11:16:21.9480845Z   Python2_ROOT_DIR: /opt/hostedtoolcache/Python/3.11.16/x64
2026-09-04T11:16:21.9481286Z   Python3_ROOT_DIR: /opt/hostedtoolcache/Python/3.11.16/x64
2026-09-04T11:16:21.9481721Z   LD_LIBRARY_PATH: /opt/hostedtoolcache/Python/3.11.16/x64/lib
2026-09-04T11:16:21.9482104Z ##[endgroup]
2026-09-04T11:16:22.2154141Z ============================= test session starts ==============================
2026-09-04T11:16:22.2155231Z platform linux -- Python 3.11.16, pytest-9.1.1, pluggy-1.6.0 -- /opt/hostedtoolcache/Python/3.11.16/x64/bin/python
2026-09-04T11:16:22.2155830Z cachedir: .pytest_cache
2026-09-04T11:16:22.2156213Z rootdir: /home/runner/work/log-generation/log-generation
2026-09-04T11:16:22.2156613Z configfile: pytest.ini
2026-09-04T11:16:22.2233352Z collecting ... collected 6 items
2026-09-04T11:16:22.2233879Z 
2026-09-04T11:16:22.2241650Z tests/test_app.py::test_calculate_division PASSED                        [ 16%]
2026-09-04T11:16:22.2248189Z tests/test_app.py::test_convert_to_int PASSED                            [ 33%]
2026-09-04T11:16:22.2254803Z tests/test_app.py::test_get_list_item PASSED                             [ 50%]
2026-09-04T11:16:22.2260682Z tests/test_app.py::test_get_dict_value PASSED                            [ 66%]
2026-09-04T11:16:22.2266500Z tests/test_app.py::test_assert_positive PASSED                           [ 83%]
2026-09-04T11:16:22.2560620Z tests/test_app.py::test_file_not_found_error FAILED                      [100%]
2026-09-04T11:16:22.2561250Z 
2026-09-04T11:16:22.2561651Z =================================== FAILURES ===================================
2026-09-04T11:16:22.2562482Z __________________________ test_file_not_found_error ___________________________
2026-09-04T11:16:22.2562993Z 
2026-09-04T11:16:22.2563192Z     def test_file_not_found_error():
2026-09-04T11:16:22.2563566Z         """Injected synthetic FileNotFoundError."""
2026-09-04T11:16:22.2564374Z         from src.app import read_config_file
2026-09-04T11:16:22.2565055Z >       read_config_file("fixtures/non_existent_pipeline_config.json")
2026-09-04T11:16:22.2565513Z 
2026-09-04T11:16:22.2565642Z tests/test_app.py:129: 
2026-09-04T11:16:22.2566010Z _ _ _ _ _ _ _ _ _ _ _ _ _ _ _ _ _ _ _ _ _ _ _ _ _ _ _ _ _ _ _ _ _ _ _ _ _ _ _ _ 
2026-09-04T11:16:22.2566295Z 
2026-09-04T11:16:22.2566466Z path = 'fixtures/non_existent_pipeline_config.json'
2026-09-04T11:16:22.2566739Z 
2026-09-04T11:16:22.2566888Z     def read_config_file(path):
2026-09-04T11:16:22.2567213Z >       with open(path, "r") as f:
2026-09-04T11:16:22.2567544Z              ^^^^^^^^^^^^^^^
2026-09-04T11:16:22.2568067Z E       FileNotFoundError: [Errno 2] No such file or directory: 'fixtures/non_existent_pipeline_config.json'
2026-09-04T11:16:22.2568511Z 
2026-09-04T11:16:22.2568651Z src/app.py:17: FileNotFoundError
2026-09-04T11:16:22.2569049Z =========================== short test summary info ============================
2026-09-04T11:16:22.2570157Z FAILED tests/test_app.py::test_file_not_found_error - FileNotFoundError: [Errno 2] No such file or directory: 'fixtures/non_existent_pipeline_config.json'
2026-09-04T11:16:22.2570939Z ========================= 1 failed, 5 passed in 0.03s ==========================
2026-09-04T11:16:22.2764814Z ##[error]Process completed with exit code 1.
2026-09-04T11:16:22.2904557Z Node 20 is being deprecated. This workflow is running with Node 24 by default. If you need to temporarily use Node 20, you can set the ACTIONS_ALLOW_USE_UNSECURE_NODE_VERSION=true environment variable. For more information see: https://github.blog/changelog/2025-09-19-deprecation-of-node-20-on-github-actions-runners/
2026-09-04T11:16:22.2905826Z Post job cleanup.
2026-09-04T11:16:22.3781564Z [command]/usr/bin/git version
2026-09-04T11:16:22.3830365Z git version 2.55.0
2026-09-04T11:16:22.3872197Z Temporarily overriding HOME='/home/runner/work/_temp/f4f81308-85af-493c-8c6c-cf343d0f682d' before making global git config changes
2026-09-04T11:16:22.3874122Z Adding repository directory to the temporary git global config as a safe directory
2026-09-04T11:16:22.3878376Z [command]/usr/bin/git config --global --add safe.directory /home/runner/work/log-generation/log-generation
2026-09-04T11:16:22.3920220Z [command]/usr/bin/git config --local --name-only --get-regexp core\.sshCommand
2026-09-04T11:16:22.3956619Z [command]/usr/bin/git submodule foreach --recursive sh -c "git config --local --name-only --get-regexp 'core\.sshCommand' && git config --local --unset-all 'core.sshCommand' || :"
2026-09-04T11:16:22.4219546Z [command]/usr/bin/git config --local --name-only --get-regexp http\.https\:\/\/github\.com\/\.extraheader
2026-09-04T11:16:22.4246765Z http.https://github.com/.extraheader
2026-09-04T11:16:22.4258162Z [command]/usr/bin/git config --local --unset-all http.https://github.com/.extraheader
2026-09-04T11:16:22.4295442Z [command]/usr/bin/git submodule foreach --recursive sh -c "git config --local --name-only --get-regexp 'http\.https\:\/\/github\.com\/\.extraheader' && git config --local --unset-all 'http.https://github.com/.extraheader' || :"
2026-09-04T11:16:22.4562239Z [command]/usr/bin/git config --local --name-only --get-regexp ^includeIf\.gitdir:
2026-09-04T11:16:22.4609452Z [command]/usr/bin/git submodule foreach --recursive git config --local --show-origin --name-only --get-regexp remote.origin.url
2026-09-04T11:16:22.5139708Z Cleaning up orphan processes
2026-09-04T11:16:22.5429420Z ##[warning]Node.js 20 is deprecated. The following actions target Node.js 20 but are being forced to run on Node.js 24: actions/checkout@v4, actions/setup-python@v5. For more information see: https://github.blog/changelog/2025-09-19-deprecation-of-node-20-on-github-actions-runners/
