ï»¿2026-09-04T15:45:04.7277146Z Current runner version: '2.337.0'
2026-09-04T15:45:04.7302402Z ##[group]Runner Image Provisioner
2026-09-04T15:45:04.7303242Z Hosted Compute Agent
2026-09-04T15:45:04.7303777Z Version: 20260828.587
2026-09-04T15:45:04.7304413Z Commit: abac92662cab4cc7352de4f9f9d2e2419aad9c29
2026-09-04T15:45:04.7305068Z Build Date: 2026-08-28T16:44:25Z
2026-09-04T15:45:04.7305664Z Worker ID: {f1e8e2e7-098f-42c4-bb5c-4e2bfcc7fc14}
2026-09-04T15:45:04.7306340Z Azure Region: westus3
2026-09-04T15:45:04.7306890Z ##[endgroup]
2026-09-04T15:45:04.7308697Z ##[group]Operating System
2026-09-04T15:45:04.7309262Z Ubuntu
2026-09-04T15:45:04.7309718Z 24.04.4
2026-09-04T15:45:04.7310212Z LTS
2026-09-04T15:45:04.7310665Z ##[endgroup]
2026-09-04T15:45:04.7311505Z ##[group]Runner Image
2026-09-04T15:45:04.7312279Z Image: ubuntu-24.04
2026-09-04T15:45:04.7312804Z Version: 20260831.293.1
2026-09-04T15:45:04.7313976Z Included Software: https://github.com/actions/runner-images/blob/ubuntu24/20260831.293/images/ubuntu/Ubuntu2404-Readme.md
2026-09-04T15:45:04.7315358Z Image Release: https://github.com/actions/runner-images/releases/tag/ubuntu24%2F20260831.293
2026-09-04T15:45:04.7316219Z ##[endgroup]
2026-09-04T15:45:04.7317323Z ##[group]GITHUB_TOKEN Permissions
2026-09-04T15:45:04.7319514Z Contents: read
2026-09-04T15:45:04.7320090Z Metadata: read
2026-09-04T15:45:04.7320646Z Packages: read
2026-09-04T15:45:04.7321136Z ##[endgroup]
2026-09-04T15:45:04.7323601Z Secret source: Actions
2026-09-04T15:45:04.7324845Z Prepare workflow directory
2026-09-04T15:45:04.7646404Z Prepare all required actions
2026-09-04T15:45:04.7696636Z Getting action download info
2026-09-04T15:45:05.0872576Z Download action repository 'actions/checkout@v4' (SHA:11d5960a326750d5838078e36cf38b85af677262)
2026-09-04T15:45:05.1828725Z Download action repository 'actions/setup-python@v5' (SHA:a26af69be951a213d495a4c3e4e4022e16d87065)
2026-09-04T15:45:05.3377231Z Complete job name: test-f3 (ValueError #114)
2026-09-04T15:45:05.4135424Z Node 20 is being deprecated. This workflow is running with Node 24 by default. If you need to temporarily use Node 20, you can set the ACTIONS_ALLOW_USE_UNSECURE_NODE_VERSION=true environment variable. For more information see: https://github.blog/changelog/2025-09-19-deprecation-of-node-20-on-github-actions-runners/
2026-09-04T15:45:05.4144128Z ##[group]Run actions/checkout@v4
2026-09-04T15:45:05.4144931Z with:
2026-09-04T15:45:05.4145369Z   fetch-depth: 1
2026-09-04T15:45:05.4145950Z   repository: DhruvHegde/log-generation
2026-09-04T15:45:05.4149423Z   token: ***
2026-09-04T15:45:05.4150116Z   ssh-strict: true
2026-09-04T15:45:05.4150597Z   ssh-user: git
2026-09-04T15:45:05.4151105Z   persist-credentials: true
2026-09-04T15:45:05.4151635Z   clean: true
2026-09-04T15:45:05.4152246Z   sparse-checkout-cone-mode: true
2026-09-04T15:45:05.4152800Z   fetch-tags: false
2026-09-04T15:45:05.4153282Z   show-progress: true
2026-09-04T15:45:05.4153781Z   lfs: false
2026-09-04T15:45:05.4154356Z   submodules: false
2026-09-04T15:45:05.4154846Z   set-safe-directory: true
2026-09-04T15:45:05.4155408Z   allow-unsafe-pr-checkout: false
2026-09-04T15:45:05.4156213Z ##[endgroup]
2026-09-04T15:45:05.5344447Z Syncing repository: DhruvHegde/log-generation
2026-09-04T15:45:05.5346190Z ##[group]Getting Git version info
2026-09-04T15:45:05.5346876Z Working directory is '/home/runner/work/log-generation/log-generation'
2026-09-04T15:45:05.5347905Z [command]/usr/bin/git version
2026-09-04T15:45:05.5464158Z git version 2.55.0
2026-09-04T15:45:05.5505528Z ##[endgroup]
2026-09-04T15:45:05.5513534Z Temporarily overriding HOME='/home/runner/work/_temp/ca61b132-7897-4672-829b-e56e420cb20f' before making global git config changes
2026-09-04T15:45:05.5515348Z Adding repository directory to the temporary git global config as a safe directory
2026-09-04T15:45:05.5521204Z [command]/usr/bin/git config --global --add safe.directory /home/runner/work/log-generation/log-generation
2026-09-04T15:45:05.5590611Z Deleting the contents of '/home/runner/work/log-generation/log-generation'
2026-09-04T15:45:05.5595436Z ##[group]Initializing the repository
2026-09-04T15:45:05.5601728Z [command]/usr/bin/git init /home/runner/work/log-generation/log-generation
2026-09-04T15:45:05.5717122Z hint: Using 'master' as the name for the initial branch. This default branch name
2026-09-04T15:45:05.5718952Z hint: will change to "main" in Git 3.0. To configure the initial branch name
2026-09-04T15:45:05.5720459Z hint: to use in all of your new repositories, which will suppress this warning,
2026-09-04T15:45:05.5721628Z hint: call:
2026-09-04T15:45:05.5722631Z hint:
2026-09-04T15:45:05.5723689Z hint: 	git config --global init.defaultBranch <name>
2026-09-04T15:45:05.5724856Z hint:
2026-09-04T15:45:05.5725969Z hint: Names commonly chosen instead of 'master' are 'main', 'trunk' and
2026-09-04T15:45:05.5727525Z hint: 'development'. The just-created branch can be renamed via this command:
2026-09-04T15:45:05.5728912Z hint:
2026-09-04T15:45:05.5729420Z hint: 	git branch -m <name>
2026-09-04T15:45:05.5729942Z hint:
2026-09-04T15:45:05.5730658Z hint: Disable this message with "git config set advice.defaultBranchName false"
2026-09-04T15:45:05.5731826Z Initialized empty Git repository in /home/runner/work/log-generation/log-generation/.git/
2026-09-04T15:45:05.5736147Z [command]/usr/bin/git remote add origin https://github.com/DhruvHegde/log-generation
2026-09-04T15:45:05.5784043Z ##[endgroup]
2026-09-04T15:45:05.5785423Z ##[group]Disabling automatic garbage collection
2026-09-04T15:45:05.5787069Z [command]/usr/bin/git config --local gc.auto 0
2026-09-04T15:45:05.5817837Z ##[endgroup]
2026-09-04T15:45:05.5819115Z ##[group]Setting up auth
2026-09-04T15:45:05.5825076Z [command]/usr/bin/git config --local --name-only --get-regexp core\.sshCommand
2026-09-04T15:45:05.5853031Z [command]/usr/bin/git submodule foreach --recursive sh -c "git config --local --name-only --get-regexp 'core\.sshCommand' && git config --local --unset-all 'core.sshCommand' || :"
2026-09-04T15:45:05.6184323Z [command]/usr/bin/git config --local --name-only --get-regexp http\.https\:\/\/github\.com\/\.extraheader
2026-09-04T15:45:05.6216478Z [command]/usr/bin/git submodule foreach --recursive sh -c "git config --local --name-only --get-regexp 'http\.https\:\/\/github\.com\/\.extraheader' && git config --local --unset-all 'http.https://github.com/.extraheader' || :"
2026-09-04T15:45:05.6414710Z [command]/usr/bin/git config --local --name-only --get-regexp ^includeIf\.gitdir:
2026-09-04T15:45:05.6444326Z [command]/usr/bin/git submodule foreach --recursive git config --local --show-origin --name-only --get-regexp remote.origin.url
2026-09-04T15:45:05.6620896Z [command]/usr/bin/git config --local http.https://github.com/.extraheader AUTHORIZATION: basic ***
2026-09-04T15:45:05.6652472Z ##[endgroup]
2026-09-04T15:45:05.6653230Z ##[group]Fetching the repository
2026-09-04T15:45:05.6662067Z [command]/usr/bin/git -c protocol.version=2 fetch --no-tags --prune --no-recurse-submodules --depth=1 origin +ff2db557a0a8df7e538c7d2e729be8ed403658e2:refs/remotes/origin/feature/f3-test-failures
2026-09-04T15:45:06.6552696Z From https://github.com/DhruvHegde/log-generation
2026-09-04T15:45:06.6554801Z  * [new ref]         ff2db557a0a8df7e538c7d2e729be8ed403658e2 -> origin/feature/f3-test-failures
2026-09-04T15:45:06.6563802Z ##[endgroup]
2026-09-04T15:45:06.6564842Z ##[group]Determining the checkout info
2026-09-04T15:45:06.6565662Z ##[endgroup]
2026-09-04T15:45:06.6567907Z [command]/usr/bin/git sparse-checkout disable
2026-09-04T15:45:06.6617194Z [command]/usr/bin/git config --local --unset-all extensions.worktreeConfig
2026-09-04T15:45:06.6645978Z ##[group]Checking out the ref
2026-09-04T15:45:06.6651767Z [command]/usr/bin/git checkout --progress --force -B feature/f3-test-failures refs/remotes/origin/feature/f3-test-failures
2026-09-04T15:45:06.7186148Z Switched to a new branch 'feature/f3-test-failures'
2026-09-04T15:45:06.7190189Z branch 'feature/f3-test-failures' set up to track 'origin/feature/f3-test-failures'.
2026-09-04T15:45:06.7197184Z ##[endgroup]
2026-09-04T15:45:06.7235277Z [command]/usr/bin/git log -1 --format=%H
2026-09-04T15:45:06.7259147Z ff2db557a0a8df7e538c7d2e729be8ed403658e2
2026-09-04T15:45:06.7600843Z Node 20 is being deprecated. This workflow is running with Node 24 by default. If you need to temporarily use Node 20, you can set the ACTIONS_ALLOW_USE_UNSECURE_NODE_VERSION=true environment variable. For more information see: https://github.blog/changelog/2025-09-19-deprecation-of-node-20-on-github-actions-runners/
2026-09-04T15:45:06.7606496Z ##[group]Run actions/setup-python@v5
2026-09-04T15:45:06.7607756Z with:
2026-09-04T15:45:06.7608688Z   python-version: 3.11
2026-09-04T15:45:06.7609748Z   check-latest: false
2026-09-04T15:45:06.7618743Z   token: ***
2026-09-04T15:45:06.7619741Z   update-environment: true
2026-09-04T15:45:06.7620895Z   allow-prereleases: false
2026-09-04T15:45:06.7622125Z   freethreaded: false
2026-09-04T15:45:06.7623133Z ##[endgroup]
2026-09-04T15:45:06.8951643Z ##[group]Installed versions
2026-09-04T15:45:06.9039183Z (node:2178) [DEP0040] DeprecationWarning: The `punycode` module is deprecated. Please use a userland alternative instead.
2026-09-04T15:45:06.9043817Z (Use `node --trace-deprecation ...` to show where the warning was created)
2026-09-04T15:45:06.9046574Z Successfully set up CPython (3.11.16)
2026-09-04T15:45:06.9049422Z ##[endgroup]
2026-09-04T15:45:06.9242295Z ##[group]Run pip install --no-cache-dir pytest
2026-09-04T15:45:06.9244423Z [36;1mpip install --no-cache-dir pytest[0m
2026-09-04T15:45:06.9290190Z shell: /usr/bin/bash -e {0}
2026-09-04T15:45:06.9291867Z env:
2026-09-04T15:45:06.9294254Z   pythonLocation: /opt/hostedtoolcache/Python/3.11.16/x64
2026-09-04T15:45:06.9297027Z   PKG_CONFIG_PATH: /opt/hostedtoolcache/Python/3.11.16/x64/lib/pkgconfig
2026-09-04T15:45:06.9299919Z   Python_ROOT_DIR: /opt/hostedtoolcache/Python/3.11.16/x64
2026-09-04T15:45:06.9302717Z   Python2_ROOT_DIR: /opt/hostedtoolcache/Python/3.11.16/x64
2026-09-04T15:45:06.9305640Z   Python3_ROOT_DIR: /opt/hostedtoolcache/Python/3.11.16/x64
2026-09-04T15:45:06.9308335Z   LD_LIBRARY_PATH: /opt/hostedtoolcache/Python/3.11.16/x64/lib
2026-09-04T15:45:06.9310564Z ##[endgroup]
2026-09-04T15:45:09.0523264Z Collecting pytest
2026-09-04T15:45:09.1128140Z   Downloading pytest-9.1.1-py3-none-any.whl.metadata (7.6 kB)
2026-09-04T15:45:09.1281093Z Collecting iniconfig>=1.0.1 (from pytest)
2026-09-04T15:45:09.1320222Z   Downloading iniconfig-2.3.0-py3-none-any.whl.metadata (2.5 kB)
2026-09-04T15:45:09.1499015Z Collecting packaging>=22 (from pytest)
2026-09-04T15:45:09.1535567Z   Downloading packaging-26.3-py3-none-any.whl.metadata (3.5 kB)
2026-09-04T15:45:09.1683422Z Collecting pluggy<2,>=1.5 (from pytest)
2026-09-04T15:45:09.1717078Z   Downloading pluggy-1.6.0-py3-none-any.whl.metadata (4.8 kB)
2026-09-04T15:45:09.1927807Z Collecting pygments>=2.7.2 (from pytest)
2026-09-04T15:45:09.1961440Z   Downloading pygments-2.21.0-py3-none-any.whl.metadata (2.5 kB)
2026-09-04T15:45:09.2021168Z Downloading pytest-9.1.1-py3-none-any.whl (386 kB)
2026-09-04T15:45:09.2240309Z Downloading pluggy-1.6.0-py3-none-any.whl (20 kB)
2026-09-04T15:45:09.2273523Z Downloading iniconfig-2.3.0-py3-none-any.whl (7.5 kB)
2026-09-04T15:45:09.2307123Z Downloading packaging-26.3-py3-none-any.whl (129 kB)
2026-09-04T15:45:09.2360557Z Downloading pygments-2.21.0-py3-none-any.whl (1.3 MB)
2026-09-04T15:45:09.2541172Z    ââââââââââââââââââââââââââââââââââââââââ 1.3/1.3 MB 79.3 MB/s  0:00:00
2026-09-04T15:45:09.3974130Z Installing collected packages: pygments, pluggy, packaging, iniconfig, pytest
2026-09-04T15:45:10.2301034Z 
2026-09-04T15:45:10.2310182Z Successfully installed iniconfig-2.3.0 packaging-26.3 pluggy-1.6.0 pygments-2.21.0 pytest-9.1.1
2026-09-04T15:45:10.2928616Z ##[group]Run python automation/inject_mutation.py --error-type "ValueError"
2026-09-04T15:45:10.2929181Z [36;1mpython automation/inject_mutation.py --error-type "ValueError"[0m
2026-09-04T15:45:10.2953775Z shell: /usr/bin/bash -e {0}
2026-09-04T15:45:10.2954049Z env:
2026-09-04T15:45:10.2954334Z   pythonLocation: /opt/hostedtoolcache/Python/3.11.16/x64
2026-09-04T15:45:10.2954928Z   PKG_CONFIG_PATH: /opt/hostedtoolcache/Python/3.11.16/x64/lib/pkgconfig
2026-09-04T15:45:10.2955339Z   Python_ROOT_DIR: /opt/hostedtoolcache/Python/3.11.16/x64
2026-09-04T15:45:10.2955715Z   Python2_ROOT_DIR: /opt/hostedtoolcache/Python/3.11.16/x64
2026-09-04T15:45:10.2956088Z   Python3_ROOT_DIR: /opt/hostedtoolcache/Python/3.11.16/x64
2026-09-04T15:45:10.2956453Z   LD_LIBRARY_PATH: /opt/hostedtoolcache/Python/3.11.16/x64/lib
2026-09-04T15:45:10.2956794Z ##[endgroup]
2026-09-04T15:45:10.3221264Z [Mutation Injected] Successfully injected ValueError into tests/test_app.py
2026-09-04T15:45:10.3290071Z ##[group]Run pytest tests/test_app.py -v
2026-09-04T15:45:10.3290438Z [36;1mpytest tests/test_app.py -v[0m
2026-09-04T15:45:10.3315107Z shell: /usr/bin/bash -e {0}
2026-09-04T15:45:10.3315368Z env:
2026-09-04T15:45:10.3315640Z   pythonLocation: /opt/hostedtoolcache/Python/3.11.16/x64
2026-09-04T15:45:10.3316059Z   PKG_CONFIG_PATH: /opt/hostedtoolcache/Python/3.11.16/x64/lib/pkgconfig
2026-09-04T15:45:10.3316486Z   Python_ROOT_DIR: /opt/hostedtoolcache/Python/3.11.16/x64
2026-09-04T15:45:10.3316851Z   Python2_ROOT_DIR: /opt/hostedtoolcache/Python/3.11.16/x64
2026-09-04T15:45:10.3317223Z   Python3_ROOT_DIR: /opt/hostedtoolcache/Python/3.11.16/x64
2026-09-04T15:45:10.3317591Z   LD_LIBRARY_PATH: /opt/hostedtoolcache/Python/3.11.16/x64/lib
2026-09-04T15:45:10.3317910Z ##[endgroup]
2026-09-04T15:45:10.6829004Z ============================= test session starts ==============================
2026-09-04T15:45:10.6830370Z platform linux -- Python 3.11.16, pytest-9.1.1, pluggy-1.6.0 -- /opt/hostedtoolcache/Python/3.11.16/x64/bin/python
2026-09-04T15:45:10.6831257Z cachedir: .pytest_cache
2026-09-04T15:45:10.6831767Z rootdir: /home/runner/work/log-generation/log-generation
2026-09-04T15:45:10.6832513Z configfile: pytest.ini
2026-09-04T15:45:10.6909972Z collecting ... collected 6 items
2026-09-04T15:45:10.6910431Z 
2026-09-04T15:45:10.6917942Z tests/test_app.py::test_calculate_division PASSED                        [ 16%]
2026-09-04T15:45:10.6924863Z tests/test_app.py::test_convert_to_int PASSED                            [ 33%]
2026-09-04T15:45:10.6931491Z tests/test_app.py::test_get_list_item PASSED                             [ 50%]
2026-09-04T15:45:10.6936735Z tests/test_app.py::test_get_dict_value PASSED                            [ 66%]
2026-09-04T15:45:10.6941517Z tests/test_app.py::test_assert_positive PASSED                           [ 83%]
2026-09-04T15:45:10.7197647Z tests/test_app.py::test_value_error FAILED                               [100%]
2026-09-04T15:45:10.7198575Z 
2026-09-04T15:45:10.7198938Z =================================== FAILURES ===================================
2026-09-04T15:45:10.7199951Z _______________________________ test_value_error _______________________________
2026-09-04T15:45:10.7200440Z 
2026-09-04T15:45:10.7200612Z     def test_value_error():
2026-09-04T15:45:10.7201064Z         """Injected synthetic ValueError."""
2026-09-04T15:45:10.7201567Z         from src.app import convert_to_int
2026-09-04T15:45:10.7202402Z >       convert_to_int("unparseable_alphanumeric_0x99")
2026-09-04T15:45:10.7202763Z 
2026-09-04T15:45:10.7202935Z tests/test_app.py:133: 
2026-09-04T15:45:10.7203387Z _ _ _ _ _ _ _ _ _ _ _ _ _ _ _ _ _ _ _ _ _ _ _ _ _ _ _ _ _ _ _ _ _ _ _ _ _ _ _ _ 
2026-09-04T15:45:10.7203787Z 
2026-09-04T15:45:10.7203991Z val = 'unparseable_alphanumeric_0x99'
2026-09-04T15:45:10.7204287Z 
2026-09-04T15:45:10.7204443Z     def convert_to_int(val):
2026-09-04T15:45:10.7205152Z >       return int(val)
2026-09-04T15:45:10.7205514Z                ^^^^^^^^
2026-09-04T15:45:10.7206111Z E       ValueError: invalid literal for int() with base 10: 'unparseable_alphanumeric_0x99'
2026-09-04T15:45:10.7206663Z 
2026-09-04T15:45:10.7206830Z src/app.py:5: ValueError
2026-09-04T15:45:10.7207295Z =========================== short test summary info ============================
2026-09-04T15:45:10.7208326Z FAILED tests/test_app.py::test_value_error - ValueError: invalid literal for int() with base 10: 'unparseable_alphanumeric_0x99'
2026-09-04T15:45:10.7209595Z ========================= 1 failed, 5 passed in 0.03s ==========================
2026-09-04T15:45:10.7420382Z ##[error]Process completed with exit code 1.
2026-09-04T15:45:10.7563241Z Node 20 is being deprecated. This workflow is running with Node 24 by default. If you need to temporarily use Node 20, you can set the ACTIONS_ALLOW_USE_UNSECURE_NODE_VERSION=true environment variable. For more information see: https://github.blog/changelog/2025-09-19-deprecation-of-node-20-on-github-actions-runners/
2026-09-04T15:45:10.7564448Z Post job cleanup.
2026-09-04T15:45:10.8407318Z [command]/usr/bin/git version
2026-09-04T15:45:10.8446572Z git version 2.55.0
2026-09-04T15:45:10.8483317Z Temporarily overriding HOME='/home/runner/work/_temp/686bcb2e-c4ea-4c84-8e08-3b747ade653e' before making global git config changes
2026-09-04T15:45:10.8485215Z Adding repository directory to the temporary git global config as a safe directory
2026-09-04T15:45:10.8493157Z [command]/usr/bin/git config --global --add safe.directory /home/runner/work/log-generation/log-generation
2026-09-04T15:45:10.8531086Z [command]/usr/bin/git config --local --name-only --get-regexp core\.sshCommand
2026-09-04T15:45:10.8563646Z [command]/usr/bin/git submodule foreach --recursive sh -c "git config --local --name-only --get-regexp 'core\.sshCommand' && git config --local --unset-all 'core.sshCommand' || :"
2026-09-04T15:45:10.8782907Z [command]/usr/bin/git config --local --name-only --get-regexp http\.https\:\/\/github\.com\/\.extraheader
2026-09-04T15:45:10.8811455Z http.https://github.com/.extraheader
2026-09-04T15:45:10.8824856Z [command]/usr/bin/git config --local --unset-all http.https://github.com/.extraheader
2026-09-04T15:45:10.8859134Z [command]/usr/bin/git submodule foreach --recursive sh -c "git config --local --name-only --get-regexp 'http\.https\:\/\/github\.com\/\.extraheader' && git config --local --unset-all 'http.https://github.com/.extraheader' || :"
2026-09-04T15:45:10.9078373Z [command]/usr/bin/git config --local --name-only --get-regexp ^includeIf\.gitdir:
2026-09-04T15:45:10.9114326Z [command]/usr/bin/git submodule foreach --recursive git config --local --show-origin --name-only --get-regexp remote.origin.url
2026-09-04T15:45:10.9461112Z Cleaning up orphan processes
2026-09-04T15:45:10.9721118Z ##[warning]Node.js 20 is deprecated. The following actions target Node.js 20 but are being forced to run on Node.js 24: actions/checkout@v4, actions/setup-python@v5. For more information see: https://github.blog/changelog/2025-09-19-deprecation-of-node-20-on-github-actions-runners/
