ï»¿2026-09-04T11:16:29.0770012Z Current runner version: '2.337.0'
2026-09-04T11:16:29.0794285Z ##[group]Runner Image Provisioner
2026-09-04T11:16:29.0795225Z Hosted Compute Agent
2026-09-04T11:16:29.0795818Z Version: 20260828.587
2026-09-04T11:16:29.0796576Z Commit: abac92662cab4cc7352de4f9f9d2e2419aad9c29
2026-09-04T11:16:29.0797313Z Build Date: 2026-08-28T16:44:25Z
2026-09-04T11:16:29.0797969Z Worker ID: {37d05cb6-9b03-4be8-8189-4c290705e065}
2026-09-04T11:16:29.0798747Z Azure Region: westus
2026-09-04T11:16:29.0799815Z ##[endgroup]
2026-09-04T11:16:29.0801750Z ##[group]Operating System
2026-09-04T11:16:29.0802404Z Ubuntu
2026-09-04T11:16:29.0802919Z 24.04.4
2026-09-04T11:16:29.0803488Z LTS
2026-09-04T11:16:29.0804036Z ##[endgroup]
2026-09-04T11:16:29.0805014Z ##[group]Runner Image
2026-09-04T11:16:29.0805717Z Image: ubuntu-24.04
2026-09-04T11:16:29.0806362Z Version: 20260831.293.1
2026-09-04T11:16:29.0807730Z Included Software: https://github.com/actions/runner-images/blob/ubuntu24/20260831.293/images/ubuntu/Ubuntu2404-Readme.md
2026-09-04T11:16:29.0809664Z Image Release: https://github.com/actions/runner-images/releases/tag/ubuntu24%2F20260831.293
2026-09-04T11:16:29.0810675Z ##[endgroup]
2026-09-04T11:16:29.0811819Z ##[group]GITHUB_TOKEN Permissions
2026-09-04T11:16:29.0814102Z Contents: read
2026-09-04T11:16:29.0814728Z Metadata: read
2026-09-04T11:16:29.0815372Z Packages: read
2026-09-04T11:16:29.0815933Z ##[endgroup]
2026-09-04T11:16:29.0817966Z Secret source: Actions
2026-09-04T11:16:29.0819763Z Prepare workflow directory
2026-09-04T11:16:29.1183861Z Prepare all required actions
2026-09-04T11:16:29.1257577Z Getting action download info
2026-09-04T11:16:29.4681482Z Download action repository 'actions/checkout@v4' (SHA:11d5960a326750d5838078e36cf38b85af677262)
2026-09-04T11:16:29.6442661Z Download action repository 'actions/setup-python@v5' (SHA:a26af69be951a213d495a4c3e4e4022e16d87065)
2026-09-04T11:16:29.8745350Z Complete job name: test-f3 (AttributeError #131)
2026-09-04T11:16:29.9621322Z Node 20 is being deprecated. This workflow is running with Node 24 by default. If you need to temporarily use Node 20, you can set the ACTIONS_ALLOW_USE_UNSECURE_NODE_VERSION=true environment variable. For more information see: https://github.blog/changelog/2025-09-19-deprecation-of-node-20-on-github-actions-runners/
2026-09-04T11:16:29.9630341Z ##[group]Run actions/checkout@v4
2026-09-04T11:16:29.9631077Z with:
2026-09-04T11:16:29.9631567Z   fetch-depth: 1
2026-09-04T11:16:29.9632080Z   repository: DhruvHegde/log-generation
2026-09-04T11:16:29.9635779Z   token: ***
2026-09-04T11:16:29.9636211Z   ssh-strict: true
2026-09-04T11:16:29.9637117Z   ssh-user: git
2026-09-04T11:16:29.9637867Z   persist-credentials: true
2026-09-04T11:16:29.9638686Z   clean: true
2026-09-04T11:16:29.9639408Z   sparse-checkout-cone-mode: true
2026-09-04T11:16:29.9639939Z   fetch-tags: false
2026-09-04T11:16:29.9640381Z   show-progress: true
2026-09-04T11:16:29.9640818Z   lfs: false
2026-09-04T11:16:29.9641266Z   submodules: false
2026-09-04T11:16:29.9641714Z   set-safe-directory: true
2026-09-04T11:16:29.9642221Z   allow-unsafe-pr-checkout: false
2026-09-04T11:16:29.9643109Z ##[endgroup]
2026-09-04T11:16:30.0693008Z Syncing repository: DhruvHegde/log-generation
2026-09-04T11:16:30.0695587Z ##[group]Getting Git version info
2026-09-04T11:16:30.0696864Z Working directory is '/home/runner/work/log-generation/log-generation'
2026-09-04T11:16:30.0698661Z [command]/usr/bin/git version
2026-09-04T11:16:30.0770294Z git version 2.55.0
2026-09-04T11:16:30.0802061Z ##[endgroup]
2026-09-04T11:16:30.0809687Z Temporarily overriding HOME='/home/runner/work/_temp/3de710af-93b4-4a8b-a3b1-8ec79d4e9e1d' before making global git config changes
2026-09-04T11:16:30.0812576Z Adding repository directory to the temporary git global config as a safe directory
2026-09-04T11:16:30.0815977Z [command]/usr/bin/git config --global --add safe.directory /home/runner/work/log-generation/log-generation
2026-09-04T11:16:30.0870926Z Deleting the contents of '/home/runner/work/log-generation/log-generation'
2026-09-04T11:16:30.0874532Z ##[group]Initializing the repository
2026-09-04T11:16:30.0881014Z [command]/usr/bin/git init /home/runner/work/log-generation/log-generation
2026-09-04T11:16:30.0990239Z hint: Using 'master' as the name for the initial branch. This default branch name
2026-09-04T11:16:30.0991973Z hint: will change to "main" in Git 3.0. To configure the initial branch name
2026-09-04T11:16:30.0993655Z hint: to use in all of your new repositories, which will suppress this warning,
2026-09-04T11:16:30.0995224Z hint: call:
2026-09-04T11:16:30.0995903Z hint:
2026-09-04T11:16:30.0996779Z hint: 	git config --global init.defaultBranch <name>
2026-09-04T11:16:30.0997878Z hint:
2026-09-04T11:16:30.0998851Z hint: Names commonly chosen instead of 'master' are 'main', 'trunk' and
2026-09-04T11:16:30.1000633Z hint: 'development'. The just-created branch can be renamed via this command:
2026-09-04T11:16:30.1001907Z hint:
2026-09-04T11:16:30.1002661Z hint: 	git branch -m <name>
2026-09-04T11:16:30.1003462Z hint:
2026-09-04T11:16:30.1004550Z hint: Disable this message with "git config set advice.defaultBranchName false"
2026-09-04T11:16:30.1006371Z Initialized empty Git repository in /home/runner/work/log-generation/log-generation/.git/
2026-09-04T11:16:30.1009440Z [command]/usr/bin/git remote add origin https://github.com/DhruvHegde/log-generation
2026-09-04T11:16:30.1055300Z ##[endgroup]
2026-09-04T11:16:30.1056477Z ##[group]Disabling automatic garbage collection
2026-09-04T11:16:30.1059913Z [command]/usr/bin/git config --local gc.auto 0
2026-09-04T11:16:30.1107818Z ##[endgroup]
2026-09-04T11:16:30.1108552Z ##[group]Setting up auth
2026-09-04T11:16:30.1109842Z [command]/usr/bin/git config --local --name-only --get-regexp core\.sshCommand
2026-09-04T11:16:30.1141491Z [command]/usr/bin/git submodule foreach --recursive sh -c "git config --local --name-only --get-regexp 'core\.sshCommand' && git config --local --unset-all 'core.sshCommand' || :"
2026-09-04T11:16:30.1557183Z [command]/usr/bin/git config --local --name-only --get-regexp http\.https\:\/\/github\.com\/\.extraheader
2026-09-04T11:16:30.1611372Z [command]/usr/bin/git submodule foreach --recursive sh -c "git config --local --name-only --get-regexp 'http\.https\:\/\/github\.com\/\.extraheader' && git config --local --unset-all 'http.https://github.com/.extraheader' || :"
2026-09-04T11:16:30.1910537Z [command]/usr/bin/git config --local --name-only --get-regexp ^includeIf\.gitdir:
2026-09-04T11:16:30.1951206Z [command]/usr/bin/git submodule foreach --recursive git config --local --show-origin --name-only --get-regexp remote.origin.url
2026-09-04T11:16:30.2200539Z [command]/usr/bin/git config --local http.https://github.com/.extraheader AUTHORIZATION: basic ***
2026-09-04T11:16:30.2240569Z ##[endgroup]
2026-09-04T11:16:30.2241888Z ##[group]Fetching the repository
2026-09-04T11:16:30.2251687Z [command]/usr/bin/git -c protocol.version=2 fetch --no-tags --prune --no-recurse-submodules --depth=1 origin +55701f2ee203be18f432be2dca839cc73b92fb5e:refs/remotes/origin/feature/f3-test-failures
2026-09-04T11:16:30.6400767Z From https://github.com/DhruvHegde/log-generation
2026-09-04T11:16:30.6402684Z  * [new ref]         55701f2ee203be18f432be2dca839cc73b92fb5e -> origin/feature/f3-test-failures
2026-09-04T11:16:30.6406601Z ##[endgroup]
2026-09-04T11:16:30.6408192Z ##[group]Determining the checkout info
2026-09-04T11:16:30.6411039Z ##[endgroup]
2026-09-04T11:16:30.6416553Z [command]/usr/bin/git sparse-checkout disable
2026-09-04T11:16:30.6470333Z [command]/usr/bin/git config --local --unset-all extensions.worktreeConfig
2026-09-04T11:16:30.6505248Z ##[group]Checking out the ref
2026-09-04T11:16:30.6510597Z [command]/usr/bin/git checkout --progress --force -B feature/f3-test-failures refs/remotes/origin/feature/f3-test-failures
2026-09-04T11:16:30.6589730Z Switched to a new branch 'feature/f3-test-failures'
2026-09-04T11:16:30.6595809Z branch 'feature/f3-test-failures' set up to track 'origin/feature/f3-test-failures'.
2026-09-04T11:16:30.6600831Z ##[endgroup]
2026-09-04T11:16:30.6643023Z [command]/usr/bin/git log -1 --format=%H
2026-09-04T11:16:30.6670613Z 55701f2ee203be18f432be2dca839cc73b92fb5e
2026-09-04T11:16:30.6938895Z Node 20 is being deprecated. This workflow is running with Node 24 by default. If you need to temporarily use Node 20, you can set the ACTIONS_ALLOW_USE_UNSECURE_NODE_VERSION=true environment variable. For more information see: https://github.blog/changelog/2025-09-19-deprecation-of-node-20-on-github-actions-runners/
2026-09-04T11:16:30.6941732Z ##[group]Run actions/setup-python@v5
2026-09-04T11:16:30.6942257Z with:
2026-09-04T11:16:30.6942662Z   python-version: 3.11
2026-09-04T11:16:30.6943172Z   check-latest: false
2026-09-04T11:16:30.6946698Z   token: ***
2026-09-04T11:16:30.6947131Z   update-environment: true
2026-09-04T11:16:30.6947626Z   allow-prereleases: false
2026-09-04T11:16:30.6948097Z   freethreaded: false
2026-09-04T11:16:30.6948532Z ##[endgroup]
2026-09-04T11:16:30.8244848Z ##[group]Installed versions
2026-09-04T11:16:30.9144272Z (node:2425) [DEP0040] DeprecationWarning: The `punycode` module is deprecated. Please use a userland alternative instead.
2026-09-04T11:16:30.9147546Z (Use `node --trace-deprecation ...` to show where the warning was created)
2026-09-04T11:16:30.9149544Z Successfully set up CPython (3.11.16)
2026-09-04T11:16:30.9151513Z ##[endgroup]
2026-09-04T11:16:30.9444725Z ##[group]Run pip install --no-cache-dir pytest
2026-09-04T11:16:30.9446339Z [36;1mpip install --no-cache-dir pytest[0m
2026-09-04T11:16:30.9555826Z shell: /usr/bin/bash -e {0}
2026-09-04T11:16:30.9556981Z env:
2026-09-04T11:16:30.9558075Z   pythonLocation: /opt/hostedtoolcache/Python/3.11.16/x64
2026-09-04T11:16:30.9560304Z   PKG_CONFIG_PATH: /opt/hostedtoolcache/Python/3.11.16/x64/lib/pkgconfig
2026-09-04T11:16:30.9562355Z   Python_ROOT_DIR: /opt/hostedtoolcache/Python/3.11.16/x64
2026-09-04T11:16:30.9564163Z   Python2_ROOT_DIR: /opt/hostedtoolcache/Python/3.11.16/x64
2026-09-04T11:16:30.9565951Z   Python3_ROOT_DIR: /opt/hostedtoolcache/Python/3.11.16/x64
2026-09-04T11:16:30.9567673Z   LD_LIBRARY_PATH: /opt/hostedtoolcache/Python/3.11.16/x64/lib
2026-09-04T11:16:30.9569425Z ##[endgroup]
2026-09-04T11:16:34.5207638Z Collecting pytest
2026-09-04T11:16:34.5663795Z   Downloading pytest-9.1.1-py3-none-any.whl.metadata (7.6 kB)
2026-09-04T11:16:34.5744038Z Collecting iniconfig>=1.0.1 (from pytest)
2026-09-04T11:16:34.5772776Z   Downloading iniconfig-2.3.0-py3-none-any.whl.metadata (2.5 kB)
2026-09-04T11:16:34.5871560Z Collecting packaging>=22 (from pytest)
2026-09-04T11:16:34.5902440Z   Downloading packaging-26.3-py3-none-any.whl.metadata (3.5 kB)
2026-09-04T11:16:34.5986800Z Collecting pluggy<2,>=1.5 (from pytest)
2026-09-04T11:16:34.6018422Z   Downloading pluggy-1.6.0-py3-none-any.whl.metadata (4.8 kB)
2026-09-04T11:16:34.6145433Z Collecting pygments>=2.7.2 (from pytest)
2026-09-04T11:16:34.6176462Z   Downloading pygments-2.21.0-py3-none-any.whl.metadata (2.5 kB)
2026-09-04T11:16:34.6234251Z Downloading pytest-9.1.1-py3-none-any.whl (386 kB)
2026-09-04T11:16:34.6432689Z Downloading pluggy-1.6.0-py3-none-any.whl (20 kB)
2026-09-04T11:16:34.6463725Z Downloading iniconfig-2.3.0-py3-none-any.whl (7.5 kB)
2026-09-04T11:16:34.6492847Z Downloading packaging-26.3-py3-none-any.whl (129 kB)
2026-09-04T11:16:34.6531942Z Downloading pygments-2.21.0-py3-none-any.whl (1.3 MB)
2026-09-04T11:16:34.6664451Z    ââââââââââââââââââââââââââââââââââââââââ 1.3/1.3 MB 120.8 MB/s  0:00:00
2026-09-04T11:16:34.8769901Z Installing collected packages: pygments, pluggy, packaging, iniconfig, pytest
2026-09-04T11:16:35.8611388Z 
2026-09-04T11:16:35.8622258Z Successfully installed iniconfig-2.3.0 packaging-26.3 pluggy-1.6.0 pygments-2.21.0 pytest-9.1.1
2026-09-04T11:16:35.9166082Z ##[group]Run python automation/inject_mutation.py --error-type "AttributeError"
2026-09-04T11:16:35.9166750Z [36;1mpython automation/inject_mutation.py --error-type "AttributeError"[0m
2026-09-04T11:16:35.9205214Z shell: /usr/bin/bash -e {0}
2026-09-04T11:16:35.9205478Z env:
2026-09-04T11:16:35.9205748Z   pythonLocation: /opt/hostedtoolcache/Python/3.11.16/x64
2026-09-04T11:16:35.9206409Z   PKG_CONFIG_PATH: /opt/hostedtoolcache/Python/3.11.16/x64/lib/pkgconfig
2026-09-04T11:16:35.9206845Z   Python_ROOT_DIR: /opt/hostedtoolcache/Python/3.11.16/x64
2026-09-04T11:16:35.9207231Z   Python2_ROOT_DIR: /opt/hostedtoolcache/Python/3.11.16/x64
2026-09-04T11:16:35.9207616Z   Python3_ROOT_DIR: /opt/hostedtoolcache/Python/3.11.16/x64
2026-09-04T11:16:35.9207998Z   LD_LIBRARY_PATH: /opt/hostedtoolcache/Python/3.11.16/x64/lib
2026-09-04T11:16:35.9208334Z ##[endgroup]
2026-09-04T11:16:35.9506823Z [Mutation Injected] Successfully injected AttributeError into tests/test_app.py
2026-09-04T11:16:35.9577526Z ##[group]Run pytest tests/test_app.py -v
2026-09-04T11:16:35.9577917Z [36;1mpytest tests/test_app.py -v[0m
2026-09-04T11:16:35.9616274Z shell: /usr/bin/bash -e {0}
2026-09-04T11:16:35.9616540Z env:
2026-09-04T11:16:35.9616809Z   pythonLocation: /opt/hostedtoolcache/Python/3.11.16/x64
2026-09-04T11:16:35.9617263Z   PKG_CONFIG_PATH: /opt/hostedtoolcache/Python/3.11.16/x64/lib/pkgconfig
2026-09-04T11:16:35.9617723Z   Python_ROOT_DIR: /opt/hostedtoolcache/Python/3.11.16/x64
2026-09-04T11:16:35.9618105Z   Python2_ROOT_DIR: /opt/hostedtoolcache/Python/3.11.16/x64
2026-09-04T11:16:35.9618500Z   Python3_ROOT_DIR: /opt/hostedtoolcache/Python/3.11.16/x64
2026-09-04T11:16:35.9618891Z   LD_LIBRARY_PATH: /opt/hostedtoolcache/Python/3.11.16/x64/lib
2026-09-04T11:16:35.9619499Z ##[endgroup]
2026-09-04T11:16:36.4400941Z ============================= test session starts ==============================
2026-09-04T11:16:36.4402341Z platform linux -- Python 3.11.16, pytest-9.1.1, pluggy-1.6.0 -- /opt/hostedtoolcache/Python/3.11.16/x64/bin/python
2026-09-04T11:16:36.4403321Z cachedir: .pytest_cache
2026-09-04T11:16:36.4403909Z rootdir: /home/runner/work/log-generation/log-generation
2026-09-04T11:16:36.4404515Z configfile: pytest.ini
2026-09-04T11:16:36.4492802Z collecting ... collected 6 items
2026-09-04T11:16:36.4493221Z 
2026-09-04T11:16:36.4503382Z tests/test_app.py::test_calculate_division PASSED                        [ 16%]
2026-09-04T11:16:36.4511238Z tests/test_app.py::test_convert_to_int PASSED                            [ 33%]
2026-09-04T11:16:36.4519162Z tests/test_app.py::test_get_list_item PASSED                             [ 50%]
2026-09-04T11:16:36.4526823Z tests/test_app.py::test_get_dict_value PASSED                            [ 66%]
2026-09-04T11:16:36.4534102Z tests/test_app.py::test_assert_positive PASSED                           [ 83%]
2026-09-04T11:16:36.4839824Z tests/test_app.py::test_attribute_error FAILED                           [100%]
2026-09-04T11:16:36.4840455Z 
2026-09-04T11:16:36.4840742Z =================================== FAILURES ===================================
2026-09-04T11:16:36.4841239Z _____________________________ test_attribute_error _____________________________
2026-09-04T11:16:36.4841529Z 
2026-09-04T11:16:36.4841641Z     def test_attribute_error():
2026-09-04T11:16:36.4841937Z         """Injected synthetic AttributeError."""
2026-09-04T11:16:36.4842307Z         from src.app import get_object_attribute
2026-09-04T11:16:36.4842635Z >       get_object_attribute(object())
2026-09-04T11:16:36.4842831Z 
2026-09-04T11:16:36.4842931Z tests/test_app.py:129: 
2026-09-04T11:16:36.4843210Z _ _ _ _ _ _ _ _ _ _ _ _ _ _ _ _ _ _ _ _ _ _ _ _ _ _ _ _ _ _ _ _ _ _ _ _ _ _ _ _ 
2026-09-04T11:16:36.4843452Z 
2026-09-04T11:16:36.4843584Z obj = <object object at 0x7f2e6ea9d370>
2026-09-04T11:16:36.4843774Z 
2026-09-04T11:16:36.4843876Z     def get_object_attribute(obj):
2026-09-04T11:16:36.4844152Z >       return obj.non_existent_attribute
2026-09-04T11:16:36.4844431Z                ^^^^^^^^^^^^^^^^^^^^^^^^^^
2026-09-04T11:16:36.4844811Z E       AttributeError: 'object' object has no attribute 'non_existent_attribute'
2026-09-04T11:16:36.4845117Z 
2026-09-04T11:16:36.4845226Z src/app.py:14: AttributeError
2026-09-04T11:16:36.4845535Z =========================== short test summary info ============================
2026-09-04T11:16:36.4846183Z FAILED tests/test_app.py::test_attribute_error - AttributeError: 'object' object has no attribute 'non_existent_attribute'
2026-09-04T11:16:36.4847082Z ========================= 1 failed, 5 passed in 0.03s ==========================
2026-09-04T11:16:36.5031154Z ##[error]Process completed with exit code 1.
2026-09-04T11:16:36.5171492Z Node 20 is being deprecated. This workflow is running with Node 24 by default. If you need to temporarily use Node 20, you can set the ACTIONS_ALLOW_USE_UNSECURE_NODE_VERSION=true environment variable. For more information see: https://github.blog/changelog/2025-09-19-deprecation-of-node-20-on-github-actions-runners/
2026-09-04T11:16:36.5172775Z Post job cleanup.
2026-09-04T11:16:36.6029965Z [command]/usr/bin/git version
2026-09-04T11:16:36.6076837Z git version 2.55.0
2026-09-04T11:16:36.6124036Z Temporarily overriding HOME='/home/runner/work/_temp/4a85fa84-4d1e-45ee-8943-8598a5794a81' before making global git config changes
2026-09-04T11:16:36.6125223Z Adding repository directory to the temporary git global config as a safe directory
2026-09-04T11:16:36.6133643Z [command]/usr/bin/git config --global --add safe.directory /home/runner/work/log-generation/log-generation
2026-09-04T11:16:36.6178563Z [command]/usr/bin/git config --local --name-only --get-regexp core\.sshCommand
2026-09-04T11:16:36.6216617Z [command]/usr/bin/git submodule foreach --recursive sh -c "git config --local --name-only --get-regexp 'core\.sshCommand' && git config --local --unset-all 'core.sshCommand' || :"
2026-09-04T11:16:36.6487608Z [command]/usr/bin/git config --local --name-only --get-regexp http\.https\:\/\/github\.com\/\.extraheader
2026-09-04T11:16:36.6518792Z http.https://github.com/.extraheader
2026-09-04T11:16:36.6540584Z [command]/usr/bin/git config --local --unset-all http.https://github.com/.extraheader
2026-09-04T11:16:36.6581698Z [command]/usr/bin/git submodule foreach --recursive sh -c "git config --local --name-only --get-regexp 'http\.https\:\/\/github\.com\/\.extraheader' && git config --local --unset-all 'http.https://github.com/.extraheader' || :"
2026-09-04T11:16:36.6890779Z [command]/usr/bin/git config --local --name-only --get-regexp ^includeIf\.gitdir:
2026-09-04T11:16:36.6936097Z [command]/usr/bin/git submodule foreach --recursive git config --local --show-origin --name-only --get-regexp remote.origin.url
2026-09-04T11:16:36.7378526Z Cleaning up orphan processes
2026-09-04T11:16:36.7679811Z ##[warning]Node.js 20 is deprecated. The following actions target Node.js 20 but are being forced to run on Node.js 24: actions/checkout@v4, actions/setup-python@v5. For more information see: https://github.blog/changelog/2025-09-19-deprecation-of-node-20-on-github-actions-runners/
