ï»¿2026-09-04T11:30:14.1277489Z Current runner version: '2.337.0'
2026-09-04T11:30:14.1314091Z ##[group]Runner Image Provisioner
2026-09-04T11:30:14.1315493Z Hosted Compute Agent
2026-09-04T11:30:14.1316410Z Version: 20260828.587
2026-09-04T11:30:14.1317806Z Commit: abac92662cab4cc7352de4f9f9d2e2419aad9c29
2026-09-04T11:30:14.1319007Z Build Date: 2026-08-28T16:44:25Z
2026-09-04T11:30:14.1320245Z Worker ID: {14bd293e-1b9d-4960-83f2-eb89890a305c}
2026-09-04T11:30:14.1321435Z Azure Region: eastus2
2026-09-04T11:30:14.1322277Z ##[endgroup]
2026-09-04T11:30:14.1324566Z ##[group]Operating System
2026-09-04T11:30:14.1325580Z Ubuntu
2026-09-04T11:30:14.1326948Z 24.04.4
2026-09-04T11:30:14.1327725Z LTS
2026-09-04T11:30:14.1328488Z ##[endgroup]
2026-09-04T11:30:14.1329809Z ##[group]Runner Image
2026-09-04T11:30:14.1330747Z Image: ubuntu-24.04
2026-09-04T11:30:14.1331717Z Version: 20260831.293.1
2026-09-04T11:30:14.1333725Z Included Software: https://github.com/actions/runner-images/blob/ubuntu24/20260831.293/images/ubuntu/Ubuntu2404-Readme.md
2026-09-04T11:30:14.1336501Z Image Release: https://github.com/actions/runner-images/releases/tag/ubuntu24%2F20260831.293
2026-09-04T11:30:14.1338048Z ##[endgroup]
2026-09-04T11:30:14.1340254Z ##[group]GITHUB_TOKEN Permissions
2026-09-04T11:30:14.1343290Z Contents: read
2026-09-04T11:30:14.1344384Z Metadata: read
2026-09-04T11:30:14.1345310Z Packages: read
2026-09-04T11:30:14.1346263Z ##[endgroup]
2026-09-04T11:30:14.1349892Z Secret source: Actions
2026-09-04T11:30:14.1351977Z Prepare workflow directory
2026-09-04T11:30:14.1821314Z Prepare all required actions
2026-09-04T11:30:14.1891537Z Getting action download info
2026-09-04T11:30:14.3985927Z Download action repository 'actions/checkout@v4' (SHA:11d5960a326750d5838078e36cf38b85af677262)
2026-09-04T11:30:14.4992126Z Download action repository 'actions/setup-python@v5' (SHA:a26af69be951a213d495a4c3e4e4022e16d87065)
2026-09-04T11:30:14.6933916Z Complete job name: test-f3 (KeyError #207)
2026-09-04T11:30:14.7834034Z Node 20 is being deprecated. This workflow is running with Node 24 by default. If you need to temporarily use Node 20, you can set the ACTIONS_ALLOW_USE_UNSECURE_NODE_VERSION=true environment variable. For more information see: https://github.blog/changelog/2025-09-19-deprecation-of-node-20-on-github-actions-runners/
2026-09-04T11:30:14.7845412Z ##[group]Run actions/checkout@v4
2026-09-04T11:30:14.7846120Z with:
2026-09-04T11:30:14.7846823Z   fetch-depth: 1
2026-09-04T11:30:14.7847550Z   repository: DhruvHegde/log-generation
2026-09-04T11:30:14.7854997Z   token: ***
2026-09-04T11:30:14.7855686Z   ssh-strict: true
2026-09-04T11:30:14.7856373Z   ssh-user: git
2026-09-04T11:30:14.7857085Z   persist-credentials: true
2026-09-04T11:30:14.7857853Z   clean: true
2026-09-04T11:30:14.7858546Z   sparse-checkout-cone-mode: true
2026-09-04T11:30:14.7859306Z   fetch-tags: false
2026-09-04T11:30:14.7860172Z   show-progress: true
2026-09-04T11:30:14.7860872Z   lfs: false
2026-09-04T11:30:14.7861582Z   submodules: false
2026-09-04T11:30:14.7862304Z   set-safe-directory: true
2026-09-04T11:30:14.7863129Z   allow-unsafe-pr-checkout: false
2026-09-04T11:30:14.7864458Z ##[endgroup]
2026-09-04T11:30:14.9006961Z Syncing repository: DhruvHegde/log-generation
2026-09-04T11:30:14.9010166Z ##[group]Getting Git version info
2026-09-04T11:30:14.9011621Z Working directory is '/home/runner/work/log-generation/log-generation'
2026-09-04T11:30:14.9013394Z [command]/usr/bin/git version
2026-09-04T11:30:14.9055905Z git version 2.55.0
2026-09-04T11:30:14.9077870Z ##[endgroup]
2026-09-04T11:30:14.9094667Z Temporarily overriding HOME='/home/runner/work/_temp/b542c972-b79a-417f-85c8-10a2021e12e7' before making global git config changes
2026-09-04T11:30:14.9097110Z Adding repository directory to the temporary git global config as a safe directory
2026-09-04T11:30:14.9100228Z [command]/usr/bin/git config --global --add safe.directory /home/runner/work/log-generation/log-generation
2026-09-04T11:30:14.9161373Z Deleting the contents of '/home/runner/work/log-generation/log-generation'
2026-09-04T11:30:14.9181462Z ##[group]Initializing the repository
2026-09-04T11:30:14.9182534Z [command]/usr/bin/git init /home/runner/work/log-generation/log-generation
2026-09-04T11:30:14.9279771Z hint: Using 'master' as the name for the initial branch. This default branch name
2026-09-04T11:30:14.9281372Z hint: will change to "main" in Git 3.0. To configure the initial branch name
2026-09-04T11:30:14.9282795Z hint: to use in all of your new repositories, which will suppress this warning,
2026-09-04T11:30:14.9283929Z hint: call:
2026-09-04T11:30:14.9284544Z hint:
2026-09-04T11:30:14.9285324Z hint: 	git config --global init.defaultBranch <name>
2026-09-04T11:30:14.9286313Z hint:
2026-09-04T11:30:14.9287250Z hint: Names commonly chosen instead of 'master' are 'main', 'trunk' and
2026-09-04T11:30:14.9288734Z hint: 'development'. The just-created branch can be renamed via this command:
2026-09-04T11:30:14.9290173Z hint:
2026-09-04T11:30:14.9290877Z hint: 	git branch -m <name>
2026-09-04T11:30:14.9291614Z hint:
2026-09-04T11:30:14.9292617Z hint: Disable this message with "git config set advice.defaultBranchName false"
2026-09-04T11:30:14.9294653Z Initialized empty Git repository in /home/runner/work/log-generation/log-generation/.git/
2026-09-04T11:30:14.9297771Z [command]/usr/bin/git remote add origin https://github.com/DhruvHegde/log-generation
2026-09-04T11:30:14.9350209Z ##[endgroup]
2026-09-04T11:30:14.9351706Z ##[group]Disabling automatic garbage collection
2026-09-04T11:30:14.9354171Z [command]/usr/bin/git config --local gc.auto 0
2026-09-04T11:30:14.9390953Z ##[endgroup]
2026-09-04T11:30:14.9392236Z ##[group]Setting up auth
2026-09-04T11:30:14.9398167Z [command]/usr/bin/git config --local --name-only --get-regexp core\.sshCommand
2026-09-04T11:30:14.9438406Z [command]/usr/bin/git submodule foreach --recursive sh -c "git config --local --name-only --get-regexp 'core\.sshCommand' && git config --local --unset-all 'core.sshCommand' || :"
2026-09-04T11:30:14.9828241Z [command]/usr/bin/git config --local --name-only --get-regexp http\.https\:\/\/github\.com\/\.extraheader
2026-09-04T11:30:14.9883735Z [command]/usr/bin/git submodule foreach --recursive sh -c "git config --local --name-only --get-regexp 'http\.https\:\/\/github\.com\/\.extraheader' && git config --local --unset-all 'http.https://github.com/.extraheader' || :"
2026-09-04T11:30:15.0133940Z [command]/usr/bin/git config --local --name-only --get-regexp ^includeIf\.gitdir:
2026-09-04T11:30:15.0174790Z [command]/usr/bin/git submodule foreach --recursive git config --local --show-origin --name-only --get-regexp remote.origin.url
2026-09-04T11:30:15.0429336Z [command]/usr/bin/git config --local http.https://github.com/.extraheader AUTHORIZATION: basic ***
2026-09-04T11:30:15.0474799Z ##[endgroup]
2026-09-04T11:30:15.0475787Z ##[group]Fetching the repository
2026-09-04T11:30:15.0485309Z [command]/usr/bin/git -c protocol.version=2 fetch --no-tags --prune --no-recurse-submodules --depth=1 origin +0c2ddc82b3a248827557edda9affcd6927945898:refs/remotes/origin/feature/f3-test-failures
2026-09-04T11:30:15.2851753Z From https://github.com/DhruvHegde/log-generation
2026-09-04T11:30:15.2853716Z  * [new ref]         0c2ddc82b3a248827557edda9affcd6927945898 -> origin/feature/f3-test-failures
2026-09-04T11:30:15.2857189Z ##[endgroup]
2026-09-04T11:30:15.2858552Z ##[group]Determining the checkout info
2026-09-04T11:30:15.2860311Z ##[endgroup]
2026-09-04T11:30:15.2864778Z [command]/usr/bin/git sparse-checkout disable
2026-09-04T11:30:15.2922853Z [command]/usr/bin/git config --local --unset-all extensions.worktreeConfig
2026-09-04T11:30:15.2962402Z ##[group]Checking out the ref
2026-09-04T11:30:15.2963823Z [command]/usr/bin/git checkout --progress --force -B feature/f3-test-failures refs/remotes/origin/feature/f3-test-failures
2026-09-04T11:30:15.3044154Z Switched to a new branch 'feature/f3-test-failures'
2026-09-04T11:30:15.3049041Z branch 'feature/f3-test-failures' set up to track 'origin/feature/f3-test-failures'.
2026-09-04T11:30:15.3099137Z ##[endgroup]
2026-09-04T11:30:15.3102620Z [command]/usr/bin/git log -1 --format=%H
2026-09-04T11:30:15.3133076Z 0c2ddc82b3a248827557edda9affcd6927945898
2026-09-04T11:30:15.3438618Z Node 20 is being deprecated. This workflow is running with Node 24 by default. If you need to temporarily use Node 20, you can set the ACTIONS_ALLOW_USE_UNSECURE_NODE_VERSION=true environment variable. For more information see: https://github.blog/changelog/2025-09-19-deprecation-of-node-20-on-github-actions-runners/
2026-09-04T11:30:15.3441782Z ##[group]Run actions/setup-python@v5
2026-09-04T11:30:15.3442399Z with:
2026-09-04T11:30:15.3442952Z   python-version: 3.11
2026-09-04T11:30:15.3443484Z   check-latest: false
2026-09-04T11:30:15.3447803Z   token: ***
2026-09-04T11:30:15.3448325Z   update-environment: true
2026-09-04T11:30:15.3448889Z   allow-prereleases: false
2026-09-04T11:30:15.3449585Z   freethreaded: false
2026-09-04T11:30:15.3450104Z ##[endgroup]
2026-09-04T11:30:15.4829232Z ##[group]Installed versions
2026-09-04T11:30:15.4945431Z (node:2244) [DEP0040] DeprecationWarning: The `punycode` module is deprecated. Please use a userland alternative instead.
2026-09-04T11:30:15.4948399Z (Use `node --trace-deprecation ...` to show where the warning was created)
2026-09-04T11:30:15.4973679Z Successfully set up CPython (3.11.16)
2026-09-04T11:30:15.4990216Z ##[endgroup]
2026-09-04T11:30:15.5269583Z ##[group]Run pip install --no-cache-dir pytest
2026-09-04T11:30:15.5271005Z [36;1mpip install --no-cache-dir pytest[0m
2026-09-04T11:30:15.5356843Z shell: /usr/bin/bash -e {0}
2026-09-04T11:30:15.5357748Z env:
2026-09-04T11:30:15.5358689Z   pythonLocation: /opt/hostedtoolcache/Python/3.11.16/x64
2026-09-04T11:30:15.5360432Z   PKG_CONFIG_PATH: /opt/hostedtoolcache/Python/3.11.16/x64/lib/pkgconfig
2026-09-04T11:30:15.5362113Z   Python_ROOT_DIR: /opt/hostedtoolcache/Python/3.11.16/x64
2026-09-04T11:30:15.5363680Z   Python2_ROOT_DIR: /opt/hostedtoolcache/Python/3.11.16/x64
2026-09-04T11:30:15.5365114Z   Python3_ROOT_DIR: /opt/hostedtoolcache/Python/3.11.16/x64
2026-09-04T11:30:15.5366483Z   LD_LIBRARY_PATH: /opt/hostedtoolcache/Python/3.11.16/x64/lib
2026-09-04T11:30:15.5367654Z ##[endgroup]
2026-09-04T11:30:16.7320468Z Collecting pytest
2026-09-04T11:30:16.7946881Z   Downloading pytest-9.1.1-py3-none-any.whl.metadata (7.6 kB)
2026-09-04T11:30:16.8075321Z Collecting iniconfig>=1.0.1 (from pytest)
2026-09-04T11:30:16.8155088Z   Downloading iniconfig-2.3.0-py3-none-any.whl.metadata (2.5 kB)
2026-09-04T11:30:16.8304843Z Collecting packaging>=22 (from pytest)
2026-09-04T11:30:16.8381786Z   Downloading packaging-26.3-py3-none-any.whl.metadata (3.5 kB)
2026-09-04T11:30:16.8584170Z Collecting pluggy<2,>=1.5 (from pytest)
2026-09-04T11:30:16.8661790Z   Downloading pluggy-1.6.0-py3-none-any.whl.metadata (4.8 kB)
2026-09-04T11:30:16.8835541Z Collecting pygments>=2.7.2 (from pytest)
2026-09-04T11:30:16.8912430Z   Downloading pygments-2.21.0-py3-none-any.whl.metadata (2.5 kB)
2026-09-04T11:30:16.9020458Z Downloading pytest-9.1.1-py3-none-any.whl (386 kB)
2026-09-04T11:30:16.9356315Z Downloading pluggy-1.6.0-py3-none-any.whl (20 kB)
2026-09-04T11:30:16.9438820Z Downloading iniconfig-2.3.0-py3-none-any.whl (7.5 kB)
2026-09-04T11:30:16.9512456Z Downloading packaging-26.3-py3-none-any.whl (129 kB)
2026-09-04T11:30:16.9607070Z Downloading pygments-2.21.0-py3-none-any.whl (1.3 MB)
2026-09-04T11:30:16.9813868Z    ââââââââââââââââââââââââââââââââââââââââ 1.3/1.3 MB 83.0 MB/s  0:00:00
2026-09-04T11:30:17.0504807Z Installing collected packages: pygments, pluggy, packaging, iniconfig, pytest
2026-09-04T11:30:18.0976694Z 
2026-09-04T11:30:18.0987871Z Successfully installed iniconfig-2.3.0 packaging-26.3 pluggy-1.6.0 pygments-2.21.0 pytest-9.1.1
2026-09-04T11:30:18.1723795Z ##[group]Run python automation/inject_mutation.py --error-type "KeyError"
2026-09-04T11:30:18.1724416Z [36;1mpython automation/inject_mutation.py --error-type "KeyError"[0m
2026-09-04T11:30:18.1768783Z shell: /usr/bin/bash -e {0}
2026-09-04T11:30:18.1769082Z env:
2026-09-04T11:30:18.1769566Z   pythonLocation: /opt/hostedtoolcache/Python/3.11.16/x64
2026-09-04T11:30:18.1770306Z   PKG_CONFIG_PATH: /opt/hostedtoolcache/Python/3.11.16/x64/lib/pkgconfig
2026-09-04T11:30:18.1770749Z   Python_ROOT_DIR: /opt/hostedtoolcache/Python/3.11.16/x64
2026-09-04T11:30:18.1771155Z   Python2_ROOT_DIR: /opt/hostedtoolcache/Python/3.11.16/x64
2026-09-04T11:30:18.1771571Z   Python3_ROOT_DIR: /opt/hostedtoolcache/Python/3.11.16/x64
2026-09-04T11:30:18.1771957Z   LD_LIBRARY_PATH: /opt/hostedtoolcache/Python/3.11.16/x64/lib
2026-09-04T11:30:18.1772333Z ##[endgroup]
2026-09-04T11:30:18.2110512Z [Mutation Injected] Successfully injected KeyError into tests/test_app.py
2026-09-04T11:30:18.2192385Z ##[group]Run pytest tests/test_app.py -v
2026-09-04T11:30:18.2192799Z [36;1mpytest tests/test_app.py -v[0m
2026-09-04T11:30:18.2235342Z shell: /usr/bin/bash -e {0}
2026-09-04T11:30:18.2235655Z env:
2026-09-04T11:30:18.2235961Z   pythonLocation: /opt/hostedtoolcache/Python/3.11.16/x64
2026-09-04T11:30:18.2236436Z   PKG_CONFIG_PATH: /opt/hostedtoolcache/Python/3.11.16/x64/lib/pkgconfig
2026-09-04T11:30:18.2236920Z   Python_ROOT_DIR: /opt/hostedtoolcache/Python/3.11.16/x64
2026-09-04T11:30:18.2237337Z   Python2_ROOT_DIR: /opt/hostedtoolcache/Python/3.11.16/x64
2026-09-04T11:30:18.2237736Z   Python3_ROOT_DIR: /opt/hostedtoolcache/Python/3.11.16/x64
2026-09-04T11:30:18.2238141Z   LD_LIBRARY_PATH: /opt/hostedtoolcache/Python/3.11.16/x64/lib
2026-09-04T11:30:18.2238503Z ##[endgroup]
2026-09-04T11:30:18.4593457Z ============================= test session starts ==============================
2026-09-04T11:30:18.4594526Z platform linux -- Python 3.11.16, pytest-9.1.1, pluggy-1.6.0 -- /opt/hostedtoolcache/Python/3.11.16/x64/bin/python
2026-09-04T11:30:18.4595054Z cachedir: .pytest_cache
2026-09-04T11:30:18.4595367Z rootdir: /home/runner/work/log-generation/log-generation
2026-09-04T11:30:18.4595717Z configfile: pytest.ini
2026-09-04T11:30:18.4677199Z collecting ... collected 6 items
2026-09-04T11:30:18.4677485Z 
2026-09-04T11:30:18.4685308Z tests/test_app.py::test_calculate_division PASSED                        [ 16%]
2026-09-04T11:30:18.4691896Z tests/test_app.py::test_convert_to_int PASSED                            [ 33%]
2026-09-04T11:30:18.4698116Z tests/test_app.py::test_get_list_item PASSED                             [ 50%]
2026-09-04T11:30:18.4704283Z tests/test_app.py::test_get_dict_value PASSED                            [ 66%]
2026-09-04T11:30:18.4709942Z tests/test_app.py::test_assert_positive PASSED                           [ 83%]
2026-09-04T11:30:18.5009257Z tests/test_app.py::test_key_error FAILED                                 [100%]
2026-09-04T11:30:18.5010034Z 
2026-09-04T11:30:18.5010351Z =================================== FAILURES ===================================
2026-09-04T11:30:18.5010811Z ________________________________ test_key_error ________________________________
2026-09-04T11:30:18.5011089Z 
2026-09-04T11:30:18.5011236Z     def test_key_error():
2026-09-04T11:30:18.5011513Z         """Injected synthetic KeyError."""
2026-09-04T11:30:18.5011834Z         from src.app import get_dict_value
2026-09-04T11:30:18.5012166Z         config = {"env": "staging", "retries": 3}
2026-09-04T11:30:18.5012509Z >       get_dict_value(config, "missing_auth_token")
2026-09-04T11:30:18.5012744Z 
2026-09-04T11:30:18.5012846Z tests/test_app.py:132: 
2026-09-04T11:30:18.5013154Z _ _ _ _ _ _ _ _ _ _ _ _ _ _ _ _ _ _ _ _ _ _ _ _ _ _ _ _ _ _ _ _ _ _ _ _ _ _ _ _ 
2026-09-04T11:30:18.5013417Z 
2026-09-04T11:30:18.5013587Z d = {'env': 'staging', 'retries': 3}, key = 'missing_auth_token'
2026-09-04T11:30:18.5013839Z 
2026-09-04T11:30:18.5013950Z     def get_dict_value(d, key):
2026-09-04T11:30:18.5014214Z >       return d[key]
2026-09-04T11:30:18.5014433Z                ^^^^^^
2026-09-04T11:30:18.5014665Z E       KeyError: 'missing_auth_token'
2026-09-04T11:30:18.5014862Z 
2026-09-04T11:30:18.5014960Z src/app.py:11: KeyError
2026-09-04T11:30:18.5015263Z =========================== short test summary info ============================
2026-09-04T11:30:18.5015757Z FAILED tests/test_app.py::test_key_error - KeyError: 'missing_auth_token'
2026-09-04T11:30:18.5016580Z ========================= 1 failed, 5 passed in 0.03s ==========================
2026-09-04T11:30:18.5236791Z ##[error]Process completed with exit code 1.
2026-09-04T11:30:18.5391585Z Node 20 is being deprecated. This workflow is running with Node 24 by default. If you need to temporarily use Node 20, you can set the ACTIONS_ALLOW_USE_UNSECURE_NODE_VERSION=true environment variable. For more information see: https://github.blog/changelog/2025-09-19-deprecation-of-node-20-on-github-actions-runners/
2026-09-04T11:30:18.5392797Z Post job cleanup.
2026-09-04T11:30:18.6310519Z [command]/usr/bin/git version
2026-09-04T11:30:18.6360990Z git version 2.55.0
2026-09-04T11:30:18.6390306Z Temporarily overriding HOME='/home/runner/work/_temp/f75b8fea-78e5-4a15-a671-600d23417496' before making global git config changes
2026-09-04T11:30:18.6391839Z Adding repository directory to the temporary git global config as a safe directory
2026-09-04T11:30:18.6396853Z [command]/usr/bin/git config --global --add safe.directory /home/runner/work/log-generation/log-generation
2026-09-04T11:30:18.6445559Z [command]/usr/bin/git config --local --name-only --get-regexp core\.sshCommand
2026-09-04T11:30:18.6484257Z [command]/usr/bin/git submodule foreach --recursive sh -c "git config --local --name-only --get-regexp 'core\.sshCommand' && git config --local --unset-all 'core.sshCommand' || :"
2026-09-04T11:30:18.6757674Z [command]/usr/bin/git config --local --name-only --get-regexp http\.https\:\/\/github\.com\/\.extraheader
2026-09-04T11:30:18.6788954Z http.https://github.com/.extraheader
2026-09-04T11:30:18.6800786Z [command]/usr/bin/git config --local --unset-all http.https://github.com/.extraheader
2026-09-04T11:30:18.6859149Z [command]/usr/bin/git submodule foreach --recursive sh -c "git config --local --name-only --get-regexp 'http\.https\:\/\/github\.com\/\.extraheader' && git config --local --unset-all 'http.https://github.com/.extraheader' || :"
2026-09-04T11:30:18.7200400Z [command]/usr/bin/git config --local --name-only --get-regexp ^includeIf\.gitdir:
2026-09-04T11:30:18.7269189Z [command]/usr/bin/git submodule foreach --recursive git config --local --show-origin --name-only --get-regexp remote.origin.url
2026-09-04T11:30:18.7706408Z Cleaning up orphan processes
2026-09-04T11:30:18.8058100Z ##[warning]Node.js 20 is deprecated. The following actions target Node.js 20 but are being forced to run on Node.js 24: actions/checkout@v4, actions/setup-python@v5. For more information see: https://github.blog/changelog/2025-09-19-deprecation-of-node-20-on-github-actions-runners/
