ï»¿2026-09-04T11:30:28.6957062Z Current runner version: '2.337.0'
2026-09-04T11:30:28.6981024Z ##[group]Runner Image Provisioner
2026-09-04T11:30:28.6981876Z Hosted Compute Agent
2026-09-04T11:30:28.6982590Z Version: 20260819.586
2026-09-04T11:30:28.6983262Z Commit: 3cc4a88dfa507ef76119ad1bb3eccc6378bb2b76
2026-09-04T11:30:28.6984030Z Build Date: 2026-08-18T23:20:18Z
2026-09-04T11:30:28.6984837Z Worker ID: {b57378ce-db98-41f8-a031-2bfa316c989b}
2026-09-04T11:30:28.6985618Z Azure Region: northcentralus
2026-09-04T11:30:28.6986279Z ##[endgroup]
2026-09-04T11:30:28.6987983Z ##[group]Operating System
2026-09-04T11:30:28.6988661Z Ubuntu
2026-09-04T11:30:28.6989282Z 24.04.4
2026-09-04T11:30:28.6989807Z LTS
2026-09-04T11:30:28.6991008Z ##[endgroup]
2026-09-04T11:30:28.6991633Z ##[group]Runner Image
2026-09-04T11:30:28.6992255Z Image: ubuntu-24.04
2026-09-04T11:30:28.6992875Z Version: 20260823.283.1
2026-09-04T11:30:28.6994143Z Included Software: https://github.com/actions/runner-images/blob/ubuntu24/20260823.283/images/ubuntu/Ubuntu2404-Readme.md
2026-09-04T11:30:28.6995805Z Image Release: https://github.com/actions/runner-images/releases/tag/ubuntu24%2F20260823.283
2026-09-04T11:30:28.6996791Z ##[endgroup]
2026-09-04T11:30:28.6998057Z ##[group]GITHUB_TOKEN Permissions
2026-09-04T11:30:28.7000596Z Contents: read
2026-09-04T11:30:28.7001308Z Metadata: read
2026-09-04T11:30:28.7001880Z Packages: read
2026-09-04T11:30:28.7002587Z ##[endgroup]
2026-09-04T11:30:28.7004646Z Secret source: Actions
2026-09-04T11:30:28.7006064Z Prepare workflow directory
2026-09-04T11:30:28.7348877Z Prepare all required actions
2026-09-04T11:30:28.7396900Z Getting action download info
2026-09-04T11:30:28.9787870Z Download action repository 'actions/checkout@v4' (SHA:11d5960a326750d5838078e36cf38b85af677262)
2026-09-04T11:30:29.1294832Z Download action repository 'actions/setup-python@v5' (SHA:a26af69be951a213d495a4c3e4e4022e16d87065)
2026-09-04T11:30:29.3143018Z Complete job name: test-f3 (KeyError #231)
2026-09-04T11:30:29.3920361Z Node 20 is being deprecated. This workflow is running with Node 24 by default. If you need to temporarily use Node 20, you can set the ACTIONS_ALLOW_USE_UNSECURE_NODE_VERSION=true environment variable. For more information see: https://github.blog/changelog/2025-09-19-deprecation-of-node-20-on-github-actions-runners/
2026-09-04T11:30:29.3929141Z ##[group]Run actions/checkout@v4
2026-09-04T11:30:29.3929905Z with:
2026-09-04T11:30:29.3930566Z   fetch-depth: 1
2026-09-04T11:30:29.3931069Z   repository: DhruvHegde/log-generation
2026-09-04T11:30:29.3934886Z   token: ***
2026-09-04T11:30:29.3935392Z   ssh-strict: true
2026-09-04T11:30:29.3935844Z   ssh-user: git
2026-09-04T11:30:29.3936297Z   persist-credentials: true
2026-09-04T11:30:29.3936798Z   clean: true
2026-09-04T11:30:29.3937249Z   sparse-checkout-cone-mode: true
2026-09-04T11:30:29.3937795Z   fetch-tags: false
2026-09-04T11:30:29.3938263Z   show-progress: true
2026-09-04T11:30:29.3938726Z   lfs: false
2026-09-04T11:30:29.3939186Z   submodules: false
2026-09-04T11:30:29.3939661Z   set-safe-directory: true
2026-09-04T11:30:29.3940352Z   allow-unsafe-pr-checkout: false
2026-09-04T11:30:29.3941157Z ##[endgroup]
2026-09-04T11:30:29.4927122Z Syncing repository: DhruvHegde/log-generation
2026-09-04T11:30:29.4929711Z ##[group]Getting Git version info
2026-09-04T11:30:29.4931685Z Working directory is '/home/runner/work/log-generation/log-generation'
2026-09-04T11:30:29.4933456Z [command]/usr/bin/git version
2026-09-04T11:30:29.5021725Z git version 2.55.0
2026-09-04T11:30:29.5051094Z ##[endgroup]
2026-09-04T11:30:29.5064795Z Temporarily overriding HOME='/home/runner/work/_temp/5735b093-c977-4006-a426-075664bf05ed' before making global git config changes
2026-09-04T11:30:29.5072058Z Adding repository directory to the temporary git global config as a safe directory
2026-09-04T11:30:29.5074137Z [command]/usr/bin/git config --global --add safe.directory /home/runner/work/log-generation/log-generation
2026-09-04T11:30:29.5117732Z Deleting the contents of '/home/runner/work/log-generation/log-generation'
2026-09-04T11:30:29.5122128Z ##[group]Initializing the repository
2026-09-04T11:30:29.5126656Z [command]/usr/bin/git init /home/runner/work/log-generation/log-generation
2026-09-04T11:30:29.5245820Z hint: Using 'master' as the name for the initial branch. This default branch name
2026-09-04T11:30:29.5247401Z hint: will change to "main" in Git 3.0. To configure the initial branch name
2026-09-04T11:30:29.5248881Z hint: to use in all of your new repositories, which will suppress this warning,
2026-09-04T11:30:29.5250315Z hint: call:
2026-09-04T11:30:29.5251022Z hint:
2026-09-04T11:30:29.5251830Z hint: 	git config --global init.defaultBranch <name>
2026-09-04T11:30:29.5252801Z hint:
2026-09-04T11:30:29.5253763Z hint: Names commonly chosen instead of 'master' are 'main', 'trunk' and
2026-09-04T11:30:29.5255288Z hint: 'development'. The just-created branch can be renamed via this command:
2026-09-04T11:30:29.5256570Z hint:
2026-09-04T11:30:29.5257290Z hint: 	git branch -m <name>
2026-09-04T11:30:29.5258072Z hint:
2026-09-04T11:30:29.5259078Z hint: Disable this message with "git config set advice.defaultBranchName false"
2026-09-04T11:30:29.5261098Z Initialized empty Git repository in /home/runner/work/log-generation/log-generation/.git/
2026-09-04T11:30:29.5263895Z [command]/usr/bin/git remote add origin https://github.com/DhruvHegde/log-generation
2026-09-04T11:30:29.5313832Z ##[endgroup]
2026-09-04T11:30:29.5315034Z ##[group]Disabling automatic garbage collection
2026-09-04T11:30:29.5318021Z [command]/usr/bin/git config --local gc.auto 0
2026-09-04T11:30:29.5353186Z ##[endgroup]
2026-09-04T11:30:29.5354323Z ##[group]Setting up auth
2026-09-04T11:30:29.5360340Z [command]/usr/bin/git config --local --name-only --get-regexp core\.sshCommand
2026-09-04T11:30:29.5392402Z [command]/usr/bin/git submodule foreach --recursive sh -c "git config --local --name-only --get-regexp 'core\.sshCommand' && git config --local --unset-all 'core.sshCommand' || :"
2026-09-04T11:30:29.5812296Z [command]/usr/bin/git config --local --name-only --get-regexp http\.https\:\/\/github\.com\/\.extraheader
2026-09-04T11:30:29.5852819Z [command]/usr/bin/git submodule foreach --recursive sh -c "git config --local --name-only --get-regexp 'http\.https\:\/\/github\.com\/\.extraheader' && git config --local --unset-all 'http.https://github.com/.extraheader' || :"
2026-09-04T11:30:29.6077598Z [command]/usr/bin/git config --local --name-only --get-regexp ^includeIf\.gitdir:
2026-09-04T11:30:29.6113922Z [command]/usr/bin/git submodule foreach --recursive git config --local --show-origin --name-only --get-regexp remote.origin.url
2026-09-04T11:30:29.6336550Z [command]/usr/bin/git config --local http.https://github.com/.extraheader AUTHORIZATION: basic ***
2026-09-04T11:30:29.6374104Z ##[endgroup]
2026-09-04T11:30:29.6375156Z ##[group]Fetching the repository
2026-09-04T11:30:29.6384376Z [command]/usr/bin/git -c protocol.version=2 fetch --no-tags --prune --no-recurse-submodules --depth=1 origin +0c2ddc82b3a248827557edda9affcd6927945898:refs/remotes/origin/feature/f3-test-failures
2026-09-04T11:30:29.9724759Z From https://github.com/DhruvHegde/log-generation
2026-09-04T11:30:29.9726834Z  * [new ref]         0c2ddc82b3a248827557edda9affcd6927945898 -> origin/feature/f3-test-failures
2026-09-04T11:30:29.9731712Z ##[endgroup]
2026-09-04T11:30:29.9733355Z ##[group]Determining the checkout info
2026-09-04T11:30:29.9735585Z ##[endgroup]
2026-09-04T11:30:29.9741973Z [command]/usr/bin/git sparse-checkout disable
2026-09-04T11:30:29.9794722Z [command]/usr/bin/git config --local --unset-all extensions.worktreeConfig
2026-09-04T11:30:29.9827287Z ##[group]Checking out the ref
2026-09-04T11:30:29.9832459Z [command]/usr/bin/git checkout --progress --force -B feature/f3-test-failures refs/remotes/origin/feature/f3-test-failures
2026-09-04T11:30:29.9915363Z Switched to a new branch 'feature/f3-test-failures'
2026-09-04T11:30:29.9922636Z branch 'feature/f3-test-failures' set up to track 'origin/feature/f3-test-failures'.
2026-09-04T11:30:29.9927356Z ##[endgroup]
2026-09-04T11:30:29.9968263Z [command]/usr/bin/git log -1 --format=%H
2026-09-04T11:30:29.9994903Z 0c2ddc82b3a248827557edda9affcd6927945898
2026-09-04T11:30:30.0273855Z Node 20 is being deprecated. This workflow is running with Node 24 by default. If you need to temporarily use Node 20, you can set the ACTIONS_ALLOW_USE_UNSECURE_NODE_VERSION=true environment variable. For more information see: https://github.blog/changelog/2025-09-19-deprecation-of-node-20-on-github-actions-runners/
2026-09-04T11:30:30.0276995Z ##[group]Run actions/setup-python@v5
2026-09-04T11:30:30.0277608Z with:
2026-09-04T11:30:30.0278079Z   python-version: 3.11
2026-09-04T11:30:30.0278612Z   check-latest: false
2026-09-04T11:30:30.0282695Z   token: ***
2026-09-04T11:30:30.0283212Z   update-environment: true
2026-09-04T11:30:30.0283782Z   allow-prereleases: false
2026-09-04T11:30:30.0284325Z   freethreaded: false
2026-09-04T11:30:30.0284834Z ##[endgroup]
2026-09-04T11:30:30.1605556Z ##[group]Installed versions
2026-09-04T11:30:30.1722366Z (node:2241) [DEP0040] DeprecationWarning: The `punycode` module is deprecated. Please use a userland alternative instead.
2026-09-04T11:30:30.1724549Z (Use `node --trace-deprecation ...` to show where the warning was created)
2026-09-04T11:30:30.1725464Z Successfully set up CPython (3.11.16)
2026-09-04T11:30:30.1726919Z ##[endgroup]
2026-09-04T11:30:30.1930544Z ##[group]Run pip install --no-cache-dir pytest
2026-09-04T11:30:30.1931527Z [36;1mpip install --no-cache-dir pytest[0m
2026-09-04T11:30:30.1987362Z shell: /usr/bin/bash -e {0}
2026-09-04T11:30:30.1987979Z env:
2026-09-04T11:30:30.1988579Z   pythonLocation: /opt/hostedtoolcache/Python/3.11.16/x64
2026-09-04T11:30:30.1989593Z   PKG_CONFIG_PATH: /opt/hostedtoolcache/Python/3.11.16/x64/lib/pkgconfig
2026-09-04T11:30:30.1991385Z   Python_ROOT_DIR: /opt/hostedtoolcache/Python/3.11.16/x64
2026-09-04T11:30:30.1992861Z   Python2_ROOT_DIR: /opt/hostedtoolcache/Python/3.11.16/x64
2026-09-04T11:30:30.1994261Z   Python3_ROOT_DIR: /opt/hostedtoolcache/Python/3.11.16/x64
2026-09-04T11:30:30.1995810Z   LD_LIBRARY_PATH: /opt/hostedtoolcache/Python/3.11.16/x64/lib
2026-09-04T11:30:30.1997086Z ##[endgroup]
2026-09-04T11:30:31.0848532Z Collecting pytest
2026-09-04T11:30:31.1363618Z   Downloading pytest-9.1.1-py3-none-any.whl.metadata (7.6 kB)
2026-09-04T11:30:31.1444283Z Collecting iniconfig>=1.0.1 (from pytest)
2026-09-04T11:30:31.1482688Z   Downloading iniconfig-2.3.0-py3-none-any.whl.metadata (2.5 kB)
2026-09-04T11:30:31.1585646Z Collecting packaging>=22 (from pytest)
2026-09-04T11:30:31.1623259Z   Downloading packaging-26.3-py3-none-any.whl.metadata (3.5 kB)
2026-09-04T11:30:31.1700805Z Collecting pluggy<2,>=1.5 (from pytest)
2026-09-04T11:30:31.1742426Z   Downloading pluggy-1.6.0-py3-none-any.whl.metadata (4.8 kB)
2026-09-04T11:30:31.1874858Z Collecting pygments>=2.7.2 (from pytest)
2026-09-04T11:30:31.1913811Z   Downloading pygments-2.21.0-py3-none-any.whl.metadata (2.5 kB)
2026-09-04T11:30:31.1975645Z Downloading pytest-9.1.1-py3-none-any.whl (386 kB)
2026-09-04T11:30:31.2162478Z Downloading pluggy-1.6.0-py3-none-any.whl (20 kB)
2026-09-04T11:30:31.2203057Z Downloading iniconfig-2.3.0-py3-none-any.whl (7.5 kB)
2026-09-04T11:30:31.2243970Z Downloading packaging-26.3-py3-none-any.whl (129 kB)
2026-09-04T11:30:31.2290509Z Downloading pygments-2.21.0-py3-none-any.whl (1.3 MB)
2026-09-04T11:30:31.2466295Z    ââââââââââââââââââââââââââââââââââââââââ 1.3/1.3 MB 84.3 MB/s  0:00:00
2026-09-04T11:30:31.3282242Z Installing collected packages: pygments, pluggy, packaging, iniconfig, pytest
2026-09-04T11:30:32.3048732Z 
2026-09-04T11:30:32.3057840Z Successfully installed iniconfig-2.3.0 packaging-26.3 pluggy-1.6.0 pygments-2.21.0 pytest-9.1.1
2026-09-04T11:30:32.3540731Z ##[group]Run python automation/inject_mutation.py --error-type "KeyError"
2026-09-04T11:30:32.3541358Z [36;1mpython automation/inject_mutation.py --error-type "KeyError"[0m
2026-09-04T11:30:32.3581624Z shell: /usr/bin/bash -e {0}
2026-09-04T11:30:32.3581886Z env:
2026-09-04T11:30:32.3582168Z   pythonLocation: /opt/hostedtoolcache/Python/3.11.16/x64
2026-09-04T11:30:32.3582856Z   PKG_CONFIG_PATH: /opt/hostedtoolcache/Python/3.11.16/x64/lib/pkgconfig
2026-09-04T11:30:32.3583308Z   Python_ROOT_DIR: /opt/hostedtoolcache/Python/3.11.16/x64
2026-09-04T11:30:32.3583699Z   Python2_ROOT_DIR: /opt/hostedtoolcache/Python/3.11.16/x64
2026-09-04T11:30:32.3584093Z   Python3_ROOT_DIR: /opt/hostedtoolcache/Python/3.11.16/x64
2026-09-04T11:30:32.3584487Z   LD_LIBRARY_PATH: /opt/hostedtoolcache/Python/3.11.16/x64/lib
2026-09-04T11:30:32.3584812Z ##[endgroup]
2026-09-04T11:30:32.3880682Z [Mutation Injected] Successfully injected KeyError into tests/test_app.py
2026-09-04T11:30:32.3948187Z ##[group]Run pytest tests/test_app.py -v
2026-09-04T11:30:32.3948575Z [36;1mpytest tests/test_app.py -v[0m
2026-09-04T11:30:32.3984712Z shell: /usr/bin/bash -e {0}
2026-09-04T11:30:32.3984981Z env:
2026-09-04T11:30:32.3985270Z   pythonLocation: /opt/hostedtoolcache/Python/3.11.16/x64
2026-09-04T11:30:32.3985726Z   PKG_CONFIG_PATH: /opt/hostedtoolcache/Python/3.11.16/x64/lib/pkgconfig
2026-09-04T11:30:32.3986192Z   Python_ROOT_DIR: /opt/hostedtoolcache/Python/3.11.16/x64
2026-09-04T11:30:32.3986592Z   Python2_ROOT_DIR: /opt/hostedtoolcache/Python/3.11.16/x64
2026-09-04T11:30:32.3986996Z   Python3_ROOT_DIR: /opt/hostedtoolcache/Python/3.11.16/x64
2026-09-04T11:30:32.3987398Z   LD_LIBRARY_PATH: /opt/hostedtoolcache/Python/3.11.16/x64/lib
2026-09-04T11:30:32.3987738Z ##[endgroup]
2026-09-04T11:30:32.7688364Z ============================= test session starts ==============================
2026-09-04T11:30:32.7690410Z platform linux -- Python 3.11.16, pytest-9.1.1, pluggy-1.6.0 -- /opt/hostedtoolcache/Python/3.11.16/x64/bin/python
2026-09-04T11:30:32.7691720Z cachedir: .pytest_cache
2026-09-04T11:30:32.7692432Z rootdir: /home/runner/work/log-generation/log-generation
2026-09-04T11:30:32.7693244Z configfile: pytest.ini
2026-09-04T11:30:32.7776488Z collecting ... collected 6 items
2026-09-04T11:30:32.7776903Z 
2026-09-04T11:30:32.7785623Z tests/test_app.py::test_calculate_division PASSED                        [ 16%]
2026-09-04T11:30:32.7793550Z tests/test_app.py::test_convert_to_int PASSED                            [ 33%]
2026-09-04T11:30:32.7800666Z tests/test_app.py::test_get_list_item PASSED                             [ 50%]
2026-09-04T11:30:32.7808298Z tests/test_app.py::test_get_dict_value PASSED                            [ 66%]
2026-09-04T11:30:32.7815592Z tests/test_app.py::test_assert_positive PASSED                           [ 83%]
2026-09-04T11:30:32.8077161Z tests/test_app.py::test_key_error FAILED                                 [100%]
2026-09-04T11:30:32.8077852Z 
2026-09-04T11:30:32.8078442Z =================================== FAILURES ===================================
2026-09-04T11:30:32.8079108Z ________________________________ test_key_error ________________________________
2026-09-04T11:30:32.8079609Z 
2026-09-04T11:30:32.8079775Z     def test_key_error():
2026-09-04T11:30:32.8080492Z         """Injected synthetic KeyError."""
2026-09-04T11:30:32.8081017Z         from src.app import get_dict_value
2026-09-04T11:30:32.8081565Z         config = {"env": "staging", "retries": 3}
2026-09-04T11:30:32.8082173Z >       get_dict_value(config, "missing_auth_token")
2026-09-04T11:30:32.8082768Z 
2026-09-04T11:30:32.8083393Z tests/test_app.py:132: 
2026-09-04T11:30:32.8083908Z _ _ _ _ _ _ _ _ _ _ _ _ _ _ _ _ _ _ _ _ _ _ _ _ _ _ _ _ _ _ _ _ _ _ _ _ _ _ _ _ 
2026-09-04T11:30:32.8084365Z 
2026-09-04T11:30:32.8084676Z d = {'env': 'staging', 'retries': 3}, key = 'missing_auth_token'
2026-09-04T11:30:32.8085132Z 
2026-09-04T11:30:32.8085311Z     def get_dict_value(d, key):
2026-09-04T11:30:32.8085755Z >       return d[key]
2026-09-04T11:30:32.8086212Z                ^^^^^^
2026-09-04T11:30:32.8086609Z E       KeyError: 'missing_auth_token'
2026-09-04T11:30:32.8086939Z 
2026-09-04T11:30:32.8087123Z src/app.py:11: KeyError
2026-09-04T11:30:32.8087672Z =========================== short test summary info ============================
2026-09-04T11:30:32.8088512Z FAILED tests/test_app.py::test_key_error - KeyError: 'missing_auth_token'
2026-09-04T11:30:32.8089591Z ========================= 1 failed, 5 passed in 0.03s ==========================
2026-09-04T11:30:32.8262750Z ##[error]Process completed with exit code 1.
2026-09-04T11:30:32.8408499Z Node 20 is being deprecated. This workflow is running with Node 24 by default. If you need to temporarily use Node 20, you can set the ACTIONS_ALLOW_USE_UNSECURE_NODE_VERSION=true environment variable. For more information see: https://github.blog/changelog/2025-09-19-deprecation-of-node-20-on-github-actions-runners/
2026-09-04T11:30:32.8409773Z Post job cleanup.
2026-09-04T11:30:32.9261482Z [command]/usr/bin/git version
2026-09-04T11:30:32.9305883Z git version 2.55.0
2026-09-04T11:30:32.9346368Z Temporarily overriding HOME='/home/runner/work/_temp/7aad8b27-4c34-4d74-bddb-da47d4cdc210' before making global git config changes
2026-09-04T11:30:32.9348037Z Adding repository directory to the temporary git global config as a safe directory
2026-09-04T11:30:32.9352253Z [command]/usr/bin/git config --global --add safe.directory /home/runner/work/log-generation/log-generation
2026-09-04T11:30:32.9391635Z [command]/usr/bin/git config --local --name-only --get-regexp core\.sshCommand
2026-09-04T11:30:32.9425910Z [command]/usr/bin/git submodule foreach --recursive sh -c "git config --local --name-only --get-regexp 'core\.sshCommand' && git config --local --unset-all 'core.sshCommand' || :"
2026-09-04T11:30:32.9686095Z [command]/usr/bin/git config --local --name-only --get-regexp http\.https\:\/\/github\.com\/\.extraheader
2026-09-04T11:30:32.9717516Z http.https://github.com/.extraheader
2026-09-04T11:30:32.9728008Z [command]/usr/bin/git config --local --unset-all http.https://github.com/.extraheader
2026-09-04T11:30:32.9767228Z [command]/usr/bin/git submodule foreach --recursive sh -c "git config --local --name-only --get-regexp 'http\.https\:\/\/github\.com\/\.extraheader' && git config --local --unset-all 'http.https://github.com/.extraheader' || :"
2026-09-04T11:30:33.0050850Z [command]/usr/bin/git config --local --name-only --get-regexp ^includeIf\.gitdir:
2026-09-04T11:30:33.0107715Z [command]/usr/bin/git submodule foreach --recursive git config --local --show-origin --name-only --get-regexp remote.origin.url
2026-09-04T11:30:33.0486764Z Cleaning up orphan processes
2026-09-04T11:30:33.0757327Z ##[warning]Node.js 20 is deprecated. The following actions target Node.js 20 but are being forced to run on Node.js 24: actions/checkout@v4, actions/setup-python@v5. For more information see: https://github.blog/changelog/2025-09-19-deprecation-of-node-20-on-github-actions-runners/
