ï»¿2026-09-04T15:44:10.8185006Z Current runner version: '2.337.0'
2026-09-04T15:44:10.8212566Z ##[group]Runner Image Provisioner
2026-09-04T15:44:10.8213370Z Hosted Compute Agent
2026-09-04T15:44:10.8214095Z Version: 20260828.587
2026-09-04T15:44:10.8214734Z Commit: abac92662cab4cc7352de4f9f9d2e2419aad9c29
2026-09-04T15:44:10.8215569Z Build Date: 2026-08-28T16:44:25Z
2026-09-04T15:44:10.8216302Z Worker ID: {dfa6d530-2ce4-4427-825c-9913b8c1dc0a}
2026-09-04T15:44:10.8217025Z Azure Region: eastus
2026-09-04T15:44:10.8217692Z ##[endgroup]
2026-09-04T15:44:10.8219446Z ##[group]Operating System
2026-09-04T15:44:10.8220148Z Ubuntu
2026-09-04T15:44:10.8220682Z 24.04.4
2026-09-04T15:44:10.8221665Z LTS
2026-09-04T15:44:10.8222248Z ##[endgroup]
2026-09-04T15:44:10.8222854Z ##[group]Runner Image
2026-09-04T15:44:10.8223807Z Image: ubuntu-24.04
2026-09-04T15:44:10.8224451Z Version: 20260831.293.1
2026-09-04T15:44:10.8225785Z Included Software: https://github.com/actions/runner-images/blob/ubuntu24/20260831.293/images/ubuntu/Ubuntu2404-Readme.md
2026-09-04T15:44:10.8227837Z Image Release: https://github.com/actions/runner-images/releases/tag/ubuntu24%2F20260831.293
2026-09-04T15:44:10.8229842Z ##[endgroup]
2026-09-04T15:44:10.8231685Z ##[group]GITHUB_TOKEN Permissions
2026-09-04T15:44:10.8234080Z Contents: read
2026-09-04T15:44:10.8234727Z Metadata: read
2026-09-04T15:44:10.8235395Z Packages: read
2026-09-04T15:44:10.8235986Z ##[endgroup]
2026-09-04T15:44:10.8238084Z Secret source: Actions
2026-09-04T15:44:10.8239939Z Prepare workflow directory
2026-09-04T15:44:10.8573372Z Prepare all required actions
2026-09-04T15:44:10.8621854Z Getting action download info
2026-09-04T15:44:11.0707427Z Download action repository 'actions/checkout@v4' (SHA:11d5960a326750d5838078e36cf38b85af677262)
2026-09-04T15:44:11.2384105Z Download action repository 'actions/setup-python@v5' (SHA:a26af69be951a213d495a4c3e4e4022e16d87065)
2026-09-04T15:44:11.4666455Z Complete job name: test-f3 (IndexError #36)
2026-09-04T15:44:11.5432408Z Node 20 is being deprecated. This workflow is running with Node 24 by default. If you need to temporarily use Node 20, you can set the ACTIONS_ALLOW_USE_UNSECURE_NODE_VERSION=true environment variable. For more information see: https://github.blog/changelog/2025-09-19-deprecation-of-node-20-on-github-actions-runners/
2026-09-04T15:44:11.5441360Z ##[group]Run actions/checkout@v4
2026-09-04T15:44:11.5442102Z with:
2026-09-04T15:44:11.5442545Z   fetch-depth: 1
2026-09-04T15:44:11.5443041Z   repository: DhruvHegde/log-generation
2026-09-04T15:44:11.5446784Z   token: ***
2026-09-04T15:44:11.5447224Z   ssh-strict: true
2026-09-04T15:44:11.5447674Z   ssh-user: git
2026-09-04T15:44:11.5448128Z   persist-credentials: true
2026-09-04T15:44:11.5448806Z   clean: true
2026-09-04T15:44:11.5449273Z   sparse-checkout-cone-mode: true
2026-09-04T15:44:11.5449799Z   fetch-tags: false
2026-09-04T15:44:11.5450247Z   show-progress: true
2026-09-04T15:44:11.5450698Z   lfs: false
2026-09-04T15:44:11.5451156Z   submodules: false
2026-09-04T15:44:11.5451616Z   set-safe-directory: true
2026-09-04T15:44:11.5452135Z   allow-unsafe-pr-checkout: false
2026-09-04T15:44:11.5452909Z ##[endgroup]
2026-09-04T15:44:11.6494716Z Syncing repository: DhruvHegde/log-generation
2026-09-04T15:44:11.6497207Z ##[group]Getting Git version info
2026-09-04T15:44:11.6498444Z Working directory is '/home/runner/work/log-generation/log-generation'
2026-09-04T15:44:11.6500477Z [command]/usr/bin/git version
2026-09-04T15:44:11.7820756Z git version 2.55.0
2026-09-04T15:44:11.7823416Z ##[endgroup]
2026-09-04T15:44:11.7830112Z Temporarily overriding HOME='/home/runner/work/_temp/6e184dd2-6ea3-4fac-96bc-c1785a063fed' before making global git config changes
2026-09-04T15:44:11.7832800Z Adding repository directory to the temporary git global config as a safe directory
2026-09-04T15:44:11.7834136Z [command]/usr/bin/git config --global --add safe.directory /home/runner/work/log-generation/log-generation
2026-09-04T15:44:11.8113181Z Deleting the contents of '/home/runner/work/log-generation/log-generation'
2026-09-04T15:44:11.8118181Z ##[group]Initializing the repository
2026-09-04T15:44:11.8125216Z [command]/usr/bin/git init /home/runner/work/log-generation/log-generation
2026-09-04T15:44:11.8691370Z hint: Using 'master' as the name for the initial branch. This default branch name
2026-09-04T15:44:11.8693262Z hint: will change to "main" in Git 3.0. To configure the initial branch name
2026-09-04T15:44:11.8695000Z hint: to use in all of your new repositories, which will suppress this warning,
2026-09-04T15:44:11.8696370Z hint: call:
2026-09-04T15:44:11.8697113Z hint:
2026-09-04T15:44:11.8698049Z hint: 	git config --global init.defaultBranch <name>
2026-09-04T15:44:11.8699505Z hint:
2026-09-04T15:44:11.8700569Z hint: Names commonly chosen instead of 'master' are 'main', 'trunk' and
2026-09-04T15:44:11.8702222Z hint: 'development'. The just-created branch can be renamed via this command:
2026-09-04T15:44:11.8703485Z hint:
2026-09-04T15:44:11.8703986Z hint: 	git branch -m <name>
2026-09-04T15:44:11.8704509Z hint:
2026-09-04T15:44:11.8705218Z hint: Disable this message with "git config set advice.defaultBranchName false"
2026-09-04T15:44:11.8706622Z Initialized empty Git repository in /home/runner/work/log-generation/log-generation/.git/
2026-09-04T15:44:11.8709414Z [command]/usr/bin/git remote add origin https://github.com/DhruvHegde/log-generation
2026-09-04T15:44:11.9007703Z ##[endgroup]
2026-09-04T15:44:11.9008985Z ##[group]Disabling automatic garbage collection
2026-09-04T15:44:11.9012578Z [command]/usr/bin/git config --local gc.auto 0
2026-09-04T15:44:11.9046385Z ##[endgroup]
2026-09-04T15:44:11.9047231Z ##[group]Setting up auth
2026-09-04T15:44:11.9053482Z [command]/usr/bin/git config --local --name-only --get-regexp core\.sshCommand
2026-09-04T15:44:11.9088342Z [command]/usr/bin/git submodule foreach --recursive sh -c "git config --local --name-only --get-regexp 'core\.sshCommand' && git config --local --unset-all 'core.sshCommand' || :"
2026-09-04T15:44:12.1312104Z [command]/usr/bin/git config --local --name-only --get-regexp http\.https\:\/\/github\.com\/\.extraheader
2026-09-04T15:44:12.1347004Z [command]/usr/bin/git submodule foreach --recursive sh -c "git config --local --name-only --get-regexp 'http\.https\:\/\/github\.com\/\.extraheader' && git config --local --unset-all 'http.https://github.com/.extraheader' || :"
2026-09-04T15:44:12.1571463Z [command]/usr/bin/git config --local --name-only --get-regexp ^includeIf\.gitdir:
2026-09-04T15:44:12.1608018Z [command]/usr/bin/git submodule foreach --recursive git config --local --show-origin --name-only --get-regexp remote.origin.url
2026-09-04T15:44:12.1837187Z [command]/usr/bin/git config --local http.https://github.com/.extraheader AUTHORIZATION: basic ***
2026-09-04T15:44:12.1877099Z ##[endgroup]
2026-09-04T15:44:12.1886902Z ##[group]Fetching the repository
2026-09-04T15:44:12.1889348Z [command]/usr/bin/git -c protocol.version=2 fetch --no-tags --prune --no-recurse-submodules --depth=1 origin +ff2db557a0a8df7e538c7d2e729be8ed403658e2:refs/remotes/origin/feature/f3-test-failures
2026-09-04T15:44:12.6168868Z From https://github.com/DhruvHegde/log-generation
2026-09-04T15:44:12.6172909Z  * [new ref]         ff2db557a0a8df7e538c7d2e729be8ed403658e2 -> origin/feature/f3-test-failures
2026-09-04T15:44:12.6179485Z ##[endgroup]
2026-09-04T15:44:12.6181566Z ##[group]Determining the checkout info
2026-09-04T15:44:12.6183497Z ##[endgroup]
2026-09-04T15:44:12.6184401Z [command]/usr/bin/git sparse-checkout disable
2026-09-04T15:44:12.6410249Z [command]/usr/bin/git config --local --unset-all extensions.worktreeConfig
2026-09-04T15:44:12.6446982Z ##[group]Checking out the ref
2026-09-04T15:44:12.6451285Z [command]/usr/bin/git checkout --progress --force -B feature/f3-test-failures refs/remotes/origin/feature/f3-test-failures
2026-09-04T15:44:12.7222053Z Switched to a new branch 'feature/f3-test-failures'
2026-09-04T15:44:12.7226649Z branch 'feature/f3-test-failures' set up to track 'origin/feature/f3-test-failures'.
2026-09-04T15:44:12.7237794Z ##[endgroup]
2026-09-04T15:44:12.7304424Z [command]/usr/bin/git log -1 --format=%H
2026-09-04T15:44:12.7334446Z ff2db557a0a8df7e538c7d2e729be8ed403658e2
2026-09-04T15:44:12.7767608Z Node 20 is being deprecated. This workflow is running with Node 24 by default. If you need to temporarily use Node 20, you can set the ACTIONS_ALLOW_USE_UNSECURE_NODE_VERSION=true environment variable. For more information see: https://github.blog/changelog/2025-09-19-deprecation-of-node-20-on-github-actions-runners/
2026-09-04T15:44:12.7773696Z ##[group]Run actions/setup-python@v5
2026-09-04T15:44:12.7774900Z with:
2026-09-04T15:44:12.7775789Z   python-version: 3.11
2026-09-04T15:44:12.7776811Z   check-latest: false
2026-09-04T15:44:12.7786815Z   token: ***
2026-09-04T15:44:12.7787778Z   update-environment: true
2026-09-04T15:44:12.7789039Z   allow-prereleases: false
2026-09-04T15:44:12.7790136Z   freethreaded: false
2026-09-04T15:44:12.7791118Z ##[endgroup]
2026-09-04T15:44:12.9458448Z ##[group]Installed versions
2026-09-04T15:44:13.0294108Z (node:2234) [DEP0040] DeprecationWarning: The `punycode` module is deprecated. Please use a userland alternative instead.
2026-09-04T15:44:13.0299557Z (Use `node --trace-deprecation ...` to show where the warning was created)
2026-09-04T15:44:13.0302790Z Successfully set up CPython (3.11.16)
2026-09-04T15:44:13.0306015Z ##[endgroup]
2026-09-04T15:44:13.0543041Z ##[group]Run pip install --no-cache-dir pytest
2026-09-04T15:44:13.0544660Z [36;1mpip install --no-cache-dir pytest[0m
2026-09-04T15:44:13.0753268Z shell: /usr/bin/bash -e {0}
2026-09-04T15:44:13.0754771Z env:
2026-09-04T15:44:13.0755903Z   pythonLocation: /opt/hostedtoolcache/Python/3.11.16/x64
2026-09-04T15:44:13.0757767Z   PKG_CONFIG_PATH: /opt/hostedtoolcache/Python/3.11.16/x64/lib/pkgconfig
2026-09-04T15:44:13.0759942Z   Python_ROOT_DIR: /opt/hostedtoolcache/Python/3.11.16/x64
2026-09-04T15:44:13.0761666Z   Python2_ROOT_DIR: /opt/hostedtoolcache/Python/3.11.16/x64
2026-09-04T15:44:13.0763354Z   Python3_ROOT_DIR: /opt/hostedtoolcache/Python/3.11.16/x64
2026-09-04T15:44:13.0765052Z   LD_LIBRARY_PATH: /opt/hostedtoolcache/Python/3.11.16/x64/lib
2026-09-04T15:44:13.0766517Z ##[endgroup]
2026-09-04T15:44:16.1502168Z Collecting pytest
2026-09-04T15:44:16.2000572Z   Downloading pytest-9.1.1-py3-none-any.whl.metadata (7.6 kB)
2026-09-04T15:44:16.2116006Z Collecting iniconfig>=1.0.1 (from pytest)
2026-09-04T15:44:16.2156769Z   Downloading iniconfig-2.3.0-py3-none-any.whl.metadata (2.5 kB)
2026-09-04T15:44:16.2276814Z Collecting packaging>=22 (from pytest)
2026-09-04T15:44:16.2313695Z   Downloading packaging-26.3-py3-none-any.whl.metadata (3.5 kB)
2026-09-04T15:44:16.2396828Z Collecting pluggy<2,>=1.5 (from pytest)
2026-09-04T15:44:16.2432112Z   Downloading pluggy-1.6.0-py3-none-any.whl.metadata (4.8 kB)
2026-09-04T15:44:16.2561570Z Collecting pygments>=2.7.2 (from pytest)
2026-09-04T15:44:16.2596908Z   Downloading pygments-2.21.0-py3-none-any.whl.metadata (2.5 kB)
2026-09-04T15:44:16.2662376Z Downloading pytest-9.1.1-py3-none-any.whl (386 kB)
2026-09-04T15:44:16.2871546Z Downloading pluggy-1.6.0-py3-none-any.whl (20 kB)
2026-09-04T15:44:16.2908603Z Downloading iniconfig-2.3.0-py3-none-any.whl (7.5 kB)
2026-09-04T15:44:16.2942932Z Downloading packaging-26.3-py3-none-any.whl (129 kB)
2026-09-04T15:44:16.2984029Z Downloading pygments-2.21.0-py3-none-any.whl (1.3 MB)
2026-09-04T15:44:16.3071271Z    ââââââââââââââââââââââââââââââââââââââââ 1.3/1.3 MB 219.5 MB/s  0:00:00
2026-09-04T15:44:16.4848284Z Installing collected packages: pygments, pluggy, packaging, iniconfig, pytest
2026-09-04T15:44:17.4544204Z 
2026-09-04T15:44:17.4553764Z Successfully installed iniconfig-2.3.0 packaging-26.3 pluggy-1.6.0 pygments-2.21.0 pytest-9.1.1
2026-09-04T15:44:17.5091011Z ##[group]Run python automation/inject_mutation.py --error-type "IndexError"
2026-09-04T15:44:17.5091603Z [36;1mpython automation/inject_mutation.py --error-type "IndexError"[0m
2026-09-04T15:44:17.5130864Z shell: /usr/bin/bash -e {0}
2026-09-04T15:44:17.5131123Z env:
2026-09-04T15:44:17.5131399Z   pythonLocation: /opt/hostedtoolcache/Python/3.11.16/x64
2026-09-04T15:44:17.5132065Z   PKG_CONFIG_PATH: /opt/hostedtoolcache/Python/3.11.16/x64/lib/pkgconfig
2026-09-04T15:44:17.5132499Z   Python_ROOT_DIR: /opt/hostedtoolcache/Python/3.11.16/x64
2026-09-04T15:44:17.5132879Z   Python2_ROOT_DIR: /opt/hostedtoolcache/Python/3.11.16/x64
2026-09-04T15:44:17.5133261Z   Python3_ROOT_DIR: /opt/hostedtoolcache/Python/3.11.16/x64
2026-09-04T15:44:17.5133641Z   LD_LIBRARY_PATH: /opt/hostedtoolcache/Python/3.11.16/x64/lib
2026-09-04T15:44:17.5133966Z ##[endgroup]
2026-09-04T15:44:17.5431522Z [Mutation Injected] Successfully injected IndexError into tests/test_app.py
2026-09-04T15:44:17.5500908Z ##[group]Run pytest tests/test_app.py -v
2026-09-04T15:44:17.5501260Z [36;1mpytest tests/test_app.py -v[0m
2026-09-04T15:44:17.5540385Z shell: /usr/bin/bash -e {0}
2026-09-04T15:44:17.5540763Z env:
2026-09-04T15:44:17.5541046Z   pythonLocation: /opt/hostedtoolcache/Python/3.11.16/x64
2026-09-04T15:44:17.5541672Z   PKG_CONFIG_PATH: /opt/hostedtoolcache/Python/3.11.16/x64/lib/pkgconfig
2026-09-04T15:44:17.5542275Z   Python_ROOT_DIR: /opt/hostedtoolcache/Python/3.11.16/x64
2026-09-04T15:44:17.5542797Z   Python2_ROOT_DIR: /opt/hostedtoolcache/Python/3.11.16/x64
2026-09-04T15:44:17.5543292Z   Python3_ROOT_DIR: /opt/hostedtoolcache/Python/3.11.16/x64
2026-09-04T15:44:17.5543804Z   LD_LIBRARY_PATH: /opt/hostedtoolcache/Python/3.11.16/x64/lib
2026-09-04T15:44:17.5544143Z ##[endgroup]
2026-09-04T15:44:17.9686087Z ============================= test session starts ==============================
2026-09-04T15:44:17.9687122Z platform linux -- Python 3.11.16, pytest-9.1.1, pluggy-1.6.0 -- /opt/hostedtoolcache/Python/3.11.16/x64/bin/python
2026-09-04T15:44:17.9687863Z cachedir: .pytest_cache
2026-09-04T15:44:17.9688278Z rootdir: /home/runner/work/log-generation/log-generation
2026-09-04T15:44:17.9690096Z configfile: pytest.ini
2026-09-04T15:44:17.9775132Z collecting ... collected 6 items
2026-09-04T15:44:17.9775635Z 
2026-09-04T15:44:17.9783633Z tests/test_app.py::test_calculate_division PASSED                        [ 16%]
2026-09-04T15:44:17.9790880Z tests/test_app.py::test_convert_to_int PASSED                            [ 33%]
2026-09-04T15:44:17.9797911Z tests/test_app.py::test_get_list_item PASSED                             [ 50%]
2026-09-04T15:44:17.9804868Z tests/test_app.py::test_get_dict_value PASSED                            [ 66%]
2026-09-04T15:44:17.9811821Z tests/test_app.py::test_assert_positive PASSED                           [ 83%]
2026-09-04T15:44:18.0078701Z tests/test_app.py::test_index_error FAILED                               [100%]
2026-09-04T15:44:18.0079666Z 
2026-09-04T15:44:18.0079919Z =================================== FAILURES ===================================
2026-09-04T15:44:18.0080562Z _______________________________ test_index_error _______________________________
2026-09-04T15:44:18.0080973Z 
2026-09-04T15:44:18.0081120Z     def test_index_error():
2026-09-04T15:44:18.0081504Z         """Injected synthetic IndexError."""
2026-09-04T15:44:18.0081963Z         from src.app import get_list_item
2026-09-04T15:44:18.0082402Z         dataset = [10, 20, 30]
2026-09-04T15:44:18.0082845Z >       get_list_item(dataset, 999)
2026-09-04T15:44:18.0083111Z 
2026-09-04T15:44:18.0083242Z tests/test_app.py:134: 
2026-09-04T15:44:18.0083647Z _ _ _ _ _ _ _ _ _ _ _ _ _ _ _ _ _ _ _ _ _ _ _ _ _ _ _ _ _ _ _ _ _ _ _ _ _ _ _ _ 
2026-09-04T15:44:18.0084005Z 
2026-09-04T15:44:18.0084134Z lst = [10, 20, 30], index = 999
2026-09-04T15:44:18.0084356Z 
2026-09-04T15:44:18.0084495Z     def get_list_item(lst, index):
2026-09-04T15:44:18.0084855Z >       return lst[index]
2026-09-04T15:44:18.0085172Z                ^^^^^^^^^^
2026-09-04T15:44:18.0085506Z E       IndexError: list index out of range
2026-09-04T15:44:18.0085787Z 
2026-09-04T15:44:18.0085916Z src/app.py:8: IndexError
2026-09-04T15:44:18.0086326Z =========================== short test summary info ============================
2026-09-04T15:44:18.0087020Z FAILED tests/test_app.py::test_index_error - IndexError: list index out of range
2026-09-04T15:44:18.0087953Z ========================= 1 failed, 5 passed in 0.03s ==========================
2026-09-04T15:44:18.0273097Z ##[error]Process completed with exit code 1.
2026-09-04T15:44:18.0417880Z Node 20 is being deprecated. This workflow is running with Node 24 by default. If you need to temporarily use Node 20, you can set the ACTIONS_ALLOW_USE_UNSECURE_NODE_VERSION=true environment variable. For more information see: https://github.blog/changelog/2025-09-19-deprecation-of-node-20-on-github-actions-runners/
2026-09-04T15:44:18.0419473Z Post job cleanup.
2026-09-04T15:44:18.1311063Z [command]/usr/bin/git version
2026-09-04T15:44:18.1354358Z git version 2.55.0
2026-09-04T15:44:18.1395937Z Temporarily overriding HOME='/home/runner/work/_temp/e97ccdaf-0fed-47d8-93b2-120207786787' before making global git config changes
2026-09-04T15:44:18.1397323Z Adding repository directory to the temporary git global config as a safe directory
2026-09-04T15:44:18.1401195Z [command]/usr/bin/git config --global --add safe.directory /home/runner/work/log-generation/log-generation
2026-09-04T15:44:18.1439646Z [command]/usr/bin/git config --local --name-only --get-regexp core\.sshCommand
2026-09-04T15:44:18.1474232Z [command]/usr/bin/git submodule foreach --recursive sh -c "git config --local --name-only --get-regexp 'core\.sshCommand' && git config --local --unset-all 'core.sshCommand' || :"
2026-09-04T15:44:18.1725333Z [command]/usr/bin/git config --local --name-only --get-regexp http\.https\:\/\/github\.com\/\.extraheader
2026-09-04T15:44:18.1781411Z http.https://github.com/.extraheader
2026-09-04T15:44:18.1792138Z [command]/usr/bin/git config --local --unset-all http.https://github.com/.extraheader
2026-09-04T15:44:18.1819400Z [command]/usr/bin/git submodule foreach --recursive sh -c "git config --local --name-only --get-regexp 'http\.https\:\/\/github\.com\/\.extraheader' && git config --local --unset-all 'http.https://github.com/.extraheader' || :"
2026-09-04T15:44:18.2086723Z [command]/usr/bin/git config --local --name-only --get-regexp ^includeIf\.gitdir:
2026-09-04T15:44:18.2127712Z [command]/usr/bin/git submodule foreach --recursive git config --local --show-origin --name-only --get-regexp remote.origin.url
2026-09-04T15:44:18.2529741Z Cleaning up orphan processes
2026-09-04T15:44:18.2917720Z ##[warning]Node.js 20 is deprecated. The following actions target Node.js 20 but are being forced to run on Node.js 24: actions/checkout@v4, actions/setup-python@v5. For more information see: https://github.blog/changelog/2025-09-19-deprecation-of-node-20-on-github-actions-runners/
