ï»¿2026-09-04T15:45:24.5932833Z Current runner version: '2.337.0'
2026-09-04T15:45:24.5955974Z ##[group]Runner Image Provisioner
2026-09-04T15:45:24.5957039Z Hosted Compute Agent
2026-09-04T15:45:24.5957650Z Version: 20260828.587
2026-09-04T15:45:24.5958300Z Commit: abac92662cab4cc7352de4f9f9d2e2419aad9c29
2026-09-04T15:45:24.5959006Z Build Date: 2026-08-28T16:44:25Z
2026-09-04T15:45:24.5959708Z Worker ID: {cb9040c8-4776-4b47-a27f-0d53ebf4c8c0}
2026-09-04T15:45:24.5960390Z Azure Region: westus3
2026-09-04T15:45:24.5960971Z ##[endgroup]
2026-09-04T15:45:24.5962749Z ##[group]Operating System
2026-09-04T15:45:24.5963408Z Ubuntu
2026-09-04T15:45:24.5963974Z 24.04.4
2026-09-04T15:45:24.5964464Z LTS
2026-09-04T15:45:24.5965253Z ##[endgroup]
2026-09-04T15:45:24.5965866Z ##[group]Runner Image
2026-09-04T15:45:24.5966437Z Image: ubuntu-24.04
2026-09-04T15:45:24.5967176Z Version: 20260831.293.1
2026-09-04T15:45:24.5968335Z Included Software: https://github.com/actions/runner-images/blob/ubuntu24/20260831.293/images/ubuntu/Ubuntu2404-Readme.md
2026-09-04T15:45:24.5969807Z Image Release: https://github.com/actions/runner-images/releases/tag/ubuntu24%2F20260831.293
2026-09-04T15:45:24.5970712Z ##[endgroup]
2026-09-04T15:45:24.5971875Z ##[group]GITHUB_TOKEN Permissions
2026-09-04T15:45:24.5974138Z Contents: read
2026-09-04T15:45:24.5974729Z Metadata: read
2026-09-04T15:45:24.5975258Z Packages: read
2026-09-04T15:45:24.5975780Z ##[endgroup]
2026-09-04T15:45:24.5977963Z Secret source: Actions
2026-09-04T15:45:24.5979291Z Prepare workflow directory
2026-09-04T15:45:24.6307632Z Prepare all required actions
2026-09-04T15:45:24.6378317Z Getting action download info
2026-09-04T15:45:24.9452626Z Download action repository 'actions/checkout@v4' (SHA:11d5960a326750d5838078e36cf38b85af677262)
2026-09-04T15:45:25.2254589Z Download action repository 'actions/setup-python@v5' (SHA:a26af69be951a213d495a4c3e4e4022e16d87065)
2026-09-04T15:45:25.7480092Z Complete job name: test-f3 (TypeError #176)
2026-09-04T15:45:25.8163478Z Node 20 is being deprecated. This workflow is running with Node 24 by default. If you need to temporarily use Node 20, you can set the ACTIONS_ALLOW_USE_UNSECURE_NODE_VERSION=true environment variable. For more information see: https://github.blog/changelog/2025-09-19-deprecation-of-node-20-on-github-actions-runners/
2026-09-04T15:45:25.8172484Z ##[group]Run actions/checkout@v4
2026-09-04T15:45:25.8173326Z with:
2026-09-04T15:45:25.8173815Z   fetch-depth: 1
2026-09-04T15:45:25.8174380Z   repository: DhruvHegde/log-generation
2026-09-04T15:45:25.8178522Z   token: ***
2026-09-04T15:45:25.8179031Z   ssh-strict: true
2026-09-04T15:45:25.8179594Z   ssh-user: git
2026-09-04T15:45:25.8180105Z   persist-credentials: true
2026-09-04T15:45:25.8180661Z   clean: true
2026-09-04T15:45:25.8181293Z   sparse-checkout-cone-mode: true
2026-09-04T15:45:25.8181875Z   fetch-tags: false
2026-09-04T15:45:25.8182410Z   show-progress: true
2026-09-04T15:45:25.8182915Z   lfs: false
2026-09-04T15:45:25.8183554Z   submodules: false
2026-09-04T15:45:25.8184154Z   set-safe-directory: true
2026-09-04T15:45:25.8184735Z   allow-unsafe-pr-checkout: false
2026-09-04T15:45:25.8185508Z ##[endgroup]
2026-09-04T15:45:25.9189959Z Syncing repository: DhruvHegde/log-generation
2026-09-04T15:45:25.9192947Z ##[group]Getting Git version info
2026-09-04T15:45:25.9194170Z Working directory is '/home/runner/work/log-generation/log-generation'
2026-09-04T15:45:25.9195981Z [command]/usr/bin/git version
2026-09-04T15:45:26.0272993Z git version 2.55.0
2026-09-04T15:45:26.0291706Z ##[endgroup]
2026-09-04T15:45:26.0307453Z Temporarily overriding HOME='/home/runner/work/_temp/448b91c5-1451-42fb-bc93-6aeb6a6d18a2' before making global git config changes
2026-09-04T15:45:26.0310464Z Adding repository directory to the temporary git global config as a safe directory
2026-09-04T15:45:26.0312843Z [command]/usr/bin/git config --global --add safe.directory /home/runner/work/log-generation/log-generation
2026-09-04T15:45:26.0356202Z Deleting the contents of '/home/runner/work/log-generation/log-generation'
2026-09-04T15:45:26.0360137Z ##[group]Initializing the repository
2026-09-04T15:45:26.0363980Z [command]/usr/bin/git init /home/runner/work/log-generation/log-generation
2026-09-04T15:45:26.0436437Z hint: Using 'master' as the name for the initial branch. This default branch name
2026-09-04T15:45:26.0438148Z hint: will change to "main" in Git 3.0. To configure the initial branch name
2026-09-04T15:45:26.0439260Z hint: to use in all of your new repositories, which will suppress this warning,
2026-09-04T15:45:26.0440248Z hint: call:
2026-09-04T15:45:26.0440841Z hint:
2026-09-04T15:45:26.0441516Z hint: 	git config --global init.defaultBranch <name>
2026-09-04T15:45:26.0442200Z hint:
2026-09-04T15:45:26.0442838Z hint: Names commonly chosen instead of 'master' are 'main', 'trunk' and
2026-09-04T15:45:26.0443807Z hint: 'development'. The just-created branch can be renamed via this command:
2026-09-04T15:45:26.0444728Z hint:
2026-09-04T15:45:26.0445236Z hint: 	git branch -m <name>
2026-09-04T15:45:26.0445863Z hint:
2026-09-04T15:45:26.0446715Z hint: Disable this message with "git config set advice.defaultBranchName false"
2026-09-04T15:45:26.0447863Z Initialized empty Git repository in /home/runner/work/log-generation/log-generation/.git/
2026-09-04T15:45:26.0450144Z [command]/usr/bin/git remote add origin https://github.com/DhruvHegde/log-generation
2026-09-04T15:45:26.0511698Z ##[endgroup]
2026-09-04T15:45:26.0512642Z ##[group]Disabling automatic garbage collection
2026-09-04T15:45:26.0518383Z [command]/usr/bin/git config --local gc.auto 0
2026-09-04T15:45:26.0544299Z ##[endgroup]
2026-09-04T15:45:26.0545144Z ##[group]Setting up auth
2026-09-04T15:45:26.0550871Z [command]/usr/bin/git config --local --name-only --get-regexp core\.sshCommand
2026-09-04T15:45:26.0581301Z [command]/usr/bin/git submodule foreach --recursive sh -c "git config --local --name-only --get-regexp 'core\.sshCommand' && git config --local --unset-all 'core.sshCommand' || :"
2026-09-04T15:45:26.1375176Z [command]/usr/bin/git config --local --name-only --get-regexp http\.https\:\/\/github\.com\/\.extraheader
2026-09-04T15:45:26.1404373Z [command]/usr/bin/git submodule foreach --recursive sh -c "git config --local --name-only --get-regexp 'http\.https\:\/\/github\.com\/\.extraheader' && git config --local --unset-all 'http.https://github.com/.extraheader' || :"
2026-09-04T15:45:26.1584630Z [command]/usr/bin/git config --local --name-only --get-regexp ^includeIf\.gitdir:
2026-09-04T15:45:26.1614784Z [command]/usr/bin/git submodule foreach --recursive git config --local --show-origin --name-only --get-regexp remote.origin.url
2026-09-04T15:45:26.1796893Z [command]/usr/bin/git config --local http.https://github.com/.extraheader AUTHORIZATION: basic ***
2026-09-04T15:45:26.1827536Z ##[endgroup]
2026-09-04T15:45:26.1828851Z ##[group]Fetching the repository
2026-09-04T15:45:26.1837727Z [command]/usr/bin/git -c protocol.version=2 fetch --no-tags --prune --no-recurse-submodules --depth=1 origin +ff2db557a0a8df7e538c7d2e729be8ed403658e2:refs/remotes/origin/feature/f3-test-failures
2026-09-04T15:45:27.2647923Z From https://github.com/DhruvHegde/log-generation
2026-09-04T15:45:27.2649379Z  * [new ref]         ff2db557a0a8df7e538c7d2e729be8ed403658e2 -> origin/feature/f3-test-failures
2026-09-04T15:45:27.2652378Z ##[endgroup]
2026-09-04T15:45:27.2653172Z ##[group]Determining the checkout info
2026-09-04T15:45:27.2654455Z ##[endgroup]
2026-09-04T15:45:27.2660435Z [command]/usr/bin/git sparse-checkout disable
2026-09-04T15:45:27.2705385Z [command]/usr/bin/git config --local --unset-all extensions.worktreeConfig
2026-09-04T15:45:27.2731733Z ##[group]Checking out the ref
2026-09-04T15:45:27.2736793Z [command]/usr/bin/git checkout --progress --force -B feature/f3-test-failures refs/remotes/origin/feature/f3-test-failures
2026-09-04T15:45:27.3436945Z Switched to a new branch 'feature/f3-test-failures'
2026-09-04T15:45:27.3439521Z branch 'feature/f3-test-failures' set up to track 'origin/feature/f3-test-failures'.
2026-09-04T15:45:27.3445820Z ##[endgroup]
2026-09-04T15:45:27.3483553Z [command]/usr/bin/git log -1 --format=%H
2026-09-04T15:45:27.3507398Z ff2db557a0a8df7e538c7d2e729be8ed403658e2
2026-09-04T15:45:27.3770304Z Node 20 is being deprecated. This workflow is running with Node 24 by default. If you need to temporarily use Node 20, you can set the ACTIONS_ALLOW_USE_UNSECURE_NODE_VERSION=true environment variable. For more information see: https://github.blog/changelog/2025-09-19-deprecation-of-node-20-on-github-actions-runners/
2026-09-04T15:45:27.3772481Z ##[group]Run actions/setup-python@v5
2026-09-04T15:45:27.3773099Z with:
2026-09-04T15:45:27.3773630Z   python-version: 3.11
2026-09-04T15:45:27.3774143Z   check-latest: false
2026-09-04T15:45:27.3777437Z   token: ***
2026-09-04T15:45:27.3777983Z   update-environment: true
2026-09-04T15:45:27.3778563Z   allow-prereleases: false
2026-09-04T15:45:27.3779147Z   freethreaded: false
2026-09-04T15:45:27.3779650Z ##[endgroup]
2026-09-04T15:45:27.5039867Z ##[group]Installed versions
2026-09-04T15:45:27.5125675Z (node:2019) [DEP0040] DeprecationWarning: The `punycode` module is deprecated. Please use a userland alternative instead.
2026-09-04T15:45:27.5127675Z (Use `node --trace-deprecation ...` to show where the warning was created)
2026-09-04T15:45:27.5128747Z Successfully set up CPython (3.11.16)
2026-09-04T15:45:27.5130221Z ##[endgroup]
2026-09-04T15:45:27.5284774Z ##[group]Run pip install --no-cache-dir pytest
2026-09-04T15:45:27.5285667Z [36;1mpip install --no-cache-dir pytest[0m
2026-09-04T15:45:27.5328450Z shell: /usr/bin/bash -e {0}
2026-09-04T15:45:27.5329166Z env:
2026-09-04T15:45:27.5329778Z   pythonLocation: /opt/hostedtoolcache/Python/3.11.16/x64
2026-09-04T15:45:27.5330565Z   PKG_CONFIG_PATH: /opt/hostedtoolcache/Python/3.11.16/x64/lib/pkgconfig
2026-09-04T15:45:27.5331391Z   Python_ROOT_DIR: /opt/hostedtoolcache/Python/3.11.16/x64
2026-09-04T15:45:27.5332090Z   Python2_ROOT_DIR: /opt/hostedtoolcache/Python/3.11.16/x64
2026-09-04T15:45:27.5333237Z   Python3_ROOT_DIR: /opt/hostedtoolcache/Python/3.11.16/x64
2026-09-04T15:45:27.5334000Z   LD_LIBRARY_PATH: /opt/hostedtoolcache/Python/3.11.16/x64/lib
2026-09-04T15:45:27.5334707Z ##[endgroup]
2026-09-04T15:45:29.2404851Z Collecting pytest
2026-09-04T15:45:29.3005905Z   Downloading pytest-9.1.1-py3-none-any.whl.metadata (7.6 kB)
2026-09-04T15:45:29.3152034Z Collecting iniconfig>=1.0.1 (from pytest)
2026-09-04T15:45:29.3186455Z   Downloading iniconfig-2.3.0-py3-none-any.whl.metadata (2.5 kB)
2026-09-04T15:45:29.3357980Z Collecting packaging>=22 (from pytest)
2026-09-04T15:45:29.3393325Z   Downloading packaging-26.3-py3-none-any.whl.metadata (3.5 kB)
2026-09-04T15:45:29.3535686Z Collecting pluggy<2,>=1.5 (from pytest)
2026-09-04T15:45:29.3572302Z   Downloading pluggy-1.6.0-py3-none-any.whl.metadata (4.8 kB)
2026-09-04T15:45:29.3775481Z Collecting pygments>=2.7.2 (from pytest)
2026-09-04T15:45:29.3807624Z   Downloading pygments-2.21.0-py3-none-any.whl.metadata (2.5 kB)
2026-09-04T15:45:29.3871911Z Downloading pytest-9.1.1-py3-none-any.whl (386 kB)
2026-09-04T15:45:29.4045345Z Downloading pluggy-1.6.0-py3-none-any.whl (20 kB)
2026-09-04T15:45:29.4076609Z Downloading iniconfig-2.3.0-py3-none-any.whl (7.5 kB)
2026-09-04T15:45:29.4110193Z Downloading packaging-26.3-py3-none-any.whl (129 kB)
2026-09-04T15:45:29.4160224Z Downloading pygments-2.21.0-py3-none-any.whl (1.3 MB)
2026-09-04T15:45:29.4302697Z    ââââââââââââââââââââââââââââââââââââââââ 1.3/1.3 MB 107.6 MB/s  0:00:00
2026-09-04T15:45:29.5267842Z Installing collected packages: pygments, pluggy, packaging, iniconfig, pytest
2026-09-04T15:45:30.4901785Z 
2026-09-04T15:45:30.4912841Z Successfully installed iniconfig-2.3.0 packaging-26.3 pluggy-1.6.0 pygments-2.21.0 pytest-9.1.1
2026-09-04T15:45:30.5510897Z ##[group]Run python automation/inject_mutation.py --error-type "TypeError"
2026-09-04T15:45:30.5511544Z [36;1mpython automation/inject_mutation.py --error-type "TypeError"[0m
2026-09-04T15:45:30.5537879Z shell: /usr/bin/bash -e {0}
2026-09-04T15:45:30.5538321Z env:
2026-09-04T15:45:30.5538707Z   pythonLocation: /opt/hostedtoolcache/Python/3.11.16/x64
2026-09-04T15:45:30.5539442Z   PKG_CONFIG_PATH: /opt/hostedtoolcache/Python/3.11.16/x64/lib/pkgconfig
2026-09-04T15:45:30.5539969Z   Python_ROOT_DIR: /opt/hostedtoolcache/Python/3.11.16/x64
2026-09-04T15:45:30.5540439Z   Python2_ROOT_DIR: /opt/hostedtoolcache/Python/3.11.16/x64
2026-09-04T15:45:30.5540915Z   Python3_ROOT_DIR: /opt/hostedtoolcache/Python/3.11.16/x64
2026-09-04T15:45:30.5541413Z   LD_LIBRARY_PATH: /opt/hostedtoolcache/Python/3.11.16/x64/lib
2026-09-04T15:45:30.5541877Z ##[endgroup]
2026-09-04T15:45:30.5815972Z [Mutation Injected] Successfully injected TypeError into tests/test_app.py
2026-09-04T15:45:30.5889734Z ##[group]Run pytest tests/test_app.py -v
2026-09-04T15:45:30.5890185Z [36;1mpytest tests/test_app.py -v[0m
2026-09-04T15:45:30.5913995Z shell: /usr/bin/bash -e {0}
2026-09-04T15:45:30.5914361Z env:
2026-09-04T15:45:30.5914748Z   pythonLocation: /opt/hostedtoolcache/Python/3.11.16/x64
2026-09-04T15:45:30.5915284Z   PKG_CONFIG_PATH: /opt/hostedtoolcache/Python/3.11.16/x64/lib/pkgconfig
2026-09-04T15:45:30.5915813Z   Python_ROOT_DIR: /opt/hostedtoolcache/Python/3.11.16/x64
2026-09-04T15:45:30.5916366Z   Python2_ROOT_DIR: /opt/hostedtoolcache/Python/3.11.16/x64
2026-09-04T15:45:30.5917015Z   Python3_ROOT_DIR: /opt/hostedtoolcache/Python/3.11.16/x64
2026-09-04T15:45:30.5917484Z   LD_LIBRARY_PATH: /opt/hostedtoolcache/Python/3.11.16/x64/lib
2026-09-04T15:45:30.5917908Z ##[endgroup]
2026-09-04T15:45:31.2341268Z ============================= test session starts ==============================
2026-09-04T15:45:31.2342884Z platform linux -- Python 3.11.16, pytest-9.1.1, pluggy-1.6.0 -- /opt/hostedtoolcache/Python/3.11.16/x64/bin/python
2026-09-04T15:45:31.2343465Z cachedir: .pytest_cache
2026-09-04T15:45:31.2343864Z rootdir: /home/runner/work/log-generation/log-generation
2026-09-04T15:45:31.2344299Z configfile: pytest.ini
2026-09-04T15:45:31.2417815Z collecting ... collected 6 items
2026-09-04T15:45:31.2418258Z 
2026-09-04T15:45:31.2425357Z tests/test_app.py::test_calculate_division PASSED                        [ 16%]
2026-09-04T15:45:31.2431049Z tests/test_app.py::test_convert_to_int PASSED                            [ 33%]
2026-09-04T15:45:31.2436958Z tests/test_app.py::test_get_list_item PASSED                             [ 50%]
2026-09-04T15:45:31.2442120Z tests/test_app.py::test_get_dict_value PASSED                            [ 66%]
2026-09-04T15:45:31.2447390Z tests/test_app.py::test_assert_positive PASSED                           [ 83%]
2026-09-04T15:45:31.2695058Z tests/test_app.py::test_type_error FAILED                                [100%]
2026-09-04T15:45:31.2695673Z 
2026-09-04T15:45:31.2696202Z =================================== FAILURES ===================================
2026-09-04T15:45:31.2697086Z _______________________________ test_type_error ________________________________
2026-09-04T15:45:31.2697718Z 
2026-09-04T15:45:31.2698093Z     def test_type_error():
2026-09-04T15:45:31.2698591Z         """Injected synthetic TypeError."""
2026-09-04T15:45:31.2699267Z         from src.app import calculate_division
2026-09-04T15:45:31.2699943Z >       calculate_division("invalid_string", 5)
2026-09-04T15:45:31.2700417Z 
2026-09-04T15:45:31.2700712Z tests/test_app.py:133: 
2026-09-04T15:45:31.2701373Z _ _ _ _ _ _ _ _ _ _ _ _ _ _ _ _ _ _ _ _ _ _ _ _ _ _ _ _ _ _ _ _ _ _ _ _ _ _ _ _ 
2026-09-04T15:45:31.2701892Z 
2026-09-04T15:45:31.2702203Z a = 'invalid_string', b = 5
2026-09-04T15:45:31.2702481Z 
2026-09-04T15:45:31.2702814Z     def calculate_division(a, b):
2026-09-04T15:45:31.2703411Z >       return a / b
2026-09-04T15:45:31.2703924Z                ^^^^^
2026-09-04T15:45:31.2704648Z E       TypeError: unsupported operand type(s) for /: 'str' and 'int'
2026-09-04T15:45:31.2705224Z 
2026-09-04T15:45:31.2705585Z src/app.py:2: TypeError
2026-09-04T15:45:31.2706226Z =========================== short test summary info ============================
2026-09-04T15:45:31.2707536Z FAILED tests/test_app.py::test_type_error - TypeError: unsupported operand type(s) for /: 'str' and 'int'
2026-09-04T15:45:31.2709060Z ========================= 1 failed, 5 passed in 0.02s ==========================
2026-09-04T15:45:31.2916455Z ##[error]Process completed with exit code 1.
2026-09-04T15:45:31.3067921Z Node 20 is being deprecated. This workflow is running with Node 24 by default. If you need to temporarily use Node 20, you can set the ACTIONS_ALLOW_USE_UNSECURE_NODE_VERSION=true environment variable. For more information see: https://github.blog/changelog/2025-09-19-deprecation-of-node-20-on-github-actions-runners/
2026-09-04T15:45:31.3069214Z Post job cleanup.
2026-09-04T15:45:31.3889234Z [command]/usr/bin/git version
2026-09-04T15:45:31.3928881Z git version 2.55.0
2026-09-04T15:45:31.3969989Z Temporarily overriding HOME='/home/runner/work/_temp/cd57057a-9ec4-44c2-ae88-7addec5ad8fe' before making global git config changes
2026-09-04T15:45:31.3971217Z Adding repository directory to the temporary git global config as a safe directory
2026-09-04T15:45:31.3976627Z [command]/usr/bin/git config --global --add safe.directory /home/runner/work/log-generation/log-generation
2026-09-04T15:45:31.4012924Z [command]/usr/bin/git config --local --name-only --get-regexp core\.sshCommand
2026-09-04T15:45:31.4043911Z [command]/usr/bin/git submodule foreach --recursive sh -c "git config --local --name-only --get-regexp 'core\.sshCommand' && git config --local --unset-all 'core.sshCommand' || :"
2026-09-04T15:45:31.4257980Z [command]/usr/bin/git config --local --name-only --get-regexp http\.https\:\/\/github\.com\/\.extraheader
2026-09-04T15:45:31.4280189Z http.https://github.com/.extraheader
2026-09-04T15:45:31.4291998Z [command]/usr/bin/git config --local --unset-all http.https://github.com/.extraheader
2026-09-04T15:45:31.4319286Z [command]/usr/bin/git submodule foreach --recursive sh -c "git config --local --name-only --get-regexp 'http\.https\:\/\/github\.com\/\.extraheader' && git config --local --unset-all 'http.https://github.com/.extraheader' || :"
2026-09-04T15:45:31.4521876Z [command]/usr/bin/git config --local --name-only --get-regexp ^includeIf\.gitdir:
2026-09-04T15:45:31.4555027Z [command]/usr/bin/git submodule foreach --recursive git config --local --show-origin --name-only --get-regexp remote.origin.url
2026-09-04T15:45:31.4916341Z Cleaning up orphan processes
2026-09-04T15:45:31.5163955Z ##[warning]Node.js 20 is deprecated. The following actions target Node.js 20 but are being forced to run on Node.js 24: actions/checkout@v4, actions/setup-python@v5. For more information see: https://github.blog/changelog/2025-09-19-deprecation-of-node-20-on-github-actions-runners/
