ï»¿2026-09-04T11:30:06.6959066Z Current runner version: '2.337.0'
2026-09-04T11:30:06.6978310Z ##[group]Runner Image Provisioner
2026-09-04T11:30:06.6979054Z Hosted Compute Agent
2026-09-04T11:30:06.6979635Z Version: 20260828.587
2026-09-04T11:30:06.6980202Z Commit: abac92662cab4cc7352de4f9f9d2e2419aad9c29
2026-09-04T11:30:06.6980818Z Build Date: 2026-08-28T16:44:25Z
2026-09-04T11:30:06.6981446Z Worker ID: {b6b7c4bd-25ad-4f8e-befa-2b3b5f2fc5fd}
2026-09-04T11:30:06.6982063Z Azure Region: westus3
2026-09-04T11:30:06.6982563Z ##[endgroup]
2026-09-04T11:30:06.6983936Z ##[group]Operating System
2026-09-04T11:30:06.6984493Z Ubuntu
2026-09-04T11:30:06.6984983Z 24.04.4
2026-09-04T11:30:06.6985430Z LTS
2026-09-04T11:30:06.6986175Z ##[endgroup]
2026-09-04T11:30:06.6986708Z ##[group]Runner Image
2026-09-04T11:30:06.6987225Z Image: ubuntu-24.04
2026-09-04T11:30:06.6987721Z Version: 20260831.293.1
2026-09-04T11:30:06.6988778Z Included Software: https://github.com/actions/runner-images/blob/ubuntu24/20260831.293/images/ubuntu/Ubuntu2404-Readme.md
2026-09-04T11:30:06.6990089Z Image Release: https://github.com/actions/runner-images/releases/tag/ubuntu24%2F20260831.293
2026-09-04T11:30:06.6990896Z ##[endgroup]
2026-09-04T11:30:06.6991941Z ##[group]GITHUB_TOKEN Permissions
2026-09-04T11:30:06.6994428Z Contents: read
2026-09-04T11:30:06.6995200Z Metadata: read
2026-09-04T11:30:06.6995901Z Packages: read
2026-09-04T11:30:06.6996642Z ##[endgroup]
2026-09-04T11:30:06.6998889Z Secret source: Actions
2026-09-04T11:30:06.7000358Z Prepare workflow directory
2026-09-04T11:30:06.7260265Z Prepare all required actions
2026-09-04T11:30:06.7299962Z Getting action download info
2026-09-04T11:30:07.0460860Z Download action repository 'actions/checkout@v4' (SHA:11d5960a326750d5838078e36cf38b85af677262)
2026-09-04T11:30:07.4268766Z Download action repository 'actions/setup-python@v5' (SHA:a26af69be951a213d495a4c3e4e4022e16d87065)
2026-09-04T11:30:07.5909471Z Complete job name: test-f3 (AttributeError #217)
2026-09-04T11:30:07.6470248Z Node 20 is being deprecated. This workflow is running with Node 24 by default. If you need to temporarily use Node 20, you can set the ACTIONS_ALLOW_USE_UNSECURE_NODE_VERSION=true environment variable. For more information see: https://github.blog/changelog/2025-09-19-deprecation-of-node-20-on-github-actions-runners/
2026-09-04T11:30:07.6477361Z ##[group]Run actions/checkout@v4
2026-09-04T11:30:07.6478051Z with:
2026-09-04T11:30:07.6478538Z   fetch-depth: 1
2026-09-04T11:30:07.6479004Z   repository: DhruvHegde/log-generation
2026-09-04T11:30:07.6482362Z   token: ***
2026-09-04T11:30:07.6482788Z   ssh-strict: true
2026-09-04T11:30:07.6483224Z   ssh-user: git
2026-09-04T11:30:07.6483827Z   persist-credentials: true
2026-09-04T11:30:07.6484322Z   clean: true
2026-09-04T11:30:07.6484750Z   sparse-checkout-cone-mode: true
2026-09-04T11:30:07.6485271Z   fetch-tags: false
2026-09-04T11:30:07.6485933Z   show-progress: true
2026-09-04T11:30:07.6486407Z   lfs: false
2026-09-04T11:30:07.6486897Z   submodules: false
2026-09-04T11:30:07.6487384Z   set-safe-directory: true
2026-09-04T11:30:07.6487880Z   allow-unsafe-pr-checkout: false
2026-09-04T11:30:07.6488508Z ##[endgroup]
2026-09-04T11:30:07.7335859Z Syncing repository: DhruvHegde/log-generation
2026-09-04T11:30:07.7337503Z ##[group]Getting Git version info
2026-09-04T11:30:07.7338260Z Working directory is '/home/runner/work/log-generation/log-generation'
2026-09-04T11:30:07.7339286Z [command]/usr/bin/git version
2026-09-04T11:30:07.9131431Z git version 2.55.0
2026-09-04T11:30:07.9149007Z ##[endgroup]
2026-09-04T11:30:07.9159764Z Temporarily overriding HOME='/home/runner/work/_temp/af2f34e6-580d-4f9e-8c04-62993611da86' before making global git config changes
2026-09-04T11:30:07.9161389Z Adding repository directory to the temporary git global config as a safe directory
2026-09-04T11:30:07.9163481Z [command]/usr/bin/git config --global --add safe.directory /home/runner/work/log-generation/log-generation
2026-09-04T11:30:07.9206070Z Deleting the contents of '/home/runner/work/log-generation/log-generation'
2026-09-04T11:30:07.9210106Z ##[group]Initializing the repository
2026-09-04T11:30:07.9214078Z [command]/usr/bin/git init /home/runner/work/log-generation/log-generation
2026-09-04T11:30:07.9301939Z hint: Using 'master' as the name for the initial branch. This default branch name
2026-09-04T11:30:07.9303121Z hint: will change to "main" in Git 3.0. To configure the initial branch name
2026-09-04T11:30:07.9304923Z hint: to use in all of your new repositories, which will suppress this warning,
2026-09-04T11:30:07.9305951Z hint: call:
2026-09-04T11:30:07.9306569Z hint:
2026-09-04T11:30:07.9307394Z hint: 	git config --global init.defaultBranch <name>
2026-09-04T11:30:07.9308177Z hint:
2026-09-04T11:30:07.9308906Z hint: Names commonly chosen instead of 'master' are 'main', 'trunk' and
2026-09-04T11:30:07.9310185Z hint: 'development'. The just-created branch can be renamed via this command:
2026-09-04T11:30:07.9311136Z hint:
2026-09-04T11:30:07.9311849Z hint: 	git branch -m <name>
2026-09-04T11:30:07.9312500Z hint:
2026-09-04T11:30:07.9313563Z hint: Disable this message with "git config set advice.defaultBranchName false"
2026-09-04T11:30:07.9315150Z Initialized empty Git repository in /home/runner/work/log-generation/log-generation/.git/
2026-09-04T11:30:07.9317368Z [command]/usr/bin/git remote add origin https://github.com/DhruvHegde/log-generation
2026-09-04T11:30:07.9353652Z ##[endgroup]
2026-09-04T11:30:07.9354888Z ##[group]Disabling automatic garbage collection
2026-09-04T11:30:07.9357467Z [command]/usr/bin/git config --local gc.auto 0
2026-09-04T11:30:07.9379539Z ##[endgroup]
2026-09-04T11:30:07.9380562Z ##[group]Setting up auth
2026-09-04T11:30:07.9385137Z [command]/usr/bin/git config --local --name-only --get-regexp core\.sshCommand
2026-09-04T11:30:07.9408349Z [command]/usr/bin/git submodule foreach --recursive sh -c "git config --local --name-only --get-regexp 'core\.sshCommand' && git config --local --unset-all 'core.sshCommand' || :"
2026-09-04T11:30:07.9688925Z [command]/usr/bin/git config --local --name-only --get-regexp http\.https\:\/\/github\.com\/\.extraheader
2026-09-04T11:30:07.9712683Z [command]/usr/bin/git submodule foreach --recursive sh -c "git config --local --name-only --get-regexp 'http\.https\:\/\/github\.com\/\.extraheader' && git config --local --unset-all 'http.https://github.com/.extraheader' || :"
2026-09-04T11:30:07.9866108Z [command]/usr/bin/git config --local --name-only --get-regexp ^includeIf\.gitdir:
2026-09-04T11:30:07.9889832Z [command]/usr/bin/git submodule foreach --recursive git config --local --show-origin --name-only --get-regexp remote.origin.url
2026-09-04T11:30:08.0049147Z [command]/usr/bin/git config --local http.https://github.com/.extraheader AUTHORIZATION: basic ***
2026-09-04T11:30:08.0076582Z ##[endgroup]
2026-09-04T11:30:08.0077934Z ##[group]Fetching the repository
2026-09-04T11:30:08.0085880Z [command]/usr/bin/git -c protocol.version=2 fetch --no-tags --prune --no-recurse-submodules --depth=1 origin +0c2ddc82b3a248827557edda9affcd6927945898:refs/remotes/origin/feature/f3-test-failures
2026-09-04T11:30:08.5461946Z From https://github.com/DhruvHegde/log-generation
2026-09-04T11:30:08.5463865Z  * [new ref]         0c2ddc82b3a248827557edda9affcd6927945898 -> origin/feature/f3-test-failures
2026-09-04T11:30:08.5476466Z ##[endgroup]
2026-09-04T11:30:08.5477649Z ##[group]Determining the checkout info
2026-09-04T11:30:08.5479078Z ##[endgroup]
2026-09-04T11:30:08.5480465Z [command]/usr/bin/git sparse-checkout disable
2026-09-04T11:30:08.5519313Z [command]/usr/bin/git config --local --unset-all extensions.worktreeConfig
2026-09-04T11:30:08.5542739Z ##[group]Checking out the ref
2026-09-04T11:30:08.5545978Z [command]/usr/bin/git checkout --progress --force -B feature/f3-test-failures refs/remotes/origin/feature/f3-test-failures
2026-09-04T11:30:08.5597004Z Switched to a new branch 'feature/f3-test-failures'
2026-09-04T11:30:08.5600178Z branch 'feature/f3-test-failures' set up to track 'origin/feature/f3-test-failures'.
2026-09-04T11:30:08.5604732Z ##[endgroup]
2026-09-04T11:30:08.5633915Z [command]/usr/bin/git log -1 --format=%H
2026-09-04T11:30:08.5652510Z 0c2ddc82b3a248827557edda9affcd6927945898
2026-09-04T11:30:08.5919312Z Node 20 is being deprecated. This workflow is running with Node 24 by default. If you need to temporarily use Node 20, you can set the ACTIONS_ALLOW_USE_UNSECURE_NODE_VERSION=true environment variable. For more information see: https://github.blog/changelog/2025-09-19-deprecation-of-node-20-on-github-actions-runners/
2026-09-04T11:30:08.5924124Z ##[group]Run actions/setup-python@v5
2026-09-04T11:30:08.5924974Z with:
2026-09-04T11:30:08.5925544Z   python-version: 3.11
2026-09-04T11:30:08.5926212Z   check-latest: false
2026-09-04T11:30:08.5934495Z   token: ***
2026-09-04T11:30:08.5935108Z   update-environment: true
2026-09-04T11:30:08.5935849Z   allow-prereleases: false
2026-09-04T11:30:08.5936598Z   freethreaded: false
2026-09-04T11:30:08.5937215Z ##[endgroup]
2026-09-04T11:30:08.7051564Z ##[group]Installed versions
2026-09-04T11:30:08.7126256Z (node:2035) [DEP0040] DeprecationWarning: The `punycode` module is deprecated. Please use a userland alternative instead.
2026-09-04T11:30:08.7129686Z (Use `node --trace-deprecation ...` to show where the warning was created)
2026-09-04T11:30:08.7131394Z Successfully set up CPython (3.11.16)
2026-09-04T11:30:08.7133218Z ##[endgroup]
2026-09-04T11:30:08.7286476Z ##[group]Run pip install --no-cache-dir pytest
2026-09-04T11:30:08.7287555Z [36;1mpip install --no-cache-dir pytest[0m
2026-09-04T11:30:08.7321606Z shell: /usr/bin/bash -e {0}
2026-09-04T11:30:08.7322399Z env:
2026-09-04T11:30:08.7323125Z   pythonLocation: /opt/hostedtoolcache/Python/3.11.16/x64
2026-09-04T11:30:08.7324992Z   PKG_CONFIG_PATH: /opt/hostedtoolcache/Python/3.11.16/x64/lib/pkgconfig
2026-09-04T11:30:08.7326352Z   Python_ROOT_DIR: /opt/hostedtoolcache/Python/3.11.16/x64
2026-09-04T11:30:08.7327532Z   Python2_ROOT_DIR: /opt/hostedtoolcache/Python/3.11.16/x64
2026-09-04T11:30:08.7328681Z   Python3_ROOT_DIR: /opt/hostedtoolcache/Python/3.11.16/x64
2026-09-04T11:30:08.7329858Z   LD_LIBRARY_PATH: /opt/hostedtoolcache/Python/3.11.16/x64/lib
2026-09-04T11:30:08.7330811Z ##[endgroup]
2026-09-04T11:30:09.4610681Z Collecting pytest
2026-09-04T11:30:09.5078267Z   Downloading pytest-9.1.1-py3-none-any.whl.metadata (7.6 kB)
2026-09-04T11:30:09.5212986Z Collecting iniconfig>=1.0.1 (from pytest)
2026-09-04T11:30:09.5245741Z   Downloading iniconfig-2.3.0-py3-none-any.whl.metadata (2.5 kB)
2026-09-04T11:30:09.5406474Z Collecting packaging>=22 (from pytest)
2026-09-04T11:30:09.5438225Z   Downloading packaging-26.3-py3-none-any.whl.metadata (3.5 kB)
2026-09-04T11:30:09.5569636Z Collecting pluggy<2,>=1.5 (from pytest)
2026-09-04T11:30:09.5602672Z   Downloading pluggy-1.6.0-py3-none-any.whl.metadata (4.8 kB)
2026-09-04T11:30:09.5784303Z Collecting pygments>=2.7.2 (from pytest)
2026-09-04T11:30:09.5815990Z   Downloading pygments-2.21.0-py3-none-any.whl.metadata (2.5 kB)
2026-09-04T11:30:09.5869250Z Downloading pytest-9.1.1-py3-none-any.whl (386 kB)
2026-09-04T11:30:09.6040171Z Downloading pluggy-1.6.0-py3-none-any.whl (20 kB)
2026-09-04T11:30:09.6072652Z Downloading iniconfig-2.3.0-py3-none-any.whl (7.5 kB)
2026-09-04T11:30:09.6101826Z Downloading packaging-26.3-py3-none-any.whl (129 kB)
2026-09-04T11:30:09.6132441Z Downloading pygments-2.21.0-py3-none-any.whl (1.3 MB)
2026-09-04T11:30:09.6204707Z    ââââââââââââââââââââââââââââââââââââââââ 1.3/1.3 MB 193.4 MB/s  0:00:00
2026-09-04T11:30:09.6724925Z Installing collected packages: pygments, pluggy, packaging, iniconfig, pytest
2026-09-04T11:30:10.3851097Z 
2026-09-04T11:30:10.3860013Z Successfully installed iniconfig-2.3.0 packaging-26.3 pluggy-1.6.0 pygments-2.21.0 pytest-9.1.1
2026-09-04T11:30:10.4384190Z ##[group]Run python automation/inject_mutation.py --error-type "AttributeError"
2026-09-04T11:30:10.4384832Z [36;1mpython automation/inject_mutation.py --error-type "AttributeError"[0m
2026-09-04T11:30:10.4407763Z shell: /usr/bin/bash -e {0}
2026-09-04T11:30:10.4408095Z env:
2026-09-04T11:30:10.4408431Z   pythonLocation: /opt/hostedtoolcache/Python/3.11.16/x64
2026-09-04T11:30:10.4409047Z   PKG_CONFIG_PATH: /opt/hostedtoolcache/Python/3.11.16/x64/lib/pkgconfig
2026-09-04T11:30:10.4409494Z   Python_ROOT_DIR: /opt/hostedtoolcache/Python/3.11.16/x64
2026-09-04T11:30:10.4409914Z   Python2_ROOT_DIR: /opt/hostedtoolcache/Python/3.11.16/x64
2026-09-04T11:30:10.4410310Z   Python3_ROOT_DIR: /opt/hostedtoolcache/Python/3.11.16/x64
2026-09-04T11:30:10.4410736Z   LD_LIBRARY_PATH: /opt/hostedtoolcache/Python/3.11.16/x64/lib
2026-09-04T11:30:10.4411121Z ##[endgroup]
2026-09-04T11:30:10.4645776Z [Mutation Injected] Successfully injected AttributeError into tests/test_app.py
2026-09-04T11:30:10.4707001Z ##[group]Run pytest tests/test_app.py -v
2026-09-04T11:30:10.4707393Z [36;1mpytest tests/test_app.py -v[0m
2026-09-04T11:30:10.4726367Z shell: /usr/bin/bash -e {0}
2026-09-04T11:30:10.4726675Z env:
2026-09-04T11:30:10.4726978Z   pythonLocation: /opt/hostedtoolcache/Python/3.11.16/x64
2026-09-04T11:30:10.4727443Z   PKG_CONFIG_PATH: /opt/hostedtoolcache/Python/3.11.16/x64/lib/pkgconfig
2026-09-04T11:30:10.4727946Z   Python_ROOT_DIR: /opt/hostedtoolcache/Python/3.11.16/x64
2026-09-04T11:30:10.4728375Z   Python2_ROOT_DIR: /opt/hostedtoolcache/Python/3.11.16/x64
2026-09-04T11:30:10.4728753Z   Python3_ROOT_DIR: /opt/hostedtoolcache/Python/3.11.16/x64
2026-09-04T11:30:10.4729117Z   LD_LIBRARY_PATH: /opt/hostedtoolcache/Python/3.11.16/x64/lib
2026-09-04T11:30:10.4729468Z ##[endgroup]
2026-09-04T11:30:10.8058105Z ============================= test session starts ==============================
2026-09-04T11:30:10.8059227Z platform linux -- Python 3.11.16, pytest-9.1.1, pluggy-1.6.0 -- /opt/hostedtoolcache/Python/3.11.16/x64/bin/python
2026-09-04T11:30:10.8059989Z cachedir: .pytest_cache
2026-09-04T11:30:10.8060692Z rootdir: /home/runner/work/log-generation/log-generation
2026-09-04T11:30:10.8061272Z configfile: pytest.ini
2026-09-04T11:30:10.8124640Z collecting ... collected 6 items
2026-09-04T11:30:10.8125420Z 
2026-09-04T11:30:10.8131509Z tests/test_app.py::test_calculate_division PASSED                        [ 16%]
2026-09-04T11:30:10.8136458Z tests/test_app.py::test_convert_to_int PASSED                            [ 33%]
2026-09-04T11:30:10.8141467Z tests/test_app.py::test_get_list_item PASSED                             [ 50%]
2026-09-04T11:30:10.8146478Z tests/test_app.py::test_get_dict_value PASSED                            [ 66%]
2026-09-04T11:30:10.8151558Z tests/test_app.py::test_assert_positive PASSED                           [ 83%]
2026-09-04T11:30:10.8358787Z tests/test_app.py::test_attribute_error FAILED                           [100%]
2026-09-04T11:30:10.8359445Z 
2026-09-04T11:30:10.8359772Z =================================== FAILURES ===================================
2026-09-04T11:30:10.8360754Z _____________________________ test_attribute_error _____________________________
2026-09-04T11:30:10.8361316Z 
2026-09-04T11:30:10.8361537Z     def test_attribute_error():
2026-09-04T11:30:10.8362190Z         """Injected synthetic AttributeError."""
2026-09-04T11:30:10.8362804Z         from src.app import get_object_attribute
2026-09-04T11:30:10.8363493Z >       get_object_attribute(object())
2026-09-04T11:30:10.8363855Z 
2026-09-04T11:30:10.8364089Z tests/test_app.py:131: 
2026-09-04T11:30:10.8364599Z _ _ _ _ _ _ _ _ _ _ _ _ _ _ _ _ _ _ _ _ _ _ _ _ _ _ _ _ _ _ _ _ _ _ _ _ _ _ _ _ 
2026-09-04T11:30:10.8365101Z 
2026-09-04T11:30:10.8365372Z obj = <object object at 0x7f8f28b2d370>
2026-09-04T11:30:10.8365777Z 
2026-09-04T11:30:10.8365968Z     def get_object_attribute(obj):
2026-09-04T11:30:10.8366455Z >       return obj.non_existent_attribute
2026-09-04T11:30:10.8366986Z                ^^^^^^^^^^^^^^^^^^^^^^^^^^
2026-09-04T11:30:10.8367633Z E       AttributeError: 'object' object has no attribute 'non_existent_attribute'
2026-09-04T11:30:10.8368067Z 
2026-09-04T11:30:10.8368288Z src/app.py:14: AttributeError
2026-09-04T11:30:10.8368834Z =========================== short test summary info ============================
2026-09-04T11:30:10.8369784Z FAILED tests/test_app.py::test_attribute_error - AttributeError: 'object' object has no attribute 'non_existent_attribute'
2026-09-04T11:30:10.8370985Z ========================= 1 failed, 5 passed in 0.02s ==========================
2026-09-04T11:30:10.8548478Z ##[error]Process completed with exit code 1.
2026-09-04T11:30:10.8680551Z Node 20 is being deprecated. This workflow is running with Node 24 by default. If you need to temporarily use Node 20, you can set the ACTIONS_ALLOW_USE_UNSECURE_NODE_VERSION=true environment variable. For more information see: https://github.blog/changelog/2025-09-19-deprecation-of-node-20-on-github-actions-runners/
2026-09-04T11:30:10.8681585Z Post job cleanup.
2026-09-04T11:30:10.9434464Z [command]/usr/bin/git version
2026-09-04T11:30:10.9460845Z git version 2.55.0
2026-09-04T11:30:10.9489009Z Temporarily overriding HOME='/home/runner/work/_temp/24c4e20c-469c-4d31-98d0-815f0cef9ce5' before making global git config changes
2026-09-04T11:30:10.9490177Z Adding repository directory to the temporary git global config as a safe directory
2026-09-04T11:30:10.9495342Z [command]/usr/bin/git config --global --add safe.directory /home/runner/work/log-generation/log-generation
2026-09-04T11:30:10.9525651Z [command]/usr/bin/git config --local --name-only --get-regexp core\.sshCommand
2026-09-04T11:30:10.9552827Z [command]/usr/bin/git submodule foreach --recursive sh -c "git config --local --name-only --get-regexp 'core\.sshCommand' && git config --local --unset-all 'core.sshCommand' || :"
2026-09-04T11:30:10.9725715Z [command]/usr/bin/git config --local --name-only --get-regexp http\.https\:\/\/github\.com\/\.extraheader
2026-09-04T11:30:10.9746404Z http.https://github.com/.extraheader
2026-09-04T11:30:10.9755413Z [command]/usr/bin/git config --local --unset-all http.https://github.com/.extraheader
2026-09-04T11:30:10.9779009Z [command]/usr/bin/git submodule foreach --recursive sh -c "git config --local --name-only --get-regexp 'http\.https\:\/\/github\.com\/\.extraheader' && git config --local --unset-all 'http.https://github.com/.extraheader' || :"
2026-09-04T11:30:10.9960005Z [command]/usr/bin/git config --local --name-only --get-regexp ^includeIf\.gitdir:
2026-09-04T11:30:10.9985765Z [command]/usr/bin/git submodule foreach --recursive git config --local --show-origin --name-only --get-regexp remote.origin.url
2026-09-04T11:30:11.0287794Z Cleaning up orphan processes
2026-09-04T11:30:11.0500170Z ##[warning]Node.js 20 is deprecated. The following actions target Node.js 20 but are being forced to run on Node.js 24: actions/checkout@v4, actions/setup-python@v5. For more information see: https://github.blog/changelog/2025-09-19-deprecation-of-node-20-on-github-actions-runners/
