ï»¿2026-09-04T15:43:50.1571926Z Current runner version: '2.337.0'
2026-09-04T15:43:50.1607299Z ##[group]Runner Image Provisioner
2026-09-04T15:43:50.1608627Z Hosted Compute Agent
2026-09-04T15:43:50.1609571Z Version: 20260828.587
2026-09-04T15:43:50.1610635Z Commit: abac92662cab4cc7352de4f9f9d2e2419aad9c29
2026-09-04T15:43:50.1611929Z Build Date: 2026-08-28T16:44:25Z
2026-09-04T15:43:50.1613294Z Worker ID: {dca99023-51af-46de-a945-3eaf28f7a8ad}
2026-09-04T15:43:50.1614403Z Azure Region: eastus
2026-09-04T15:43:50.1615416Z ##[endgroup]
2026-09-04T15:43:50.1617778Z ##[group]Operating System
2026-09-04T15:43:50.1618938Z Ubuntu
2026-09-04T15:43:50.1619795Z 24.04.4
2026-09-04T15:43:50.1620526Z LTS
2026-09-04T15:43:50.1622326Z ##[endgroup]
2026-09-04T15:43:50.1623225Z ##[group]Runner Image
2026-09-04T15:43:50.1624260Z Image: ubuntu-24.04
2026-09-04T15:43:50.1625223Z Version: 20260831.293.1
2026-09-04T15:43:50.1627303Z Included Software: https://github.com/actions/runner-images/blob/ubuntu24/20260831.293/images/ubuntu/Ubuntu2404-Readme.md
2026-09-04T15:43:50.1629684Z Image Release: https://github.com/actions/runner-images/releases/tag/ubuntu24%2F20260831.293
2026-09-04T15:43:50.1631183Z ##[endgroup]
2026-09-04T15:43:50.1633363Z ##[group]GITHUB_TOKEN Permissions
2026-09-04T15:43:50.1636439Z Contents: read
2026-09-04T15:43:50.1637418Z Metadata: read
2026-09-04T15:43:50.1638464Z Packages: read
2026-09-04T15:43:50.1639403Z ##[endgroup]
2026-09-04T15:43:50.1642474Z Secret source: Actions
2026-09-04T15:43:50.1644484Z Prepare workflow directory
2026-09-04T15:43:50.2108754Z Prepare all required actions
2026-09-04T15:43:50.2178931Z Getting action download info
2026-09-04T15:43:50.4158566Z Download action repository 'actions/checkout@v4' (SHA:11d5960a326750d5838078e36cf38b85af677262)
2026-09-04T15:43:50.5137486Z Download action repository 'actions/setup-python@v5' (SHA:a26af69be951a213d495a4c3e4e4022e16d87065)
2026-09-04T15:43:50.7106846Z Complete job name: test-f3 (FileNotFoundError #27)
2026-09-04T15:43:50.7864956Z Node 20 is being deprecated. This workflow is running with Node 24 by default. If you need to temporarily use Node 20, you can set the ACTIONS_ALLOW_USE_UNSECURE_NODE_VERSION=true environment variable. For more information see: https://github.blog/changelog/2025-09-19-deprecation-of-node-20-on-github-actions-runners/
2026-09-04T15:43:50.7874453Z ##[group]Run actions/checkout@v4
2026-09-04T15:43:50.7875153Z with:
2026-09-04T15:43:50.7875575Z   fetch-depth: 1
2026-09-04T15:43:50.7876060Z   repository: DhruvHegde/log-generation
2026-09-04T15:43:50.7880326Z   token: ***
2026-09-04T15:43:50.7880769Z   ssh-strict: true
2026-09-04T15:43:50.7881224Z   ssh-user: git
2026-09-04T15:43:50.7881674Z   persist-credentials: true
2026-09-04T15:43:50.7882385Z   clean: true
2026-09-04T15:43:50.7882831Z   sparse-checkout-cone-mode: true
2026-09-04T15:43:50.7883347Z   fetch-tags: false
2026-09-04T15:43:50.7883791Z   show-progress: true
2026-09-04T15:43:50.7884240Z   lfs: false
2026-09-04T15:43:50.7884699Z   submodules: false
2026-09-04T15:43:50.7885153Z   set-safe-directory: true
2026-09-04T15:43:50.7885669Z   allow-unsafe-pr-checkout: false
2026-09-04T15:43:50.7886392Z ##[endgroup]
2026-09-04T15:43:50.8969372Z Syncing repository: DhruvHegde/log-generation
2026-09-04T15:43:50.8972374Z ##[group]Getting Git version info
2026-09-04T15:43:50.8973805Z Working directory is '/home/runner/work/log-generation/log-generation'
2026-09-04T15:43:50.8975758Z [command]/usr/bin/git version
2026-09-04T15:43:50.9000373Z git version 2.55.0
2026-09-04T15:43:50.9020869Z ##[endgroup]
2026-09-04T15:43:50.9035775Z Temporarily overriding HOME='/home/runner/work/_temp/f9e3c779-9721-4cd5-b130-fa0e9ba3e9b9' before making global git config changes
2026-09-04T15:43:50.9038115Z Adding repository directory to the temporary git global config as a safe directory
2026-09-04T15:43:50.9040821Z [command]/usr/bin/git config --global --add safe.directory /home/runner/work/log-generation/log-generation
2026-09-04T15:43:50.9102676Z Deleting the contents of '/home/runner/work/log-generation/log-generation'
2026-09-04T15:43:50.9105611Z ##[group]Initializing the repository
2026-09-04T15:43:50.9110173Z [command]/usr/bin/git init /home/runner/work/log-generation/log-generation
2026-09-04T15:43:50.9222425Z hint: Using 'master' as the name for the initial branch. This default branch name
2026-09-04T15:43:50.9224228Z hint: will change to "main" in Git 3.0. To configure the initial branch name
2026-09-04T15:43:50.9225694Z hint: to use in all of your new repositories, which will suppress this warning,
2026-09-04T15:43:50.9226874Z hint: call:
2026-09-04T15:43:50.9227522Z hint:
2026-09-04T15:43:50.9228352Z hint: 	git config --global init.defaultBranch <name>
2026-09-04T15:43:50.9229369Z hint:
2026-09-04T15:43:50.9230304Z hint: Names commonly chosen instead of 'master' are 'main', 'trunk' and
2026-09-04T15:43:50.9231979Z hint: 'development'. The just-created branch can be renamed via this command:
2026-09-04T15:43:50.9233363Z hint:
2026-09-04T15:43:50.9234126Z hint: 	git branch -m <name>
2026-09-04T15:43:50.9234900Z hint:
2026-09-04T15:43:50.9235947Z hint: Disable this message with "git config set advice.defaultBranchName false"
2026-09-04T15:43:50.9237703Z Initialized empty Git repository in /home/runner/work/log-generation/log-generation/.git/
2026-09-04T15:43:50.9241109Z [command]/usr/bin/git remote add origin https://github.com/DhruvHegde/log-generation
2026-09-04T15:43:50.9283221Z ##[endgroup]
2026-09-04T15:43:50.9284633Z ##[group]Disabling automatic garbage collection
2026-09-04T15:43:50.9286834Z [command]/usr/bin/git config --local gc.auto 0
2026-09-04T15:43:50.9322212Z ##[endgroup]
2026-09-04T15:43:50.9323416Z ##[group]Setting up auth
2026-09-04T15:43:50.9329280Z [command]/usr/bin/git config --local --name-only --get-regexp core\.sshCommand
2026-09-04T15:43:50.9365920Z [command]/usr/bin/git submodule foreach --recursive sh -c "git config --local --name-only --get-regexp 'core\.sshCommand' && git config --local --unset-all 'core.sshCommand' || :"
2026-09-04T15:43:50.9746146Z [command]/usr/bin/git config --local --name-only --get-regexp http\.https\:\/\/github\.com\/\.extraheader
2026-09-04T15:43:50.9796726Z [command]/usr/bin/git submodule foreach --recursive sh -c "git config --local --name-only --get-regexp 'http\.https\:\/\/github\.com\/\.extraheader' && git config --local --unset-all 'http.https://github.com/.extraheader' || :"
2026-09-04T15:43:51.0056803Z [command]/usr/bin/git config --local --name-only --get-regexp ^includeIf\.gitdir:
2026-09-04T15:43:51.0097523Z [command]/usr/bin/git submodule foreach --recursive git config --local --show-origin --name-only --get-regexp remote.origin.url
2026-09-04T15:43:51.0345211Z [command]/usr/bin/git config --local http.https://github.com/.extraheader AUTHORIZATION: basic ***
2026-09-04T15:43:51.0387149Z ##[endgroup]
2026-09-04T15:43:51.0388116Z ##[group]Fetching the repository
2026-09-04T15:43:51.0398268Z [command]/usr/bin/git -c protocol.version=2 fetch --no-tags --prune --no-recurse-submodules --depth=1 origin +ff2db557a0a8df7e538c7d2e729be8ed403658e2:refs/remotes/origin/feature/f3-test-failures
2026-09-04T15:43:51.3515307Z From https://github.com/DhruvHegde/log-generation
2026-09-04T15:43:51.3517259Z  * [new ref]         ff2db557a0a8df7e538c7d2e729be8ed403658e2 -> origin/feature/f3-test-failures
2026-09-04T15:43:51.3520744Z ##[endgroup]
2026-09-04T15:43:51.3522485Z ##[group]Determining the checkout info
2026-09-04T15:43:51.3524268Z ##[endgroup]
2026-09-04T15:43:51.3530313Z [command]/usr/bin/git sparse-checkout disable
2026-09-04T15:43:51.3588783Z [command]/usr/bin/git config --local --unset-all extensions.worktreeConfig
2026-09-04T15:43:51.3625970Z ##[group]Checking out the ref
2026-09-04T15:43:51.3632333Z [command]/usr/bin/git checkout --progress --force -B feature/f3-test-failures refs/remotes/origin/feature/f3-test-failures
2026-09-04T15:43:51.4394080Z Switched to a new branch 'feature/f3-test-failures'
2026-09-04T15:43:51.4396584Z branch 'feature/f3-test-failures' set up to track 'origin/feature/f3-test-failures'.
2026-09-04T15:43:51.4407560Z ##[endgroup]
2026-09-04T15:43:51.4457306Z [command]/usr/bin/git log -1 --format=%H
2026-09-04T15:43:51.4487726Z ff2db557a0a8df7e538c7d2e729be8ed403658e2
2026-09-04T15:43:51.4789841Z Node 20 is being deprecated. This workflow is running with Node 24 by default. If you need to temporarily use Node 20, you can set the ACTIONS_ALLOW_USE_UNSECURE_NODE_VERSION=true environment variable. For more information see: https://github.blog/changelog/2025-09-19-deprecation-of-node-20-on-github-actions-runners/
2026-09-04T15:43:51.4793069Z ##[group]Run actions/setup-python@v5
2026-09-04T15:43:51.4793667Z with:
2026-09-04T15:43:51.4794132Z   python-version: 3.11
2026-09-04T15:43:51.4794644Z   check-latest: false
2026-09-04T15:43:51.4799036Z   token: ***
2026-09-04T15:43:51.4799520Z   update-environment: true
2026-09-04T15:43:51.4800062Z   allow-prereleases: false
2026-09-04T15:43:51.4800581Z   freethreaded: false
2026-09-04T15:43:51.4801075Z ##[endgroup]
2026-09-04T15:43:51.6204823Z ##[group]Installed versions
2026-09-04T15:43:51.6306792Z (node:2255) [DEP0040] DeprecationWarning: The `punycode` module is deprecated. Please use a userland alternative instead.
2026-09-04T15:43:51.6312735Z (Use `node --trace-deprecation ...` to show where the warning was created)
2026-09-04T15:43:51.6313957Z Successfully set up CPython (3.11.16)
2026-09-04T15:43:51.6315420Z ##[endgroup]
2026-09-04T15:43:51.6552480Z ##[group]Run pip install --no-cache-dir pytest
2026-09-04T15:43:51.6553697Z [36;1mpip install --no-cache-dir pytest[0m
2026-09-04T15:43:51.6620793Z shell: /usr/bin/bash -e {0}
2026-09-04T15:43:51.6621627Z env:
2026-09-04T15:43:51.6622643Z   pythonLocation: /opt/hostedtoolcache/Python/3.11.16/x64
2026-09-04T15:43:51.6624336Z   PKG_CONFIG_PATH: /opt/hostedtoolcache/Python/3.11.16/x64/lib/pkgconfig
2026-09-04T15:43:51.6718496Z   Python_ROOT_DIR: /opt/hostedtoolcache/Python/3.11.16/x64
2026-09-04T15:43:51.6720365Z   Python2_ROOT_DIR: /opt/hostedtoolcache/Python/3.11.16/x64
2026-09-04T15:43:51.6722024Z   Python3_ROOT_DIR: /opt/hostedtoolcache/Python/3.11.16/x64
2026-09-04T15:43:51.6724033Z   LD_LIBRARY_PATH: /opt/hostedtoolcache/Python/3.11.16/x64/lib
2026-09-04T15:43:51.6725499Z ##[endgroup]
2026-09-04T15:43:52.4475564Z Collecting pytest
2026-09-04T15:43:52.4963988Z   Downloading pytest-9.1.1-py3-none-any.whl.metadata (7.6 kB)
2026-09-04T15:43:52.5051694Z Collecting iniconfig>=1.0.1 (from pytest)
2026-09-04T15:43:52.5090405Z   Downloading iniconfig-2.3.0-py3-none-any.whl.metadata (2.5 kB)
2026-09-04T15:43:52.5191932Z Collecting packaging>=22 (from pytest)
2026-09-04T15:43:52.5235078Z   Downloading packaging-26.3-py3-none-any.whl.metadata (3.5 kB)
2026-09-04T15:43:52.5314186Z Collecting pluggy<2,>=1.5 (from pytest)
2026-09-04T15:43:52.5358483Z   Downloading pluggy-1.6.0-py3-none-any.whl.metadata (4.8 kB)
2026-09-04T15:43:52.5490005Z Collecting pygments>=2.7.2 (from pytest)
2026-09-04T15:43:52.5529773Z   Downloading pygments-2.21.0-py3-none-any.whl.metadata (2.5 kB)
2026-09-04T15:43:52.5590577Z Downloading pytest-9.1.1-py3-none-any.whl (386 kB)
2026-09-04T15:43:52.5783919Z Downloading pluggy-1.6.0-py3-none-any.whl (20 kB)
2026-09-04T15:43:52.5822543Z Downloading iniconfig-2.3.0-py3-none-any.whl (7.5 kB)
2026-09-04T15:43:52.5856654Z Downloading packaging-26.3-py3-none-any.whl (129 kB)
2026-09-04T15:43:52.5892903Z Downloading pygments-2.21.0-py3-none-any.whl (1.3 MB)
2026-09-04T15:43:52.5970576Z    ââââââââââââââââââââââââââââââââââââââââ 1.3/1.3 MB 284.0 MB/s  0:00:00
2026-09-04T15:43:52.6628557Z Installing collected packages: pygments, pluggy, packaging, iniconfig, pytest
2026-09-04T15:43:53.6541331Z 
2026-09-04T15:43:53.6553349Z Successfully installed iniconfig-2.3.0 packaging-26.3 pluggy-1.6.0 pygments-2.21.0 pytest-9.1.1
2026-09-04T15:43:53.7202285Z ##[group]Run python automation/inject_mutation.py --error-type "FileNotFoundError"
2026-09-04T15:43:53.7203008Z [36;1mpython automation/inject_mutation.py --error-type "FileNotFoundError"[0m
2026-09-04T15:43:53.7245919Z shell: /usr/bin/bash -e {0}
2026-09-04T15:43:53.7246272Z env:
2026-09-04T15:43:53.7246601Z   pythonLocation: /opt/hostedtoolcache/Python/3.11.16/x64
2026-09-04T15:43:53.7247362Z   PKG_CONFIG_PATH: /opt/hostedtoolcache/Python/3.11.16/x64/lib/pkgconfig
2026-09-04T15:43:53.7247836Z   Python_ROOT_DIR: /opt/hostedtoolcache/Python/3.11.16/x64
2026-09-04T15:43:53.7248279Z   Python2_ROOT_DIR: /opt/hostedtoolcache/Python/3.11.16/x64
2026-09-04T15:43:53.7248715Z   Python3_ROOT_DIR: /opt/hostedtoolcache/Python/3.11.16/x64
2026-09-04T15:43:53.7249149Z   LD_LIBRARY_PATH: /opt/hostedtoolcache/Python/3.11.16/x64/lib
2026-09-04T15:43:53.7249528Z ##[endgroup]
2026-09-04T15:43:53.7584379Z [Mutation Injected] Successfully injected FileNotFoundError into tests/test_app.py
2026-09-04T15:43:53.7664792Z ##[group]Run pytest tests/test_app.py -v
2026-09-04T15:43:53.7665262Z [36;1mpytest tests/test_app.py -v[0m
2026-09-04T15:43:53.7708430Z shell: /usr/bin/bash -e {0}
2026-09-04T15:43:53.7708759Z env:
2026-09-04T15:43:53.7709098Z   pythonLocation: /opt/hostedtoolcache/Python/3.11.16/x64
2026-09-04T15:43:53.7709598Z   PKG_CONFIG_PATH: /opt/hostedtoolcache/Python/3.11.16/x64/lib/pkgconfig
2026-09-04T15:43:53.7710138Z   Python_ROOT_DIR: /opt/hostedtoolcache/Python/3.11.16/x64
2026-09-04T15:43:53.7710599Z   Python2_ROOT_DIR: /opt/hostedtoolcache/Python/3.11.16/x64
2026-09-04T15:43:53.7711216Z   Python3_ROOT_DIR: /opt/hostedtoolcache/Python/3.11.16/x64
2026-09-04T15:43:53.7711832Z   LD_LIBRARY_PATH: /opt/hostedtoolcache/Python/3.11.16/x64/lib
2026-09-04T15:43:53.7712598Z ##[endgroup]
2026-09-04T15:43:54.0036484Z ============================= test session starts ==============================
2026-09-04T15:43:54.0037941Z platform linux -- Python 3.11.16, pytest-9.1.1, pluggy-1.6.0 -- /opt/hostedtoolcache/Python/3.11.16/x64/bin/python
2026-09-04T15:43:54.0038943Z cachedir: .pytest_cache
2026-09-04T15:43:54.0039520Z rootdir: /home/runner/work/log-generation/log-generation
2026-09-04T15:43:54.0040218Z configfile: pytest.ini
2026-09-04T15:43:54.0120476Z collecting ... collected 6 items
2026-09-04T15:43:54.0121064Z 
2026-09-04T15:43:54.0129071Z tests/test_app.py::test_calculate_division PASSED                        [ 16%]
2026-09-04T15:43:54.0135892Z tests/test_app.py::test_convert_to_int PASSED                            [ 33%]
2026-09-04T15:43:54.0142845Z tests/test_app.py::test_get_list_item PASSED                             [ 50%]
2026-09-04T15:43:54.0148999Z tests/test_app.py::test_get_dict_value PASSED                            [ 66%]
2026-09-04T15:43:54.0155313Z tests/test_app.py::test_assert_positive PASSED                           [ 83%]
2026-09-04T15:43:54.0430026Z tests/test_app.py::test_file_not_found_error FAILED                      [100%]
2026-09-04T15:43:54.0430933Z 
2026-09-04T15:43:54.0431502Z =================================== FAILURES ===================================
2026-09-04T15:43:54.0432443Z __________________________ test_file_not_found_error ___________________________
2026-09-04T15:43:54.0432930Z 
2026-09-04T15:43:54.0433241Z     def test_file_not_found_error():
2026-09-04T15:43:54.0433871Z         """Injected synthetic FileNotFoundError."""
2026-09-04T15:43:54.0435390Z         from src.app import read_config_file
2026-09-04T15:43:54.0436058Z >       read_config_file("fixtures/non_existent_pipeline_config.json")
2026-09-04T15:43:54.0436545Z 
2026-09-04T15:43:54.0436714Z tests/test_app.py:133: 
2026-09-04T15:43:54.0437201Z _ _ _ _ _ _ _ _ _ _ _ _ _ _ _ _ _ _ _ _ _ _ _ _ _ _ _ _ _ _ _ _ _ _ _ _ _ _ _ _ 
2026-09-04T15:43:54.0437618Z 
2026-09-04T15:43:54.0437870Z path = 'fixtures/non_existent_pipeline_config.json'
2026-09-04T15:43:54.0438290Z 
2026-09-04T15:43:54.0438476Z     def read_config_file(path):
2026-09-04T15:43:54.0438923Z >       with open(path, "r") as f:
2026-09-04T15:43:54.0439374Z              ^^^^^^^^^^^^^^^
2026-09-04T15:43:54.0440143Z E       FileNotFoundError: [Errno 2] No such file or directory: 'fixtures/non_existent_pipeline_config.json'
2026-09-04T15:43:54.0440800Z 
2026-09-04T15:43:54.0440993Z src/app.py:17: FileNotFoundError
2026-09-04T15:43:54.0441533Z =========================== short test summary info ============================
2026-09-04T15:43:54.0443475Z FAILED tests/test_app.py::test_file_not_found_error - FileNotFoundError: [Errno 2] No such file or directory: 'fixtures/non_existent_pipeline_config.json'
2026-09-04T15:43:54.0444674Z ========================= 1 failed, 5 passed in 0.03s ==========================
2026-09-04T15:43:54.0647522Z ##[error]Process completed with exit code 1.
2026-09-04T15:43:54.0794949Z Node 20 is being deprecated. This workflow is running with Node 24 by default. If you need to temporarily use Node 20, you can set the ACTIONS_ALLOW_USE_UNSECURE_NODE_VERSION=true environment variable. For more information see: https://github.blog/changelog/2025-09-19-deprecation-of-node-20-on-github-actions-runners/
2026-09-04T15:43:54.0796160Z Post job cleanup.
2026-09-04T15:43:54.1663222Z [command]/usr/bin/git version
2026-09-04T15:43:54.1707829Z git version 2.55.0
2026-09-04T15:43:54.1747623Z Temporarily overriding HOME='/home/runner/work/_temp/b74351f1-a553-4e17-b435-ef80890a6c11' before making global git config changes
2026-09-04T15:43:54.1749575Z Adding repository directory to the temporary git global config as a safe directory
2026-09-04T15:43:54.1753865Z [command]/usr/bin/git config --global --add safe.directory /home/runner/work/log-generation/log-generation
2026-09-04T15:43:54.1796519Z [command]/usr/bin/git config --local --name-only --get-regexp core\.sshCommand
2026-09-04T15:43:54.1834312Z [command]/usr/bin/git submodule foreach --recursive sh -c "git config --local --name-only --get-regexp 'core\.sshCommand' && git config --local --unset-all 'core.sshCommand' || :"
2026-09-04T15:43:54.2105243Z [command]/usr/bin/git config --local --name-only --get-regexp http\.https\:\/\/github\.com\/\.extraheader
2026-09-04T15:43:54.2148749Z http.https://github.com/.extraheader
2026-09-04T15:43:54.2159562Z [command]/usr/bin/git config --local --unset-all http.https://github.com/.extraheader
2026-09-04T15:43:54.2192583Z [command]/usr/bin/git submodule foreach --recursive sh -c "git config --local --name-only --get-regexp 'http\.https\:\/\/github\.com\/\.extraheader' && git config --local --unset-all 'http.https://github.com/.extraheader' || :"
2026-09-04T15:43:54.2484243Z [command]/usr/bin/git config --local --name-only --get-regexp ^includeIf\.gitdir:
2026-09-04T15:43:54.2526923Z [command]/usr/bin/git submodule foreach --recursive git config --local --show-origin --name-only --get-regexp remote.origin.url
2026-09-04T15:43:54.2932555Z Cleaning up orphan processes
2026-09-04T15:43:54.3225239Z ##[warning]Node.js 20 is deprecated. The following actions target Node.js 20 but are being forced to run on Node.js 24: actions/checkout@v4, actions/setup-python@v5. For more information see: https://github.blog/changelog/2025-09-19-deprecation-of-node-20-on-github-actions-runners/
