ï»¿2026-09-04T11:29:51.0950538Z Current runner version: '2.337.0'
2026-09-04T11:29:51.0976210Z ##[group]Runner Image Provisioner
2026-09-04T11:29:51.0977072Z Hosted Compute Agent
2026-09-04T11:29:51.0977656Z Version: 20260828.587
2026-09-04T11:29:51.0978399Z Commit: abac92662cab4cc7352de4f9f9d2e2419aad9c29
2026-09-04T11:29:51.0979260Z Build Date: 2026-08-28T16:44:25Z
2026-09-04T11:29:51.0980049Z Worker ID: {578feab2-d0e5-47db-b5a3-2b4b23d11663}
2026-09-04T11:29:51.0980784Z Azure Region: centralus
2026-09-04T11:29:51.0981409Z ##[endgroup]
2026-09-04T11:29:51.0982911Z ##[group]Operating System
2026-09-04T11:29:51.0983629Z Ubuntu
2026-09-04T11:29:51.0984531Z 24.04.4
2026-09-04T11:29:51.0985126Z LTS
2026-09-04T11:29:51.0986032Z ##[endgroup]
2026-09-04T11:29:51.0986801Z ##[group]Runner Image
2026-09-04T11:29:51.0987475Z Image: ubuntu-24.04
2026-09-04T11:29:51.0988193Z Version: 20260831.293.1
2026-09-04T11:29:51.0989434Z Included Software: https://github.com/actions/runner-images/blob/ubuntu24/20260831.293/images/ubuntu/Ubuntu2404-Readme.md
2026-09-04T11:29:51.0991155Z Image Release: https://github.com/actions/runner-images/releases/tag/ubuntu24%2F20260831.293
2026-09-04T11:29:51.0992177Z ##[endgroup]
2026-09-04T11:29:51.0993452Z ##[group]GITHUB_TOKEN Permissions
2026-09-04T11:29:51.0996008Z Contents: read
2026-09-04T11:29:51.0996748Z Metadata: read
2026-09-04T11:29:51.0997322Z Packages: read
2026-09-04T11:29:51.0997884Z ##[endgroup]
2026-09-04T11:29:51.1000215Z Secret source: Actions
2026-09-04T11:29:51.1001336Z Prepare workflow directory
2026-09-04T11:29:51.1344814Z Prepare all required actions
2026-09-04T11:29:51.1395153Z Getting action download info
2026-09-04T11:29:51.3968321Z Download action repository 'actions/checkout@v4' (SHA:11d5960a326750d5838078e36cf38b85af677262)
2026-09-04T11:29:51.5598902Z Download action repository 'actions/setup-python@v5' (SHA:a26af69be951a213d495a4c3e4e4022e16d87065)
2026-09-04T11:29:51.7864658Z Complete job name: test-f3 (AttributeError #154)
2026-09-04T11:29:51.8629101Z Node 20 is being deprecated. This workflow is running with Node 24 by default. If you need to temporarily use Node 20, you can set the ACTIONS_ALLOW_USE_UNSECURE_NODE_VERSION=true environment variable. For more information see: https://github.blog/changelog/2025-09-19-deprecation-of-node-20-on-github-actions-runners/
2026-09-04T11:29:51.8637804Z ##[group]Run actions/checkout@v4
2026-09-04T11:29:51.8638638Z with:
2026-09-04T11:29:51.8639064Z   fetch-depth: 1
2026-09-04T11:29:51.8639547Z   repository: DhruvHegde/log-generation
2026-09-04T11:29:51.8643353Z   token: ***
2026-09-04T11:29:51.8643788Z   ssh-strict: true
2026-09-04T11:29:51.8644507Z   ssh-user: git
2026-09-04T11:29:51.8644951Z   persist-credentials: true
2026-09-04T11:29:51.8645435Z   clean: true
2026-09-04T11:29:51.8645879Z   sparse-checkout-cone-mode: true
2026-09-04T11:29:51.8646401Z   fetch-tags: false
2026-09-04T11:29:51.8646851Z   show-progress: true
2026-09-04T11:29:51.8647336Z   lfs: false
2026-09-04T11:29:51.8647787Z   submodules: false
2026-09-04T11:29:51.8648236Z   set-safe-directory: true
2026-09-04T11:29:51.8648752Z   allow-unsafe-pr-checkout: false
2026-09-04T11:29:51.8649890Z ##[endgroup]
2026-09-04T11:29:51.9676184Z Syncing repository: DhruvHegde/log-generation
2026-09-04T11:29:51.9678693Z ##[group]Getting Git version info
2026-09-04T11:29:51.9679711Z Working directory is '/home/runner/work/log-generation/log-generation'
2026-09-04T11:29:51.9681045Z [command]/usr/bin/git version
2026-09-04T11:29:51.9787563Z git version 2.55.0
2026-09-04T11:29:51.9814540Z ##[endgroup]
2026-09-04T11:29:51.9830063Z Temporarily overriding HOME='/home/runner/work/_temp/d6577960-a07d-4db1-abdb-7d06ab211e08' before making global git config changes
2026-09-04T11:29:51.9832174Z Adding repository directory to the temporary git global config as a safe directory
2026-09-04T11:29:51.9836531Z [command]/usr/bin/git config --global --add safe.directory /home/runner/work/log-generation/log-generation
2026-09-04T11:29:51.9892042Z Deleting the contents of '/home/runner/work/log-generation/log-generation'
2026-09-04T11:29:51.9898172Z ##[group]Initializing the repository
2026-09-04T11:29:51.9904387Z [command]/usr/bin/git init /home/runner/work/log-generation/log-generation
2026-09-04T11:29:52.0009198Z hint: Using 'master' as the name for the initial branch. This default branch name
2026-09-04T11:29:52.0010991Z hint: will change to "main" in Git 3.0. To configure the initial branch name
2026-09-04T11:29:52.0012601Z hint: to use in all of your new repositories, which will suppress this warning,
2026-09-04T11:29:52.0014489Z hint: call:
2026-09-04T11:29:52.0015172Z hint:
2026-09-04T11:29:52.0028314Z hint: 	git config --global init.defaultBranch <name>
2026-09-04T11:29:52.0030139Z hint:
2026-09-04T11:29:52.0031595Z hint: Names commonly chosen instead of 'master' are 'main', 'trunk' and
2026-09-04T11:29:52.0033453Z hint: 'development'. The just-created branch can be renamed via this command:
2026-09-04T11:29:52.0035543Z hint:
2026-09-04T11:29:52.0036502Z hint: 	git branch -m <name>
2026-09-04T11:29:52.0037492Z hint:
2026-09-04T11:29:52.0038748Z hint: Disable this message with "git config set advice.defaultBranchName false"
2026-09-04T11:29:52.0040868Z Initialized empty Git repository in /home/runner/work/log-generation/log-generation/.git/
2026-09-04T11:29:52.0044883Z [command]/usr/bin/git remote add origin https://github.com/DhruvHegde/log-generation
2026-09-04T11:29:52.0089882Z ##[endgroup]
2026-09-04T11:29:52.0091075Z ##[group]Disabling automatic garbage collection
2026-09-04T11:29:52.0093540Z [command]/usr/bin/git config --local gc.auto 0
2026-09-04T11:29:52.0132044Z ##[endgroup]
2026-09-04T11:29:52.0133164Z ##[group]Setting up auth
2026-09-04T11:29:52.0139185Z [command]/usr/bin/git config --local --name-only --get-regexp core\.sshCommand
2026-09-04T11:29:52.0183443Z [command]/usr/bin/git submodule foreach --recursive sh -c "git config --local --name-only --get-regexp 'core\.sshCommand' && git config --local --unset-all 'core.sshCommand' || :"
2026-09-04T11:29:52.0561851Z [command]/usr/bin/git config --local --name-only --get-regexp http\.https\:\/\/github\.com\/\.extraheader
2026-09-04T11:29:52.0600736Z [command]/usr/bin/git submodule foreach --recursive sh -c "git config --local --name-only --get-regexp 'http\.https\:\/\/github\.com\/\.extraheader' && git config --local --unset-all 'http.https://github.com/.extraheader' || :"
2026-09-04T11:29:52.0855474Z [command]/usr/bin/git config --local --name-only --get-regexp ^includeIf\.gitdir:
2026-09-04T11:29:52.0894420Z [command]/usr/bin/git submodule foreach --recursive git config --local --show-origin --name-only --get-regexp remote.origin.url
2026-09-04T11:29:52.1130305Z [command]/usr/bin/git config --local http.https://github.com/.extraheader AUTHORIZATION: basic ***
2026-09-04T11:29:52.1176936Z ##[endgroup]
2026-09-04T11:29:52.1178175Z ##[group]Fetching the repository
2026-09-04T11:29:52.1191710Z [command]/usr/bin/git -c protocol.version=2 fetch --no-tags --prune --no-recurse-submodules --depth=1 origin +0c2ddc82b3a248827557edda9affcd6927945898:refs/remotes/origin/feature/f3-test-failures
2026-09-04T11:29:52.4793114Z From https://github.com/DhruvHegde/log-generation
2026-09-04T11:29:52.4795687Z  * [new ref]         0c2ddc82b3a248827557edda9affcd6927945898 -> origin/feature/f3-test-failures
2026-09-04T11:29:52.4799710Z ##[endgroup]
2026-09-04T11:29:52.4801506Z ##[group]Determining the checkout info
2026-09-04T11:29:52.4803457Z ##[endgroup]
2026-09-04T11:29:52.4816042Z [command]/usr/bin/git sparse-checkout disable
2026-09-04T11:29:52.4877138Z [command]/usr/bin/git config --local --unset-all extensions.worktreeConfig
2026-09-04T11:29:52.4913590Z ##[group]Checking out the ref
2026-09-04T11:29:52.4920916Z [command]/usr/bin/git checkout --progress --force -B feature/f3-test-failures refs/remotes/origin/feature/f3-test-failures
2026-09-04T11:29:52.5001401Z Switched to a new branch 'feature/f3-test-failures'
2026-09-04T11:29:52.5007518Z branch 'feature/f3-test-failures' set up to track 'origin/feature/f3-test-failures'.
2026-09-04T11:29:52.5012992Z ##[endgroup]
2026-09-04T11:29:52.5062149Z [command]/usr/bin/git log -1 --format=%H
2026-09-04T11:29:52.5090241Z 0c2ddc82b3a248827557edda9affcd6927945898
2026-09-04T11:29:52.5452980Z Node 20 is being deprecated. This workflow is running with Node 24 by default. If you need to temporarily use Node 20, you can set the ACTIONS_ALLOW_USE_UNSECURE_NODE_VERSION=true environment variable. For more information see: https://github.blog/changelog/2025-09-19-deprecation-of-node-20-on-github-actions-runners/
2026-09-04T11:29:52.5459101Z ##[group]Run actions/setup-python@v5
2026-09-04T11:29:52.5460246Z with:
2026-09-04T11:29:52.5461051Z   python-version: 3.11
2026-09-04T11:29:52.5462005Z   check-latest: false
2026-09-04T11:29:52.5471239Z   token: ***
2026-09-04T11:29:52.5472122Z   update-environment: true
2026-09-04T11:29:52.5473145Z   allow-prereleases: false
2026-09-04T11:29:52.5474252Z   freethreaded: false
2026-09-04T11:29:52.5475151Z ##[endgroup]
2026-09-04T11:29:52.6841861Z ##[group]Installed versions
2026-09-04T11:29:52.6991817Z (node:2305) [DEP0040] DeprecationWarning: The `punycode` module is deprecated. Please use a userland alternative instead.
2026-09-04T11:29:52.6995744Z (Use `node --trace-deprecation ...` to show where the warning was created)
2026-09-04T11:29:52.6997488Z Successfully set up CPython (3.11.16)
2026-09-04T11:29:52.6999281Z ##[endgroup]
2026-09-04T11:29:52.7181545Z ##[group]Run pip install --no-cache-dir pytest
2026-09-04T11:29:52.7183067Z [36;1mpip install --no-cache-dir pytest[0m
2026-09-04T11:29:52.7305438Z shell: /usr/bin/bash -e {0}
2026-09-04T11:29:52.7306503Z env:
2026-09-04T11:29:52.7307489Z   pythonLocation: /opt/hostedtoolcache/Python/3.11.16/x64
2026-09-04T11:29:52.7309165Z   PKG_CONFIG_PATH: /opt/hostedtoolcache/Python/3.11.16/x64/lib/pkgconfig
2026-09-04T11:29:52.7310829Z   Python_ROOT_DIR: /opt/hostedtoolcache/Python/3.11.16/x64
2026-09-04T11:29:52.7312316Z   Python2_ROOT_DIR: /opt/hostedtoolcache/Python/3.11.16/x64
2026-09-04T11:29:52.7314042Z   Python3_ROOT_DIR: /opt/hostedtoolcache/Python/3.11.16/x64
2026-09-04T11:29:52.7315669Z   LD_LIBRARY_PATH: /opt/hostedtoolcache/Python/3.11.16/x64/lib
2026-09-04T11:29:52.7316952Z ##[endgroup]
2026-09-04T11:29:55.9682224Z Collecting pytest
2026-09-04T11:29:56.0503295Z   Downloading pytest-9.1.1-py3-none-any.whl.metadata (7.6 kB)
2026-09-04T11:29:56.0661686Z Collecting iniconfig>=1.0.1 (from pytest)
2026-09-04T11:29:56.0822094Z   Downloading iniconfig-2.3.0-py3-none-any.whl.metadata (2.5 kB)
2026-09-04T11:29:56.1012641Z Collecting packaging>=22 (from pytest)
2026-09-04T11:29:56.1166761Z   Downloading packaging-26.3-py3-none-any.whl.metadata (3.5 kB)
2026-09-04T11:29:56.1347762Z Collecting pluggy<2,>=1.5 (from pytest)
2026-09-04T11:29:56.1501153Z   Downloading pluggy-1.6.0-py3-none-any.whl.metadata (4.8 kB)
2026-09-04T11:29:56.1726745Z Collecting pygments>=2.7.2 (from pytest)
2026-09-04T11:29:56.1879250Z   Downloading pygments-2.21.0-py3-none-any.whl.metadata (2.5 kB)
2026-09-04T11:29:56.2057425Z Downloading pytest-9.1.1-py3-none-any.whl (386 kB)
2026-09-04T11:29:56.2761552Z Downloading pluggy-1.6.0-py3-none-any.whl (20 kB)
2026-09-04T11:29:56.2914920Z Downloading iniconfig-2.3.0-py3-none-any.whl (7.5 kB)
2026-09-04T11:29:56.3067255Z Downloading packaging-26.3-py3-none-any.whl (129 kB)
2026-09-04T11:29:56.3237132Z Downloading pygments-2.21.0-py3-none-any.whl (1.3 MB)
2026-09-04T11:29:56.3577301Z    ââââââââââââââââââââââââââââââââââââââââ 1.3/1.3 MB 36.1 MB/s  0:00:00
2026-09-04T11:29:56.5522956Z Installing collected packages: pygments, pluggy, packaging, iniconfig, pytest
2026-09-04T11:29:57.5124464Z 
2026-09-04T11:29:57.5135111Z Successfully installed iniconfig-2.3.0 packaging-26.3 pluggy-1.6.0 pygments-2.21.0 pytest-9.1.1
2026-09-04T11:29:57.5642317Z ##[group]Run python automation/inject_mutation.py --error-type "AttributeError"
2026-09-04T11:29:57.5642966Z [36;1mpython automation/inject_mutation.py --error-type "AttributeError"[0m
2026-09-04T11:29:57.5681868Z shell: /usr/bin/bash -e {0}
2026-09-04T11:29:57.5682140Z env:
2026-09-04T11:29:57.5682428Z   pythonLocation: /opt/hostedtoolcache/Python/3.11.16/x64
2026-09-04T11:29:57.5683113Z   PKG_CONFIG_PATH: /opt/hostedtoolcache/Python/3.11.16/x64/lib/pkgconfig
2026-09-04T11:29:57.5683555Z   Python_ROOT_DIR: /opt/hostedtoolcache/Python/3.11.16/x64
2026-09-04T11:29:57.5684183Z   Python2_ROOT_DIR: /opt/hostedtoolcache/Python/3.11.16/x64
2026-09-04T11:29:57.5684583Z   Python3_ROOT_DIR: /opt/hostedtoolcache/Python/3.11.16/x64
2026-09-04T11:29:57.5684967Z   LD_LIBRARY_PATH: /opt/hostedtoolcache/Python/3.11.16/x64/lib
2026-09-04T11:29:57.5685322Z ##[endgroup]
2026-09-04T11:29:57.5983418Z [Mutation Injected] Successfully injected AttributeError into tests/test_app.py
2026-09-04T11:29:57.6053533Z ##[group]Run pytest tests/test_app.py -v
2026-09-04T11:29:57.6054179Z [36;1mpytest tests/test_app.py -v[0m
2026-09-04T11:29:57.6089948Z shell: /usr/bin/bash -e {0}
2026-09-04T11:29:57.6090217Z env:
2026-09-04T11:29:57.6090500Z   pythonLocation: /opt/hostedtoolcache/Python/3.11.16/x64
2026-09-04T11:29:57.6090953Z   PKG_CONFIG_PATH: /opt/hostedtoolcache/Python/3.11.16/x64/lib/pkgconfig
2026-09-04T11:29:57.6091400Z   Python_ROOT_DIR: /opt/hostedtoolcache/Python/3.11.16/x64
2026-09-04T11:29:57.6091781Z   Python2_ROOT_DIR: /opt/hostedtoolcache/Python/3.11.16/x64
2026-09-04T11:29:57.6092160Z   Python3_ROOT_DIR: /opt/hostedtoolcache/Python/3.11.16/x64
2026-09-04T11:29:57.6092540Z   LD_LIBRARY_PATH: /opt/hostedtoolcache/Python/3.11.16/x64/lib
2026-09-04T11:29:57.6092876Z ##[endgroup]
2026-09-04T11:29:58.3161204Z ============================= test session starts ==============================
2026-09-04T11:29:58.3162761Z platform linux -- Python 3.11.16, pytest-9.1.1, pluggy-1.6.0 -- /opt/hostedtoolcache/Python/3.11.16/x64/bin/python
2026-09-04T11:29:58.3164284Z cachedir: .pytest_cache
2026-09-04T11:29:58.3164869Z rootdir: /home/runner/work/log-generation/log-generation
2026-09-04T11:29:58.3165561Z configfile: pytest.ini
2026-09-04T11:29:58.3251660Z collecting ... collected 6 items
2026-09-04T11:29:58.3252108Z 
2026-09-04T11:29:58.3262086Z tests/test_app.py::test_calculate_division PASSED                        [ 16%]
2026-09-04T11:29:58.3270448Z tests/test_app.py::test_convert_to_int PASSED                            [ 33%]
2026-09-04T11:29:58.3281414Z tests/test_app.py::test_get_list_item PASSED                             [ 50%]
2026-09-04T11:29:58.3285341Z tests/test_app.py::test_get_dict_value PASSED                            [ 66%]
2026-09-04T11:29:58.3292744Z tests/test_app.py::test_assert_positive PASSED                           [ 83%]
2026-09-04T11:29:58.3567394Z tests/test_app.py::test_attribute_error FAILED                           [100%]
2026-09-04T11:29:58.3568600Z 
2026-09-04T11:29:58.3569186Z =================================== FAILURES ===================================
2026-09-04T11:29:58.3570366Z _____________________________ test_attribute_error _____________________________
2026-09-04T11:29:58.3571260Z 
2026-09-04T11:29:58.3571734Z     def test_attribute_error():
2026-09-04T11:29:58.3572255Z         """Injected synthetic AttributeError."""
2026-09-04T11:29:58.3572848Z         from src.app import get_object_attribute
2026-09-04T11:29:58.3573378Z >       get_object_attribute(object())
2026-09-04T11:29:58.3573711Z 
2026-09-04T11:29:58.3574101Z tests/test_app.py:131: 
2026-09-04T11:29:58.3574595Z _ _ _ _ _ _ _ _ _ _ _ _ _ _ _ _ _ _ _ _ _ _ _ _ _ _ _ _ _ _ _ _ _ _ _ _ _ _ _ _ 
2026-09-04T11:29:58.3575038Z 
2026-09-04T11:29:58.3575212Z obj = <object object at 0x7faa76385370>
2026-09-04T11:29:58.3575534Z 
2026-09-04T11:29:58.3575707Z     def get_object_attribute(obj):
2026-09-04T11:29:58.3576169Z >       return obj.non_existent_attribute
2026-09-04T11:29:58.3576645Z                ^^^^^^^^^^^^^^^^^^^^^^^^^^
2026-09-04T11:29:58.3577287Z E       AttributeError: 'object' object has no attribute 'non_existent_attribute'
2026-09-04T11:29:58.3577832Z 
2026-09-04T11:29:58.3578006Z src/app.py:14: AttributeError
2026-09-04T11:29:58.3578515Z =========================== short test summary info ============================
2026-09-04T11:29:58.3579591Z FAILED tests/test_app.py::test_attribute_error - AttributeError: 'object' object has no attribute 'non_existent_attribute'
2026-09-04T11:29:58.3580998Z ========================= 1 failed, 5 passed in 0.03s ==========================
2026-09-04T11:29:58.3771370Z ##[error]Process completed with exit code 1.
2026-09-04T11:29:58.3917369Z Node 20 is being deprecated. This workflow is running with Node 24 by default. If you need to temporarily use Node 20, you can set the ACTIONS_ALLOW_USE_UNSECURE_NODE_VERSION=true environment variable. For more information see: https://github.blog/changelog/2025-09-19-deprecation-of-node-20-on-github-actions-runners/
2026-09-04T11:29:58.3918654Z Post job cleanup.
2026-09-04T11:29:58.4769375Z [command]/usr/bin/git version
2026-09-04T11:29:58.4816462Z git version 2.55.0
2026-09-04T11:29:58.4860825Z Temporarily overriding HOME='/home/runner/work/_temp/0d4a5889-2f7f-4958-a059-5063560a884a' before making global git config changes
2026-09-04T11:29:58.4862262Z Adding repository directory to the temporary git global config as a safe directory
2026-09-04T11:29:58.4867359Z [command]/usr/bin/git config --global --add safe.directory /home/runner/work/log-generation/log-generation
2026-09-04T11:29:58.4908815Z [command]/usr/bin/git config --local --name-only --get-regexp core\.sshCommand
2026-09-04T11:29:58.4945106Z [command]/usr/bin/git submodule foreach --recursive sh -c "git config --local --name-only --get-regexp 'core\.sshCommand' && git config --local --unset-all 'core.sshCommand' || :"
2026-09-04T11:29:58.5200447Z [command]/usr/bin/git config --local --name-only --get-regexp http\.https\:\/\/github\.com\/\.extraheader
2026-09-04T11:29:58.5231437Z http.https://github.com/.extraheader
2026-09-04T11:29:58.5243363Z [command]/usr/bin/git config --local --unset-all http.https://github.com/.extraheader
2026-09-04T11:29:58.5280211Z [command]/usr/bin/git submodule foreach --recursive sh -c "git config --local --name-only --get-regexp 'http\.https\:\/\/github\.com\/\.extraheader' && git config --local --unset-all 'http.https://github.com/.extraheader' || :"
2026-09-04T11:29:58.5548755Z [command]/usr/bin/git config --local --name-only --get-regexp ^includeIf\.gitdir:
2026-09-04T11:29:58.5591849Z [command]/usr/bin/git submodule foreach --recursive git config --local --show-origin --name-only --get-regexp remote.origin.url
2026-09-04T11:29:58.5997948Z Cleaning up orphan processes
2026-09-04T11:29:58.6279167Z ##[warning]Node.js 20 is deprecated. The following actions target Node.js 20 but are being forced to run on Node.js 24: actions/checkout@v4, actions/setup-python@v5. For more information see: https://github.blog/changelog/2025-09-19-deprecation-of-node-20-on-github-actions-runners/
