ï»¿2026-09-04T15:44:03.0601761Z Current runner version: '2.337.0'
2026-09-04T15:44:03.0628826Z ##[group]Runner Image Provisioner
2026-09-04T15:44:03.0629780Z Hosted Compute Agent
2026-09-04T15:44:03.0630510Z Version: 20260828.587
2026-09-04T15:44:03.0631205Z Commit: abac92662cab4cc7352de4f9f9d2e2419aad9c29
2026-09-04T15:44:03.0632280Z Build Date: 2026-08-28T16:44:25Z
2026-09-04T15:44:03.0633100Z Worker ID: {46189909-07ac-4ac7-94af-628b1b5baeb8}
2026-09-04T15:44:03.0633955Z Azure Region: northcentralus
2026-09-04T15:44:03.0634695Z ##[endgroup]
2026-09-04T15:44:03.0636166Z ##[group]Operating System
2026-09-04T15:44:03.0636812Z Ubuntu
2026-09-04T15:44:03.0637482Z 24.04.4
2026-09-04T15:44:03.0638081Z LTS
2026-09-04T15:44:03.0639106Z ##[endgroup]
2026-09-04T15:44:03.0639708Z ##[group]Runner Image
2026-09-04T15:44:03.0640344Z Image: ubuntu-24.04
2026-09-04T15:44:03.0641072Z Version: 20260831.293.1
2026-09-04T15:44:03.0642546Z Included Software: https://github.com/actions/runner-images/blob/ubuntu24/20260831.293/images/ubuntu/Ubuntu2404-Readme.md
2026-09-04T15:44:03.0644239Z Image Release: https://github.com/actions/runner-images/releases/tag/ubuntu24%2F20260831.293
2026-09-04T15:44:03.0645224Z ##[endgroup]
2026-09-04T15:44:03.0646601Z ##[group]GITHUB_TOKEN Permissions
2026-09-04T15:44:03.0649009Z Contents: read
2026-09-04T15:44:03.0649683Z Metadata: read
2026-09-04T15:44:03.0650297Z Packages: read
2026-09-04T15:44:03.0650975Z ##[endgroup]
2026-09-04T15:44:03.0653617Z Secret source: Actions
2026-09-04T15:44:03.0655134Z Prepare workflow directory
2026-09-04T15:44:03.1009614Z Prepare all required actions
2026-09-04T15:44:03.1059404Z Getting action download info
2026-09-04T15:44:03.3508344Z Download action repository 'actions/checkout@v4' (SHA:11d5960a326750d5838078e36cf38b85af677262)
2026-09-04T15:44:03.4468923Z Download action repository 'actions/setup-python@v5' (SHA:a26af69be951a213d495a4c3e4e4022e16d87065)
2026-09-04T15:44:03.6423311Z Complete job name: test-f3 (TypeError #41)
2026-09-04T15:44:03.7185150Z Node 20 is being deprecated. This workflow is running with Node 24 by default. If you need to temporarily use Node 20, you can set the ACTIONS_ALLOW_USE_UNSECURE_NODE_VERSION=true environment variable. For more information see: https://github.blog/changelog/2025-09-19-deprecation-of-node-20-on-github-actions-runners/
2026-09-04T15:44:03.7194196Z ##[group]Run actions/checkout@v4
2026-09-04T15:44:03.7194918Z with:
2026-09-04T15:44:03.7195354Z   fetch-depth: 1
2026-09-04T15:44:03.7195847Z   repository: DhruvHegde/log-generation
2026-09-04T15:44:03.7199742Z   token: ***
2026-09-04T15:44:03.7200192Z   ssh-strict: true
2026-09-04T15:44:03.7200639Z   ssh-user: git
2026-09-04T15:44:03.7201090Z   persist-credentials: true
2026-09-04T15:44:03.7201737Z   clean: true
2026-09-04T15:44:03.7202188Z   sparse-checkout-cone-mode: true
2026-09-04T15:44:03.7202728Z   fetch-tags: false
2026-09-04T15:44:03.7203180Z   show-progress: true
2026-09-04T15:44:03.7203625Z   lfs: false
2026-09-04T15:44:03.7204081Z   submodules: false
2026-09-04T15:44:03.7204547Z   set-safe-directory: true
2026-09-04T15:44:03.7205065Z   allow-unsafe-pr-checkout: false
2026-09-04T15:44:03.7205765Z ##[endgroup]
2026-09-04T15:44:03.8230357Z Syncing repository: DhruvHegde/log-generation
2026-09-04T15:44:03.8233020Z ##[group]Getting Git version info
2026-09-04T15:44:03.8233881Z Working directory is '/home/runner/work/log-generation/log-generation'
2026-09-04T15:44:03.8235057Z [command]/usr/bin/git version
2026-09-04T15:44:03.8292166Z git version 2.55.0
2026-09-04T15:44:03.8322516Z ##[endgroup]
2026-09-04T15:44:03.8329000Z Temporarily overriding HOME='/home/runner/work/_temp/f70d0bf0-5cf5-4e2d-87e3-1dad011f6441' before making global git config changes
2026-09-04T15:44:03.8331316Z Adding repository directory to the temporary git global config as a safe directory
2026-09-04T15:44:03.8335100Z [command]/usr/bin/git config --global --add safe.directory /home/runner/work/log-generation/log-generation
2026-09-04T15:44:03.8398655Z Deleting the contents of '/home/runner/work/log-generation/log-generation'
2026-09-04T15:44:03.8402760Z ##[group]Initializing the repository
2026-09-04T15:44:03.8409420Z [command]/usr/bin/git init /home/runner/work/log-generation/log-generation
2026-09-04T15:44:03.8523858Z hint: Using 'master' as the name for the initial branch. This default branch name
2026-09-04T15:44:03.8527758Z hint: will change to "main" in Git 3.0. To configure the initial branch name
2026-09-04T15:44:03.8529265Z hint: to use in all of your new repositories, which will suppress this warning,
2026-09-04T15:44:03.8530082Z hint: call:
2026-09-04T15:44:03.8530742Z hint:
2026-09-04T15:44:03.8531864Z hint: 	git config --global init.defaultBranch <name>
2026-09-04T15:44:03.8532664Z hint:
2026-09-04T15:44:03.8533263Z hint: Names commonly chosen instead of 'master' are 'main', 'trunk' and
2026-09-04T15:44:03.8534223Z hint: 'development'. The just-created branch can be renamed via this command:
2026-09-04T15:44:03.8534990Z hint:
2026-09-04T15:44:03.8535475Z hint: 	git branch -m <name>
2026-09-04T15:44:03.8536156Z hint:
2026-09-04T15:44:03.8536837Z hint: Disable this message with "git config set advice.defaultBranchName false"
2026-09-04T15:44:03.8538181Z Initialized empty Git repository in /home/runner/work/log-generation/log-generation/.git/
2026-09-04T15:44:03.8540804Z [command]/usr/bin/git remote add origin https://github.com/DhruvHegde/log-generation
2026-09-04T15:44:03.8592730Z ##[endgroup]
2026-09-04T15:44:03.8593958Z ##[group]Disabling automatic garbage collection
2026-09-04T15:44:03.8596130Z [command]/usr/bin/git config --local gc.auto 0
2026-09-04T15:44:03.8630217Z ##[endgroup]
2026-09-04T15:44:03.8631353Z ##[group]Setting up auth
2026-09-04T15:44:03.8636899Z [command]/usr/bin/git config --local --name-only --get-regexp core\.sshCommand
2026-09-04T15:44:03.8673356Z [command]/usr/bin/git submodule foreach --recursive sh -c "git config --local --name-only --get-regexp 'core\.sshCommand' && git config --local --unset-all 'core.sshCommand' || :"
2026-09-04T15:44:03.9063551Z [command]/usr/bin/git config --local --name-only --get-regexp http\.https\:\/\/github\.com\/\.extraheader
2026-09-04T15:44:03.9114557Z [command]/usr/bin/git submodule foreach --recursive sh -c "git config --local --name-only --get-regexp 'http\.https\:\/\/github\.com\/\.extraheader' && git config --local --unset-all 'http.https://github.com/.extraheader' || :"
2026-09-04T15:44:03.9364244Z [command]/usr/bin/git config --local --name-only --get-regexp ^includeIf\.gitdir:
2026-09-04T15:44:03.9403538Z [command]/usr/bin/git submodule foreach --recursive git config --local --show-origin --name-only --get-regexp remote.origin.url
2026-09-04T15:44:03.9645336Z [command]/usr/bin/git config --local http.https://github.com/.extraheader AUTHORIZATION: basic ***
2026-09-04T15:44:03.9687238Z ##[endgroup]
2026-09-04T15:44:03.9696151Z ##[group]Fetching the repository
2026-09-04T15:44:03.9697924Z [command]/usr/bin/git -c protocol.version=2 fetch --no-tags --prune --no-recurse-submodules --depth=1 origin +ff2db557a0a8df7e538c7d2e729be8ed403658e2:refs/remotes/origin/feature/f3-test-failures
2026-09-04T15:44:04.4315623Z From https://github.com/DhruvHegde/log-generation
2026-09-04T15:44:04.4317638Z  * [new ref]         ff2db557a0a8df7e538c7d2e729be8ed403658e2 -> origin/feature/f3-test-failures
2026-09-04T15:44:04.4321297Z ##[endgroup]
2026-09-04T15:44:04.4334057Z ##[group]Determining the checkout info
2026-09-04T15:44:04.4335649Z ##[endgroup]
2026-09-04T15:44:04.4336448Z [command]/usr/bin/git sparse-checkout disable
2026-09-04T15:44:04.4399307Z [command]/usr/bin/git config --local --unset-all extensions.worktreeConfig
2026-09-04T15:44:04.4439921Z ##[group]Checking out the ref
2026-09-04T15:44:04.4446121Z [command]/usr/bin/git checkout --progress --force -B feature/f3-test-failures refs/remotes/origin/feature/f3-test-failures
2026-09-04T15:44:04.5289143Z Switched to a new branch 'feature/f3-test-failures'
2026-09-04T15:44:04.5292365Z branch 'feature/f3-test-failures' set up to track 'origin/feature/f3-test-failures'.
2026-09-04T15:44:04.5304071Z ##[endgroup]
2026-09-04T15:44:04.5356891Z [command]/usr/bin/git log -1 --format=%H
2026-09-04T15:44:04.5386163Z ff2db557a0a8df7e538c7d2e729be8ed403658e2
2026-09-04T15:44:04.5765316Z Node 20 is being deprecated. This workflow is running with Node 24 by default. If you need to temporarily use Node 20, you can set the ACTIONS_ALLOW_USE_UNSECURE_NODE_VERSION=true environment variable. For more information see: https://github.blog/changelog/2025-09-19-deprecation-of-node-20-on-github-actions-runners/
2026-09-04T15:44:04.5771179Z ##[group]Run actions/setup-python@v5
2026-09-04T15:44:04.5772578Z with:
2026-09-04T15:44:04.5773541Z   python-version: 3.11
2026-09-04T15:44:04.5774641Z   check-latest: false
2026-09-04T15:44:04.5784257Z   token: ***
2026-09-04T15:44:04.5785299Z   update-environment: true
2026-09-04T15:44:04.5786486Z   allow-prereleases: false
2026-09-04T15:44:04.5787642Z   freethreaded: false
2026-09-04T15:44:04.5788700Z ##[endgroup]
2026-09-04T15:44:04.7185331Z ##[group]Installed versions
2026-09-04T15:44:04.7302641Z (node:2243) [DEP0040] DeprecationWarning: The `punycode` module is deprecated. Please use a userland alternative instead.
2026-09-04T15:44:04.7307018Z (Use `node --trace-deprecation ...` to show where the warning was created)
2026-09-04T15:44:04.7309469Z Successfully set up CPython (3.11.16)
2026-09-04T15:44:04.7313686Z ##[endgroup]
2026-09-04T15:44:04.7509101Z ##[group]Run pip install --no-cache-dir pytest
2026-09-04T15:44:04.7510751Z [36;1mpip install --no-cache-dir pytest[0m
2026-09-04T15:44:04.7580867Z shell: /usr/bin/bash -e {0}
2026-09-04T15:44:04.7582876Z env:
2026-09-04T15:44:04.7584577Z   pythonLocation: /opt/hostedtoolcache/Python/3.11.16/x64
2026-09-04T15:44:04.7586852Z   PKG_CONFIG_PATH: /opt/hostedtoolcache/Python/3.11.16/x64/lib/pkgconfig
2026-09-04T15:44:04.7699999Z   Python_ROOT_DIR: /opt/hostedtoolcache/Python/3.11.16/x64
2026-09-04T15:44:04.7702734Z   Python2_ROOT_DIR: /opt/hostedtoolcache/Python/3.11.16/x64
2026-09-04T15:44:04.7705044Z   Python3_ROOT_DIR: /opt/hostedtoolcache/Python/3.11.16/x64
2026-09-04T15:44:04.7707561Z   LD_LIBRARY_PATH: /opt/hostedtoolcache/Python/3.11.16/x64/lib
2026-09-04T15:44:04.7709709Z ##[endgroup]
2026-09-04T15:44:05.6072512Z Collecting pytest
2026-09-04T15:44:05.6563059Z   Downloading pytest-9.1.1-py3-none-any.whl.metadata (7.6 kB)
2026-09-04T15:44:05.6648572Z Collecting iniconfig>=1.0.1 (from pytest)
2026-09-04T15:44:05.6681808Z   Downloading iniconfig-2.3.0-py3-none-any.whl.metadata (2.5 kB)
2026-09-04T15:44:05.6784347Z Collecting packaging>=22 (from pytest)
2026-09-04T15:44:05.6817424Z   Downloading packaging-26.3-py3-none-any.whl.metadata (3.5 kB)
2026-09-04T15:44:05.6897441Z Collecting pluggy<2,>=1.5 (from pytest)
2026-09-04T15:44:05.6935773Z   Downloading pluggy-1.6.0-py3-none-any.whl.metadata (4.8 kB)
2026-09-04T15:44:05.7074246Z Collecting pygments>=2.7.2 (from pytest)
2026-09-04T15:44:05.7112145Z   Downloading pygments-2.21.0-py3-none-any.whl.metadata (2.5 kB)
2026-09-04T15:44:05.7182968Z Downloading pytest-9.1.1-py3-none-any.whl (386 kB)
2026-09-04T15:44:05.7476407Z Downloading pluggy-1.6.0-py3-none-any.whl (20 kB)
2026-09-04T15:44:05.7518330Z Downloading iniconfig-2.3.0-py3-none-any.whl (7.5 kB)
2026-09-04T15:44:05.7556106Z Downloading packaging-26.3-py3-none-any.whl (129 kB)
2026-09-04T15:44:05.7630748Z Downloading pygments-2.21.0-py3-none-any.whl (1.3 MB)
2026-09-04T15:44:05.7875334Z    ââââââââââââââââââââââââââââââââââââââââ 1.3/1.3 MB 54.2 MB/s  0:00:00
2026-09-04T15:44:05.8645383Z Installing collected packages: pygments, pluggy, packaging, iniconfig, pytest
2026-09-04T15:44:06.9175139Z 
2026-09-04T15:44:06.9184436Z Successfully installed iniconfig-2.3.0 packaging-26.3 pluggy-1.6.0 pygments-2.21.0 pytest-9.1.1
2026-09-04T15:44:06.9827541Z ##[group]Run python automation/inject_mutation.py --error-type "TypeError"
2026-09-04T15:44:06.9828140Z [36;1mpython automation/inject_mutation.py --error-type "TypeError"[0m
2026-09-04T15:44:06.9870788Z shell: /usr/bin/bash -e {0}
2026-09-04T15:44:06.9871092Z env:
2026-09-04T15:44:06.9871399Z   pythonLocation: /opt/hostedtoolcache/Python/3.11.16/x64
2026-09-04T15:44:06.9872310Z   PKG_CONFIG_PATH: /opt/hostedtoolcache/Python/3.11.16/x64/lib/pkgconfig
2026-09-04T15:44:06.9872752Z   Python_ROOT_DIR: /opt/hostedtoolcache/Python/3.11.16/x64
2026-09-04T15:44:06.9873144Z   Python2_ROOT_DIR: /opt/hostedtoolcache/Python/3.11.16/x64
2026-09-04T15:44:06.9873542Z   Python3_ROOT_DIR: /opt/hostedtoolcache/Python/3.11.16/x64
2026-09-04T15:44:06.9873928Z   LD_LIBRARY_PATH: /opt/hostedtoolcache/Python/3.11.16/x64/lib
2026-09-04T15:44:06.9874260Z ##[endgroup]
2026-09-04T15:44:07.0206993Z [Mutation Injected] Successfully injected TypeError into tests/test_app.py
2026-09-04T15:44:07.0286368Z ##[group]Run pytest tests/test_app.py -v
2026-09-04T15:44:07.0286754Z [36;1mpytest tests/test_app.py -v[0m
2026-09-04T15:44:07.0329075Z shell: /usr/bin/bash -e {0}
2026-09-04T15:44:07.0329340Z env:
2026-09-04T15:44:07.0329628Z   pythonLocation: /opt/hostedtoolcache/Python/3.11.16/x64
2026-09-04T15:44:07.0330078Z   PKG_CONFIG_PATH: /opt/hostedtoolcache/Python/3.11.16/x64/lib/pkgconfig
2026-09-04T15:44:07.0330545Z   Python_ROOT_DIR: /opt/hostedtoolcache/Python/3.11.16/x64
2026-09-04T15:44:07.0330929Z   Python2_ROOT_DIR: /opt/hostedtoolcache/Python/3.11.16/x64
2026-09-04T15:44:07.0331303Z   Python3_ROOT_DIR: /opt/hostedtoolcache/Python/3.11.16/x64
2026-09-04T15:44:07.0331907Z   LD_LIBRARY_PATH: /opt/hostedtoolcache/Python/3.11.16/x64/lib
2026-09-04T15:44:07.0332242Z ##[endgroup]
2026-09-04T15:44:07.4267047Z ============================= test session starts ==============================
2026-09-04T15:44:07.4268460Z platform linux -- Python 3.11.16, pytest-9.1.1, pluggy-1.6.0 -- /opt/hostedtoolcache/Python/3.11.16/x64/bin/python
2026-09-04T15:44:07.4269357Z cachedir: .pytest_cache
2026-09-04T15:44:07.4269840Z rootdir: /home/runner/work/log-generation/log-generation
2026-09-04T15:44:07.4270441Z configfile: pytest.ini
2026-09-04T15:44:07.4352020Z collecting ... collected 6 items
2026-09-04T15:44:07.4352425Z 
2026-09-04T15:44:07.4360340Z tests/test_app.py::test_calculate_division PASSED                        [ 16%]
2026-09-04T15:44:07.4367224Z tests/test_app.py::test_convert_to_int PASSED                            [ 33%]
2026-09-04T15:44:07.4374030Z tests/test_app.py::test_get_list_item PASSED                             [ 50%]
2026-09-04T15:44:07.4380289Z tests/test_app.py::test_get_dict_value PASSED                            [ 66%]
2026-09-04T15:44:07.4386620Z tests/test_app.py::test_assert_positive PASSED                           [ 83%]
2026-09-04T15:44:07.4690309Z tests/test_app.py::test_type_error FAILED                                [100%]
2026-09-04T15:44:07.4691086Z 
2026-09-04T15:44:07.4691786Z =================================== FAILURES ===================================
2026-09-04T15:44:07.4695187Z _______________________________ test_type_error ________________________________
2026-09-04T15:44:07.4696073Z 
2026-09-04T15:44:07.4696386Z     def test_type_error():
2026-09-04T15:44:07.4698135Z         """Injected synthetic TypeError."""
2026-09-04T15:44:07.4698739Z         from src.app import calculate_division
2026-09-04T15:44:07.4699289Z >       calculate_division("invalid_string", 5)
2026-09-04T15:44:07.4699642Z 
2026-09-04T15:44:07.4699838Z tests/test_app.py:133: 
2026-09-04T15:44:07.4700304Z _ _ _ _ _ _ _ _ _ _ _ _ _ _ _ _ _ _ _ _ _ _ _ _ _ _ _ _ _ _ _ _ _ _ _ _ _ _ _ _ 
2026-09-04T15:44:07.4700700Z 
2026-09-04T15:44:07.4700861Z a = 'invalid_string', b = 5
2026-09-04T15:44:07.4701465Z 
2026-09-04T15:44:07.4701830Z     def calculate_division(a, b):
2026-09-04T15:44:07.4702251Z >       return a / b
2026-09-04T15:44:07.4702590Z                ^^^^^
2026-09-04T15:44:07.4703083Z E       TypeError: unsupported operand type(s) for /: 'str' and 'int'
2026-09-04T15:44:07.4703544Z 
2026-09-04T15:44:07.4703698Z src/app.py:2: TypeError
2026-09-04T15:44:07.4704171Z =========================== short test summary info ============================
2026-09-04T15:44:07.4705139Z FAILED tests/test_app.py::test_type_error - TypeError: unsupported operand type(s) for /: 'str' and 'int'
2026-09-04T15:44:07.4706429Z ========================= 1 failed, 5 passed in 0.03s ==========================
2026-09-04T15:44:07.4905339Z ##[error]Process completed with exit code 1.
2026-09-04T15:44:07.5055435Z Node 20 is being deprecated. This workflow is running with Node 24 by default. If you need to temporarily use Node 20, you can set the ACTIONS_ALLOW_USE_UNSECURE_NODE_VERSION=true environment variable. For more information see: https://github.blog/changelog/2025-09-19-deprecation-of-node-20-on-github-actions-runners/
2026-09-04T15:44:07.5057603Z Post job cleanup.
2026-09-04T15:44:07.5958513Z [command]/usr/bin/git version
2026-09-04T15:44:07.6004840Z git version 2.55.0
2026-09-04T15:44:07.6051421Z Temporarily overriding HOME='/home/runner/work/_temp/a22dbbd2-9ad8-4948-8528-23131da6b39c' before making global git config changes
2026-09-04T15:44:07.6054705Z Adding repository directory to the temporary git global config as a safe directory
2026-09-04T15:44:07.6061059Z [command]/usr/bin/git config --global --add safe.directory /home/runner/work/log-generation/log-generation
2026-09-04T15:44:07.6103258Z [command]/usr/bin/git config --local --name-only --get-regexp core\.sshCommand
2026-09-04T15:44:07.6141297Z [command]/usr/bin/git submodule foreach --recursive sh -c "git config --local --name-only --get-regexp 'core\.sshCommand' && git config --local --unset-all 'core.sshCommand' || :"
2026-09-04T15:44:07.6450324Z [command]/usr/bin/git config --local --name-only --get-regexp http\.https\:\/\/github\.com\/\.extraheader
2026-09-04T15:44:07.6481973Z http.https://github.com/.extraheader
2026-09-04T15:44:07.6494095Z [command]/usr/bin/git config --local --unset-all http.https://github.com/.extraheader
2026-09-04T15:44:07.6530058Z [command]/usr/bin/git submodule foreach --recursive sh -c "git config --local --name-only --get-regexp 'http\.https\:\/\/github\.com\/\.extraheader' && git config --local --unset-all 'http.https://github.com/.extraheader' || :"
2026-09-04T15:44:07.6795723Z [command]/usr/bin/git config --local --name-only --get-regexp ^includeIf\.gitdir:
2026-09-04T15:44:07.6834840Z [command]/usr/bin/git submodule foreach --recursive git config --local --show-origin --name-only --get-regexp remote.origin.url
2026-09-04T15:44:07.7272447Z Cleaning up orphan processes
2026-09-04T15:44:07.7555575Z ##[warning]Node.js 20 is deprecated. The following actions target Node.js 20 but are being forced to run on Node.js 24: actions/checkout@v4, actions/setup-python@v5. For more information see: https://github.blog/changelog/2025-09-19-deprecation-of-node-20-on-github-actions-runners/
