ï»¿2026-09-04T11:28:53.9323753Z Current runner version: '2.337.0'
2026-09-04T11:28:53.9349778Z ##[group]Runner Image Provisioner
2026-09-04T11:28:53.9350852Z Hosted Compute Agent
2026-09-04T11:28:53.9351616Z Version: 20260828.587
2026-09-04T11:28:53.9352387Z Commit: abac92662cab4cc7352de4f9f9d2e2419aad9c29
2026-09-04T11:28:53.9353141Z Build Date: 2026-08-28T16:44:25Z
2026-09-04T11:28:53.9354148Z Worker ID: {7966a8cd-1c00-4e8f-809e-6c164bd0f277}
2026-09-04T11:28:53.9354915Z Azure Region: northcentralus
2026-09-04T11:28:53.9355604Z ##[endgroup]
2026-09-04T11:28:53.9357644Z ##[group]Operating System
2026-09-04T11:28:53.9358299Z Ubuntu
2026-09-04T11:28:53.9358925Z 24.04.4
2026-09-04T11:28:53.9359522Z LTS
2026-09-04T11:28:53.9360133Z ##[endgroup]
2026-09-04T11:28:53.9361179Z ##[group]Runner Image
2026-09-04T11:28:53.9361815Z Image: ubuntu-24.04
2026-09-04T11:28:53.9362461Z Version: 20260831.293.1
2026-09-04T11:28:53.9364145Z Included Software: https://github.com/actions/runner-images/blob/ubuntu24/20260831.293/images/ubuntu/Ubuntu2404-Readme.md
2026-09-04T11:28:53.9365822Z Image Release: https://github.com/actions/runner-images/releases/tag/ubuntu24%2F20260831.293
2026-09-04T11:28:53.9366848Z ##[endgroup]
2026-09-04T11:28:53.9368108Z ##[group]GITHUB_TOKEN Permissions
2026-09-04T11:28:53.9370853Z Contents: read
2026-09-04T11:28:53.9371834Z Metadata: read
2026-09-04T11:28:53.9372719Z Packages: read
2026-09-04T11:28:53.9373877Z ##[endgroup]
2026-09-04T11:28:53.9376617Z Secret source: Actions
2026-09-04T11:28:53.9378709Z Prepare workflow directory
2026-09-04T11:28:53.9741711Z Prepare all required actions
2026-09-04T11:28:53.9789778Z Getting action download info
2026-09-04T11:28:54.2558089Z Download action repository 'actions/checkout@v4' (SHA:11d5960a326750d5838078e36cf38b85af677262)
2026-09-04T11:28:54.3780182Z Download action repository 'actions/setup-python@v5' (SHA:a26af69be951a213d495a4c3e4e4022e16d87065)
2026-09-04T11:28:54.5632782Z Complete job name: test-f3 (ValueError #105)
2026-09-04T11:28:54.6370526Z Node 20 is being deprecated. This workflow is running with Node 24 by default. If you need to temporarily use Node 20, you can set the ACTIONS_ALLOW_USE_UNSECURE_NODE_VERSION=true environment variable. For more information see: https://github.blog/changelog/2025-09-19-deprecation-of-node-20-on-github-actions-runners/
2026-09-04T11:28:54.6379383Z ##[group]Run actions/checkout@v4
2026-09-04T11:28:54.6380076Z with:
2026-09-04T11:28:54.6380505Z   fetch-depth: 1
2026-09-04T11:28:54.6380993Z   repository: DhruvHegde/log-generation
2026-09-04T11:28:54.6385403Z   token: ***
2026-09-04T11:28:54.6385846Z   ssh-strict: true
2026-09-04T11:28:54.6386296Z   ssh-user: git
2026-09-04T11:28:54.6386747Z   persist-credentials: true
2026-09-04T11:28:54.6387237Z   clean: true
2026-09-04T11:28:54.6387695Z   sparse-checkout-cone-mode: true
2026-09-04T11:28:54.6388234Z   fetch-tags: false
2026-09-04T11:28:54.6388701Z   show-progress: true
2026-09-04T11:28:54.6389156Z   lfs: false
2026-09-04T11:28:54.6389611Z   submodules: false
2026-09-04T11:28:54.6390084Z   set-safe-directory: true
2026-09-04T11:28:54.6390601Z   allow-unsafe-pr-checkout: false
2026-09-04T11:28:54.6391319Z ##[endgroup]
2026-09-04T11:28:54.7405135Z Syncing repository: DhruvHegde/log-generation
2026-09-04T11:28:54.7406974Z ##[group]Getting Git version info
2026-09-04T11:28:54.7407764Z Working directory is '/home/runner/work/log-generation/log-generation'
2026-09-04T11:28:54.7408862Z [command]/usr/bin/git version
2026-09-04T11:28:54.7468593Z git version 2.55.0
2026-09-04T11:28:54.7489550Z ##[endgroup]
2026-09-04T11:28:54.7503726Z Temporarily overriding HOME='/home/runner/work/_temp/75d22261-c2a3-4c8e-ab8b-3da3530a1366' before making global git config changes
2026-09-04T11:28:54.7506469Z Adding repository directory to the temporary git global config as a safe directory
2026-09-04T11:28:54.7509239Z [command]/usr/bin/git config --global --add safe.directory /home/runner/work/log-generation/log-generation
2026-09-04T11:28:54.7564778Z Deleting the contents of '/home/runner/work/log-generation/log-generation'
2026-09-04T11:28:54.7578086Z ##[group]Initializing the repository
2026-09-04T11:28:54.7582643Z [command]/usr/bin/git init /home/runner/work/log-generation/log-generation
2026-09-04T11:28:54.7681093Z hint: Using 'master' as the name for the initial branch. This default branch name
2026-09-04T11:28:54.7682679Z hint: will change to "main" in Git 3.0. To configure the initial branch name
2026-09-04T11:28:54.7684298Z hint: to use in all of your new repositories, which will suppress this warning,
2026-09-04T11:28:54.7685474Z hint: call:
2026-09-04T11:28:54.7686088Z hint:
2026-09-04T11:28:54.7686855Z hint: 	git config --global init.defaultBranch <name>
2026-09-04T11:28:54.7687823Z hint:
2026-09-04T11:28:54.7688733Z hint: Names commonly chosen instead of 'master' are 'main', 'trunk' and
2026-09-04T11:28:54.7690212Z hint: 'development'. The just-created branch can be renamed via this command:
2026-09-04T11:28:54.7691372Z hint:
2026-09-04T11:28:54.7692059Z hint: 	git branch -m <name>
2026-09-04T11:28:54.7692809Z hint:
2026-09-04T11:28:54.7693990Z hint: Disable this message with "git config set advice.defaultBranchName false"
2026-09-04T11:28:54.7695971Z Initialized empty Git repository in /home/runner/work/log-generation/log-generation/.git/
2026-09-04T11:28:54.7698942Z [command]/usr/bin/git remote add origin https://github.com/DhruvHegde/log-generation
2026-09-04T11:28:54.7749774Z ##[endgroup]
2026-09-04T11:28:54.7751051Z ##[group]Disabling automatic garbage collection
2026-09-04T11:28:54.7753566Z [command]/usr/bin/git config --local gc.auto 0
2026-09-04T11:28:54.7786705Z ##[endgroup]
2026-09-04T11:28:54.7787948Z ##[group]Setting up auth
2026-09-04T11:28:54.7792682Z [command]/usr/bin/git config --local --name-only --get-regexp core\.sshCommand
2026-09-04T11:28:54.7829396Z [command]/usr/bin/git submodule foreach --recursive sh -c "git config --local --name-only --get-regexp 'core\.sshCommand' && git config --local --unset-all 'core.sshCommand' || :"
2026-09-04T11:28:54.8207411Z [command]/usr/bin/git config --local --name-only --get-regexp http\.https\:\/\/github\.com\/\.extraheader
2026-09-04T11:28:54.8249175Z [command]/usr/bin/git submodule foreach --recursive sh -c "git config --local --name-only --get-regexp 'http\.https\:\/\/github\.com\/\.extraheader' && git config --local --unset-all 'http.https://github.com/.extraheader' || :"
2026-09-04T11:28:54.8493959Z [command]/usr/bin/git config --local --name-only --get-regexp ^includeIf\.gitdir:
2026-09-04T11:28:54.8531688Z [command]/usr/bin/git submodule foreach --recursive git config --local --show-origin --name-only --get-regexp remote.origin.url
2026-09-04T11:28:54.8771701Z [command]/usr/bin/git config --local http.https://github.com/.extraheader AUTHORIZATION: basic ***
2026-09-04T11:28:54.8811558Z ##[endgroup]
2026-09-04T11:28:54.8812608Z ##[group]Fetching the repository
2026-09-04T11:28:54.8822113Z [command]/usr/bin/git -c protocol.version=2 fetch --no-tags --prune --no-recurse-submodules --depth=1 origin +0c2ddc82b3a248827557edda9affcd6927945898:refs/remotes/origin/feature/f3-test-failures
2026-09-04T11:28:55.1774105Z From https://github.com/DhruvHegde/log-generation
2026-09-04T11:28:55.1776132Z  * [new ref]         0c2ddc82b3a248827557edda9affcd6927945898 -> origin/feature/f3-test-failures
2026-09-04T11:28:55.1780507Z ##[endgroup]
2026-09-04T11:28:55.1782412Z ##[group]Determining the checkout info
2026-09-04T11:28:55.1784751Z ##[endgroup]
2026-09-04T11:28:55.1789809Z [command]/usr/bin/git sparse-checkout disable
2026-09-04T11:28:55.1842102Z [command]/usr/bin/git config --local --unset-all extensions.worktreeConfig
2026-09-04T11:28:55.1876625Z ##[group]Checking out the ref
2026-09-04T11:28:55.1882224Z [command]/usr/bin/git checkout --progress --force -B feature/f3-test-failures refs/remotes/origin/feature/f3-test-failures
2026-09-04T11:28:55.1966359Z Switched to a new branch 'feature/f3-test-failures'
2026-09-04T11:28:55.1972550Z branch 'feature/f3-test-failures' set up to track 'origin/feature/f3-test-failures'.
2026-09-04T11:28:55.1978133Z ##[endgroup]
2026-09-04T11:28:55.2023173Z [command]/usr/bin/git log -1 --format=%H
2026-09-04T11:28:55.2052281Z 0c2ddc82b3a248827557edda9affcd6927945898
2026-09-04T11:28:55.2341280Z Node 20 is being deprecated. This workflow is running with Node 24 by default. If you need to temporarily use Node 20, you can set the ACTIONS_ALLOW_USE_UNSECURE_NODE_VERSION=true environment variable. For more information see: https://github.blog/changelog/2025-09-19-deprecation-of-node-20-on-github-actions-runners/
2026-09-04T11:28:55.2344494Z ##[group]Run actions/setup-python@v5
2026-09-04T11:28:55.2345086Z with:
2026-09-04T11:28:55.2345548Z   python-version: 3.11
2026-09-04T11:28:55.2346058Z   check-latest: false
2026-09-04T11:28:55.2350486Z   token: ***
2026-09-04T11:28:55.2350963Z   update-environment: true
2026-09-04T11:28:55.2351511Z   allow-prereleases: false
2026-09-04T11:28:55.2352034Z   freethreaded: false
2026-09-04T11:28:55.2352516Z ##[endgroup]
2026-09-04T11:28:55.3638345Z ##[group]Installed versions
2026-09-04T11:28:55.3724109Z (node:2243) [DEP0040] DeprecationWarning: The `punycode` module is deprecated. Please use a userland alternative instead.
2026-09-04T11:28:55.3726111Z (Use `node --trace-deprecation ...` to show where the warning was created)
2026-09-04T11:28:55.3727494Z Successfully set up CPython (3.11.16)
2026-09-04T11:28:55.3729000Z ##[endgroup]
2026-09-04T11:28:55.3902926Z ##[group]Run pip install --no-cache-dir pytest
2026-09-04T11:28:55.3904174Z [36;1mpip install --no-cache-dir pytest[0m
2026-09-04T11:28:55.3958712Z shell: /usr/bin/bash -e {0}
2026-09-04T11:28:55.3959320Z env:
2026-09-04T11:28:55.3959921Z   pythonLocation: /opt/hostedtoolcache/Python/3.11.16/x64
2026-09-04T11:28:55.3960851Z   PKG_CONFIG_PATH: /opt/hostedtoolcache/Python/3.11.16/x64/lib/pkgconfig
2026-09-04T11:28:55.3961753Z   Python_ROOT_DIR: /opt/hostedtoolcache/Python/3.11.16/x64
2026-09-04T11:28:55.3962567Z   Python2_ROOT_DIR: /opt/hostedtoolcache/Python/3.11.16/x64
2026-09-04T11:28:55.3963650Z   Python3_ROOT_DIR: /opt/hostedtoolcache/Python/3.11.16/x64
2026-09-04T11:28:55.3964517Z   LD_LIBRARY_PATH: /opt/hostedtoolcache/Python/3.11.16/x64/lib
2026-09-04T11:28:55.3965222Z ##[endgroup]
2026-09-04T11:28:58.6646574Z Collecting pytest
2026-09-04T11:28:58.7103839Z   Downloading pytest-9.1.1-py3-none-any.whl.metadata (7.6 kB)
2026-09-04T11:28:58.7182090Z Collecting iniconfig>=1.0.1 (from pytest)
2026-09-04T11:28:58.7217891Z   Downloading iniconfig-2.3.0-py3-none-any.whl.metadata (2.5 kB)
2026-09-04T11:28:58.7312745Z Collecting packaging>=22 (from pytest)
2026-09-04T11:28:58.7348302Z   Downloading packaging-26.3-py3-none-any.whl.metadata (3.5 kB)
2026-09-04T11:28:58.7419012Z Collecting pluggy<2,>=1.5 (from pytest)
2026-09-04T11:28:58.7453163Z   Downloading pluggy-1.6.0-py3-none-any.whl.metadata (4.8 kB)
2026-09-04T11:28:58.7586157Z Collecting pygments>=2.7.2 (from pytest)
2026-09-04T11:28:58.7621199Z   Downloading pygments-2.21.0-py3-none-any.whl.metadata (2.5 kB)
2026-09-04T11:28:58.7682559Z Downloading pytest-9.1.1-py3-none-any.whl (386 kB)
2026-09-04T11:28:58.7853583Z Downloading pluggy-1.6.0-py3-none-any.whl (20 kB)
2026-09-04T11:28:58.7887998Z Downloading iniconfig-2.3.0-py3-none-any.whl (7.5 kB)
2026-09-04T11:28:58.7923162Z Downloading packaging-26.3-py3-none-any.whl (129 kB)
2026-09-04T11:28:58.7974335Z Downloading pygments-2.21.0-py3-none-any.whl (1.3 MB)
2026-09-04T11:28:58.8158595Z    ââââââââââââââââââââââââââââââââââââââââ 1.3/1.3 MB 77.9 MB/s  0:00:00
2026-09-04T11:28:58.9945165Z Installing collected packages: pygments, pluggy, packaging, iniconfig, pytest
2026-09-04T11:28:59.9748300Z 
2026-09-04T11:28:59.9758537Z Successfully installed iniconfig-2.3.0 packaging-26.3 pluggy-1.6.0 pygments-2.21.0 pytest-9.1.1
2026-09-04T11:29:00.0295924Z ##[group]Run python automation/inject_mutation.py --error-type "ValueError"
2026-09-04T11:29:00.0296550Z [36;1mpython automation/inject_mutation.py --error-type "ValueError"[0m
2026-09-04T11:29:00.0339096Z shell: /usr/bin/bash -e {0}
2026-09-04T11:29:00.0339379Z env:
2026-09-04T11:29:00.0339677Z   pythonLocation: /opt/hostedtoolcache/Python/3.11.16/x64
2026-09-04T11:29:00.0340369Z   PKG_CONFIG_PATH: /opt/hostedtoolcache/Python/3.11.16/x64/lib/pkgconfig
2026-09-04T11:29:00.0340815Z   Python_ROOT_DIR: /opt/hostedtoolcache/Python/3.11.16/x64
2026-09-04T11:29:00.0341205Z   Python2_ROOT_DIR: /opt/hostedtoolcache/Python/3.11.16/x64
2026-09-04T11:29:00.0341609Z   Python3_ROOT_DIR: /opt/hostedtoolcache/Python/3.11.16/x64
2026-09-04T11:29:00.0341993Z   LD_LIBRARY_PATH: /opt/hostedtoolcache/Python/3.11.16/x64/lib
2026-09-04T11:29:00.0342359Z ##[endgroup]
2026-09-04T11:29:00.0667365Z [Mutation Injected] Successfully injected ValueError into tests/test_app.py
2026-09-04T11:29:00.0739915Z ##[group]Run pytest tests/test_app.py -v
2026-09-04T11:29:00.0740275Z [36;1mpytest tests/test_app.py -v[0m
2026-09-04T11:29:00.0779371Z shell: /usr/bin/bash -e {0}
2026-09-04T11:29:00.0779635Z env:
2026-09-04T11:29:00.0779912Z   pythonLocation: /opt/hostedtoolcache/Python/3.11.16/x64
2026-09-04T11:29:00.0780359Z   PKG_CONFIG_PATH: /opt/hostedtoolcache/Python/3.11.16/x64/lib/pkgconfig
2026-09-04T11:29:00.0780806Z   Python_ROOT_DIR: /opt/hostedtoolcache/Python/3.11.16/x64
2026-09-04T11:29:00.0781192Z   Python2_ROOT_DIR: /opt/hostedtoolcache/Python/3.11.16/x64
2026-09-04T11:29:00.0781572Z   Python3_ROOT_DIR: /opt/hostedtoolcache/Python/3.11.16/x64
2026-09-04T11:29:00.0781948Z   LD_LIBRARY_PATH: /opt/hostedtoolcache/Python/3.11.16/x64/lib
2026-09-04T11:29:00.0782278Z ##[endgroup]
2026-09-04T11:29:00.5265328Z ============================= test session starts ==============================
2026-09-04T11:29:00.5266443Z platform linux -- Python 3.11.16, pytest-9.1.1, pluggy-1.6.0 -- /opt/hostedtoolcache/Python/3.11.16/x64/bin/python
2026-09-04T11:29:00.5267302Z cachedir: .pytest_cache
2026-09-04T11:29:00.5267789Z rootdir: /home/runner/work/log-generation/log-generation
2026-09-04T11:29:00.5268361Z configfile: pytest.ini
2026-09-04T11:29:00.5345331Z collecting ... collected 6 items
2026-09-04T11:29:00.5345810Z 
2026-09-04T11:29:00.5354528Z tests/test_app.py::test_calculate_division PASSED                        [ 16%]
2026-09-04T11:29:00.5361813Z tests/test_app.py::test_convert_to_int PASSED                            [ 33%]
2026-09-04T11:29:00.5369857Z tests/test_app.py::test_get_list_item PASSED                             [ 50%]
2026-09-04T11:29:00.5376925Z tests/test_app.py::test_get_dict_value PASSED                            [ 66%]
2026-09-04T11:29:00.5384016Z tests/test_app.py::test_assert_positive PASSED                           [ 83%]
2026-09-04T11:29:00.5671407Z tests/test_app.py::test_value_error FAILED                               [100%]
2026-09-04T11:29:00.5672074Z 
2026-09-04T11:29:00.5672323Z =================================== FAILURES ===================================
2026-09-04T11:29:00.5672950Z _______________________________ test_value_error _______________________________
2026-09-04T11:29:00.5673538Z 
2026-09-04T11:29:00.5673673Z     def test_value_error():
2026-09-04T11:29:00.5674077Z         """Injected synthetic ValueError."""
2026-09-04T11:29:00.5674587Z         from src.app import convert_to_int
2026-09-04T11:29:00.5675139Z >       convert_to_int("unparseable_alphanumeric_0x99")
2026-09-04T11:29:00.5675523Z 
2026-09-04T11:29:00.5675678Z tests/test_app.py:131: 
2026-09-04T11:29:00.5676135Z _ _ _ _ _ _ _ _ _ _ _ _ _ _ _ _ _ _ _ _ _ _ _ _ _ _ _ _ _ _ _ _ _ _ _ _ _ _ _ _ 
2026-09-04T11:29:00.5676534Z 
2026-09-04T11:29:00.5676729Z val = 'unparseable_alphanumeric_0x99'
2026-09-04T11:29:00.5677041Z 
2026-09-04T11:29:00.5677191Z     def convert_to_int(val):
2026-09-04T11:29:00.5677564Z >       return int(val)
2026-09-04T11:29:00.5677899Z                ^^^^^^^^
2026-09-04T11:29:00.5678525Z E       ValueError: invalid literal for int() with base 10: 'unparseable_alphanumeric_0x99'
2026-09-04T11:29:00.5679085Z 
2026-09-04T11:29:00.5679238Z src/app.py:5: ValueError
2026-09-04T11:29:00.5679706Z =========================== short test summary info ============================
2026-09-04T11:29:00.5680803Z FAILED tests/test_app.py::test_value_error - ValueError: invalid literal for int() with base 10: 'unparseable_alphanumeric_0x99'
2026-09-04T11:29:00.5682105Z ========================= 1 failed, 5 passed in 0.03s ==========================
2026-09-04T11:29:00.5880436Z ##[error]Process completed with exit code 1.
2026-09-04T11:29:00.6023049Z Node 20 is being deprecated. This workflow is running with Node 24 by default. If you need to temporarily use Node 20, you can set the ACTIONS_ALLOW_USE_UNSECURE_NODE_VERSION=true environment variable. For more information see: https://github.blog/changelog/2025-09-19-deprecation-of-node-20-on-github-actions-runners/
2026-09-04T11:29:00.6024389Z Post job cleanup.
2026-09-04T11:29:00.6868215Z [command]/usr/bin/git version
2026-09-04T11:29:00.6911840Z git version 2.55.0
2026-09-04T11:29:00.6948916Z Temporarily overriding HOME='/home/runner/work/_temp/8e88d6e4-8a3a-45e1-bedf-52c4fa96da5f' before making global git config changes
2026-09-04T11:29:00.6950260Z Adding repository directory to the temporary git global config as a safe directory
2026-09-04T11:29:00.6955067Z [command]/usr/bin/git config --global --add safe.directory /home/runner/work/log-generation/log-generation
2026-09-04T11:29:00.6997890Z [command]/usr/bin/git config --local --name-only --get-regexp core\.sshCommand
2026-09-04T11:29:00.7036007Z [command]/usr/bin/git submodule foreach --recursive sh -c "git config --local --name-only --get-regexp 'core\.sshCommand' && git config --local --unset-all 'core.sshCommand' || :"
2026-09-04T11:29:00.7302410Z [command]/usr/bin/git config --local --name-only --get-regexp http\.https\:\/\/github\.com\/\.extraheader
2026-09-04T11:29:00.7332389Z http.https://github.com/.extraheader
2026-09-04T11:29:00.7345000Z [command]/usr/bin/git config --local --unset-all http.https://github.com/.extraheader
2026-09-04T11:29:00.7384734Z [command]/usr/bin/git submodule foreach --recursive sh -c "git config --local --name-only --get-regexp 'http\.https\:\/\/github\.com\/\.extraheader' && git config --local --unset-all 'http.https://github.com/.extraheader' || :"
2026-09-04T11:29:00.7658806Z [command]/usr/bin/git config --local --name-only --get-regexp ^includeIf\.gitdir:
2026-09-04T11:29:00.7699270Z [command]/usr/bin/git submodule foreach --recursive git config --local --show-origin --name-only --get-regexp remote.origin.url
2026-09-04T11:29:00.8119061Z Cleaning up orphan processes
2026-09-04T11:29:00.8390530Z ##[warning]Node.js 20 is deprecated. The following actions target Node.js 20 but are being forced to run on Node.js 24: actions/checkout@v4, actions/setup-python@v5. For more information see: https://github.blog/changelog/2025-09-19-deprecation-of-node-20-on-github-actions-runners/
