ï»¿2026-09-04T15:44:37.4595464Z Current runner version: '2.337.0'
2026-09-04T15:44:37.4620384Z ##[group]Runner Image Provisioner
2026-09-04T15:44:37.4621353Z Hosted Compute Agent
2026-09-04T15:44:37.4621997Z Version: 20260828.587
2026-09-04T15:44:37.4622709Z Commit: abac92662cab4cc7352de4f9f9d2e2419aad9c29
2026-09-04T15:44:37.4623531Z Build Date: 2026-08-28T16:44:25Z
2026-09-04T15:44:37.4624628Z Worker ID: {5980acce-4641-42d0-a2be-7d3a45b6ceca}
2026-09-04T15:44:37.4625451Z Azure Region: westus
2026-09-04T15:44:37.4626033Z ##[endgroup]
2026-09-04T15:44:37.4627926Z ##[group]Operating System
2026-09-04T15:44:37.4628644Z Ubuntu
2026-09-04T15:44:37.4629185Z 24.04.4
2026-09-04T15:44:37.4629762Z LTS
2026-09-04T15:44:37.4630315Z ##[endgroup]
2026-09-04T15:44:37.4631261Z ##[group]Runner Image
2026-09-04T15:44:37.4631961Z Image: ubuntu-24.04
2026-09-04T15:44:37.4632534Z Version: 20260831.293.1
2026-09-04T15:44:37.4634063Z Included Software: https://github.com/actions/runner-images/blob/ubuntu24/20260831.293/images/ubuntu/Ubuntu2404-Readme.md
2026-09-04T15:44:37.4635724Z Image Release: https://github.com/actions/runner-images/releases/tag/ubuntu24%2F20260831.293
2026-09-04T15:44:37.4636764Z ##[endgroup]
2026-09-04T15:44:37.4637931Z ##[group]GITHUB_TOKEN Permissions
2026-09-04T15:44:37.4640234Z Contents: read
2026-09-04T15:44:37.4640838Z Metadata: read
2026-09-04T15:44:37.4641527Z Packages: read
2026-09-04T15:44:37.4642093Z ##[endgroup]
2026-09-04T15:44:37.4644465Z Secret source: Actions
2026-09-04T15:44:37.4646015Z Prepare workflow directory
2026-09-04T15:44:37.4987400Z Prepare all required actions
2026-09-04T15:44:37.5038348Z Getting action download info
2026-09-04T15:44:37.8949512Z Download action repository 'actions/checkout@v4' (SHA:11d5960a326750d5838078e36cf38b85af677262)
2026-09-04T15:44:38.0202751Z Download action repository 'actions/setup-python@v5' (SHA:a26af69be951a213d495a4c3e4e4022e16d87065)
2026-09-04T15:44:38.2427895Z Complete job name: test-f3 (AssertionError #88)
2026-09-04T15:44:38.3216776Z Node 20 is being deprecated. This workflow is running with Node 24 by default. If you need to temporarily use Node 20, you can set the ACTIONS_ALLOW_USE_UNSECURE_NODE_VERSION=true environment variable. For more information see: https://github.blog/changelog/2025-09-19-deprecation-of-node-20-on-github-actions-runners/
2026-09-04T15:44:38.3225649Z ##[group]Run actions/checkout@v4
2026-09-04T15:44:38.3226404Z with:
2026-09-04T15:44:38.3226840Z   fetch-depth: 1
2026-09-04T15:44:38.3227329Z   repository: DhruvHegde/log-generation
2026-09-04T15:44:38.3231140Z   token: ***
2026-09-04T15:44:38.3231579Z   ssh-strict: true
2026-09-04T15:44:38.3232023Z   ssh-user: git
2026-09-04T15:44:38.3232472Z   persist-credentials: true
2026-09-04T15:44:38.3232966Z   clean: true
2026-09-04T15:44:38.3233419Z   sparse-checkout-cone-mode: true
2026-09-04T15:44:38.3234144Z   fetch-tags: false
2026-09-04T15:44:38.3234599Z   show-progress: true
2026-09-04T15:44:38.3235045Z   lfs: false
2026-09-04T15:44:38.3235503Z   submodules: false
2026-09-04T15:44:38.3235959Z   set-safe-directory: true
2026-09-04T15:44:38.3236479Z   allow-unsafe-pr-checkout: false
2026-09-04T15:44:38.3237261Z ##[endgroup]
2026-09-04T15:44:38.4257946Z Syncing repository: DhruvHegde/log-generation
2026-09-04T15:44:38.4260448Z ##[group]Getting Git version info
2026-09-04T15:44:38.4261803Z Working directory is '/home/runner/work/log-generation/log-generation'
2026-09-04T15:44:38.4264268Z [command]/usr/bin/git version
2026-09-04T15:44:38.4327848Z git version 2.55.0
2026-09-04T15:44:38.4361549Z ##[endgroup]
2026-09-04T15:44:38.4389815Z Temporarily overriding HOME='/home/runner/work/_temp/eda4e350-18ad-4d93-8aea-bf3a533b1260' before making global git config changes
2026-09-04T15:44:38.4391727Z Adding repository directory to the temporary git global config as a safe directory
2026-09-04T15:44:38.4397523Z [command]/usr/bin/git config --global --add safe.directory /home/runner/work/log-generation/log-generation
2026-09-04T15:44:38.4453467Z Deleting the contents of '/home/runner/work/log-generation/log-generation'
2026-09-04T15:44:38.4456874Z ##[group]Initializing the repository
2026-09-04T15:44:38.4461968Z [command]/usr/bin/git init /home/runner/work/log-generation/log-generation
2026-09-04T15:44:38.4573885Z hint: Using 'master' as the name for the initial branch. This default branch name
2026-09-04T15:44:38.4575757Z hint: will change to "main" in Git 3.0. To configure the initial branch name
2026-09-04T15:44:38.4577379Z hint: to use in all of your new repositories, which will suppress this warning,
2026-09-04T15:44:38.4578875Z hint: call:
2026-09-04T15:44:38.4579329Z hint:
2026-09-04T15:44:38.4579910Z hint: 	git config --global init.defaultBranch <name>
2026-09-04T15:44:38.4580618Z hint:
2026-09-04T15:44:38.4581283Z hint: Names commonly chosen instead of 'master' are 'main', 'trunk' and
2026-09-04T15:44:38.4582366Z hint: 'development'. The just-created branch can be renamed via this command:
2026-09-04T15:44:38.4583225Z hint:
2026-09-04T15:44:38.4583897Z hint: 	git branch -m <name>
2026-09-04T15:44:38.4584445Z hint:
2026-09-04T15:44:38.4585167Z hint: Disable this message with "git config set advice.defaultBranchName false"
2026-09-04T15:44:38.4590873Z Initialized empty Git repository in /home/runner/work/log-generation/log-generation/.git/
2026-09-04T15:44:38.4609818Z [command]/usr/bin/git remote add origin https://github.com/DhruvHegde/log-generation
2026-09-04T15:44:38.4653077Z ##[endgroup]
2026-09-04T15:44:38.4654466Z ##[group]Disabling automatic garbage collection
2026-09-04T15:44:38.4657802Z [command]/usr/bin/git config --local gc.auto 0
2026-09-04T15:44:38.4690292Z ##[endgroup]
2026-09-04T15:44:38.4691324Z ##[group]Setting up auth
2026-09-04T15:44:38.4698004Z [command]/usr/bin/git config --local --name-only --get-regexp core\.sshCommand
2026-09-04T15:44:38.4732226Z [command]/usr/bin/git submodule foreach --recursive sh -c "git config --local --name-only --get-regexp 'core\.sshCommand' && git config --local --unset-all 'core.sshCommand' || :"
2026-09-04T15:44:38.5109497Z [command]/usr/bin/git config --local --name-only --get-regexp http\.https\:\/\/github\.com\/\.extraheader
2026-09-04T15:44:38.5150253Z [command]/usr/bin/git submodule foreach --recursive sh -c "git config --local --name-only --get-regexp 'http\.https\:\/\/github\.com\/\.extraheader' && git config --local --unset-all 'http.https://github.com/.extraheader' || :"
2026-09-04T15:44:38.5400836Z [command]/usr/bin/git config --local --name-only --get-regexp ^includeIf\.gitdir:
2026-09-04T15:44:38.5446459Z [command]/usr/bin/git submodule foreach --recursive git config --local --show-origin --name-only --get-regexp remote.origin.url
2026-09-04T15:44:38.5699357Z [command]/usr/bin/git config --local http.https://github.com/.extraheader AUTHORIZATION: basic ***
2026-09-04T15:44:38.5744643Z ##[endgroup]
2026-09-04T15:44:38.5746316Z ##[group]Fetching the repository
2026-09-04T15:44:38.5758211Z [command]/usr/bin/git -c protocol.version=2 fetch --no-tags --prune --no-recurse-submodules --depth=1 origin +ff2db557a0a8df7e538c7d2e729be8ed403658e2:refs/remotes/origin/feature/f3-test-failures
2026-09-04T15:44:39.1748114Z From https://github.com/DhruvHegde/log-generation
2026-09-04T15:44:39.1749410Z  * [new ref]         ff2db557a0a8df7e538c7d2e729be8ed403658e2 -> origin/feature/f3-test-failures
2026-09-04T15:44:39.1752440Z ##[endgroup]
2026-09-04T15:44:39.1753278Z ##[group]Determining the checkout info
2026-09-04T15:44:39.1755449Z ##[endgroup]
2026-09-04T15:44:39.1761469Z [command]/usr/bin/git sparse-checkout disable
2026-09-04T15:44:39.1811650Z [command]/usr/bin/git config --local --unset-all extensions.worktreeConfig
2026-09-04T15:44:39.1843062Z ##[group]Checking out the ref
2026-09-04T15:44:39.1847964Z [command]/usr/bin/git checkout --progress --force -B feature/f3-test-failures refs/remotes/origin/feature/f3-test-failures
2026-09-04T15:44:39.2584401Z Switched to a new branch 'feature/f3-test-failures'
2026-09-04T15:44:39.2590515Z branch 'feature/f3-test-failures' set up to track 'origin/feature/f3-test-failures'.
2026-09-04T15:44:39.2601308Z ##[endgroup]
2026-09-04T15:44:39.2647247Z [command]/usr/bin/git log -1 --format=%H
2026-09-04T15:44:39.2675350Z ff2db557a0a8df7e538c7d2e729be8ed403658e2
2026-09-04T15:44:39.3047301Z Node 20 is being deprecated. This workflow is running with Node 24 by default. If you need to temporarily use Node 20, you can set the ACTIONS_ALLOW_USE_UNSECURE_NODE_VERSION=true environment variable. For more information see: https://github.blog/changelog/2025-09-19-deprecation-of-node-20-on-github-actions-runners/
2026-09-04T15:44:39.3053243Z ##[group]Run actions/setup-python@v5
2026-09-04T15:44:39.3054694Z with:
2026-09-04T15:44:39.3055669Z   python-version: 3.11
2026-09-04T15:44:39.3056803Z   check-latest: false
2026-09-04T15:44:39.3067270Z   token: ***
2026-09-04T15:44:39.3068312Z   update-environment: true
2026-09-04T15:44:39.3069515Z   allow-prereleases: false
2026-09-04T15:44:39.3070687Z   freethreaded: false
2026-09-04T15:44:39.3071720Z ##[endgroup]
2026-09-04T15:44:39.4431903Z ##[group]Installed versions
2026-09-04T15:44:39.4964620Z (node:2190) [DEP0040] DeprecationWarning: The `punycode` module is deprecated. Please use a userland alternative instead.
2026-09-04T15:44:39.4969243Z (Use `node --trace-deprecation ...` to show where the warning was created)
2026-09-04T15:44:39.4971450Z Successfully set up CPython (3.11.16)
2026-09-04T15:44:39.4973834Z ##[endgroup]
2026-09-04T15:44:39.5213971Z ##[group]Run pip install --no-cache-dir pytest
2026-09-04T15:44:39.5215652Z [36;1mpip install --no-cache-dir pytest[0m
2026-09-04T15:44:39.5322606Z shell: /usr/bin/bash -e {0}
2026-09-04T15:44:39.5406288Z env:
2026-09-04T15:44:39.5407662Z   pythonLocation: /opt/hostedtoolcache/Python/3.11.16/x64
2026-09-04T15:44:39.5409553Z   PKG_CONFIG_PATH: /opt/hostedtoolcache/Python/3.11.16/x64/lib/pkgconfig
2026-09-04T15:44:39.5411476Z   Python_ROOT_DIR: /opt/hostedtoolcache/Python/3.11.16/x64
2026-09-04T15:44:39.5413142Z   Python2_ROOT_DIR: /opt/hostedtoolcache/Python/3.11.16/x64
2026-09-04T15:44:39.5415499Z   Python3_ROOT_DIR: /opt/hostedtoolcache/Python/3.11.16/x64
2026-09-04T15:44:39.5417273Z   LD_LIBRARY_PATH: /opt/hostedtoolcache/Python/3.11.16/x64/lib
2026-09-04T15:44:39.5418701Z ##[endgroup]
2026-09-04T15:44:42.7493235Z Collecting pytest
2026-09-04T15:44:42.7971377Z   Downloading pytest-9.1.1-py3-none-any.whl.metadata (7.6 kB)
2026-09-04T15:44:42.8048944Z Collecting iniconfig>=1.0.1 (from pytest)
2026-09-04T15:44:42.8099618Z   Downloading iniconfig-2.3.0-py3-none-any.whl.metadata (2.5 kB)
2026-09-04T15:44:42.8192652Z Collecting packaging>=22 (from pytest)
2026-09-04T15:44:42.8226910Z   Downloading packaging-26.3-py3-none-any.whl.metadata (3.5 kB)
2026-09-04T15:44:42.8298500Z Collecting pluggy<2,>=1.5 (from pytest)
2026-09-04T15:44:42.8332349Z   Downloading pluggy-1.6.0-py3-none-any.whl.metadata (4.8 kB)
2026-09-04T15:44:42.8458329Z Collecting pygments>=2.7.2 (from pytest)
2026-09-04T15:44:42.8490838Z   Downloading pygments-2.21.0-py3-none-any.whl.metadata (2.5 kB)
2026-09-04T15:44:42.8550663Z Downloading pytest-9.1.1-py3-none-any.whl (386 kB)
2026-09-04T15:44:42.8753385Z Downloading pluggy-1.6.0-py3-none-any.whl (20 kB)
2026-09-04T15:44:42.8787357Z Downloading iniconfig-2.3.0-py3-none-any.whl (7.5 kB)
2026-09-04T15:44:42.8820540Z Downloading packaging-26.3-py3-none-any.whl (129 kB)
2026-09-04T15:44:42.8858930Z Downloading pygments-2.21.0-py3-none-any.whl (1.3 MB)
2026-09-04T15:44:42.8929771Z    ââââââââââââââââââââââââââââââââââââââââ 1.3/1.3 MB 302.1 MB/s  0:00:00
2026-09-04T15:44:43.0670253Z Installing collected packages: pygments, pluggy, packaging, iniconfig, pytest
2026-09-04T15:44:44.0066556Z 
2026-09-04T15:44:44.0080671Z Successfully installed iniconfig-2.3.0 packaging-26.3 pluggy-1.6.0 pygments-2.21.0 pytest-9.1.1
2026-09-04T15:44:44.0604938Z ##[group]Run python automation/inject_mutation.py --error-type "AssertionError"
2026-09-04T15:44:44.0605616Z [36;1mpython automation/inject_mutation.py --error-type "AssertionError"[0m
2026-09-04T15:44:44.0644359Z shell: /usr/bin/bash -e {0}
2026-09-04T15:44:44.0644648Z env:
2026-09-04T15:44:44.0644949Z   pythonLocation: /opt/hostedtoolcache/Python/3.11.16/x64
2026-09-04T15:44:44.0645669Z   PKG_CONFIG_PATH: /opt/hostedtoolcache/Python/3.11.16/x64/lib/pkgconfig
2026-09-04T15:44:44.0646161Z   Python_ROOT_DIR: /opt/hostedtoolcache/Python/3.11.16/x64
2026-09-04T15:44:44.0646592Z   Python2_ROOT_DIR: /opt/hostedtoolcache/Python/3.11.16/x64
2026-09-04T15:44:44.0647037Z   Python3_ROOT_DIR: /opt/hostedtoolcache/Python/3.11.16/x64
2026-09-04T15:44:44.0647491Z   LD_LIBRARY_PATH: /opt/hostedtoolcache/Python/3.11.16/x64/lib
2026-09-04T15:44:44.0647894Z ##[endgroup]
2026-09-04T15:44:44.0955846Z [Mutation Injected] Successfully injected AssertionError into tests/test_app.py
2026-09-04T15:44:44.1031082Z ##[group]Run pytest tests/test_app.py -v
2026-09-04T15:44:44.1031475Z [36;1mpytest tests/test_app.py -v[0m
2026-09-04T15:44:44.1068873Z shell: /usr/bin/bash -e {0}
2026-09-04T15:44:44.1069165Z env:
2026-09-04T15:44:44.1069465Z   pythonLocation: /opt/hostedtoolcache/Python/3.11.16/x64
2026-09-04T15:44:44.1069953Z   PKG_CONFIG_PATH: /opt/hostedtoolcache/Python/3.11.16/x64/lib/pkgconfig
2026-09-04T15:44:44.1070461Z   Python_ROOT_DIR: /opt/hostedtoolcache/Python/3.11.16/x64
2026-09-04T15:44:44.1070894Z   Python2_ROOT_DIR: /opt/hostedtoolcache/Python/3.11.16/x64
2026-09-04T15:44:44.1071321Z   Python3_ROOT_DIR: /opt/hostedtoolcache/Python/3.11.16/x64
2026-09-04T15:44:44.1071765Z   LD_LIBRARY_PATH: /opt/hostedtoolcache/Python/3.11.16/x64/lib
2026-09-04T15:44:44.1072134Z ##[endgroup]
2026-09-04T15:44:44.6887826Z ============================= test session starts ==============================
2026-09-04T15:44:44.6888802Z platform linux -- Python 3.11.16, pytest-9.1.1, pluggy-1.6.0 -- /opt/hostedtoolcache/Python/3.11.16/x64/bin/python
2026-09-04T15:44:44.6889543Z cachedir: .pytest_cache
2026-09-04T15:44:44.6889957Z rootdir: /home/runner/work/log-generation/log-generation
2026-09-04T15:44:44.6979838Z configfile: pytest.ini
2026-09-04T15:44:44.6980419Z collecting ... collected 6 items
2026-09-04T15:44:44.6980703Z 
2026-09-04T15:44:44.6988596Z tests/test_app.py::test_calculate_division PASSED                        [ 16%]
2026-09-04T15:44:44.6996001Z tests/test_app.py::test_convert_to_int PASSED                            [ 33%]
2026-09-04T15:44:44.7003221Z tests/test_app.py::test_get_list_item PASSED                             [ 50%]
2026-09-04T15:44:44.7010265Z tests/test_app.py::test_get_dict_value PASSED                            [ 66%]
2026-09-04T15:44:44.7017107Z tests/test_app.py::test_assert_positive PASSED                           [ 83%]
2026-09-04T15:44:44.7266530Z tests/test_app.py::test_assertion_failure FAILED                         [100%]
2026-09-04T15:44:44.7267075Z 
2026-09-04T15:44:44.7267328Z =================================== FAILURES ===================================
2026-09-04T15:44:44.7268010Z ____________________________ test_assertion_failure ____________________________
2026-09-04T15:44:44.7268459Z 
2026-09-04T15:44:44.7268624Z     def test_assertion_failure():
2026-09-04T15:44:44.7269131Z         """Injected synthetic AssertionError."""
2026-09-04T15:44:44.7269647Z         expected_status = 200
2026-09-04T15:44:44.7270044Z         actual_status = 500
2026-09-04T15:44:44.7270758Z >       assert actual_status == expected_status, f"Expected {expected_status}, received {actual_status}"
2026-09-04T15:44:44.7271594Z E       AssertionError: Expected 200, received 500
2026-09-04T15:44:44.7272081Z E       assert 500 == 200
2026-09-04T15:44:44.7272324Z 
2026-09-04T15:44:44.7272509Z tests/test_app.py:134: AssertionError
2026-09-04T15:44:44.7273041Z =========================== short test summary info ============================
2026-09-04T15:44:44.7274191Z FAILED tests/test_app.py::test_assertion_failure - AssertionError: Expected 200, received 500
2026-09-04T15:44:44.7274934Z assert 500 == 200
2026-09-04T15:44:44.7275357Z ========================= 1 failed, 5 passed in 0.03s ==========================
2026-09-04T15:44:44.7453255Z ##[error]Process completed with exit code 1.
2026-09-04T15:44:44.7603819Z Node 20 is being deprecated. This workflow is running with Node 24 by default. If you need to temporarily use Node 20, you can set the ACTIONS_ALLOW_USE_UNSECURE_NODE_VERSION=true environment variable. For more information see: https://github.blog/changelog/2025-09-19-deprecation-of-node-20-on-github-actions-runners/
2026-09-04T15:44:44.7605364Z Post job cleanup.
2026-09-04T15:44:44.8460788Z [command]/usr/bin/git version
2026-09-04T15:44:44.8504104Z git version 2.55.0
2026-09-04T15:44:44.8544496Z Temporarily overriding HOME='/home/runner/work/_temp/d057638c-01f4-431b-9078-0e035bfaa862' before making global git config changes
2026-09-04T15:44:44.8546035Z Adding repository directory to the temporary git global config as a safe directory
2026-09-04T15:44:44.8559985Z [command]/usr/bin/git config --global --add safe.directory /home/runner/work/log-generation/log-generation
2026-09-04T15:44:44.8594466Z [command]/usr/bin/git config --local --name-only --get-regexp core\.sshCommand
2026-09-04T15:44:44.8629961Z [command]/usr/bin/git submodule foreach --recursive sh -c "git config --local --name-only --get-regexp 'core\.sshCommand' && git config --local --unset-all 'core.sshCommand' || :"
2026-09-04T15:44:44.8885268Z [command]/usr/bin/git config --local --name-only --get-regexp http\.https\:\/\/github\.com\/\.extraheader
2026-09-04T15:44:44.8914245Z http.https://github.com/.extraheader
2026-09-04T15:44:44.8929473Z [command]/usr/bin/git config --local --unset-all http.https://github.com/.extraheader
2026-09-04T15:44:44.8965053Z [command]/usr/bin/git submodule foreach --recursive sh -c "git config --local --name-only --get-regexp 'http\.https\:\/\/github\.com\/\.extraheader' && git config --local --unset-all 'http.https://github.com/.extraheader' || :"
2026-09-04T15:44:44.9277899Z [command]/usr/bin/git config --local --name-only --get-regexp ^includeIf\.gitdir:
2026-09-04T15:44:44.9328822Z [command]/usr/bin/git submodule foreach --recursive git config --local --show-origin --name-only --get-regexp remote.origin.url
2026-09-04T15:44:44.9743118Z Cleaning up orphan processes
2026-09-04T15:44:45.0036676Z ##[warning]Node.js 20 is deprecated. The following actions target Node.js 20 but are being forced to run on Node.js 24: actions/checkout@v4, actions/setup-python@v5. For more information see: https://github.blog/changelog/2025-09-19-deprecation-of-node-20-on-github-actions-runners/
