ï»¿2026-09-04T11:29:17.1726139Z Current runner version: '2.337.0'
2026-09-04T11:29:17.1754348Z ##[group]Runner Image Provisioner
2026-09-04T11:29:17.1755255Z Hosted Compute Agent
2026-09-04T11:29:17.1755978Z Version: 20260828.587
2026-09-04T11:29:17.1756641Z Commit: abac92662cab4cc7352de4f9f9d2e2419aad9c29
2026-09-04T11:29:17.1757443Z Build Date: 2026-08-28T16:44:25Z
2026-09-04T11:29:17.1758396Z Worker ID: {92f3ed21-f02a-437f-bdd1-61cd547e0c30}
2026-09-04T11:29:17.1759248Z Azure Region: centralus
2026-09-04T11:29:17.1759980Z ##[endgroup]
2026-09-04T11:29:17.1761442Z ##[group]Operating System
2026-09-04T11:29:17.1762196Z Ubuntu
2026-09-04T11:29:17.1762796Z 24.04.4
2026-09-04T11:29:17.1763336Z LTS
2026-09-04T11:29:17.1764382Z ##[endgroup]
2026-09-04T11:29:17.1764972Z ##[group]Runner Image
2026-09-04T11:29:17.1765613Z Image: ubuntu-24.04
2026-09-04T11:29:17.1766325Z Version: 20260831.293.1
2026-09-04T11:29:17.1767585Z Included Software: https://github.com/actions/runner-images/blob/ubuntu24/20260831.293/images/ubuntu/Ubuntu2404-Readme.md
2026-09-04T11:29:17.1769749Z Image Release: https://github.com/actions/runner-images/releases/tag/ubuntu24%2F20260831.293
2026-09-04T11:29:17.1770791Z ##[endgroup]
2026-09-04T11:29:17.1772145Z ##[group]GITHUB_TOKEN Permissions
2026-09-04T11:29:17.1774585Z Contents: read
2026-09-04T11:29:17.1775228Z Metadata: read
2026-09-04T11:29:17.1775845Z Packages: read
2026-09-04T11:29:17.1776484Z ##[endgroup]
2026-09-04T11:29:17.1779098Z Secret source: Actions
2026-09-04T11:29:17.1780561Z Prepare workflow directory
2026-09-04T11:29:17.2142485Z Prepare all required actions
2026-09-04T11:29:17.2194221Z Getting action download info
2026-09-04T11:29:17.4767078Z Download action repository 'actions/checkout@v4' (SHA:11d5960a326750d5838078e36cf38b85af677262)
2026-09-04T11:29:17.6245901Z Download action repository 'actions/setup-python@v5' (SHA:a26af69be951a213d495a4c3e4e4022e16d87065)
2026-09-04T11:29:17.8873885Z Complete job name: test-f3 (FileNotFoundError #143)
2026-09-04T11:29:17.9732621Z Node 20 is being deprecated. This workflow is running with Node 24 by default. If you need to temporarily use Node 20, you can set the ACTIONS_ALLOW_USE_UNSECURE_NODE_VERSION=true environment variable. For more information see: https://github.blog/changelog/2025-09-19-deprecation-of-node-20-on-github-actions-runners/
2026-09-04T11:29:17.9745796Z ##[group]Run actions/checkout@v4
2026-09-04T11:29:17.9746848Z with:
2026-09-04T11:29:17.9747491Z   fetch-depth: 1
2026-09-04T11:29:17.9748500Z   repository: DhruvHegde/log-generation
2026-09-04T11:29:17.9755316Z   token: ***
2026-09-04T11:29:17.9755989Z   ssh-strict: true
2026-09-04T11:29:17.9756668Z   ssh-user: git
2026-09-04T11:29:17.9757360Z   persist-credentials: true
2026-09-04T11:29:17.9758277Z   clean: true
2026-09-04T11:29:17.9758977Z   sparse-checkout-cone-mode: true
2026-09-04T11:29:17.9759715Z   fetch-tags: false
2026-09-04T11:29:17.9760372Z   show-progress: true
2026-09-04T11:29:17.9761056Z   lfs: false
2026-09-04T11:29:17.9761781Z   submodules: false
2026-09-04T11:29:17.9762504Z   set-safe-directory: true
2026-09-04T11:29:17.9763329Z   allow-unsafe-pr-checkout: false
2026-09-04T11:29:17.9764495Z ##[endgroup]
2026-09-04T11:29:18.0845154Z Syncing repository: DhruvHegde/log-generation
2026-09-04T11:29:18.0847745Z ##[group]Getting Git version info
2026-09-04T11:29:18.0849203Z Working directory is '/home/runner/work/log-generation/log-generation'
2026-09-04T11:29:18.0850968Z [command]/usr/bin/git version
2026-09-04T11:29:18.0877589Z git version 2.55.0
2026-09-04T11:29:18.0911320Z ##[endgroup]
2026-09-04T11:29:18.0920416Z Temporarily overriding HOME='/home/runner/work/_temp/51f63801-ac0d-486c-bbab-c249814029f6' before making global git config changes
2026-09-04T11:29:18.0922867Z Adding repository directory to the temporary git global config as a safe directory
2026-09-04T11:29:18.0924984Z [command]/usr/bin/git config --global --add safe.directory /home/runner/work/log-generation/log-generation
2026-09-04T11:29:18.0982408Z Deleting the contents of '/home/runner/work/log-generation/log-generation'
2026-09-04T11:29:18.0984243Z ##[group]Initializing the repository
2026-09-04T11:29:18.0985017Z [command]/usr/bin/git init /home/runner/work/log-generation/log-generation
2026-09-04T11:29:18.1062056Z hint: Using 'master' as the name for the initial branch. This default branch name
2026-09-04T11:29:18.1064123Z hint: will change to "main" in Git 3.0. To configure the initial branch name
2026-09-04T11:29:18.1066059Z hint: to use in all of your new repositories, which will suppress this warning,
2026-09-04T11:29:18.1067847Z hint: call:
2026-09-04T11:29:18.1069022Z hint:
2026-09-04T11:29:18.1070146Z hint: 	git config --global init.defaultBranch <name>
2026-09-04T11:29:18.1071364Z hint:
2026-09-04T11:29:18.1072458Z hint: Names commonly chosen instead of 'master' are 'main', 'trunk' and
2026-09-04T11:29:18.1074124Z hint: 'development'. The just-created branch can be renamed via this command:
2026-09-04T11:29:18.1075507Z hint:
2026-09-04T11:29:18.1076399Z hint: 	git branch -m <name>
2026-09-04T11:29:18.1077320Z hint:
2026-09-04T11:29:18.1078677Z hint: Disable this message with "git config set advice.defaultBranchName false"
2026-09-04T11:29:18.1080354Z Initialized empty Git repository in /home/runner/work/log-generation/log-generation/.git/
2026-09-04T11:29:18.1083836Z [command]/usr/bin/git remote add origin https://github.com/DhruvHegde/log-generation
2026-09-04T11:29:18.1123939Z ##[endgroup]
2026-09-04T11:29:18.1125132Z ##[group]Disabling automatic garbage collection
2026-09-04T11:29:18.1128887Z [command]/usr/bin/git config --local gc.auto 0
2026-09-04T11:29:18.1163064Z ##[endgroup]
2026-09-04T11:29:18.1164200Z ##[group]Setting up auth
2026-09-04T11:29:18.1170380Z [command]/usr/bin/git config --local --name-only --get-regexp core\.sshCommand
2026-09-04T11:29:18.1206923Z [command]/usr/bin/git submodule foreach --recursive sh -c "git config --local --name-only --get-regexp 'core\.sshCommand' && git config --local --unset-all 'core.sshCommand' || :"
2026-09-04T11:29:18.1582330Z [command]/usr/bin/git config --local --name-only --get-regexp http\.https\:\/\/github\.com\/\.extraheader
2026-09-04T11:29:18.1623026Z [command]/usr/bin/git submodule foreach --recursive sh -c "git config --local --name-only --get-regexp 'http\.https\:\/\/github\.com\/\.extraheader' && git config --local --unset-all 'http.https://github.com/.extraheader' || :"
2026-09-04T11:29:18.1914048Z [command]/usr/bin/git config --local --name-only --get-regexp ^includeIf\.gitdir:
2026-09-04T11:29:18.1960920Z [command]/usr/bin/git submodule foreach --recursive git config --local --show-origin --name-only --get-regexp remote.origin.url
2026-09-04T11:29:18.2234323Z [command]/usr/bin/git config --local http.https://github.com/.extraheader AUTHORIZATION: basic ***
2026-09-04T11:29:18.2279540Z ##[endgroup]
2026-09-04T11:29:18.2280755Z ##[group]Fetching the repository
2026-09-04T11:29:18.2293017Z [command]/usr/bin/git -c protocol.version=2 fetch --no-tags --prune --no-recurse-submodules --depth=1 origin +0c2ddc82b3a248827557edda9affcd6927945898:refs/remotes/origin/feature/f3-test-failures
2026-09-04T11:29:18.5460005Z From https://github.com/DhruvHegde/log-generation
2026-09-04T11:29:18.5461631Z  * [new ref]         0c2ddc82b3a248827557edda9affcd6927945898 -> origin/feature/f3-test-failures
2026-09-04T11:29:18.5464470Z ##[endgroup]
2026-09-04T11:29:18.5465560Z ##[group]Determining the checkout info
2026-09-04T11:29:18.5467616Z ##[endgroup]
2026-09-04T11:29:18.5474553Z [command]/usr/bin/git sparse-checkout disable
2026-09-04T11:29:18.5527739Z [command]/usr/bin/git config --local --unset-all extensions.worktreeConfig
2026-09-04T11:29:18.5562781Z ##[group]Checking out the ref
2026-09-04T11:29:18.5568568Z [command]/usr/bin/git checkout --progress --force -B feature/f3-test-failures refs/remotes/origin/feature/f3-test-failures
2026-09-04T11:29:18.5653707Z Switched to a new branch 'feature/f3-test-failures'
2026-09-04T11:29:18.5659157Z branch 'feature/f3-test-failures' set up to track 'origin/feature/f3-test-failures'.
2026-09-04T11:29:18.5664949Z ##[endgroup]
2026-09-04T11:29:18.5711852Z [command]/usr/bin/git log -1 --format=%H
2026-09-04T11:29:18.5742181Z 0c2ddc82b3a248827557edda9affcd6927945898
2026-09-04T11:29:18.6017652Z Node 20 is being deprecated. This workflow is running with Node 24 by default. If you need to temporarily use Node 20, you can set the ACTIONS_ALLOW_USE_UNSECURE_NODE_VERSION=true environment variable. For more information see: https://github.blog/changelog/2025-09-19-deprecation-of-node-20-on-github-actions-runners/
2026-09-04T11:29:18.6020719Z ##[group]Run actions/setup-python@v5
2026-09-04T11:29:18.6021293Z with:
2026-09-04T11:29:18.6021748Z   python-version: 3.11
2026-09-04T11:29:18.6022248Z   check-latest: false
2026-09-04T11:29:18.6025963Z   token: ***
2026-09-04T11:29:18.6026443Z   update-environment: true
2026-09-04T11:29:18.6026977Z   allow-prereleases: false
2026-09-04T11:29:18.6027487Z   freethreaded: false
2026-09-04T11:29:18.6028198Z ##[endgroup]
2026-09-04T11:29:18.7408867Z ##[group]Installed versions
2026-09-04T11:29:18.8426464Z (node:2242) [DEP0040] DeprecationWarning: The `punycode` module is deprecated. Please use a userland alternative instead.
2026-09-04T11:29:18.8429317Z (Use `node --trace-deprecation ...` to show where the warning was created)
2026-09-04T11:29:18.8430749Z Successfully set up CPython (3.11.16)
2026-09-04T11:29:18.8432496Z ##[endgroup]
2026-09-04T11:29:18.8738620Z ##[group]Run pip install --no-cache-dir pytest
2026-09-04T11:29:18.8739870Z [36;1mpip install --no-cache-dir pytest[0m
2026-09-04T11:29:18.8877089Z shell: /usr/bin/bash -e {0}
2026-09-04T11:29:18.8877892Z env:
2026-09-04T11:29:18.8878898Z   pythonLocation: /opt/hostedtoolcache/Python/3.11.16/x64
2026-09-04T11:29:18.8880415Z   PKG_CONFIG_PATH: /opt/hostedtoolcache/Python/3.11.16/x64/lib/pkgconfig
2026-09-04T11:29:18.8881910Z   Python_ROOT_DIR: /opt/hostedtoolcache/Python/3.11.16/x64
2026-09-04T11:29:18.8883204Z   Python2_ROOT_DIR: /opt/hostedtoolcache/Python/3.11.16/x64
2026-09-04T11:29:18.8884500Z   Python3_ROOT_DIR: /opt/hostedtoolcache/Python/3.11.16/x64
2026-09-04T11:29:18.8885880Z   LD_LIBRARY_PATH: /opt/hostedtoolcache/Python/3.11.16/x64/lib
2026-09-04T11:29:18.8886948Z ##[endgroup]
2026-09-04T11:29:23.3382396Z Collecting pytest
2026-09-04T11:29:23.4141997Z   Downloading pytest-9.1.1-py3-none-any.whl.metadata (7.6 kB)
2026-09-04T11:29:23.4352052Z Collecting iniconfig>=1.0.1 (from pytest)
2026-09-04T11:29:23.4489130Z   Downloading iniconfig-2.3.0-py3-none-any.whl.metadata (2.5 kB)
2026-09-04T11:29:23.4713225Z Collecting packaging>=22 (from pytest)
2026-09-04T11:29:23.4848898Z   Downloading packaging-26.3-py3-none-any.whl.metadata (3.5 kB)
2026-09-04T11:29:23.5050506Z Collecting pluggy<2,>=1.5 (from pytest)
2026-09-04T11:29:23.5185770Z   Downloading pluggy-1.6.0-py3-none-any.whl.metadata (4.8 kB)
2026-09-04T11:29:23.5448464Z Collecting pygments>=2.7.2 (from pytest)
2026-09-04T11:29:23.5583163Z   Downloading pygments-2.21.0-py3-none-any.whl.metadata (2.5 kB)
2026-09-04T11:29:23.5745206Z Downloading pytest-9.1.1-py3-none-any.whl (386 kB)
2026-09-04T11:29:23.6347313Z Downloading pluggy-1.6.0-py3-none-any.whl (20 kB)
2026-09-04T11:29:23.6486223Z Downloading iniconfig-2.3.0-py3-none-any.whl (7.5 kB)
2026-09-04T11:29:23.6620312Z Downloading packaging-26.3-py3-none-any.whl (129 kB)
2026-09-04T11:29:23.6768796Z Downloading pygments-2.21.0-py3-none-any.whl (1.3 MB)
2026-09-04T11:29:23.7152981Z    ââââââââââââââââââââââââââââââââââââââââ 1.3/1.3 MB 30.3 MB/s  0:00:00
2026-09-04T11:29:23.9848931Z Installing collected packages: pygments, pluggy, packaging, iniconfig, pytest
2026-09-04T11:29:24.9893745Z 
2026-09-04T11:29:24.9903743Z Successfully installed iniconfig-2.3.0 packaging-26.3 pluggy-1.6.0 pygments-2.21.0 pytest-9.1.1
2026-09-04T11:29:25.0527448Z ##[group]Run python automation/inject_mutation.py --error-type "FileNotFoundError"
2026-09-04T11:29:25.0528396Z [36;1mpython automation/inject_mutation.py --error-type "FileNotFoundError"[0m
2026-09-04T11:29:25.0571575Z shell: /usr/bin/bash -e {0}
2026-09-04T11:29:25.0571857Z env:
2026-09-04T11:29:25.0572143Z   pythonLocation: /opt/hostedtoolcache/Python/3.11.16/x64
2026-09-04T11:29:25.0572821Z   PKG_CONFIG_PATH: /opt/hostedtoolcache/Python/3.11.16/x64/lib/pkgconfig
2026-09-04T11:29:25.0573251Z   Python_ROOT_DIR: /opt/hostedtoolcache/Python/3.11.16/x64
2026-09-04T11:29:25.0573651Z   Python2_ROOT_DIR: /opt/hostedtoolcache/Python/3.11.16/x64
2026-09-04T11:29:25.0574043Z   Python3_ROOT_DIR: /opt/hostedtoolcache/Python/3.11.16/x64
2026-09-04T11:29:25.0574415Z   LD_LIBRARY_PATH: /opt/hostedtoolcache/Python/3.11.16/x64/lib
2026-09-04T11:29:25.0574738Z ##[endgroup]
2026-09-04T11:29:25.0897452Z [Mutation Injected] Successfully injected FileNotFoundError into tests/test_app.py
2026-09-04T11:29:25.0972865Z ##[group]Run pytest tests/test_app.py -v
2026-09-04T11:29:25.0973237Z [36;1mpytest tests/test_app.py -v[0m
2026-09-04T11:29:25.1015250Z shell: /usr/bin/bash -e {0}
2026-09-04T11:29:25.1015539Z env:
2026-09-04T11:29:25.1015819Z   pythonLocation: /opt/hostedtoolcache/Python/3.11.16/x64
2026-09-04T11:29:25.1016263Z   PKG_CONFIG_PATH: /opt/hostedtoolcache/Python/3.11.16/x64/lib/pkgconfig
2026-09-04T11:29:25.1016701Z   Python_ROOT_DIR: /opt/hostedtoolcache/Python/3.11.16/x64
2026-09-04T11:29:25.1017079Z   Python2_ROOT_DIR: /opt/hostedtoolcache/Python/3.11.16/x64
2026-09-04T11:29:25.1017460Z   Python3_ROOT_DIR: /opt/hostedtoolcache/Python/3.11.16/x64
2026-09-04T11:29:25.1017847Z   LD_LIBRARY_PATH: /opt/hostedtoolcache/Python/3.11.16/x64/lib
2026-09-04T11:29:25.1018496Z ##[endgroup]
2026-09-04T11:29:25.6620970Z ============================= test session starts ==============================
2026-09-04T11:29:25.6622136Z platform linux -- Python 3.11.16, pytest-9.1.1, pluggy-1.6.0 -- /opt/hostedtoolcache/Python/3.11.16/x64/bin/python
2026-09-04T11:29:25.6623066Z cachedir: .pytest_cache
2026-09-04T11:29:25.6623564Z rootdir: /home/runner/work/log-generation/log-generation
2026-09-04T11:29:25.6705642Z configfile: pytest.ini
2026-09-04T11:29:25.6706104Z collecting ... collected 6 items
2026-09-04T11:29:25.6706388Z 
2026-09-04T11:29:25.6713944Z tests/test_app.py::test_calculate_division PASSED                        [ 16%]
2026-09-04T11:29:25.6720855Z tests/test_app.py::test_convert_to_int PASSED                            [ 33%]
2026-09-04T11:29:25.6727898Z tests/test_app.py::test_get_list_item PASSED                             [ 50%]
2026-09-04T11:29:25.6734531Z tests/test_app.py::test_get_dict_value PASSED                            [ 66%]
2026-09-04T11:29:25.6740951Z tests/test_app.py::test_assert_positive PASSED                           [ 83%]
2026-09-04T11:29:25.7012828Z tests/test_app.py::test_file_not_found_error FAILED                      [100%]
2026-09-04T11:29:25.7013363Z 
2026-09-04T11:29:25.7013625Z =================================== FAILURES ===================================
2026-09-04T11:29:25.7014072Z __________________________ test_file_not_found_error ___________________________
2026-09-04T11:29:25.7014353Z 
2026-09-04T11:29:25.7014474Z     def test_file_not_found_error():
2026-09-04T11:29:25.7014790Z         """Injected synthetic FileNotFoundError."""
2026-09-04T11:29:25.7015291Z         from src.app import read_config_file
2026-09-04T11:29:25.7015675Z >       read_config_file("fixtures/non_existent_pipeline_config.json")
2026-09-04T11:29:25.7015969Z 
2026-09-04T11:29:25.7016075Z tests/test_app.py:131: 
2026-09-04T11:29:25.7016375Z _ _ _ _ _ _ _ _ _ _ _ _ _ _ _ _ _ _ _ _ _ _ _ _ _ _ _ _ _ _ _ _ _ _ _ _ _ _ _ _ 
2026-09-04T11:29:25.7016647Z 
2026-09-04T11:29:25.7016790Z path = 'fixtures/non_existent_pipeline_config.json'
2026-09-04T11:29:25.7017005Z 
2026-09-04T11:29:25.7017116Z     def read_config_file(path):
2026-09-04T11:29:25.7017376Z >       with open(path, "r") as f:
2026-09-04T11:29:25.7017635Z              ^^^^^^^^^^^^^^^
2026-09-04T11:29:25.7018265Z E       FileNotFoundError: [Errno 2] No such file or directory: 'fixtures/non_existent_pipeline_config.json'
2026-09-04T11:29:25.7018654Z 
2026-09-04T11:29:25.7018765Z src/app.py:17: FileNotFoundError
2026-09-04T11:29:25.7019100Z =========================== short test summary info ============================
2026-09-04T11:29:25.7020162Z FAILED tests/test_app.py::test_file_not_found_error - FileNotFoundError: [Errno 2] No such file or directory: 'fixtures/non_existent_pipeline_config.json'
2026-09-04T11:29:25.7020885Z ========================= 1 failed, 5 passed in 0.03s ==========================
2026-09-04T11:29:25.7238947Z ##[error]Process completed with exit code 1.
2026-09-04T11:29:25.7373744Z Node 20 is being deprecated. This workflow is running with Node 24 by default. If you need to temporarily use Node 20, you can set the ACTIONS_ALLOW_USE_UNSECURE_NODE_VERSION=true environment variable. For more information see: https://github.blog/changelog/2025-09-19-deprecation-of-node-20-on-github-actions-runners/
2026-09-04T11:29:25.7374944Z Post job cleanup.
2026-09-04T11:29:25.8256740Z [command]/usr/bin/git version
2026-09-04T11:29:25.8299774Z git version 2.55.0
2026-09-04T11:29:25.8336833Z Temporarily overriding HOME='/home/runner/work/_temp/353d7357-174d-4fff-a65f-00fdc97d9e02' before making global git config changes
2026-09-04T11:29:25.8338688Z Adding repository directory to the temporary git global config as a safe directory
2026-09-04T11:29:25.8343938Z [command]/usr/bin/git config --global --add safe.directory /home/runner/work/log-generation/log-generation
2026-09-04T11:29:25.8385564Z [command]/usr/bin/git config --local --name-only --get-regexp core\.sshCommand
2026-09-04T11:29:25.8429509Z [command]/usr/bin/git submodule foreach --recursive sh -c "git config --local --name-only --get-regexp 'core\.sshCommand' && git config --local --unset-all 'core.sshCommand' || :"
2026-09-04T11:29:25.8732400Z [command]/usr/bin/git config --local --name-only --get-regexp http\.https\:\/\/github\.com\/\.extraheader
2026-09-04T11:29:25.8779301Z http.https://github.com/.extraheader
2026-09-04T11:29:25.8781946Z [command]/usr/bin/git config --local --unset-all http.https://github.com/.extraheader
2026-09-04T11:29:25.8823384Z [command]/usr/bin/git submodule foreach --recursive sh -c "git config --local --name-only --get-regexp 'http\.https\:\/\/github\.com\/\.extraheader' && git config --local --unset-all 'http.https://github.com/.extraheader' || :"
2026-09-04T11:29:25.9104302Z [command]/usr/bin/git config --local --name-only --get-regexp ^includeIf\.gitdir:
2026-09-04T11:29:25.9150139Z [command]/usr/bin/git submodule foreach --recursive git config --local --show-origin --name-only --get-regexp remote.origin.url
2026-09-04T11:29:25.9584492Z Cleaning up orphan processes
2026-09-04T11:29:25.9912409Z ##[warning]Node.js 20 is deprecated. The following actions target Node.js 20 but are being forced to run on Node.js 24: actions/checkout@v4, actions/setup-python@v5. For more information see: https://github.blog/changelog/2025-09-19-deprecation-of-node-20-on-github-actions-runners/
