ï»¿2026-09-04T11:29:42.7687824Z Current runner version: '2.337.0'
2026-09-04T11:29:42.7713674Z ##[group]Runner Image Provisioner
2026-09-04T11:29:42.7714649Z Hosted Compute Agent
2026-09-04T11:29:42.7715240Z Version: 20260828.587
2026-09-04T11:29:42.7716281Z Commit: abac92662cab4cc7352de4f9f9d2e2419aad9c29
2026-09-04T11:29:42.7717023Z Build Date: 2026-08-28T16:44:25Z
2026-09-04T11:29:42.7717690Z Worker ID: {8a9a7774-160c-4df0-8771-f9fda725067d}
2026-09-04T11:29:42.7718474Z Azure Region: westus
2026-09-04T11:29:42.7719060Z ##[endgroup]
2026-09-04T11:29:42.7721142Z ##[group]Operating System
2026-09-04T11:29:42.7721829Z Ubuntu
2026-09-04T11:29:42.7722344Z 24.04.4
2026-09-04T11:29:42.7722928Z LTS
2026-09-04T11:29:42.7723444Z ##[endgroup]
2026-09-04T11:29:42.7724436Z ##[group]Runner Image
2026-09-04T11:29:42.7725087Z Image: ubuntu-24.04
2026-09-04T11:29:42.7726150Z Version: 20260831.293.1
2026-09-04T11:29:42.7727533Z Included Software: https://github.com/actions/runner-images/blob/ubuntu24/20260831.293/images/ubuntu/Ubuntu2404-Readme.md
2026-09-04T11:29:42.7729211Z Image Release: https://github.com/actions/runner-images/releases/tag/ubuntu24%2F20260831.293
2026-09-04T11:29:42.7730211Z ##[endgroup]
2026-09-04T11:29:42.7731450Z ##[group]GITHUB_TOKEN Permissions
2026-09-04T11:29:42.7733663Z Contents: read
2026-09-04T11:29:42.7734305Z Metadata: read
2026-09-04T11:29:42.7734946Z Packages: read
2026-09-04T11:29:42.7735793Z ##[endgroup]
2026-09-04T11:29:42.7738147Z Secret source: Actions
2026-09-04T11:29:42.7739609Z Prepare workflow directory
2026-09-04T11:29:42.8096294Z Prepare all required actions
2026-09-04T11:29:42.8146047Z Getting action download info
2026-09-04T11:29:43.1583166Z Download action repository 'actions/checkout@v4' (SHA:11d5960a326750d5838078e36cf38b85af677262)
2026-09-04T11:29:43.2899135Z Download action repository 'actions/setup-python@v5' (SHA:a26af69be951a213d495a4c3e4e4022e16d87065)
2026-09-04T11:29:43.4745029Z Complete job name: test-f3 (KeyError #145)
2026-09-04T11:29:43.5536572Z Node 20 is being deprecated. This workflow is running with Node 24 by default. If you need to temporarily use Node 20, you can set the ACTIONS_ALLOW_USE_UNSECURE_NODE_VERSION=true environment variable. For more information see: https://github.blog/changelog/2025-09-19-deprecation-of-node-20-on-github-actions-runners/
2026-09-04T11:29:43.5546141Z ##[group]Run actions/checkout@v4
2026-09-04T11:29:43.5547097Z with:
2026-09-04T11:29:43.5547533Z   fetch-depth: 1
2026-09-04T11:29:43.5548022Z   repository: DhruvHegde/log-generation
2026-09-04T11:29:43.5551991Z   token: ***
2026-09-04T11:29:43.5552436Z   ssh-strict: true
2026-09-04T11:29:43.5552883Z   ssh-user: git
2026-09-04T11:29:43.5553342Z   persist-credentials: true
2026-09-04T11:29:43.5553859Z   clean: true
2026-09-04T11:29:43.5554306Z   sparse-checkout-cone-mode: true
2026-09-04T11:29:43.5554843Z   fetch-tags: false
2026-09-04T11:29:43.5555295Z   show-progress: true
2026-09-04T11:29:43.5555965Z   lfs: false
2026-09-04T11:29:43.5556423Z   submodules: false
2026-09-04T11:29:43.5556884Z   set-safe-directory: true
2026-09-04T11:29:43.5557411Z   allow-unsafe-pr-checkout: false
2026-09-04T11:29:43.5558249Z ##[endgroup]
2026-09-04T11:29:43.6595360Z Syncing repository: DhruvHegde/log-generation
2026-09-04T11:29:43.6598558Z ##[group]Getting Git version info
2026-09-04T11:29:43.6599856Z Working directory is '/home/runner/work/log-generation/log-generation'
2026-09-04T11:29:43.6601732Z [command]/usr/bin/git version
2026-09-04T11:29:43.6652869Z git version 2.55.0
2026-09-04T11:29:43.6676711Z ##[endgroup]
2026-09-04T11:29:43.6696572Z Temporarily overriding HOME='/home/runner/work/_temp/a4a97d29-f2d8-4963-8bd4-a0b95ee08844' before making global git config changes
2026-09-04T11:29:43.6698655Z Adding repository directory to the temporary git global config as a safe directory
2026-09-04T11:29:43.6707602Z [command]/usr/bin/git config --global --add safe.directory /home/runner/work/log-generation/log-generation
2026-09-04T11:29:43.6770936Z Deleting the contents of '/home/runner/work/log-generation/log-generation'
2026-09-04T11:29:43.6774601Z ##[group]Initializing the repository
2026-09-04T11:29:43.6780420Z [command]/usr/bin/git init /home/runner/work/log-generation/log-generation
2026-09-04T11:29:43.6889844Z hint: Using 'master' as the name for the initial branch. This default branch name
2026-09-04T11:29:43.6891513Z hint: will change to "main" in Git 3.0. To configure the initial branch name
2026-09-04T11:29:43.6893203Z hint: to use in all of your new repositories, which will suppress this warning,
2026-09-04T11:29:43.6894480Z hint: call:
2026-09-04T11:29:43.6895104Z hint:
2026-09-04T11:29:43.6896106Z hint: 	git config --global init.defaultBranch <name>
2026-09-04T11:29:43.6897080Z hint:
2026-09-04T11:29:43.6898053Z hint: Names commonly chosen instead of 'master' are 'main', 'trunk' and
2026-09-04T11:29:43.6899636Z hint: 'development'. The just-created branch can be renamed via this command:
2026-09-04T11:29:43.6900852Z hint:
2026-09-04T11:29:43.6901546Z hint: 	git branch -m <name>
2026-09-04T11:29:43.6902290Z hint:
2026-09-04T11:29:43.6903293Z hint: Disable this message with "git config set advice.defaultBranchName false"
2026-09-04T11:29:43.6905090Z Initialized empty Git repository in /home/runner/work/log-generation/log-generation/.git/
2026-09-04T11:29:43.6914885Z [command]/usr/bin/git remote add origin https://github.com/DhruvHegde/log-generation
2026-09-04T11:29:43.6957898Z ##[endgroup]
2026-09-04T11:29:43.6959441Z ##[group]Disabling automatic garbage collection
2026-09-04T11:29:43.6961382Z [command]/usr/bin/git config --local gc.auto 0
2026-09-04T11:29:43.6997226Z ##[endgroup]
2026-09-04T11:29:43.6998561Z ##[group]Setting up auth
2026-09-04T11:29:43.7004984Z [command]/usr/bin/git config --local --name-only --get-regexp core\.sshCommand
2026-09-04T11:29:43.7042926Z [command]/usr/bin/git submodule foreach --recursive sh -c "git config --local --name-only --get-regexp 'core\.sshCommand' && git config --local --unset-all 'core.sshCommand' || :"
2026-09-04T11:29:43.7461057Z [command]/usr/bin/git config --local --name-only --get-regexp http\.https\:\/\/github\.com\/\.extraheader
2026-09-04T11:29:43.7518319Z [command]/usr/bin/git submodule foreach --recursive sh -c "git config --local --name-only --get-regexp 'http\.https\:\/\/github\.com\/\.extraheader' && git config --local --unset-all 'http.https://github.com/.extraheader' || :"
2026-09-04T11:29:43.7768808Z [command]/usr/bin/git config --local --name-only --get-regexp ^includeIf\.gitdir:
2026-09-04T11:29:43.7812858Z [command]/usr/bin/git submodule foreach --recursive git config --local --show-origin --name-only --get-regexp remote.origin.url
2026-09-04T11:29:43.8056608Z [command]/usr/bin/git config --local http.https://github.com/.extraheader AUTHORIZATION: basic ***
2026-09-04T11:29:43.8100748Z ##[endgroup]
2026-09-04T11:29:43.8101728Z ##[group]Fetching the repository
2026-09-04T11:29:43.8112046Z [command]/usr/bin/git -c protocol.version=2 fetch --no-tags --prune --no-recurse-submodules --depth=1 origin +0c2ddc82b3a248827557edda9affcd6927945898:refs/remotes/origin/feature/f3-test-failures
2026-09-04T11:29:44.2076191Z From https://github.com/DhruvHegde/log-generation
2026-09-04T11:29:44.2080646Z  * [new ref]         0c2ddc82b3a248827557edda9affcd6927945898 -> origin/feature/f3-test-failures
2026-09-04T11:29:44.2084259Z ##[endgroup]
2026-09-04T11:29:44.2086014Z ##[group]Determining the checkout info
2026-09-04T11:29:44.2087557Z ##[endgroup]
2026-09-04T11:29:44.2091083Z [command]/usr/bin/git sparse-checkout disable
2026-09-04T11:29:44.2147762Z [command]/usr/bin/git config --local --unset-all extensions.worktreeConfig
2026-09-04T11:29:44.2186087Z ##[group]Checking out the ref
2026-09-04T11:29:44.2191614Z [command]/usr/bin/git checkout --progress --force -B feature/f3-test-failures refs/remotes/origin/feature/f3-test-failures
2026-09-04T11:29:44.2309471Z Switched to a new branch 'feature/f3-test-failures'
2026-09-04T11:29:44.2313561Z branch 'feature/f3-test-failures' set up to track 'origin/feature/f3-test-failures'.
2026-09-04T11:29:44.2321530Z ##[endgroup]
2026-09-04T11:29:44.2371587Z [command]/usr/bin/git log -1 --format=%H
2026-09-04T11:29:44.2402806Z 0c2ddc82b3a248827557edda9affcd6927945898
2026-09-04T11:29:44.2687293Z Node 20 is being deprecated. This workflow is running with Node 24 by default. If you need to temporarily use Node 20, you can set the ACTIONS_ALLOW_USE_UNSECURE_NODE_VERSION=true environment variable. For more information see: https://github.blog/changelog/2025-09-19-deprecation-of-node-20-on-github-actions-runners/
2026-09-04T11:29:44.2690416Z ##[group]Run actions/setup-python@v5
2026-09-04T11:29:44.2690970Z with:
2026-09-04T11:29:44.2691394Z   python-version: 3.11
2026-09-04T11:29:44.2691862Z   check-latest: false
2026-09-04T11:29:44.2695883Z   token: ***
2026-09-04T11:29:44.2696345Z   update-environment: true
2026-09-04T11:29:44.2696866Z   allow-prereleases: false
2026-09-04T11:29:44.2697358Z   freethreaded: false
2026-09-04T11:29:44.2697817Z ##[endgroup]
2026-09-04T11:29:44.4076102Z ##[group]Installed versions
2026-09-04T11:29:44.4212969Z (node:2297) [DEP0040] DeprecationWarning: The `punycode` module is deprecated. Please use a userland alternative instead.
2026-09-04T11:29:44.4215957Z (Use `node --trace-deprecation ...` to show where the warning was created)
2026-09-04T11:29:44.4233836Z Successfully set up CPython (3.11.16)
2026-09-04T11:29:44.4236802Z ##[endgroup]
2026-09-04T11:29:44.4441328Z ##[group]Run pip install --no-cache-dir pytest
2026-09-04T11:29:44.4443263Z [36;1mpip install --no-cache-dir pytest[0m
2026-09-04T11:29:44.4506986Z shell: /usr/bin/bash -e {0}
2026-09-04T11:29:44.4508053Z env:
2026-09-04T11:29:44.4509077Z   pythonLocation: /opt/hostedtoolcache/Python/3.11.16/x64
2026-09-04T11:29:44.4510596Z   PKG_CONFIG_PATH: /opt/hostedtoolcache/Python/3.11.16/x64/lib/pkgconfig
2026-09-04T11:29:44.4512101Z   Python_ROOT_DIR: /opt/hostedtoolcache/Python/3.11.16/x64
2026-09-04T11:29:44.4513468Z   Python2_ROOT_DIR: /opt/hostedtoolcache/Python/3.11.16/x64
2026-09-04T11:29:44.4514831Z   Python3_ROOT_DIR: /opt/hostedtoolcache/Python/3.11.16/x64
2026-09-04T11:29:44.4611057Z   LD_LIBRARY_PATH: /opt/hostedtoolcache/Python/3.11.16/x64/lib
2026-09-04T11:29:44.4613082Z ##[endgroup]
2026-09-04T11:29:45.2918143Z Collecting pytest
2026-09-04T11:29:45.3400679Z   Downloading pytest-9.1.1-py3-none-any.whl.metadata (7.6 kB)
2026-09-04T11:29:45.3482033Z Collecting iniconfig>=1.0.1 (from pytest)
2026-09-04T11:29:45.3513245Z   Downloading iniconfig-2.3.0-py3-none-any.whl.metadata (2.5 kB)
2026-09-04T11:29:45.3615986Z Collecting packaging>=22 (from pytest)
2026-09-04T11:29:45.3651957Z   Downloading packaging-26.3-py3-none-any.whl.metadata (3.5 kB)
2026-09-04T11:29:45.3724315Z Collecting pluggy<2,>=1.5 (from pytest)
2026-09-04T11:29:45.3759617Z   Downloading pluggy-1.6.0-py3-none-any.whl.metadata (4.8 kB)
2026-09-04T11:29:45.3887685Z Collecting pygments>=2.7.2 (from pytest)
2026-09-04T11:29:45.3919567Z   Downloading pygments-2.21.0-py3-none-any.whl.metadata (2.5 kB)
2026-09-04T11:29:45.3979428Z Downloading pytest-9.1.1-py3-none-any.whl (386 kB)
2026-09-04T11:29:45.4137656Z Downloading pluggy-1.6.0-py3-none-any.whl (20 kB)
2026-09-04T11:29:45.4168556Z Downloading iniconfig-2.3.0-py3-none-any.whl (7.5 kB)
2026-09-04T11:29:45.4200037Z Downloading packaging-26.3-py3-none-any.whl (129 kB)
2026-09-04T11:29:45.4230232Z Downloading pygments-2.21.0-py3-none-any.whl (1.3 MB)
2026-09-04T11:29:45.4295882Z    ââââââââââââââââââââââââââââââââââââââââ 1.3/1.3 MB 334.3 MB/s  0:00:00
2026-09-04T11:29:45.4977222Z Installing collected packages: pygments, pluggy, packaging, iniconfig, pytest
2026-09-04T11:29:46.5254932Z 
2026-09-04T11:29:46.5269610Z Successfully installed iniconfig-2.3.0 packaging-26.3 pluggy-1.6.0 pygments-2.21.0 pytest-9.1.1
2026-09-04T11:29:46.6000303Z ##[group]Run python automation/inject_mutation.py --error-type "KeyError"
2026-09-04T11:29:46.6000899Z [36;1mpython automation/inject_mutation.py --error-type "KeyError"[0m
2026-09-04T11:29:46.6040518Z shell: /usr/bin/bash -e {0}
2026-09-04T11:29:46.6040796Z env:
2026-09-04T11:29:46.6041089Z   pythonLocation: /opt/hostedtoolcache/Python/3.11.16/x64
2026-09-04T11:29:46.6041795Z   PKG_CONFIG_PATH: /opt/hostedtoolcache/Python/3.11.16/x64/lib/pkgconfig
2026-09-04T11:29:46.6042233Z   Python_ROOT_DIR: /opt/hostedtoolcache/Python/3.11.16/x64
2026-09-04T11:29:46.6042622Z   Python2_ROOT_DIR: /opt/hostedtoolcache/Python/3.11.16/x64
2026-09-04T11:29:46.6043020Z   Python3_ROOT_DIR: /opt/hostedtoolcache/Python/3.11.16/x64
2026-09-04T11:29:46.6043410Z   LD_LIBRARY_PATH: /opt/hostedtoolcache/Python/3.11.16/x64/lib
2026-09-04T11:29:46.6043745Z ##[endgroup]
2026-09-04T11:29:46.6354826Z [Mutation Injected] Successfully injected KeyError into tests/test_app.py
2026-09-04T11:29:46.6433296Z ##[group]Run pytest tests/test_app.py -v
2026-09-04T11:29:46.6433684Z [36;1mpytest tests/test_app.py -v[0m
2026-09-04T11:29:46.6472827Z shell: /usr/bin/bash -e {0}
2026-09-04T11:29:46.6473107Z env:
2026-09-04T11:29:46.6473390Z   pythonLocation: /opt/hostedtoolcache/Python/3.11.16/x64
2026-09-04T11:29:46.6473861Z   PKG_CONFIG_PATH: /opt/hostedtoolcache/Python/3.11.16/x64/lib/pkgconfig
2026-09-04T11:29:46.6474363Z   Python_ROOT_DIR: /opt/hostedtoolcache/Python/3.11.16/x64
2026-09-04T11:29:46.6474762Z   Python2_ROOT_DIR: /opt/hostedtoolcache/Python/3.11.16/x64
2026-09-04T11:29:46.6475161Z   Python3_ROOT_DIR: /opt/hostedtoolcache/Python/3.11.16/x64
2026-09-04T11:29:46.6475882Z   LD_LIBRARY_PATH: /opt/hostedtoolcache/Python/3.11.16/x64/lib
2026-09-04T11:29:46.6476228Z ##[endgroup]
2026-09-04T11:29:47.5943933Z ============================= test session starts ==============================
2026-09-04T11:29:47.5944754Z platform linux -- Python 3.11.16, pytest-9.1.1, pluggy-1.6.0 -- /opt/hostedtoolcache/Python/3.11.16/x64/bin/python
2026-09-04T11:29:47.5945297Z cachedir: .pytest_cache
2026-09-04T11:29:47.5946497Z rootdir: /home/runner/work/log-generation/log-generation
2026-09-04T11:29:47.5946896Z configfile: pytest.ini
2026-09-04T11:29:47.6081861Z collecting ... collected 6 items
2026-09-04T11:29:47.6092544Z 
2026-09-04T11:29:47.6093070Z tests/test_app.py::test_calculate_division PASSED                        [ 16%]
2026-09-04T11:29:47.6103624Z tests/test_app.py::test_convert_to_int PASSED                            [ 33%]
2026-09-04T11:29:47.6113776Z tests/test_app.py::test_get_list_item PASSED                             [ 50%]
2026-09-04T11:29:47.6124049Z tests/test_app.py::test_get_dict_value PASSED                            [ 66%]
2026-09-04T11:29:47.6133665Z tests/test_app.py::test_assert_positive PASSED                           [ 83%]
2026-09-04T11:29:47.6450064Z tests/test_app.py::test_key_error FAILED                                 [100%]
2026-09-04T11:29:47.6450888Z 
2026-09-04T11:29:47.6451175Z =================================== FAILURES ===================================
2026-09-04T11:29:47.6451959Z ________________________________ test_key_error ________________________________
2026-09-04T11:29:47.6452480Z 
2026-09-04T11:29:47.6452664Z     def test_key_error():
2026-09-04T11:29:47.6453089Z         """Injected synthetic KeyError."""
2026-09-04T11:29:47.6453645Z         from src.app import get_dict_value
2026-09-04T11:29:47.6454181Z         config = {"env": "staging", "retries": 3}
2026-09-04T11:29:47.6454760Z >       get_dict_value(config, "missing_auth_token")
2026-09-04T11:29:47.6455166Z 
2026-09-04T11:29:47.6455332Z tests/test_app.py:132: 
2026-09-04T11:29:47.6456094Z _ _ _ _ _ _ _ _ _ _ _ _ _ _ _ _ _ _ _ _ _ _ _ _ _ _ _ _ _ _ _ _ _ _ _ _ _ _ _ _ 
2026-09-04T11:29:47.6456534Z 
2026-09-04T11:29:47.6456830Z d = {'env': 'staging', 'retries': 3}, key = 'missing_auth_token'
2026-09-04T11:29:47.6457241Z 
2026-09-04T11:29:47.6457407Z     def get_dict_value(d, key):
2026-09-04T11:29:47.6457855Z >       return d[key]
2026-09-04T11:29:47.6458209Z                ^^^^^^
2026-09-04T11:29:47.6458585Z E       KeyError: 'missing_auth_token'
2026-09-04T11:29:47.6458912Z 
2026-09-04T11:29:47.6459079Z src/app.py:11: KeyError
2026-09-04T11:29:47.6459593Z =========================== short test summary info ============================
2026-09-04T11:29:47.6460440Z FAILED tests/test_app.py::test_key_error - KeyError: 'missing_auth_token'
2026-09-04T11:29:47.6461614Z ========================= 1 failed, 5 passed in 0.04s ==========================
2026-09-04T11:29:47.6682031Z ##[error]Process completed with exit code 1.
2026-09-04T11:29:47.6827466Z Node 20 is being deprecated. This workflow is running with Node 24 by default. If you need to temporarily use Node 20, you can set the ACTIONS_ALLOW_USE_UNSECURE_NODE_VERSION=true environment variable. For more information see: https://github.blog/changelog/2025-09-19-deprecation-of-node-20-on-github-actions-runners/
2026-09-04T11:29:47.6828819Z Post job cleanup.
2026-09-04T11:29:47.7730793Z [command]/usr/bin/git version
2026-09-04T11:29:47.7782442Z git version 2.55.0
2026-09-04T11:29:47.7824621Z Temporarily overriding HOME='/home/runner/work/_temp/c35f327e-65b3-4210-bcb5-ee8f2a484352' before making global git config changes
2026-09-04T11:29:47.7826265Z Adding repository directory to the temporary git global config as a safe directory
2026-09-04T11:29:47.7832197Z [command]/usr/bin/git config --global --add safe.directory /home/runner/work/log-generation/log-generation
2026-09-04T11:29:47.7879486Z [command]/usr/bin/git config --local --name-only --get-regexp core\.sshCommand
2026-09-04T11:29:47.7919199Z [command]/usr/bin/git submodule foreach --recursive sh -c "git config --local --name-only --get-regexp 'core\.sshCommand' && git config --local --unset-all 'core.sshCommand' || :"
2026-09-04T11:29:47.8183987Z [command]/usr/bin/git config --local --name-only --get-regexp http\.https\:\/\/github\.com\/\.extraheader
2026-09-04T11:29:47.8215999Z http.https://github.com/.extraheader
2026-09-04T11:29:47.8229791Z [command]/usr/bin/git config --local --unset-all http.https://github.com/.extraheader
2026-09-04T11:29:47.8267389Z [command]/usr/bin/git submodule foreach --recursive sh -c "git config --local --name-only --get-regexp 'http\.https\:\/\/github\.com\/\.extraheader' && git config --local --unset-all 'http.https://github.com/.extraheader' || :"
2026-09-04T11:29:47.8539265Z [command]/usr/bin/git config --local --name-only --get-regexp ^includeIf\.gitdir:
2026-09-04T11:29:47.8587974Z [command]/usr/bin/git submodule foreach --recursive git config --local --show-origin --name-only --get-regexp remote.origin.url
2026-09-04T11:29:47.8995022Z Cleaning up orphan processes
2026-09-04T11:29:47.9277933Z ##[warning]Node.js 20 is deprecated. The following actions target Node.js 20 but are being forced to run on Node.js 24: actions/checkout@v4, actions/setup-python@v5. For more information see: https://github.blog/changelog/2025-09-19-deprecation-of-node-20-on-github-actions-runners/
