ï»¿2026-09-04T15:46:08.3483044Z Current runner version: '2.337.0'
2026-09-04T15:46:08.3504170Z ##[group]Runner Image Provisioner
2026-09-04T15:46:08.3504983Z Hosted Compute Agent
2026-09-04T15:46:08.3505543Z Version: 20260828.587
2026-09-04T15:46:08.3506298Z Commit: abac92662cab4cc7352de4f9f9d2e2419aad9c29
2026-09-04T15:46:08.3506995Z Build Date: 2026-08-28T16:44:25Z
2026-09-04T15:46:08.3507681Z Worker ID: {72d03d01-e252-414e-97f2-b9e62feeb265}
2026-09-04T15:46:08.3508349Z Azure Region: westcentralus
2026-09-04T15:46:08.3508921Z ##[endgroup]
2026-09-04T15:46:08.3510937Z ##[group]Operating System
2026-09-04T15:46:08.3511539Z Ubuntu
2026-09-04T15:46:08.3512042Z 24.04.4
2026-09-04T15:46:08.3512538Z LTS
2026-09-04T15:46:08.3513306Z ##[endgroup]
2026-09-04T15:46:08.3513916Z ##[group]Runner Image
2026-09-04T15:46:08.3514520Z Image: ubuntu-24.04
2026-09-04T15:46:08.3515059Z Version: 20260831.293.1
2026-09-04T15:46:08.3516252Z Included Software: https://github.com/actions/runner-images/blob/ubuntu24/20260831.293/images/ubuntu/Ubuntu2404-Readme.md
2026-09-04T15:46:08.3517635Z Image Release: https://github.com/actions/runner-images/releases/tag/ubuntu24%2F20260831.293
2026-09-04T15:46:08.3518544Z ##[endgroup]
2026-09-04T15:46:08.3519893Z ##[group]GITHUB_TOKEN Permissions
2026-09-04T15:46:08.3522176Z Contents: read
2026-09-04T15:46:08.3522753Z Metadata: read
2026-09-04T15:46:08.3523393Z Packages: read
2026-09-04T15:46:08.3523908Z ##[endgroup]
2026-09-04T15:46:08.3525864Z Secret source: Actions
2026-09-04T15:46:08.3527162Z Prepare workflow directory
2026-09-04T15:46:08.3830585Z Prepare all required actions
2026-09-04T15:46:08.3879400Z Getting action download info
2026-09-04T15:46:08.6956716Z Download action repository 'actions/checkout@v4' (SHA:11d5960a326750d5838078e36cf38b85af677262)
2026-09-04T15:46:08.8271271Z Download action repository 'actions/setup-python@v5' (SHA:a26af69be951a213d495a4c3e4e4022e16d87065)
2026-09-04T15:46:09.0290483Z Complete job name: test-f3 (ZeroDivisionError #204)
2026-09-04T15:46:09.0932864Z Node 20 is being deprecated. This workflow is running with Node 24 by default. If you need to temporarily use Node 20, you can set the ACTIONS_ALLOW_USE_UNSECURE_NODE_VERSION=true environment variable. For more information see: https://github.blog/changelog/2025-09-19-deprecation-of-node-20-on-github-actions-runners/
2026-09-04T15:46:09.0942048Z ##[group]Run actions/checkout@v4
2026-09-04T15:46:09.0942895Z with:
2026-09-04T15:46:09.0943448Z   fetch-depth: 1
2026-09-04T15:46:09.0944028Z   repository: DhruvHegde/log-generation
2026-09-04T15:46:09.0947885Z   token: ***
2026-09-04T15:46:09.0948480Z   ssh-strict: true
2026-09-04T15:46:09.0949014Z   ssh-user: git
2026-09-04T15:46:09.0949805Z   persist-credentials: true
2026-09-04T15:46:09.0950737Z   clean: true
2026-09-04T15:46:09.0951267Z   sparse-checkout-cone-mode: true
2026-09-04T15:46:09.0951964Z   fetch-tags: false
2026-09-04T15:46:09.0952508Z   show-progress: true
2026-09-04T15:46:09.0953088Z   lfs: false
2026-09-04T15:46:09.0953792Z   submodules: false
2026-09-04T15:46:09.0954323Z   set-safe-directory: true
2026-09-04T15:46:09.0954997Z   allow-unsafe-pr-checkout: false
2026-09-04T15:46:09.0955747Z ##[endgroup]
2026-09-04T15:46:09.1972922Z Syncing repository: DhruvHegde/log-generation
2026-09-04T15:46:09.1975636Z ##[group]Getting Git version info
2026-09-04T15:46:09.1976889Z Working directory is '/home/runner/work/log-generation/log-generation'
2026-09-04T15:46:09.1978622Z [command]/usr/bin/git version
2026-09-04T15:46:09.2011184Z git version 2.55.0
2026-09-04T15:46:09.2028862Z ##[endgroup]
2026-09-04T15:46:09.2040106Z Temporarily overriding HOME='/home/runner/work/_temp/0a930aa3-47b2-4405-a622-24a8960058d2' before making global git config changes
2026-09-04T15:46:09.2042286Z Adding repository directory to the temporary git global config as a safe directory
2026-09-04T15:46:09.2044556Z [command]/usr/bin/git config --global --add safe.directory /home/runner/work/log-generation/log-generation
2026-09-04T15:46:09.2092753Z Deleting the contents of '/home/runner/work/log-generation/log-generation'
2026-09-04T15:46:09.2099429Z ##[group]Initializing the repository
2026-09-04T15:46:09.2105096Z [command]/usr/bin/git init /home/runner/work/log-generation/log-generation
2026-09-04T15:46:09.2205644Z hint: Using 'master' as the name for the initial branch. This default branch name
2026-09-04T15:46:09.2207560Z hint: will change to "main" in Git 3.0. To configure the initial branch name
2026-09-04T15:46:09.2209590Z hint: to use in all of your new repositories, which will suppress this warning,
2026-09-04T15:46:09.2211205Z hint: call:
2026-09-04T15:46:09.2212151Z hint:
2026-09-04T15:46:09.2213162Z hint: 	git config --global init.defaultBranch <name>
2026-09-04T15:46:09.2214277Z hint:
2026-09-04T15:46:09.2215403Z hint: Names commonly chosen instead of 'master' are 'main', 'trunk' and
2026-09-04T15:46:09.2217066Z hint: 'development'. The just-created branch can be renamed via this command:
2026-09-04T15:46:09.2218330Z hint:
2026-09-04T15:46:09.2219427Z hint: 	git branch -m <name>
2026-09-04T15:46:09.2220437Z hint:
2026-09-04T15:46:09.2221622Z hint: Disable this message with "git config set advice.defaultBranchName false"
2026-09-04T15:46:09.2224079Z Initialized empty Git repository in /home/runner/work/log-generation/log-generation/.git/
2026-09-04T15:46:09.2227730Z [command]/usr/bin/git remote add origin https://github.com/DhruvHegde/log-generation
2026-09-04T15:46:09.2263437Z ##[endgroup]
2026-09-04T15:46:09.2264587Z ##[group]Disabling automatic garbage collection
2026-09-04T15:46:09.2267892Z [command]/usr/bin/git config --local gc.auto 0
2026-09-04T15:46:09.2295280Z ##[endgroup]
2026-09-04T15:46:09.2296077Z ##[group]Setting up auth
2026-09-04T15:46:09.2302849Z [command]/usr/bin/git config --local --name-only --get-regexp core\.sshCommand
2026-09-04T15:46:09.2331814Z [command]/usr/bin/git submodule foreach --recursive sh -c "git config --local --name-only --get-regexp 'core\.sshCommand' && git config --local --unset-all 'core.sshCommand' || :"
2026-09-04T15:46:09.2701368Z [command]/usr/bin/git config --local --name-only --get-regexp http\.https\:\/\/github\.com\/\.extraheader
2026-09-04T15:46:09.2720552Z [command]/usr/bin/git submodule foreach --recursive sh -c "git config --local --name-only --get-regexp 'http\.https\:\/\/github\.com\/\.extraheader' && git config --local --unset-all 'http.https://github.com/.extraheader' || :"
2026-09-04T15:46:09.2931364Z [command]/usr/bin/git config --local --name-only --get-regexp ^includeIf\.gitdir:
2026-09-04T15:46:09.2954551Z [command]/usr/bin/git submodule foreach --recursive git config --local --show-origin --name-only --get-regexp remote.origin.url
2026-09-04T15:46:09.3135276Z [command]/usr/bin/git config --local http.https://github.com/.extraheader AUTHORIZATION: basic ***
2026-09-04T15:46:09.3166899Z ##[endgroup]
2026-09-04T15:46:09.3167856Z ##[group]Fetching the repository
2026-09-04T15:46:09.3178551Z [command]/usr/bin/git -c protocol.version=2 fetch --no-tags --prune --no-recurse-submodules --depth=1 origin +ff2db557a0a8df7e538c7d2e729be8ed403658e2:refs/remotes/origin/feature/f3-test-failures
2026-09-04T15:46:10.1545147Z From https://github.com/DhruvHegde/log-generation
2026-09-04T15:46:10.1547275Z  * [new ref]         ff2db557a0a8df7e538c7d2e729be8ed403658e2 -> origin/feature/f3-test-failures
2026-09-04T15:46:10.1553142Z ##[endgroup]
2026-09-04T15:46:10.1554881Z ##[group]Determining the checkout info
2026-09-04T15:46:10.1556493Z ##[endgroup]
2026-09-04T15:46:10.1557884Z [command]/usr/bin/git sparse-checkout disable
2026-09-04T15:46:10.1620339Z [command]/usr/bin/git config --local --unset-all extensions.worktreeConfig
2026-09-04T15:46:10.1649801Z ##[group]Checking out the ref
2026-09-04T15:46:10.1652673Z [command]/usr/bin/git checkout --progress --force -B feature/f3-test-failures refs/remotes/origin/feature/f3-test-failures
2026-09-04T15:46:10.2218466Z Switched to a new branch 'feature/f3-test-failures'
2026-09-04T15:46:10.2222464Z branch 'feature/f3-test-failures' set up to track 'origin/feature/f3-test-failures'.
2026-09-04T15:46:10.2261816Z ##[endgroup]
2026-09-04T15:46:10.2265184Z [command]/usr/bin/git log -1 --format=%H
2026-09-04T15:46:10.2284866Z ff2db557a0a8df7e538c7d2e729be8ed403658e2
2026-09-04T15:46:10.2619378Z Node 20 is being deprecated. This workflow is running with Node 24 by default. If you need to temporarily use Node 20, you can set the ACTIONS_ALLOW_USE_UNSECURE_NODE_VERSION=true environment variable. For more information see: https://github.blog/changelog/2025-09-19-deprecation-of-node-20-on-github-actions-runners/
2026-09-04T15:46:10.2624174Z ##[group]Run actions/setup-python@v5
2026-09-04T15:46:10.2625476Z with:
2026-09-04T15:46:10.2626488Z   python-version: 3.11
2026-09-04T15:46:10.2627633Z   check-latest: false
2026-09-04T15:46:10.2635216Z   token: ***
2026-09-04T15:46:10.2636336Z   update-environment: true
2026-09-04T15:46:10.2637563Z   allow-prereleases: false
2026-09-04T15:46:10.2638776Z   freethreaded: false
2026-09-04T15:46:10.2640174Z ##[endgroup]
2026-09-04T15:46:10.3906398Z ##[group]Installed versions
2026-09-04T15:46:10.4011884Z (node:2244) [DEP0040] DeprecationWarning: The `punycode` module is deprecated. Please use a userland alternative instead.
2026-09-04T15:46:10.4015623Z (Use `node --trace-deprecation ...` to show where the warning was created)
2026-09-04T15:46:10.4018204Z Successfully set up CPython (3.11.16)
2026-09-04T15:46:10.4021776Z ##[endgroup]
2026-09-04T15:46:10.4188731Z ##[group]Run pip install --no-cache-dir pytest
2026-09-04T15:46:10.4190647Z [36;1mpip install --no-cache-dir pytest[0m
2026-09-04T15:46:10.4235793Z shell: /usr/bin/bash -e {0}
2026-09-04T15:46:10.4237062Z env:
2026-09-04T15:46:10.4238437Z   pythonLocation: /opt/hostedtoolcache/Python/3.11.16/x64
2026-09-04T15:46:10.4240559Z   PKG_CONFIG_PATH: /opt/hostedtoolcache/Python/3.11.16/x64/lib/pkgconfig
2026-09-04T15:46:10.4242872Z   Python_ROOT_DIR: /opt/hostedtoolcache/Python/3.11.16/x64
2026-09-04T15:46:10.4244558Z   Python2_ROOT_DIR: /opt/hostedtoolcache/Python/3.11.16/x64
2026-09-04T15:46:10.4246133Z   Python3_ROOT_DIR: /opt/hostedtoolcache/Python/3.11.16/x64
2026-09-04T15:46:10.4247753Z   LD_LIBRARY_PATH: /opt/hostedtoolcache/Python/3.11.16/x64/lib
2026-09-04T15:46:10.4249086Z ##[endgroup]
2026-09-04T15:46:11.3550485Z Collecting pytest
2026-09-04T15:46:11.4567849Z   Downloading pytest-9.1.1-py3-none-any.whl.metadata (7.6 kB)
2026-09-04T15:46:11.4802107Z Collecting iniconfig>=1.0.1 (from pytest)
2026-09-04T15:46:11.4996891Z   Downloading iniconfig-2.3.0-py3-none-any.whl.metadata (2.5 kB)
2026-09-04T15:46:11.5259834Z Collecting packaging>=22 (from pytest)
2026-09-04T15:46:11.5455131Z   Downloading packaging-26.3-py3-none-any.whl.metadata (3.5 kB)
2026-09-04T15:46:11.5685072Z Collecting pluggy<2,>=1.5 (from pytest)
2026-09-04T15:46:11.5880563Z   Downloading pluggy-1.6.0-py3-none-any.whl.metadata (4.8 kB)
2026-09-04T15:46:11.6173869Z Collecting pygments>=2.7.2 (from pytest)
2026-09-04T15:46:11.6366875Z   Downloading pygments-2.21.0-py3-none-any.whl.metadata (2.5 kB)
2026-09-04T15:46:11.6586652Z Downloading pytest-9.1.1-py3-none-any.whl (386 kB)
2026-09-04T15:46:11.7483955Z Downloading pluggy-1.6.0-py3-none-any.whl (20 kB)
2026-09-04T15:46:11.7693791Z Downloading iniconfig-2.3.0-py3-none-any.whl (7.5 kB)
2026-09-04T15:46:11.7889777Z Downloading packaging-26.3-py3-none-any.whl (129 kB)
2026-09-04T15:46:11.8105600Z Downloading pygments-2.21.0-py3-none-any.whl (1.3 MB)
2026-09-04T15:46:11.8653313Z    ââââââââââââââââââââââââââââââââââââââââ 1.3/1.3 MB 20.8 MB/s  0:00:00
2026-09-04T15:46:11.9265650Z Installing collected packages: pygments, pluggy, packaging, iniconfig, pytest
2026-09-04T15:46:12.6992151Z 
2026-09-04T15:46:12.7001233Z Successfully installed iniconfig-2.3.0 packaging-26.3 pluggy-1.6.0 pygments-2.21.0 pytest-9.1.1
2026-09-04T15:46:12.7603604Z ##[group]Run python automation/inject_mutation.py --error-type "ZeroDivisionError"
2026-09-04T15:46:12.7604382Z [36;1mpython automation/inject_mutation.py --error-type "ZeroDivisionError"[0m
2026-09-04T15:46:12.7630775Z shell: /usr/bin/bash -e {0}
2026-09-04T15:46:12.7631137Z env:
2026-09-04T15:46:12.7631487Z   pythonLocation: /opt/hostedtoolcache/Python/3.11.16/x64
2026-09-04T15:46:12.7632248Z   PKG_CONFIG_PATH: /opt/hostedtoolcache/Python/3.11.16/x64/lib/pkgconfig
2026-09-04T15:46:12.7632745Z   Python_ROOT_DIR: /opt/hostedtoolcache/Python/3.11.16/x64
2026-09-04T15:46:12.7633189Z   Python2_ROOT_DIR: /opt/hostedtoolcache/Python/3.11.16/x64
2026-09-04T15:46:12.7633632Z   Python3_ROOT_DIR: /opt/hostedtoolcache/Python/3.11.16/x64
2026-09-04T15:46:12.7634125Z   LD_LIBRARY_PATH: /opt/hostedtoolcache/Python/3.11.16/x64/lib
2026-09-04T15:46:12.7634595Z ##[endgroup]
2026-09-04T15:46:12.7906373Z [Mutation Injected] Successfully injected ZeroDivisionError into tests/test_app.py
2026-09-04T15:46:12.7977941Z ##[group]Run pytest tests/test_app.py -v
2026-09-04T15:46:12.7978407Z [36;1mpytest tests/test_app.py -v[0m
2026-09-04T15:46:12.8002233Z shell: /usr/bin/bash -e {0}
2026-09-04T15:46:12.8002585Z env:
2026-09-04T15:46:12.8002938Z   pythonLocation: /opt/hostedtoolcache/Python/3.11.16/x64
2026-09-04T15:46:12.8003446Z   PKG_CONFIG_PATH: /opt/hostedtoolcache/Python/3.11.16/x64/lib/pkgconfig
2026-09-04T15:46:12.8003946Z   Python_ROOT_DIR: /opt/hostedtoolcache/Python/3.11.16/x64
2026-09-04T15:46:12.8004372Z   Python2_ROOT_DIR: /opt/hostedtoolcache/Python/3.11.16/x64
2026-09-04T15:46:12.8004857Z   Python3_ROOT_DIR: /opt/hostedtoolcache/Python/3.11.16/x64
2026-09-04T15:46:12.8005292Z   LD_LIBRARY_PATH: /opt/hostedtoolcache/Python/3.11.16/x64/lib
2026-09-04T15:46:12.8005710Z ##[endgroup]
2026-09-04T15:46:13.0220897Z ============================= test session starts ==============================
2026-09-04T15:46:13.0223118Z platform linux -- Python 3.11.16, pytest-9.1.1, pluggy-1.6.0 -- /opt/hostedtoolcache/Python/3.11.16/x64/bin/python
2026-09-04T15:46:13.0224525Z cachedir: .pytest_cache
2026-09-04T15:46:13.0225508Z rootdir: /home/runner/work/log-generation/log-generation
2026-09-04T15:46:13.0226526Z configfile: pytest.ini
2026-09-04T15:46:13.0298497Z collecting ... collected 6 items
2026-09-04T15:46:13.0299535Z 
2026-09-04T15:46:13.0306043Z tests/test_app.py::test_calculate_division PASSED                        [ 16%]
2026-09-04T15:46:13.0312171Z tests/test_app.py::test_convert_to_int PASSED                            [ 33%]
2026-09-04T15:46:13.0317778Z tests/test_app.py::test_get_list_item PASSED                             [ 50%]
2026-09-04T15:46:13.0322856Z tests/test_app.py::test_get_dict_value PASSED                            [ 66%]
2026-09-04T15:46:13.0328054Z tests/test_app.py::test_assert_positive PASSED                           [ 83%]
2026-09-04T15:46:13.0566854Z tests/test_app.py::test_zero_division_error FAILED                       [100%]
2026-09-04T15:46:13.0567466Z 
2026-09-04T15:46:13.0567794Z =================================== FAILURES ===================================
2026-09-04T15:46:13.0568534Z ___________________________ test_zero_division_error ___________________________
2026-09-04T15:46:13.0568964Z 
2026-09-04T15:46:13.0569501Z     def test_zero_division_error():
2026-09-04T15:46:13.0570038Z         """Injected synthetic ZeroDivisionError."""
2026-09-04T15:46:13.0570515Z         from src.app import calculate_division
2026-09-04T15:46:13.0570891Z >       calculate_division(42, 0)
2026-09-04T15:46:13.0571121Z 
2026-09-04T15:46:13.0571298Z tests/test_app.py:133: 
2026-09-04T15:46:13.0571662Z _ _ _ _ _ _ _ _ _ _ _ _ _ _ _ _ _ _ _ _ _ _ _ _ _ _ _ _ _ _ _ _ _ _ _ _ _ _ _ _ 
2026-09-04T15:46:13.0571913Z 
2026-09-04T15:46:13.0572056Z a = 42, b = 0
2026-09-04T15:46:13.0572270Z 
2026-09-04T15:46:13.0572448Z     def calculate_division(a, b):
2026-09-04T15:46:13.0572774Z >       return a / b
2026-09-04T15:46:13.0573082Z                ^^^^^
2026-09-04T15:46:13.0573408Z E       ZeroDivisionError: division by zero
2026-09-04T15:46:13.0573659Z 
2026-09-04T15:46:13.0573778Z src/app.py:2: ZeroDivisionError
2026-09-04T15:46:13.0574273Z =========================== short test summary info ============================
2026-09-04T15:46:13.0574841Z FAILED tests/test_app.py::test_zero_division_error - ZeroDivisionError: division by zero
2026-09-04T15:46:13.0575624Z ========================= 1 failed, 5 passed in 0.02s ==========================
2026-09-04T15:46:13.0776831Z ##[error]Process completed with exit code 1.
2026-09-04T15:46:13.0924618Z Node 20 is being deprecated. This workflow is running with Node 24 by default. If you need to temporarily use Node 20, you can set the ACTIONS_ALLOW_USE_UNSECURE_NODE_VERSION=true environment variable. For more information see: https://github.blog/changelog/2025-09-19-deprecation-of-node-20-on-github-actions-runners/
2026-09-04T15:46:13.0925805Z Post job cleanup.
2026-09-04T15:46:13.1736489Z [command]/usr/bin/git version
2026-09-04T15:46:13.1773471Z git version 2.55.0
2026-09-04T15:46:13.1812314Z Temporarily overriding HOME='/home/runner/work/_temp/d431eefa-d1c1-41c1-b3de-2a97232489c9' before making global git config changes
2026-09-04T15:46:13.1813908Z Adding repository directory to the temporary git global config as a safe directory
2026-09-04T15:46:13.1818057Z [command]/usr/bin/git config --global --add safe.directory /home/runner/work/log-generation/log-generation
2026-09-04T15:46:13.1855898Z [command]/usr/bin/git config --local --name-only --get-regexp core\.sshCommand
2026-09-04T15:46:13.1893694Z [command]/usr/bin/git submodule foreach --recursive sh -c "git config --local --name-only --get-regexp 'core\.sshCommand' && git config --local --unset-all 'core.sshCommand' || :"
2026-09-04T15:46:13.2089420Z [command]/usr/bin/git config --local --name-only --get-regexp http\.https\:\/\/github\.com\/\.extraheader
2026-09-04T15:46:13.2112260Z http.https://github.com/.extraheader
2026-09-04T15:46:13.2120881Z [command]/usr/bin/git config --local --unset-all http.https://github.com/.extraheader
2026-09-04T15:46:13.2151429Z [command]/usr/bin/git submodule foreach --recursive sh -c "git config --local --name-only --get-regexp 'http\.https\:\/\/github\.com\/\.extraheader' && git config --local --unset-all 'http.https://github.com/.extraheader' || :"
2026-09-04T15:46:13.2375240Z [command]/usr/bin/git config --local --name-only --get-regexp ^includeIf\.gitdir:
2026-09-04T15:46:13.2417081Z [command]/usr/bin/git submodule foreach --recursive git config --local --show-origin --name-only --get-regexp remote.origin.url
2026-09-04T15:46:13.2763425Z Cleaning up orphan processes
2026-09-04T15:46:13.2984227Z ##[warning]Node.js 20 is deprecated. The following actions target Node.js 20 but are being forced to run on Node.js 24: actions/checkout@v4, actions/setup-python@v5. For more information see: https://github.blog/changelog/2025-09-19-deprecation-of-node-20-on-github-actions-runners/
