ï»¿2026-09-04T11:29:57.3232118Z Current runner version: '2.337.0'
2026-09-04T11:29:57.3269171Z ##[group]Runner Image Provisioner
2026-09-04T11:29:57.3270506Z Hosted Compute Agent
2026-09-04T11:29:57.3271492Z Version: 20260828.587
2026-09-04T11:29:57.3272644Z Commit: abac92662cab4cc7352de4f9f9d2e2419aad9c29
2026-09-04T11:29:57.3273716Z Build Date: 2026-08-28T16:44:25Z
2026-09-04T11:29:57.3274812Z Worker ID: {ed1c7b87-a82a-44ee-bffc-885914ef63e4}
2026-09-04T11:29:57.3275592Z Azure Region: northcentralus
2026-09-04T11:29:57.3276274Z ##[endgroup]
2026-09-04T11:29:57.3278130Z ##[group]Operating System
2026-09-04T11:29:57.3278799Z Ubuntu
2026-09-04T11:29:57.3279494Z 24.04.4
2026-09-04T11:29:57.3280081Z LTS
2026-09-04T11:29:57.3281056Z ##[endgroup]
2026-09-04T11:29:57.3281703Z ##[group]Runner Image
2026-09-04T11:29:57.3282594Z Image: ubuntu-24.04
2026-09-04T11:29:57.3283249Z Version: 20260831.293.1
2026-09-04T11:29:57.3284573Z Included Software: https://github.com/actions/runner-images/blob/ubuntu24/20260831.293/images/ubuntu/Ubuntu2404-Readme.md
2026-09-04T11:29:57.3286227Z Image Release: https://github.com/actions/runner-images/releases/tag/ubuntu24%2F20260831.293
2026-09-04T11:29:57.3287220Z ##[endgroup]
2026-09-04T11:29:57.3288534Z ##[group]GITHUB_TOKEN Permissions
2026-09-04T11:29:57.3290775Z Contents: read
2026-09-04T11:29:57.3291525Z Metadata: read
2026-09-04T11:29:57.3292125Z Packages: read
2026-09-04T11:29:57.3292980Z ##[endgroup]
2026-09-04T11:29:57.3295270Z Secret source: Actions
2026-09-04T11:29:57.3296675Z Prepare workflow directory
2026-09-04T11:29:57.3694006Z Prepare all required actions
2026-09-04T11:29:57.3761756Z Getting action download info
2026-09-04T11:29:57.6188115Z Download action repository 'actions/checkout@v4' (SHA:11d5960a326750d5838078e36cf38b85af677262)
2026-09-04T11:29:57.7457811Z Download action repository 'actions/setup-python@v5' (SHA:a26af69be951a213d495a4c3e4e4022e16d87065)
2026-09-04T11:29:57.9367317Z Complete job name: test-f3 (AssertionError #194)
2026-09-04T11:29:58.0119169Z Node 20 is being deprecated. This workflow is running with Node 24 by default. If you need to temporarily use Node 20, you can set the ACTIONS_ALLOW_USE_UNSECURE_NODE_VERSION=true environment variable. For more information see: https://github.blog/changelog/2025-09-19-deprecation-of-node-20-on-github-actions-runners/
2026-09-04T11:29:58.0127874Z ##[group]Run actions/checkout@v4
2026-09-04T11:29:58.0128571Z with:
2026-09-04T11:29:58.0128998Z   fetch-depth: 1
2026-09-04T11:29:58.0129484Z   repository: DhruvHegde/log-generation
2026-09-04T11:29:58.0133637Z   token: ***
2026-09-04T11:29:58.0134078Z   ssh-strict: true
2026-09-04T11:29:58.0134524Z   ssh-user: git
2026-09-04T11:29:58.0134975Z   persist-credentials: true
2026-09-04T11:29:58.0135462Z   clean: true
2026-09-04T11:29:58.0135915Z   sparse-checkout-cone-mode: true
2026-09-04T11:29:58.0136440Z   fetch-tags: false
2026-09-04T11:29:58.0136888Z   show-progress: true
2026-09-04T11:29:58.0137330Z   lfs: false
2026-09-04T11:29:58.0137796Z   submodules: false
2026-09-04T11:29:58.0138252Z   set-safe-directory: true
2026-09-04T11:29:58.0138767Z   allow-unsafe-pr-checkout: false
2026-09-04T11:29:58.0139462Z ##[endgroup]
2026-09-04T11:29:58.1161307Z Syncing repository: DhruvHegde/log-generation
2026-09-04T11:29:58.1164321Z ##[group]Getting Git version info
2026-09-04T11:29:58.1165542Z Working directory is '/home/runner/work/log-generation/log-generation'
2026-09-04T11:29:58.1167217Z [command]/usr/bin/git version
2026-09-04T11:29:58.1211345Z git version 2.55.0
2026-09-04T11:29:58.1231617Z ##[endgroup]
2026-09-04T11:29:58.1246505Z Temporarily overriding HOME='/home/runner/work/_temp/6080f74e-033a-4220-a272-99b60c03ea50' before making global git config changes
2026-09-04T11:29:58.1248805Z Adding repository directory to the temporary git global config as a safe directory
2026-09-04T11:29:58.1251596Z [command]/usr/bin/git config --global --add safe.directory /home/runner/work/log-generation/log-generation
2026-09-04T11:29:58.1308733Z Deleting the contents of '/home/runner/work/log-generation/log-generation'
2026-09-04T11:29:58.1311287Z ##[group]Initializing the repository
2026-09-04T11:29:58.1312956Z [command]/usr/bin/git init /home/runner/work/log-generation/log-generation
2026-09-04T11:29:58.1423277Z hint: Using 'master' as the name for the initial branch. This default branch name
2026-09-04T11:29:58.1424984Z hint: will change to "main" in Git 3.0. To configure the initial branch name
2026-09-04T11:29:58.1426615Z hint: to use in all of your new repositories, which will suppress this warning,
2026-09-04T11:29:58.1428131Z hint: call:
2026-09-04T11:29:58.1429210Z hint:
2026-09-04T11:29:58.1430184Z hint: 	git config --global init.defaultBranch <name>
2026-09-04T11:29:58.1432346Z hint:
2026-09-04T11:29:58.1433489Z hint: Names commonly chosen instead of 'master' are 'main', 'trunk' and
2026-09-04T11:29:58.1435165Z hint: 'development'. The just-created branch can be renamed via this command:
2026-09-04T11:29:58.1436579Z hint:
2026-09-04T11:29:58.1437473Z hint: 	git branch -m <name>
2026-09-04T11:29:58.1438415Z hint:
2026-09-04T11:29:58.1439618Z hint: Disable this message with "git config set advice.defaultBranchName false"
2026-09-04T11:29:58.1441579Z Initialized empty Git repository in /home/runner/work/log-generation/log-generation/.git/
2026-09-04T11:29:58.1445081Z [command]/usr/bin/git remote add origin https://github.com/DhruvHegde/log-generation
2026-09-04T11:29:58.1484639Z ##[endgroup]
2026-09-04T11:29:58.1485850Z ##[group]Disabling automatic garbage collection
2026-09-04T11:29:58.1489274Z [command]/usr/bin/git config --local gc.auto 0
2026-09-04T11:29:58.1521772Z ##[endgroup]
2026-09-04T11:29:58.1523360Z ##[group]Setting up auth
2026-09-04T11:29:58.1530274Z [command]/usr/bin/git config --local --name-only --get-regexp core\.sshCommand
2026-09-04T11:29:58.1564459Z [command]/usr/bin/git submodule foreach --recursive sh -c "git config --local --name-only --get-regexp 'core\.sshCommand' && git config --local --unset-all 'core.sshCommand' || :"
2026-09-04T11:29:58.1946700Z [command]/usr/bin/git config --local --name-only --get-regexp http\.https\:\/\/github\.com\/\.extraheader
2026-09-04T11:29:58.1988160Z [command]/usr/bin/git submodule foreach --recursive sh -c "git config --local --name-only --get-regexp 'http\.https\:\/\/github\.com\/\.extraheader' && git config --local --unset-all 'http.https://github.com/.extraheader' || :"
2026-09-04T11:29:58.2248074Z [command]/usr/bin/git config --local --name-only --get-regexp ^includeIf\.gitdir:
2026-09-04T11:29:58.2287111Z [command]/usr/bin/git submodule foreach --recursive git config --local --show-origin --name-only --get-regexp remote.origin.url
2026-09-04T11:29:58.2529177Z [command]/usr/bin/git config --local http.https://github.com/.extraheader AUTHORIZATION: basic ***
2026-09-04T11:29:58.2569651Z ##[endgroup]
2026-09-04T11:29:58.2570454Z ##[group]Fetching the repository
2026-09-04T11:29:58.2580118Z [command]/usr/bin/git -c protocol.version=2 fetch --no-tags --prune --no-recurse-submodules --depth=1 origin +0c2ddc82b3a248827557edda9affcd6927945898:refs/remotes/origin/feature/f3-test-failures
2026-09-04T11:29:58.5887173Z From https://github.com/DhruvHegde/log-generation
2026-09-04T11:29:58.5889004Z  * [new ref]         0c2ddc82b3a248827557edda9affcd6927945898 -> origin/feature/f3-test-failures
2026-09-04T11:29:58.5892763Z ##[endgroup]
2026-09-04T11:29:58.5894081Z ##[group]Determining the checkout info
2026-09-04T11:29:58.5895999Z ##[endgroup]
2026-09-04T11:29:58.5901862Z [command]/usr/bin/git sparse-checkout disable
2026-09-04T11:29:58.5955905Z [command]/usr/bin/git config --local --unset-all extensions.worktreeConfig
2026-09-04T11:29:58.5990090Z ##[group]Checking out the ref
2026-09-04T11:29:58.5995411Z [command]/usr/bin/git checkout --progress --force -B feature/f3-test-failures refs/remotes/origin/feature/f3-test-failures
2026-09-04T11:29:58.6077239Z Switched to a new branch 'feature/f3-test-failures'
2026-09-04T11:29:58.6082840Z branch 'feature/f3-test-failures' set up to track 'origin/feature/f3-test-failures'.
2026-09-04T11:29:58.6087554Z ##[endgroup]
2026-09-04T11:29:58.6131138Z [command]/usr/bin/git log -1 --format=%H
2026-09-04T11:29:58.6159851Z 0c2ddc82b3a248827557edda9affcd6927945898
2026-09-04T11:29:58.6452741Z Node 20 is being deprecated. This workflow is running with Node 24 by default. If you need to temporarily use Node 20, you can set the ACTIONS_ALLOW_USE_UNSECURE_NODE_VERSION=true environment variable. For more information see: https://github.blog/changelog/2025-09-19-deprecation-of-node-20-on-github-actions-runners/
2026-09-04T11:29:58.6455588Z ##[group]Run actions/setup-python@v5
2026-09-04T11:29:58.6456173Z with:
2026-09-04T11:29:58.6456649Z   python-version: 3.11
2026-09-04T11:29:58.6457159Z   check-latest: false
2026-09-04T11:29:58.6461342Z   token: ***
2026-09-04T11:29:58.6461833Z   update-environment: true
2026-09-04T11:29:58.6462530Z   allow-prereleases: false
2026-09-04T11:29:58.6463058Z   freethreaded: false
2026-09-04T11:29:58.6463552Z ##[endgroup]
2026-09-04T11:29:58.7795865Z ##[group]Installed versions
2026-09-04T11:29:58.7933091Z (node:2231) [DEP0040] DeprecationWarning: The `punycode` module is deprecated. Please use a userland alternative instead.
2026-09-04T11:29:58.7935140Z Successfully set up CPython (3.11.16)
2026-09-04T11:29:58.7938635Z (Use `node --trace-deprecation ...` to show where the warning was created)
2026-09-04T11:29:58.7940774Z ##[endgroup]
2026-09-04T11:29:58.8098412Z ##[group]Run pip install --no-cache-dir pytest
2026-09-04T11:29:58.8099338Z [36;1mpip install --no-cache-dir pytest[0m
2026-09-04T11:29:58.8164807Z shell: /usr/bin/bash -e {0}
2026-09-04T11:29:58.8166213Z env:
2026-09-04T11:29:58.8167560Z   pythonLocation: /opt/hostedtoolcache/Python/3.11.16/x64
2026-09-04T11:29:58.8169108Z   PKG_CONFIG_PATH: /opt/hostedtoolcache/Python/3.11.16/x64/lib/pkgconfig
2026-09-04T11:29:58.8170613Z   Python_ROOT_DIR: /opt/hostedtoolcache/Python/3.11.16/x64
2026-09-04T11:29:58.8171963Z   Python2_ROOT_DIR: /opt/hostedtoolcache/Python/3.11.16/x64
2026-09-04T11:29:58.8173513Z   Python3_ROOT_DIR: /opt/hostedtoolcache/Python/3.11.16/x64
2026-09-04T11:29:58.8174935Z   LD_LIBRARY_PATH: /opt/hostedtoolcache/Python/3.11.16/x64/lib
2026-09-04T11:29:58.8176155Z ##[endgroup]
2026-09-04T11:29:59.6568326Z Collecting pytest
2026-09-04T11:29:59.7047688Z   Downloading pytest-9.1.1-py3-none-any.whl.metadata (7.6 kB)
2026-09-04T11:29:59.7129294Z Collecting iniconfig>=1.0.1 (from pytest)
2026-09-04T11:29:59.7163124Z   Downloading iniconfig-2.3.0-py3-none-any.whl.metadata (2.5 kB)
2026-09-04T11:29:59.7258258Z Collecting packaging>=22 (from pytest)
2026-09-04T11:29:59.7305901Z   Downloading packaging-26.3-py3-none-any.whl.metadata (3.5 kB)
2026-09-04T11:29:59.7379487Z Collecting pluggy<2,>=1.5 (from pytest)
2026-09-04T11:29:59.7412393Z   Downloading pluggy-1.6.0-py3-none-any.whl.metadata (4.8 kB)
2026-09-04T11:29:59.7533395Z Collecting pygments>=2.7.2 (from pytest)
2026-09-04T11:29:59.7569015Z   Downloading pygments-2.21.0-py3-none-any.whl.metadata (2.5 kB)
2026-09-04T11:29:59.7625495Z Downloading pytest-9.1.1-py3-none-any.whl (386 kB)
2026-09-04T11:29:59.7806803Z Downloading pluggy-1.6.0-py3-none-any.whl (20 kB)
2026-09-04T11:29:59.7843178Z Downloading iniconfig-2.3.0-py3-none-any.whl (7.5 kB)
2026-09-04T11:29:59.7875845Z Downloading packaging-26.3-py3-none-any.whl (129 kB)
2026-09-04T11:29:59.7911411Z Downloading pygments-2.21.0-py3-none-any.whl (1.3 MB)
2026-09-04T11:29:59.8002895Z    ââââââââââââââââââââââââââââââââââââââââ 1.3/1.3 MB 196.7 MB/s  0:00:00
2026-09-04T11:29:59.8631179Z Installing collected packages: pygments, pluggy, packaging, iniconfig, pytest
2026-09-04T11:30:00.8621854Z 
2026-09-04T11:30:00.8631441Z Successfully installed iniconfig-2.3.0 packaging-26.3 pluggy-1.6.0 pygments-2.21.0 pytest-9.1.1
2026-09-04T11:30:00.9201564Z ##[group]Run python automation/inject_mutation.py --error-type "AssertionError"
2026-09-04T11:30:00.9202458Z [36;1mpython automation/inject_mutation.py --error-type "AssertionError"[0m
2026-09-04T11:30:00.9245039Z shell: /usr/bin/bash -e {0}
2026-09-04T11:30:00.9245314Z env:
2026-09-04T11:30:00.9245604Z   pythonLocation: /opt/hostedtoolcache/Python/3.11.16/x64
2026-09-04T11:30:00.9246289Z   PKG_CONFIG_PATH: /opt/hostedtoolcache/Python/3.11.16/x64/lib/pkgconfig
2026-09-04T11:30:00.9246723Z   Python_ROOT_DIR: /opt/hostedtoolcache/Python/3.11.16/x64
2026-09-04T11:30:00.9247105Z   Python2_ROOT_DIR: /opt/hostedtoolcache/Python/3.11.16/x64
2026-09-04T11:30:00.9247492Z   Python3_ROOT_DIR: /opt/hostedtoolcache/Python/3.11.16/x64
2026-09-04T11:30:00.9247870Z   LD_LIBRARY_PATH: /opt/hostedtoolcache/Python/3.11.16/x64/lib
2026-09-04T11:30:00.9248193Z ##[endgroup]
2026-09-04T11:30:00.9574244Z [Mutation Injected] Successfully injected AssertionError into tests/test_app.py
2026-09-04T11:30:00.9653814Z ##[group]Run pytest tests/test_app.py -v
2026-09-04T11:30:00.9654286Z [36;1mpytest tests/test_app.py -v[0m
2026-09-04T11:30:00.9696665Z shell: /usr/bin/bash -e {0}
2026-09-04T11:30:00.9696943Z env:
2026-09-04T11:30:00.9697228Z   pythonLocation: /opt/hostedtoolcache/Python/3.11.16/x64
2026-09-04T11:30:00.9697666Z   PKG_CONFIG_PATH: /opt/hostedtoolcache/Python/3.11.16/x64/lib/pkgconfig
2026-09-04T11:30:00.9698109Z   Python_ROOT_DIR: /opt/hostedtoolcache/Python/3.11.16/x64
2026-09-04T11:30:00.9698485Z   Python2_ROOT_DIR: /opt/hostedtoolcache/Python/3.11.16/x64
2026-09-04T11:30:00.9698861Z   Python3_ROOT_DIR: /opt/hostedtoolcache/Python/3.11.16/x64
2026-09-04T11:30:00.9699256Z   LD_LIBRARY_PATH: /opt/hostedtoolcache/Python/3.11.16/x64/lib
2026-09-04T11:30:00.9699587Z ##[endgroup]
2026-09-04T11:30:01.2820743Z ============================= test session starts ==============================
2026-09-04T11:30:01.2822106Z platform linux -- Python 3.11.16, pytest-9.1.1, pluggy-1.6.0 -- /opt/hostedtoolcache/Python/3.11.16/x64/bin/python
2026-09-04T11:30:01.2823240Z cachedir: .pytest_cache
2026-09-04T11:30:01.2823714Z rootdir: /home/runner/work/log-generation/log-generation
2026-09-04T11:30:01.2824304Z configfile: pytest.ini
2026-09-04T11:30:01.2908364Z collecting ... collected 6 items
2026-09-04T11:30:01.2908750Z 
2026-09-04T11:30:01.2918051Z tests/test_app.py::test_calculate_division PASSED                        [ 16%]
2026-09-04T11:30:01.2924888Z tests/test_app.py::test_convert_to_int PASSED                            [ 33%]
2026-09-04T11:30:01.2931617Z tests/test_app.py::test_get_list_item PASSED                             [ 50%]
2026-09-04T11:30:01.2938333Z tests/test_app.py::test_get_dict_value PASSED                            [ 66%]
2026-09-04T11:30:01.2944306Z tests/test_app.py::test_assert_positive PASSED                           [ 83%]
2026-09-04T11:30:01.3234014Z tests/test_app.py::test_assertion_failure FAILED                         [100%]
2026-09-04T11:30:01.3234579Z 
2026-09-04T11:30:01.3234852Z =================================== FAILURES ===================================
2026-09-04T11:30:01.3235302Z ____________________________ test_assertion_failure ____________________________
2026-09-04T11:30:01.3235592Z 
2026-09-04T11:30:01.3235704Z     def test_assertion_failure():
2026-09-04T11:30:01.3236011Z         """Injected synthetic AssertionError."""
2026-09-04T11:30:01.3236337Z         expected_status = 200
2026-09-04T11:30:01.3236619Z         actual_status = 500
2026-09-04T11:30:01.3237085Z >       assert actual_status == expected_status, f"Expected {expected_status}, received {actual_status}"
2026-09-04T11:30:01.3237615Z E       AssertionError: Expected 200, received 500
2026-09-04T11:30:01.3237925Z E       assert 500 == 200
2026-09-04T11:30:01.3238076Z 
2026-09-04T11:30:01.3238206Z tests/test_app.py:132: AssertionError
2026-09-04T11:30:01.3238603Z =========================== short test summary info ============================
2026-09-04T11:30:01.3239177Z FAILED tests/test_app.py::test_assertion_failure - AssertionError: Expected 200, received 500
2026-09-04T11:30:01.3239653Z assert 500 == 200
2026-09-04T11:30:01.3239955Z ========================= 1 failed, 5 passed in 0.03s ==========================
2026-09-04T11:30:01.3457730Z ##[error]Process completed with exit code 1.
2026-09-04T11:30:01.3602747Z Node 20 is being deprecated. This workflow is running with Node 24 by default. If you need to temporarily use Node 20, you can set the ACTIONS_ALLOW_USE_UNSECURE_NODE_VERSION=true environment variable. For more information see: https://github.blog/changelog/2025-09-19-deprecation-of-node-20-on-github-actions-runners/
2026-09-04T11:30:01.3604343Z Post job cleanup.
2026-09-04T11:30:01.4465814Z [command]/usr/bin/git version
2026-09-04T11:30:01.4512013Z git version 2.55.0
2026-09-04T11:30:01.4552104Z Temporarily overriding HOME='/home/runner/work/_temp/9b718380-1a26-4ffc-8263-66e0d6bb05c6' before making global git config changes
2026-09-04T11:30:01.4554342Z Adding repository directory to the temporary git global config as a safe directory
2026-09-04T11:30:01.4558177Z [command]/usr/bin/git config --global --add safe.directory /home/runner/work/log-generation/log-generation
2026-09-04T11:30:01.4607107Z [command]/usr/bin/git config --local --name-only --get-regexp core\.sshCommand
2026-09-04T11:30:01.4647743Z [command]/usr/bin/git submodule foreach --recursive sh -c "git config --local --name-only --get-regexp 'core\.sshCommand' && git config --local --unset-all 'core.sshCommand' || :"
2026-09-04T11:30:01.4921978Z [command]/usr/bin/git config --local --name-only --get-regexp http\.https\:\/\/github\.com\/\.extraheader
2026-09-04T11:30:01.4954077Z http.https://github.com/.extraheader
2026-09-04T11:30:01.4973125Z [command]/usr/bin/git config --local --unset-all http.https://github.com/.extraheader
2026-09-04T11:30:01.5006591Z [command]/usr/bin/git submodule foreach --recursive sh -c "git config --local --name-only --get-regexp 'http\.https\:\/\/github\.com\/\.extraheader' && git config --local --unset-all 'http.https://github.com/.extraheader' || :"
2026-09-04T11:30:01.5279533Z [command]/usr/bin/git config --local --name-only --get-regexp ^includeIf\.gitdir:
2026-09-04T11:30:01.5320033Z [command]/usr/bin/git submodule foreach --recursive git config --local --show-origin --name-only --get-regexp remote.origin.url
2026-09-04T11:30:01.5739173Z Cleaning up orphan processes
2026-09-04T11:30:01.6043028Z ##[warning]Node.js 20 is deprecated. The following actions target Node.js 20 but are being forced to run on Node.js 24: actions/checkout@v4, actions/setup-python@v5. For more information see: https://github.blog/changelog/2025-09-19-deprecation-of-node-20-on-github-actions-runners/
