ï»¿2026-09-04T11:16:52.8760364Z Current runner version: '2.337.0'
2026-09-04T11:16:52.8779427Z ##[group]Runner Image Provisioner
2026-09-04T11:16:52.8780066Z Hosted Compute Agent
2026-09-04T11:16:52.8780448Z Version: 20260828.587
2026-09-04T11:16:52.8780934Z Commit: abac92662cab4cc7352de4f9f9d2e2419aad9c29
2026-09-04T11:16:52.8781431Z Build Date: 2026-08-28T16:44:25Z
2026-09-04T11:16:52.8782166Z Worker ID: {a8a62501-c81a-4781-ab9a-e75d169963bc}
2026-09-04T11:16:52.8782683Z Azure Region: centralus
2026-09-04T11:16:52.8783083Z ##[endgroup]
2026-09-04T11:16:52.8784370Z ##[group]Operating System
2026-09-04T11:16:52.8784803Z Ubuntu
2026-09-04T11:16:52.8785184Z 24.04.4
2026-09-04T11:16:52.8785547Z LTS
2026-09-04T11:16:52.8786149Z ##[endgroup]
2026-09-04T11:16:52.8786610Z ##[group]Runner Image
2026-09-04T11:16:52.8787038Z Image: ubuntu-24.04
2026-09-04T11:16:52.8787430Z Version: 20260831.293.1
2026-09-04T11:16:52.8788319Z Included Software: https://github.com/actions/runner-images/blob/ubuntu24/20260831.293/images/ubuntu/Ubuntu2404-Readme.md
2026-09-04T11:16:52.8789395Z Image Release: https://github.com/actions/runner-images/releases/tag/ubuntu24%2F20260831.293
2026-09-04T11:16:52.8790061Z ##[endgroup]
2026-09-04T11:16:52.8790878Z ##[group]GITHUB_TOKEN Permissions
2026-09-04T11:16:52.8792845Z Contents: read
2026-09-04T11:16:52.8793269Z Metadata: read
2026-09-04T11:16:52.8793647Z Packages: read
2026-09-04T11:16:52.8794033Z ##[endgroup]
2026-09-04T11:16:52.8795557Z Secret source: Actions
2026-09-04T11:16:52.8796530Z Prepare workflow directory
2026-09-04T11:16:52.9086624Z Prepare all required actions
2026-09-04T11:16:52.9134026Z Getting action download info
2026-09-04T11:16:53.1325962Z Download action repository 'actions/checkout@v4' (SHA:11d5960a326750d5838078e36cf38b85af677262)
2026-09-04T11:16:53.4027796Z Download action repository 'actions/setup-python@v5' (SHA:a26af69be951a213d495a4c3e4e4022e16d87065)
2026-09-04T11:16:53.7067605Z Complete job name: test-f3 (FileNotFoundError #187)
2026-09-04T11:16:53.7573583Z Node 20 is being deprecated. This workflow is running with Node 24 by default. If you need to temporarily use Node 20, you can set the ACTIONS_ALLOW_USE_UNSECURE_NODE_VERSION=true environment variable. For more information see: https://github.blog/changelog/2025-09-19-deprecation-of-node-20-on-github-actions-runners/
2026-09-04T11:16:53.7579933Z ##[group]Run actions/checkout@v4
2026-09-04T11:16:53.7580487Z with:
2026-09-04T11:16:53.7580868Z   fetch-depth: 1
2026-09-04T11:16:53.7581293Z   repository: DhruvHegde/log-generation
2026-09-04T11:16:53.7584125Z   token: ***
2026-09-04T11:16:53.7584535Z   ssh-strict: true
2026-09-04T11:16:53.7584893Z   ssh-user: git
2026-09-04T11:16:53.7585257Z   persist-credentials: true
2026-09-04T11:16:53.7585708Z   clean: true
2026-09-04T11:16:53.7586070Z   sparse-checkout-cone-mode: true
2026-09-04T11:16:53.7586478Z   fetch-tags: false
2026-09-04T11:16:53.7586848Z   show-progress: true
2026-09-04T11:16:53.7587204Z   lfs: false
2026-09-04T11:16:53.7587662Z   submodules: false
2026-09-04T11:16:53.7588026Z   set-safe-directory: true
2026-09-04T11:16:53.7588446Z   allow-unsafe-pr-checkout: false
2026-09-04T11:16:53.7588964Z ##[endgroup]
2026-09-04T11:16:53.8350071Z Syncing repository: DhruvHegde/log-generation
2026-09-04T11:16:53.8351391Z ##[group]Getting Git version info
2026-09-04T11:16:53.8352389Z Working directory is '/home/runner/work/log-generation/log-generation'
2026-09-04T11:16:53.8353226Z [command]/usr/bin/git version
2026-09-04T11:16:53.9359330Z git version 2.55.0
2026-09-04T11:16:53.9375019Z ##[endgroup]
2026-09-04T11:16:53.9386962Z Temporarily overriding HOME='/home/runner/work/_temp/38ed6afc-8d43-4d08-94a7-451cc579adff' before making global git config changes
2026-09-04T11:16:53.9388324Z Adding repository directory to the temporary git global config as a safe directory
2026-09-04T11:16:53.9390771Z [command]/usr/bin/git config --global --add safe.directory /home/runner/work/log-generation/log-generation
2026-09-04T11:16:53.9434053Z Deleting the contents of '/home/runner/work/log-generation/log-generation'
2026-09-04T11:16:53.9436946Z ##[group]Initializing the repository
2026-09-04T11:16:53.9440435Z [command]/usr/bin/git init /home/runner/work/log-generation/log-generation
2026-09-04T11:16:54.0540489Z hint: Using 'master' as the name for the initial branch. This default branch name
2026-09-04T11:16:54.0541573Z hint: will change to "main" in Git 3.0. To configure the initial branch name
2026-09-04T11:16:54.0542689Z hint: to use in all of your new repositories, which will suppress this warning,
2026-09-04T11:16:54.0543489Z hint: call:
2026-09-04T11:16:54.0543927Z hint:
2026-09-04T11:16:54.0544450Z hint: 	git config --global init.defaultBranch <name>
2026-09-04T11:16:54.0545155Z hint:
2026-09-04T11:16:54.0545920Z hint: Names commonly chosen instead of 'master' are 'main', 'trunk' and
2026-09-04T11:16:54.0546903Z hint: 'development'. The just-created branch can be renamed via this command:
2026-09-04T11:16:54.0547680Z hint:
2026-09-04T11:16:54.0548147Z hint: 	git branch -m <name>
2026-09-04T11:16:54.0548669Z hint:
2026-09-04T11:16:54.0549303Z hint: Disable this message with "git config set advice.defaultBranchName false"
2026-09-04T11:16:54.0550241Z Initialized empty Git repository in /home/runner/work/log-generation/log-generation/.git/
2026-09-04T11:16:54.0552788Z [command]/usr/bin/git remote add origin https://github.com/DhruvHegde/log-generation
2026-09-04T11:16:54.1252362Z ##[endgroup]
2026-09-04T11:16:54.1253055Z ##[group]Disabling automatic garbage collection
2026-09-04T11:16:54.1257726Z [command]/usr/bin/git config --local gc.auto 0
2026-09-04T11:16:54.1282789Z ##[endgroup]
2026-09-04T11:16:54.1283573Z ##[group]Setting up auth
2026-09-04T11:16:54.1288649Z [command]/usr/bin/git config --local --name-only --get-regexp core\.sshCommand
2026-09-04T11:16:54.1313249Z [command]/usr/bin/git submodule foreach --recursive sh -c "git config --local --name-only --get-regexp 'core\.sshCommand' && git config --local --unset-all 'core.sshCommand' || :"
2026-09-04T11:16:54.2113628Z [command]/usr/bin/git config --local --name-only --get-regexp http\.https\:\/\/github\.com\/\.extraheader
2026-09-04T11:16:54.2137283Z [command]/usr/bin/git submodule foreach --recursive sh -c "git config --local --name-only --get-regexp 'http\.https\:\/\/github\.com\/\.extraheader' && git config --local --unset-all 'http.https://github.com/.extraheader' || :"
2026-09-04T11:16:54.2288806Z [command]/usr/bin/git config --local --name-only --get-regexp ^includeIf\.gitdir:
2026-09-04T11:16:54.2312234Z [command]/usr/bin/git submodule foreach --recursive git config --local --show-origin --name-only --get-regexp remote.origin.url
2026-09-04T11:16:54.2459841Z [command]/usr/bin/git config --local http.https://github.com/.extraheader AUTHORIZATION: basic ***
2026-09-04T11:16:54.2485569Z ##[endgroup]
2026-09-04T11:16:54.2486467Z ##[group]Fetching the repository
2026-09-04T11:16:54.2493653Z [command]/usr/bin/git -c protocol.version=2 fetch --no-tags --prune --no-recurse-submodules --depth=1 origin +55701f2ee203be18f432be2dca839cc73b92fb5e:refs/remotes/origin/feature/f3-test-failures
2026-09-04T11:16:54.7515430Z From https://github.com/DhruvHegde/log-generation
2026-09-04T11:16:54.7517290Z  * [new ref]         55701f2ee203be18f432be2dca839cc73b92fb5e -> origin/feature/f3-test-failures
2026-09-04T11:16:54.7520844Z ##[endgroup]
2026-09-04T11:16:54.7522308Z ##[group]Determining the checkout info
2026-09-04T11:16:54.7523779Z ##[endgroup]
2026-09-04T11:16:54.7524623Z [command]/usr/bin/git sparse-checkout disable
2026-09-04T11:16:54.7568891Z [command]/usr/bin/git config --local --unset-all extensions.worktreeConfig
2026-09-04T11:16:54.7591664Z ##[group]Checking out the ref
2026-09-04T11:16:54.7594814Z [command]/usr/bin/git checkout --progress --force -B feature/f3-test-failures refs/remotes/origin/feature/f3-test-failures
2026-09-04T11:16:54.7650259Z Switched to a new branch 'feature/f3-test-failures'
2026-09-04T11:16:54.7654392Z branch 'feature/f3-test-failures' set up to track 'origin/feature/f3-test-failures'.
2026-09-04T11:16:54.7658443Z ##[endgroup]
2026-09-04T11:16:54.7688774Z [command]/usr/bin/git log -1 --format=%H
2026-09-04T11:16:54.7705816Z 55701f2ee203be18f432be2dca839cc73b92fb5e
2026-09-04T11:16:54.7970775Z Node 20 is being deprecated. This workflow is running with Node 24 by default. If you need to temporarily use Node 20, you can set the ACTIONS_ALLOW_USE_UNSECURE_NODE_VERSION=true environment variable. For more information see: https://github.blog/changelog/2025-09-19-deprecation-of-node-20-on-github-actions-runners/
2026-09-04T11:16:54.7974907Z ##[group]Run actions/setup-python@v5
2026-09-04T11:16:54.7975870Z with:
2026-09-04T11:16:54.7976520Z   python-version: 3.11
2026-09-04T11:16:54.7977264Z   check-latest: false
2026-09-04T11:16:54.7983977Z   token: ***
2026-09-04T11:16:54.7984686Z   update-environment: true
2026-09-04T11:16:54.7985559Z   allow-prereleases: false
2026-09-04T11:16:54.7986382Z   freethreaded: false
2026-09-04T11:16:54.7987069Z ##[endgroup]
2026-09-04T11:16:54.8971056Z ##[group]Installed versions
2026-09-04T11:16:54.9178771Z (node:2044) [DEP0040] DeprecationWarning: The `punycode` module is deprecated. Please use a userland alternative instead.
2026-09-04T11:16:54.9181476Z (Use `node --trace-deprecation ...` to show where the warning was created)
2026-09-04T11:16:54.9183144Z Successfully set up CPython (3.11.16)
2026-09-04T11:16:54.9187024Z ##[endgroup]
2026-09-04T11:16:54.9317708Z ##[group]Run pip install --no-cache-dir pytest
2026-09-04T11:16:54.9318932Z [36;1mpip install --no-cache-dir pytest[0m
2026-09-04T11:16:54.9560162Z shell: /usr/bin/bash -e {0}
2026-09-04T11:16:54.9560970Z env:
2026-09-04T11:16:54.9561776Z   pythonLocation: /opt/hostedtoolcache/Python/3.11.16/x64
2026-09-04T11:16:54.9563334Z   PKG_CONFIG_PATH: /opt/hostedtoolcache/Python/3.11.16/x64/lib/pkgconfig
2026-09-04T11:16:54.9564580Z   Python_ROOT_DIR: /opt/hostedtoolcache/Python/3.11.16/x64
2026-09-04T11:16:54.9565742Z   Python2_ROOT_DIR: /opt/hostedtoolcache/Python/3.11.16/x64
2026-09-04T11:16:54.9566885Z   Python3_ROOT_DIR: /opt/hostedtoolcache/Python/3.11.16/x64
2026-09-04T11:16:54.9568091Z   LD_LIBRARY_PATH: /opt/hostedtoolcache/Python/3.11.16/x64/lib
2026-09-04T11:16:54.9569067Z ##[endgroup]
2026-09-04T11:16:57.1673102Z Collecting pytest
2026-09-04T11:16:57.2370785Z   Downloading pytest-9.1.1-py3-none-any.whl.metadata (7.6 kB)
2026-09-04T11:16:57.2552647Z Collecting iniconfig>=1.0.1 (from pytest)
2026-09-04T11:16:57.2685308Z   Downloading iniconfig-2.3.0-py3-none-any.whl.metadata (2.5 kB)
2026-09-04T11:16:57.2885660Z Collecting packaging>=22 (from pytest)
2026-09-04T11:16:57.3015684Z   Downloading packaging-26.3-py3-none-any.whl.metadata (3.5 kB)
2026-09-04T11:16:57.3198194Z Collecting pluggy<2,>=1.5 (from pytest)
2026-09-04T11:16:57.3327508Z   Downloading pluggy-1.6.0-py3-none-any.whl.metadata (4.8 kB)
2026-09-04T11:16:57.3547098Z Collecting pygments>=2.7.2 (from pytest)
2026-09-04T11:16:57.3677541Z   Downloading pygments-2.21.0-py3-none-any.whl.metadata (2.5 kB)
2026-09-04T11:16:57.3832149Z Downloading pytest-9.1.1-py3-none-any.whl (386 kB)
2026-09-04T11:16:57.4422895Z Downloading pluggy-1.6.0-py3-none-any.whl (20 kB)
2026-09-04T11:16:57.4563128Z Downloading iniconfig-2.3.0-py3-none-any.whl (7.5 kB)
2026-09-04T11:16:57.4693512Z Downloading packaging-26.3-py3-none-any.whl (129 kB)
2026-09-04T11:16:57.4849373Z Downloading pygments-2.21.0-py3-none-any.whl (1.3 MB)
2026-09-04T11:16:57.5235677Z    ââââââââââââââââââââââââââââââââââââââââ 1.3/1.3 MB 29.4 MB/s  0:00:00
2026-09-04T11:16:57.6651634Z Installing collected packages: pygments, pluggy, packaging, iniconfig, pytest
2026-09-04T11:16:58.3333266Z 
2026-09-04T11:16:58.3341257Z Successfully installed iniconfig-2.3.0 packaging-26.3 pluggy-1.6.0 pygments-2.21.0 pytest-9.1.1
2026-09-04T11:16:58.3905173Z ##[group]Run python automation/inject_mutation.py --error-type "FileNotFoundError"
2026-09-04T11:16:58.3905697Z [36;1mpython automation/inject_mutation.py --error-type "FileNotFoundError"[0m
2026-09-04T11:16:58.3928084Z shell: /usr/bin/bash -e {0}
2026-09-04T11:16:58.3928367Z env:
2026-09-04T11:16:58.3928704Z   pythonLocation: /opt/hostedtoolcache/Python/3.11.16/x64
2026-09-04T11:16:58.3929266Z   PKG_CONFIG_PATH: /opt/hostedtoolcache/Python/3.11.16/x64/lib/pkgconfig
2026-09-04T11:16:58.3929682Z   Python_ROOT_DIR: /opt/hostedtoolcache/Python/3.11.16/x64
2026-09-04T11:16:58.3930008Z   Python2_ROOT_DIR: /opt/hostedtoolcache/Python/3.11.16/x64
2026-09-04T11:16:58.3930328Z   Python3_ROOT_DIR: /opt/hostedtoolcache/Python/3.11.16/x64
2026-09-04T11:16:58.3930691Z   LD_LIBRARY_PATH: /opt/hostedtoolcache/Python/3.11.16/x64/lib
2026-09-04T11:16:58.3931010Z ##[endgroup]
2026-09-04T11:16:58.4138769Z [Mutation Injected] Successfully injected FileNotFoundError into tests/test_app.py
2026-09-04T11:16:58.4196813Z ##[group]Run pytest tests/test_app.py -v
2026-09-04T11:16:58.4197129Z [36;1mpytest tests/test_app.py -v[0m
2026-09-04T11:16:58.4214629Z shell: /usr/bin/bash -e {0}
2026-09-04T11:16:58.4214903Z env:
2026-09-04T11:16:58.4215245Z   pythonLocation: /opt/hostedtoolcache/Python/3.11.16/x64
2026-09-04T11:16:58.4215606Z   PKG_CONFIG_PATH: /opt/hostedtoolcache/Python/3.11.16/x64/lib/pkgconfig
2026-09-04T11:16:58.4215980Z   Python_ROOT_DIR: /opt/hostedtoolcache/Python/3.11.16/x64
2026-09-04T11:16:58.4216324Z   Python2_ROOT_DIR: /opt/hostedtoolcache/Python/3.11.16/x64
2026-09-04T11:16:58.4216653Z   Python3_ROOT_DIR: /opt/hostedtoolcache/Python/3.11.16/x64
2026-09-04T11:16:58.4216987Z   LD_LIBRARY_PATH: /opt/hostedtoolcache/Python/3.11.16/x64/lib
2026-09-04T11:16:58.4217269Z ##[endgroup]
2026-09-04T11:16:58.6709288Z ============================= test session starts ==============================
2026-09-04T11:16:58.6710522Z platform linux -- Python 3.11.16, pytest-9.1.1, pluggy-1.6.0 -- /opt/hostedtoolcache/Python/3.11.16/x64/bin/python
2026-09-04T11:16:58.6711175Z cachedir: .pytest_cache
2026-09-04T11:16:58.6711601Z rootdir: /home/runner/work/log-generation/log-generation
2026-09-04T11:16:58.6712298Z configfile: pytest.ini
2026-09-04T11:16:58.6765646Z collecting ... collected 6 items
2026-09-04T11:16:58.6765907Z 
2026-09-04T11:16:58.6770710Z tests/test_app.py::test_calculate_division PASSED                        [ 16%]
2026-09-04T11:16:58.6774730Z tests/test_app.py::test_convert_to_int PASSED                            [ 33%]
2026-09-04T11:16:58.6778453Z tests/test_app.py::test_get_list_item PASSED                             [ 50%]
2026-09-04T11:16:58.6782088Z tests/test_app.py::test_get_dict_value PASSED                            [ 66%]
2026-09-04T11:16:58.6785643Z tests/test_app.py::test_assert_positive PASSED                           [ 83%]
2026-09-04T11:16:58.6976066Z tests/test_app.py::test_file_not_found_error FAILED                      [100%]
2026-09-04T11:16:58.6976787Z 
2026-09-04T11:16:58.6977101Z =================================== FAILURES ===================================
2026-09-04T11:16:58.6977847Z __________________________ test_file_not_found_error ___________________________
2026-09-04T11:16:58.6978277Z 
2026-09-04T11:16:58.6978522Z     def test_file_not_found_error():
2026-09-04T11:16:58.6979096Z         """Injected synthetic FileNotFoundError."""
2026-09-04T11:16:58.6979587Z         from src.app import read_config_file
2026-09-04T11:16:58.6980273Z >       read_config_file("fixtures/non_existent_pipeline_config.json")
2026-09-04T11:16:58.6980642Z 
2026-09-04T11:16:58.6980809Z tests/test_app.py:129: 
2026-09-04T11:16:58.6981219Z _ _ _ _ _ _ _ _ _ _ _ _ _ _ _ _ _ _ _ _ _ _ _ _ _ _ _ _ _ _ _ _ _ _ _ _ _ _ _ _ 
2026-09-04T11:16:58.6981531Z 
2026-09-04T11:16:58.6981753Z path = 'fixtures/non_existent_pipeline_config.json'
2026-09-04T11:16:58.6982196Z 
2026-09-04T11:16:58.6982372Z     def read_config_file(path):
2026-09-04T11:16:58.6982754Z >       with open(path, "r") as f:
2026-09-04T11:16:58.6983110Z              ^^^^^^^^^^^^^^^
2026-09-04T11:16:58.6983618Z E       FileNotFoundError: [Errno 2] No such file or directory: 'fixtures/non_existent_pipeline_config.json'
2026-09-04T11:16:58.6984124Z 
2026-09-04T11:16:58.6984298Z src/app.py:17: FileNotFoundError
2026-09-04T11:16:58.6984679Z =========================== short test summary info ============================
2026-09-04T11:16:58.6985775Z FAILED tests/test_app.py::test_file_not_found_error - FileNotFoundError: [Errno 2] No such file or directory: 'fixtures/non_existent_pipeline_config.json'
2026-09-04T11:16:58.6986538Z ========================= 1 failed, 5 passed in 0.02s ==========================
2026-09-04T11:16:58.7185103Z ##[error]Process completed with exit code 1.
2026-09-04T11:16:58.7298654Z Node 20 is being deprecated. This workflow is running with Node 24 by default. If you need to temporarily use Node 20, you can set the ACTIONS_ALLOW_USE_UNSECURE_NODE_VERSION=true environment variable. For more information see: https://github.blog/changelog/2025-09-19-deprecation-of-node-20-on-github-actions-runners/
2026-09-04T11:16:58.7299547Z Post job cleanup.
2026-09-04T11:16:58.7952190Z [command]/usr/bin/git version
2026-09-04T11:16:58.7980647Z git version 2.55.0
2026-09-04T11:16:58.8005319Z Temporarily overriding HOME='/home/runner/work/_temp/60a5f448-7ff4-4c74-a95e-f65fb1e82d48' before making global git config changes
2026-09-04T11:16:58.8006216Z Adding repository directory to the temporary git global config as a safe directory
2026-09-04T11:16:58.8009323Z [command]/usr/bin/git config --global --add safe.directory /home/runner/work/log-generation/log-generation
2026-09-04T11:16:58.8038948Z [command]/usr/bin/git config --local --name-only --get-regexp core\.sshCommand
2026-09-04T11:16:58.8065536Z [command]/usr/bin/git submodule foreach --recursive sh -c "git config --local --name-only --get-regexp 'core\.sshCommand' && git config --local --unset-all 'core.sshCommand' || :"
2026-09-04T11:16:58.8248400Z [command]/usr/bin/git config --local --name-only --get-regexp http\.https\:\/\/github\.com\/\.extraheader
2026-09-04T11:16:58.8267471Z http.https://github.com/.extraheader
2026-09-04T11:16:58.8277198Z [command]/usr/bin/git config --local --unset-all http.https://github.com/.extraheader
2026-09-04T11:16:58.8301720Z [command]/usr/bin/git submodule foreach --recursive sh -c "git config --local --name-only --get-regexp 'http\.https\:\/\/github\.com\/\.extraheader' && git config --local --unset-all 'http.https://github.com/.extraheader' || :"
2026-09-04T11:16:58.8458713Z [command]/usr/bin/git config --local --name-only --get-regexp ^includeIf\.gitdir:
2026-09-04T11:16:58.8482994Z [command]/usr/bin/git submodule foreach --recursive git config --local --show-origin --name-only --get-regexp remote.origin.url
2026-09-04T11:16:58.8749336Z Cleaning up orphan processes
2026-09-04T11:16:58.8934939Z ##[warning]Node.js 20 is deprecated. The following actions target Node.js 20 but are being forced to run on Node.js 24: actions/checkout@v4, actions/setup-python@v5. For more information see: https://github.blog/changelog/2025-09-19-deprecation-of-node-20-on-github-actions-runners/
