ï»¿2026-09-04T11:16:18.3701899Z Current runner version: '2.337.0'
2026-09-04T11:16:18.3728513Z ##[group]Runner Image Provisioner
2026-09-04T11:16:18.3729443Z Hosted Compute Agent
2026-09-04T11:16:18.3730032Z Version: 20260828.587
2026-09-04T11:16:18.3730744Z Commit: abac92662cab4cc7352de4f9f9d2e2419aad9c29
2026-09-04T11:16:18.3731481Z Build Date: 2026-08-28T16:44:25Z
2026-09-04T11:16:18.3732230Z Worker ID: {6f663e6b-ce5b-484b-88fa-3411449406fa}
2026-09-04T11:16:18.3733022Z Azure Region: westus
2026-09-04T11:16:18.3733590Z ##[endgroup]
2026-09-04T11:16:18.3735778Z ##[group]Operating System
2026-09-04T11:16:18.3736470Z Ubuntu
2026-09-04T11:16:18.3737020Z 24.04.4
2026-09-04T11:16:18.3737649Z LTS
2026-09-04T11:16:18.3738198Z ##[endgroup]
2026-09-04T11:16:18.3739189Z ##[group]Runner Image
2026-09-04T11:16:18.3739861Z Image: ubuntu-24.04
2026-09-04T11:16:18.3740418Z Version: 20260831.293.1
2026-09-04T11:16:18.3741758Z Included Software: https://github.com/actions/runner-images/blob/ubuntu24/20260831.293/images/ubuntu/Ubuntu2404-Readme.md
2026-09-04T11:16:18.3743457Z Image Release: https://github.com/actions/runner-images/releases/tag/ubuntu24%2F20260831.293
2026-09-04T11:16:18.3744491Z ##[endgroup]
2026-09-04T11:16:18.3746173Z ##[group]GITHUB_TOKEN Permissions
2026-09-04T11:16:18.3748593Z Contents: read
2026-09-04T11:16:18.3749185Z Metadata: read
2026-09-04T11:16:18.3749845Z Packages: read
2026-09-04T11:16:18.3750445Z ##[endgroup]
2026-09-04T11:16:18.3752629Z Secret source: Actions
2026-09-04T11:16:18.3754099Z Prepare workflow directory
2026-09-04T11:16:18.4133658Z Prepare all required actions
2026-09-04T11:16:18.4204225Z Getting action download info
2026-09-04T11:16:18.7644683Z Download action repository 'actions/checkout@v4' (SHA:11d5960a326750d5838078e36cf38b85af677262)
2026-09-04T11:16:18.9119088Z Download action repository 'actions/setup-python@v5' (SHA:a26af69be951a213d495a4c3e4e4022e16d87065)
2026-09-04T11:16:19.2746052Z Complete job name: test-f3 (ZeroDivisionError #91)
2026-09-04T11:16:19.3547111Z Node 20 is being deprecated. This workflow is running with Node 24 by default. If you need to temporarily use Node 20, you can set the ACTIONS_ALLOW_USE_UNSECURE_NODE_VERSION=true environment variable. For more information see: https://github.blog/changelog/2025-09-19-deprecation-of-node-20-on-github-actions-runners/
2026-09-04T11:16:19.3556423Z ##[group]Run actions/checkout@v4
2026-09-04T11:16:19.3557179Z with:
2026-09-04T11:16:19.3557614Z   fetch-depth: 1
2026-09-04T11:16:19.3558093Z   repository: DhruvHegde/log-generation
2026-09-04T11:16:19.3562043Z   token: ***
2026-09-04T11:16:19.3562484Z   ssh-strict: true
2026-09-04T11:16:19.3562935Z   ssh-user: git
2026-09-04T11:16:19.3563384Z   persist-credentials: true
2026-09-04T11:16:19.3563875Z   clean: true
2026-09-04T11:16:19.3564325Z   sparse-checkout-cone-mode: true
2026-09-04T11:16:19.3565233Z   fetch-tags: false
2026-09-04T11:16:19.3565685Z   show-progress: true
2026-09-04T11:16:19.3566136Z   lfs: false
2026-09-04T11:16:19.3566594Z   submodules: false
2026-09-04T11:16:19.3567051Z   set-safe-directory: true
2026-09-04T11:16:19.3567575Z   allow-unsafe-pr-checkout: false
2026-09-04T11:16:19.3568405Z ##[endgroup]
2026-09-04T11:16:19.4668309Z Syncing repository: DhruvHegde/log-generation
2026-09-04T11:16:19.4671456Z ##[group]Getting Git version info
2026-09-04T11:16:19.4672786Z Working directory is '/home/runner/work/log-generation/log-generation'
2026-09-04T11:16:19.4681340Z [command]/usr/bin/git version
2026-09-04T11:16:19.4793639Z git version 2.55.0
2026-09-04T11:16:19.4822361Z ##[endgroup]
2026-09-04T11:16:19.4838853Z Temporarily overriding HOME='/home/runner/work/_temp/668932c2-0fff-4351-a2eb-33dabb03182b' before making global git config changes
2026-09-04T11:16:19.4841640Z Adding repository directory to the temporary git global config as a safe directory
2026-09-04T11:16:19.4846659Z [command]/usr/bin/git config --global --add safe.directory /home/runner/work/log-generation/log-generation
2026-09-04T11:16:19.4916964Z Deleting the contents of '/home/runner/work/log-generation/log-generation'
2026-09-04T11:16:19.4919755Z ##[group]Initializing the repository
2026-09-04T11:16:19.4927393Z [command]/usr/bin/git init /home/runner/work/log-generation/log-generation
2026-09-04T11:16:19.5048714Z hint: Using 'master' as the name for the initial branch. This default branch name
2026-09-04T11:16:19.5050487Z hint: will change to "main" in Git 3.0. To configure the initial branch name
2026-09-04T11:16:19.5052278Z hint: to use in all of your new repositories, which will suppress this warning,
2026-09-04T11:16:19.5053553Z hint: call:
2026-09-04T11:16:19.5054383Z hint:
2026-09-04T11:16:19.5055893Z hint: 	git config --global init.defaultBranch <name>
2026-09-04T11:16:19.5057055Z hint:
2026-09-04T11:16:19.5058136Z hint: Names commonly chosen instead of 'master' are 'main', 'trunk' and
2026-09-04T11:16:19.5059862Z hint: 'development'. The just-created branch can be renamed via this command:
2026-09-04T11:16:19.5061236Z hint:
2026-09-04T11:16:19.5062040Z hint: 	git branch -m <name>
2026-09-04T11:16:19.5062854Z hint:
2026-09-04T11:16:19.5063948Z hint: Disable this message with "git config set advice.defaultBranchName false"
2026-09-04T11:16:19.5066085Z Initialized empty Git repository in /home/runner/work/log-generation/log-generation/.git/
2026-09-04T11:16:19.5069088Z [command]/usr/bin/git remote add origin https://github.com/DhruvHegde/log-generation
2026-09-04T11:16:19.5119720Z ##[endgroup]
2026-09-04T11:16:19.5120970Z ##[group]Disabling automatic garbage collection
2026-09-04T11:16:19.5124110Z [command]/usr/bin/git config --local gc.auto 0
2026-09-04T11:16:19.5158330Z ##[endgroup]
2026-09-04T11:16:19.5159506Z ##[group]Setting up auth
2026-09-04T11:16:19.5165104Z [command]/usr/bin/git config --local --name-only --get-regexp core\.sshCommand
2026-09-04T11:16:19.5199161Z [command]/usr/bin/git submodule foreach --recursive sh -c "git config --local --name-only --get-regexp 'core\.sshCommand' && git config --local --unset-all 'core.sshCommand' || :"
2026-09-04T11:16:19.5568681Z [command]/usr/bin/git config --local --name-only --get-regexp http\.https\:\/\/github\.com\/\.extraheader
2026-09-04T11:16:19.5608272Z [command]/usr/bin/git submodule foreach --recursive sh -c "git config --local --name-only --get-regexp 'http\.https\:\/\/github\.com\/\.extraheader' && git config --local --unset-all 'http.https://github.com/.extraheader' || :"
2026-09-04T11:16:19.5896410Z [command]/usr/bin/git config --local --name-only --get-regexp ^includeIf\.gitdir:
2026-09-04T11:16:19.5937699Z [command]/usr/bin/git submodule foreach --recursive git config --local --show-origin --name-only --get-regexp remote.origin.url
2026-09-04T11:16:19.6166782Z [command]/usr/bin/git config --local http.https://github.com/.extraheader AUTHORIZATION: basic ***
2026-09-04T11:16:19.6206060Z ##[endgroup]
2026-09-04T11:16:19.6206954Z ##[group]Fetching the repository
2026-09-04T11:16:19.6216578Z [command]/usr/bin/git -c protocol.version=2 fetch --no-tags --prune --no-recurse-submodules --depth=1 origin +55701f2ee203be18f432be2dca839cc73b92fb5e:refs/remotes/origin/feature/f3-test-failures
2026-09-04T11:16:20.0230204Z From https://github.com/DhruvHegde/log-generation
2026-09-04T11:16:20.0231466Z  * [new ref]         55701f2ee203be18f432be2dca839cc73b92fb5e -> origin/feature/f3-test-failures
2026-09-04T11:16:20.0234870Z ##[endgroup]
2026-09-04T11:16:20.0235845Z ##[group]Determining the checkout info
2026-09-04T11:16:20.0237673Z ##[endgroup]
2026-09-04T11:16:20.0244042Z [command]/usr/bin/git sparse-checkout disable
2026-09-04T11:16:20.0301663Z [command]/usr/bin/git config --local --unset-all extensions.worktreeConfig
2026-09-04T11:16:20.0337098Z ##[group]Checking out the ref
2026-09-04T11:16:20.0351093Z [command]/usr/bin/git checkout --progress --force -B feature/f3-test-failures refs/remotes/origin/feature/f3-test-failures
2026-09-04T11:16:20.0428892Z Switched to a new branch 'feature/f3-test-failures'
2026-09-04T11:16:20.0434131Z branch 'feature/f3-test-failures' set up to track 'origin/feature/f3-test-failures'.
2026-09-04T11:16:20.0440482Z ##[endgroup]
2026-09-04T11:16:20.0490431Z [command]/usr/bin/git log -1 --format=%H
2026-09-04T11:16:20.0520729Z 55701f2ee203be18f432be2dca839cc73b92fb5e
2026-09-04T11:16:20.0831231Z Node 20 is being deprecated. This workflow is running with Node 24 by default. If you need to temporarily use Node 20, you can set the ACTIONS_ALLOW_USE_UNSECURE_NODE_VERSION=true environment variable. For more information see: https://github.blog/changelog/2025-09-19-deprecation-of-node-20-on-github-actions-runners/
2026-09-04T11:16:20.0834151Z ##[group]Run actions/setup-python@v5
2026-09-04T11:16:20.0835008Z with:
2026-09-04T11:16:20.0835472Z   python-version: 3.11
2026-09-04T11:16:20.0836004Z   check-latest: false
2026-09-04T11:16:20.0839890Z   token: ***
2026-09-04T11:16:20.0840385Z   update-environment: true
2026-09-04T11:16:20.0840945Z   allow-prereleases: false
2026-09-04T11:16:20.0841480Z   freethreaded: false
2026-09-04T11:16:20.0841970Z ##[endgroup]
2026-09-04T11:16:20.2251975Z ##[group]Installed versions
2026-09-04T11:16:20.3083201Z (node:2219) [DEP0040] DeprecationWarning: The `punycode` module is deprecated. Please use a userland alternative instead.
2026-09-04T11:16:20.3086744Z (Use `node --trace-deprecation ...` to show where the warning was created)
2026-09-04T11:16:20.3088501Z Successfully set up CPython (3.11.16)
2026-09-04T11:16:20.3089968Z ##[endgroup]
2026-09-04T11:16:20.3327136Z ##[group]Run pip install --no-cache-dir pytest
2026-09-04T11:16:20.3329053Z [36;1mpip install --no-cache-dir pytest[0m
2026-09-04T11:16:20.3445683Z shell: /usr/bin/bash -e {0}
2026-09-04T11:16:20.3447186Z env:
2026-09-04T11:16:20.3448570Z   pythonLocation: /opt/hostedtoolcache/Python/3.11.16/x64
2026-09-04T11:16:20.3450712Z   PKG_CONFIG_PATH: /opt/hostedtoolcache/Python/3.11.16/x64/lib/pkgconfig
2026-09-04T11:16:20.3453634Z   Python_ROOT_DIR: /opt/hostedtoolcache/Python/3.11.16/x64
2026-09-04T11:16:20.3456721Z   Python2_ROOT_DIR: /opt/hostedtoolcache/Python/3.11.16/x64
2026-09-04T11:16:20.3459601Z   Python3_ROOT_DIR: /opt/hostedtoolcache/Python/3.11.16/x64
2026-09-04T11:16:20.3538825Z   LD_LIBRARY_PATH: /opt/hostedtoolcache/Python/3.11.16/x64/lib
2026-09-04T11:16:20.3540620Z ##[endgroup]
2026-09-04T11:16:23.2901145Z Collecting pytest
2026-09-04T11:16:23.3359822Z   Downloading pytest-9.1.1-py3-none-any.whl.metadata (7.6 kB)
2026-09-04T11:16:23.3438833Z Collecting iniconfig>=1.0.1 (from pytest)
2026-09-04T11:16:23.3470357Z   Downloading iniconfig-2.3.0-py3-none-any.whl.metadata (2.5 kB)
2026-09-04T11:16:23.3569655Z Collecting packaging>=22 (from pytest)
2026-09-04T11:16:23.3601795Z   Downloading packaging-26.3-py3-none-any.whl.metadata (3.5 kB)
2026-09-04T11:16:23.3679737Z Collecting pluggy<2,>=1.5 (from pytest)
2026-09-04T11:16:23.3707086Z   Downloading pluggy-1.6.0-py3-none-any.whl.metadata (4.8 kB)
2026-09-04T11:16:23.3836816Z Collecting pygments>=2.7.2 (from pytest)
2026-09-04T11:16:23.3870557Z   Downloading pygments-2.21.0-py3-none-any.whl.metadata (2.5 kB)
2026-09-04T11:16:23.3928655Z Downloading pytest-9.1.1-py3-none-any.whl (386 kB)
2026-09-04T11:16:23.4103857Z Downloading pluggy-1.6.0-py3-none-any.whl (20 kB)
2026-09-04T11:16:23.4136699Z Downloading iniconfig-2.3.0-py3-none-any.whl (7.5 kB)
2026-09-04T11:16:23.4165335Z Downloading packaging-26.3-py3-none-any.whl (129 kB)
2026-09-04T11:16:23.4195447Z Downloading pygments-2.21.0-py3-none-any.whl (1.3 MB)
2026-09-04T11:16:23.4255155Z    ââââââââââââââââââââââââââââââââââââââââ 1.3/1.3 MB 400.8 MB/s  0:00:00
2026-09-04T11:16:23.6277315Z Installing collected packages: pygments, pluggy, packaging, iniconfig, pytest
2026-09-04T11:16:24.6194698Z 
2026-09-04T11:16:24.6205560Z Successfully installed iniconfig-2.3.0 packaging-26.3 pluggy-1.6.0 pygments-2.21.0 pytest-9.1.1
2026-09-04T11:16:24.6765307Z ##[group]Run python automation/inject_mutation.py --error-type "ZeroDivisionError"
2026-09-04T11:16:24.6766009Z [36;1mpython automation/inject_mutation.py --error-type "ZeroDivisionError"[0m
2026-09-04T11:16:24.6805861Z shell: /usr/bin/bash -e {0}
2026-09-04T11:16:24.6806130Z env:
2026-09-04T11:16:24.6806418Z   pythonLocation: /opt/hostedtoolcache/Python/3.11.16/x64
2026-09-04T11:16:24.6807100Z   PKG_CONFIG_PATH: /opt/hostedtoolcache/Python/3.11.16/x64/lib/pkgconfig
2026-09-04T11:16:24.6807535Z   Python_ROOT_DIR: /opt/hostedtoolcache/Python/3.11.16/x64
2026-09-04T11:16:24.6807919Z   Python2_ROOT_DIR: /opt/hostedtoolcache/Python/3.11.16/x64
2026-09-04T11:16:24.6808311Z   Python3_ROOT_DIR: /opt/hostedtoolcache/Python/3.11.16/x64
2026-09-04T11:16:24.6808697Z   LD_LIBRARY_PATH: /opt/hostedtoolcache/Python/3.11.16/x64/lib
2026-09-04T11:16:24.6809047Z ##[endgroup]
2026-09-04T11:16:24.7109289Z [Mutation Injected] Successfully injected ZeroDivisionError into tests/test_app.py
2026-09-04T11:16:24.7183492Z ##[group]Run pytest tests/test_app.py -v
2026-09-04T11:16:24.7183878Z [36;1mpytest tests/test_app.py -v[0m
2026-09-04T11:16:24.7222414Z shell: /usr/bin/bash -e {0}
2026-09-04T11:16:24.7222674Z env:
2026-09-04T11:16:24.7222944Z   pythonLocation: /opt/hostedtoolcache/Python/3.11.16/x64
2026-09-04T11:16:24.7223399Z   PKG_CONFIG_PATH: /opt/hostedtoolcache/Python/3.11.16/x64/lib/pkgconfig
2026-09-04T11:16:24.7223848Z   Python_ROOT_DIR: /opt/hostedtoolcache/Python/3.11.16/x64
2026-09-04T11:16:24.7224226Z   Python2_ROOT_DIR: /opt/hostedtoolcache/Python/3.11.16/x64
2026-09-04T11:16:24.7224841Z   Python3_ROOT_DIR: /opt/hostedtoolcache/Python/3.11.16/x64
2026-09-04T11:16:24.7225229Z   LD_LIBRARY_PATH: /opt/hostedtoolcache/Python/3.11.16/x64/lib
2026-09-04T11:16:24.7225560Z ##[endgroup]
2026-09-04T11:16:25.3243657Z ============================= test session starts ==============================
2026-09-04T11:16:25.3244738Z platform linux -- Python 3.11.16, pytest-9.1.1, pluggy-1.6.0 -- /opt/hostedtoolcache/Python/3.11.16/x64/bin/python
2026-09-04T11:16:25.3245357Z cachedir: .pytest_cache
2026-09-04T11:16:25.3245703Z rootdir: /home/runner/work/log-generation/log-generation
2026-09-04T11:16:25.3246085Z configfile: pytest.ini
2026-09-04T11:16:25.3331065Z collecting ... collected 6 items
2026-09-04T11:16:25.3331474Z 
2026-09-04T11:16:25.3339985Z tests/test_app.py::test_calculate_division PASSED                        [ 16%]
2026-09-04T11:16:25.3347198Z tests/test_app.py::test_convert_to_int PASSED                            [ 33%]
2026-09-04T11:16:25.3354340Z tests/test_app.py::test_get_list_item PASSED                             [ 50%]
2026-09-04T11:16:25.3361537Z tests/test_app.py::test_get_dict_value PASSED                            [ 66%]
2026-09-04T11:16:25.3368996Z tests/test_app.py::test_assert_positive PASSED                           [ 83%]
2026-09-04T11:16:25.3649831Z tests/test_app.py::test_zero_division_error FAILED                       [100%]
2026-09-04T11:16:25.3650342Z 
2026-09-04T11:16:25.3650548Z =================================== FAILURES ===================================
2026-09-04T11:16:25.3651070Z ___________________________ test_zero_division_error ___________________________
2026-09-04T11:16:25.3651414Z 
2026-09-04T11:16:25.3651539Z     def test_zero_division_error():
2026-09-04T11:16:25.3651893Z         """Injected synthetic ZeroDivisionError."""
2026-09-04T11:16:25.3652308Z         from src.app import calculate_division
2026-09-04T11:16:25.3652669Z >       calculate_division(42, 0)
2026-09-04T11:16:25.3652866Z 
2026-09-04T11:16:25.3652982Z tests/test_app.py:129: 
2026-09-04T11:16:25.3653332Z _ _ _ _ _ _ _ _ _ _ _ _ _ _ _ _ _ _ _ _ _ _ _ _ _ _ _ _ _ _ _ _ _ _ _ _ _ _ _ _ 
2026-09-04T11:16:25.3653648Z 
2026-09-04T11:16:25.3653759Z a = 42, b = 0
2026-09-04T11:16:25.3653900Z 
2026-09-04T11:16:25.3654020Z     def calculate_division(a, b):
2026-09-04T11:16:25.3654316Z >       return a / b
2026-09-04T11:16:25.3654908Z                ^^^^^
2026-09-04T11:16:25.3655242Z E       ZeroDivisionError: division by zero
2026-09-04T11:16:25.3655489Z 
2026-09-04T11:16:25.3655613Z src/app.py:2: ZeroDivisionError
2026-09-04T11:16:25.3655984Z =========================== short test summary info ============================
2026-09-04T11:16:25.3656600Z FAILED tests/test_app.py::test_zero_division_error - ZeroDivisionError: division by zero
2026-09-04T11:16:25.3657198Z ========================= 1 failed, 5 passed in 0.03s ==========================
2026-09-04T11:16:25.3845654Z ##[error]Process completed with exit code 1.
2026-09-04T11:16:25.3992775Z Node 20 is being deprecated. This workflow is running with Node 24 by default. If you need to temporarily use Node 20, you can set the ACTIONS_ALLOW_USE_UNSECURE_NODE_VERSION=true environment variable. For more information see: https://github.blog/changelog/2025-09-19-deprecation-of-node-20-on-github-actions-runners/
2026-09-04T11:16:25.3994039Z Post job cleanup.
2026-09-04T11:16:25.4872843Z [command]/usr/bin/git version
2026-09-04T11:16:25.4917245Z git version 2.55.0
2026-09-04T11:16:25.4958966Z Temporarily overriding HOME='/home/runner/work/_temp/44a1a8ca-7eb0-4506-86f1-00b18cf9fcee' before making global git config changes
2026-09-04T11:16:25.4960746Z Adding repository directory to the temporary git global config as a safe directory
2026-09-04T11:16:25.4965522Z [command]/usr/bin/git config --global --add safe.directory /home/runner/work/log-generation/log-generation
2026-09-04T11:16:25.5006546Z [command]/usr/bin/git config --local --name-only --get-regexp core\.sshCommand
2026-09-04T11:16:25.5051565Z [command]/usr/bin/git submodule foreach --recursive sh -c "git config --local --name-only --get-regexp 'core\.sshCommand' && git config --local --unset-all 'core.sshCommand' || :"
2026-09-04T11:16:25.5307088Z [command]/usr/bin/git config --local --name-only --get-regexp http\.https\:\/\/github\.com\/\.extraheader
2026-09-04T11:16:25.5336190Z http.https://github.com/.extraheader
2026-09-04T11:16:25.5348086Z [command]/usr/bin/git config --local --unset-all http.https://github.com/.extraheader
2026-09-04T11:16:25.5389771Z [command]/usr/bin/git submodule foreach --recursive sh -c "git config --local --name-only --get-regexp 'http\.https\:\/\/github\.com\/\.extraheader' && git config --local --unset-all 'http.https://github.com/.extraheader' || :"
2026-09-04T11:16:25.5665380Z [command]/usr/bin/git config --local --name-only --get-regexp ^includeIf\.gitdir:
2026-09-04T11:16:25.5718858Z [command]/usr/bin/git submodule foreach --recursive git config --local --show-origin --name-only --get-regexp remote.origin.url
2026-09-04T11:16:25.6193629Z Cleaning up orphan processes
2026-09-04T11:16:25.6457885Z ##[warning]Node.js 20 is deprecated. The following actions target Node.js 20 but are being forced to run on Node.js 24: actions/checkout@v4, actions/setup-python@v5. For more information see: https://github.blog/changelog/2025-09-19-deprecation-of-node-20-on-github-actions-runners/
