ï»¿2026-09-04T11:27:57.1624160Z Current runner version: '2.337.0'
2026-09-04T11:27:57.1648736Z ##[group]Runner Image Provisioner
2026-09-04T11:27:57.1649596Z Hosted Compute Agent
2026-09-04T11:27:57.1650215Z Version: 20260828.587
2026-09-04T11:27:57.1650951Z Commit: abac92662cab4cc7352de4f9f9d2e2419aad9c29
2026-09-04T11:27:57.1651706Z Build Date: 2026-08-28T16:44:25Z
2026-09-04T11:27:57.1652540Z Worker ID: {2a41a65a-272b-42df-bae5-0d3388b8712f}
2026-09-04T11:27:57.1653602Z Azure Region: westus2
2026-09-04T11:27:57.1654212Z ##[endgroup]
2026-09-04T11:27:57.1656156Z ##[group]Operating System
2026-09-04T11:27:57.1656819Z Ubuntu
2026-09-04T11:27:57.1657403Z 24.04.4
2026-09-04T11:27:57.1657930Z LTS
2026-09-04T11:27:57.1658791Z ##[endgroup]
2026-09-04T11:27:57.1659448Z ##[group]Runner Image
2026-09-04T11:27:57.1660184Z Image: ubuntu-24.04
2026-09-04T11:27:57.1660799Z Version: 20260831.293.1
2026-09-04T11:27:57.1662054Z Included Software: https://github.com/actions/runner-images/blob/ubuntu24/20260831.293/images/ubuntu/Ubuntu2404-Readme.md
2026-09-04T11:27:57.1663963Z Image Release: https://github.com/actions/runner-images/releases/tag/ubuntu24%2F20260831.293
2026-09-04T11:27:57.1664991Z ##[endgroup]
2026-09-04T11:27:57.1666233Z ##[group]GITHUB_TOKEN Permissions
2026-09-04T11:27:57.1668433Z Contents: read
2026-09-04T11:27:57.1669143Z Metadata: read
2026-09-04T11:27:57.1669720Z Packages: read
2026-09-04T11:27:57.1670268Z ##[endgroup]
2026-09-04T11:27:57.1672395Z Secret source: Actions
2026-09-04T11:27:57.1674145Z Prepare workflow directory
2026-09-04T11:27:57.2039023Z Prepare all required actions
2026-09-04T11:27:57.2113718Z Getting action download info
2026-09-04T11:27:57.5890776Z Download action repository 'actions/checkout@v4' (SHA:11d5960a326750d5838078e36cf38b85af677262)
2026-09-04T11:27:57.7295845Z Download action repository 'actions/setup-python@v5' (SHA:a26af69be951a213d495a4c3e4e4022e16d87065)
2026-09-04T11:27:57.9132184Z Complete job name: test-f3 (TypeError #7)
2026-09-04T11:27:57.9908519Z Node 20 is being deprecated. This workflow is running with Node 24 by default. If you need to temporarily use Node 20, you can set the ACTIONS_ALLOW_USE_UNSECURE_NODE_VERSION=true environment variable. For more information see: https://github.blog/changelog/2025-09-19-deprecation-of-node-20-on-github-actions-runners/
2026-09-04T11:27:57.9917572Z ##[group]Run actions/checkout@v4
2026-09-04T11:27:57.9918323Z with:
2026-09-04T11:27:57.9918750Z   fetch-depth: 1
2026-09-04T11:27:57.9919248Z   repository: DhruvHegde/log-generation
2026-09-04T11:27:57.9923413Z   token: ***
2026-09-04T11:27:57.9923858Z   ssh-strict: true
2026-09-04T11:27:57.9924298Z   ssh-user: git
2026-09-04T11:27:57.9924752Z   persist-credentials: true
2026-09-04T11:27:57.9925248Z   clean: true
2026-09-04T11:27:57.9925699Z   sparse-checkout-cone-mode: true
2026-09-04T11:27:57.9926221Z   fetch-tags: false
2026-09-04T11:27:57.9926669Z   show-progress: true
2026-09-04T11:27:57.9927113Z   lfs: false
2026-09-04T11:27:57.9927561Z   submodules: false
2026-09-04T11:27:57.9928029Z   set-safe-directory: true
2026-09-04T11:27:57.9928543Z   allow-unsafe-pr-checkout: false
2026-09-04T11:27:57.9929352Z ##[endgroup]
2026-09-04T11:27:58.0975113Z Syncing repository: DhruvHegde/log-generation
2026-09-04T11:27:58.0978031Z ##[group]Getting Git version info
2026-09-04T11:27:58.0979327Z Working directory is '/home/runner/work/log-generation/log-generation'
2026-09-04T11:27:58.0981116Z [command]/usr/bin/git version
2026-09-04T11:27:58.1033868Z git version 2.55.0
2026-09-04T11:27:58.1056383Z ##[endgroup]
2026-09-04T11:27:58.1071407Z Temporarily overriding HOME='/home/runner/work/_temp/f0a3276f-739f-472c-81ea-02d1987fee79' before making global git config changes
2026-09-04T11:27:58.1074086Z Adding repository directory to the temporary git global config as a safe directory
2026-09-04T11:27:58.1077131Z [command]/usr/bin/git config --global --add safe.directory /home/runner/work/log-generation/log-generation
2026-09-04T11:27:58.1137846Z Deleting the contents of '/home/runner/work/log-generation/log-generation'
2026-09-04T11:27:58.1142496Z ##[group]Initializing the repository
2026-09-04T11:27:58.1148487Z [command]/usr/bin/git init /home/runner/work/log-generation/log-generation
2026-09-04T11:27:58.1270633Z hint: Using 'master' as the name for the initial branch. This default branch name
2026-09-04T11:27:58.1272948Z hint: will change to "main" in Git 3.0. To configure the initial branch name
2026-09-04T11:27:58.1274869Z hint: to use in all of your new repositories, which will suppress this warning,
2026-09-04T11:27:58.1276470Z hint: call:
2026-09-04T11:27:58.1277475Z hint:
2026-09-04T11:27:58.1278667Z hint: 	git config --global init.defaultBranch <name>
2026-09-04T11:27:58.1280128Z hint:
2026-09-04T11:27:58.1281409Z hint: Names commonly chosen instead of 'master' are 'main', 'trunk' and
2026-09-04T11:27:58.1283699Z hint: 'development'. The just-created branch can be renamed via this command:
2026-09-04T11:27:58.1285223Z hint:
2026-09-04T11:27:58.1286119Z hint: 	git branch -m <name>
2026-09-04T11:27:58.1287233Z hint:
2026-09-04T11:27:58.1288647Z hint: Disable this message with "git config set advice.defaultBranchName false"
2026-09-04T11:27:58.1290697Z Initialized empty Git repository in /home/runner/work/log-generation/log-generation/.git/
2026-09-04T11:27:58.1306010Z [command]/usr/bin/git remote add origin https://github.com/DhruvHegde/log-generation
2026-09-04T11:27:58.1388276Z ##[endgroup]
2026-09-04T11:27:58.1389784Z ##[group]Disabling automatic garbage collection
2026-09-04T11:27:58.1391168Z [command]/usr/bin/git config --local gc.auto 0
2026-09-04T11:27:58.1418256Z ##[endgroup]
2026-09-04T11:27:58.1419383Z ##[group]Setting up auth
2026-09-04T11:27:58.1420512Z [command]/usr/bin/git config --local --name-only --get-regexp core\.sshCommand
2026-09-04T11:27:58.1455830Z [command]/usr/bin/git submodule foreach --recursive sh -c "git config --local --name-only --get-regexp 'core\.sshCommand' && git config --local --unset-all 'core.sshCommand' || :"
2026-09-04T11:27:58.1848565Z [command]/usr/bin/git config --local --name-only --get-regexp http\.https\:\/\/github\.com\/\.extraheader
2026-09-04T11:27:58.1890399Z [command]/usr/bin/git submodule foreach --recursive sh -c "git config --local --name-only --get-regexp 'http\.https\:\/\/github\.com\/\.extraheader' && git config --local --unset-all 'http.https://github.com/.extraheader' || :"
2026-09-04T11:27:58.2127546Z [command]/usr/bin/git config --local --name-only --get-regexp ^includeIf\.gitdir:
2026-09-04T11:27:58.2170338Z [command]/usr/bin/git submodule foreach --recursive git config --local --show-origin --name-only --get-regexp remote.origin.url
2026-09-04T11:27:58.2429982Z [command]/usr/bin/git config --local http.https://github.com/.extraheader AUTHORIZATION: basic ***
2026-09-04T11:27:58.2475538Z ##[endgroup]
2026-09-04T11:27:58.2476638Z ##[group]Fetching the repository
2026-09-04T11:27:58.2491012Z [command]/usr/bin/git -c protocol.version=2 fetch --no-tags --prune --no-recurse-submodules --depth=1 origin +0c2ddc82b3a248827557edda9affcd6927945898:refs/remotes/origin/feature/f3-test-failures
2026-09-04T11:27:58.6379978Z From https://github.com/DhruvHegde/log-generation
2026-09-04T11:27:58.6381895Z  * [new ref]         0c2ddc82b3a248827557edda9affcd6927945898 -> origin/feature/f3-test-failures
2026-09-04T11:27:58.6386299Z ##[endgroup]
2026-09-04T11:27:58.6388026Z ##[group]Determining the checkout info
2026-09-04T11:27:58.6389995Z ##[endgroup]
2026-09-04T11:27:58.6396085Z [command]/usr/bin/git sparse-checkout disable
2026-09-04T11:27:58.6449428Z [command]/usr/bin/git config --local --unset-all extensions.worktreeConfig
2026-09-04T11:27:58.6481030Z ##[group]Checking out the ref
2026-09-04T11:27:58.6488427Z [command]/usr/bin/git checkout --progress --force -B feature/f3-test-failures refs/remotes/origin/feature/f3-test-failures
2026-09-04T11:27:58.6566011Z Switched to a new branch 'feature/f3-test-failures'
2026-09-04T11:27:58.6572971Z branch 'feature/f3-test-failures' set up to track 'origin/feature/f3-test-failures'.
2026-09-04T11:27:58.6577424Z ##[endgroup]
2026-09-04T11:27:58.6621092Z [command]/usr/bin/git log -1 --format=%H
2026-09-04T11:27:58.6648780Z 0c2ddc82b3a248827557edda9affcd6927945898
2026-09-04T11:27:58.6919351Z Node 20 is being deprecated. This workflow is running with Node 24 by default. If you need to temporarily use Node 20, you can set the ACTIONS_ALLOW_USE_UNSECURE_NODE_VERSION=true environment variable. For more information see: https://github.blog/changelog/2025-09-19-deprecation-of-node-20-on-github-actions-runners/
2026-09-04T11:27:58.6922306Z ##[group]Run actions/setup-python@v5
2026-09-04T11:27:58.6923329Z with:
2026-09-04T11:27:58.6923782Z   python-version: 3.11
2026-09-04T11:27:58.6924260Z   check-latest: false
2026-09-04T11:27:58.6928070Z   token: ***
2026-09-04T11:27:58.6928515Z   update-environment: true
2026-09-04T11:27:58.6929019Z   allow-prereleases: false
2026-09-04T11:27:58.6929513Z   freethreaded: false
2026-09-04T11:27:58.6929954Z ##[endgroup]
2026-09-04T11:27:58.8241483Z ##[group]Installed versions
2026-09-04T11:27:58.8335897Z (node:2257) [DEP0040] DeprecationWarning: The `punycode` module is deprecated. Please use a userland alternative instead.
2026-09-04T11:27:58.8338321Z (Use `node --trace-deprecation ...` to show where the warning was created)
2026-09-04T11:27:58.8339701Z Successfully set up CPython (3.11.16)
2026-09-04T11:27:58.8341107Z ##[endgroup]
2026-09-04T11:27:58.8509845Z ##[group]Run pip install --no-cache-dir pytest
2026-09-04T11:27:58.8510689Z [36;1mpip install --no-cache-dir pytest[0m
2026-09-04T11:27:58.8561738Z shell: /usr/bin/bash -e {0}
2026-09-04T11:27:58.8562282Z env:
2026-09-04T11:27:58.8563155Z   pythonLocation: /opt/hostedtoolcache/Python/3.11.16/x64
2026-09-04T11:27:58.8564030Z   PKG_CONFIG_PATH: /opt/hostedtoolcache/Python/3.11.16/x64/lib/pkgconfig
2026-09-04T11:27:58.8564871Z   Python_ROOT_DIR: /opt/hostedtoolcache/Python/3.11.16/x64
2026-09-04T11:27:58.8565649Z   Python2_ROOT_DIR: /opt/hostedtoolcache/Python/3.11.16/x64
2026-09-04T11:27:58.8566434Z   Python3_ROOT_DIR: /opt/hostedtoolcache/Python/3.11.16/x64
2026-09-04T11:27:58.8567216Z   LD_LIBRARY_PATH: /opt/hostedtoolcache/Python/3.11.16/x64/lib
2026-09-04T11:27:58.8649826Z ##[endgroup]
2026-09-04T11:27:59.7198500Z Collecting pytest
2026-09-04T11:27:59.7797589Z   Downloading pytest-9.1.1-py3-none-any.whl.metadata (7.6 kB)
2026-09-04T11:27:59.7923861Z Collecting iniconfig>=1.0.1 (from pytest)
2026-09-04T11:27:59.7998584Z   Downloading iniconfig-2.3.0-py3-none-any.whl.metadata (2.5 kB)
2026-09-04T11:27:59.8148366Z Collecting packaging>=22 (from pytest)
2026-09-04T11:27:59.8220333Z   Downloading packaging-26.3-py3-none-any.whl.metadata (3.5 kB)
2026-09-04T11:27:59.8339435Z Collecting pluggy<2,>=1.5 (from pytest)
2026-09-04T11:27:59.8412369Z   Downloading pluggy-1.6.0-py3-none-any.whl.metadata (4.8 kB)
2026-09-04T11:27:59.8598475Z Collecting pygments>=2.7.2 (from pytest)
2026-09-04T11:27:59.8670295Z   Downloading pygments-2.21.0-py3-none-any.whl.metadata (2.5 kB)
2026-09-04T11:27:59.8767628Z Downloading pytest-9.1.1-py3-none-any.whl (386 kB)
2026-09-04T11:27:59.9109393Z Downloading pluggy-1.6.0-py3-none-any.whl (20 kB)
2026-09-04T11:27:59.9182152Z Downloading iniconfig-2.3.0-py3-none-any.whl (7.5 kB)
2026-09-04T11:27:59.9255440Z Downloading packaging-26.3-py3-none-any.whl (129 kB)
2026-09-04T11:27:59.9349911Z Downloading pygments-2.21.0-py3-none-any.whl (1.3 MB)
2026-09-04T11:27:59.9745856Z    ââââââââââââââââââââââââââââââââââââââââ 1.3/1.3 MB 34.0 MB/s  0:00:00
2026-09-04T11:28:00.0385198Z Installing collected packages: pygments, pluggy, packaging, iniconfig, pytest
2026-09-04T11:28:01.0237047Z 
2026-09-04T11:28:01.0249003Z Successfully installed iniconfig-2.3.0 packaging-26.3 pluggy-1.6.0 pygments-2.21.0 pytest-9.1.1
2026-09-04T11:28:01.0744814Z ##[group]Run python automation/inject_mutation.py --error-type "TypeError"
2026-09-04T11:28:01.0745485Z [36;1mpython automation/inject_mutation.py --error-type "TypeError"[0m
2026-09-04T11:28:01.0783956Z shell: /usr/bin/bash -e {0}
2026-09-04T11:28:01.0784265Z env:
2026-09-04T11:28:01.0784608Z   pythonLocation: /opt/hostedtoolcache/Python/3.11.16/x64
2026-09-04T11:28:01.0785380Z   PKG_CONFIG_PATH: /opt/hostedtoolcache/Python/3.11.16/x64/lib/pkgconfig
2026-09-04T11:28:01.0785877Z   Python_ROOT_DIR: /opt/hostedtoolcache/Python/3.11.16/x64
2026-09-04T11:28:01.0786316Z   Python2_ROOT_DIR: /opt/hostedtoolcache/Python/3.11.16/x64
2026-09-04T11:28:01.0786754Z   Python3_ROOT_DIR: /opt/hostedtoolcache/Python/3.11.16/x64
2026-09-04T11:28:01.0787213Z   LD_LIBRARY_PATH: /opt/hostedtoolcache/Python/3.11.16/x64/lib
2026-09-04T11:28:01.0787611Z ##[endgroup]
2026-09-04T11:28:01.1086182Z [Mutation Injected] Successfully injected TypeError into tests/test_app.py
2026-09-04T11:28:01.1156302Z ##[group]Run pytest tests/test_app.py -v
2026-09-04T11:28:01.1156830Z [36;1mpytest tests/test_app.py -v[0m
2026-09-04T11:28:01.1193207Z shell: /usr/bin/bash -e {0}
2026-09-04T11:28:01.1193513Z env:
2026-09-04T11:28:01.1193827Z   pythonLocation: /opt/hostedtoolcache/Python/3.11.16/x64
2026-09-04T11:28:01.1194326Z   PKG_CONFIG_PATH: /opt/hostedtoolcache/Python/3.11.16/x64/lib/pkgconfig
2026-09-04T11:28:01.1194829Z   Python_ROOT_DIR: /opt/hostedtoolcache/Python/3.11.16/x64
2026-09-04T11:28:01.1195260Z   Python2_ROOT_DIR: /opt/hostedtoolcache/Python/3.11.16/x64
2026-09-04T11:28:01.1195692Z   Python3_ROOT_DIR: /opt/hostedtoolcache/Python/3.11.16/x64
2026-09-04T11:28:01.1196132Z   LD_LIBRARY_PATH: /opt/hostedtoolcache/Python/3.11.16/x64/lib
2026-09-04T11:28:01.1196497Z ##[endgroup]
2026-09-04T11:28:01.5653557Z ============================= test session starts ==============================
2026-09-04T11:28:01.5654797Z platform linux -- Python 3.11.16, pytest-9.1.1, pluggy-1.6.0 -- /opt/hostedtoolcache/Python/3.11.16/x64/bin/python
2026-09-04T11:28:01.5655733Z cachedir: .pytest_cache
2026-09-04T11:28:01.5656351Z rootdir: /home/runner/work/log-generation/log-generation
2026-09-04T11:28:01.5656995Z configfile: pytest.ini
2026-09-04T11:28:01.5741905Z collecting ... collected 6 items
2026-09-04T11:28:01.5742324Z 
2026-09-04T11:28:01.5751100Z tests/test_app.py::test_calculate_division PASSED                        [ 16%]
2026-09-04T11:28:01.5759250Z tests/test_app.py::test_convert_to_int PASSED                            [ 33%]
2026-09-04T11:28:01.5767205Z tests/test_app.py::test_get_list_item PASSED                             [ 50%]
2026-09-04T11:28:01.5774710Z tests/test_app.py::test_get_dict_value PASSED                            [ 66%]
2026-09-04T11:28:01.5781760Z tests/test_app.py::test_assert_positive PASSED                           [ 83%]
2026-09-04T11:28:01.6049544Z tests/test_app.py::test_type_error FAILED                                [100%]
2026-09-04T11:28:01.6050162Z 
2026-09-04T11:28:01.6050451Z =================================== FAILURES ===================================
2026-09-04T11:28:01.6051240Z _______________________________ test_type_error ________________________________
2026-09-04T11:28:01.6051743Z 
2026-09-04T11:28:01.6051937Z     def test_type_error():
2026-09-04T11:28:01.6052427Z         """Injected synthetic TypeError."""
2026-09-04T11:28:01.6053271Z         from src.app import calculate_division
2026-09-04T11:28:01.6053915Z >       calculate_division("invalid_string", 5)
2026-09-04T11:28:01.6054319Z 
2026-09-04T11:28:01.6054503Z tests/test_app.py:131: 
2026-09-04T11:28:01.6055037Z _ _ _ _ _ _ _ _ _ _ _ _ _ _ _ _ _ _ _ _ _ _ _ _ _ _ _ _ _ _ _ _ _ _ _ _ _ _ _ _ 
2026-09-04T11:28:01.6055493Z 
2026-09-04T11:28:01.6055681Z a = 'invalid_string', b = 5
2026-09-04T11:28:01.6055966Z 
2026-09-04T11:28:01.6056164Z     def calculate_division(a, b):
2026-09-04T11:28:01.6056629Z >       return a / b
2026-09-04T11:28:01.6057078Z                ^^^^^
2026-09-04T11:28:01.6057665Z E       TypeError: unsupported operand type(s) for /: 'str' and 'int'
2026-09-04T11:28:01.6058173Z 
2026-09-04T11:28:01.6058354Z src/app.py:2: TypeError
2026-09-04T11:28:01.6058896Z =========================== short test summary info ============================
2026-09-04T11:28:01.6059951Z FAILED tests/test_app.py::test_type_error - TypeError: unsupported operand type(s) for /: 'str' and 'int'
2026-09-04T11:28:01.6061288Z ========================= 1 failed, 5 passed in 0.03s ==========================
2026-09-04T11:28:01.6241404Z ##[error]Process completed with exit code 1.
2026-09-04T11:28:01.6390079Z Node 20 is being deprecated. This workflow is running with Node 24 by default. If you need to temporarily use Node 20, you can set the ACTIONS_ALLOW_USE_UNSECURE_NODE_VERSION=true environment variable. For more information see: https://github.blog/changelog/2025-09-19-deprecation-of-node-20-on-github-actions-runners/
2026-09-04T11:28:01.6391353Z Post job cleanup.
2026-09-04T11:28:01.7256895Z [command]/usr/bin/git version
2026-09-04T11:28:01.7300317Z git version 2.55.0
2026-09-04T11:28:01.7343547Z Temporarily overriding HOME='/home/runner/work/_temp/d65ad93b-7e23-4ee4-9045-e2a04156c918' before making global git config changes
2026-09-04T11:28:01.7345340Z Adding repository directory to the temporary git global config as a safe directory
2026-09-04T11:28:01.7349754Z [command]/usr/bin/git config --global --add safe.directory /home/runner/work/log-generation/log-generation
2026-09-04T11:28:01.7389528Z [command]/usr/bin/git config --local --name-only --get-regexp core\.sshCommand
2026-09-04T11:28:01.7424546Z [command]/usr/bin/git submodule foreach --recursive sh -c "git config --local --name-only --get-regexp 'core\.sshCommand' && git config --local --unset-all 'core.sshCommand' || :"
2026-09-04T11:28:01.7677256Z [command]/usr/bin/git config --local --name-only --get-regexp http\.https\:\/\/github\.com\/\.extraheader
2026-09-04T11:28:01.7705152Z http.https://github.com/.extraheader
2026-09-04T11:28:01.7723774Z [command]/usr/bin/git config --local --unset-all http.https://github.com/.extraheader
2026-09-04T11:28:01.7759128Z [command]/usr/bin/git submodule foreach --recursive sh -c "git config --local --name-only --get-regexp 'http\.https\:\/\/github\.com\/\.extraheader' && git config --local --unset-all 'http.https://github.com/.extraheader' || :"
2026-09-04T11:28:01.8036165Z [command]/usr/bin/git config --local --name-only --get-regexp ^includeIf\.gitdir:
2026-09-04T11:28:01.8078911Z [command]/usr/bin/git submodule foreach --recursive git config --local --show-origin --name-only --get-regexp remote.origin.url
2026-09-04T11:28:01.8476894Z Cleaning up orphan processes
2026-09-04T11:28:01.8780683Z ##[warning]Node.js 20 is deprecated. The following actions target Node.js 20 but are being forced to run on Node.js 24: actions/checkout@v4, actions/setup-python@v5. For more information see: https://github.blog/changelog/2025-09-19-deprecation-of-node-20-on-github-actions-runners/
