ï»¿2026-09-04T15:46:17.9181959Z Current runner version: '2.337.0'
2026-09-04T15:46:17.9207577Z ##[group]Runner Image Provisioner
2026-09-04T15:46:17.9208596Z Hosted Compute Agent
2026-09-04T15:46:17.9209230Z Version: 20260828.587
2026-09-04T15:46:17.9209905Z Commit: abac92662cab4cc7352de4f9f9d2e2419aad9c29
2026-09-04T15:46:17.9210688Z Build Date: 2026-08-28T16:44:25Z
2026-09-04T15:46:17.9211420Z Worker ID: {e2128d1a-4fec-43ec-a4d9-e55020c96043}
2026-09-04T15:46:17.9212199Z Azure Region: westcentralus
2026-09-04T15:46:17.9212830Z ##[endgroup]
2026-09-04T15:46:17.9214661Z ##[group]Operating System
2026-09-04T15:46:17.9215339Z Ubuntu
2026-09-04T15:46:17.9216266Z 24.04.4
2026-09-04T15:46:17.9216867Z LTS
2026-09-04T15:46:17.9217409Z ##[endgroup]
2026-09-04T15:46:17.9218290Z ##[group]Runner Image
2026-09-04T15:46:17.9219027Z Image: ubuntu-24.04
2026-09-04T15:46:17.9219589Z Version: 20260831.293.1
2026-09-04T15:46:17.9220940Z Included Software: https://github.com/actions/runner-images/blob/ubuntu24/20260831.293/images/ubuntu/Ubuntu2404-Readme.md
2026-09-04T15:46:17.9222517Z Image Release: https://github.com/actions/runner-images/releases/tag/ubuntu24%2F20260831.293
2026-09-04T15:46:17.9223503Z ##[endgroup]
2026-09-04T15:46:17.9224625Z ##[group]GITHUB_TOKEN Permissions
2026-09-04T15:46:17.9227092Z Contents: read
2026-09-04T15:46:17.9227706Z Metadata: read
2026-09-04T15:46:17.9228340Z Packages: read
2026-09-04T15:46:17.9228994Z ##[endgroup]
2026-09-04T15:46:17.9231204Z Secret source: Actions
2026-09-04T15:46:17.9232858Z Prepare workflow directory
2026-09-04T15:46:17.9593205Z Prepare all required actions
2026-09-04T15:46:17.9642927Z Getting action download info
2026-09-04T15:46:18.2617851Z Download action repository 'actions/checkout@v4' (SHA:11d5960a326750d5838078e36cf38b85af677262)
2026-09-04T15:46:18.4004042Z Download action repository 'actions/setup-python@v5' (SHA:a26af69be951a213d495a4c3e4e4022e16d87065)
2026-09-04T15:46:18.6118769Z Complete job name: test-f3 (AttributeError #215)
2026-09-04T15:46:18.6901764Z Node 20 is being deprecated. This workflow is running with Node 24 by default. If you need to temporarily use Node 20, you can set the ACTIONS_ALLOW_USE_UNSECURE_NODE_VERSION=true environment variable. For more information see: https://github.blog/changelog/2025-09-19-deprecation-of-node-20-on-github-actions-runners/
2026-09-04T15:46:18.6911320Z ##[group]Run actions/checkout@v4
2026-09-04T15:46:18.6912063Z with:
2026-09-04T15:46:18.6912484Z   fetch-depth: 1
2026-09-04T15:46:18.6912964Z   repository: DhruvHegde/log-generation
2026-09-04T15:46:18.6917195Z   token: ***
2026-09-04T15:46:18.6917635Z   ssh-strict: true
2026-09-04T15:46:18.6918068Z   ssh-user: git
2026-09-04T15:46:18.6918515Z   persist-credentials: true
2026-09-04T15:46:18.6919002Z   clean: true
2026-09-04T15:46:18.6919444Z   sparse-checkout-cone-mode: true
2026-09-04T15:46:18.6919959Z   fetch-tags: false
2026-09-04T15:46:18.6920400Z   show-progress: true
2026-09-04T15:46:18.6920833Z   lfs: false
2026-09-04T15:46:18.6921275Z   submodules: false
2026-09-04T15:46:18.6921737Z   set-safe-directory: true
2026-09-04T15:46:18.6922251Z   allow-unsafe-pr-checkout: false
2026-09-04T15:46:18.6923026Z ##[endgroup]
2026-09-04T15:46:18.7946216Z Syncing repository: DhruvHegde/log-generation
2026-09-04T15:46:18.7948838Z ##[group]Getting Git version info
2026-09-04T15:46:18.7950080Z Working directory is '/home/runner/work/log-generation/log-generation'
2026-09-04T15:46:18.7951883Z [command]/usr/bin/git version
2026-09-04T15:46:18.8013843Z git version 2.55.0
2026-09-04T15:46:18.8037637Z ##[endgroup]
2026-09-04T15:46:18.8061910Z Temporarily overriding HOME='/home/runner/work/_temp/1c774639-8cf9-423c-9396-c2e240bfe411' before making global git config changes
2026-09-04T15:46:18.8064420Z Adding repository directory to the temporary git global config as a safe directory
2026-09-04T15:46:18.8079646Z [command]/usr/bin/git config --global --add safe.directory /home/runner/work/log-generation/log-generation
2026-09-04T15:46:18.8140990Z Deleting the contents of '/home/runner/work/log-generation/log-generation'
2026-09-04T15:46:18.8146287Z ##[group]Initializing the repository
2026-09-04T15:46:18.8151805Z [command]/usr/bin/git init /home/runner/work/log-generation/log-generation
2026-09-04T15:46:18.8274248Z hint: Using 'master' as the name for the initial branch. This default branch name
2026-09-04T15:46:18.8276118Z hint: will change to "main" in Git 3.0. To configure the initial branch name
2026-09-04T15:46:18.8277123Z hint: to use in all of your new repositories, which will suppress this warning,
2026-09-04T15:46:18.8277866Z hint: call:
2026-09-04T15:46:18.8278269Z hint:
2026-09-04T15:46:18.8278963Z hint: 	git config --global init.defaultBranch <name>
2026-09-04T15:46:18.8279589Z hint:
2026-09-04T15:46:18.8280168Z hint: Names commonly chosen instead of 'master' are 'main', 'trunk' and
2026-09-04T15:46:18.8281088Z hint: 'development'. The just-created branch can be renamed via this command:
2026-09-04T15:46:18.8281801Z hint:
2026-09-04T15:46:18.8282249Z hint: 	git branch -m <name>
2026-09-04T15:46:18.8282717Z hint:
2026-09-04T15:46:18.8283349Z hint: Disable this message with "git config set advice.defaultBranchName false"
2026-09-04T15:46:18.8289608Z Initialized empty Git repository in /home/runner/work/log-generation/log-generation/.git/
2026-09-04T15:46:18.8301571Z [command]/usr/bin/git remote add origin https://github.com/DhruvHegde/log-generation
2026-09-04T15:46:18.8353497Z ##[endgroup]
2026-09-04T15:46:18.8354799Z ##[group]Disabling automatic garbage collection
2026-09-04T15:46:18.8357622Z [command]/usr/bin/git config --local gc.auto 0
2026-09-04T15:46:18.8391045Z ##[endgroup]
2026-09-04T15:46:18.8392364Z ##[group]Setting up auth
2026-09-04T15:46:18.8398737Z [command]/usr/bin/git config --local --name-only --get-regexp core\.sshCommand
2026-09-04T15:46:18.8447252Z [command]/usr/bin/git submodule foreach --recursive sh -c "git config --local --name-only --get-regexp 'core\.sshCommand' && git config --local --unset-all 'core.sshCommand' || :"
2026-09-04T15:46:18.8851371Z [command]/usr/bin/git config --local --name-only --get-regexp http\.https\:\/\/github\.com\/\.extraheader
2026-09-04T15:46:18.8896436Z [command]/usr/bin/git submodule foreach --recursive sh -c "git config --local --name-only --get-regexp 'http\.https\:\/\/github\.com\/\.extraheader' && git config --local --unset-all 'http.https://github.com/.extraheader' || :"
2026-09-04T15:46:18.9141545Z [command]/usr/bin/git config --local --name-only --get-regexp ^includeIf\.gitdir:
2026-09-04T15:46:18.9179632Z [command]/usr/bin/git submodule foreach --recursive git config --local --show-origin --name-only --get-regexp remote.origin.url
2026-09-04T15:46:18.9406541Z [command]/usr/bin/git config --local http.https://github.com/.extraheader AUTHORIZATION: basic ***
2026-09-04T15:46:18.9447794Z ##[endgroup]
2026-09-04T15:46:18.9448602Z ##[group]Fetching the repository
2026-09-04T15:46:18.9460816Z [command]/usr/bin/git -c protocol.version=2 fetch --no-tags --prune --no-recurse-submodules --depth=1 origin +ff2db557a0a8df7e538c7d2e729be8ed403658e2:refs/remotes/origin/feature/f3-test-failures
2026-09-04T15:46:19.8766020Z From https://github.com/DhruvHegde/log-generation
2026-09-04T15:46:19.8768278Z  * [new ref]         ff2db557a0a8df7e538c7d2e729be8ed403658e2 -> origin/feature/f3-test-failures
2026-09-04T15:46:19.8787798Z ##[endgroup]
2026-09-04T15:46:19.8788985Z ##[group]Determining the checkout info
2026-09-04T15:46:19.8790477Z ##[endgroup]
2026-09-04T15:46:19.8791232Z [command]/usr/bin/git sparse-checkout disable
2026-09-04T15:46:19.8837245Z [command]/usr/bin/git config --local --unset-all extensions.worktreeConfig
2026-09-04T15:46:19.8869252Z ##[group]Checking out the ref
2026-09-04T15:46:19.8876515Z [command]/usr/bin/git checkout --progress --force -B feature/f3-test-failures refs/remotes/origin/feature/f3-test-failures
2026-09-04T15:46:19.9614096Z Switched to a new branch 'feature/f3-test-failures'
2026-09-04T15:46:19.9620288Z branch 'feature/f3-test-failures' set up to track 'origin/feature/f3-test-failures'.
2026-09-04T15:46:19.9631338Z ##[endgroup]
2026-09-04T15:46:19.9676036Z [command]/usr/bin/git log -1 --format=%H
2026-09-04T15:46:19.9702800Z ff2db557a0a8df7e538c7d2e729be8ed403658e2
2026-09-04T15:46:20.0080837Z Node 20 is being deprecated. This workflow is running with Node 24 by default. If you need to temporarily use Node 20, you can set the ACTIONS_ALLOW_USE_UNSECURE_NODE_VERSION=true environment variable. For more information see: https://github.blog/changelog/2025-09-19-deprecation-of-node-20-on-github-actions-runners/
2026-09-04T15:46:20.0087159Z ##[group]Run actions/setup-python@v5
2026-09-04T15:46:20.0088431Z with:
2026-09-04T15:46:20.0089319Z   python-version: 3.11
2026-09-04T15:46:20.0090345Z   check-latest: false
2026-09-04T15:46:20.0101125Z   token: ***
2026-09-04T15:46:20.0102095Z   update-environment: true
2026-09-04T15:46:20.0103232Z   allow-prereleases: false
2026-09-04T15:46:20.0104369Z   freethreaded: false
2026-09-04T15:46:20.0105351Z ##[endgroup]
2026-09-04T15:46:20.1443754Z ##[group]Installed versions
2026-09-04T15:46:20.1869956Z (node:2253) [DEP0040] DeprecationWarning: The `punycode` module is deprecated. Please use a userland alternative instead.
2026-09-04T15:46:20.1874177Z Successfully set up CPython (3.11.16)
2026-09-04T15:46:20.1877673Z ##[endgroup]
2026-09-04T15:46:20.1899343Z (Use `node --trace-deprecation ...` to show where the warning was created)
2026-09-04T15:46:20.2079437Z ##[group]Run pip install --no-cache-dir pytest
2026-09-04T15:46:20.2080979Z [36;1mpip install --no-cache-dir pytest[0m
2026-09-04T15:46:20.2178726Z shell: /usr/bin/bash -e {0}
2026-09-04T15:46:20.2180073Z env:
2026-09-04T15:46:20.2181613Z   pythonLocation: /opt/hostedtoolcache/Python/3.11.16/x64
2026-09-04T15:46:20.2183329Z   PKG_CONFIG_PATH: /opt/hostedtoolcache/Python/3.11.16/x64/lib/pkgconfig
2026-09-04T15:46:20.2269503Z   Python_ROOT_DIR: /opt/hostedtoolcache/Python/3.11.16/x64
2026-09-04T15:46:20.2271301Z   Python2_ROOT_DIR: /opt/hostedtoolcache/Python/3.11.16/x64
2026-09-04T15:46:20.2272888Z   Python3_ROOT_DIR: /opt/hostedtoolcache/Python/3.11.16/x64
2026-09-04T15:46:20.2274532Z   LD_LIBRARY_PATH: /opt/hostedtoolcache/Python/3.11.16/x64/lib
2026-09-04T15:46:20.2276184Z ##[endgroup]
2026-09-04T15:46:22.4269263Z Collecting pytest
2026-09-04T15:46:22.5217083Z   Downloading pytest-9.1.1-py3-none-any.whl.metadata (7.6 kB)
2026-09-04T15:46:22.5462320Z Collecting iniconfig>=1.0.1 (from pytest)
2026-09-04T15:46:22.5657606Z   Downloading iniconfig-2.3.0-py3-none-any.whl.metadata (2.5 kB)
2026-09-04T15:46:22.5925260Z Collecting packaging>=22 (from pytest)
2026-09-04T15:46:22.6134574Z   Downloading packaging-26.3-py3-none-any.whl.metadata (3.5 kB)
2026-09-04T15:46:22.6384168Z Collecting pluggy<2,>=1.5 (from pytest)
2026-09-04T15:46:22.6575986Z   Downloading pluggy-1.6.0-py3-none-any.whl.metadata (4.8 kB)
2026-09-04T15:46:22.6893856Z Collecting pygments>=2.7.2 (from pytest)
2026-09-04T15:46:22.7082906Z   Downloading pygments-2.21.0-py3-none-any.whl.metadata (2.5 kB)
2026-09-04T15:46:22.7300253Z Downloading pytest-9.1.1-py3-none-any.whl (386 kB)
2026-09-04T15:46:22.8190731Z Downloading pluggy-1.6.0-py3-none-any.whl (20 kB)
2026-09-04T15:46:22.8378364Z Downloading iniconfig-2.3.0-py3-none-any.whl (7.5 kB)
2026-09-04T15:46:22.8565301Z Downloading packaging-26.3-py3-none-any.whl (129 kB)
2026-09-04T15:46:22.8776998Z Downloading pygments-2.21.0-py3-none-any.whl (1.3 MB)
2026-09-04T15:46:22.9325861Z    ââââââââââââââââââââââââââââââââââââââââ 1.3/1.3 MB 21.0 MB/s  0:00:00
2026-09-04T15:46:23.0704223Z Installing collected packages: pygments, pluggy, packaging, iniconfig, pytest
2026-09-04T15:46:24.0915912Z 
2026-09-04T15:46:24.0925288Z Successfully installed iniconfig-2.3.0 packaging-26.3 pluggy-1.6.0 pygments-2.21.0 pytest-9.1.1
2026-09-04T15:46:24.1449234Z ##[group]Run python automation/inject_mutation.py --error-type "AttributeError"
2026-09-04T15:46:24.1449902Z [36;1mpython automation/inject_mutation.py --error-type "AttributeError"[0m
2026-09-04T15:46:24.1489283Z shell: /usr/bin/bash -e {0}
2026-09-04T15:46:24.1489566Z env:
2026-09-04T15:46:24.1489847Z   pythonLocation: /opt/hostedtoolcache/Python/3.11.16/x64
2026-09-04T15:46:24.1490551Z   PKG_CONFIG_PATH: /opt/hostedtoolcache/Python/3.11.16/x64/lib/pkgconfig
2026-09-04T15:46:24.1490984Z   Python_ROOT_DIR: /opt/hostedtoolcache/Python/3.11.16/x64
2026-09-04T15:46:24.1491369Z   Python2_ROOT_DIR: /opt/hostedtoolcache/Python/3.11.16/x64
2026-09-04T15:46:24.1491758Z   Python3_ROOT_DIR: /opt/hostedtoolcache/Python/3.11.16/x64
2026-09-04T15:46:24.1492150Z   LD_LIBRARY_PATH: /opt/hostedtoolcache/Python/3.11.16/x64/lib
2026-09-04T15:46:24.1492496Z ##[endgroup]
2026-09-04T15:46:24.1793796Z [Mutation Injected] Successfully injected AttributeError into tests/test_app.py
2026-09-04T15:46:24.1863881Z ##[group]Run pytest tests/test_app.py -v
2026-09-04T15:46:24.1864301Z [36;1mpytest tests/test_app.py -v[0m
2026-09-04T15:46:24.1900079Z shell: /usr/bin/bash -e {0}
2026-09-04T15:46:24.1900336Z env:
2026-09-04T15:46:24.1900612Z   pythonLocation: /opt/hostedtoolcache/Python/3.11.16/x64
2026-09-04T15:46:24.1901071Z   PKG_CONFIG_PATH: /opt/hostedtoolcache/Python/3.11.16/x64/lib/pkgconfig
2026-09-04T15:46:24.1901532Z   Python_ROOT_DIR: /opt/hostedtoolcache/Python/3.11.16/x64
2026-09-04T15:46:24.1901922Z   Python2_ROOT_DIR: /opt/hostedtoolcache/Python/3.11.16/x64
2026-09-04T15:46:24.1902308Z   Python3_ROOT_DIR: /opt/hostedtoolcache/Python/3.11.16/x64
2026-09-04T15:46:24.1902698Z   LD_LIBRARY_PATH: /opt/hostedtoolcache/Python/3.11.16/x64/lib
2026-09-04T15:46:24.1903024Z ##[endgroup]
2026-09-04T15:46:24.5560211Z ============================= test session starts ==============================
2026-09-04T15:46:24.5561370Z platform linux -- Python 3.11.16, pytest-9.1.1, pluggy-1.6.0 -- /opt/hostedtoolcache/Python/3.11.16/x64/bin/python
2026-09-04T15:46:24.5562310Z cachedir: .pytest_cache
2026-09-04T15:46:24.5562841Z rootdir: /home/runner/work/log-generation/log-generation
2026-09-04T15:46:24.5563542Z configfile: pytest.ini
2026-09-04T15:46:24.5650268Z collecting ... collected 6 items
2026-09-04T15:46:24.5650686Z 
2026-09-04T15:46:24.5660451Z tests/test_app.py::test_calculate_division PASSED                        [ 16%]
2026-09-04T15:46:24.5668339Z tests/test_app.py::test_convert_to_int PASSED                            [ 33%]
2026-09-04T15:46:24.5675989Z tests/test_app.py::test_get_list_item PASSED                             [ 50%]
2026-09-04T15:46:24.5683553Z tests/test_app.py::test_get_dict_value PASSED                            [ 66%]
2026-09-04T15:46:24.5690997Z tests/test_app.py::test_assert_positive PASSED                           [ 83%]
2026-09-04T15:46:24.5976966Z tests/test_app.py::test_attribute_error FAILED                           [100%]
2026-09-04T15:46:24.5977622Z 
2026-09-04T15:46:24.5977936Z =================================== FAILURES ===================================
2026-09-04T15:46:24.5978746Z _____________________________ test_attribute_error _____________________________
2026-09-04T15:46:24.5979277Z 
2026-09-04T15:46:24.5979466Z     def test_attribute_error():
2026-09-04T15:46:24.5979979Z         """Injected synthetic AttributeError."""
2026-09-04T15:46:24.5980603Z         from src.app import get_object_attribute
2026-09-04T15:46:24.5981158Z >       get_object_attribute(object())
2026-09-04T15:46:24.5981485Z 
2026-09-04T15:46:24.5981658Z tests/test_app.py:133: 
2026-09-04T15:46:24.5982168Z _ _ _ _ _ _ _ _ _ _ _ _ _ _ _ _ _ _ _ _ _ _ _ _ _ _ _ _ _ _ _ _ _ _ _ _ _ _ _ _ 
2026-09-04T15:46:24.5982637Z 
2026-09-04T15:46:24.5982833Z obj = <object object at 0x7f28c1f85370>
2026-09-04T15:46:24.5983185Z 
2026-09-04T15:46:24.5983376Z     def get_object_attribute(obj):
2026-09-04T15:46:24.5983877Z >       return obj.non_existent_attribute
2026-09-04T15:46:24.5984379Z                ^^^^^^^^^^^^^^^^^^^^^^^^^^
2026-09-04T15:46:24.5985078Z E       AttributeError: 'object' object has no attribute 'non_existent_attribute'
2026-09-04T15:46:24.5986953Z 
2026-09-04T15:46:24.5987157Z src/app.py:14: AttributeError
2026-09-04T15:46:24.5987735Z =========================== short test summary info ============================
2026-09-04T15:46:24.5988914Z FAILED tests/test_app.py::test_attribute_error - AttributeError: 'object' object has no attribute 'non_existent_attribute'
2026-09-04T15:46:24.5990444Z ========================= 1 failed, 5 passed in 0.03s ==========================
2026-09-04T15:46:24.6168619Z ##[error]Process completed with exit code 1.
2026-09-04T15:46:24.6315163Z Node 20 is being deprecated. This workflow is running with Node 24 by default. If you need to temporarily use Node 20, you can set the ACTIONS_ALLOW_USE_UNSECURE_NODE_VERSION=true environment variable. For more information see: https://github.blog/changelog/2025-09-19-deprecation-of-node-20-on-github-actions-runners/
2026-09-04T15:46:24.6316785Z Post job cleanup.
2026-09-04T15:46:24.7158171Z [command]/usr/bin/git version
2026-09-04T15:46:24.7203337Z git version 2.55.0
2026-09-04T15:46:24.7243762Z Temporarily overriding HOME='/home/runner/work/_temp/f6e022d4-fea3-4fdd-8ad8-cfce9b9b5581' before making global git config changes
2026-09-04T15:46:24.7245237Z Adding repository directory to the temporary git global config as a safe directory
2026-09-04T15:46:24.7249542Z [command]/usr/bin/git config --global --add safe.directory /home/runner/work/log-generation/log-generation
2026-09-04T15:46:24.7290349Z [command]/usr/bin/git config --local --name-only --get-regexp core\.sshCommand
2026-09-04T15:46:24.7326042Z [command]/usr/bin/git submodule foreach --recursive sh -c "git config --local --name-only --get-regexp 'core\.sshCommand' && git config --local --unset-all 'core.sshCommand' || :"
2026-09-04T15:46:24.7588099Z [command]/usr/bin/git config --local --name-only --get-regexp http\.https\:\/\/github\.com\/\.extraheader
2026-09-04T15:46:24.7618831Z http.https://github.com/.extraheader
2026-09-04T15:46:24.7631054Z [command]/usr/bin/git config --local --unset-all http.https://github.com/.extraheader
2026-09-04T15:46:24.7670915Z [command]/usr/bin/git submodule foreach --recursive sh -c "git config --local --name-only --get-regexp 'http\.https\:\/\/github\.com\/\.extraheader' && git config --local --unset-all 'http.https://github.com/.extraheader' || :"
2026-09-04T15:46:24.7931790Z [command]/usr/bin/git config --local --name-only --get-regexp ^includeIf\.gitdir:
2026-09-04T15:46:24.7974309Z [command]/usr/bin/git submodule foreach --recursive git config --local --show-origin --name-only --get-regexp remote.origin.url
2026-09-04T15:46:24.8363798Z Cleaning up orphan processes
2026-09-04T15:46:24.8659375Z ##[warning]Node.js 20 is deprecated. The following actions target Node.js 20 but are being forced to run on Node.js 24: actions/checkout@v4, actions/setup-python@v5. For more information see: https://github.blog/changelog/2025-09-19-deprecation-of-node-20-on-github-actions-runners/
