ï»¿2026-09-04T11:15:37.2117645Z Current runner version: '2.337.0'
2026-09-04T11:15:37.2153441Z ##[group]Runner Image Provisioner
2026-09-04T11:15:37.2154997Z Hosted Compute Agent
2026-09-04T11:15:37.2156074Z Version: 20260828.587
2026-09-04T11:15:37.2157359Z Commit: abac92662cab4cc7352de4f9f9d2e2419aad9c29
2026-09-04T11:15:37.2158705Z Build Date: 2026-08-28T16:44:25Z
2026-09-04T11:15:37.2159927Z Worker ID: {bda55164-3a7e-4e0a-a149-706af6df7289}
2026-09-04T11:15:37.2161362Z Azure Region: westus
2026-09-04T11:15:37.2162691Z ##[endgroup]
2026-09-04T11:15:37.2165772Z ##[group]Operating System
2026-09-04T11:15:37.2166876Z Ubuntu
2026-09-04T11:15:37.2167818Z 24.04.4
2026-09-04T11:15:37.2168856Z LTS
2026-09-04T11:15:37.2169775Z ##[endgroup]
2026-09-04T11:15:37.2170779Z ##[group]Runner Image
2026-09-04T11:15:37.2172842Z Image: ubuntu-24.04
2026-09-04T11:15:37.2173900Z Version: 20260831.293.1
2026-09-04T11:15:37.2176214Z Included Software: https://github.com/actions/runner-images/blob/ubuntu24/20260831.293/images/ubuntu/Ubuntu2404-Readme.md
2026-09-04T11:15:37.2179076Z Image Release: https://github.com/actions/runner-images/releases/tag/ubuntu24%2F20260831.293
2026-09-04T11:15:37.2181016Z ##[endgroup]
2026-09-04T11:15:37.2183364Z ##[group]GITHUB_TOKEN Permissions
2026-09-04T11:15:37.2186452Z Contents: read
2026-09-04T11:15:37.2187483Z Metadata: read
2026-09-04T11:15:37.2188577Z Packages: read
2026-09-04T11:15:37.2189530Z ##[endgroup]
2026-09-04T11:15:37.2192903Z Secret source: Actions
2026-09-04T11:15:37.2195183Z Prepare workflow directory
2026-09-04T11:15:37.2710122Z Prepare all required actions
2026-09-04T11:15:37.2763215Z Getting action download info
2026-09-04T11:15:37.6222696Z Download action repository 'actions/checkout@v4' (SHA:11d5960a326750d5838078e36cf38b85af677262)
2026-09-04T11:15:37.7785064Z Download action repository 'actions/setup-python@v5' (SHA:a26af69be951a213d495a4c3e4e4022e16d87065)
2026-09-04T11:15:37.9648699Z Complete job name: test-f3 (FileNotFoundError #6)
2026-09-04T11:15:38.0429625Z Node 20 is being deprecated. This workflow is running with Node 24 by default. If you need to temporarily use Node 20, you can set the ACTIONS_ALLOW_USE_UNSECURE_NODE_VERSION=true environment variable. For more information see: https://github.blog/changelog/2025-09-19-deprecation-of-node-20-on-github-actions-runners/
2026-09-04T11:15:38.0438683Z ##[group]Run actions/checkout@v4
2026-09-04T11:15:38.0439446Z with:
2026-09-04T11:15:38.0439946Z   fetch-depth: 1
2026-09-04T11:15:38.0440482Z   repository: DhruvHegde/log-generation
2026-09-04T11:15:38.0444709Z   token: ***
2026-09-04T11:15:38.0445227Z   ssh-strict: true
2026-09-04T11:15:38.0445736Z   ssh-user: git
2026-09-04T11:15:38.0446236Z   persist-credentials: true
2026-09-04T11:15:38.0446791Z   clean: true
2026-09-04T11:15:38.0447240Z   sparse-checkout-cone-mode: true
2026-09-04T11:15:38.0447771Z   fetch-tags: false
2026-09-04T11:15:38.0448222Z   show-progress: true
2026-09-04T11:15:38.0448668Z   lfs: false
2026-09-04T11:15:38.0449126Z   submodules: false
2026-09-04T11:15:38.0449587Z   set-safe-directory: true
2026-09-04T11:15:38.0450117Z   allow-unsafe-pr-checkout: false
2026-09-04T11:15:38.0450909Z ##[endgroup]
2026-09-04T11:15:38.1480957Z Syncing repository: DhruvHegde/log-generation
2026-09-04T11:15:38.1484238Z ##[group]Getting Git version info
2026-09-04T11:15:38.1485585Z Working directory is '/home/runner/work/log-generation/log-generation'
2026-09-04T11:15:38.1487473Z [command]/usr/bin/git version
2026-09-04T11:15:38.1581300Z git version 2.55.0
2026-09-04T11:15:38.1683896Z ##[endgroup]
2026-09-04T11:15:38.1691509Z Temporarily overriding HOME='/home/runner/work/_temp/ff033b1b-0942-481c-8960-001c3bfa7df1' before making global git config changes
2026-09-04T11:15:38.1694380Z Adding repository directory to the temporary git global config as a safe directory
2026-09-04T11:15:38.1696532Z [command]/usr/bin/git config --global --add safe.directory /home/runner/work/log-generation/log-generation
2026-09-04T11:15:38.1735143Z Deleting the contents of '/home/runner/work/log-generation/log-generation'
2026-09-04T11:15:38.1738897Z ##[group]Initializing the repository
2026-09-04T11:15:38.1740620Z [command]/usr/bin/git init /home/runner/work/log-generation/log-generation
2026-09-04T11:15:38.1874416Z hint: Using 'master' as the name for the initial branch. This default branch name
2026-09-04T11:15:38.1877271Z hint: will change to "main" in Git 3.0. To configure the initial branch name
2026-09-04T11:15:38.1879563Z hint: to use in all of your new repositories, which will suppress this warning,
2026-09-04T11:15:38.1881215Z hint: call:
2026-09-04T11:15:38.1882313Z hint:
2026-09-04T11:15:38.1883804Z hint: 	git config --global init.defaultBranch <name>
2026-09-04T11:15:38.1885203Z hint:
2026-09-04T11:15:38.1886250Z hint: Names commonly chosen instead of 'master' are 'main', 'trunk' and
2026-09-04T11:15:38.1887632Z hint: 'development'. The just-created branch can be renamed via this command:
2026-09-04T11:15:38.1888726Z hint:
2026-09-04T11:15:38.1889418Z hint: 	git branch -m <name>
2026-09-04T11:15:38.1890321Z hint:
2026-09-04T11:15:38.1891439Z hint: Disable this message with "git config set advice.defaultBranchName false"
2026-09-04T11:15:38.1893237Z Initialized empty Git repository in /home/runner/work/log-generation/log-generation/.git/
2026-09-04T11:15:38.1895315Z [command]/usr/bin/git remote add origin https://github.com/DhruvHegde/log-generation
2026-09-04T11:15:38.1943607Z ##[endgroup]
2026-09-04T11:15:38.1944864Z ##[group]Disabling automatic garbage collection
2026-09-04T11:15:38.1948423Z [command]/usr/bin/git config --local gc.auto 0
2026-09-04T11:15:38.1982833Z ##[endgroup]
2026-09-04T11:15:38.1983668Z ##[group]Setting up auth
2026-09-04T11:15:38.1991215Z [command]/usr/bin/git config --local --name-only --get-regexp core\.sshCommand
2026-09-04T11:15:38.2026738Z [command]/usr/bin/git submodule foreach --recursive sh -c "git config --local --name-only --get-regexp 'core\.sshCommand' && git config --local --unset-all 'core.sshCommand' || :"
2026-09-04T11:15:38.2438597Z [command]/usr/bin/git config --local --name-only --get-regexp http\.https\:\/\/github\.com\/\.extraheader
2026-09-04T11:15:38.2475044Z [command]/usr/bin/git submodule foreach --recursive sh -c "git config --local --name-only --get-regexp 'http\.https\:\/\/github\.com\/\.extraheader' && git config --local --unset-all 'http.https://github.com/.extraheader' || :"
2026-09-04T11:15:38.2733335Z [command]/usr/bin/git config --local --name-only --get-regexp ^includeIf\.gitdir:
2026-09-04T11:15:38.2781733Z [command]/usr/bin/git submodule foreach --recursive git config --local --show-origin --name-only --get-regexp remote.origin.url
2026-09-04T11:15:38.3043618Z [command]/usr/bin/git config --local http.https://github.com/.extraheader AUTHORIZATION: basic ***
2026-09-04T11:15:38.3087048Z ##[endgroup]
2026-09-04T11:15:38.3088536Z ##[group]Fetching the repository
2026-09-04T11:15:38.3099305Z [command]/usr/bin/git -c protocol.version=2 fetch --no-tags --prune --no-recurse-submodules --depth=1 origin +55701f2ee203be18f432be2dca839cc73b92fb5e:refs/remotes/origin/feature/f3-test-failures
2026-09-04T11:15:38.8099562Z From https://github.com/DhruvHegde/log-generation
2026-09-04T11:15:38.8101271Z  * [new ref]         55701f2ee203be18f432be2dca839cc73b92fb5e -> origin/feature/f3-test-failures
2026-09-04T11:15:38.8105902Z ##[endgroup]
2026-09-04T11:15:38.8107838Z ##[group]Determining the checkout info
2026-09-04T11:15:38.8109652Z ##[endgroup]
2026-09-04T11:15:38.8113568Z [command]/usr/bin/git sparse-checkout disable
2026-09-04T11:15:38.8167774Z [command]/usr/bin/git config --local --unset-all extensions.worktreeConfig
2026-09-04T11:15:38.8199819Z ##[group]Checking out the ref
2026-09-04T11:15:38.8207423Z [command]/usr/bin/git checkout --progress --force -B feature/f3-test-failures refs/remotes/origin/feature/f3-test-failures
2026-09-04T11:15:38.8320376Z Switched to a new branch 'feature/f3-test-failures'
2026-09-04T11:15:38.8327295Z branch 'feature/f3-test-failures' set up to track 'origin/feature/f3-test-failures'.
2026-09-04T11:15:38.8384561Z ##[endgroup]
2026-09-04T11:15:38.8386806Z [command]/usr/bin/git log -1 --format=%H
2026-09-04T11:15:38.8413158Z 55701f2ee203be18f432be2dca839cc73b92fb5e
2026-09-04T11:15:38.8721836Z Node 20 is being deprecated. This workflow is running with Node 24 by default. If you need to temporarily use Node 20, you can set the ACTIONS_ALLOW_USE_UNSECURE_NODE_VERSION=true environment variable. For more information see: https://github.blog/changelog/2025-09-19-deprecation-of-node-20-on-github-actions-runners/
2026-09-04T11:15:38.8726408Z ##[group]Run actions/setup-python@v5
2026-09-04T11:15:38.8727068Z with:
2026-09-04T11:15:38.8727519Z   python-version: 3.11
2026-09-04T11:15:38.8728054Z   check-latest: false
2026-09-04T11:15:38.8733812Z   token: ***
2026-09-04T11:15:38.8734325Z   update-environment: true
2026-09-04T11:15:38.8734894Z   allow-prereleases: false
2026-09-04T11:15:38.8735458Z   freethreaded: false
2026-09-04T11:15:38.8735967Z ##[endgroup]
2026-09-04T11:15:39.0090034Z ##[group]Installed versions
2026-09-04T11:15:39.0244287Z (node:2289) [DEP0040] DeprecationWarning: The `punycode` module is deprecated. Please use a userland alternative instead.
2026-09-04T11:15:39.0246636Z (Use `node --trace-deprecation ...` to show where the warning was created)
2026-09-04T11:15:39.0247691Z Successfully set up CPython (3.11.16)
2026-09-04T11:15:39.0249234Z ##[endgroup]
2026-09-04T11:15:39.0427807Z ##[group]Run pip install --no-cache-dir pytest
2026-09-04T11:15:39.0428784Z [36;1mpip install --no-cache-dir pytest[0m
2026-09-04T11:15:39.0486935Z shell: /usr/bin/bash -e {0}
2026-09-04T11:15:39.0487613Z env:
2026-09-04T11:15:39.0488568Z   pythonLocation: /opt/hostedtoolcache/Python/3.11.16/x64
2026-09-04T11:15:39.0490110Z   PKG_CONFIG_PATH: /opt/hostedtoolcache/Python/3.11.16/x64/lib/pkgconfig
2026-09-04T11:15:39.0491805Z   Python_ROOT_DIR: /opt/hostedtoolcache/Python/3.11.16/x64
2026-09-04T11:15:39.0493560Z   Python2_ROOT_DIR: /opt/hostedtoolcache/Python/3.11.16/x64
2026-09-04T11:15:39.0495090Z   Python3_ROOT_DIR: /opt/hostedtoolcache/Python/3.11.16/x64
2026-09-04T11:15:39.0496688Z   LD_LIBRARY_PATH: /opt/hostedtoolcache/Python/3.11.16/x64/lib
2026-09-04T11:15:39.0497975Z ##[endgroup]
2026-09-04T11:15:43.2303034Z Collecting pytest
2026-09-04T11:15:43.2758058Z   Downloading pytest-9.1.1-py3-none-any.whl.metadata (7.6 kB)
2026-09-04T11:15:43.2840442Z Collecting iniconfig>=1.0.1 (from pytest)
2026-09-04T11:15:43.2869847Z   Downloading iniconfig-2.3.0-py3-none-any.whl.metadata (2.5 kB)
2026-09-04T11:15:43.2967604Z Collecting packaging>=22 (from pytest)
2026-09-04T11:15:43.2997179Z   Downloading packaging-26.3-py3-none-any.whl.metadata (3.5 kB)
2026-09-04T11:15:43.3072718Z Collecting pluggy<2,>=1.5 (from pytest)
2026-09-04T11:15:43.3101671Z   Downloading pluggy-1.6.0-py3-none-any.whl.metadata (4.8 kB)
2026-09-04T11:15:43.3228805Z Collecting pygments>=2.7.2 (from pytest)
2026-09-04T11:15:43.3255023Z   Downloading pygments-2.21.0-py3-none-any.whl.metadata (2.5 kB)
2026-09-04T11:15:43.3311178Z Downloading pytest-9.1.1-py3-none-any.whl (386 kB)
2026-09-04T11:15:43.3501829Z Downloading pluggy-1.6.0-py3-none-any.whl (20 kB)
2026-09-04T11:15:43.3528688Z Downloading iniconfig-2.3.0-py3-none-any.whl (7.5 kB)
2026-09-04T11:15:43.3578067Z Downloading packaging-26.3-py3-none-any.whl (129 kB)
2026-09-04T11:15:43.3605886Z Downloading pygments-2.21.0-py3-none-any.whl (1.3 MB)
2026-09-04T11:15:43.3686967Z    ââââââââââââââââââââââââââââââââââââââââ 1.3/1.3 MB 215.8 MB/s  0:00:00
2026-09-04T11:15:43.6113155Z Installing collected packages: pygments, pluggy, packaging, iniconfig, pytest
2026-09-04T11:15:44.5679680Z 
2026-09-04T11:15:44.5691883Z Successfully installed iniconfig-2.3.0 packaging-26.3 pluggy-1.6.0 pygments-2.21.0 pytest-9.1.1
2026-09-04T11:15:44.6198192Z ##[group]Run python automation/inject_mutation.py --error-type "FileNotFoundError"
2026-09-04T11:15:44.6198880Z [36;1mpython automation/inject_mutation.py --error-type "FileNotFoundError"[0m
2026-09-04T11:15:44.6238720Z shell: /usr/bin/bash -e {0}
2026-09-04T11:15:44.6238987Z env:
2026-09-04T11:15:44.6239264Z   pythonLocation: /opt/hostedtoolcache/Python/3.11.16/x64
2026-09-04T11:15:44.6239968Z   PKG_CONFIG_PATH: /opt/hostedtoolcache/Python/3.11.16/x64/lib/pkgconfig
2026-09-04T11:15:44.6240426Z   Python_ROOT_DIR: /opt/hostedtoolcache/Python/3.11.16/x64
2026-09-04T11:15:44.6240836Z   Python2_ROOT_DIR: /opt/hostedtoolcache/Python/3.11.16/x64
2026-09-04T11:15:44.6241250Z   Python3_ROOT_DIR: /opt/hostedtoolcache/Python/3.11.16/x64
2026-09-04T11:15:44.6241657Z   LD_LIBRARY_PATH: /opt/hostedtoolcache/Python/3.11.16/x64/lib
2026-09-04T11:15:44.6242326Z ##[endgroup]
2026-09-04T11:15:44.6542482Z [Mutation Injected] Successfully injected FileNotFoundError into tests/test_app.py
2026-09-04T11:15:44.6615637Z ##[group]Run pytest tests/test_app.py -v
2026-09-04T11:15:44.6616015Z [36;1mpytest tests/test_app.py -v[0m
2026-09-04T11:15:44.6653661Z shell: /usr/bin/bash -e {0}
2026-09-04T11:15:44.6653918Z env:
2026-09-04T11:15:44.6654193Z   pythonLocation: /opt/hostedtoolcache/Python/3.11.16/x64
2026-09-04T11:15:44.6654640Z   PKG_CONFIG_PATH: /opt/hostedtoolcache/Python/3.11.16/x64/lib/pkgconfig
2026-09-04T11:15:44.6655095Z   Python_ROOT_DIR: /opt/hostedtoolcache/Python/3.11.16/x64
2026-09-04T11:15:44.6655480Z   Python2_ROOT_DIR: /opt/hostedtoolcache/Python/3.11.16/x64
2026-09-04T11:15:44.6655867Z   Python3_ROOT_DIR: /opt/hostedtoolcache/Python/3.11.16/x64
2026-09-04T11:15:44.6656255Z   LD_LIBRARY_PATH: /opt/hostedtoolcache/Python/3.11.16/x64/lib
2026-09-04T11:15:44.6656588Z ##[endgroup]
2026-09-04T11:15:45.1966129Z ============================= test session starts ==============================
2026-09-04T11:15:45.1967841Z platform linux -- Python 3.11.16, pytest-9.1.1, pluggy-1.6.0 -- /opt/hostedtoolcache/Python/3.11.16/x64/bin/python
2026-09-04T11:15:45.1969304Z cachedir: .pytest_cache
2026-09-04T11:15:45.1970116Z rootdir: /home/runner/work/log-generation/log-generation
2026-09-04T11:15:45.1971099Z configfile: pytest.ini
2026-09-04T11:15:45.2056794Z collecting ... collected 6 items
2026-09-04T11:15:45.2057523Z 
2026-09-04T11:15:45.2066912Z tests/test_app.py::test_calculate_division PASSED                        [ 16%]
2026-09-04T11:15:45.2075053Z tests/test_app.py::test_convert_to_int PASSED                            [ 33%]
2026-09-04T11:15:45.2082578Z tests/test_app.py::test_get_list_item PASSED                             [ 50%]
2026-09-04T11:15:45.2090052Z tests/test_app.py::test_get_dict_value PASSED                            [ 66%]
2026-09-04T11:15:45.2097450Z tests/test_app.py::test_assert_positive PASSED                           [ 83%]
2026-09-04T11:15:45.2365493Z tests/test_app.py::test_file_not_found_error FAILED                      [100%]
2026-09-04T11:15:45.2366074Z 
2026-09-04T11:15:45.2366325Z =================================== FAILURES ===================================
2026-09-04T11:15:45.2367018Z __________________________ test_file_not_found_error ___________________________
2026-09-04T11:15:45.2367565Z 
2026-09-04T11:15:45.2367770Z     def test_file_not_found_error():
2026-09-04T11:15:45.2368396Z         """Injected synthetic FileNotFoundError."""
2026-09-04T11:15:45.2369072Z         from src.app import read_config_file
2026-09-04T11:15:45.2369934Z >       read_config_file("fixtures/non_existent_pipeline_config.json")
2026-09-04T11:15:45.2370534Z 
2026-09-04T11:15:45.2370731Z tests/test_app.py:129: 
2026-09-04T11:15:45.2371308Z _ _ _ _ _ _ _ _ _ _ _ _ _ _ _ _ _ _ _ _ _ _ _ _ _ _ _ _ _ _ _ _ _ _ _ _ _ _ _ _ 
2026-09-04T11:15:45.2371839Z 
2026-09-04T11:15:45.2372343Z path = 'fixtures/non_existent_pipeline_config.json'
2026-09-04T11:15:45.2372827Z 
2026-09-04T11:15:45.2373018Z     def read_config_file(path):
2026-09-04T11:15:45.2373540Z >       with open(path, "r") as f:
2026-09-04T11:15:45.2374069Z              ^^^^^^^^^^^^^^^
2026-09-04T11:15:45.2374992Z E       FileNotFoundError: [Errno 2] No such file or directory: 'fixtures/non_existent_pipeline_config.json'
2026-09-04T11:15:45.2375837Z 
2026-09-04T11:15:45.2376046Z src/app.py:17: FileNotFoundError
2026-09-04T11:15:45.2376697Z =========================== short test summary info ============================
2026-09-04T11:15:45.2378544Z FAILED tests/test_app.py::test_file_not_found_error - FileNotFoundError: [Errno 2] No such file or directory: 'fixtures/non_existent_pipeline_config.json'
2026-09-04T11:15:45.2379994Z ========================= 1 failed, 5 passed in 0.03s ==========================
2026-09-04T11:15:45.2561613Z ##[error]Process completed with exit code 1.
2026-09-04T11:15:45.2706181Z Node 20 is being deprecated. This workflow is running with Node 24 by default. If you need to temporarily use Node 20, you can set the ACTIONS_ALLOW_USE_UNSECURE_NODE_VERSION=true environment variable. For more information see: https://github.blog/changelog/2025-09-19-deprecation-of-node-20-on-github-actions-runners/
2026-09-04T11:15:45.2707452Z Post job cleanup.
2026-09-04T11:15:45.3561130Z [command]/usr/bin/git version
2026-09-04T11:15:45.3606837Z git version 2.55.0
2026-09-04T11:15:45.3648883Z Temporarily overriding HOME='/home/runner/work/_temp/ec63b85b-0a55-4475-90a3-71e81eea1224' before making global git config changes
2026-09-04T11:15:45.3650304Z Adding repository directory to the temporary git global config as a safe directory
2026-09-04T11:15:45.3663291Z [command]/usr/bin/git config --global --add safe.directory /home/runner/work/log-generation/log-generation
2026-09-04T11:15:45.3696729Z [command]/usr/bin/git config --local --name-only --get-regexp core\.sshCommand
2026-09-04T11:15:45.3734113Z [command]/usr/bin/git submodule foreach --recursive sh -c "git config --local --name-only --get-regexp 'core\.sshCommand' && git config --local --unset-all 'core.sshCommand' || :"
2026-09-04T11:15:45.3988766Z [command]/usr/bin/git config --local --name-only --get-regexp http\.https\:\/\/github\.com\/\.extraheader
2026-09-04T11:15:45.4014814Z http.https://github.com/.extraheader
2026-09-04T11:15:45.4027560Z [command]/usr/bin/git config --local --unset-all http.https://github.com/.extraheader
2026-09-04T11:15:45.4062409Z [command]/usr/bin/git submodule foreach --recursive sh -c "git config --local --name-only --get-regexp 'http\.https\:\/\/github\.com\/\.extraheader' && git config --local --unset-all 'http.https://github.com/.extraheader' || :"
2026-09-04T11:15:45.4336258Z [command]/usr/bin/git config --local --name-only --get-regexp ^includeIf\.gitdir:
2026-09-04T11:15:45.4377405Z [command]/usr/bin/git submodule foreach --recursive git config --local --show-origin --name-only --get-regexp remote.origin.url
2026-09-04T11:15:45.4797852Z Cleaning up orphan processes
2026-09-04T11:15:45.5067160Z ##[warning]Node.js 20 is deprecated. The following actions target Node.js 20 but are being forced to run on Node.js 24: actions/checkout@v4, actions/setup-python@v5. For more information see: https://github.blog/changelog/2025-09-19-deprecation-of-node-20-on-github-actions-runners/
