ï»¿2026-09-04T15:45:59.8085057Z Current runner version: '2.337.0'
2026-09-04T15:45:59.8108804Z ##[group]Runner Image Provisioner
2026-09-04T15:45:59.8109698Z Hosted Compute Agent
2026-09-04T15:45:59.8110265Z Version: 20260828.587
2026-09-04T15:45:59.8110992Z Commit: abac92662cab4cc7352de4f9f9d2e2419aad9c29
2026-09-04T15:45:59.8112066Z Build Date: 2026-08-28T16:44:25Z
2026-09-04T15:45:59.8112844Z Worker ID: {a09cf66d-65b3-44f2-8e70-f88c9adb0f5a}
2026-09-04T15:45:59.8113624Z Azure Region: westus
2026-09-04T15:45:59.8114211Z ##[endgroup]
2026-09-04T15:45:59.8116083Z ##[group]Operating System
2026-09-04T15:45:59.8116731Z Ubuntu
2026-09-04T15:45:59.8117318Z 24.04.4
2026-09-04T15:45:59.8117882Z LTS
2026-09-04T15:45:59.8118761Z ##[endgroup]
2026-09-04T15:45:59.8119357Z ##[group]Runner Image
2026-09-04T15:45:59.8119950Z Image: ubuntu-24.04
2026-09-04T15:45:59.8120556Z Version: 20260831.293.1
2026-09-04T15:45:59.8122034Z Included Software: https://github.com/actions/runner-images/blob/ubuntu24/20260831.293/images/ubuntu/Ubuntu2404-Readme.md
2026-09-04T15:45:59.8123733Z Image Release: https://github.com/actions/runner-images/releases/tag/ubuntu24%2F20260831.293
2026-09-04T15:45:59.8124703Z ##[endgroup]
2026-09-04T15:45:59.8125953Z ##[group]GITHUB_TOKEN Permissions
2026-09-04T15:45:59.8128097Z Contents: read
2026-09-04T15:45:59.8128782Z Metadata: read
2026-09-04T15:45:59.8129335Z Packages: read
2026-09-04T15:45:59.8129860Z ##[endgroup]
2026-09-04T15:45:59.8132181Z Secret source: Actions
2026-09-04T15:45:59.8133596Z Prepare workflow directory
2026-09-04T15:45:59.8463097Z Prepare all required actions
2026-09-04T15:45:59.8510652Z Getting action download info
2026-09-04T15:46:00.2095129Z Download action repository 'actions/checkout@v4' (SHA:11d5960a326750d5838078e36cf38b85af677262)
2026-09-04T15:46:00.3415317Z Download action repository 'actions/setup-python@v5' (SHA:a26af69be951a213d495a4c3e4e4022e16d87065)
2026-09-04T15:46:00.5300512Z Complete job name: test-f3 (AssertionError #233)
2026-09-04T15:46:00.6189818Z Node 20 is being deprecated. This workflow is running with Node 24 by default. If you need to temporarily use Node 20, you can set the ACTIONS_ALLOW_USE_UNSECURE_NODE_VERSION=true environment variable. For more information see: https://github.blog/changelog/2025-09-19-deprecation-of-node-20-on-github-actions-runners/
2026-09-04T15:46:00.6199327Z ##[group]Run actions/checkout@v4
2026-09-04T15:46:00.6200082Z with:
2026-09-04T15:46:00.6200502Z   fetch-depth: 1
2026-09-04T15:46:00.6200974Z   repository: DhruvHegde/log-generation
2026-09-04T15:46:00.6204898Z   token: ***
2026-09-04T15:46:00.6205338Z   ssh-strict: true
2026-09-04T15:46:00.6205780Z   ssh-user: git
2026-09-04T15:46:00.6206221Z   persist-credentials: true
2026-09-04T15:46:00.6206705Z   clean: true
2026-09-04T15:46:00.6207146Z   sparse-checkout-cone-mode: true
2026-09-04T15:46:00.6207663Z   fetch-tags: false
2026-09-04T15:46:00.6208104Z   show-progress: true
2026-09-04T15:46:00.6208545Z   lfs: false
2026-09-04T15:46:00.6209001Z   submodules: false
2026-09-04T15:46:00.6209455Z   set-safe-directory: true
2026-09-04T15:46:00.6209966Z   allow-unsafe-pr-checkout: false
2026-09-04T15:46:00.6211159Z ##[endgroup]
2026-09-04T15:46:00.7247828Z Syncing repository: DhruvHegde/log-generation
2026-09-04T15:46:00.7250223Z ##[group]Getting Git version info
2026-09-04T15:46:00.7251032Z Working directory is '/home/runner/work/log-generation/log-generation'
2026-09-04T15:46:00.7252596Z [command]/usr/bin/git version
2026-09-04T15:46:00.7349597Z git version 2.55.0
2026-09-04T15:46:00.7385942Z ##[endgroup]
2026-09-04T15:46:00.7395697Z Temporarily overriding HOME='/home/runner/work/_temp/fd67d38b-7d1b-4240-8f76-788783f6a550' before making global git config changes
2026-09-04T15:46:00.7398045Z Adding repository directory to the temporary git global config as a safe directory
2026-09-04T15:46:00.7403869Z [command]/usr/bin/git config --global --add safe.directory /home/runner/work/log-generation/log-generation
2026-09-04T15:46:00.7465136Z Deleting the contents of '/home/runner/work/log-generation/log-generation'
2026-09-04T15:46:00.7469068Z ##[group]Initializing the repository
2026-09-04T15:46:00.7475520Z [command]/usr/bin/git init /home/runner/work/log-generation/log-generation
2026-09-04T15:46:00.7599216Z hint: Using 'master' as the name for the initial branch. This default branch name
2026-09-04T15:46:00.7603822Z hint: will change to "main" in Git 3.0. To configure the initial branch name
2026-09-04T15:46:00.7605335Z hint: to use in all of your new repositories, which will suppress this warning,
2026-09-04T15:46:00.7606605Z hint: call:
2026-09-04T15:46:00.7607345Z hint:
2026-09-04T15:46:00.7608152Z hint: 	git config --global init.defaultBranch <name>
2026-09-04T15:46:00.7609127Z hint:
2026-09-04T15:46:00.7610035Z hint: Names commonly chosen instead of 'master' are 'main', 'trunk' and
2026-09-04T15:46:00.7611592Z hint: 'development'. The just-created branch can be renamed via this command:
2026-09-04T15:46:00.7613108Z hint:
2026-09-04T15:46:00.7613812Z hint: 	git branch -m <name>
2026-09-04T15:46:00.7614576Z hint:
2026-09-04T15:46:00.7615618Z hint: Disable this message with "git config set advice.defaultBranchName false"
2026-09-04T15:46:00.7617411Z Initialized empty Git repository in /home/runner/work/log-generation/log-generation/.git/
2026-09-04T15:46:00.7620025Z [command]/usr/bin/git remote add origin https://github.com/DhruvHegde/log-generation
2026-09-04T15:46:00.7670735Z ##[endgroup]
2026-09-04T15:46:00.7672238Z ##[group]Disabling automatic garbage collection
2026-09-04T15:46:00.7675184Z [command]/usr/bin/git config --local gc.auto 0
2026-09-04T15:46:00.7709889Z ##[endgroup]
2026-09-04T15:46:00.7711018Z ##[group]Setting up auth
2026-09-04T15:46:00.7717948Z [command]/usr/bin/git config --local --name-only --get-regexp core\.sshCommand
2026-09-04T15:46:00.7752819Z [command]/usr/bin/git submodule foreach --recursive sh -c "git config --local --name-only --get-regexp 'core\.sshCommand' && git config --local --unset-all 'core.sshCommand' || :"
2026-09-04T15:46:00.8185656Z [command]/usr/bin/git config --local --name-only --get-regexp http\.https\:\/\/github\.com\/\.extraheader
2026-09-04T15:46:00.8226602Z [command]/usr/bin/git submodule foreach --recursive sh -c "git config --local --name-only --get-regexp 'http\.https\:\/\/github\.com\/\.extraheader' && git config --local --unset-all 'http.https://github.com/.extraheader' || :"
2026-09-04T15:46:00.8464538Z [command]/usr/bin/git config --local --name-only --get-regexp ^includeIf\.gitdir:
2026-09-04T15:46:00.8503508Z [command]/usr/bin/git submodule foreach --recursive git config --local --show-origin --name-only --get-regexp remote.origin.url
2026-09-04T15:46:00.8737802Z [command]/usr/bin/git config --local http.https://github.com/.extraheader AUTHORIZATION: basic ***
2026-09-04T15:46:00.8783938Z ##[endgroup]
2026-09-04T15:46:00.8785630Z ##[group]Fetching the repository
2026-09-04T15:46:00.8797251Z [command]/usr/bin/git -c protocol.version=2 fetch --no-tags --prune --no-recurse-submodules --depth=1 origin +ff2db557a0a8df7e538c7d2e729be8ed403658e2:refs/remotes/origin/feature/f3-test-failures
2026-09-04T15:46:01.4817376Z From https://github.com/DhruvHegde/log-generation
2026-09-04T15:46:01.4818762Z  * [new ref]         ff2db557a0a8df7e538c7d2e729be8ed403658e2 -> origin/feature/f3-test-failures
2026-09-04T15:46:01.4822643Z ##[endgroup]
2026-09-04T15:46:01.4823957Z ##[group]Determining the checkout info
2026-09-04T15:46:01.4826824Z ##[endgroup]
2026-09-04T15:46:01.4835061Z [command]/usr/bin/git sparse-checkout disable
2026-09-04T15:46:01.4899278Z [command]/usr/bin/git config --local --unset-all extensions.worktreeConfig
2026-09-04T15:46:01.4937603Z ##[group]Checking out the ref
2026-09-04T15:46:01.4944248Z [command]/usr/bin/git checkout --progress --force -B feature/f3-test-failures refs/remotes/origin/feature/f3-test-failures
2026-09-04T15:46:01.5698232Z Switched to a new branch 'feature/f3-test-failures'
2026-09-04T15:46:01.5701570Z branch 'feature/f3-test-failures' set up to track 'origin/feature/f3-test-failures'.
2026-09-04T15:46:01.5712753Z ##[endgroup]
2026-09-04T15:46:01.5759052Z [command]/usr/bin/git log -1 --format=%H
2026-09-04T15:46:01.5787795Z ff2db557a0a8df7e538c7d2e729be8ed403658e2
2026-09-04T15:46:01.6146751Z Node 20 is being deprecated. This workflow is running with Node 24 by default. If you need to temporarily use Node 20, you can set the ACTIONS_ALLOW_USE_UNSECURE_NODE_VERSION=true environment variable. For more information see: https://github.blog/changelog/2025-09-19-deprecation-of-node-20-on-github-actions-runners/
2026-09-04T15:46:01.6152033Z ##[group]Run actions/setup-python@v5
2026-09-04T15:46:01.6153253Z with:
2026-09-04T15:46:01.6154199Z   python-version: 3.11
2026-09-04T15:46:01.6155269Z   check-latest: false
2026-09-04T15:46:01.6163789Z   token: ***
2026-09-04T15:46:01.6164813Z   update-environment: true
2026-09-04T15:46:01.6165963Z   allow-prereleases: false
2026-09-04T15:46:01.6167085Z   freethreaded: false
2026-09-04T15:46:01.6168123Z ##[endgroup]
2026-09-04T15:46:01.7548450Z ##[group]Installed versions
2026-09-04T15:46:01.7655902Z (node:2268) [DEP0040] DeprecationWarning: The `punycode` module is deprecated. Please use a userland alternative instead.
2026-09-04T15:46:01.7659759Z (Use `node --trace-deprecation ...` to show where the warning was created)
2026-09-04T15:46:01.7663293Z Successfully set up CPython (3.11.16)
2026-09-04T15:46:01.7666095Z ##[endgroup]
2026-09-04T15:46:01.7984112Z ##[group]Run pip install --no-cache-dir pytest
2026-09-04T15:46:01.7986566Z [36;1mpip install --no-cache-dir pytest[0m
2026-09-04T15:46:01.8069596Z shell: /usr/bin/bash -e {0}
2026-09-04T15:46:01.8071349Z env:
2026-09-04T15:46:01.8073494Z   pythonLocation: /opt/hostedtoolcache/Python/3.11.16/x64
2026-09-04T15:46:01.8075295Z   PKG_CONFIG_PATH: /opt/hostedtoolcache/Python/3.11.16/x64/lib/pkgconfig
2026-09-04T15:46:01.8077961Z   Python_ROOT_DIR: /opt/hostedtoolcache/Python/3.11.16/x64
2026-09-04T15:46:01.8080526Z   Python2_ROOT_DIR: /opt/hostedtoolcache/Python/3.11.16/x64
2026-09-04T15:46:01.8082829Z   Python3_ROOT_DIR: /opt/hostedtoolcache/Python/3.11.16/x64
2026-09-04T15:46:01.8084462Z   LD_LIBRARY_PATH: /opt/hostedtoolcache/Python/3.11.16/x64/lib
2026-09-04T15:46:01.8085805Z ##[endgroup]
2026-09-04T15:46:03.1691114Z Collecting pytest
2026-09-04T15:46:03.2199772Z   Downloading pytest-9.1.1-py3-none-any.whl.metadata (7.6 kB)
2026-09-04T15:46:03.2686214Z Collecting iniconfig>=1.0.1 (from pytest)
2026-09-04T15:46:03.2723599Z   Downloading iniconfig-2.3.0-py3-none-any.whl.metadata (2.5 kB)
2026-09-04T15:46:03.3266286Z Collecting packaging>=22 (from pytest)
2026-09-04T15:46:03.3301106Z   Downloading packaging-26.3-py3-none-any.whl.metadata (3.5 kB)
2026-09-04T15:46:03.3792154Z Collecting pluggy<2,>=1.5 (from pytest)
2026-09-04T15:46:03.3824460Z   Downloading pluggy-1.6.0-py3-none-any.whl.metadata (4.8 kB)
2026-09-04T15:46:03.4405143Z Collecting pygments>=2.7.2 (from pytest)
2026-09-04T15:46:03.4435472Z   Downloading pygments-2.21.0-py3-none-any.whl.metadata (2.5 kB)
2026-09-04T15:46:03.4494254Z Downloading pytest-9.1.1-py3-none-any.whl (386 kB)
2026-09-04T15:46:03.4663779Z Downloading pluggy-1.6.0-py3-none-any.whl (20 kB)
2026-09-04T15:46:03.4693949Z Downloading iniconfig-2.3.0-py3-none-any.whl (7.5 kB)
2026-09-04T15:46:03.4727744Z Downloading packaging-26.3-py3-none-any.whl (129 kB)
2026-09-04T15:46:03.4762434Z Downloading pygments-2.21.0-py3-none-any.whl (1.3 MB)
2026-09-04T15:46:03.4840821Z    ââââââââââââââââââââââââââââââââââââââââ 1.3/1.3 MB 224.9 MB/s  0:00:00
2026-09-04T15:46:03.5486945Z Installing collected packages: pygments, pluggy, packaging, iniconfig, pytest
2026-09-04T15:46:04.5531858Z 
2026-09-04T15:46:04.5541237Z Successfully installed iniconfig-2.3.0 packaging-26.3 pluggy-1.6.0 pygments-2.21.0 pytest-9.1.1
2026-09-04T15:46:04.6070782Z ##[group]Run python automation/inject_mutation.py --error-type "AssertionError"
2026-09-04T15:46:04.6071440Z [36;1mpython automation/inject_mutation.py --error-type "AssertionError"[0m
2026-09-04T15:46:04.6110987Z shell: /usr/bin/bash -e {0}
2026-09-04T15:46:04.6111248Z env:
2026-09-04T15:46:04.6111535Z   pythonLocation: /opt/hostedtoolcache/Python/3.11.16/x64
2026-09-04T15:46:04.6112345Z   PKG_CONFIG_PATH: /opt/hostedtoolcache/Python/3.11.16/x64/lib/pkgconfig
2026-09-04T15:46:04.6112795Z   Python_ROOT_DIR: /opt/hostedtoolcache/Python/3.11.16/x64
2026-09-04T15:46:04.6113190Z   Python2_ROOT_DIR: /opt/hostedtoolcache/Python/3.11.16/x64
2026-09-04T15:46:04.6113585Z   Python3_ROOT_DIR: /opt/hostedtoolcache/Python/3.11.16/x64
2026-09-04T15:46:04.6113970Z   LD_LIBRARY_PATH: /opt/hostedtoolcache/Python/3.11.16/x64/lib
2026-09-04T15:46:04.6114329Z ##[endgroup]
2026-09-04T15:46:04.6412394Z [Mutation Injected] Successfully injected AssertionError into tests/test_app.py
2026-09-04T15:46:04.6486941Z ##[group]Run pytest tests/test_app.py -v
2026-09-04T15:46:04.6487318Z [36;1mpytest tests/test_app.py -v[0m
2026-09-04T15:46:04.6526412Z shell: /usr/bin/bash -e {0}
2026-09-04T15:46:04.6526676Z env:
2026-09-04T15:46:04.6526950Z   pythonLocation: /opt/hostedtoolcache/Python/3.11.16/x64
2026-09-04T15:46:04.6527399Z   PKG_CONFIG_PATH: /opt/hostedtoolcache/Python/3.11.16/x64/lib/pkgconfig
2026-09-04T15:46:04.6527871Z   Python_ROOT_DIR: /opt/hostedtoolcache/Python/3.11.16/x64
2026-09-04T15:46:04.6528258Z   Python2_ROOT_DIR: /opt/hostedtoolcache/Python/3.11.16/x64
2026-09-04T15:46:04.6528646Z   Python3_ROOT_DIR: /opt/hostedtoolcache/Python/3.11.16/x64
2026-09-04T15:46:04.6529041Z   LD_LIBRARY_PATH: /opt/hostedtoolcache/Python/3.11.16/x64/lib
2026-09-04T15:46:04.6529385Z ##[endgroup]
2026-09-04T15:46:05.1682828Z ============================= test session starts ==============================
2026-09-04T15:46:05.1684268Z platform linux -- Python 3.11.16, pytest-9.1.1, pluggy-1.6.0 -- /opt/hostedtoolcache/Python/3.11.16/x64/bin/python
2026-09-04T15:46:05.1685389Z cachedir: .pytest_cache
2026-09-04T15:46:05.1686065Z rootdir: /home/runner/work/log-generation/log-generation
2026-09-04T15:46:05.1686798Z configfile: pytest.ini
2026-09-04T15:46:05.1777823Z collecting ... collected 6 items
2026-09-04T15:46:05.1778191Z 
2026-09-04T15:46:05.1787984Z tests/test_app.py::test_calculate_division PASSED                        [ 16%]
2026-09-04T15:46:05.1796009Z tests/test_app.py::test_convert_to_int PASSED                            [ 33%]
2026-09-04T15:46:05.1804157Z tests/test_app.py::test_get_list_item PASSED                             [ 50%]
2026-09-04T15:46:05.1811663Z tests/test_app.py::test_get_dict_value PASSED                            [ 66%]
2026-09-04T15:46:05.1818652Z tests/test_app.py::test_assert_positive PASSED                           [ 83%]
2026-09-04T15:46:05.2069625Z tests/test_app.py::test_assertion_failure FAILED                         [100%]
2026-09-04T15:46:05.2070318Z 
2026-09-04T15:46:05.2070594Z =================================== FAILURES ===================================
2026-09-04T15:46:05.2071324Z ____________________________ test_assertion_failure ____________________________
2026-09-04T15:46:05.2072033Z 
2026-09-04T15:46:05.2072225Z     def test_assertion_failure():
2026-09-04T15:46:05.2072721Z         """Injected synthetic AssertionError."""
2026-09-04T15:46:05.2073277Z         expected_status = 200
2026-09-04T15:46:05.2073721Z         actual_status = 500
2026-09-04T15:46:05.2074494Z >       assert actual_status == expected_status, f"Expected {expected_status}, received {actual_status}"
2026-09-04T15:46:05.2075403Z E       AssertionError: Expected 200, received 500
2026-09-04T15:46:05.2075946Z E       assert 500 == 200
2026-09-04T15:46:05.2076194Z 
2026-09-04T15:46:05.2076394Z tests/test_app.py:134: AssertionError
2026-09-04T15:46:05.2076992Z =========================== short test summary info ============================
2026-09-04T15:46:05.2077955Z FAILED tests/test_app.py::test_assertion_failure - AssertionError: Expected 200, received 500
2026-09-04T15:46:05.2078757Z assert 500 == 200
2026-09-04T15:46:05.2079228Z ========================= 1 failed, 5 passed in 0.03s ==========================
2026-09-04T15:46:05.2277122Z ##[error]Process completed with exit code 1.
2026-09-04T15:46:05.2425542Z Node 20 is being deprecated. This workflow is running with Node 24 by default. If you need to temporarily use Node 20, you can set the ACTIONS_ALLOW_USE_UNSECURE_NODE_VERSION=true environment variable. For more information see: https://github.blog/changelog/2025-09-19-deprecation-of-node-20-on-github-actions-runners/
2026-09-04T15:46:05.2426947Z Post job cleanup.
2026-09-04T15:46:05.3265841Z [command]/usr/bin/git version
2026-09-04T15:46:05.3311016Z git version 2.55.0
2026-09-04T15:46:05.3355798Z Temporarily overriding HOME='/home/runner/work/_temp/77050df3-f7f7-4e7e-8bae-4135dd79272c' before making global git config changes
2026-09-04T15:46:05.3357459Z Adding repository directory to the temporary git global config as a safe directory
2026-09-04T15:46:05.3362820Z [command]/usr/bin/git config --global --add safe.directory /home/runner/work/log-generation/log-generation
2026-09-04T15:46:05.3402027Z [command]/usr/bin/git config --local --name-only --get-regexp core\.sshCommand
2026-09-04T15:46:05.3443268Z [command]/usr/bin/git submodule foreach --recursive sh -c "git config --local --name-only --get-regexp 'core\.sshCommand' && git config --local --unset-all 'core.sshCommand' || :"
2026-09-04T15:46:05.3695279Z [command]/usr/bin/git config --local --name-only --get-regexp http\.https\:\/\/github\.com\/\.extraheader
2026-09-04T15:46:05.3729340Z http.https://github.com/.extraheader
2026-09-04T15:46:05.3742076Z [command]/usr/bin/git config --local --unset-all http.https://github.com/.extraheader
2026-09-04T15:46:05.3788005Z [command]/usr/bin/git submodule foreach --recursive sh -c "git config --local --name-only --get-regexp 'http\.https\:\/\/github\.com\/\.extraheader' && git config --local --unset-all 'http.https://github.com/.extraheader' || :"
2026-09-04T15:46:05.4056217Z [command]/usr/bin/git config --local --name-only --get-regexp ^includeIf\.gitdir:
2026-09-04T15:46:05.4099651Z [command]/usr/bin/git submodule foreach --recursive git config --local --show-origin --name-only --get-regexp remote.origin.url
2026-09-04T15:46:05.4525882Z Cleaning up orphan processes
2026-09-04T15:46:05.4839274Z ##[warning]Node.js 20 is deprecated. The following actions target Node.js 20 but are being forced to run on Node.js 24: actions/checkout@v4, actions/setup-python@v5. For more information see: https://github.blog/changelog/2025-09-19-deprecation-of-node-20-on-github-actions-runners/
