ï»¿2026-09-04T11:15:24.1221239Z Current runner version: '2.337.0'
2026-09-04T11:15:24.1247729Z ##[group]Runner Image Provisioner
2026-09-04T11:15:24.1248654Z Hosted Compute Agent
2026-09-04T11:15:24.1249240Z Version: 20260819.586
2026-09-04T11:15:24.1249981Z Commit: 3cc4a88dfa507ef76119ad1bb3eccc6378bb2b76
2026-09-04T11:15:24.1250733Z Build Date: 2026-08-18T23:20:18Z
2026-09-04T11:15:24.1251534Z Worker ID: {e072ff54-c69f-4358-a8b7-41c789ac71bd}
2026-09-04T11:15:24.1252307Z Azure Region: westus2
2026-09-04T11:15:24.1252880Z ##[endgroup]
2026-09-04T11:15:24.1254824Z ##[group]Operating System
2026-09-04T11:15:24.1255543Z Ubuntu
2026-09-04T11:15:24.1256153Z 24.04.4
2026-09-04T11:15:24.1257063Z LTS
2026-09-04T11:15:24.1257938Z ##[endgroup]
2026-09-04T11:15:24.1258626Z ##[group]Runner Image
2026-09-04T11:15:24.1259248Z Image: ubuntu-24.04
2026-09-04T11:15:24.1259916Z Version: 20260823.283.1
2026-09-04T11:15:24.1261223Z Included Software: https://github.com/actions/runner-images/blob/ubuntu24/20260823.283/images/ubuntu/Ubuntu2404-Readme.md
2026-09-04T11:15:24.1262907Z Image Release: https://github.com/actions/runner-images/releases/tag/ubuntu24%2F20260823.283
2026-09-04T11:15:24.1263981Z ##[endgroup]
2026-09-04T11:15:24.1265272Z ##[group]GITHUB_TOKEN Permissions
2026-09-04T11:15:24.1267813Z Contents: read
2026-09-04T11:15:24.1268516Z Metadata: read
2026-09-04T11:15:24.1269095Z Packages: read
2026-09-04T11:15:24.1269654Z ##[endgroup]
2026-09-04T11:15:24.1272016Z Secret source: Actions
2026-09-04T11:15:24.1273449Z Prepare workflow directory
2026-09-04T11:15:24.1678768Z Prepare all required actions
2026-09-04T11:15:24.1730346Z Getting action download info
2026-09-04T11:15:24.5454825Z Download action repository 'actions/checkout@v4' (SHA:11d5960a326750d5838078e36cf38b85af677262)
2026-09-04T11:15:24.7146353Z Download action repository 'actions/setup-python@v5' (SHA:a26af69be951a213d495a4c3e4e4022e16d87065)
2026-09-04T11:15:24.9019792Z Complete job name: test-f3 (IndexError #34)
2026-09-04T11:15:24.9822911Z Node 20 is being deprecated. This workflow is running with Node 24 by default. If you need to temporarily use Node 20, you can set the ACTIONS_ALLOW_USE_UNSECURE_NODE_VERSION=true environment variable. For more information see: https://github.blog/changelog/2025-09-19-deprecation-of-node-20-on-github-actions-runners/
2026-09-04T11:15:24.9831963Z ##[group]Run actions/checkout@v4
2026-09-04T11:15:24.9832743Z with:
2026-09-04T11:15:24.9833181Z   fetch-depth: 1
2026-09-04T11:15:24.9833667Z   repository: DhruvHegde/log-generation
2026-09-04T11:15:24.9837782Z   token: ***
2026-09-04T11:15:24.9838243Z   ssh-strict: true
2026-09-04T11:15:24.9838692Z   ssh-user: git
2026-09-04T11:15:24.9839154Z   persist-credentials: true
2026-09-04T11:15:24.9839671Z   clean: true
2026-09-04T11:15:24.9840128Z   sparse-checkout-cone-mode: true
2026-09-04T11:15:24.9840673Z   fetch-tags: false
2026-09-04T11:15:24.9841136Z   show-progress: true
2026-09-04T11:15:24.9841607Z   lfs: false
2026-09-04T11:15:24.9842088Z   submodules: false
2026-09-04T11:15:24.9842552Z   set-safe-directory: true
2026-09-04T11:15:24.9843087Z   allow-unsafe-pr-checkout: false
2026-09-04T11:15:24.9843924Z ##[endgroup]
2026-09-04T11:15:25.0916211Z Syncing repository: DhruvHegde/log-generation
2026-09-04T11:15:25.0919264Z ##[group]Getting Git version info
2026-09-04T11:15:25.0920704Z Working directory is '/home/runner/work/log-generation/log-generation'
2026-09-04T11:15:25.0922786Z [command]/usr/bin/git version
2026-09-04T11:15:25.1038911Z git version 2.55.0
2026-09-04T11:15:25.1064024Z ##[endgroup]
2026-09-04T11:15:25.1080132Z Temporarily overriding HOME='/home/runner/work/_temp/c65f6515-c129-4074-bda3-5a5ae90adf29' before making global git config changes
2026-09-04T11:15:25.1082545Z Adding repository directory to the temporary git global config as a safe directory
2026-09-04T11:15:25.1086010Z [command]/usr/bin/git config --global --add safe.directory /home/runner/work/log-generation/log-generation
2026-09-04T11:15:25.1145222Z Deleting the contents of '/home/runner/work/log-generation/log-generation'
2026-09-04T11:15:25.1150042Z ##[group]Initializing the repository
2026-09-04T11:15:25.1156182Z [command]/usr/bin/git init /home/runner/work/log-generation/log-generation
2026-09-04T11:15:25.1297821Z hint: Using 'master' as the name for the initial branch. This default branch name
2026-09-04T11:15:25.1299554Z hint: will change to "main" in Git 3.0. To configure the initial branch name
2026-09-04T11:15:25.1301051Z hint: to use in all of your new repositories, which will suppress this warning,
2026-09-04T11:15:25.1302733Z hint: call:
2026-09-04T11:15:25.1303430Z hint:
2026-09-04T11:15:25.1304248Z hint: 	git config --global init.defaultBranch <name>
2026-09-04T11:15:25.1305237Z hint:
2026-09-04T11:15:25.1306150Z hint: Names commonly chosen instead of 'master' are 'main', 'trunk' and
2026-09-04T11:15:25.1308561Z hint: 'development'. The just-created branch can be renamed via this command:
2026-09-04T11:15:25.1309823Z hint:
2026-09-04T11:15:25.1310525Z hint: 	git branch -m <name>
2026-09-04T11:15:25.1311273Z hint:
2026-09-04T11:15:25.1312330Z hint: Disable this message with "git config set advice.defaultBranchName false"
2026-09-04T11:15:25.1314181Z Initialized empty Git repository in /home/runner/work/log-generation/log-generation/.git/
2026-09-04T11:15:25.1318078Z [command]/usr/bin/git remote add origin https://github.com/DhruvHegde/log-generation
2026-09-04T11:15:25.1380384Z ##[endgroup]
2026-09-04T11:15:25.1381683Z ##[group]Disabling automatic garbage collection
2026-09-04T11:15:25.1385919Z [command]/usr/bin/git config --local gc.auto 0
2026-09-04T11:15:25.1424369Z ##[endgroup]
2026-09-04T11:15:25.1425717Z ##[group]Setting up auth
2026-09-04T11:15:25.1435149Z [command]/usr/bin/git config --local --name-only --get-regexp core\.sshCommand
2026-09-04T11:15:25.1475890Z [command]/usr/bin/git submodule foreach --recursive sh -c "git config --local --name-only --get-regexp 'core\.sshCommand' && git config --local --unset-all 'core.sshCommand' || :"
2026-09-04T11:15:25.1896457Z [command]/usr/bin/git config --local --name-only --get-regexp http\.https\:\/\/github\.com\/\.extraheader
2026-09-04T11:15:25.1941493Z [command]/usr/bin/git submodule foreach --recursive sh -c "git config --local --name-only --get-regexp 'http\.https\:\/\/github\.com\/\.extraheader' && git config --local --unset-all 'http.https://github.com/.extraheader' || :"
2026-09-04T11:15:25.2205627Z [command]/usr/bin/git config --local --name-only --get-regexp ^includeIf\.gitdir:
2026-09-04T11:15:25.2253625Z [command]/usr/bin/git submodule foreach --recursive git config --local --show-origin --name-only --get-regexp remote.origin.url
2026-09-04T11:15:25.2523310Z [command]/usr/bin/git config --local http.https://github.com/.extraheader AUTHORIZATION: basic ***
2026-09-04T11:15:25.2564272Z ##[endgroup]
2026-09-04T11:15:25.2574300Z ##[group]Fetching the repository
2026-09-04T11:15:25.2576102Z [command]/usr/bin/git -c protocol.version=2 fetch --no-tags --prune --no-recurse-submodules --depth=1 origin +55701f2ee203be18f432be2dca839cc73b92fb5e:refs/remotes/origin/feature/f3-test-failures
2026-09-04T11:15:25.6452849Z From https://github.com/DhruvHegde/log-generation
2026-09-04T11:15:25.6454075Z  * [new ref]         55701f2ee203be18f432be2dca839cc73b92fb5e -> origin/feature/f3-test-failures
2026-09-04T11:15:25.6457942Z ##[endgroup]
2026-09-04T11:15:25.6458904Z ##[group]Determining the checkout info
2026-09-04T11:15:25.6460661Z ##[endgroup]
2026-09-04T11:15:25.6466443Z [command]/usr/bin/git sparse-checkout disable
2026-09-04T11:15:25.6523110Z [command]/usr/bin/git config --local --unset-all extensions.worktreeConfig
2026-09-04T11:15:25.6557534Z ##[group]Checking out the ref
2026-09-04T11:15:25.6562880Z [command]/usr/bin/git checkout --progress --force -B feature/f3-test-failures refs/remotes/origin/feature/f3-test-failures
2026-09-04T11:15:25.6702009Z Switched to a new branch 'feature/f3-test-failures'
2026-09-04T11:15:25.6704232Z branch 'feature/f3-test-failures' set up to track 'origin/feature/f3-test-failures'.
2026-09-04T11:15:25.6708750Z ##[endgroup]
2026-09-04T11:15:25.6721190Z [command]/usr/bin/git log -1 --format=%H
2026-09-04T11:15:25.6752941Z 55701f2ee203be18f432be2dca839cc73b92fb5e
2026-09-04T11:15:25.7083597Z Node 20 is being deprecated. This workflow is running with Node 24 by default. If you need to temporarily use Node 20, you can set the ACTIONS_ALLOW_USE_UNSECURE_NODE_VERSION=true environment variable. For more information see: https://github.blog/changelog/2025-09-19-deprecation-of-node-20-on-github-actions-runners/
2026-09-04T11:15:25.7088048Z ##[group]Run actions/setup-python@v5
2026-09-04T11:15:25.7088725Z with:
2026-09-04T11:15:25.7089170Z   python-version: 3.11
2026-09-04T11:15:25.7089724Z   check-latest: false
2026-09-04T11:15:25.7095305Z   token: ***
2026-09-04T11:15:25.7095835Z   update-environment: true
2026-09-04T11:15:25.7096449Z   allow-prereleases: false
2026-09-04T11:15:25.7097328Z   freethreaded: false
2026-09-04T11:15:25.7097869Z ##[endgroup]
2026-09-04T11:15:25.8465177Z ##[group]Installed versions
2026-09-04T11:15:25.8582002Z (node:2247) [DEP0040] DeprecationWarning: The `punycode` module is deprecated. Please use a userland alternative instead.
2026-09-04T11:15:25.8585327Z (Use `node --trace-deprecation ...` to show where the warning was created)
2026-09-04T11:15:25.8587415Z Successfully set up CPython (3.11.16)
2026-09-04T11:15:25.8589325Z ##[endgroup]
2026-09-04T11:15:25.8762854Z ##[group]Run pip install --no-cache-dir pytest
2026-09-04T11:15:25.8763857Z [36;1mpip install --no-cache-dir pytest[0m
2026-09-04T11:15:25.8825145Z shell: /usr/bin/bash -e {0}
2026-09-04T11:15:25.8826186Z env:
2026-09-04T11:15:25.8827425Z   pythonLocation: /opt/hostedtoolcache/Python/3.11.16/x64
2026-09-04T11:15:25.8829292Z   PKG_CONFIG_PATH: /opt/hostedtoolcache/Python/3.11.16/x64/lib/pkgconfig
2026-09-04T11:15:25.8831170Z   Python_ROOT_DIR: /opt/hostedtoolcache/Python/3.11.16/x64
2026-09-04T11:15:25.8832724Z   Python2_ROOT_DIR: /opt/hostedtoolcache/Python/3.11.16/x64
2026-09-04T11:15:25.8833943Z   Python3_ROOT_DIR: /opt/hostedtoolcache/Python/3.11.16/x64
2026-09-04T11:15:25.8834992Z   LD_LIBRARY_PATH: /opt/hostedtoolcache/Python/3.11.16/x64/lib
2026-09-04T11:15:25.8835944Z ##[endgroup]
2026-09-04T11:15:27.0110165Z Collecting pytest
2026-09-04T11:15:27.0772021Z   Downloading pytest-9.1.1-py3-none-any.whl.metadata (7.6 kB)
2026-09-04T11:15:27.0901969Z Collecting iniconfig>=1.0.1 (from pytest)
2026-09-04T11:15:27.0981281Z   Downloading iniconfig-2.3.0-py3-none-any.whl.metadata (2.5 kB)
2026-09-04T11:15:27.1135595Z Collecting packaging>=22 (from pytest)
2026-09-04T11:15:27.1214649Z   Downloading packaging-26.3-py3-none-any.whl.metadata (3.5 kB)
2026-09-04T11:15:27.1341764Z Collecting pluggy<2,>=1.5 (from pytest)
2026-09-04T11:15:27.1420641Z   Downloading pluggy-1.6.0-py3-none-any.whl.metadata (4.8 kB)
2026-09-04T11:15:27.1610465Z Collecting pygments>=2.7.2 (from pytest)
2026-09-04T11:15:27.1689178Z   Downloading pygments-2.21.0-py3-none-any.whl.metadata (2.5 kB)
2026-09-04T11:15:27.1793868Z Downloading pytest-9.1.1-py3-none-any.whl (386 kB)
2026-09-04T11:15:27.2109895Z Downloading pluggy-1.6.0-py3-none-any.whl (20 kB)
2026-09-04T11:15:27.2185577Z Downloading iniconfig-2.3.0-py3-none-any.whl (7.5 kB)
2026-09-04T11:15:27.2260876Z Downloading packaging-26.3-py3-none-any.whl (129 kB)
2026-09-04T11:15:27.2356001Z Downloading pygments-2.21.0-py3-none-any.whl (1.3 MB)
2026-09-04T11:15:27.2748304Z    ââââââââââââââââââââââââââââââââââââââââ 1.3/1.3 MB 34.7 MB/s  0:00:00
2026-09-04T11:15:27.3465307Z Installing collected packages: pygments, pluggy, packaging, iniconfig, pytest
2026-09-04T11:15:28.3500243Z 
2026-09-04T11:15:28.3509454Z Successfully installed iniconfig-2.3.0 packaging-26.3 pluggy-1.6.0 pygments-2.21.0 pytest-9.1.1
2026-09-04T11:15:28.4079543Z ##[group]Run python automation/inject_mutation.py --error-type "IndexError"
2026-09-04T11:15:28.4080180Z [36;1mpython automation/inject_mutation.py --error-type "IndexError"[0m
2026-09-04T11:15:28.4119030Z shell: /usr/bin/bash -e {0}
2026-09-04T11:15:28.4119289Z env:
2026-09-04T11:15:28.4119583Z   pythonLocation: /opt/hostedtoolcache/Python/3.11.16/x64
2026-09-04T11:15:28.4120660Z   PKG_CONFIG_PATH: /opt/hostedtoolcache/Python/3.11.16/x64/lib/pkgconfig
2026-09-04T11:15:28.4121107Z   Python_ROOT_DIR: /opt/hostedtoolcache/Python/3.11.16/x64
2026-09-04T11:15:28.4121491Z   Python2_ROOT_DIR: /opt/hostedtoolcache/Python/3.11.16/x64
2026-09-04T11:15:28.4121895Z   Python3_ROOT_DIR: /opt/hostedtoolcache/Python/3.11.16/x64
2026-09-04T11:15:28.4122292Z   LD_LIBRARY_PATH: /opt/hostedtoolcache/Python/3.11.16/x64/lib
2026-09-04T11:15:28.4122647Z ##[endgroup]
2026-09-04T11:15:28.4427096Z [Mutation Injected] Successfully injected IndexError into tests/test_app.py
2026-09-04T11:15:28.4500212Z ##[group]Run pytest tests/test_app.py -v
2026-09-04T11:15:28.4500592Z [36;1mpytest tests/test_app.py -v[0m
2026-09-04T11:15:28.4540307Z shell: /usr/bin/bash -e {0}
2026-09-04T11:15:28.4540565Z env:
2026-09-04T11:15:28.4540839Z   pythonLocation: /opt/hostedtoolcache/Python/3.11.16/x64
2026-09-04T11:15:28.4541279Z   PKG_CONFIG_PATH: /opt/hostedtoolcache/Python/3.11.16/x64/lib/pkgconfig
2026-09-04T11:15:28.4541728Z   Python_ROOT_DIR: /opt/hostedtoolcache/Python/3.11.16/x64
2026-09-04T11:15:28.4542115Z   Python2_ROOT_DIR: /opt/hostedtoolcache/Python/3.11.16/x64
2026-09-04T11:15:28.4542513Z   Python3_ROOT_DIR: /opt/hostedtoolcache/Python/3.11.16/x64
2026-09-04T11:15:28.4542905Z   LD_LIBRARY_PATH: /opt/hostedtoolcache/Python/3.11.16/x64/lib
2026-09-04T11:15:28.4543236Z ##[endgroup]
2026-09-04T11:15:28.6933044Z ============================= test session starts ==============================
2026-09-04T11:15:28.6934119Z platform linux -- Python 3.11.16, pytest-9.1.1, pluggy-1.6.0 -- /opt/hostedtoolcache/Python/3.11.16/x64/bin/python
2026-09-04T11:15:28.6934807Z cachedir: .pytest_cache
2026-09-04T11:15:28.6935196Z rootdir: /home/runner/work/log-generation/log-generation
2026-09-04T11:15:28.6935637Z configfile: pytest.ini
2026-09-04T11:15:28.7020912Z collecting ... collected 6 items
2026-09-04T11:15:28.7021555Z 
2026-09-04T11:15:28.7030238Z tests/test_app.py::test_calculate_division PASSED                        [ 16%]
2026-09-04T11:15:28.7037744Z tests/test_app.py::test_convert_to_int PASSED                            [ 33%]
2026-09-04T11:15:28.7045469Z tests/test_app.py::test_get_list_item PASSED                             [ 50%]
2026-09-04T11:15:28.7052668Z tests/test_app.py::test_get_dict_value PASSED                            [ 66%]
2026-09-04T11:15:28.7059690Z tests/test_app.py::test_assert_positive PASSED                           [ 83%]
2026-09-04T11:15:28.7354640Z tests/test_app.py::test_index_error FAILED                               [100%]
2026-09-04T11:15:28.7355253Z 
2026-09-04T11:15:28.7355553Z =================================== FAILURES ===================================
2026-09-04T11:15:28.7356294Z _______________________________ test_index_error _______________________________
2026-09-04T11:15:28.7357213Z 
2026-09-04T11:15:28.7357425Z     def test_index_error():
2026-09-04T11:15:28.7357973Z         """Injected synthetic IndexError."""
2026-09-04T11:15:28.7358642Z         from src.app import get_list_item
2026-09-04T11:15:28.7359133Z         dataset = [10, 20, 30]
2026-09-04T11:15:28.7359558Z >       get_list_item(dataset, 999)
2026-09-04T11:15:28.7359865Z 
2026-09-04T11:15:28.7360018Z tests/test_app.py:130: 
2026-09-04T11:15:28.7360513Z _ _ _ _ _ _ _ _ _ _ _ _ _ _ _ _ _ _ _ _ _ _ _ _ _ _ _ _ _ _ _ _ _ _ _ _ _ _ _ _ 
2026-09-04T11:15:28.7360934Z 
2026-09-04T11:15:28.7361091Z lst = [10, 20, 30], index = 999
2026-09-04T11:15:28.7361354Z 
2026-09-04T11:15:28.7361530Z     def get_list_item(lst, index):
2026-09-04T11:15:28.7361965Z >       return lst[index]
2026-09-04T11:15:28.7362416Z                ^^^^^^^^^^
2026-09-04T11:15:28.7362827Z E       IndexError: list index out of range
2026-09-04T11:15:28.7363230Z 
2026-09-04T11:15:28.7363424Z src/app.py:8: IndexError
2026-09-04T11:15:28.7363943Z =========================== short test summary info ============================
2026-09-04T11:15:28.7364667Z FAILED tests/test_app.py::test_index_error - IndexError: list index out of range
2026-09-04T11:15:28.7365432Z ========================= 1 failed, 5 passed in 0.03s ==========================
2026-09-04T11:15:28.7559182Z ##[error]Process completed with exit code 1.
2026-09-04T11:15:28.7708824Z Node 20 is being deprecated. This workflow is running with Node 24 by default. If you need to temporarily use Node 20, you can set the ACTIONS_ALLOW_USE_UNSECURE_NODE_VERSION=true environment variable. For more information see: https://github.blog/changelog/2025-09-19-deprecation-of-node-20-on-github-actions-runners/
2026-09-04T11:15:28.7710121Z Post job cleanup.
2026-09-04T11:15:28.8566925Z [command]/usr/bin/git version
2026-09-04T11:15:28.8604847Z git version 2.55.0
2026-09-04T11:15:28.8698134Z Temporarily overriding HOME='/home/runner/work/_temp/37ed97ca-614a-4a09-8dd6-355d16dc91cb' before making global git config changes
2026-09-04T11:15:28.8703020Z Adding repository directory to the temporary git global config as a safe directory
2026-09-04T11:15:28.8714370Z [command]/usr/bin/git config --global --add safe.directory /home/runner/work/log-generation/log-generation
2026-09-04T11:15:28.8716770Z [command]/usr/bin/git config --local --name-only --get-regexp core\.sshCommand
2026-09-04T11:15:28.8742998Z [command]/usr/bin/git submodule foreach --recursive sh -c "git config --local --name-only --get-regexp 'core\.sshCommand' && git config --local --unset-all 'core.sshCommand' || :"
2026-09-04T11:15:28.9006173Z [command]/usr/bin/git config --local --name-only --get-regexp http\.https\:\/\/github\.com\/\.extraheader
2026-09-04T11:15:28.9034894Z http.https://github.com/.extraheader
2026-09-04T11:15:28.9048372Z [command]/usr/bin/git config --local --unset-all http.https://github.com/.extraheader
2026-09-04T11:15:28.9087811Z [command]/usr/bin/git submodule foreach --recursive sh -c "git config --local --name-only --get-regexp 'http\.https\:\/\/github\.com\/\.extraheader' && git config --local --unset-all 'http.https://github.com/.extraheader' || :"
2026-09-04T11:15:28.9363197Z [command]/usr/bin/git config --local --name-only --get-regexp ^includeIf\.gitdir:
2026-09-04T11:15:28.9405256Z [command]/usr/bin/git submodule foreach --recursive git config --local --show-origin --name-only --get-regexp remote.origin.url
2026-09-04T11:15:28.9815836Z Cleaning up orphan processes
2026-09-04T11:15:29.0098382Z ##[warning]Node.js 20 is deprecated. The following actions target Node.js 20 but are being forced to run on Node.js 24: actions/checkout@v4, actions/setup-python@v5. For more information see: https://github.blog/changelog/2025-09-19-deprecation-of-node-20-on-github-actions-runners/
