ï»¿2026-09-04T15:44:57.7111482Z Current runner version: '2.337.0'
2026-09-04T15:44:57.7144993Z ##[group]Runner Image Provisioner
2026-09-04T15:44:57.7146295Z Hosted Compute Agent
2026-09-04T15:44:57.7147273Z Version: 20260828.587
2026-09-04T15:44:57.7148386Z Commit: abac92662cab4cc7352de4f9f9d2e2419aad9c29
2026-09-04T15:44:57.7149931Z Build Date: 2026-08-28T16:44:25Z
2026-09-04T15:44:57.7151222Z Worker ID: {50d40175-2b05-4e75-a437-a47f531e1a31}
2026-09-04T15:44:57.7152486Z Azure Region: eastus
2026-09-04T15:44:57.7153782Z ##[endgroup]
2026-09-04T15:44:57.7156604Z ##[group]Operating System
2026-09-04T15:44:57.7157662Z Ubuntu
2026-09-04T15:44:57.7158708Z 24.04.4
2026-09-04T15:44:57.7159835Z LTS
2026-09-04T15:44:57.7160707Z ##[endgroup]
2026-09-04T15:44:57.7161622Z ##[group]Runner Image
2026-09-04T15:44:57.7162677Z Image: ubuntu-24.04
2026-09-04T15:44:57.7163669Z Version: 20260831.293.1
2026-09-04T15:44:57.7165679Z Included Software: https://github.com/actions/runner-images/blob/ubuntu24/20260831.293/images/ubuntu/Ubuntu2404-Readme.md
2026-09-04T15:44:57.7168478Z Image Release: https://github.com/actions/runner-images/releases/tag/ubuntu24%2F20260831.293
2026-09-04T15:44:57.7170486Z ##[endgroup]
2026-09-04T15:44:57.7172577Z ##[group]GITHUB_TOKEN Permissions
2026-09-04T15:44:57.7175456Z Contents: read
2026-09-04T15:44:57.7176445Z Metadata: read
2026-09-04T15:44:57.7177387Z Packages: read
2026-09-04T15:44:57.7178335Z ##[endgroup]
2026-09-04T15:44:57.7181567Z Secret source: Actions
2026-09-04T15:44:57.7183751Z Prepare workflow directory
2026-09-04T15:44:57.7655751Z Prepare all required actions
2026-09-04T15:44:57.7726942Z Getting action download info
2026-09-04T15:44:57.9557076Z Download action repository 'actions/checkout@v4' (SHA:11d5960a326750d5838078e36cf38b85af677262)
2026-09-04T15:44:58.0849457Z Download action repository 'actions/setup-python@v5' (SHA:a26af69be951a213d495a4c3e4e4022e16d87065)
2026-09-04T15:44:58.3093683Z Complete job name: test-f3 (AttributeError #77)
2026-09-04T15:44:58.3854624Z Node 20 is being deprecated. This workflow is running with Node 24 by default. If you need to temporarily use Node 20, you can set the ACTIONS_ALLOW_USE_UNSECURE_NODE_VERSION=true environment variable. For more information see: https://github.blog/changelog/2025-09-19-deprecation-of-node-20-on-github-actions-runners/
2026-09-04T15:44:58.3863707Z ##[group]Run actions/checkout@v4
2026-09-04T15:44:58.3864467Z with:
2026-09-04T15:44:58.3864905Z   fetch-depth: 1
2026-09-04T15:44:58.3865405Z   repository: DhruvHegde/log-generation
2026-09-04T15:44:58.3869583Z   token: ***
2026-09-04T15:44:58.3870025Z   ssh-strict: true
2026-09-04T15:44:58.3870476Z   ssh-user: git
2026-09-04T15:44:58.3870938Z   persist-credentials: true
2026-09-04T15:44:58.3871434Z   clean: true
2026-09-04T15:44:58.3871920Z   sparse-checkout-cone-mode: true
2026-09-04T15:44:58.3872449Z   fetch-tags: false
2026-09-04T15:44:58.3872905Z   show-progress: true
2026-09-04T15:44:58.3873358Z   lfs: false
2026-09-04T15:44:58.3873806Z   submodules: false
2026-09-04T15:44:58.3874263Z   set-safe-directory: true
2026-09-04T15:44:58.3874782Z   allow-unsafe-pr-checkout: false
2026-09-04T15:44:58.3875666Z ##[endgroup]
2026-09-04T15:44:58.4885337Z Syncing repository: DhruvHegde/log-generation
2026-09-04T15:44:58.4888287Z ##[group]Getting Git version info
2026-09-04T15:44:58.4889824Z Working directory is '/home/runner/work/log-generation/log-generation'
2026-09-04T15:44:58.4891605Z [command]/usr/bin/git version
2026-09-04T15:44:58.4970674Z git version 2.55.0
2026-09-04T15:44:58.5018215Z ##[endgroup]
2026-09-04T15:44:58.5023085Z Temporarily overriding HOME='/home/runner/work/_temp/cac80220-f9bb-4f57-890b-00a8f2267b4b' before making global git config changes
2026-09-04T15:44:58.5024456Z Adding repository directory to the temporary git global config as a safe directory
2026-09-04T15:44:58.5025650Z [command]/usr/bin/git config --global --add safe.directory /home/runner/work/log-generation/log-generation
2026-09-04T15:44:58.5086902Z Deleting the contents of '/home/runner/work/log-generation/log-generation'
2026-09-04T15:44:58.5091023Z ##[group]Initializing the repository
2026-09-04T15:44:58.5096231Z [command]/usr/bin/git init /home/runner/work/log-generation/log-generation
2026-09-04T15:44:58.5191339Z hint: Using 'master' as the name for the initial branch. This default branch name
2026-09-04T15:44:58.5192966Z hint: will change to "main" in Git 3.0. To configure the initial branch name
2026-09-04T15:44:58.5193992Z hint: to use in all of your new repositories, which will suppress this warning,
2026-09-04T15:44:58.5194787Z hint: call:
2026-09-04T15:44:58.5195233Z hint:
2026-09-04T15:44:58.5195866Z hint: 	git config --global init.defaultBranch <name>
2026-09-04T15:44:58.5196520Z hint:
2026-09-04T15:44:58.5197171Z hint: Names commonly chosen instead of 'master' are 'main', 'trunk' and
2026-09-04T15:44:58.5198137Z hint: 'development'. The just-created branch can be renamed via this command:
2026-09-04T15:44:58.5199416Z hint:
2026-09-04T15:44:58.5199952Z hint: 	git branch -m <name>
2026-09-04T15:44:58.5200655Z hint:
2026-09-04T15:44:58.5201684Z hint: Disable this message with "git config set advice.defaultBranchName false"
2026-09-04T15:44:58.5203915Z Initialized empty Git repository in /home/runner/work/log-generation/log-generation/.git/
2026-09-04T15:44:58.5216682Z [command]/usr/bin/git remote add origin https://github.com/DhruvHegde/log-generation
2026-09-04T15:44:58.5268656Z ##[endgroup]
2026-09-04T15:44:58.5270210Z ##[group]Disabling automatic garbage collection
2026-09-04T15:44:58.5274128Z [command]/usr/bin/git config --local gc.auto 0
2026-09-04T15:44:58.5305061Z ##[endgroup]
2026-09-04T15:44:58.5306186Z ##[group]Setting up auth
2026-09-04T15:44:58.5313762Z [command]/usr/bin/git config --local --name-only --get-regexp core\.sshCommand
2026-09-04T15:44:58.5350199Z [command]/usr/bin/git submodule foreach --recursive sh -c "git config --local --name-only --get-regexp 'core\.sshCommand' && git config --local --unset-all 'core.sshCommand' || :"
2026-09-04T15:44:58.5712252Z [command]/usr/bin/git config --local --name-only --get-regexp http\.https\:\/\/github\.com\/\.extraheader
2026-09-04T15:44:58.5762256Z [command]/usr/bin/git submodule foreach --recursive sh -c "git config --local --name-only --get-regexp 'http\.https\:\/\/github\.com\/\.extraheader' && git config --local --unset-all 'http.https://github.com/.extraheader' || :"
2026-09-04T15:44:58.5987512Z [command]/usr/bin/git config --local --name-only --get-regexp ^includeIf\.gitdir:
2026-09-04T15:44:58.6023759Z [command]/usr/bin/git submodule foreach --recursive git config --local --show-origin --name-only --get-regexp remote.origin.url
2026-09-04T15:44:58.6246540Z [command]/usr/bin/git config --local http.https://github.com/.extraheader AUTHORIZATION: basic ***
2026-09-04T15:44:58.6286106Z ##[endgroup]
2026-09-04T15:44:58.6287525Z ##[group]Fetching the repository
2026-09-04T15:44:58.6298037Z [command]/usr/bin/git -c protocol.version=2 fetch --no-tags --prune --no-recurse-submodules --depth=1 origin +ff2db557a0a8df7e538c7d2e729be8ed403658e2:refs/remotes/origin/feature/f3-test-failures
2026-09-04T15:44:58.9049645Z From https://github.com/DhruvHegde/log-generation
2026-09-04T15:44:58.9051809Z  * [new ref]         ff2db557a0a8df7e538c7d2e729be8ed403658e2 -> origin/feature/f3-test-failures
2026-09-04T15:44:58.9055530Z ##[endgroup]
2026-09-04T15:44:58.9056882Z ##[group]Determining the checkout info
2026-09-04T15:44:58.9058518Z ##[endgroup]
2026-09-04T15:44:58.9064409Z [command]/usr/bin/git sparse-checkout disable
2026-09-04T15:44:58.9115991Z [command]/usr/bin/git config --local --unset-all extensions.worktreeConfig
2026-09-04T15:44:58.9149553Z ##[group]Checking out the ref
2026-09-04T15:44:58.9154229Z [command]/usr/bin/git checkout --progress --force -B feature/f3-test-failures refs/remotes/origin/feature/f3-test-failures
2026-09-04T15:44:58.9902925Z Switched to a new branch 'feature/f3-test-failures'
2026-09-04T15:44:58.9906118Z branch 'feature/f3-test-failures' set up to track 'origin/feature/f3-test-failures'.
2026-09-04T15:44:58.9916926Z ##[endgroup]
2026-09-04T15:44:58.9962402Z [command]/usr/bin/git log -1 --format=%H
2026-09-04T15:44:58.9990508Z ff2db557a0a8df7e538c7d2e729be8ed403658e2
2026-09-04T15:44:59.0346978Z Node 20 is being deprecated. This workflow is running with Node 24 by default. If you need to temporarily use Node 20, you can set the ACTIONS_ALLOW_USE_UNSECURE_NODE_VERSION=true environment variable. For more information see: https://github.blog/changelog/2025-09-19-deprecation-of-node-20-on-github-actions-runners/
2026-09-04T15:44:59.0352737Z ##[group]Run actions/setup-python@v5
2026-09-04T15:44:59.0353808Z with:
2026-09-04T15:44:59.0354585Z   python-version: 3.11
2026-09-04T15:44:59.0355482Z   check-latest: false
2026-09-04T15:44:59.0365856Z   token: ***
2026-09-04T15:44:59.0366695Z   update-environment: true
2026-09-04T15:44:59.0367680Z   allow-prereleases: false
2026-09-04T15:44:59.0368638Z   freethreaded: false
2026-09-04T15:44:59.0369633Z ##[endgroup]
2026-09-04T15:44:59.1703397Z ##[group]Installed versions
2026-09-04T15:44:59.1796941Z (node:2224) [DEP0040] DeprecationWarning: The `punycode` module is deprecated. Please use a userland alternative instead.
2026-09-04T15:44:59.1801634Z (Use `node --trace-deprecation ...` to show where the warning was created)
2026-09-04T15:44:59.1804113Z Successfully set up CPython (3.11.16)
2026-09-04T15:44:59.1806585Z ##[endgroup]
2026-09-04T15:44:59.2022814Z ##[group]Run pip install --no-cache-dir pytest
2026-09-04T15:44:59.2024280Z [36;1mpip install --no-cache-dir pytest[0m
2026-09-04T15:44:59.2095087Z shell: /usr/bin/bash -e {0}
2026-09-04T15:44:59.2096508Z env:
2026-09-04T15:44:59.2097494Z   pythonLocation: /opt/hostedtoolcache/Python/3.11.16/x64
2026-09-04T15:44:59.2099972Z   PKG_CONFIG_PATH: /opt/hostedtoolcache/Python/3.11.16/x64/lib/pkgconfig
2026-09-04T15:44:59.2102429Z   Python_ROOT_DIR: /opt/hostedtoolcache/Python/3.11.16/x64
2026-09-04T15:44:59.2104846Z   Python2_ROOT_DIR: /opt/hostedtoolcache/Python/3.11.16/x64
2026-09-04T15:44:59.2181722Z   Python3_ROOT_DIR: /opt/hostedtoolcache/Python/3.11.16/x64
2026-09-04T15:44:59.2183517Z   LD_LIBRARY_PATH: /opt/hostedtoolcache/Python/3.11.16/x64/lib
2026-09-04T15:44:59.2184812Z ##[endgroup]
2026-09-04T15:45:02.0204868Z Collecting pytest
2026-09-04T15:45:02.0676443Z   Downloading pytest-9.1.1-py3-none-any.whl.metadata (7.6 kB)
2026-09-04T15:45:02.0761096Z Collecting iniconfig>=1.0.1 (from pytest)
2026-09-04T15:45:02.0799574Z   Downloading iniconfig-2.3.0-py3-none-any.whl.metadata (2.5 kB)
2026-09-04T15:45:02.0924695Z Collecting packaging>=22 (from pytest)
2026-09-04T15:45:02.0963363Z   Downloading packaging-26.3-py3-none-any.whl.metadata (3.5 kB)
2026-09-04T15:45:02.1070815Z Collecting pluggy<2,>=1.5 (from pytest)
2026-09-04T15:45:02.1106715Z   Downloading pluggy-1.6.0-py3-none-any.whl.metadata (4.8 kB)
2026-09-04T15:45:02.1239264Z Collecting pygments>=2.7.2 (from pytest)
2026-09-04T15:45:02.1278007Z   Downloading pygments-2.21.0-py3-none-any.whl.metadata (2.5 kB)
2026-09-04T15:45:02.1344573Z Downloading pytest-9.1.1-py3-none-any.whl (386 kB)
2026-09-04T15:45:02.1530995Z Downloading pluggy-1.6.0-py3-none-any.whl (20 kB)
2026-09-04T15:45:02.1609082Z Downloading iniconfig-2.3.0-py3-none-any.whl (7.5 kB)
2026-09-04T15:45:02.1676799Z Downloading packaging-26.3-py3-none-any.whl (129 kB)
2026-09-04T15:45:02.1726410Z Downloading pygments-2.21.0-py3-none-any.whl (1.3 MB)
2026-09-04T15:45:02.1832440Z    ââââââââââââââââââââââââââââââââââââââââ 1.3/1.3 MB 153.6 MB/s  0:00:00
2026-09-04T15:45:02.3343661Z Installing collected packages: pygments, pluggy, packaging, iniconfig, pytest
2026-09-04T15:45:03.3029382Z 
2026-09-04T15:45:03.3038174Z Successfully installed iniconfig-2.3.0 packaging-26.3 pluggy-1.6.0 pygments-2.21.0 pytest-9.1.1
2026-09-04T15:45:03.3566200Z ##[group]Run python automation/inject_mutation.py --error-type "AttributeError"
2026-09-04T15:45:03.3566871Z [36;1mpython automation/inject_mutation.py --error-type "AttributeError"[0m
2026-09-04T15:45:03.3606401Z shell: /usr/bin/bash -e {0}
2026-09-04T15:45:03.3606673Z env:
2026-09-04T15:45:03.3606966Z   pythonLocation: /opt/hostedtoolcache/Python/3.11.16/x64
2026-09-04T15:45:03.3607654Z   PKG_CONFIG_PATH: /opt/hostedtoolcache/Python/3.11.16/x64/lib/pkgconfig
2026-09-04T15:45:03.3608095Z   Python_ROOT_DIR: /opt/hostedtoolcache/Python/3.11.16/x64
2026-09-04T15:45:03.3608501Z   Python2_ROOT_DIR: /opt/hostedtoolcache/Python/3.11.16/x64
2026-09-04T15:45:03.3609244Z   Python3_ROOT_DIR: /opt/hostedtoolcache/Python/3.11.16/x64
2026-09-04T15:45:03.3609673Z   LD_LIBRARY_PATH: /opt/hostedtoolcache/Python/3.11.16/x64/lib
2026-09-04T15:45:03.3610050Z ##[endgroup]
2026-09-04T15:45:03.3909431Z [Mutation Injected] Successfully injected AttributeError into tests/test_app.py
2026-09-04T15:45:03.3977362Z ##[group]Run pytest tests/test_app.py -v
2026-09-04T15:45:03.3977745Z [36;1mpytest tests/test_app.py -v[0m
2026-09-04T15:45:03.4012747Z shell: /usr/bin/bash -e {0}
2026-09-04T15:45:03.4013000Z env:
2026-09-04T15:45:03.4013276Z   pythonLocation: /opt/hostedtoolcache/Python/3.11.16/x64
2026-09-04T15:45:03.4013723Z   PKG_CONFIG_PATH: /opt/hostedtoolcache/Python/3.11.16/x64/lib/pkgconfig
2026-09-04T15:45:03.4014193Z   Python_ROOT_DIR: /opt/hostedtoolcache/Python/3.11.16/x64
2026-09-04T15:45:03.4014600Z   Python2_ROOT_DIR: /opt/hostedtoolcache/Python/3.11.16/x64
2026-09-04T15:45:03.4014998Z   Python3_ROOT_DIR: /opt/hostedtoolcache/Python/3.11.16/x64
2026-09-04T15:45:03.4015404Z   LD_LIBRARY_PATH: /opt/hostedtoolcache/Python/3.11.16/x64/lib
2026-09-04T15:45:03.4015738Z ##[endgroup]
2026-09-04T15:45:03.7898386Z ============================= test session starts ==============================
2026-09-04T15:45:03.7900411Z platform linux -- Python 3.11.16, pytest-9.1.1, pluggy-1.6.0 -- /opt/hostedtoolcache/Python/3.11.16/x64/bin/python
2026-09-04T15:45:03.7901946Z cachedir: .pytest_cache
2026-09-04T15:45:03.7902686Z rootdir: /home/runner/work/log-generation/log-generation
2026-09-04T15:45:03.7903484Z configfile: pytest.ini
2026-09-04T15:45:03.7986341Z collecting ... collected 6 items
2026-09-04T15:45:03.7986901Z 
2026-09-04T15:45:03.7995926Z tests/test_app.py::test_calculate_division PASSED                        [ 16%]
2026-09-04T15:45:03.8003732Z tests/test_app.py::test_convert_to_int PASSED                            [ 33%]
2026-09-04T15:45:03.8011855Z tests/test_app.py::test_get_list_item PASSED                             [ 50%]
2026-09-04T15:45:03.8019690Z tests/test_app.py::test_get_dict_value PASSED                            [ 66%]
2026-09-04T15:45:03.8027445Z tests/test_app.py::test_assert_positive PASSED                           [ 83%]
2026-09-04T15:45:03.8312310Z tests/test_app.py::test_attribute_error FAILED                           [100%]
2026-09-04T15:45:03.8313039Z 
2026-09-04T15:45:03.8313374Z =================================== FAILURES ===================================
2026-09-04T15:45:03.8314078Z _____________________________ test_attribute_error _____________________________
2026-09-04T15:45:03.8314480Z 
2026-09-04T15:45:03.8314616Z     def test_attribute_error():
2026-09-04T15:45:03.8314997Z         """Injected synthetic AttributeError."""
2026-09-04T15:45:03.8315468Z         from src.app import get_object_attribute
2026-09-04T15:45:03.8315896Z >       get_object_attribute(object())
2026-09-04T15:45:03.8316154Z 
2026-09-04T15:45:03.8316297Z tests/test_app.py:133: 
2026-09-04T15:45:03.8316691Z _ _ _ _ _ _ _ _ _ _ _ _ _ _ _ _ _ _ _ _ _ _ _ _ _ _ _ _ _ _ _ _ _ _ _ _ _ _ _ _ 
2026-09-04T15:45:03.8317046Z 
2026-09-04T15:45:03.8317194Z obj = <object object at 0x7f5b7d985370>
2026-09-04T15:45:03.8317472Z 
2026-09-04T15:45:03.8317613Z     def get_object_attribute(obj):
2026-09-04T15:45:03.8317994Z >       return obj.non_existent_attribute
2026-09-04T15:45:03.8318372Z                ^^^^^^^^^^^^^^^^^^^^^^^^^^
2026-09-04T15:45:03.8319204Z E       AttributeError: 'object' object has no attribute 'non_existent_attribute'
2026-09-04T15:45:03.8319676Z 
2026-09-04T15:45:03.8319830Z src/app.py:14: AttributeError
2026-09-04T15:45:03.8320270Z =========================== short test summary info ============================
2026-09-04T15:45:03.8321197Z FAILED tests/test_app.py::test_attribute_error - AttributeError: 'object' object has no attribute 'non_existent_attribute'
2026-09-04T15:45:03.8322447Z ========================= 1 failed, 5 passed in 0.03s ==========================
2026-09-04T15:45:03.8505318Z ##[error]Process completed with exit code 1.
2026-09-04T15:45:03.8651260Z Node 20 is being deprecated. This workflow is running with Node 24 by default. If you need to temporarily use Node 20, you can set the ACTIONS_ALLOW_USE_UNSECURE_NODE_VERSION=true environment variable. For more information see: https://github.blog/changelog/2025-09-19-deprecation-of-node-20-on-github-actions-runners/
2026-09-04T15:45:03.8652534Z Post job cleanup.
2026-09-04T15:45:03.9516102Z [command]/usr/bin/git version
2026-09-04T15:45:03.9569862Z git version 2.55.0
2026-09-04T15:45:03.9608316Z Temporarily overriding HOME='/home/runner/work/_temp/f68b0f46-d5dc-41e5-b2a1-ddb6f578c819' before making global git config changes
2026-09-04T15:45:03.9610181Z Adding repository directory to the temporary git global config as a safe directory
2026-09-04T15:45:03.9615346Z [command]/usr/bin/git config --global --add safe.directory /home/runner/work/log-generation/log-generation
2026-09-04T15:45:03.9657302Z [command]/usr/bin/git config --local --name-only --get-regexp core\.sshCommand
2026-09-04T15:45:03.9693120Z [command]/usr/bin/git submodule foreach --recursive sh -c "git config --local --name-only --get-regexp 'core\.sshCommand' && git config --local --unset-all 'core.sshCommand' || :"
2026-09-04T15:45:03.9956510Z [command]/usr/bin/git config --local --name-only --get-regexp http\.https\:\/\/github\.com\/\.extraheader
2026-09-04T15:45:03.9985158Z http.https://github.com/.extraheader
2026-09-04T15:45:03.9997674Z [command]/usr/bin/git config --local --unset-all http.https://github.com/.extraheader
2026-09-04T15:45:04.0044192Z [command]/usr/bin/git submodule foreach --recursive sh -c "git config --local --name-only --get-regexp 'http\.https\:\/\/github\.com\/\.extraheader' && git config --local --unset-all 'http.https://github.com/.extraheader' || :"
2026-09-04T15:45:04.0326080Z [command]/usr/bin/git config --local --name-only --get-regexp ^includeIf\.gitdir:
2026-09-04T15:45:04.0367757Z [command]/usr/bin/git submodule foreach --recursive git config --local --show-origin --name-only --get-regexp remote.origin.url
2026-09-04T15:45:04.0773863Z Cleaning up orphan processes
2026-09-04T15:45:04.1044147Z ##[warning]Node.js 20 is deprecated. The following actions target Node.js 20 but are being forced to run on Node.js 24: actions/checkout@v4, actions/setup-python@v5. For more information see: https://github.blog/changelog/2025-09-19-deprecation-of-node-20-on-github-actions-runners/
