ï»¿2026-09-04T11:28:53.6763978Z Current runner version: '2.337.0'
2026-09-04T11:28:53.6789909Z ##[group]Runner Image Provisioner
2026-09-04T11:28:53.6790862Z Hosted Compute Agent
2026-09-04T11:28:53.6791473Z Version: 20260828.587
2026-09-04T11:28:53.6792169Z Commit: abac92662cab4cc7352de4f9f9d2e2419aad9c29
2026-09-04T11:28:53.6793166Z Build Date: 2026-08-28T16:44:25Z
2026-09-04T11:28:53.6793939Z Worker ID: {ea159409-3f15-420a-a0ea-174ec81efd9c}
2026-09-04T11:28:53.6794719Z Azure Region: westus
2026-09-04T11:28:53.6795288Z ##[endgroup]
2026-09-04T11:28:53.6797244Z ##[group]Operating System
2026-09-04T11:28:53.6797969Z Ubuntu
2026-09-04T11:28:53.6798480Z 24.04.4
2026-09-04T11:28:53.6799108Z LTS
2026-09-04T11:28:53.6799624Z ##[endgroup]
2026-09-04T11:28:53.6800591Z ##[group]Runner Image
2026-09-04T11:28:53.6801221Z Image: ubuntu-24.04
2026-09-04T11:28:53.6801908Z Version: 20260831.293.1
2026-09-04T11:28:53.6803421Z Included Software: https://github.com/actions/runner-images/blob/ubuntu24/20260831.293/images/ubuntu/Ubuntu2404-Readme.md
2026-09-04T11:28:53.6805120Z Image Release: https://github.com/actions/runner-images/releases/tag/ubuntu24%2F20260831.293
2026-09-04T11:28:53.6806151Z ##[endgroup]
2026-09-04T11:28:53.6807442Z ##[group]GITHUB_TOKEN Permissions
2026-09-04T11:28:53.6809654Z Contents: read
2026-09-04T11:28:53.6810324Z Metadata: read
2026-09-04T11:28:53.6810911Z Packages: read
2026-09-04T11:28:53.6811513Z ##[endgroup]
2026-09-04T11:28:53.6813969Z Secret source: Actions
2026-09-04T11:28:53.6815422Z Prepare workflow directory
2026-09-04T11:28:53.7197901Z Prepare all required actions
2026-09-04T11:28:53.7247235Z Getting action download info
2026-09-04T11:28:54.0532214Z Download action repository 'actions/checkout@v4' (SHA:11d5960a326750d5838078e36cf38b85af677262)
2026-09-04T11:28:54.1875448Z Download action repository 'actions/setup-python@v5' (SHA:a26af69be951a213d495a4c3e4e4022e16d87065)
2026-09-04T11:28:54.3718833Z Complete job name: test-f3 (KeyError #111)
2026-09-04T11:28:54.4533339Z Node 20 is being deprecated. This workflow is running with Node 24 by default. If you need to temporarily use Node 20, you can set the ACTIONS_ALLOW_USE_UNSECURE_NODE_VERSION=true environment variable. For more information see: https://github.blog/changelog/2025-09-19-deprecation-of-node-20-on-github-actions-runners/
2026-09-04T11:28:54.4542464Z ##[group]Run actions/checkout@v4
2026-09-04T11:28:54.4543575Z with:
2026-09-04T11:28:54.4544017Z   fetch-depth: 1
2026-09-04T11:28:54.4544509Z   repository: DhruvHegde/log-generation
2026-09-04T11:28:54.4548451Z   token: ***
2026-09-04T11:28:54.4548882Z   ssh-strict: true
2026-09-04T11:28:54.4549321Z   ssh-user: git
2026-09-04T11:28:54.4549768Z   persist-credentials: true
2026-09-04T11:28:54.4550262Z   clean: true
2026-09-04T11:28:54.4550714Z   sparse-checkout-cone-mode: true
2026-09-04T11:28:54.4551240Z   fetch-tags: false
2026-09-04T11:28:54.4551684Z   show-progress: true
2026-09-04T11:28:54.4552129Z   lfs: false
2026-09-04T11:28:54.4552903Z   submodules: false
2026-09-04T11:28:54.4553556Z   set-safe-directory: true
2026-09-04T11:28:54.4554120Z   allow-unsafe-pr-checkout: false
2026-09-04T11:28:54.4555053Z ##[endgroup]
2026-09-04T11:28:54.5598560Z Syncing repository: DhruvHegde/log-generation
2026-09-04T11:28:54.5601451Z ##[group]Getting Git version info
2026-09-04T11:28:54.5603079Z Working directory is '/home/runner/work/log-generation/log-generation'
2026-09-04T11:28:54.5605040Z [command]/usr/bin/git version
2026-09-04T11:28:54.5686845Z git version 2.55.0
2026-09-04T11:28:54.5721993Z ##[endgroup]
2026-09-04T11:28:54.5730655Z Temporarily overriding HOME='/home/runner/work/_temp/a03f1e9f-d5dd-4687-8b4c-58f8c4a8d539' before making global git config changes
2026-09-04T11:28:54.5733484Z Adding repository directory to the temporary git global config as a safe directory
2026-09-04T11:28:54.5735676Z [command]/usr/bin/git config --global --add safe.directory /home/runner/work/log-generation/log-generation
2026-09-04T11:28:54.5790449Z Deleting the contents of '/home/runner/work/log-generation/log-generation'
2026-09-04T11:28:54.5795809Z ##[group]Initializing the repository
2026-09-04T11:28:54.5801686Z [command]/usr/bin/git init /home/runner/work/log-generation/log-generation
2026-09-04T11:28:54.5919935Z hint: Using 'master' as the name for the initial branch. This default branch name
2026-09-04T11:28:54.5921330Z hint: will change to "main" in Git 3.0. To configure the initial branch name
2026-09-04T11:28:54.5922406Z hint: to use in all of your new repositories, which will suppress this warning,
2026-09-04T11:28:54.5923700Z hint: call:
2026-09-04T11:28:54.5924156Z hint:
2026-09-04T11:28:54.5924737Z hint: 	git config --global init.defaultBranch <name>
2026-09-04T11:28:54.5925442Z hint:
2026-09-04T11:28:54.5926096Z hint: Names commonly chosen instead of 'master' are 'main', 'trunk' and
2026-09-04T11:28:54.5927288Z hint: 'development'. The just-created branch can be renamed via this command:
2026-09-04T11:28:54.5928078Z hint:
2026-09-04T11:28:54.5928550Z hint: 	git branch -m <name>
2026-09-04T11:28:54.5929046Z hint:
2026-09-04T11:28:54.5929716Z hint: Disable this message with "git config set advice.defaultBranchName false"
2026-09-04T11:28:54.5936135Z Initialized empty Git repository in /home/runner/work/log-generation/log-generation/.git/
2026-09-04T11:28:54.5947880Z [command]/usr/bin/git remote add origin https://github.com/DhruvHegde/log-generation
2026-09-04T11:28:54.6005110Z ##[endgroup]
2026-09-04T11:28:54.6006329Z ##[group]Disabling automatic garbage collection
2026-09-04T11:28:54.6009526Z [command]/usr/bin/git config --local gc.auto 0
2026-09-04T11:28:54.6045726Z ##[endgroup]
2026-09-04T11:28:54.6047755Z ##[group]Setting up auth
2026-09-04T11:28:54.6054476Z [command]/usr/bin/git config --local --name-only --get-regexp core\.sshCommand
2026-09-04T11:28:54.6090016Z [command]/usr/bin/git submodule foreach --recursive sh -c "git config --local --name-only --get-regexp 'core\.sshCommand' && git config --local --unset-all 'core.sshCommand' || :"
2026-09-04T11:28:54.6555331Z [command]/usr/bin/git config --local --name-only --get-regexp http\.https\:\/\/github\.com\/\.extraheader
2026-09-04T11:28:54.6595617Z [command]/usr/bin/git submodule foreach --recursive sh -c "git config --local --name-only --get-regexp 'http\.https\:\/\/github\.com\/\.extraheader' && git config --local --unset-all 'http.https://github.com/.extraheader' || :"
2026-09-04T11:28:54.6832485Z [command]/usr/bin/git config --local --name-only --get-regexp ^includeIf\.gitdir:
2026-09-04T11:28:54.6871489Z [command]/usr/bin/git submodule foreach --recursive git config --local --show-origin --name-only --get-regexp remote.origin.url
2026-09-04T11:28:54.7104698Z [command]/usr/bin/git config --local http.https://github.com/.extraheader AUTHORIZATION: basic ***
2026-09-04T11:28:54.7147204Z ##[endgroup]
2026-09-04T11:28:54.7148157Z ##[group]Fetching the repository
2026-09-04T11:28:54.7157474Z [command]/usr/bin/git -c protocol.version=2 fetch --no-tags --prune --no-recurse-submodules --depth=1 origin +0c2ddc82b3a248827557edda9affcd6927945898:refs/remotes/origin/feature/f3-test-failures
2026-09-04T11:28:55.1207721Z From https://github.com/DhruvHegde/log-generation
2026-09-04T11:28:55.1209327Z  * [new ref]         0c2ddc82b3a248827557edda9affcd6927945898 -> origin/feature/f3-test-failures
2026-09-04T11:28:55.1222226Z ##[endgroup]
2026-09-04T11:28:55.1224655Z ##[group]Determining the checkout info
2026-09-04T11:28:55.1225911Z ##[endgroup]
2026-09-04T11:28:55.1226560Z [command]/usr/bin/git sparse-checkout disable
2026-09-04T11:28:55.1274676Z [command]/usr/bin/git config --local --unset-all extensions.worktreeConfig
2026-09-04T11:28:55.1308399Z ##[group]Checking out the ref
2026-09-04T11:28:55.1313436Z [command]/usr/bin/git checkout --progress --force -B feature/f3-test-failures refs/remotes/origin/feature/f3-test-failures
2026-09-04T11:28:55.1393245Z Switched to a new branch 'feature/f3-test-failures'
2026-09-04T11:28:55.1399169Z branch 'feature/f3-test-failures' set up to track 'origin/feature/f3-test-failures'.
2026-09-04T11:28:55.1404802Z ##[endgroup]
2026-09-04T11:28:55.1450632Z [command]/usr/bin/git log -1 --format=%H
2026-09-04T11:28:55.1479343Z 0c2ddc82b3a248827557edda9affcd6927945898
2026-09-04T11:28:55.1771145Z Node 20 is being deprecated. This workflow is running with Node 24 by default. If you need to temporarily use Node 20, you can set the ACTIONS_ALLOW_USE_UNSECURE_NODE_VERSION=true environment variable. For more information see: https://github.blog/changelog/2025-09-19-deprecation-of-node-20-on-github-actions-runners/
2026-09-04T11:28:55.1774789Z ##[group]Run actions/setup-python@v5
2026-09-04T11:28:55.1775415Z with:
2026-09-04T11:28:55.1775880Z   python-version: 3.11
2026-09-04T11:28:55.1776405Z   check-latest: false
2026-09-04T11:28:55.1780358Z   token: ***
2026-09-04T11:28:55.1780858Z   update-environment: true
2026-09-04T11:28:55.1781412Z   allow-prereleases: false
2026-09-04T11:28:55.1781963Z   freethreaded: false
2026-09-04T11:28:55.1782457Z ##[endgroup]
2026-09-04T11:28:55.3172106Z ##[group]Installed versions
2026-09-04T11:28:55.3297131Z (node:2259) [DEP0040] DeprecationWarning: The `punycode` module is deprecated. Please use a userland alternative instead.
2026-09-04T11:28:55.3299718Z (Use `node --trace-deprecation ...` to show where the warning was created)
2026-09-04T11:28:55.3301142Z Successfully set up CPython (3.11.16)
2026-09-04T11:28:55.3314647Z ##[endgroup]
2026-09-04T11:28:55.3467922Z ##[group]Run pip install --no-cache-dir pytest
2026-09-04T11:28:55.3468887Z [36;1mpip install --no-cache-dir pytest[0m
2026-09-04T11:28:55.3525197Z shell: /usr/bin/bash -e {0}
2026-09-04T11:28:55.3526226Z env:
2026-09-04T11:28:55.3527277Z   pythonLocation: /opt/hostedtoolcache/Python/3.11.16/x64
2026-09-04T11:28:55.3529030Z   PKG_CONFIG_PATH: /opt/hostedtoolcache/Python/3.11.16/x64/lib/pkgconfig
2026-09-04T11:28:55.3530772Z   Python_ROOT_DIR: /opt/hostedtoolcache/Python/3.11.16/x64
2026-09-04T11:28:55.3532228Z   Python2_ROOT_DIR: /opt/hostedtoolcache/Python/3.11.16/x64
2026-09-04T11:28:55.3534026Z   Python3_ROOT_DIR: /opt/hostedtoolcache/Python/3.11.16/x64
2026-09-04T11:28:55.3655261Z   LD_LIBRARY_PATH: /opt/hostedtoolcache/Python/3.11.16/x64/lib
2026-09-04T11:28:55.3656368Z ##[endgroup]
2026-09-04T11:28:56.2174087Z Collecting pytest
2026-09-04T11:28:56.3182336Z   Downloading pytest-9.1.1-py3-none-any.whl.metadata (7.6 kB)
2026-09-04T11:28:56.3267953Z Collecting iniconfig>=1.0.1 (from pytest)
2026-09-04T11:28:56.3478467Z   Downloading iniconfig-2.3.0-py3-none-any.whl.metadata (2.5 kB)
2026-09-04T11:28:56.3596614Z Collecting packaging>=22 (from pytest)
2026-09-04T11:28:56.3808353Z   Downloading packaging-26.3-py3-none-any.whl.metadata (3.5 kB)
2026-09-04T11:28:56.3890372Z Collecting pluggy<2,>=1.5 (from pytest)
2026-09-04T11:28:56.4097892Z   Downloading pluggy-1.6.0-py3-none-any.whl.metadata (4.8 kB)
2026-09-04T11:28:56.4234572Z Collecting pygments>=2.7.2 (from pytest)
2026-09-04T11:28:56.4445209Z   Downloading pygments-2.21.0-py3-none-any.whl.metadata (2.5 kB)
2026-09-04T11:28:56.4685149Z Downloading pytest-9.1.1-py3-none-any.whl (386 kB)
2026-09-04T11:28:56.5658688Z Downloading pluggy-1.6.0-py3-none-any.whl (20 kB)
2026-09-04T11:28:56.5870635Z Downloading iniconfig-2.3.0-py3-none-any.whl (7.5 kB)
2026-09-04T11:28:56.6079633Z Downloading packaging-26.3-py3-none-any.whl (129 kB)
2026-09-04T11:28:56.6308528Z Downloading pygments-2.21.0-py3-none-any.whl (1.3 MB)
2026-09-04T11:28:56.6914626Z    ââââââââââââââââââââââââââââââââââââââââ 1.3/1.3 MB 18.9 MB/s  0:00:00
2026-09-04T11:28:56.7610617Z Installing collected packages: pygments, pluggy, packaging, iniconfig, pytest
2026-09-04T11:28:57.7625151Z 
2026-09-04T11:28:57.7634286Z Successfully installed iniconfig-2.3.0 packaging-26.3 pluggy-1.6.0 pygments-2.21.0 pytest-9.1.1
2026-09-04T11:28:57.8176106Z ##[group]Run python automation/inject_mutation.py --error-type "KeyError"
2026-09-04T11:28:57.8176713Z [36;1mpython automation/inject_mutation.py --error-type "KeyError"[0m
2026-09-04T11:28:57.8215332Z shell: /usr/bin/bash -e {0}
2026-09-04T11:28:57.8215595Z env:
2026-09-04T11:28:57.8215877Z   pythonLocation: /opt/hostedtoolcache/Python/3.11.16/x64
2026-09-04T11:28:57.8216568Z   PKG_CONFIG_PATH: /opt/hostedtoolcache/Python/3.11.16/x64/lib/pkgconfig
2026-09-04T11:28:57.8217013Z   Python_ROOT_DIR: /opt/hostedtoolcache/Python/3.11.16/x64
2026-09-04T11:28:57.8217416Z   Python2_ROOT_DIR: /opt/hostedtoolcache/Python/3.11.16/x64
2026-09-04T11:28:57.8217821Z   Python3_ROOT_DIR: /opt/hostedtoolcache/Python/3.11.16/x64
2026-09-04T11:28:57.8218212Z   LD_LIBRARY_PATH: /opt/hostedtoolcache/Python/3.11.16/x64/lib
2026-09-04T11:28:57.8218565Z ##[endgroup]
2026-09-04T11:28:57.8517633Z [Mutation Injected] Successfully injected KeyError into tests/test_app.py
2026-09-04T11:28:57.8591148Z ##[group]Run pytest tests/test_app.py -v
2026-09-04T11:28:57.8591539Z [36;1mpytest tests/test_app.py -v[0m
2026-09-04T11:28:57.8629831Z shell: /usr/bin/bash -e {0}
2026-09-04T11:28:57.8630099Z env:
2026-09-04T11:28:57.8630374Z   pythonLocation: /opt/hostedtoolcache/Python/3.11.16/x64
2026-09-04T11:28:57.8630828Z   PKG_CONFIG_PATH: /opt/hostedtoolcache/Python/3.11.16/x64/lib/pkgconfig
2026-09-04T11:28:57.8631284Z   Python_ROOT_DIR: /opt/hostedtoolcache/Python/3.11.16/x64
2026-09-04T11:28:57.8631668Z   Python2_ROOT_DIR: /opt/hostedtoolcache/Python/3.11.16/x64
2026-09-04T11:28:57.8632065Z   Python3_ROOT_DIR: /opt/hostedtoolcache/Python/3.11.16/x64
2026-09-04T11:28:57.8632481Z   LD_LIBRARY_PATH: /opt/hostedtoolcache/Python/3.11.16/x64/lib
2026-09-04T11:28:57.8633065Z ##[endgroup]
2026-09-04T11:28:58.3315922Z ============================= test session starts ==============================
2026-09-04T11:28:58.3317323Z platform linux -- Python 3.11.16, pytest-9.1.1, pluggy-1.6.0 -- /opt/hostedtoolcache/Python/3.11.16/x64/bin/python
2026-09-04T11:28:58.3318327Z cachedir: .pytest_cache
2026-09-04T11:28:58.3318898Z rootdir: /home/runner/work/log-generation/log-generation
2026-09-04T11:28:58.3319525Z configfile: pytest.ini
2026-09-04T11:28:58.3406214Z collecting ... collected 6 items
2026-09-04T11:28:58.3406860Z 
2026-09-04T11:28:58.3414897Z tests/test_app.py::test_calculate_division PASSED                        [ 16%]
2026-09-04T11:28:58.3422847Z tests/test_app.py::test_convert_to_int PASSED                            [ 33%]
2026-09-04T11:28:58.3430516Z tests/test_app.py::test_get_list_item PASSED                             [ 50%]
2026-09-04T11:28:58.3438028Z tests/test_app.py::test_get_dict_value PASSED                            [ 66%]
2026-09-04T11:28:58.3445867Z tests/test_app.py::test_assert_positive PASSED                           [ 83%]
2026-09-04T11:28:58.3726388Z tests/test_app.py::test_key_error FAILED                                 [100%]
2026-09-04T11:28:58.3727275Z 
2026-09-04T11:28:58.3727753Z =================================== FAILURES ===================================
2026-09-04T11:28:58.3728515Z ________________________________ test_key_error ________________________________
2026-09-04T11:28:58.3729010Z 
2026-09-04T11:28:58.3729318Z     def test_key_error():
2026-09-04T11:28:58.3729757Z         """Injected synthetic KeyError."""
2026-09-04T11:28:58.3730377Z         from src.app import get_dict_value
2026-09-04T11:28:58.3731079Z         config = {"env": "staging", "retries": 3}
2026-09-04T11:28:58.3731825Z >       get_dict_value(config, "missing_auth_token")
2026-09-04T11:28:58.3732349Z 
2026-09-04T11:28:58.3732941Z tests/test_app.py:132: 
2026-09-04T11:28:58.3733485Z _ _ _ _ _ _ _ _ _ _ _ _ _ _ _ _ _ _ _ _ _ _ _ _ _ _ _ _ _ _ _ _ _ _ _ _ _ _ _ _ 
2026-09-04T11:28:58.3733942Z 
2026-09-04T11:28:58.3734239Z d = {'env': 'staging', 'retries': 3}, key = 'missing_auth_token'
2026-09-04T11:28:58.3734691Z 
2026-09-04T11:28:58.3734880Z     def get_dict_value(d, key):
2026-09-04T11:28:58.3735312Z >       return d[key]
2026-09-04T11:28:58.3735725Z                ^^^^^^
2026-09-04T11:28:58.3736157Z E       KeyError: 'missing_auth_token'
2026-09-04T11:28:58.3736517Z 
2026-09-04T11:28:58.3736690Z src/app.py:11: KeyError
2026-09-04T11:28:58.3737226Z =========================== short test summary info ============================
2026-09-04T11:28:58.3738107Z FAILED tests/test_app.py::test_key_error - KeyError: 'missing_auth_token'
2026-09-04T11:28:58.3739434Z ========================= 1 failed, 5 passed in 0.03s ==========================
2026-09-04T11:28:58.3925929Z ##[error]Process completed with exit code 1.
2026-09-04T11:28:58.4071147Z Node 20 is being deprecated. This workflow is running with Node 24 by default. If you need to temporarily use Node 20, you can set the ACTIONS_ALLOW_USE_UNSECURE_NODE_VERSION=true environment variable. For more information see: https://github.blog/changelog/2025-09-19-deprecation-of-node-20-on-github-actions-runners/
2026-09-04T11:28:58.4072429Z Post job cleanup.
2026-09-04T11:28:58.4955262Z [command]/usr/bin/git version
2026-09-04T11:28:58.5012386Z git version 2.55.0
2026-09-04T11:28:58.5055008Z Temporarily overriding HOME='/home/runner/work/_temp/d41d260f-91a3-480f-b405-e9e7cb4c2abf' before making global git config changes
2026-09-04T11:28:58.5056416Z Adding repository directory to the temporary git global config as a safe directory
2026-09-04T11:28:58.5061407Z [command]/usr/bin/git config --global --add safe.directory /home/runner/work/log-generation/log-generation
2026-09-04T11:28:58.5107904Z [command]/usr/bin/git config --local --name-only --get-regexp core\.sshCommand
2026-09-04T11:28:58.5149777Z [command]/usr/bin/git submodule foreach --recursive sh -c "git config --local --name-only --get-regexp 'core\.sshCommand' && git config --local --unset-all 'core.sshCommand' || :"
2026-09-04T11:28:58.5414681Z [command]/usr/bin/git config --local --name-only --get-regexp http\.https\:\/\/github\.com\/\.extraheader
2026-09-04T11:28:58.5446695Z http.https://github.com/.extraheader
2026-09-04T11:28:58.5459368Z [command]/usr/bin/git config --local --unset-all http.https://github.com/.extraheader
2026-09-04T11:28:58.5497112Z [command]/usr/bin/git submodule foreach --recursive sh -c "git config --local --name-only --get-regexp 'http\.https\:\/\/github\.com\/\.extraheader' && git config --local --unset-all 'http.https://github.com/.extraheader' || :"
2026-09-04T11:28:58.5773568Z [command]/usr/bin/git config --local --name-only --get-regexp ^includeIf\.gitdir:
2026-09-04T11:28:58.5820999Z [command]/usr/bin/git submodule foreach --recursive git config --local --show-origin --name-only --get-regexp remote.origin.url
2026-09-04T11:28:58.6245559Z Cleaning up orphan processes
2026-09-04T11:28:58.6535630Z ##[warning]Node.js 20 is deprecated. The following actions target Node.js 20 but are being forced to run on Node.js 24: actions/checkout@v4, actions/setup-python@v5. For more information see: https://github.blog/changelog/2025-09-19-deprecation-of-node-20-on-github-actions-runners/
