ï»¿2026-09-04T11:28:41.3689452Z Current runner version: '2.337.0'
2026-09-04T11:28:41.3714286Z ##[group]Runner Image Provisioner
2026-09-04T11:28:41.3715148Z Hosted Compute Agent
2026-09-04T11:28:41.3715720Z Version: 20260828.587
2026-09-04T11:28:41.3716498Z Commit: abac92662cab4cc7352de4f9f9d2e2419aad9c29
2026-09-04T11:28:41.3717306Z Build Date: 2026-08-28T16:44:25Z
2026-09-04T11:28:41.3718128Z Worker ID: {f02b638c-b205-440b-b5a9-ba2389f615dd}
2026-09-04T11:28:41.3718902Z Azure Region: westus2
2026-09-04T11:28:41.3719505Z ##[endgroup]
2026-09-04T11:28:41.3721317Z ##[group]Operating System
2026-09-04T11:28:41.3722004Z Ubuntu
2026-09-04T11:28:41.3722831Z 24.04.4
2026-09-04T11:28:41.3723466Z LTS
2026-09-04T11:28:41.3724020Z ##[endgroup]
2026-09-04T11:28:41.3724991Z ##[group]Runner Image
2026-09-04T11:28:41.3725789Z Image: ubuntu-24.04
2026-09-04T11:28:41.3726389Z Version: 20260831.293.1
2026-09-04T11:28:41.3727770Z Included Software: https://github.com/actions/runner-images/blob/ubuntu24/20260831.293/images/ubuntu/Ubuntu2404-Readme.md
2026-09-04T11:28:41.3729396Z Image Release: https://github.com/actions/runner-images/releases/tag/ubuntu24%2F20260831.293
2026-09-04T11:28:41.3730415Z ##[endgroup]
2026-09-04T11:28:41.3731646Z ##[group]GITHUB_TOKEN Permissions
2026-09-04T11:28:41.3734225Z Contents: read
2026-09-04T11:28:41.3734901Z Metadata: read
2026-09-04T11:28:41.3735493Z Packages: read
2026-09-04T11:28:41.3736056Z ##[endgroup]
2026-09-04T11:28:41.3738167Z Secret source: Actions
2026-09-04T11:28:41.3739629Z Prepare workflow directory
2026-09-04T11:28:41.4122178Z Prepare all required actions
2026-09-04T11:28:41.4176440Z Getting action download info
2026-09-04T11:28:41.7501787Z Download action repository 'actions/checkout@v4' (SHA:11d5960a326750d5838078e36cf38b85af677262)
2026-09-04T11:28:41.8506572Z Download action repository 'actions/setup-python@v5' (SHA:a26af69be951a213d495a4c3e4e4022e16d87065)
2026-09-04T11:28:42.2691623Z Complete job name: test-f3 (TypeError #72)
2026-09-04T11:28:42.3458330Z Node 20 is being deprecated. This workflow is running with Node 24 by default. If you need to temporarily use Node 20, you can set the ACTIONS_ALLOW_USE_UNSECURE_NODE_VERSION=true environment variable. For more information see: https://github.blog/changelog/2025-09-19-deprecation-of-node-20-on-github-actions-runners/
2026-09-04T11:28:42.3467491Z ##[group]Run actions/checkout@v4
2026-09-04T11:28:42.3468236Z with:
2026-09-04T11:28:42.3468664Z   fetch-depth: 1
2026-09-04T11:28:42.3469159Z   repository: DhruvHegde/log-generation
2026-09-04T11:28:42.3473186Z   token: ***
2026-09-04T11:28:42.3473628Z   ssh-strict: true
2026-09-04T11:28:42.3474076Z   ssh-user: git
2026-09-04T11:28:42.3474536Z   persist-credentials: true
2026-09-04T11:28:42.3475042Z   clean: true
2026-09-04T11:28:42.3475498Z   sparse-checkout-cone-mode: true
2026-09-04T11:28:42.3476034Z   fetch-tags: false
2026-09-04T11:28:42.3476489Z   show-progress: true
2026-09-04T11:28:42.3476938Z   lfs: false
2026-09-04T11:28:42.3477405Z   submodules: false
2026-09-04T11:28:42.3477867Z   set-safe-directory: true
2026-09-04T11:28:42.3478397Z   allow-unsafe-pr-checkout: false
2026-09-04T11:28:42.3479202Z ##[endgroup]
2026-09-04T11:28:42.4534923Z Syncing repository: DhruvHegde/log-generation
2026-09-04T11:28:42.4537247Z ##[group]Getting Git version info
2026-09-04T11:28:42.4538251Z Working directory is '/home/runner/work/log-generation/log-generation'
2026-09-04T11:28:42.4539535Z [command]/usr/bin/git version
2026-09-04T11:28:42.4599340Z git version 2.55.0
2026-09-04T11:28:42.4623455Z ##[endgroup]
2026-09-04T11:28:42.4640962Z Temporarily overriding HOME='/home/runner/work/_temp/8b72cf0f-2224-4af3-866d-2aa181414cd4' before making global git config changes
2026-09-04T11:28:42.4644042Z Adding repository directory to the temporary git global config as a safe directory
2026-09-04T11:28:42.4649002Z [command]/usr/bin/git config --global --add safe.directory /home/runner/work/log-generation/log-generation
2026-09-04T11:28:42.4703037Z Deleting the contents of '/home/runner/work/log-generation/log-generation'
2026-09-04T11:28:42.4707865Z ##[group]Initializing the repository
2026-09-04T11:28:42.4714294Z [command]/usr/bin/git init /home/runner/work/log-generation/log-generation
2026-09-04T11:28:42.4820623Z hint: Using 'master' as the name for the initial branch. This default branch name
2026-09-04T11:28:42.4827633Z hint: will change to "main" in Git 3.0. To configure the initial branch name
2026-09-04T11:28:42.4829444Z hint: to use in all of your new repositories, which will suppress this warning,
2026-09-04T11:28:42.4830899Z hint: call:
2026-09-04T11:28:42.4831653Z hint:
2026-09-04T11:28:42.4832882Z hint: 	git config --global init.defaultBranch <name>
2026-09-04T11:28:42.4834054Z hint:
2026-09-04T11:28:42.4835064Z hint: Names commonly chosen instead of 'master' are 'main', 'trunk' and
2026-09-04T11:28:42.4836737Z hint: 'development'. The just-created branch can be renamed via this command:
2026-09-04T11:28:42.4838147Z hint:
2026-09-04T11:28:42.4838945Z hint: 	git branch -m <name>
2026-09-04T11:28:42.4839803Z hint:
2026-09-04T11:28:42.4841030Z hint: Disable this message with "git config set advice.defaultBranchName false"
2026-09-04T11:28:42.4843280Z Initialized empty Git repository in /home/runner/work/log-generation/log-generation/.git/
2026-09-04T11:28:42.4851928Z [command]/usr/bin/git remote add origin https://github.com/DhruvHegde/log-generation
2026-09-04T11:28:42.4892962Z ##[endgroup]
2026-09-04T11:28:42.4894562Z ##[group]Disabling automatic garbage collection
2026-09-04T11:28:42.4897551Z [command]/usr/bin/git config --local gc.auto 0
2026-09-04T11:28:42.4931097Z ##[endgroup]
2026-09-04T11:28:42.4933049Z ##[group]Setting up auth
2026-09-04T11:28:42.4939621Z [command]/usr/bin/git config --local --name-only --get-regexp core\.sshCommand
2026-09-04T11:28:42.4984433Z [command]/usr/bin/git submodule foreach --recursive sh -c "git config --local --name-only --get-regexp 'core\.sshCommand' && git config --local --unset-all 'core.sshCommand' || :"
2026-09-04T11:28:42.5350550Z [command]/usr/bin/git config --local --name-only --get-regexp http\.https\:\/\/github\.com\/\.extraheader
2026-09-04T11:28:42.5406957Z [command]/usr/bin/git submodule foreach --recursive sh -c "git config --local --name-only --get-regexp 'http\.https\:\/\/github\.com\/\.extraheader' && git config --local --unset-all 'http.https://github.com/.extraheader' || :"
2026-09-04T11:28:42.5644300Z [command]/usr/bin/git config --local --name-only --get-regexp ^includeIf\.gitdir:
2026-09-04T11:28:42.5683186Z [command]/usr/bin/git submodule foreach --recursive git config --local --show-origin --name-only --get-regexp remote.origin.url
2026-09-04T11:28:42.5910418Z [command]/usr/bin/git config --local http.https://github.com/.extraheader AUTHORIZATION: basic ***
2026-09-04T11:28:42.5948330Z ##[endgroup]
2026-09-04T11:28:42.5958002Z ##[group]Fetching the repository
2026-09-04T11:28:42.5959760Z [command]/usr/bin/git -c protocol.version=2 fetch --no-tags --prune --no-recurse-submodules --depth=1 origin +0c2ddc82b3a248827557edda9affcd6927945898:refs/remotes/origin/feature/f3-test-failures
2026-09-04T11:28:42.9716627Z From https://github.com/DhruvHegde/log-generation
2026-09-04T11:28:42.9718520Z  * [new ref]         0c2ddc82b3a248827557edda9affcd6927945898 -> origin/feature/f3-test-failures
2026-09-04T11:28:42.9722138Z ##[endgroup]
2026-09-04T11:28:42.9723820Z ##[group]Determining the checkout info
2026-09-04T11:28:42.9726240Z ##[endgroup]
2026-09-04T11:28:42.9734671Z [command]/usr/bin/git sparse-checkout disable
2026-09-04T11:28:42.9786340Z [command]/usr/bin/git config --local --unset-all extensions.worktreeConfig
2026-09-04T11:28:42.9818511Z ##[group]Checking out the ref
2026-09-04T11:28:42.9824460Z [command]/usr/bin/git checkout --progress --force -B feature/f3-test-failures refs/remotes/origin/feature/f3-test-failures
2026-09-04T11:28:42.9902101Z Switched to a new branch 'feature/f3-test-failures'
2026-09-04T11:28:42.9908500Z branch 'feature/f3-test-failures' set up to track 'origin/feature/f3-test-failures'.
2026-09-04T11:28:42.9913303Z ##[endgroup]
2026-09-04T11:28:42.9955268Z [command]/usr/bin/git log -1 --format=%H
2026-09-04T11:28:42.9981414Z 0c2ddc82b3a248827557edda9affcd6927945898
2026-09-04T11:28:43.0249398Z Node 20 is being deprecated. This workflow is running with Node 24 by default. If you need to temporarily use Node 20, you can set the ACTIONS_ALLOW_USE_UNSECURE_NODE_VERSION=true environment variable. For more information see: https://github.blog/changelog/2025-09-19-deprecation-of-node-20-on-github-actions-runners/
2026-09-04T11:28:43.0252299Z ##[group]Run actions/setup-python@v5
2026-09-04T11:28:43.0253145Z with:
2026-09-04T11:28:43.0253570Z   python-version: 3.11
2026-09-04T11:28:43.0254042Z   check-latest: false
2026-09-04T11:28:43.0257637Z   token: ***
2026-09-04T11:28:43.0258070Z   update-environment: true
2026-09-04T11:28:43.0258569Z   allow-prereleases: false
2026-09-04T11:28:43.0259119Z   freethreaded: false
2026-09-04T11:28:43.0259623Z ##[endgroup]
2026-09-04T11:28:43.1587312Z ##[group]Installed versions
2026-09-04T11:28:43.1685390Z (node:2229) [DEP0040] DeprecationWarning: The `punycode` module is deprecated. Please use a userland alternative instead.
2026-09-04T11:28:43.1687583Z (Use `node --trace-deprecation ...` to show where the warning was created)
2026-09-04T11:28:43.1688947Z Successfully set up CPython (3.11.16)
2026-09-04T11:28:43.1690696Z ##[endgroup]
2026-09-04T11:28:43.1859100Z ##[group]Run pip install --no-cache-dir pytest
2026-09-04T11:28:43.1859889Z [36;1mpip install --no-cache-dir pytest[0m
2026-09-04T11:28:43.1912431Z shell: /usr/bin/bash -e {0}
2026-09-04T11:28:43.1913333Z env:
2026-09-04T11:28:43.1913874Z   pythonLocation: /opt/hostedtoolcache/Python/3.11.16/x64
2026-09-04T11:28:43.1914752Z   PKG_CONFIG_PATH: /opt/hostedtoolcache/Python/3.11.16/x64/lib/pkgconfig
2026-09-04T11:28:43.1915621Z   Python_ROOT_DIR: /opt/hostedtoolcache/Python/3.11.16/x64
2026-09-04T11:28:43.1916405Z   Python2_ROOT_DIR: /opt/hostedtoolcache/Python/3.11.16/x64
2026-09-04T11:28:43.1917177Z   Python3_ROOT_DIR: /opt/hostedtoolcache/Python/3.11.16/x64
2026-09-04T11:28:43.1917953Z   LD_LIBRARY_PATH: /opt/hostedtoolcache/Python/3.11.16/x64/lib
2026-09-04T11:28:43.1918638Z ##[endgroup]
2026-09-04T11:28:47.7740719Z Collecting pytest
2026-09-04T11:28:47.8328289Z   Downloading pytest-9.1.1-py3-none-any.whl.metadata (7.6 kB)
2026-09-04T11:28:47.8448775Z Collecting iniconfig>=1.0.1 (from pytest)
2026-09-04T11:28:47.8522482Z   Downloading iniconfig-2.3.0-py3-none-any.whl.metadata (2.5 kB)
2026-09-04T11:28:47.8665058Z Collecting packaging>=22 (from pytest)
2026-09-04T11:28:47.8736677Z   Downloading packaging-26.3-py3-none-any.whl.metadata (3.5 kB)
2026-09-04T11:28:47.8854462Z Collecting pluggy<2,>=1.5 (from pytest)
2026-09-04T11:28:47.8926316Z   Downloading pluggy-1.6.0-py3-none-any.whl.metadata (4.8 kB)
2026-09-04T11:28:47.9104364Z Collecting pygments>=2.7.2 (from pytest)
2026-09-04T11:28:47.9178089Z   Downloading pygments-2.21.0-py3-none-any.whl.metadata (2.5 kB)
2026-09-04T11:28:47.9276041Z Downloading pytest-9.1.1-py3-none-any.whl (386 kB)
2026-09-04T11:28:47.9666596Z Downloading pluggy-1.6.0-py3-none-any.whl (20 kB)
2026-09-04T11:28:47.9739413Z Downloading iniconfig-2.3.0-py3-none-any.whl (7.5 kB)
2026-09-04T11:28:47.9811851Z Downloading packaging-26.3-py3-none-any.whl (129 kB)
2026-09-04T11:28:47.9941107Z Downloading pygments-2.21.0-py3-none-any.whl (1.3 MB)
2026-09-04T11:28:48.0473875Z    ââââââââââââââââââââââââââââââââââââââââ 1.3/1.3 MB 25.9 MB/s  0:00:00
2026-09-04T11:28:48.3834960Z Installing collected packages: pygments, pluggy, packaging, iniconfig, pytest
2026-09-04T11:28:49.3254383Z 
2026-09-04T11:28:49.3264057Z Successfully installed iniconfig-2.3.0 packaging-26.3 pluggy-1.6.0 pygments-2.21.0 pytest-9.1.1
2026-09-04T11:28:49.3748903Z ##[group]Run python automation/inject_mutation.py --error-type "TypeError"
2026-09-04T11:28:49.3749574Z [36;1mpython automation/inject_mutation.py --error-type "TypeError"[0m
2026-09-04T11:28:49.3788026Z shell: /usr/bin/bash -e {0}
2026-09-04T11:28:49.3788337Z env:
2026-09-04T11:28:49.3788657Z   pythonLocation: /opt/hostedtoolcache/Python/3.11.16/x64
2026-09-04T11:28:49.3789350Z   PKG_CONFIG_PATH: /opt/hostedtoolcache/Python/3.11.16/x64/lib/pkgconfig
2026-09-04T11:28:49.3789841Z   Python_ROOT_DIR: /opt/hostedtoolcache/Python/3.11.16/x64
2026-09-04T11:28:49.3790280Z   Python2_ROOT_DIR: /opt/hostedtoolcache/Python/3.11.16/x64
2026-09-04T11:28:49.3790744Z   Python3_ROOT_DIR: /opt/hostedtoolcache/Python/3.11.16/x64
2026-09-04T11:28:49.3791184Z   LD_LIBRARY_PATH: /opt/hostedtoolcache/Python/3.11.16/x64/lib
2026-09-04T11:28:49.3791574Z ##[endgroup]
2026-09-04T11:28:49.4089041Z [Mutation Injected] Successfully injected TypeError into tests/test_app.py
2026-09-04T11:28:49.4160398Z ##[group]Run pytest tests/test_app.py -v
2026-09-04T11:28:49.4160827Z [36;1mpytest tests/test_app.py -v[0m
2026-09-04T11:28:49.4196204Z shell: /usr/bin/bash -e {0}
2026-09-04T11:28:49.4196507Z env:
2026-09-04T11:28:49.4196826Z   pythonLocation: /opt/hostedtoolcache/Python/3.11.16/x64
2026-09-04T11:28:49.4197323Z   PKG_CONFIG_PATH: /opt/hostedtoolcache/Python/3.11.16/x64/lib/pkgconfig
2026-09-04T11:28:49.4197830Z   Python_ROOT_DIR: /opt/hostedtoolcache/Python/3.11.16/x64
2026-09-04T11:28:49.4198270Z   Python2_ROOT_DIR: /opt/hostedtoolcache/Python/3.11.16/x64
2026-09-04T11:28:49.4198709Z   Python3_ROOT_DIR: /opt/hostedtoolcache/Python/3.11.16/x64
2026-09-04T11:28:49.4199144Z   LD_LIBRARY_PATH: /opt/hostedtoolcache/Python/3.11.16/x64/lib
2026-09-04T11:28:49.4199526Z ##[endgroup]
2026-09-04T11:28:50.1853671Z ============================= test session starts ==============================
2026-09-04T11:28:50.1855247Z platform linux -- Python 3.11.16, pytest-9.1.1, pluggy-1.6.0 -- /opt/hostedtoolcache/Python/3.11.16/x64/bin/python
2026-09-04T11:28:50.1856277Z cachedir: .pytest_cache
2026-09-04T11:28:50.1856983Z rootdir: /home/runner/work/log-generation/log-generation
2026-09-04T11:28:50.1857655Z configfile: pytest.ini
2026-09-04T11:28:50.1941268Z collecting ... collected 6 items
2026-09-04T11:28:50.1941683Z 
2026-09-04T11:28:50.1950561Z tests/test_app.py::test_calculate_division PASSED                        [ 16%]
2026-09-04T11:28:50.1958431Z tests/test_app.py::test_convert_to_int PASSED                            [ 33%]
2026-09-04T11:28:50.1966328Z tests/test_app.py::test_get_list_item PASSED                             [ 50%]
2026-09-04T11:28:50.1973941Z tests/test_app.py::test_get_dict_value PASSED                            [ 66%]
2026-09-04T11:28:50.1981692Z tests/test_app.py::test_assert_positive PASSED                           [ 83%]
2026-09-04T11:28:50.2266931Z tests/test_app.py::test_type_error FAILED                                [100%]
2026-09-04T11:28:50.2267566Z 
2026-09-04T11:28:50.2267838Z =================================== FAILURES ===================================
2026-09-04T11:28:50.2268533Z _______________________________ test_type_error ________________________________
2026-09-04T11:28:50.2268998Z 
2026-09-04T11:28:50.2269187Z     def test_type_error():
2026-09-04T11:28:50.2269659Z         """Injected synthetic TypeError."""
2026-09-04T11:28:50.2270203Z         from src.app import calculate_division
2026-09-04T11:28:50.2270770Z >       calculate_division("invalid_string", 5)
2026-09-04T11:28:50.2271141Z 
2026-09-04T11:28:50.2271303Z tests/test_app.py:131: 
2026-09-04T11:28:50.2271787Z _ _ _ _ _ _ _ _ _ _ _ _ _ _ _ _ _ _ _ _ _ _ _ _ _ _ _ _ _ _ _ _ _ _ _ _ _ _ _ _ 
2026-09-04T11:28:50.2272253Z 
2026-09-04T11:28:50.2272412Z a = 'invalid_string', b = 5
2026-09-04T11:28:50.2272912Z 
2026-09-04T11:28:50.2273101Z     def calculate_division(a, b):
2026-09-04T11:28:50.2273529Z >       return a / b
2026-09-04T11:28:50.2273921Z                ^^^^^
2026-09-04T11:28:50.2274436Z E       TypeError: unsupported operand type(s) for /: 'str' and 'int'
2026-09-04T11:28:50.2274928Z 
2026-09-04T11:28:50.2275095Z src/app.py:2: TypeError
2026-09-04T11:28:50.2275588Z =========================== short test summary info ============================
2026-09-04T11:28:50.2276600Z FAILED tests/test_app.py::test_type_error - TypeError: unsupported operand type(s) for /: 'str' and 'int'
2026-09-04T11:28:50.2277893Z ========================= 1 failed, 5 passed in 0.03s ==========================
2026-09-04T11:28:50.2456306Z ##[error]Process completed with exit code 1.
2026-09-04T11:28:50.2600025Z Node 20 is being deprecated. This workflow is running with Node 24 by default. If you need to temporarily use Node 20, you can set the ACTIONS_ALLOW_USE_UNSECURE_NODE_VERSION=true environment variable. For more information see: https://github.blog/changelog/2025-09-19-deprecation-of-node-20-on-github-actions-runners/
2026-09-04T11:28:50.2601305Z Post job cleanup.
2026-09-04T11:28:50.3451327Z [command]/usr/bin/git version
2026-09-04T11:28:50.3495392Z git version 2.55.0
2026-09-04T11:28:50.3539707Z Temporarily overriding HOME='/home/runner/work/_temp/ed4d6472-ff7b-4e70-89c3-e428707134f4' before making global git config changes
2026-09-04T11:28:50.3540931Z Adding repository directory to the temporary git global config as a safe directory
2026-09-04T11:28:50.3546185Z [command]/usr/bin/git config --global --add safe.directory /home/runner/work/log-generation/log-generation
2026-09-04T11:28:50.3587045Z [command]/usr/bin/git config --local --name-only --get-regexp core\.sshCommand
2026-09-04T11:28:50.3623480Z [command]/usr/bin/git submodule foreach --recursive sh -c "git config --local --name-only --get-regexp 'core\.sshCommand' && git config --local --unset-all 'core.sshCommand' || :"
2026-09-04T11:28:50.3871767Z [command]/usr/bin/git config --local --name-only --get-regexp http\.https\:\/\/github\.com\/\.extraheader
2026-09-04T11:28:50.3901294Z http.https://github.com/.extraheader
2026-09-04T11:28:50.3920475Z [command]/usr/bin/git config --local --unset-all http.https://github.com/.extraheader
2026-09-04T11:28:50.3955777Z [command]/usr/bin/git submodule foreach --recursive sh -c "git config --local --name-only --get-regexp 'http\.https\:\/\/github\.com\/\.extraheader' && git config --local --unset-all 'http.https://github.com/.extraheader' || :"
2026-09-04T11:28:50.4271634Z [command]/usr/bin/git config --local --name-only --get-regexp ^includeIf\.gitdir:
2026-09-04T11:28:50.4314575Z [command]/usr/bin/git submodule foreach --recursive git config --local --show-origin --name-only --get-regexp remote.origin.url
2026-09-04T11:28:50.4700775Z Cleaning up orphan processes
2026-09-04T11:28:50.4977500Z ##[warning]Node.js 20 is deprecated. The following actions target Node.js 20 but are being forced to run on Node.js 24: actions/checkout@v4, actions/setup-python@v5. For more information see: https://github.blog/changelog/2025-09-19-deprecation-of-node-20-on-github-actions-runners/
