ï»¿2026-09-04T11:30:27.6054728Z Current runner version: '2.337.0'
2026-09-04T11:30:27.6089952Z ##[group]Runner Image Provisioner
2026-09-04T11:30:27.6091195Z Hosted Compute Agent
2026-09-04T11:30:27.6092111Z Version: 20260828.587
2026-09-04T11:30:27.6093038Z Commit: abac92662cab4cc7352de4f9f9d2e2419aad9c29
2026-09-04T11:30:27.6094339Z Build Date: 2026-08-28T16:44:25Z
2026-09-04T11:30:27.6095445Z Worker ID: {ee44014f-2b9b-41a0-a06a-1b87b2395015}
2026-09-04T11:30:27.6096645Z Azure Region: eastus2
2026-09-04T11:30:27.6097579Z ##[endgroup]
2026-09-04T11:30:27.6100261Z ##[group]Operating System
2026-09-04T11:30:27.6101330Z Ubuntu
2026-09-04T11:30:27.6102123Z 24.04.4
2026-09-04T11:30:27.6103570Z LTS
2026-09-04T11:30:27.6104413Z ##[endgroup]
2026-09-04T11:30:27.6105290Z ##[group]Runner Image
2026-09-04T11:30:27.6106237Z Image: ubuntu-24.04
2026-09-04T11:30:27.6107068Z Version: 20260831.293.1
2026-09-04T11:30:27.6109411Z Included Software: https://github.com/actions/runner-images/blob/ubuntu24/20260831.293/images/ubuntu/Ubuntu2404-Readme.md
2026-09-04T11:30:27.6111969Z Image Release: https://github.com/actions/runner-images/releases/tag/ubuntu24%2F20260831.293
2026-09-04T11:30:27.6113519Z ##[endgroup]
2026-09-04T11:30:27.6115439Z ##[group]GITHUB_TOKEN Permissions
2026-09-04T11:30:27.6118411Z Contents: read
2026-09-04T11:30:27.6119643Z Metadata: read
2026-09-04T11:30:27.6120535Z Packages: read
2026-09-04T11:30:27.6121498Z ##[endgroup]
2026-09-04T11:30:27.6124767Z Secret source: Actions
2026-09-04T11:30:27.6126730Z Prepare workflow directory
2026-09-04T11:30:27.6586760Z Prepare all required actions
2026-09-04T11:30:27.6655000Z Getting action download info
2026-09-04T11:30:27.8874669Z Download action repository 'actions/checkout@v4' (SHA:11d5960a326750d5838078e36cf38b85af677262)
2026-09-04T11:30:27.9822525Z Download action repository 'actions/setup-python@v5' (SHA:a26af69be951a213d495a4c3e4e4022e16d87065)
2026-09-04T11:30:28.1702256Z Complete job name: test-f3 (TypeError #247)
2026-09-04T11:30:28.2462644Z Node 20 is being deprecated. This workflow is running with Node 24 by default. If you need to temporarily use Node 20, you can set the ACTIONS_ALLOW_USE_UNSECURE_NODE_VERSION=true environment variable. For more information see: https://github.blog/changelog/2025-09-19-deprecation-of-node-20-on-github-actions-runners/
2026-09-04T11:30:28.2471351Z ##[group]Run actions/checkout@v4
2026-09-04T11:30:28.2472047Z with:
2026-09-04T11:30:28.2472555Z   fetch-depth: 1
2026-09-04T11:30:28.2473049Z   repository: DhruvHegde/log-generation
2026-09-04T11:30:28.2476944Z   token: ***
2026-09-04T11:30:28.2477388Z   ssh-strict: true
2026-09-04T11:30:28.2477834Z   ssh-user: git
2026-09-04T11:30:28.2478291Z   persist-credentials: true
2026-09-04T11:30:28.2479072Z   clean: true
2026-09-04T11:30:28.2479614Z   sparse-checkout-cone-mode: true
2026-09-04T11:30:28.2480144Z   fetch-tags: false
2026-09-04T11:30:28.2480596Z   show-progress: true
2026-09-04T11:30:28.2481050Z   lfs: false
2026-09-04T11:30:28.2481517Z   submodules: false
2026-09-04T11:30:28.2481967Z   set-safe-directory: true
2026-09-04T11:30:28.2482485Z   allow-unsafe-pr-checkout: false
2026-09-04T11:30:28.2483278Z ##[endgroup]
2026-09-04T11:30:28.3514401Z Syncing repository: DhruvHegde/log-generation
2026-09-04T11:30:28.3516918Z ##[group]Getting Git version info
2026-09-04T11:30:28.3518122Z Working directory is '/home/runner/work/log-generation/log-generation'
2026-09-04T11:30:28.3520042Z [command]/usr/bin/git version
2026-09-04T11:30:28.3550426Z git version 2.55.0
2026-09-04T11:30:28.3570609Z ##[endgroup]
2026-09-04T11:30:28.3584871Z Temporarily overriding HOME='/home/runner/work/_temp/d66074eb-b5bb-4a4f-995c-905a8ea309a5' before making global git config changes
2026-09-04T11:30:28.3587198Z Adding repository directory to the temporary git global config as a safe directory
2026-09-04T11:30:28.3590059Z [command]/usr/bin/git config --global --add safe.directory /home/runner/work/log-generation/log-generation
2026-09-04T11:30:28.3637871Z Deleting the contents of '/home/runner/work/log-generation/log-generation'
2026-09-04T11:30:28.3642182Z ##[group]Initializing the repository
2026-09-04T11:30:28.3646564Z [command]/usr/bin/git init /home/runner/work/log-generation/log-generation
2026-09-04T11:30:28.3736296Z hint: Using 'master' as the name for the initial branch. This default branch name
2026-09-04T11:30:28.3738190Z hint: will change to "main" in Git 3.0. To configure the initial branch name
2026-09-04T11:30:28.3740124Z hint: to use in all of your new repositories, which will suppress this warning,
2026-09-04T11:30:28.3741561Z hint: call:
2026-09-04T11:30:28.3742439Z hint:
2026-09-04T11:30:28.3743325Z hint: 	git config --global init.defaultBranch <name>
2026-09-04T11:30:28.3744145Z hint:
2026-09-04T11:30:28.3744912Z hint: Names commonly chosen instead of 'master' are 'main', 'trunk' and
2026-09-04T11:30:28.3746012Z hint: 'development'. The just-created branch can be renamed via this command:
2026-09-04T11:30:28.3746909Z hint:
2026-09-04T11:30:28.3747544Z hint: 	git branch -m <name>
2026-09-04T11:30:28.3748287Z hint:
2026-09-04T11:30:28.3749615Z hint: Disable this message with "git config set advice.defaultBranchName false"
2026-09-04T11:30:28.3751068Z Initialized empty Git repository in /home/runner/work/log-generation/log-generation/.git/
2026-09-04T11:30:28.3753370Z [command]/usr/bin/git remote add origin https://github.com/DhruvHegde/log-generation
2026-09-04T11:30:28.3797936Z ##[endgroup]
2026-09-04T11:30:28.3799235Z ##[group]Disabling automatic garbage collection
2026-09-04T11:30:28.3802588Z [command]/usr/bin/git config --local gc.auto 0
2026-09-04T11:30:28.3835992Z ##[endgroup]
2026-09-04T11:30:28.3837052Z ##[group]Setting up auth
2026-09-04T11:30:28.3843733Z [command]/usr/bin/git config --local --name-only --get-regexp core\.sshCommand
2026-09-04T11:30:28.3879664Z [command]/usr/bin/git submodule foreach --recursive sh -c "git config --local --name-only --get-regexp 'core\.sshCommand' && git config --local --unset-all 'core.sshCommand' || :"
2026-09-04T11:30:28.4238498Z [command]/usr/bin/git config --local --name-only --get-regexp http\.https\:\/\/github\.com\/\.extraheader
2026-09-04T11:30:28.4277364Z [command]/usr/bin/git submodule foreach --recursive sh -c "git config --local --name-only --get-regexp 'http\.https\:\/\/github\.com\/\.extraheader' && git config --local --unset-all 'http.https://github.com/.extraheader' || :"
2026-09-04T11:30:28.4546335Z [command]/usr/bin/git config --local --name-only --get-regexp ^includeIf\.gitdir:
2026-09-04T11:30:28.4586229Z [command]/usr/bin/git submodule foreach --recursive git config --local --show-origin --name-only --get-regexp remote.origin.url
2026-09-04T11:30:28.4831595Z [command]/usr/bin/git config --local http.https://github.com/.extraheader AUTHORIZATION: basic ***
2026-09-04T11:30:28.4875354Z ##[endgroup]
2026-09-04T11:30:28.4876603Z ##[group]Fetching the repository
2026-09-04T11:30:28.4887081Z [command]/usr/bin/git -c protocol.version=2 fetch --no-tags --prune --no-recurse-submodules --depth=1 origin +0c2ddc82b3a248827557edda9affcd6927945898:refs/remotes/origin/feature/f3-test-failures
2026-09-04T11:30:28.7248366Z From https://github.com/DhruvHegde/log-generation
2026-09-04T11:30:28.7250463Z  * [new ref]         0c2ddc82b3a248827557edda9affcd6927945898 -> origin/feature/f3-test-failures
2026-09-04T11:30:28.7254618Z ##[endgroup]
2026-09-04T11:30:28.7256041Z ##[group]Determining the checkout info
2026-09-04T11:30:28.7258107Z ##[endgroup]
2026-09-04T11:30:28.7264444Z [command]/usr/bin/git sparse-checkout disable
2026-09-04T11:30:28.7316464Z [command]/usr/bin/git config --local --unset-all extensions.worktreeConfig
2026-09-04T11:30:28.7351164Z ##[group]Checking out the ref
2026-09-04T11:30:28.7355555Z [command]/usr/bin/git checkout --progress --force -B feature/f3-test-failures refs/remotes/origin/feature/f3-test-failures
2026-09-04T11:30:28.7431761Z Switched to a new branch 'feature/f3-test-failures'
2026-09-04T11:30:28.7437733Z branch 'feature/f3-test-failures' set up to track 'origin/feature/f3-test-failures'.
2026-09-04T11:30:28.7442761Z ##[endgroup]
2026-09-04T11:30:28.7487021Z [command]/usr/bin/git log -1 --format=%H
2026-09-04T11:30:28.7516206Z 0c2ddc82b3a248827557edda9affcd6927945898
2026-09-04T11:30:28.7830492Z Node 20 is being deprecated. This workflow is running with Node 24 by default. If you need to temporarily use Node 20, you can set the ACTIONS_ALLOW_USE_UNSECURE_NODE_VERSION=true environment variable. For more information see: https://github.blog/changelog/2025-09-19-deprecation-of-node-20-on-github-actions-runners/
2026-09-04T11:30:28.7833380Z ##[group]Run actions/setup-python@v5
2026-09-04T11:30:28.7833973Z with:
2026-09-04T11:30:28.7834451Z   python-version: 3.11
2026-09-04T11:30:28.7834963Z   check-latest: false
2026-09-04T11:30:28.7839246Z   token: ***
2026-09-04T11:30:28.7839731Z   update-environment: true
2026-09-04T11:30:28.7840289Z   allow-prereleases: false
2026-09-04T11:30:28.7840812Z   freethreaded: false
2026-09-04T11:30:28.7841307Z ##[endgroup]
2026-09-04T11:30:28.9220689Z ##[group]Installed versions
2026-09-04T11:30:28.9303283Z (node:2260) [DEP0040] DeprecationWarning: The `punycode` module is deprecated. Please use a userland alternative instead.
2026-09-04T11:30:28.9305323Z (Use `node --trace-deprecation ...` to show where the warning was created)
2026-09-04T11:30:28.9306691Z Successfully set up CPython (3.11.16)
2026-09-04T11:30:28.9308176Z ##[endgroup]
2026-09-04T11:30:28.9521564Z ##[group]Run pip install --no-cache-dir pytest
2026-09-04T11:30:28.9522876Z [36;1mpip install --no-cache-dir pytest[0m
2026-09-04T11:30:28.9589876Z shell: /usr/bin/bash -e {0}
2026-09-04T11:30:28.9590788Z env:
2026-09-04T11:30:28.9591728Z   pythonLocation: /opt/hostedtoolcache/Python/3.11.16/x64
2026-09-04T11:30:28.9593229Z   PKG_CONFIG_PATH: /opt/hostedtoolcache/Python/3.11.16/x64/lib/pkgconfig
2026-09-04T11:30:28.9694482Z   Python_ROOT_DIR: /opt/hostedtoolcache/Python/3.11.16/x64
2026-09-04T11:30:28.9695498Z   Python2_ROOT_DIR: /opt/hostedtoolcache/Python/3.11.16/x64
2026-09-04T11:30:28.9696397Z   Python3_ROOT_DIR: /opt/hostedtoolcache/Python/3.11.16/x64
2026-09-04T11:30:28.9697296Z   LD_LIBRARY_PATH: /opt/hostedtoolcache/Python/3.11.16/x64/lib
2026-09-04T11:30:28.9698291Z ##[endgroup]
2026-09-04T11:30:30.0828293Z Collecting pytest
2026-09-04T11:30:30.1470744Z   Downloading pytest-9.1.1-py3-none-any.whl.metadata (7.6 kB)
2026-09-04T11:30:30.1594897Z Collecting iniconfig>=1.0.1 (from pytest)
2026-09-04T11:30:30.1678923Z   Downloading iniconfig-2.3.0-py3-none-any.whl.metadata (2.5 kB)
2026-09-04T11:30:30.1824757Z Collecting packaging>=22 (from pytest)
2026-09-04T11:30:30.1905673Z   Downloading packaging-26.3-py3-none-any.whl.metadata (3.5 kB)
2026-09-04T11:30:30.2023829Z Collecting pluggy<2,>=1.5 (from pytest)
2026-09-04T11:30:30.2099925Z   Downloading pluggy-1.6.0-py3-none-any.whl.metadata (4.8 kB)
2026-09-04T11:30:30.2279737Z Collecting pygments>=2.7.2 (from pytest)
2026-09-04T11:30:30.2360626Z   Downloading pygments-2.21.0-py3-none-any.whl.metadata (2.5 kB)
2026-09-04T11:30:30.2463687Z Downloading pytest-9.1.1-py3-none-any.whl (386 kB)
2026-09-04T11:30:30.2791803Z Downloading pluggy-1.6.0-py3-none-any.whl (20 kB)
2026-09-04T11:30:30.2867826Z Downloading iniconfig-2.3.0-py3-none-any.whl (7.5 kB)
2026-09-04T11:30:30.2945247Z Downloading packaging-26.3-py3-none-any.whl (129 kB)
2026-09-04T11:30:30.3022349Z Downloading pygments-2.21.0-py3-none-any.whl (1.3 MB)
2026-09-04T11:30:30.3220479Z    ââââââââââââââââââââââââââââââââââââââââ 1.3/1.3 MB 84.4 MB/s  0:00:00
2026-09-04T11:30:30.3826483Z Installing collected packages: pygments, pluggy, packaging, iniconfig, pytest
2026-09-04T11:30:31.3973925Z 
2026-09-04T11:30:31.3983914Z Successfully installed iniconfig-2.3.0 packaging-26.3 pluggy-1.6.0 pygments-2.21.0 pytest-9.1.1
2026-09-04T11:30:31.4562205Z ##[group]Run python automation/inject_mutation.py --error-type "TypeError"
2026-09-04T11:30:31.4562815Z [36;1mpython automation/inject_mutation.py --error-type "TypeError"[0m
2026-09-04T11:30:31.4604915Z shell: /usr/bin/bash -e {0}
2026-09-04T11:30:31.4605186Z env:
2026-09-04T11:30:31.4605487Z   pythonLocation: /opt/hostedtoolcache/Python/3.11.16/x64
2026-09-04T11:30:31.4606167Z   PKG_CONFIG_PATH: /opt/hostedtoolcache/Python/3.11.16/x64/lib/pkgconfig
2026-09-04T11:30:31.4606600Z   Python_ROOT_DIR: /opt/hostedtoolcache/Python/3.11.16/x64
2026-09-04T11:30:31.4606994Z   Python2_ROOT_DIR: /opt/hostedtoolcache/Python/3.11.16/x64
2026-09-04T11:30:31.4607389Z   Python3_ROOT_DIR: /opt/hostedtoolcache/Python/3.11.16/x64
2026-09-04T11:30:31.4607773Z   LD_LIBRARY_PATH: /opt/hostedtoolcache/Python/3.11.16/x64/lib
2026-09-04T11:30:31.4608136Z ##[endgroup]
2026-09-04T11:30:31.4927952Z [Mutation Injected] Successfully injected TypeError into tests/test_app.py
2026-09-04T11:30:31.4999443Z ##[group]Run pytest tests/test_app.py -v
2026-09-04T11:30:31.4999822Z [36;1mpytest tests/test_app.py -v[0m
2026-09-04T11:30:31.5039201Z shell: /usr/bin/bash -e {0}
2026-09-04T11:30:31.5039476Z env:
2026-09-04T11:30:31.5039764Z   pythonLocation: /opt/hostedtoolcache/Python/3.11.16/x64
2026-09-04T11:30:31.5040220Z   PKG_CONFIG_PATH: /opt/hostedtoolcache/Python/3.11.16/x64/lib/pkgconfig
2026-09-04T11:30:31.5040671Z   Python_ROOT_DIR: /opt/hostedtoolcache/Python/3.11.16/x64
2026-09-04T11:30:31.5041058Z   Python2_ROOT_DIR: /opt/hostedtoolcache/Python/3.11.16/x64
2026-09-04T11:30:31.5041447Z   Python3_ROOT_DIR: /opt/hostedtoolcache/Python/3.11.16/x64
2026-09-04T11:30:31.5041846Z   LD_LIBRARY_PATH: /opt/hostedtoolcache/Python/3.11.16/x64/lib
2026-09-04T11:30:31.5042191Z ##[endgroup]
2026-09-04T11:30:31.8442022Z ============================= test session starts ==============================
2026-09-04T11:30:31.8442773Z platform linux -- Python 3.11.16, pytest-9.1.1, pluggy-1.6.0 -- /opt/hostedtoolcache/Python/3.11.16/x64/bin/python
2026-09-04T11:30:31.8443299Z cachedir: .pytest_cache
2026-09-04T11:30:31.8443612Z rootdir: /home/runner/work/log-generation/log-generation
2026-09-04T11:30:31.8443946Z configfile: pytest.ini
2026-09-04T11:30:31.8523730Z collecting ... collected 6 items
2026-09-04T11:30:31.8523991Z 
2026-09-04T11:30:31.8531263Z tests/test_app.py::test_calculate_division PASSED                        [ 16%]
2026-09-04T11:30:31.8537413Z tests/test_app.py::test_convert_to_int PASSED                            [ 33%]
2026-09-04T11:30:31.8543936Z tests/test_app.py::test_get_list_item PASSED                             [ 50%]
2026-09-04T11:30:31.8550028Z tests/test_app.py::test_get_dict_value PASSED                            [ 66%]
2026-09-04T11:30:31.8557234Z tests/test_app.py::test_assert_positive PASSED                           [ 83%]
2026-09-04T11:30:31.8857158Z tests/test_app.py::test_type_error FAILED                                [100%]
2026-09-04T11:30:31.8857729Z 
2026-09-04T11:30:31.8857987Z =================================== FAILURES ===================================
2026-09-04T11:30:31.8858472Z _______________________________ test_type_error ________________________________
2026-09-04T11:30:31.8858943Z 
2026-09-04T11:30:31.8859067Z     def test_type_error():
2026-09-04T11:30:31.8859342Z         """Injected synthetic TypeError."""
2026-09-04T11:30:31.8859668Z         from src.app import calculate_division
2026-09-04T11:30:31.8860006Z >       calculate_division("invalid_string", 5)
2026-09-04T11:30:31.8860228Z 
2026-09-04T11:30:31.8860333Z tests/test_app.py:131: 
2026-09-04T11:30:31.8860620Z _ _ _ _ _ _ _ _ _ _ _ _ _ _ _ _ _ _ _ _ _ _ _ _ _ _ _ _ _ _ _ _ _ _ _ _ _ _ _ _ 
2026-09-04T11:30:31.8860869Z 
2026-09-04T11:30:31.8860978Z a = 'invalid_string', b = 5
2026-09-04T11:30:31.8861146Z 
2026-09-04T11:30:31.8861264Z     def calculate_division(a, b):
2026-09-04T11:30:31.8861523Z >       return a / b
2026-09-04T11:30:31.8861731Z                ^^^^^
2026-09-04T11:30:31.8862032Z E       TypeError: unsupported operand type(s) for /: 'str' and 'int'
2026-09-04T11:30:31.8862295Z 
2026-09-04T11:30:31.8862401Z src/app.py:2: TypeError
2026-09-04T11:30:31.8862704Z =========================== short test summary info ============================
2026-09-04T11:30:31.8863270Z FAILED tests/test_app.py::test_type_error - TypeError: unsupported operand type(s) for /: 'str' and 'int'
2026-09-04T11:30:31.8864052Z ========================= 1 failed, 5 passed in 0.03s ==========================
2026-09-04T11:30:31.9074131Z ##[error]Process completed with exit code 1.
2026-09-04T11:30:31.9215035Z Node 20 is being deprecated. This workflow is running with Node 24 by default. If you need to temporarily use Node 20, you can set the ACTIONS_ALLOW_USE_UNSECURE_NODE_VERSION=true environment variable. For more information see: https://github.blog/changelog/2025-09-19-deprecation-of-node-20-on-github-actions-runners/
2026-09-04T11:30:31.9216258Z Post job cleanup.
2026-09-04T11:30:32.0083459Z [command]/usr/bin/git version
2026-09-04T11:30:32.0126382Z git version 2.55.0
2026-09-04T11:30:32.0163993Z Temporarily overriding HOME='/home/runner/work/_temp/77f554b1-e5b0-4070-9680-ec839adfdff1' before making global git config changes
2026-09-04T11:30:32.0165482Z Adding repository directory to the temporary git global config as a safe directory
2026-09-04T11:30:32.0169574Z [command]/usr/bin/git config --global --add safe.directory /home/runner/work/log-generation/log-generation
2026-09-04T11:30:32.0212875Z [command]/usr/bin/git config --local --name-only --get-regexp core\.sshCommand
2026-09-04T11:30:32.0250929Z [command]/usr/bin/git submodule foreach --recursive sh -c "git config --local --name-only --get-regexp 'core\.sshCommand' && git config --local --unset-all 'core.sshCommand' || :"
2026-09-04T11:30:32.0530492Z [command]/usr/bin/git config --local --name-only --get-regexp http\.https\:\/\/github\.com\/\.extraheader
2026-09-04T11:30:32.0567558Z http.https://github.com/.extraheader
2026-09-04T11:30:32.0590657Z [command]/usr/bin/git config --local --unset-all http.https://github.com/.extraheader
2026-09-04T11:30:32.0640297Z [command]/usr/bin/git submodule foreach --recursive sh -c "git config --local --name-only --get-regexp 'http\.https\:\/\/github\.com\/\.extraheader' && git config --local --unset-all 'http.https://github.com/.extraheader' || :"
2026-09-04T11:30:32.0976687Z [command]/usr/bin/git config --local --name-only --get-regexp ^includeIf\.gitdir:
2026-09-04T11:30:32.1031854Z [command]/usr/bin/git submodule foreach --recursive git config --local --show-origin --name-only --get-regexp remote.origin.url
2026-09-04T11:30:32.1513047Z Cleaning up orphan processes
2026-09-04T11:30:32.1799877Z ##[warning]Node.js 20 is deprecated. The following actions target Node.js 20 but are being forced to run on Node.js 24: actions/checkout@v4, actions/setup-python@v5. For more information see: https://github.blog/changelog/2025-09-19-deprecation-of-node-20-on-github-actions-runners/
