ï»¿2026-09-04T15:43:50.6553716Z Current runner version: '2.337.0'
2026-09-04T15:43:50.6580930Z ##[group]Runner Image Provisioner
2026-09-04T15:43:50.6581815Z Hosted Compute Agent
2026-09-04T15:43:50.6582414Z Version: 20260828.587
2026-09-04T15:43:50.6583156Z Commit: abac92662cab4cc7352de4f9f9d2e2419aad9c29
2026-09-04T15:43:50.6583952Z Build Date: 2026-08-28T16:44:25Z
2026-09-04T15:43:50.6584694Z Worker ID: {53d6cb6d-76bd-4ace-a997-264c3deafe07}
2026-09-04T15:43:50.6585458Z Azure Region: westcentralus
2026-09-04T15:43:50.6586090Z ##[endgroup]
2026-09-04T15:43:50.6588008Z ##[group]Operating System
2026-09-04T15:43:50.6588700Z Ubuntu
2026-09-04T15:43:50.6589312Z 24.04.4
2026-09-04T15:43:50.6590071Z LTS
2026-09-04T15:43:50.6590581Z ##[endgroup]
2026-09-04T15:43:50.6591646Z ##[group]Runner Image
2026-09-04T15:43:50.6592313Z Image: ubuntu-24.04
2026-09-04T15:43:50.6592937Z Version: 20260831.293.1
2026-09-04T15:43:50.6594262Z Included Software: https://github.com/actions/runner-images/blob/ubuntu24/20260831.293/images/ubuntu/Ubuntu2404-Readme.md
2026-09-04T15:43:50.6595898Z Image Release: https://github.com/actions/runner-images/releases/tag/ubuntu24%2F20260831.293
2026-09-04T15:43:50.6596937Z ##[endgroup]
2026-09-04T15:43:50.6598290Z ##[group]GITHUB_TOKEN Permissions
2026-09-04T15:43:50.6600890Z Contents: read
2026-09-04T15:43:50.6601588Z Metadata: read
2026-09-04T15:43:50.6602281Z Packages: read
2026-09-04T15:43:50.6602846Z ##[endgroup]
2026-09-04T15:43:50.6605161Z Secret source: Actions
2026-09-04T15:43:50.6606609Z Prepare workflow directory
2026-09-04T15:43:50.6950469Z Prepare all required actions
2026-09-04T15:43:50.6997842Z Getting action download info
2026-09-04T15:43:51.0003049Z Download action repository 'actions/checkout@v4' (SHA:11d5960a326750d5838078e36cf38b85af677262)
2026-09-04T15:43:51.1425764Z Download action repository 'actions/setup-python@v5' (SHA:a26af69be951a213d495a4c3e4e4022e16d87065)
2026-09-04T15:43:51.3347231Z Complete job name: test-f3 (AttributeError #29)
2026-09-04T15:43:51.4200212Z Node 20 is being deprecated. This workflow is running with Node 24 by default. If you need to temporarily use Node 20, you can set the ACTIONS_ALLOW_USE_UNSECURE_NODE_VERSION=true environment variable. For more information see: https://github.blog/changelog/2025-09-19-deprecation-of-node-20-on-github-actions-runners/
2026-09-04T15:43:51.4210023Z ##[group]Run actions/checkout@v4
2026-09-04T15:43:51.4210764Z with:
2026-09-04T15:43:51.4211188Z   fetch-depth: 1
2026-09-04T15:43:51.4211673Z   repository: DhruvHegde/log-generation
2026-09-04T15:43:51.4215959Z   token: ***
2026-09-04T15:43:51.4216409Z   ssh-strict: true
2026-09-04T15:43:51.4216988Z   ssh-user: git
2026-09-04T15:43:51.4217445Z   persist-credentials: true
2026-09-04T15:43:51.4217933Z   clean: true
2026-09-04T15:43:51.4218383Z   sparse-checkout-cone-mode: true
2026-09-04T15:43:51.4218901Z   fetch-tags: false
2026-09-04T15:43:51.4219344Z   show-progress: true
2026-09-04T15:43:51.4220244Z   lfs: false
2026-09-04T15:43:51.4220727Z   submodules: false
2026-09-04T15:43:51.4221187Z   set-safe-directory: true
2026-09-04T15:43:51.4221709Z   allow-unsafe-pr-checkout: false
2026-09-04T15:43:51.4222555Z ##[endgroup]
2026-09-04T15:43:51.5315238Z Syncing repository: DhruvHegde/log-generation
2026-09-04T15:43:51.5318042Z ##[group]Getting Git version info
2026-09-04T15:43:51.5319304Z Working directory is '/home/runner/work/log-generation/log-generation'
2026-09-04T15:43:51.5321403Z [command]/usr/bin/git version
2026-09-04T15:43:51.5347695Z git version 2.55.0
2026-09-04T15:43:51.5380667Z ##[endgroup]
2026-09-04T15:43:51.5387365Z Temporarily overriding HOME='/home/runner/work/_temp/10652ac0-31d7-43e3-88d6-93e29d05f164' before making global git config changes
2026-09-04T15:43:51.5395186Z Adding repository directory to the temporary git global config as a safe directory
2026-09-04T15:43:51.5397176Z [command]/usr/bin/git config --global --add safe.directory /home/runner/work/log-generation/log-generation
2026-09-04T15:43:51.5450848Z Deleting the contents of '/home/runner/work/log-generation/log-generation'
2026-09-04T15:43:51.5456504Z ##[group]Initializing the repository
2026-09-04T15:43:51.5462136Z [command]/usr/bin/git init /home/runner/work/log-generation/log-generation
2026-09-04T15:43:51.5547721Z hint: Using 'master' as the name for the initial branch. This default branch name
2026-09-04T15:43:51.5549601Z hint: will change to "main" in Git 3.0. To configure the initial branch name
2026-09-04T15:43:51.5551413Z hint: to use in all of your new repositories, which will suppress this warning,
2026-09-04T15:43:51.5553602Z hint: call:
2026-09-04T15:43:51.5554681Z hint:
2026-09-04T15:43:51.5555436Z hint: 	git config --global init.defaultBranch <name>
2026-09-04T15:43:51.5556061Z hint:
2026-09-04T15:43:51.5556646Z hint: Names commonly chosen instead of 'master' are 'main', 'trunk' and
2026-09-04T15:43:51.5557594Z hint: 'development'. The just-created branch can be renamed via this command:
2026-09-04T15:43:51.5558338Z hint:
2026-09-04T15:43:51.5558826Z hint: 	git branch -m <name>
2026-09-04T15:43:51.5559445Z hint:
2026-09-04T15:43:51.5560601Z hint: Disable this message with "git config set advice.defaultBranchName false"
2026-09-04T15:43:51.5561895Z Initialized empty Git repository in /home/runner/work/log-generation/log-generation/.git/
2026-09-04T15:43:51.5564163Z [command]/usr/bin/git remote add origin https://github.com/DhruvHegde/log-generation
2026-09-04T15:43:51.5616656Z ##[endgroup]
2026-09-04T15:43:51.5617481Z ##[group]Disabling automatic garbage collection
2026-09-04T15:43:51.5622599Z [command]/usr/bin/git config --local gc.auto 0
2026-09-04T15:43:51.5660273Z ##[endgroup]
2026-09-04T15:43:51.5661193Z ##[group]Setting up auth
2026-09-04T15:43:51.5668318Z [command]/usr/bin/git config --local --name-only --get-regexp core\.sshCommand
2026-09-04T15:43:51.5706057Z [command]/usr/bin/git submodule foreach --recursive sh -c "git config --local --name-only --get-regexp 'core\.sshCommand' && git config --local --unset-all 'core.sshCommand' || :"
2026-09-04T15:43:51.6067069Z [command]/usr/bin/git config --local --name-only --get-regexp http\.https\:\/\/github\.com\/\.extraheader
2026-09-04T15:43:51.6112785Z [command]/usr/bin/git submodule foreach --recursive sh -c "git config --local --name-only --get-regexp 'http\.https\:\/\/github\.com\/\.extraheader' && git config --local --unset-all 'http.https://github.com/.extraheader' || :"
2026-09-04T15:43:51.6391284Z [command]/usr/bin/git config --local --name-only --get-regexp ^includeIf\.gitdir:
2026-09-04T15:43:51.6433220Z [command]/usr/bin/git submodule foreach --recursive git config --local --show-origin --name-only --get-regexp remote.origin.url
2026-09-04T15:43:51.6686542Z [command]/usr/bin/git config --local http.https://github.com/.extraheader AUTHORIZATION: basic ***
2026-09-04T15:43:51.6732312Z ##[endgroup]
2026-09-04T15:43:51.6741558Z ##[group]Fetching the repository
2026-09-04T15:43:51.6743483Z [command]/usr/bin/git -c protocol.version=2 fetch --no-tags --prune --no-recurse-submodules --depth=1 origin +ff2db557a0a8df7e538c7d2e729be8ed403658e2:refs/remotes/origin/feature/f3-test-failures
2026-09-04T15:43:52.5945260Z From https://github.com/DhruvHegde/log-generation
2026-09-04T15:43:52.5947355Z  * [new ref]         ff2db557a0a8df7e538c7d2e729be8ed403658e2 -> origin/feature/f3-test-failures
2026-09-04T15:43:52.5951787Z ##[endgroup]
2026-09-04T15:43:52.5953247Z ##[group]Determining the checkout info
2026-09-04T15:43:52.5954960Z ##[endgroup]
2026-09-04T15:43:52.5957956Z [command]/usr/bin/git sparse-checkout disable
2026-09-04T15:43:52.6016648Z [command]/usr/bin/git config --local --unset-all extensions.worktreeConfig
2026-09-04T15:43:52.6056605Z ##[group]Checking out the ref
2026-09-04T15:43:52.6063400Z [command]/usr/bin/git checkout --progress --force -B feature/f3-test-failures refs/remotes/origin/feature/f3-test-failures
2026-09-04T15:43:52.6808492Z Switched to a new branch 'feature/f3-test-failures'
2026-09-04T15:43:52.6812014Z branch 'feature/f3-test-failures' set up to track 'origin/feature/f3-test-failures'.
2026-09-04T15:43:52.6824014Z ##[endgroup]
2026-09-04T15:43:52.6872815Z [command]/usr/bin/git log -1 --format=%H
2026-09-04T15:43:52.6906106Z ff2db557a0a8df7e538c7d2e729be8ed403658e2
2026-09-04T15:43:52.7290598Z Node 20 is being deprecated. This workflow is running with Node 24 by default. If you need to temporarily use Node 20, you can set the ACTIONS_ALLOW_USE_UNSECURE_NODE_VERSION=true environment variable. For more information see: https://github.blog/changelog/2025-09-19-deprecation-of-node-20-on-github-actions-runners/
2026-09-04T15:43:52.7295603Z ##[group]Run actions/setup-python@v5
2026-09-04T15:43:52.7296798Z with:
2026-09-04T15:43:52.7297869Z   python-version: 3.11
2026-09-04T15:43:52.7298945Z   check-latest: false
2026-09-04T15:43:52.7308108Z   token: ***
2026-09-04T15:43:52.7309125Z   update-environment: true
2026-09-04T15:43:52.7310442Z   allow-prereleases: false
2026-09-04T15:43:52.7311554Z   freethreaded: false
2026-09-04T15:43:52.7312581Z ##[endgroup]
2026-09-04T15:43:52.8764768Z ##[group]Installed versions
2026-09-04T15:43:52.8841854Z (node:2274) [DEP0040] DeprecationWarning: The `punycode` module is deprecated. Please use a userland alternative instead.
2026-09-04T15:43:52.8845457Z (Use `node --trace-deprecation ...` to show where the warning was created)
2026-09-04T15:43:52.8851217Z Successfully set up CPython (3.11.16)
2026-09-04T15:43:52.8876803Z ##[endgroup]
2026-09-04T15:43:52.9156607Z ##[group]Run pip install --no-cache-dir pytest
2026-09-04T15:43:52.9158357Z [36;1mpip install --no-cache-dir pytest[0m
2026-09-04T15:43:52.9236934Z shell: /usr/bin/bash -e {0}
2026-09-04T15:43:52.9238477Z env:
2026-09-04T15:43:52.9240204Z   pythonLocation: /opt/hostedtoolcache/Python/3.11.16/x64
2026-09-04T15:43:52.9242558Z   PKG_CONFIG_PATH: /opt/hostedtoolcache/Python/3.11.16/x64/lib/pkgconfig
2026-09-04T15:43:52.9244497Z   Python_ROOT_DIR: /opt/hostedtoolcache/Python/3.11.16/x64
2026-09-04T15:43:52.9246397Z   Python2_ROOT_DIR: /opt/hostedtoolcache/Python/3.11.16/x64
2026-09-04T15:43:52.9248206Z   Python3_ROOT_DIR: /opt/hostedtoolcache/Python/3.11.16/x64
2026-09-04T15:43:52.9250163Z   LD_LIBRARY_PATH: /opt/hostedtoolcache/Python/3.11.16/x64/lib
2026-09-04T15:43:52.9251613Z ##[endgroup]
2026-09-04T15:43:55.8827209Z Collecting pytest
2026-09-04T15:43:55.9966536Z   Downloading pytest-9.1.1-py3-none-any.whl.metadata (7.6 kB)
2026-09-04T15:43:56.0213469Z Collecting iniconfig>=1.0.1 (from pytest)
2026-09-04T15:43:56.0412576Z   Downloading iniconfig-2.3.0-py3-none-any.whl.metadata (2.5 kB)
2026-09-04T15:43:56.0679891Z Collecting packaging>=22 (from pytest)
2026-09-04T15:43:56.0876598Z   Downloading packaging-26.3-py3-none-any.whl.metadata (3.5 kB)
2026-09-04T15:43:56.1111284Z Collecting pluggy<2,>=1.5 (from pytest)
2026-09-04T15:43:56.1300963Z   Downloading pluggy-1.6.0-py3-none-any.whl.metadata (4.8 kB)
2026-09-04T15:43:56.1596005Z Collecting pygments>=2.7.2 (from pytest)
2026-09-04T15:43:56.1791501Z   Downloading pygments-2.21.0-py3-none-any.whl.metadata (2.5 kB)
2026-09-04T15:43:56.2014109Z Downloading pytest-9.1.1-py3-none-any.whl (386 kB)
2026-09-04T15:43:56.2877204Z Downloading pluggy-1.6.0-py3-none-any.whl (20 kB)
2026-09-04T15:43:56.3072363Z Downloading iniconfig-2.3.0-py3-none-any.whl (7.5 kB)
2026-09-04T15:43:56.3267267Z Downloading packaging-26.3-py3-none-any.whl (129 kB)
2026-09-04T15:43:56.3473488Z Downloading pygments-2.21.0-py3-none-any.whl (1.3 MB)
2026-09-04T15:43:56.4024134Z    ââââââââââââââââââââââââââââââââââââââââ 1.3/1.3 MB 20.4 MB/s  0:00:00
2026-09-04T15:43:56.5822125Z Installing collected packages: pygments, pluggy, packaging, iniconfig, pytest
2026-09-04T15:43:57.6165620Z 
2026-09-04T15:43:57.6176310Z Successfully installed iniconfig-2.3.0 packaging-26.3 pluggy-1.6.0 pygments-2.21.0 pytest-9.1.1
2026-09-04T15:43:57.6944728Z ##[group]Run python automation/inject_mutation.py --error-type "AttributeError"
2026-09-04T15:43:57.6945399Z [36;1mpython automation/inject_mutation.py --error-type "AttributeError"[0m
2026-09-04T15:43:57.6988404Z shell: /usr/bin/bash -e {0}
2026-09-04T15:43:57.6988729Z env:
2026-09-04T15:43:57.6989048Z   pythonLocation: /opt/hostedtoolcache/Python/3.11.16/x64
2026-09-04T15:43:57.6990021Z   PKG_CONFIG_PATH: /opt/hostedtoolcache/Python/3.11.16/x64/lib/pkgconfig
2026-09-04T15:43:57.6990483Z   Python_ROOT_DIR: /opt/hostedtoolcache/Python/3.11.16/x64
2026-09-04T15:43:57.6990902Z   Python2_ROOT_DIR: /opt/hostedtoolcache/Python/3.11.16/x64
2026-09-04T15:43:57.6991329Z   Python3_ROOT_DIR: /opt/hostedtoolcache/Python/3.11.16/x64
2026-09-04T15:43:57.6991728Z   LD_LIBRARY_PATH: /opt/hostedtoolcache/Python/3.11.16/x64/lib
2026-09-04T15:43:57.6992120Z ##[endgroup]
2026-09-04T15:43:57.7323825Z [Mutation Injected] Successfully injected AttributeError into tests/test_app.py
2026-09-04T15:43:57.7402200Z ##[group]Run pytest tests/test_app.py -v
2026-09-04T15:43:57.7402592Z [36;1mpytest tests/test_app.py -v[0m
2026-09-04T15:43:57.7445007Z shell: /usr/bin/bash -e {0}
2026-09-04T15:43:57.7445307Z env:
2026-09-04T15:43:57.7445597Z   pythonLocation: /opt/hostedtoolcache/Python/3.11.16/x64
2026-09-04T15:43:57.7446063Z   PKG_CONFIG_PATH: /opt/hostedtoolcache/Python/3.11.16/x64/lib/pkgconfig
2026-09-04T15:43:57.7446538Z   Python_ROOT_DIR: /opt/hostedtoolcache/Python/3.11.16/x64
2026-09-04T15:43:57.7446951Z   Python2_ROOT_DIR: /opt/hostedtoolcache/Python/3.11.16/x64
2026-09-04T15:43:57.7447359Z   Python3_ROOT_DIR: /opt/hostedtoolcache/Python/3.11.16/x64
2026-09-04T15:43:57.7447772Z   LD_LIBRARY_PATH: /opt/hostedtoolcache/Python/3.11.16/x64/lib
2026-09-04T15:43:57.7448128Z ##[endgroup]
2026-09-04T15:43:58.2876490Z ============================= test session starts ==============================
2026-09-04T15:43:58.2877602Z platform linux -- Python 3.11.16, pytest-9.1.1, pluggy-1.6.0 -- /opt/hostedtoolcache/Python/3.11.16/x64/bin/python
2026-09-04T15:43:58.2878420Z cachedir: .pytest_cache
2026-09-04T15:43:58.2878901Z rootdir: /home/runner/work/log-generation/log-generation
2026-09-04T15:43:58.2879622Z configfile: pytest.ini
2026-09-04T15:43:58.2961940Z collecting ... collected 6 items
2026-09-04T15:43:58.2962517Z 
2026-09-04T15:43:58.2970726Z tests/test_app.py::test_calculate_division PASSED                        [ 16%]
2026-09-04T15:43:58.2976939Z tests/test_app.py::test_convert_to_int PASSED                            [ 33%]
2026-09-04T15:43:58.2985097Z tests/test_app.py::test_get_list_item PASSED                             [ 50%]
2026-09-04T15:43:58.2993159Z tests/test_app.py::test_get_dict_value PASSED                            [ 66%]
2026-09-04T15:43:58.2999075Z tests/test_app.py::test_assert_positive PASSED                           [ 83%]
2026-09-04T15:43:58.3328807Z tests/test_app.py::test_attribute_error FAILED                           [100%]
2026-09-04T15:43:58.3329556Z 
2026-09-04T15:43:58.3330547Z =================================== FAILURES ===================================
2026-09-04T15:43:58.3331365Z _____________________________ test_attribute_error _____________________________
2026-09-04T15:43:58.3331892Z 
2026-09-04T15:43:58.3332595Z     def test_attribute_error():
2026-09-04T15:43:58.3333022Z         """Injected synthetic AttributeError."""
2026-09-04T15:43:58.3333551Z         from src.app import get_object_attribute
2026-09-04T15:43:58.3334000Z >       get_object_attribute(object())
2026-09-04T15:43:58.3334264Z 
2026-09-04T15:43:58.3334405Z tests/test_app.py:133: 
2026-09-04T15:43:58.3334842Z _ _ _ _ _ _ _ _ _ _ _ _ _ _ _ _ _ _ _ _ _ _ _ _ _ _ _ _ _ _ _ _ _ _ _ _ _ _ _ _ 
2026-09-04T15:43:58.3335173Z 
2026-09-04T15:43:58.3335300Z obj = <object object at 0x7f0c67c9d370>
2026-09-04T15:43:58.3335505Z 
2026-09-04T15:43:58.3335710Z     def get_object_attribute(obj):
2026-09-04T15:43:58.3336135Z >       return obj.non_existent_attribute
2026-09-04T15:43:58.3336547Z                ^^^^^^^^^^^^^^^^^^^^^^^^^^
2026-09-04T15:43:58.3337105Z E       AttributeError: 'object' object has no attribute 'non_existent_attribute'
2026-09-04T15:43:58.3337596Z 
2026-09-04T15:43:58.3337762Z src/app.py:14: AttributeError
2026-09-04T15:43:58.3338249Z =========================== short test summary info ============================
2026-09-04T15:43:58.3339337Z FAILED tests/test_app.py::test_attribute_error - AttributeError: 'object' object has no attribute 'non_existent_attribute'
2026-09-04T15:43:58.3340975Z ========================= 1 failed, 5 passed in 0.03s ==========================
2026-09-04T15:43:58.3589351Z ##[error]Process completed with exit code 1.
2026-09-04T15:43:58.3740275Z Node 20 is being deprecated. This workflow is running with Node 24 by default. If you need to temporarily use Node 20, you can set the ACTIONS_ALLOW_USE_UNSECURE_NODE_VERSION=true environment variable. For more information see: https://github.blog/changelog/2025-09-19-deprecation-of-node-20-on-github-actions-runners/
2026-09-04T15:43:58.3741544Z Post job cleanup.
2026-09-04T15:43:58.4633677Z [command]/usr/bin/git version
2026-09-04T15:43:58.4677733Z git version 2.55.0
2026-09-04T15:43:58.4715508Z Temporarily overriding HOME='/home/runner/work/_temp/aa9bd6d5-fd60-4895-a015-5d0213e8140a' before making global git config changes
2026-09-04T15:43:58.4716829Z Adding repository directory to the temporary git global config as a safe directory
2026-09-04T15:43:58.4722128Z [command]/usr/bin/git config --global --add safe.directory /home/runner/work/log-generation/log-generation
2026-09-04T15:43:58.4771306Z [command]/usr/bin/git config --local --name-only --get-regexp core\.sshCommand
2026-09-04T15:43:58.4811146Z [command]/usr/bin/git submodule foreach --recursive sh -c "git config --local --name-only --get-regexp 'core\.sshCommand' && git config --local --unset-all 'core.sshCommand' || :"
2026-09-04T15:43:58.5087822Z [command]/usr/bin/git config --local --name-only --get-regexp http\.https\:\/\/github\.com\/\.extraheader
2026-09-04T15:43:58.5115481Z http.https://github.com/.extraheader
2026-09-04T15:43:58.5148541Z [command]/usr/bin/git config --local --unset-all http.https://github.com/.extraheader
2026-09-04T15:43:58.5170872Z [command]/usr/bin/git submodule foreach --recursive sh -c "git config --local --name-only --get-regexp 'http\.https\:\/\/github\.com\/\.extraheader' && git config --local --unset-all 'http.https://github.com/.extraheader' || :"
2026-09-04T15:43:58.5445864Z [command]/usr/bin/git config --local --name-only --get-regexp ^includeIf\.gitdir:
2026-09-04T15:43:58.5495185Z [command]/usr/bin/git submodule foreach --recursive git config --local --show-origin --name-only --get-regexp remote.origin.url
2026-09-04T15:43:58.5931787Z Cleaning up orphan processes
2026-09-04T15:43:58.6258121Z ##[warning]Node.js 20 is deprecated. The following actions target Node.js 20 but are being forced to run on Node.js 24: actions/checkout@v4, actions/setup-python@v5. For more information see: https://github.blog/changelog/2025-09-19-deprecation-of-node-20-on-github-actions-runners/
