ï»¿2026-09-04T11:30:05.7243429Z Current runner version: '2.337.0'
2026-09-04T11:30:05.7264653Z ##[group]Runner Image Provisioner
2026-09-04T11:30:05.7265517Z Hosted Compute Agent
2026-09-04T11:30:05.7266062Z Version: 20260828.587
2026-09-04T11:30:05.7266728Z Commit: abac92662cab4cc7352de4f9f9d2e2419aad9c29
2026-09-04T11:30:05.7267441Z Build Date: 2026-08-28T16:44:25Z
2026-09-04T11:30:05.7268075Z Worker ID: {85e99267-8165-4011-80bf-944ff93e5827}
2026-09-04T11:30:05.7268990Z Azure Region: westus3
2026-09-04T11:30:05.7269549Z ##[endgroup]
2026-09-04T11:30:05.7271202Z ##[group]Operating System
2026-09-04T11:30:05.7271927Z Ubuntu
2026-09-04T11:30:05.7272410Z 24.04.4
2026-09-04T11:30:05.7272933Z LTS
2026-09-04T11:30:05.7273442Z ##[endgroup]
2026-09-04T11:30:05.7273930Z ##[group]Runner Image
2026-09-04T11:30:05.7274874Z Image: ubuntu-24.04
2026-09-04T11:30:05.7275412Z Version: 20260831.293.1
2026-09-04T11:30:05.7276618Z Included Software: https://github.com/actions/runner-images/blob/ubuntu24/20260831.293/images/ubuntu/Ubuntu2404-Readme.md
2026-09-04T11:30:05.7278115Z Image Release: https://github.com/actions/runner-images/releases/tag/ubuntu24%2F20260831.293
2026-09-04T11:30:05.7279315Z ##[endgroup]
2026-09-04T11:30:05.7280404Z ##[group]GITHUB_TOKEN Permissions
2026-09-04T11:30:05.7282404Z Contents: read
2026-09-04T11:30:05.7282988Z Metadata: read
2026-09-04T11:30:05.7283568Z Packages: read
2026-09-04T11:30:05.7284114Z ##[endgroup]
2026-09-04T11:30:05.7285980Z Secret source: Actions
2026-09-04T11:30:05.7287414Z Prepare workflow directory
2026-09-04T11:30:05.7596444Z Prepare all required actions
2026-09-04T11:30:05.7640654Z Getting action download info
2026-09-04T11:30:06.0827545Z Download action repository 'actions/checkout@v4' (SHA:11d5960a326750d5838078e36cf38b85af677262)
2026-09-04T11:30:06.1723066Z Download action repository 'actions/setup-python@v5' (SHA:a26af69be951a213d495a4c3e4e4022e16d87065)
2026-09-04T11:30:06.3447101Z Complete job name: test-f3 (ValueError #199)
2026-09-04T11:30:06.4167381Z Node 20 is being deprecated. This workflow is running with Node 24 by default. If you need to temporarily use Node 20, you can set the ACTIONS_ALLOW_USE_UNSECURE_NODE_VERSION=true environment variable. For more information see: https://github.blog/changelog/2025-09-19-deprecation-of-node-20-on-github-actions-runners/
2026-09-04T11:30:06.4176475Z ##[group]Run actions/checkout@v4
2026-09-04T11:30:06.4177232Z with:
2026-09-04T11:30:06.4177644Z   fetch-depth: 1
2026-09-04T11:30:06.4178095Z   repository: DhruvHegde/log-generation
2026-09-04T11:30:06.4182002Z   token: ***
2026-09-04T11:30:06.4182434Z   ssh-strict: true
2026-09-04T11:30:06.4182844Z   ssh-user: git
2026-09-04T11:30:06.4183270Z   persist-credentials: true
2026-09-04T11:30:06.4183744Z   clean: true
2026-09-04T11:30:06.4184239Z   sparse-checkout-cone-mode: true
2026-09-04T11:30:06.4184734Z   fetch-tags: false
2026-09-04T11:30:06.4185153Z   show-progress: true
2026-09-04T11:30:06.4185580Z   lfs: false
2026-09-04T11:30:06.4186001Z   submodules: false
2026-09-04T11:30:06.4186429Z   set-safe-directory: true
2026-09-04T11:30:06.4186930Z   allow-unsafe-pr-checkout: false
2026-09-04T11:30:06.4187748Z ##[endgroup]
2026-09-04T11:30:06.5158273Z Syncing repository: DhruvHegde/log-generation
2026-09-04T11:30:06.5160992Z ##[group]Getting Git version info
2026-09-04T11:30:06.5162264Z Working directory is '/home/runner/work/log-generation/log-generation'
2026-09-04T11:30:06.5163876Z [command]/usr/bin/git version
2026-09-04T11:30:06.5200561Z git version 2.55.0
2026-09-04T11:30:06.5220521Z ##[endgroup]
2026-09-04T11:30:06.5234029Z Temporarily overriding HOME='/home/runner/work/_temp/451c3cfc-32c5-4eeb-a630-3fe5b2b500dc' before making global git config changes
2026-09-04T11:30:06.5236291Z Adding repository directory to the temporary git global config as a safe directory
2026-09-04T11:30:06.5239149Z [command]/usr/bin/git config --global --add safe.directory /home/runner/work/log-generation/log-generation
2026-09-04T11:30:06.5285224Z Deleting the contents of '/home/runner/work/log-generation/log-generation'
2026-09-04T11:30:06.5289312Z ##[group]Initializing the repository
2026-09-04T11:30:06.5293470Z [command]/usr/bin/git init /home/runner/work/log-generation/log-generation
2026-09-04T11:30:06.5371161Z hint: Using 'master' as the name for the initial branch. This default branch name
2026-09-04T11:30:06.5372996Z hint: will change to "main" in Git 3.0. To configure the initial branch name
2026-09-04T11:30:06.5374664Z hint: to use in all of your new repositories, which will suppress this warning,
2026-09-04T11:30:06.5375999Z hint: call:
2026-09-04T11:30:06.5376961Z hint:
2026-09-04T11:30:06.5377930Z hint: 	git config --global init.defaultBranch <name>
2026-09-04T11:30:06.5379255Z hint:
2026-09-04T11:30:06.5380289Z hint: Names commonly chosen instead of 'master' are 'main', 'trunk' and
2026-09-04T11:30:06.5381903Z hint: 'development'. The just-created branch can be renamed via this command:
2026-09-04T11:30:06.5383123Z hint:
2026-09-04T11:30:06.5383815Z hint: 	git branch -m <name>
2026-09-04T11:30:06.5384573Z hint:
2026-09-04T11:30:06.5385657Z hint: Disable this message with "git config set advice.defaultBranchName false"
2026-09-04T11:30:06.5387385Z Initialized empty Git repository in /home/runner/work/log-generation/log-generation/.git/
2026-09-04T11:30:06.5391401Z [command]/usr/bin/git remote add origin https://github.com/DhruvHegde/log-generation
2026-09-04T11:30:06.5441346Z ##[endgroup]
2026-09-04T11:30:06.5442670Z ##[group]Disabling automatic garbage collection
2026-09-04T11:30:06.5446371Z [command]/usr/bin/git config --local gc.auto 0
2026-09-04T11:30:06.5477230Z ##[endgroup]
2026-09-04T11:30:06.5478479Z ##[group]Setting up auth
2026-09-04T11:30:06.5484417Z [command]/usr/bin/git config --local --name-only --get-regexp core\.sshCommand
2026-09-04T11:30:06.5517211Z [command]/usr/bin/git submodule foreach --recursive sh -c "git config --local --name-only --get-regexp 'core\.sshCommand' && git config --local --unset-all 'core.sshCommand' || :"
2026-09-04T11:30:06.5866939Z [command]/usr/bin/git config --local --name-only --get-regexp http\.https\:\/\/github\.com\/\.extraheader
2026-09-04T11:30:06.5904851Z [command]/usr/bin/git submodule foreach --recursive sh -c "git config --local --name-only --get-regexp 'http\.https\:\/\/github\.com\/\.extraheader' && git config --local --unset-all 'http.https://github.com/.extraheader' || :"
2026-09-04T11:30:06.6136231Z [command]/usr/bin/git config --local --name-only --get-regexp ^includeIf\.gitdir:
2026-09-04T11:30:06.6170798Z [command]/usr/bin/git submodule foreach --recursive git config --local --show-origin --name-only --get-regexp remote.origin.url
2026-09-04T11:30:06.6377222Z [command]/usr/bin/git config --local http.https://github.com/.extraheader AUTHORIZATION: basic ***
2026-09-04T11:30:06.6414625Z ##[endgroup]
2026-09-04T11:30:06.6415401Z ##[group]Fetching the repository
2026-09-04T11:30:06.6423740Z [command]/usr/bin/git -c protocol.version=2 fetch --no-tags --prune --no-recurse-submodules --depth=1 origin +0c2ddc82b3a248827557edda9affcd6927945898:refs/remotes/origin/feature/f3-test-failures
2026-09-04T11:30:07.1045232Z From https://github.com/DhruvHegde/log-generation
2026-09-04T11:30:07.1046483Z  * [new ref]         0c2ddc82b3a248827557edda9affcd6927945898 -> origin/feature/f3-test-failures
2026-09-04T11:30:07.1049861Z ##[endgroup]
2026-09-04T11:30:07.1050958Z ##[group]Determining the checkout info
2026-09-04T11:30:07.1052284Z ##[endgroup]
2026-09-04T11:30:07.1057527Z [command]/usr/bin/git sparse-checkout disable
2026-09-04T11:30:07.1106079Z [command]/usr/bin/git config --local --unset-all extensions.worktreeConfig
2026-09-04T11:30:07.1136960Z ##[group]Checking out the ref
2026-09-04T11:30:07.1142989Z [command]/usr/bin/git checkout --progress --force -B feature/f3-test-failures refs/remotes/origin/feature/f3-test-failures
2026-09-04T11:30:07.1212270Z Switched to a new branch 'feature/f3-test-failures'
2026-09-04T11:30:07.1219074Z branch 'feature/f3-test-failures' set up to track 'origin/feature/f3-test-failures'.
2026-09-04T11:30:07.1222872Z ##[endgroup]
2026-09-04T11:30:07.1262840Z [command]/usr/bin/git log -1 --format=%H
2026-09-04T11:30:07.1288570Z 0c2ddc82b3a248827557edda9affcd6927945898
2026-09-04T11:30:07.1544583Z Node 20 is being deprecated. This workflow is running with Node 24 by default. If you need to temporarily use Node 20, you can set the ACTIONS_ALLOW_USE_UNSECURE_NODE_VERSION=true environment variable. For more information see: https://github.blog/changelog/2025-09-19-deprecation-of-node-20-on-github-actions-runners/
2026-09-04T11:30:07.1547339Z ##[group]Run actions/setup-python@v5
2026-09-04T11:30:07.1547855Z with:
2026-09-04T11:30:07.1548257Z   python-version: 3.11
2026-09-04T11:30:07.1548694Z   check-latest: false
2026-09-04T11:30:07.1552403Z   token: ***
2026-09-04T11:30:07.1552813Z   update-environment: true
2026-09-04T11:30:07.1553281Z   allow-prereleases: false
2026-09-04T11:30:07.1553728Z   freethreaded: false
2026-09-04T11:30:07.1554142Z ##[endgroup]
2026-09-04T11:30:07.2772769Z ##[group]Installed versions
2026-09-04T11:30:07.2863577Z (node:2298) [DEP0040] DeprecationWarning: The `punycode` module is deprecated. Please use a userland alternative instead.
2026-09-04T11:30:07.2865971Z (Use `node --trace-deprecation ...` to show where the warning was created)
2026-09-04T11:30:07.2867411Z Successfully set up CPython (3.11.16)
2026-09-04T11:30:07.2869101Z ##[endgroup]
2026-09-04T11:30:07.3040268Z ##[group]Run pip install --no-cache-dir pytest
2026-09-04T11:30:07.3040993Z [36;1mpip install --no-cache-dir pytest[0m
2026-09-04T11:30:07.3091841Z shell: /usr/bin/bash -e {0}
2026-09-04T11:30:07.3092611Z env:
2026-09-04T11:30:07.3093386Z   pythonLocation: /opt/hostedtoolcache/Python/3.11.16/x64
2026-09-04T11:30:07.3094657Z   PKG_CONFIG_PATH: /opt/hostedtoolcache/Python/3.11.16/x64/lib/pkgconfig
2026-09-04T11:30:07.3095908Z   Python_ROOT_DIR: /opt/hostedtoolcache/Python/3.11.16/x64
2026-09-04T11:30:07.3097081Z   Python2_ROOT_DIR: /opt/hostedtoolcache/Python/3.11.16/x64
2026-09-04T11:30:07.3098224Z   Python3_ROOT_DIR: /opt/hostedtoolcache/Python/3.11.16/x64
2026-09-04T11:30:07.3099610Z   LD_LIBRARY_PATH: /opt/hostedtoolcache/Python/3.11.16/x64/lib
2026-09-04T11:30:07.3100643Z ##[endgroup]
2026-09-04T11:30:08.0710845Z Collecting pytest
2026-09-04T11:30:08.1134648Z   Downloading pytest-9.1.1-py3-none-any.whl.metadata (7.6 kB)
2026-09-04T11:30:08.1277535Z Collecting iniconfig>=1.0.1 (from pytest)
2026-09-04T11:30:08.1310236Z   Downloading iniconfig-2.3.0-py3-none-any.whl.metadata (2.5 kB)
2026-09-04T11:30:08.1482890Z Collecting packaging>=22 (from pytest)
2026-09-04T11:30:08.1512875Z   Downloading packaging-26.3-py3-none-any.whl.metadata (3.5 kB)
2026-09-04T11:30:08.1654247Z Collecting pluggy<2,>=1.5 (from pytest)
2026-09-04T11:30:08.1684437Z   Downloading pluggy-1.6.0-py3-none-any.whl.metadata (4.8 kB)
2026-09-04T11:30:08.1893696Z Collecting pygments>=2.7.2 (from pytest)
2026-09-04T11:30:08.1927711Z   Downloading pygments-2.21.0-py3-none-any.whl.metadata (2.5 kB)
2026-09-04T11:30:08.1984715Z Downloading pytest-9.1.1-py3-none-any.whl (386 kB)
2026-09-04T11:30:08.2141709Z Downloading pluggy-1.6.0-py3-none-any.whl (20 kB)
2026-09-04T11:30:08.2171936Z Downloading iniconfig-2.3.0-py3-none-any.whl (7.5 kB)
2026-09-04T11:30:08.2201331Z Downloading packaging-26.3-py3-none-any.whl (129 kB)
2026-09-04T11:30:08.2232790Z Downloading pygments-2.21.0-py3-none-any.whl (1.3 MB)
2026-09-04T11:30:08.2300938Z    ââââââââââââââââââââââââââââââââââââââââ 1.3/1.3 MB 309.9 MB/s  0:00:00
2026-09-04T11:30:08.2857327Z Installing collected packages: pygments, pluggy, packaging, iniconfig, pytest
2026-09-04T11:30:09.1908044Z 
2026-09-04T11:30:09.1916759Z Successfully installed iniconfig-2.3.0 packaging-26.3 pluggy-1.6.0 pygments-2.21.0 pytest-9.1.1
2026-09-04T11:30:09.2362949Z ##[group]Run python automation/inject_mutation.py --error-type "ValueError"
2026-09-04T11:30:09.2363586Z [36;1mpython automation/inject_mutation.py --error-type "ValueError"[0m
2026-09-04T11:30:09.2399882Z shell: /usr/bin/bash -e {0}
2026-09-04T11:30:09.2400164Z env:
2026-09-04T11:30:09.2400464Z   pythonLocation: /opt/hostedtoolcache/Python/3.11.16/x64
2026-09-04T11:30:09.2401104Z   PKG_CONFIG_PATH: /opt/hostedtoolcache/Python/3.11.16/x64/lib/pkgconfig
2026-09-04T11:30:09.2401601Z   Python_ROOT_DIR: /opt/hostedtoolcache/Python/3.11.16/x64
2026-09-04T11:30:09.2402001Z   Python2_ROOT_DIR: /opt/hostedtoolcache/Python/3.11.16/x64
2026-09-04T11:30:09.2402422Z   Python3_ROOT_DIR: /opt/hostedtoolcache/Python/3.11.16/x64
2026-09-04T11:30:09.2402824Z   LD_LIBRARY_PATH: /opt/hostedtoolcache/Python/3.11.16/x64/lib
2026-09-04T11:30:09.2403184Z ##[endgroup]
2026-09-04T11:30:09.2681043Z [Mutation Injected] Successfully injected ValueError into tests/test_app.py
2026-09-04T11:30:09.2744441Z ##[group]Run pytest tests/test_app.py -v
2026-09-04T11:30:09.2744839Z [36;1mpytest tests/test_app.py -v[0m
2026-09-04T11:30:09.2778730Z shell: /usr/bin/bash -e {0}
2026-09-04T11:30:09.2779260Z env:
2026-09-04T11:30:09.2779570Z   pythonLocation: /opt/hostedtoolcache/Python/3.11.16/x64
2026-09-04T11:30:09.2780065Z   PKG_CONFIG_PATH: /opt/hostedtoolcache/Python/3.11.16/x64/lib/pkgconfig
2026-09-04T11:30:09.2780577Z   Python_ROOT_DIR: /opt/hostedtoolcache/Python/3.11.16/x64
2026-09-04T11:30:09.2780999Z   Python2_ROOT_DIR: /opt/hostedtoolcache/Python/3.11.16/x64
2026-09-04T11:30:09.2781384Z   Python3_ROOT_DIR: /opt/hostedtoolcache/Python/3.11.16/x64
2026-09-04T11:30:09.2781784Z   LD_LIBRARY_PATH: /opt/hostedtoolcache/Python/3.11.16/x64/lib
2026-09-04T11:30:09.2782115Z ##[endgroup]
2026-09-04T11:30:09.7519444Z ============================= test session starts ==============================
2026-09-04T11:30:09.7520310Z platform linux -- Python 3.11.16, pytest-9.1.1, pluggy-1.6.0 -- /opt/hostedtoolcache/Python/3.11.16/x64/bin/python
2026-09-04T11:30:09.7520913Z cachedir: .pytest_cache
2026-09-04T11:30:09.7521271Z rootdir: /home/runner/work/log-generation/log-generation
2026-09-04T11:30:09.7521665Z configfile: pytest.ini
2026-09-04T11:30:09.7600918Z collecting ... collected 6 items
2026-09-04T11:30:09.7601288Z 
2026-09-04T11:30:09.7608913Z tests/test_app.py::test_calculate_division PASSED                        [ 16%]
2026-09-04T11:30:09.7615610Z tests/test_app.py::test_convert_to_int PASSED                            [ 33%]
2026-09-04T11:30:09.7623077Z tests/test_app.py::test_get_list_item PASSED                             [ 50%]
2026-09-04T11:30:09.7630066Z tests/test_app.py::test_get_dict_value PASSED                            [ 66%]
2026-09-04T11:30:09.7636218Z tests/test_app.py::test_assert_positive PASSED                           [ 83%]
2026-09-04T11:30:09.7887869Z tests/test_app.py::test_value_error FAILED                               [100%]
2026-09-04T11:30:09.7888316Z 
2026-09-04T11:30:09.7888523Z =================================== FAILURES ===================================
2026-09-04T11:30:09.7889408Z _______________________________ test_value_error _______________________________
2026-09-04T11:30:09.7889742Z 
2026-09-04T11:30:09.7889862Z     def test_value_error():
2026-09-04T11:30:09.7890176Z         """Injected synthetic ValueError."""
2026-09-04T11:30:09.7890536Z         from src.app import convert_to_int
2026-09-04T11:30:09.7890934Z >       convert_to_int("unparseable_alphanumeric_0x99")
2026-09-04T11:30:09.7891209Z 
2026-09-04T11:30:09.7891319Z tests/test_app.py:131: 
2026-09-04T11:30:09.7891648Z _ _ _ _ _ _ _ _ _ _ _ _ _ _ _ _ _ _ _ _ _ _ _ _ _ _ _ _ _ _ _ _ _ _ _ _ _ _ _ _ 
2026-09-04T11:30:09.7891928Z 
2026-09-04T11:30:09.7892055Z val = 'unparseable_alphanumeric_0x99'
2026-09-04T11:30:09.7892298Z 
2026-09-04T11:30:09.7892414Z     def convert_to_int(val):
2026-09-04T11:30:09.7892692Z >       return int(val)
2026-09-04T11:30:09.7892937Z                ^^^^^^^^
2026-09-04T11:30:09.7893367Z E       ValueError: invalid literal for int() with base 10: 'unparseable_alphanumeric_0x99'
2026-09-04T11:30:09.7893757Z 
2026-09-04T11:30:09.7893873Z src/app.py:5: ValueError
2026-09-04T11:30:09.7894214Z =========================== short test summary info ============================
2026-09-04T11:30:09.7894964Z FAILED tests/test_app.py::test_value_error - ValueError: invalid literal for int() with base 10: 'unparseable_alphanumeric_0x99'
2026-09-04T11:30:09.7895982Z ========================= 1 failed, 5 passed in 0.03s ==========================
2026-09-04T11:30:09.8061607Z ##[error]Process completed with exit code 1.
2026-09-04T11:30:09.8192111Z Node 20 is being deprecated. This workflow is running with Node 24 by default. If you need to temporarily use Node 20, you can set the ACTIONS_ALLOW_USE_UNSECURE_NODE_VERSION=true environment variable. For more information see: https://github.blog/changelog/2025-09-19-deprecation-of-node-20-on-github-actions-runners/
2026-09-04T11:30:09.8193285Z Post job cleanup.
2026-09-04T11:30:09.8968601Z [command]/usr/bin/git version
2026-09-04T11:30:09.9011414Z git version 2.55.0
2026-09-04T11:30:09.9052078Z Temporarily overriding HOME='/home/runner/work/_temp/5007ed48-1c94-42df-967d-74781f20b3ee' before making global git config changes
2026-09-04T11:30:09.9053517Z Adding repository directory to the temporary git global config as a safe directory
2026-09-04T11:30:09.9057460Z [command]/usr/bin/git config --global --add safe.directory /home/runner/work/log-generation/log-generation
2026-09-04T11:30:09.9099058Z [command]/usr/bin/git config --local --name-only --get-regexp core\.sshCommand
2026-09-04T11:30:09.9136846Z [command]/usr/bin/git submodule foreach --recursive sh -c "git config --local --name-only --get-regexp 'core\.sshCommand' && git config --local --unset-all 'core.sshCommand' || :"
2026-09-04T11:30:09.9386686Z [command]/usr/bin/git config --local --name-only --get-regexp http\.https\:\/\/github\.com\/\.extraheader
2026-09-04T11:30:09.9412615Z http.https://github.com/.extraheader
2026-09-04T11:30:09.9424981Z [command]/usr/bin/git config --local --unset-all http.https://github.com/.extraheader
2026-09-04T11:30:09.9464564Z [command]/usr/bin/git submodule foreach --recursive sh -c "git config --local --name-only --get-regexp 'http\.https\:\/\/github\.com\/\.extraheader' && git config --local --unset-all 'http.https://github.com/.extraheader' || :"
2026-09-04T11:30:09.9705277Z [command]/usr/bin/git config --local --name-only --get-regexp ^includeIf\.gitdir:
2026-09-04T11:30:09.9742426Z [command]/usr/bin/git submodule foreach --recursive git config --local --show-origin --name-only --get-regexp remote.origin.url
2026-09-04T11:30:10.0113509Z Cleaning up orphan processes
2026-09-04T11:30:10.0379527Z ##[warning]Node.js 20 is deprecated. The following actions target Node.js 20 but are being forced to run on Node.js 24: actions/checkout@v4, actions/setup-python@v5. For more information see: https://github.blog/changelog/2025-09-19-deprecation-of-node-20-on-github-actions-runners/
