ï»¿2026-09-04T11:30:16.1426031Z Current runner version: '2.337.0'
2026-09-04T11:30:16.1447685Z ##[group]Runner Image Provisioner
2026-09-04T11:30:16.1448463Z Hosted Compute Agent
2026-09-04T11:30:16.1448946Z Version: 20260828.587
2026-09-04T11:30:16.1449548Z Commit: abac92662cab4cc7352de4f9f9d2e2419aad9c29
2026-09-04T11:30:16.1450159Z Build Date: 2026-08-28T16:44:25Z
2026-09-04T11:30:16.1450749Z Worker ID: {0a3a620a-cac7-45f0-994a-40aafa3dbad8}
2026-09-04T11:30:16.1451350Z Azure Region: westus3
2026-09-04T11:30:16.1451835Z ##[endgroup]
2026-09-04T11:30:16.1453356Z ##[group]Operating System
2026-09-04T11:30:16.1453873Z Ubuntu
2026-09-04T11:30:16.1454337Z 24.04.4
2026-09-04T11:30:16.1454786Z LTS
2026-09-04T11:30:16.1455437Z ##[endgroup]
2026-09-04T11:30:16.1456025Z ##[group]Runner Image
2026-09-04T11:30:16.1456534Z Image: ubuntu-24.04
2026-09-04T11:30:16.1457147Z Version: 20260831.293.1
2026-09-04T11:30:16.1458227Z Included Software: https://github.com/actions/runner-images/blob/ubuntu24/20260831.293/images/ubuntu/Ubuntu2404-Readme.md
2026-09-04T11:30:16.1459526Z Image Release: https://github.com/actions/runner-images/releases/tag/ubuntu24%2F20260831.293
2026-09-04T11:30:16.1460309Z ##[endgroup]
2026-09-04T11:30:16.1461305Z ##[group]GITHUB_TOKEN Permissions
2026-09-04T11:30:16.1463463Z Contents: read
2026-09-04T11:30:16.1463999Z Metadata: read
2026-09-04T11:30:16.1464463Z Packages: read
2026-09-04T11:30:16.1464920Z ##[endgroup]
2026-09-04T11:30:16.1466811Z Secret source: Actions
2026-09-04T11:30:16.1468382Z Prepare workflow directory
2026-09-04T11:30:16.2431821Z Prepare all required actions
2026-09-04T11:30:16.2495089Z Getting action download info
2026-09-04T11:30:16.5458397Z Download action repository 'actions/checkout@v4' (SHA:11d5960a326750d5838078e36cf38b85af677262)
2026-09-04T11:30:16.6440187Z Download action repository 'actions/setup-python@v5' (SHA:a26af69be951a213d495a4c3e4e4022e16d87065)
2026-09-04T11:30:16.8146645Z Complete job name: test-f3 (AssertionError #213)
2026-09-04T11:30:16.8728457Z Node 20 is being deprecated. This workflow is running with Node 24 by default. If you need to temporarily use Node 20, you can set the ACTIONS_ALLOW_USE_UNSECURE_NODE_VERSION=true environment variable. For more information see: https://github.blog/changelog/2025-09-19-deprecation-of-node-20-on-github-actions-runners/
2026-09-04T11:30:16.8735463Z ##[group]Run actions/checkout@v4
2026-09-04T11:30:16.8736075Z with:
2026-09-04T11:30:16.8736542Z   fetch-depth: 1
2026-09-04T11:30:16.8737184Z   repository: DhruvHegde/log-generation
2026-09-04T11:30:16.8740606Z   token: ***
2026-09-04T11:30:16.8741018Z   ssh-strict: true
2026-09-04T11:30:16.8741430Z   ssh-user: git
2026-09-04T11:30:16.8741892Z   persist-credentials: true
2026-09-04T11:30:16.8742371Z   clean: true
2026-09-04T11:30:16.8742806Z   sparse-checkout-cone-mode: true
2026-09-04T11:30:16.8743321Z   fetch-tags: false
2026-09-04T11:30:16.8743766Z   show-progress: true
2026-09-04T11:30:16.8744217Z   lfs: false
2026-09-04T11:30:16.8744726Z   submodules: false
2026-09-04T11:30:16.8745181Z   set-safe-directory: true
2026-09-04T11:30:16.8745664Z   allow-unsafe-pr-checkout: false
2026-09-04T11:30:16.8746291Z ##[endgroup]
2026-09-04T11:30:16.9610076Z Syncing repository: DhruvHegde/log-generation
2026-09-04T11:30:16.9612539Z ##[group]Getting Git version info
2026-09-04T11:30:16.9613607Z Working directory is '/home/runner/work/log-generation/log-generation'
2026-09-04T11:30:16.9615252Z [command]/usr/bin/git version
2026-09-04T11:30:16.9645877Z git version 2.55.0
2026-09-04T11:30:16.9661715Z ##[endgroup]
2026-09-04T11:30:16.9672188Z Temporarily overriding HOME='/home/runner/work/_temp/6259f772-bace-4d29-9725-82c0e475796b' before making global git config changes
2026-09-04T11:30:16.9674153Z Adding repository directory to the temporary git global config as a safe directory
2026-09-04T11:30:16.9676021Z [command]/usr/bin/git config --global --add safe.directory /home/runner/work/log-generation/log-generation
2026-09-04T11:30:16.9737329Z Deleting the contents of '/home/runner/work/log-generation/log-generation'
2026-09-04T11:30:16.9741319Z ##[group]Initializing the repository
2026-09-04T11:30:16.9742255Z [command]/usr/bin/git init /home/runner/work/log-generation/log-generation
2026-09-04T11:30:16.9833197Z hint: Using 'master' as the name for the initial branch. This default branch name
2026-09-04T11:30:16.9834709Z hint: will change to "main" in Git 3.0. To configure the initial branch name
2026-09-04T11:30:16.9836074Z hint: to use in all of your new repositories, which will suppress this warning,
2026-09-04T11:30:16.9837311Z hint: call:
2026-09-04T11:30:16.9837954Z hint:
2026-09-04T11:30:16.9838701Z hint: 	git config --global init.defaultBranch <name>
2026-09-04T11:30:16.9839706Z hint:
2026-09-04T11:30:16.9840560Z hint: Names commonly chosen instead of 'master' are 'main', 'trunk' and
2026-09-04T11:30:16.9841838Z hint: 'development'. The just-created branch can be renamed via this command:
2026-09-04T11:30:16.9842826Z hint:
2026-09-04T11:30:16.9843469Z hint: 	git branch -m <name>
2026-09-04T11:30:16.9844297Z hint:
2026-09-04T11:30:16.9845157Z hint: Disable this message with "git config set advice.defaultBranchName false"
2026-09-04T11:30:16.9846299Z Initialized empty Git repository in /home/runner/work/log-generation/log-generation/.git/
2026-09-04T11:30:16.9848855Z [command]/usr/bin/git remote add origin https://github.com/DhruvHegde/log-generation
2026-09-04T11:30:16.9888886Z ##[endgroup]
2026-09-04T11:30:16.9890156Z ##[group]Disabling automatic garbage collection
2026-09-04T11:30:16.9892878Z [command]/usr/bin/git config --local gc.auto 0
2026-09-04T11:30:16.9915093Z ##[endgroup]
2026-09-04T11:30:16.9916196Z ##[group]Setting up auth
2026-09-04T11:30:16.9921335Z [command]/usr/bin/git config --local --name-only --get-regexp core\.sshCommand
2026-09-04T11:30:16.9946644Z [command]/usr/bin/git submodule foreach --recursive sh -c "git config --local --name-only --get-regexp 'core\.sshCommand' && git config --local --unset-all 'core.sshCommand' || :"
2026-09-04T11:30:17.0246339Z [command]/usr/bin/git config --local --name-only --get-regexp http\.https\:\/\/github\.com\/\.extraheader
2026-09-04T11:30:17.0272547Z [command]/usr/bin/git submodule foreach --recursive sh -c "git config --local --name-only --get-regexp 'http\.https\:\/\/github\.com\/\.extraheader' && git config --local --unset-all 'http.https://github.com/.extraheader' || :"
2026-09-04T11:30:17.0448567Z [command]/usr/bin/git config --local --name-only --get-regexp ^includeIf\.gitdir:
2026-09-04T11:30:17.0474835Z [command]/usr/bin/git submodule foreach --recursive git config --local --show-origin --name-only --get-regexp remote.origin.url
2026-09-04T11:30:17.0632228Z [command]/usr/bin/git config --local http.https://github.com/.extraheader AUTHORIZATION: basic ***
2026-09-04T11:30:17.0658163Z ##[endgroup]
2026-09-04T11:30:17.0659159Z ##[group]Fetching the repository
2026-09-04T11:30:17.0666625Z [command]/usr/bin/git -c protocol.version=2 fetch --no-tags --prune --no-recurse-submodules --depth=1 origin +0c2ddc82b3a248827557edda9affcd6927945898:refs/remotes/origin/feature/f3-test-failures
2026-09-04T11:30:17.5741455Z From https://github.com/DhruvHegde/log-generation
2026-09-04T11:30:17.5743215Z  * [new ref]         0c2ddc82b3a248827557edda9affcd6927945898 -> origin/feature/f3-test-failures
2026-09-04T11:30:17.5746260Z ##[endgroup]
2026-09-04T11:30:17.5747608Z ##[group]Determining the checkout info
2026-09-04T11:30:17.5749101Z ##[endgroup]
2026-09-04T11:30:17.5750113Z [command]/usr/bin/git sparse-checkout disable
2026-09-04T11:30:17.5754774Z [command]/usr/bin/git config --local --unset-all extensions.worktreeConfig
2026-09-04T11:30:17.5778538Z ##[group]Checking out the ref
2026-09-04T11:30:17.5781607Z [command]/usr/bin/git checkout --progress --force -B feature/f3-test-failures refs/remotes/origin/feature/f3-test-failures
2026-09-04T11:30:17.5833244Z Switched to a new branch 'feature/f3-test-failures'
2026-09-04T11:30:17.5838000Z branch 'feature/f3-test-failures' set up to track 'origin/feature/f3-test-failures'.
2026-09-04T11:30:17.5841636Z ##[endgroup]
2026-09-04T11:30:17.5873567Z [command]/usr/bin/git log -1 --format=%H
2026-09-04T11:30:17.5893491Z 0c2ddc82b3a248827557edda9affcd6927945898
2026-09-04T11:30:17.6133221Z Node 20 is being deprecated. This workflow is running with Node 24 by default. If you need to temporarily use Node 20, you can set the ACTIONS_ALLOW_USE_UNSECURE_NODE_VERSION=true environment variable. For more information see: https://github.blog/changelog/2025-09-19-deprecation-of-node-20-on-github-actions-runners/
2026-09-04T11:30:17.6135979Z ##[group]Run actions/setup-python@v5
2026-09-04T11:30:17.6136607Z with:
2026-09-04T11:30:17.6137273Z   python-version: 3.11
2026-09-04T11:30:17.6137822Z   check-latest: false
2026-09-04T11:30:17.6141625Z   token: ***
2026-09-04T11:30:17.6142101Z   update-environment: true
2026-09-04T11:30:17.6142682Z   allow-prereleases: false
2026-09-04T11:30:17.6143210Z   freethreaded: false
2026-09-04T11:30:17.6143680Z ##[endgroup]
2026-09-04T11:30:17.7243356Z ##[group]Installed versions
2026-09-04T11:30:17.7399732Z (node:2034) [DEP0040] DeprecationWarning: The `punycode` module is deprecated. Please use a userland alternative instead.
2026-09-04T11:30:17.7401726Z (Use `node --trace-deprecation ...` to show where the warning was created)
2026-09-04T11:30:17.7403040Z Successfully set up CPython (3.11.16)
2026-09-04T11:30:17.7404098Z ##[endgroup]
2026-09-04T11:30:17.7540503Z ##[group]Run pip install --no-cache-dir pytest
2026-09-04T11:30:17.7541430Z [36;1mpip install --no-cache-dir pytest[0m
2026-09-04T11:30:17.7578284Z shell: /usr/bin/bash -e {0}
2026-09-04T11:30:17.7579011Z env:
2026-09-04T11:30:17.7579594Z   pythonLocation: /opt/hostedtoolcache/Python/3.11.16/x64
2026-09-04T11:30:17.7580518Z   PKG_CONFIG_PATH: /opt/hostedtoolcache/Python/3.11.16/x64/lib/pkgconfig
2026-09-04T11:30:17.7581394Z   Python_ROOT_DIR: /opt/hostedtoolcache/Python/3.11.16/x64
2026-09-04T11:30:17.7582162Z   Python2_ROOT_DIR: /opt/hostedtoolcache/Python/3.11.16/x64
2026-09-04T11:30:17.7582982Z   Python3_ROOT_DIR: /opt/hostedtoolcache/Python/3.11.16/x64
2026-09-04T11:30:17.7583798Z   LD_LIBRARY_PATH: /opt/hostedtoolcache/Python/3.11.16/x64/lib
2026-09-04T11:30:17.7584489Z ##[endgroup]
2026-09-04T11:30:18.5369206Z Collecting pytest
2026-09-04T11:30:18.5959409Z   Downloading pytest-9.1.1-py3-none-any.whl.metadata (7.6 kB)
2026-09-04T11:30:18.6099009Z Collecting iniconfig>=1.0.1 (from pytest)
2026-09-04T11:30:18.6133042Z   Downloading iniconfig-2.3.0-py3-none-any.whl.metadata (2.5 kB)
2026-09-04T11:30:18.6296429Z Collecting packaging>=22 (from pytest)
2026-09-04T11:30:18.6325781Z   Downloading packaging-26.3-py3-none-any.whl.metadata (3.5 kB)
2026-09-04T11:30:18.6457130Z Collecting pluggy<2,>=1.5 (from pytest)
2026-09-04T11:30:18.6488307Z   Downloading pluggy-1.6.0-py3-none-any.whl.metadata (4.8 kB)
2026-09-04T11:30:18.6669265Z Collecting pygments>=2.7.2 (from pytest)
2026-09-04T11:30:18.6699440Z   Downloading pygments-2.21.0-py3-none-any.whl.metadata (2.5 kB)
2026-09-04T11:30:18.6749646Z Downloading pytest-9.1.1-py3-none-any.whl (386 kB)
2026-09-04T11:30:18.6914424Z Downloading pluggy-1.6.0-py3-none-any.whl (20 kB)
2026-09-04T11:30:18.6946664Z Downloading iniconfig-2.3.0-py3-none-any.whl (7.5 kB)
2026-09-04T11:30:18.6975809Z Downloading packaging-26.3-py3-none-any.whl (129 kB)
2026-09-04T11:30:18.7018105Z Downloading pygments-2.21.0-py3-none-any.whl (1.3 MB)
2026-09-04T11:30:18.7156734Z    ââââââââââââââââââââââââââââââââââââââââ 1.3/1.3 MB 98.8 MB/s  0:00:00
2026-09-04T11:30:18.8678480Z Installing collected packages: pygments, pluggy, packaging, iniconfig, pytest
2026-09-04T11:30:19.6083447Z 
2026-09-04T11:30:19.6091915Z Successfully installed iniconfig-2.3.0 packaging-26.3 pluggy-1.6.0 pygments-2.21.0 pytest-9.1.1
2026-09-04T11:30:19.6642842Z ##[group]Run python automation/inject_mutation.py --error-type "AssertionError"
2026-09-04T11:30:19.6643473Z [36;1mpython automation/inject_mutation.py --error-type "AssertionError"[0m
2026-09-04T11:30:19.6667626Z shell: /usr/bin/bash -e {0}
2026-09-04T11:30:19.6668009Z env:
2026-09-04T11:30:19.6668368Z   pythonLocation: /opt/hostedtoolcache/Python/3.11.16/x64
2026-09-04T11:30:19.6668975Z   PKG_CONFIG_PATH: /opt/hostedtoolcache/Python/3.11.16/x64/lib/pkgconfig
2026-09-04T11:30:19.6669438Z   Python_ROOT_DIR: /opt/hostedtoolcache/Python/3.11.16/x64
2026-09-04T11:30:19.6669843Z   Python2_ROOT_DIR: /opt/hostedtoolcache/Python/3.11.16/x64
2026-09-04T11:30:19.6670247Z   Python3_ROOT_DIR: /opt/hostedtoolcache/Python/3.11.16/x64
2026-09-04T11:30:19.6670707Z   LD_LIBRARY_PATH: /opt/hostedtoolcache/Python/3.11.16/x64/lib
2026-09-04T11:30:19.6671078Z ##[endgroup]
2026-09-04T11:30:19.6917668Z [Mutation Injected] Successfully injected AssertionError into tests/test_app.py
2026-09-04T11:30:19.6983051Z ##[group]Run pytest tests/test_app.py -v
2026-09-04T11:30:19.6983462Z [36;1mpytest tests/test_app.py -v[0m
2026-09-04T11:30:19.7004718Z shell: /usr/bin/bash -e {0}
2026-09-04T11:30:19.7005064Z env:
2026-09-04T11:30:19.7005396Z   pythonLocation: /opt/hostedtoolcache/Python/3.11.16/x64
2026-09-04T11:30:19.7005919Z   PKG_CONFIG_PATH: /opt/hostedtoolcache/Python/3.11.16/x64/lib/pkgconfig
2026-09-04T11:30:19.7006371Z   Python_ROOT_DIR: /opt/hostedtoolcache/Python/3.11.16/x64
2026-09-04T11:30:19.7006809Z   Python2_ROOT_DIR: /opt/hostedtoolcache/Python/3.11.16/x64
2026-09-04T11:30:19.7007326Z   Python3_ROOT_DIR: /opt/hostedtoolcache/Python/3.11.16/x64
2026-09-04T11:30:19.7007709Z   LD_LIBRARY_PATH: /opt/hostedtoolcache/Python/3.11.16/x64/lib
2026-09-04T11:30:19.7008080Z ##[endgroup]
2026-09-04T11:30:19.9058669Z ============================= test session starts ==============================
2026-09-04T11:30:19.9060588Z platform linux -- Python 3.11.16, pytest-9.1.1, pluggy-1.6.0 -- /opt/hostedtoolcache/Python/3.11.16/x64/bin/python
2026-09-04T11:30:19.9061672Z cachedir: .pytest_cache
2026-09-04T11:30:19.9062489Z rootdir: /home/runner/work/log-generation/log-generation
2026-09-04T11:30:19.9063233Z configfile: pytest.ini
2026-09-04T11:30:19.9126705Z collecting ... collected 6 items
2026-09-04T11:30:19.9127480Z 
2026-09-04T11:30:19.9133251Z tests/test_app.py::test_calculate_division PASSED                        [ 16%]
2026-09-04T11:30:19.9138480Z tests/test_app.py::test_convert_to_int PASSED                            [ 33%]
2026-09-04T11:30:19.9143658Z tests/test_app.py::test_get_list_item PASSED                             [ 50%]
2026-09-04T11:30:19.9148872Z tests/test_app.py::test_get_dict_value PASSED                            [ 66%]
2026-09-04T11:30:19.9154069Z tests/test_app.py::test_assert_positive PASSED                           [ 83%]
2026-09-04T11:30:19.9354560Z tests/test_app.py::test_assertion_failure FAILED                         [100%]
2026-09-04T11:30:19.9355191Z 
2026-09-04T11:30:19.9355435Z =================================== FAILURES ===================================
2026-09-04T11:30:19.9356103Z ____________________________ test_assertion_failure ____________________________
2026-09-04T11:30:19.9356538Z 
2026-09-04T11:30:19.9356745Z     def test_assertion_failure():
2026-09-04T11:30:19.9357367Z         """Injected synthetic AssertionError."""
2026-09-04T11:30:19.9357953Z         expected_status = 200
2026-09-04T11:30:19.9358357Z         actual_status = 500
2026-09-04T11:30:19.9359062Z >       assert actual_status == expected_status, f"Expected {expected_status}, received {actual_status}"
2026-09-04T11:30:19.9359851Z E       AssertionError: Expected 200, received 500
2026-09-04T11:30:19.9360337Z E       assert 500 == 200
2026-09-04T11:30:19.9360634Z 
2026-09-04T11:30:19.9360855Z tests/test_app.py:132: AssertionError
2026-09-04T11:30:19.9361455Z =========================== short test summary info ============================
2026-09-04T11:30:19.9362268Z FAILED tests/test_app.py::test_assertion_failure - AssertionError: Expected 200, received 500
2026-09-04T11:30:19.9362960Z assert 500 == 200
2026-09-04T11:30:19.9363399Z ========================= 1 failed, 5 passed in 0.02s ==========================
2026-09-04T11:30:19.9554377Z ##[error]Process completed with exit code 1.
2026-09-04T11:30:19.9678288Z Node 20 is being deprecated. This workflow is running with Node 24 by default. If you need to temporarily use Node 20, you can set the ACTIONS_ALLOW_USE_UNSECURE_NODE_VERSION=true environment variable. For more information see: https://github.blog/changelog/2025-09-19-deprecation-of-node-20-on-github-actions-runners/
2026-09-04T11:30:19.9679418Z Post job cleanup.
2026-09-04T11:30:20.0392989Z [command]/usr/bin/git version
2026-09-04T11:30:20.0424908Z git version 2.55.0
2026-09-04T11:30:20.0460401Z Temporarily overriding HOME='/home/runner/work/_temp/4c9c1a77-6535-4663-ad38-2aa2997a40c2' before making global git config changes
2026-09-04T11:30:20.0461646Z Adding repository directory to the temporary git global config as a safe directory
2026-09-04T11:30:20.0466030Z [command]/usr/bin/git config --global --add safe.directory /home/runner/work/log-generation/log-generation
2026-09-04T11:30:20.0500330Z [command]/usr/bin/git config --local --name-only --get-regexp core\.sshCommand
2026-09-04T11:30:20.0527931Z [command]/usr/bin/git submodule foreach --recursive sh -c "git config --local --name-only --get-regexp 'core\.sshCommand' && git config --local --unset-all 'core.sshCommand' || :"
2026-09-04T11:30:20.0709917Z [command]/usr/bin/git config --local --name-only --get-regexp http\.https\:\/\/github\.com\/\.extraheader
2026-09-04T11:30:20.0731721Z http.https://github.com/.extraheader
2026-09-04T11:30:20.0740680Z [command]/usr/bin/git config --local --unset-all http.https://github.com/.extraheader
2026-09-04T11:30:20.0766513Z [command]/usr/bin/git submodule foreach --recursive sh -c "git config --local --name-only --get-regexp 'http\.https\:\/\/github\.com\/\.extraheader' && git config --local --unset-all 'http.https://github.com/.extraheader' || :"
2026-09-04T11:30:20.0953616Z [command]/usr/bin/git config --local --name-only --get-regexp ^includeIf\.gitdir:
2026-09-04T11:30:20.0991920Z [command]/usr/bin/git submodule foreach --recursive git config --local --show-origin --name-only --get-regexp remote.origin.url
2026-09-04T11:30:20.1322353Z Cleaning up orphan processes
2026-09-04T11:30:20.1545065Z ##[warning]Node.js 20 is deprecated. The following actions target Node.js 20 but are being forced to run on Node.js 24: actions/checkout@v4, actions/setup-python@v5. For more information see: https://github.blog/changelog/2025-09-19-deprecation-of-node-20-on-github-actions-runners/
