ï»¿2026-09-04T15:46:01.5014462Z Current runner version: '2.337.0'
2026-09-04T15:46:01.5040192Z ##[group]Runner Image Provisioner
2026-09-04T15:46:01.5041137Z Hosted Compute Agent
2026-09-04T15:46:01.5041774Z Version: 20260828.587
2026-09-04T15:46:01.5042591Z Commit: abac92662cab4cc7352de4f9f9d2e2419aad9c29
2026-09-04T15:46:01.5043324Z Build Date: 2026-08-28T16:44:25Z
2026-09-04T15:46:01.5044047Z Worker ID: {086a712f-594d-49ef-9289-a3bb73b5452d}
2026-09-04T15:46:01.5044779Z Azure Region: westus3
2026-09-04T15:46:01.5045405Z ##[endgroup]
2026-09-04T15:46:01.5047307Z ##[group]Operating System
2026-09-04T15:46:01.5048009Z Ubuntu
2026-09-04T15:46:01.5048653Z 24.04.4
2026-09-04T15:46:01.5049242Z LTS
2026-09-04T15:46:01.5050364Z ##[endgroup]
2026-09-04T15:46:01.5051060Z ##[group]Runner Image
2026-09-04T15:46:01.5051655Z Image: ubuntu-24.04
2026-09-04T15:46:01.5052255Z Version: 20260831.293.1
2026-09-04T15:46:01.5053564Z Included Software: https://github.com/actions/runner-images/blob/ubuntu24/20260831.293/images/ubuntu/Ubuntu2404-Readme.md
2026-09-04T15:46:01.5055411Z Image Release: https://github.com/actions/runner-images/releases/tag/ubuntu24%2F20260831.293
2026-09-04T15:46:01.5056466Z ##[endgroup]
2026-09-04T15:46:01.5057776Z ##[group]GITHUB_TOKEN Permissions
2026-09-04T15:46:01.5060312Z Contents: read
2026-09-04T15:46:01.5061084Z Metadata: read
2026-09-04T15:46:01.5061675Z Packages: read
2026-09-04T15:46:01.5062226Z ##[endgroup]
2026-09-04T15:46:01.5064408Z Secret source: Actions
2026-09-04T15:46:01.5065809Z Prepare workflow directory
2026-09-04T15:46:01.5408929Z Prepare all required actions
2026-09-04T15:46:01.5458654Z Getting action download info
2026-09-04T15:46:01.9026851Z Download action repository 'actions/checkout@v4' (SHA:11d5960a326750d5838078e36cf38b85af677262)
2026-09-04T15:46:02.0118792Z Download action repository 'actions/setup-python@v5' (SHA:a26af69be951a213d495a4c3e4e4022e16d87065)
2026-09-04T15:46:02.2284756Z Complete job name: test-f3 (FileNotFoundError #212)
2026-09-04T15:46:02.3076132Z Node 20 is being deprecated. This workflow is running with Node 24 by default. If you need to temporarily use Node 20, you can set the ACTIONS_ALLOW_USE_UNSECURE_NODE_VERSION=true environment variable. For more information see: https://github.blog/changelog/2025-09-19-deprecation-of-node-20-on-github-actions-runners/
2026-09-04T15:46:02.3085126Z ##[group]Run actions/checkout@v4
2026-09-04T15:46:02.3085875Z with:
2026-09-04T15:46:02.3086312Z   fetch-depth: 1
2026-09-04T15:46:02.3086792Z   repository: DhruvHegde/log-generation
2026-09-04T15:46:02.3091017Z   token: ***
2026-09-04T15:46:02.3091479Z   ssh-strict: true
2026-09-04T15:46:02.3091926Z   ssh-user: git
2026-09-04T15:46:02.3092386Z   persist-credentials: true
2026-09-04T15:46:02.3092912Z   clean: true
2026-09-04T15:46:02.3093423Z   sparse-checkout-cone-mode: true
2026-09-04T15:46:02.3094013Z   fetch-tags: false
2026-09-04T15:46:02.3094522Z   show-progress: true
2026-09-04T15:46:02.3095025Z   lfs: false
2026-09-04T15:46:02.3095537Z   submodules: false
2026-09-04T15:46:02.3096048Z   set-safe-directory: true
2026-09-04T15:46:02.3096618Z   allow-unsafe-pr-checkout: false
2026-09-04T15:46:02.3097531Z ##[endgroup]
2026-09-04T15:46:02.4156196Z Syncing repository: DhruvHegde/log-generation
2026-09-04T15:46:02.4159817Z ##[group]Getting Git version info
2026-09-04T15:46:02.4161254Z Working directory is '/home/runner/work/log-generation/log-generation'
2026-09-04T15:46:02.4162723Z [command]/usr/bin/git version
2026-09-04T15:46:02.4228250Z git version 2.55.0
2026-09-04T15:46:02.4260490Z ##[endgroup]
2026-09-04T15:46:02.4270114Z Temporarily overriding HOME='/home/runner/work/_temp/40244c31-7478-468f-935e-2e60ec4437a2' before making global git config changes
2026-09-04T15:46:02.4273074Z Adding repository directory to the temporary git global config as a safe directory
2026-09-04T15:46:02.4277175Z [command]/usr/bin/git config --global --add safe.directory /home/runner/work/log-generation/log-generation
2026-09-04T15:46:02.4331586Z Deleting the contents of '/home/runner/work/log-generation/log-generation'
2026-09-04T15:46:02.4335497Z ##[group]Initializing the repository
2026-09-04T15:46:02.4340932Z [command]/usr/bin/git init /home/runner/work/log-generation/log-generation
2026-09-04T15:46:02.4445625Z hint: Using 'master' as the name for the initial branch. This default branch name
2026-09-04T15:46:02.4447475Z hint: will change to "main" in Git 3.0. To configure the initial branch name
2026-09-04T15:46:02.4449090Z hint: to use in all of your new repositories, which will suppress this warning,
2026-09-04T15:46:02.4450605Z hint: call:
2026-09-04T15:46:02.4451393Z hint:
2026-09-04T15:46:02.4452697Z hint: 	git config --global init.defaultBranch <name>
2026-09-04T15:46:02.4453879Z hint:
2026-09-04T15:46:02.4454866Z hint: Names commonly chosen instead of 'master' are 'main', 'trunk' and
2026-09-04T15:46:02.4456483Z hint: 'development'. The just-created branch can be renamed via this command:
2026-09-04T15:46:02.4457782Z hint:
2026-09-04T15:46:02.4458542Z hint: 	git branch -m <name>
2026-09-04T15:46:02.4459359Z hint:
2026-09-04T15:46:02.4460702Z hint: Disable this message with "git config set advice.defaultBranchName false"
2026-09-04T15:46:02.4462723Z Initialized empty Git repository in /home/runner/work/log-generation/log-generation/.git/
2026-09-04T15:46:02.4469288Z [command]/usr/bin/git remote add origin https://github.com/DhruvHegde/log-generation
2026-09-04T15:46:02.4518712Z ##[endgroup]
2026-09-04T15:46:02.4520253Z ##[group]Disabling automatic garbage collection
2026-09-04T15:46:02.4522479Z [command]/usr/bin/git config --local gc.auto 0
2026-09-04T15:46:02.4554450Z ##[endgroup]
2026-09-04T15:46:02.4555847Z ##[group]Setting up auth
2026-09-04T15:46:02.4561866Z [command]/usr/bin/git config --local --name-only --get-regexp core\.sshCommand
2026-09-04T15:46:02.4595471Z [command]/usr/bin/git submodule foreach --recursive sh -c "git config --local --name-only --get-regexp 'core\.sshCommand' && git config --local --unset-all 'core.sshCommand' || :"
2026-09-04T15:46:02.4957302Z [command]/usr/bin/git config --local --name-only --get-regexp http\.https\:\/\/github\.com\/\.extraheader
2026-09-04T15:46:02.4996845Z [command]/usr/bin/git submodule foreach --recursive sh -c "git config --local --name-only --get-regexp 'http\.https\:\/\/github\.com\/\.extraheader' && git config --local --unset-all 'http.https://github.com/.extraheader' || :"
2026-09-04T15:46:02.5233362Z [command]/usr/bin/git config --local --name-only --get-regexp ^includeIf\.gitdir:
2026-09-04T15:46:02.5271338Z [command]/usr/bin/git submodule foreach --recursive git config --local --show-origin --name-only --get-regexp remote.origin.url
2026-09-04T15:46:02.5501087Z [command]/usr/bin/git config --local http.https://github.com/.extraheader AUTHORIZATION: basic ***
2026-09-04T15:46:02.5541874Z ##[endgroup]
2026-09-04T15:46:02.5542789Z ##[group]Fetching the repository
2026-09-04T15:46:02.5552314Z [command]/usr/bin/git -c protocol.version=2 fetch --no-tags --prune --no-recurse-submodules --depth=1 origin +ff2db557a0a8df7e538c7d2e729be8ed403658e2:refs/remotes/origin/feature/f3-test-failures
2026-09-04T15:46:03.5457890Z From https://github.com/DhruvHegde/log-generation
2026-09-04T15:46:03.5460381Z  * [new ref]         ff2db557a0a8df7e538c7d2e729be8ed403658e2 -> origin/feature/f3-test-failures
2026-09-04T15:46:03.5466223Z ##[endgroup]
2026-09-04T15:46:03.5468298Z ##[group]Determining the checkout info
2026-09-04T15:46:03.5470670Z ##[endgroup]
2026-09-04T15:46:03.5474545Z [command]/usr/bin/git sparse-checkout disable
2026-09-04T15:46:03.5529976Z [command]/usr/bin/git config --local --unset-all extensions.worktreeConfig
2026-09-04T15:46:03.5566259Z ##[group]Checking out the ref
2026-09-04T15:46:03.5570689Z [command]/usr/bin/git checkout --progress --force -B feature/f3-test-failures refs/remotes/origin/feature/f3-test-failures
2026-09-04T15:46:03.6323090Z Switched to a new branch 'feature/f3-test-failures'
2026-09-04T15:46:03.6327207Z branch 'feature/f3-test-failures' set up to track 'origin/feature/f3-test-failures'.
2026-09-04T15:46:03.6338986Z ##[endgroup]
2026-09-04T15:46:03.6387382Z [command]/usr/bin/git log -1 --format=%H
2026-09-04T15:46:03.6414345Z ff2db557a0a8df7e538c7d2e729be8ed403658e2
2026-09-04T15:46:03.6770842Z Node 20 is being deprecated. This workflow is running with Node 24 by default. If you need to temporarily use Node 20, you can set the ACTIONS_ALLOW_USE_UNSECURE_NODE_VERSION=true environment variable. For more information see: https://github.blog/changelog/2025-09-19-deprecation-of-node-20-on-github-actions-runners/
2026-09-04T15:46:03.6776804Z ##[group]Run actions/setup-python@v5
2026-09-04T15:46:03.6777935Z with:
2026-09-04T15:46:03.6778754Z   python-version: 3.11
2026-09-04T15:46:03.6779938Z   check-latest: false
2026-09-04T15:46:03.6789561Z   token: ***
2026-09-04T15:46:03.6790457Z   update-environment: true
2026-09-04T15:46:03.6791489Z   allow-prereleases: false
2026-09-04T15:46:03.6792504Z   freethreaded: false
2026-09-04T15:46:03.6793418Z ##[endgroup]
2026-09-04T15:46:03.8143678Z ##[group]Installed versions
2026-09-04T15:46:03.8236555Z (node:2242) [DEP0040] DeprecationWarning: The `punycode` module is deprecated. Please use a userland alternative instead.
2026-09-04T15:46:03.8240432Z (Use `node --trace-deprecation ...` to show where the warning was created)
2026-09-04T15:46:03.8243085Z Successfully set up CPython (3.11.16)
2026-09-04T15:46:03.8245747Z ##[endgroup]
2026-09-04T15:46:03.8457982Z ##[group]Run pip install --no-cache-dir pytest
2026-09-04T15:46:03.8459817Z [36;1mpip install --no-cache-dir pytest[0m
2026-09-04T15:46:03.8520293Z shell: /usr/bin/bash -e {0}
2026-09-04T15:46:03.8608123Z env:
2026-09-04T15:46:03.8610145Z   pythonLocation: /opt/hostedtoolcache/Python/3.11.16/x64
2026-09-04T15:46:03.8612697Z   PKG_CONFIG_PATH: /opt/hostedtoolcache/Python/3.11.16/x64/lib/pkgconfig
2026-09-04T15:46:03.8615525Z   Python_ROOT_DIR: /opt/hostedtoolcache/Python/3.11.16/x64
2026-09-04T15:46:03.8618110Z   Python2_ROOT_DIR: /opt/hostedtoolcache/Python/3.11.16/x64
2026-09-04T15:46:03.8620936Z   Python3_ROOT_DIR: /opt/hostedtoolcache/Python/3.11.16/x64
2026-09-04T15:46:03.8623704Z   LD_LIBRARY_PATH: /opt/hostedtoolcache/Python/3.11.16/x64/lib
2026-09-04T15:46:03.8625872Z ##[endgroup]
2026-09-04T15:46:06.2508900Z Collecting pytest
2026-09-04T15:46:06.2963626Z   Downloading pytest-9.1.1-py3-none-any.whl.metadata (7.6 kB)
2026-09-04T15:46:06.3044271Z Collecting iniconfig>=1.0.1 (from pytest)
2026-09-04T15:46:06.3077384Z   Downloading iniconfig-2.3.0-py3-none-any.whl.metadata (2.5 kB)
2026-09-04T15:46:06.3183468Z Collecting packaging>=22 (from pytest)
2026-09-04T15:46:06.3214508Z   Downloading packaging-26.3-py3-none-any.whl.metadata (3.5 kB)
2026-09-04T15:46:06.3289930Z Collecting pluggy<2,>=1.5 (from pytest)
2026-09-04T15:46:06.3320382Z   Downloading pluggy-1.6.0-py3-none-any.whl.metadata (4.8 kB)
2026-09-04T15:46:06.3450706Z Collecting pygments>=2.7.2 (from pytest)
2026-09-04T15:46:06.3481604Z   Downloading pygments-2.21.0-py3-none-any.whl.metadata (2.5 kB)
2026-09-04T15:46:06.3543001Z Downloading pytest-9.1.1-py3-none-any.whl (386 kB)
2026-09-04T15:46:06.3698037Z Downloading pluggy-1.6.0-py3-none-any.whl (20 kB)
2026-09-04T15:46:06.3728543Z Downloading iniconfig-2.3.0-py3-none-any.whl (7.5 kB)
2026-09-04T15:46:06.3758998Z Downloading packaging-26.3-py3-none-any.whl (129 kB)
2026-09-04T15:46:06.3793656Z Downloading pygments-2.21.0-py3-none-any.whl (1.3 MB)
2026-09-04T15:46:06.3864374Z    ââââââââââââââââââââââââââââââââââââââââ 1.3/1.3 MB 279.6 MB/s  0:00:00
2026-09-04T15:46:06.5411944Z Installing collected packages: pygments, pluggy, packaging, iniconfig, pytest
2026-09-04T15:46:07.5122274Z 
2026-09-04T15:46:07.5132656Z Successfully installed iniconfig-2.3.0 packaging-26.3 pluggy-1.6.0 pygments-2.21.0 pytest-9.1.1
2026-09-04T15:46:07.5628017Z ##[group]Run python automation/inject_mutation.py --error-type "FileNotFoundError"
2026-09-04T15:46:07.5628688Z [36;1mpython automation/inject_mutation.py --error-type "FileNotFoundError"[0m
2026-09-04T15:46:07.5668315Z shell: /usr/bin/bash -e {0}
2026-09-04T15:46:07.5668574Z env:
2026-09-04T15:46:07.5668861Z   pythonLocation: /opt/hostedtoolcache/Python/3.11.16/x64
2026-09-04T15:46:07.5669688Z   PKG_CONFIG_PATH: /opt/hostedtoolcache/Python/3.11.16/x64/lib/pkgconfig
2026-09-04T15:46:07.5670137Z   Python_ROOT_DIR: /opt/hostedtoolcache/Python/3.11.16/x64
2026-09-04T15:46:07.5670543Z   Python2_ROOT_DIR: /opt/hostedtoolcache/Python/3.11.16/x64
2026-09-04T15:46:07.5670939Z   Python3_ROOT_DIR: /opt/hostedtoolcache/Python/3.11.16/x64
2026-09-04T15:46:07.5671320Z   LD_LIBRARY_PATH: /opt/hostedtoolcache/Python/3.11.16/x64/lib
2026-09-04T15:46:07.5671673Z ##[endgroup]
2026-09-04T15:46:07.5968000Z [Mutation Injected] Successfully injected FileNotFoundError into tests/test_app.py
2026-09-04T15:46:07.6036983Z ##[group]Run pytest tests/test_app.py -v
2026-09-04T15:46:07.6037353Z [36;1mpytest tests/test_app.py -v[0m
2026-09-04T15:46:07.6074330Z shell: /usr/bin/bash -e {0}
2026-09-04T15:46:07.6074591Z env:
2026-09-04T15:46:07.6074862Z   pythonLocation: /opt/hostedtoolcache/Python/3.11.16/x64
2026-09-04T15:46:07.6075309Z   PKG_CONFIG_PATH: /opt/hostedtoolcache/Python/3.11.16/x64/lib/pkgconfig
2026-09-04T15:46:07.6075770Z   Python_ROOT_DIR: /opt/hostedtoolcache/Python/3.11.16/x64
2026-09-04T15:46:07.6076154Z   Python2_ROOT_DIR: /opt/hostedtoolcache/Python/3.11.16/x64
2026-09-04T15:46:07.6076545Z   Python3_ROOT_DIR: /opt/hostedtoolcache/Python/3.11.16/x64
2026-09-04T15:46:07.6076939Z   LD_LIBRARY_PATH: /opt/hostedtoolcache/Python/3.11.16/x64/lib
2026-09-04T15:46:07.6077268Z ##[endgroup]
2026-09-04T15:46:07.9815655Z ============================= test session starts ==============================
2026-09-04T15:46:07.9817201Z platform linux -- Python 3.11.16, pytest-9.1.1, pluggy-1.6.0 -- /opt/hostedtoolcache/Python/3.11.16/x64/bin/python
2026-09-04T15:46:07.9827083Z cachedir: .pytest_cache
2026-09-04T15:46:07.9827650Z rootdir: /home/runner/work/log-generation/log-generation
2026-09-04T15:46:07.9828341Z configfile: pytest.ini
2026-09-04T15:46:07.9909171Z collecting ... collected 6 items
2026-09-04T15:46:07.9909853Z 
2026-09-04T15:46:07.9918188Z tests/test_app.py::test_calculate_division PASSED                        [ 16%]
2026-09-04T15:46:07.9925877Z tests/test_app.py::test_convert_to_int PASSED                            [ 33%]
2026-09-04T15:46:07.9933431Z tests/test_app.py::test_get_list_item PASSED                             [ 50%]
2026-09-04T15:46:07.9940398Z tests/test_app.py::test_get_dict_value PASSED                            [ 66%]
2026-09-04T15:46:07.9946886Z tests/test_app.py::test_assert_positive PASSED                           [ 83%]
2026-09-04T15:46:08.0215868Z tests/test_app.py::test_file_not_found_error FAILED                      [100%]
2026-09-04T15:46:08.0216575Z 
2026-09-04T15:46:08.0216916Z =================================== FAILURES ===================================
2026-09-04T15:46:08.0217486Z __________________________ test_file_not_found_error ___________________________
2026-09-04T15:46:08.0217842Z 
2026-09-04T15:46:08.0217983Z     def test_file_not_found_error():
2026-09-04T15:46:08.0218356Z         """Injected synthetic FileNotFoundError."""
2026-09-04T15:46:08.0218788Z         from src.app import read_config_file
2026-09-04T15:46:08.0219255Z >       read_config_file("fixtures/non_existent_pipeline_config.json")
2026-09-04T15:46:08.0220019Z 
2026-09-04T15:46:08.0220150Z tests/test_app.py:133: 
2026-09-04T15:46:08.0220510Z _ _ _ _ _ _ _ _ _ _ _ _ _ _ _ _ _ _ _ _ _ _ _ _ _ _ _ _ _ _ _ _ _ _ _ _ _ _ _ _ 
2026-09-04T15:46:08.0220813Z 
2026-09-04T15:46:08.0221006Z path = 'fixtures/non_existent_pipeline_config.json'
2026-09-04T15:46:08.0221298Z 
2026-09-04T15:46:08.0221439Z     def read_config_file(path):
2026-09-04T15:46:08.0221760Z >       with open(path, "r") as f:
2026-09-04T15:46:08.0222078Z              ^^^^^^^^^^^^^^^
2026-09-04T15:46:08.0222640Z E       FileNotFoundError: [Errno 2] No such file or directory: 'fixtures/non_existent_pipeline_config.json'
2026-09-04T15:46:08.0223168Z 
2026-09-04T15:46:08.0223307Z src/app.py:17: FileNotFoundError
2026-09-04T15:46:08.0404396Z =========================== short test summary info ============================
2026-09-04T15:46:08.0405508Z FAILED tests/test_app.py::test_file_not_found_error - FileNotFoundError: [Errno 2] No such file or directory: 'fixtures/non_existent_pipeline_config.json'
2026-09-04T15:46:08.0406273Z ========================= 1 failed, 5 passed in 0.03s ==========================
2026-09-04T15:46:08.0416748Z ##[error]Process completed with exit code 1.
2026-09-04T15:46:08.0562656Z Node 20 is being deprecated. This workflow is running with Node 24 by default. If you need to temporarily use Node 20, you can set the ACTIONS_ALLOW_USE_UNSECURE_NODE_VERSION=true environment variable. For more information see: https://github.blog/changelog/2025-09-19-deprecation-of-node-20-on-github-actions-runners/
2026-09-04T15:46:08.0563914Z Post job cleanup.
2026-09-04T15:46:08.1457734Z [command]/usr/bin/git version
2026-09-04T15:46:08.1505979Z git version 2.55.0
2026-09-04T15:46:08.1553675Z Temporarily overriding HOME='/home/runner/work/_temp/9a58592a-c653-456f-a222-fdca02e394a2' before making global git config changes
2026-09-04T15:46:08.1554836Z Adding repository directory to the temporary git global config as a safe directory
2026-09-04T15:46:08.1560803Z [command]/usr/bin/git config --global --add safe.directory /home/runner/work/log-generation/log-generation
2026-09-04T15:46:08.1604768Z [command]/usr/bin/git config --local --name-only --get-regexp core\.sshCommand
2026-09-04T15:46:08.1641865Z [command]/usr/bin/git submodule foreach --recursive sh -c "git config --local --name-only --get-regexp 'core\.sshCommand' && git config --local --unset-all 'core.sshCommand' || :"
2026-09-04T15:46:08.1904219Z [command]/usr/bin/git config --local --name-only --get-regexp http\.https\:\/\/github\.com\/\.extraheader
2026-09-04T15:46:08.1933201Z http.https://github.com/.extraheader
2026-09-04T15:46:08.1944882Z [command]/usr/bin/git config --local --unset-all http.https://github.com/.extraheader
2026-09-04T15:46:08.1982550Z [command]/usr/bin/git submodule foreach --recursive sh -c "git config --local --name-only --get-regexp 'http\.https\:\/\/github\.com\/\.extraheader' && git config --local --unset-all 'http.https://github.com/.extraheader' || :"
2026-09-04T15:46:08.2243864Z [command]/usr/bin/git config --local --name-only --get-regexp ^includeIf\.gitdir:
2026-09-04T15:46:08.2286430Z [command]/usr/bin/git submodule foreach --recursive git config --local --show-origin --name-only --get-regexp remote.origin.url
2026-09-04T15:46:08.2681391Z Cleaning up orphan processes
2026-09-04T15:46:08.2959835Z ##[warning]Node.js 20 is deprecated. The following actions target Node.js 20 but are being forced to run on Node.js 24: actions/checkout@v4, actions/setup-python@v5. For more information see: https://github.blog/changelog/2025-09-19-deprecation-of-node-20-on-github-actions-runners/
