ï»¿2026-09-04T15:46:21.2684613Z Current runner version: '2.337.0'
2026-09-04T15:46:21.2722097Z ##[group]Runner Image Provisioner
2026-09-04T15:46:21.2723520Z Hosted Compute Agent
2026-09-04T15:46:21.2724699Z Version: 20260828.587
2026-09-04T15:46:21.2725929Z Commit: abac92662cab4cc7352de4f9f9d2e2419aad9c29
2026-09-04T15:46:21.2727257Z Build Date: 2026-08-28T16:44:25Z
2026-09-04T15:46:21.2728863Z Worker ID: {631ff884-3010-436b-a266-b460ea33a736}
2026-09-04T15:46:21.2730172Z Azure Region: centralus
2026-09-04T15:46:21.2731194Z ##[endgroup]
2026-09-04T15:46:21.2733892Z ##[group]Operating System
2026-09-04T15:46:21.2735057Z Ubuntu
2026-09-04T15:46:21.2736136Z 24.04.4
2026-09-04T15:46:21.2737063Z LTS
2026-09-04T15:46:21.2737986Z ##[endgroup]
2026-09-04T15:46:21.2740038Z ##[group]Runner Image
2026-09-04T15:46:21.2741130Z Image: ubuntu-24.04
2026-09-04T15:46:21.2742332Z Version: 20260831.293.1
2026-09-04T15:46:21.2744585Z Included Software: https://github.com/actions/runner-images/blob/ubuntu24/20260831.293/images/ubuntu/Ubuntu2404-Readme.md
2026-09-04T15:46:21.2747548Z Image Release: https://github.com/actions/runner-images/releases/tag/ubuntu24%2F20260831.293
2026-09-04T15:46:21.2749603Z ##[endgroup]
2026-09-04T15:46:21.2751967Z ##[group]GITHUB_TOKEN Permissions
2026-09-04T15:46:21.2755092Z Contents: read
2026-09-04T15:46:21.2756008Z Metadata: read
2026-09-04T15:46:21.2756638Z Packages: read
2026-09-04T15:46:21.2757280Z ##[endgroup]
2026-09-04T15:46:21.2759829Z Secret source: Actions
2026-09-04T15:46:21.2761333Z Prepare workflow directory
2026-09-04T15:46:21.3144584Z Prepare all required actions
2026-09-04T15:46:21.3217647Z Getting action download info
2026-09-04T15:46:21.6056835Z Download action repository 'actions/checkout@v4' (SHA:11d5960a326750d5838078e36cf38b85af677262)
2026-09-04T15:46:21.7219443Z Download action repository 'actions/setup-python@v5' (SHA:a26af69be951a213d495a4c3e4e4022e16d87065)
2026-09-04T15:46:21.9128397Z Complete job name: test-f3 (ZeroDivisionError #223)
2026-09-04T15:46:21.9912628Z Node 20 is being deprecated. This workflow is running with Node 24 by default. If you need to temporarily use Node 20, you can set the ACTIONS_ALLOW_USE_UNSECURE_NODE_VERSION=true environment variable. For more information see: https://github.blog/changelog/2025-09-19-deprecation-of-node-20-on-github-actions-runners/
2026-09-04T15:46:21.9921823Z ##[group]Run actions/checkout@v4
2026-09-04T15:46:21.9922587Z with:
2026-09-04T15:46:21.9923032Z   fetch-depth: 1
2026-09-04T15:46:21.9923543Z   repository: DhruvHegde/log-generation
2026-09-04T15:46:21.9927311Z   token: ***
2026-09-04T15:46:21.9927762Z   ssh-strict: true
2026-09-04T15:46:21.9928226Z   ssh-user: git
2026-09-04T15:46:21.9928953Z   persist-credentials: true
2026-09-04T15:46:21.9929479Z   clean: true
2026-09-04T15:46:21.9929957Z   sparse-checkout-cone-mode: true
2026-09-04T15:46:21.9930498Z   fetch-tags: false
2026-09-04T15:46:21.9930967Z   show-progress: true
2026-09-04T15:46:21.9931434Z   lfs: false
2026-09-04T15:46:21.9931912Z   submodules: false
2026-09-04T15:46:21.9932389Z   set-safe-directory: true
2026-09-04T15:46:21.9932928Z   allow-unsafe-pr-checkout: false
2026-09-04T15:46:21.9933741Z ##[endgroup]
2026-09-04T15:46:22.0949822Z Syncing repository: DhruvHegde/log-generation
2026-09-04T15:46:22.0952499Z ##[group]Getting Git version info
2026-09-04T15:46:22.0953776Z Working directory is '/home/runner/work/log-generation/log-generation'
2026-09-04T15:46:22.0955570Z [command]/usr/bin/git version
2026-09-04T15:46:22.1012894Z git version 2.55.0
2026-09-04T15:46:22.1035342Z ##[endgroup]
2026-09-04T15:46:22.1050494Z Temporarily overriding HOME='/home/runner/work/_temp/36ec2777-ddea-4b95-ae18-a0a919e0eb1b' before making global git config changes
2026-09-04T15:46:22.1052987Z Adding repository directory to the temporary git global config as a safe directory
2026-09-04T15:46:22.1055809Z [command]/usr/bin/git config --global --add safe.directory /home/runner/work/log-generation/log-generation
2026-09-04T15:46:22.1120073Z Deleting the contents of '/home/runner/work/log-generation/log-generation'
2026-09-04T15:46:22.1123816Z ##[group]Initializing the repository
2026-09-04T15:46:22.1128974Z [command]/usr/bin/git init /home/runner/work/log-generation/log-generation
2026-09-04T15:46:22.1234360Z hint: Using 'master' as the name for the initial branch. This default branch name
2026-09-04T15:46:22.1236208Z hint: will change to "main" in Git 3.0. To configure the initial branch name
2026-09-04T15:46:22.1237264Z hint: to use in all of your new repositories, which will suppress this warning,
2026-09-04T15:46:22.1238057Z hint: call:
2026-09-04T15:46:22.1238488Z hint:
2026-09-04T15:46:22.1239313Z hint: 	git config --global init.defaultBranch <name>
2026-09-04T15:46:22.1239960Z hint:
2026-09-04T15:46:22.1240574Z hint: Names commonly chosen instead of 'master' are 'main', 'trunk' and
2026-09-04T15:46:22.1241566Z hint: 'development'. The just-created branch can be renamed via this command:
2026-09-04T15:46:22.1242339Z hint:
2026-09-04T15:46:22.1242836Z hint: 	git branch -m <name>
2026-09-04T15:46:22.1243365Z hint:
2026-09-04T15:46:22.1244402Z hint: Disable this message with "git config set advice.defaultBranchName false"
2026-09-04T15:46:22.1250726Z Initialized empty Git repository in /home/runner/work/log-generation/log-generation/.git/
2026-09-04T15:46:22.1261927Z [command]/usr/bin/git remote add origin https://github.com/DhruvHegde/log-generation
2026-09-04T15:46:22.1313171Z ##[endgroup]
2026-09-04T15:46:22.1314598Z ##[group]Disabling automatic garbage collection
2026-09-04T15:46:22.1317882Z [command]/usr/bin/git config --local gc.auto 0
2026-09-04T15:46:22.1351374Z ##[endgroup]
2026-09-04T15:46:22.1352584Z ##[group]Setting up auth
2026-09-04T15:46:22.1360372Z [command]/usr/bin/git config --local --name-only --get-regexp core\.sshCommand
2026-09-04T15:46:22.1397682Z [command]/usr/bin/git submodule foreach --recursive sh -c "git config --local --name-only --get-regexp 'core\.sshCommand' && git config --local --unset-all 'core.sshCommand' || :"
2026-09-04T15:46:22.1783922Z [command]/usr/bin/git config --local --name-only --get-regexp http\.https\:\/\/github\.com\/\.extraheader
2026-09-04T15:46:22.1825944Z [command]/usr/bin/git submodule foreach --recursive sh -c "git config --local --name-only --get-regexp 'http\.https\:\/\/github\.com\/\.extraheader' && git config --local --unset-all 'http.https://github.com/.extraheader' || :"
2026-09-04T15:46:22.2061564Z [command]/usr/bin/git config --local --name-only --get-regexp ^includeIf\.gitdir:
2026-09-04T15:46:22.2099757Z [command]/usr/bin/git submodule foreach --recursive git config --local --show-origin --name-only --get-regexp remote.origin.url
2026-09-04T15:46:22.2344373Z [command]/usr/bin/git config --local http.https://github.com/.extraheader AUTHORIZATION: basic ***
2026-09-04T15:46:22.2394070Z ##[endgroup]
2026-09-04T15:46:22.2395227Z ##[group]Fetching the repository
2026-09-04T15:46:22.2409278Z [command]/usr/bin/git -c protocol.version=2 fetch --no-tags --prune --no-recurse-submodules --depth=1 origin +ff2db557a0a8df7e538c7d2e729be8ed403658e2:refs/remotes/origin/feature/f3-test-failures
2026-09-04T15:46:22.7959357Z From https://github.com/DhruvHegde/log-generation
2026-09-04T15:46:22.7961540Z  * [new ref]         ff2db557a0a8df7e538c7d2e729be8ed403658e2 -> origin/feature/f3-test-failures
2026-09-04T15:46:22.7965425Z ##[endgroup]
2026-09-04T15:46:22.7967074Z ##[group]Determining the checkout info
2026-09-04T15:46:22.7969272Z ##[endgroup]
2026-09-04T15:46:22.7975386Z [command]/usr/bin/git sparse-checkout disable
2026-09-04T15:46:22.8030945Z [command]/usr/bin/git config --local --unset-all extensions.worktreeConfig
2026-09-04T15:46:22.8070995Z ##[group]Checking out the ref
2026-09-04T15:46:22.8072822Z [command]/usr/bin/git checkout --progress --force -B feature/f3-test-failures refs/remotes/origin/feature/f3-test-failures
2026-09-04T15:46:22.8819290Z Switched to a new branch 'feature/f3-test-failures'
2026-09-04T15:46:22.8823228Z branch 'feature/f3-test-failures' set up to track 'origin/feature/f3-test-failures'.
2026-09-04T15:46:22.8833648Z ##[endgroup]
2026-09-04T15:46:22.8880979Z [command]/usr/bin/git log -1 --format=%H
2026-09-04T15:46:22.8908231Z ff2db557a0a8df7e538c7d2e729be8ed403658e2
2026-09-04T15:46:22.9281931Z Node 20 is being deprecated. This workflow is running with Node 24 by default. If you need to temporarily use Node 20, you can set the ACTIONS_ALLOW_USE_UNSECURE_NODE_VERSION=true environment variable. For more information see: https://github.blog/changelog/2025-09-19-deprecation-of-node-20-on-github-actions-runners/
2026-09-04T15:46:22.9291934Z ##[group]Run actions/setup-python@v5
2026-09-04T15:46:22.9294022Z with:
2026-09-04T15:46:22.9295574Z   python-version: 3.11
2026-09-04T15:46:22.9297279Z   check-latest: false
2026-09-04T15:46:22.9309336Z   token: ***
2026-09-04T15:46:22.9310427Z   update-environment: true
2026-09-04T15:46:22.9311620Z   allow-prereleases: false
2026-09-04T15:46:22.9312764Z   freethreaded: false
2026-09-04T15:46:22.9313783Z ##[endgroup]
2026-09-04T15:46:23.0675773Z ##[group]Installed versions
2026-09-04T15:46:23.0777369Z (node:2252) [DEP0040] DeprecationWarning: The `punycode` module is deprecated. Please use a userland alternative instead.
2026-09-04T15:46:23.0782888Z (Use `node --trace-deprecation ...` to show where the warning was created)
2026-09-04T15:46:23.0786199Z Successfully set up CPython (3.11.16)
2026-09-04T15:46:23.0790194Z ##[endgroup]
2026-09-04T15:46:23.1025398Z ##[group]Run pip install --no-cache-dir pytest
2026-09-04T15:46:23.1027064Z [36;1mpip install --no-cache-dir pytest[0m
2026-09-04T15:46:23.1090690Z shell: /usr/bin/bash -e {0}
2026-09-04T15:46:23.1092788Z env:
2026-09-04T15:46:23.1183499Z   pythonLocation: /opt/hostedtoolcache/Python/3.11.16/x64
2026-09-04T15:46:23.1185624Z   PKG_CONFIG_PATH: /opt/hostedtoolcache/Python/3.11.16/x64/lib/pkgconfig
2026-09-04T15:46:23.1187529Z   Python_ROOT_DIR: /opt/hostedtoolcache/Python/3.11.16/x64
2026-09-04T15:46:23.1189607Z   Python2_ROOT_DIR: /opt/hostedtoolcache/Python/3.11.16/x64
2026-09-04T15:46:23.1191385Z   Python3_ROOT_DIR: /opt/hostedtoolcache/Python/3.11.16/x64
2026-09-04T15:46:23.1193189Z   LD_LIBRARY_PATH: /opt/hostedtoolcache/Python/3.11.16/x64/lib
2026-09-04T15:46:23.1194659Z ##[endgroup]
2026-09-04T15:46:24.0466525Z Collecting pytest
2026-09-04T15:46:24.1264029Z   Downloading pytest-9.1.1-py3-none-any.whl.metadata (7.6 kB)
2026-09-04T15:46:24.1496695Z Collecting iniconfig>=1.0.1 (from pytest)
2026-09-04T15:46:24.1634859Z   Downloading iniconfig-2.3.0-py3-none-any.whl.metadata (2.5 kB)
2026-09-04T15:46:24.1894067Z Collecting packaging>=22 (from pytest)
2026-09-04T15:46:24.2032255Z   Downloading packaging-26.3-py3-none-any.whl.metadata (3.5 kB)
2026-09-04T15:46:24.2247828Z Collecting pluggy<2,>=1.5 (from pytest)
2026-09-04T15:46:24.2386802Z   Downloading pluggy-1.6.0-py3-none-any.whl.metadata (4.8 kB)
2026-09-04T15:46:24.2688163Z Collecting pygments>=2.7.2 (from pytest)
2026-09-04T15:46:24.2830011Z   Downloading pygments-2.21.0-py3-none-any.whl.metadata (2.5 kB)
2026-09-04T15:46:24.3001408Z Downloading pytest-9.1.1-py3-none-any.whl (386 kB)
2026-09-04T15:46:24.4717221Z Downloading pluggy-1.6.0-py3-none-any.whl (20 kB)
2026-09-04T15:46:24.4858206Z Downloading iniconfig-2.3.0-py3-none-any.whl (7.5 kB)
2026-09-04T15:46:24.5002310Z Downloading packaging-26.3-py3-none-any.whl (129 kB)
2026-09-04T15:46:24.5189112Z Downloading pygments-2.21.0-py3-none-any.whl (1.3 MB)
2026-09-04T15:46:24.6208842Z    ââââââââââââââââââââââââââââââââââââââââ 1.3/1.3 MB 11.6 MB/s  0:00:00
2026-09-04T15:46:24.6865981Z Installing collected packages: pygments, pluggy, packaging, iniconfig, pytest
2026-09-04T15:46:25.6969153Z 
2026-09-04T15:46:25.6978900Z Successfully installed iniconfig-2.3.0 packaging-26.3 pluggy-1.6.0 pygments-2.21.0 pytest-9.1.1
2026-09-04T15:46:25.7679062Z ##[group]Run python automation/inject_mutation.py --error-type "ZeroDivisionError"
2026-09-04T15:46:25.7679765Z [36;1mpython automation/inject_mutation.py --error-type "ZeroDivisionError"[0m
2026-09-04T15:46:25.7719811Z shell: /usr/bin/bash -e {0}
2026-09-04T15:46:25.7720098Z env:
2026-09-04T15:46:25.7720395Z   pythonLocation: /opt/hostedtoolcache/Python/3.11.16/x64
2026-09-04T15:46:25.7721135Z   PKG_CONFIG_PATH: /opt/hostedtoolcache/Python/3.11.16/x64/lib/pkgconfig
2026-09-04T15:46:25.7721589Z   Python_ROOT_DIR: /opt/hostedtoolcache/Python/3.11.16/x64
2026-09-04T15:46:25.7722002Z   Python2_ROOT_DIR: /opt/hostedtoolcache/Python/3.11.16/x64
2026-09-04T15:46:25.7722401Z   Python3_ROOT_DIR: /opt/hostedtoolcache/Python/3.11.16/x64
2026-09-04T15:46:25.7722784Z   LD_LIBRARY_PATH: /opt/hostedtoolcache/Python/3.11.16/x64/lib
2026-09-04T15:46:25.7723142Z ##[endgroup]
2026-09-04T15:46:25.8034843Z [Mutation Injected] Successfully injected ZeroDivisionError into tests/test_app.py
2026-09-04T15:46:25.8117439Z ##[group]Run pytest tests/test_app.py -v
2026-09-04T15:46:25.8117820Z [36;1mpytest tests/test_app.py -v[0m
2026-09-04T15:46:25.8157038Z shell: /usr/bin/bash -e {0}
2026-09-04T15:46:25.8157316Z env:
2026-09-04T15:46:25.8157605Z   pythonLocation: /opt/hostedtoolcache/Python/3.11.16/x64
2026-09-04T15:46:25.8158076Z   PKG_CONFIG_PATH: /opt/hostedtoolcache/Python/3.11.16/x64/lib/pkgconfig
2026-09-04T15:46:25.8158839Z   Python_ROOT_DIR: /opt/hostedtoolcache/Python/3.11.16/x64
2026-09-04T15:46:25.8159263Z   Python2_ROOT_DIR: /opt/hostedtoolcache/Python/3.11.16/x64
2026-09-04T15:46:25.8159682Z   Python3_ROOT_DIR: /opt/hostedtoolcache/Python/3.11.16/x64
2026-09-04T15:46:25.8160106Z   LD_LIBRARY_PATH: /opt/hostedtoolcache/Python/3.11.16/x64/lib
2026-09-04T15:46:25.8160454Z ##[endgroup]
2026-09-04T15:46:26.2116479Z ============================= test session starts ==============================
2026-09-04T15:46:26.2117571Z platform linux -- Python 3.11.16, pytest-9.1.1, pluggy-1.6.0 -- /opt/hostedtoolcache/Python/3.11.16/x64/bin/python
2026-09-04T15:46:26.2118381Z cachedir: .pytest_cache
2026-09-04T15:46:26.2119278Z rootdir: /home/runner/work/log-generation/log-generation
2026-09-04T15:46:26.2119800Z configfile: pytest.ini
2026-09-04T15:46:26.2211953Z collecting ... collected 6 items
2026-09-04T15:46:26.2212342Z 
2026-09-04T15:46:26.2221736Z tests/test_app.py::test_calculate_division PASSED                        [ 16%]
2026-09-04T15:46:26.2228589Z tests/test_app.py::test_convert_to_int PASSED                            [ 33%]
2026-09-04T15:46:26.2236544Z tests/test_app.py::test_get_list_item PASSED                             [ 50%]
2026-09-04T15:46:26.2243899Z tests/test_app.py::test_get_dict_value PASSED                            [ 66%]
2026-09-04T15:46:26.2250987Z tests/test_app.py::test_assert_positive PASSED                           [ 83%]
2026-09-04T15:46:26.2554083Z tests/test_app.py::test_zero_division_error FAILED                       [100%]
2026-09-04T15:46:26.2554936Z 
2026-09-04T15:46:26.2555207Z =================================== FAILURES ===================================
2026-09-04T15:46:26.2555983Z ___________________________ test_zero_division_error ___________________________
2026-09-04T15:46:26.2556502Z 
2026-09-04T15:46:26.2556685Z     def test_zero_division_error():
2026-09-04T15:46:26.2557224Z         """Injected synthetic ZeroDivisionError."""
2026-09-04T15:46:26.2557847Z         from src.app import calculate_division
2026-09-04T15:46:26.2558384Z >       calculate_division(42, 0)
2026-09-04T15:46:26.2558940Z 
2026-09-04T15:46:26.2559116Z tests/test_app.py:133: 
2026-09-04T15:46:26.2559616Z _ _ _ _ _ _ _ _ _ _ _ _ _ _ _ _ _ _ _ _ _ _ _ _ _ _ _ _ _ _ _ _ _ _ _ _ _ _ _ _ 
2026-09-04T15:46:26.2560099Z 
2026-09-04T15:46:26.2560241Z a = 42, b = 0
2026-09-04T15:46:26.2560446Z 
2026-09-04T15:46:26.2560626Z     def calculate_division(a, b):
2026-09-04T15:46:26.2561060Z >       return a / b
2026-09-04T15:46:26.2561415Z                ^^^^^
2026-09-04T15:46:26.2561838Z E       ZeroDivisionError: division by zero
2026-09-04T15:46:26.2562200Z 
2026-09-04T15:46:26.2562381Z src/app.py:2: ZeroDivisionError
2026-09-04T15:46:26.2562933Z =========================== short test summary info ============================
2026-09-04T15:46:26.2563847Z FAILED tests/test_app.py::test_zero_division_error - ZeroDivisionError: division by zero
2026-09-04T15:46:26.2564723Z ========================= 1 failed, 5 passed in 0.03s ==========================
2026-09-04T15:46:26.2781732Z ##[error]Process completed with exit code 1.
2026-09-04T15:46:26.2938071Z Node 20 is being deprecated. This workflow is running with Node 24 by default. If you need to temporarily use Node 20, you can set the ACTIONS_ALLOW_USE_UNSECURE_NODE_VERSION=true environment variable. For more information see: https://github.blog/changelog/2025-09-19-deprecation-of-node-20-on-github-actions-runners/
2026-09-04T15:46:26.2939735Z Post job cleanup.
2026-09-04T15:46:26.3887505Z [command]/usr/bin/git version
2026-09-04T15:46:26.3940595Z git version 2.55.0
2026-09-04T15:46:26.3987627Z Temporarily overriding HOME='/home/runner/work/_temp/956fb3c4-32a0-4739-ab46-f9ed86e995bb' before making global git config changes
2026-09-04T15:46:26.3989350Z Adding repository directory to the temporary git global config as a safe directory
2026-09-04T15:46:26.3994772Z [command]/usr/bin/git config --global --add safe.directory /home/runner/work/log-generation/log-generation
2026-09-04T15:46:26.4050538Z [command]/usr/bin/git config --local --name-only --get-regexp core\.sshCommand
2026-09-04T15:46:26.4107167Z [command]/usr/bin/git submodule foreach --recursive sh -c "git config --local --name-only --get-regexp 'core\.sshCommand' && git config --local --unset-all 'core.sshCommand' || :"
2026-09-04T15:46:26.4407004Z [command]/usr/bin/git config --local --name-only --get-regexp http\.https\:\/\/github\.com\/\.extraheader
2026-09-04T15:46:26.4465635Z http.https://github.com/.extraheader
2026-09-04T15:46:26.4479350Z [command]/usr/bin/git config --local --unset-all http.https://github.com/.extraheader
2026-09-04T15:46:26.4519604Z [command]/usr/bin/git submodule foreach --recursive sh -c "git config --local --name-only --get-regexp 'http\.https\:\/\/github\.com\/\.extraheader' && git config --local --unset-all 'http.https://github.com/.extraheader' || :"
2026-09-04T15:46:26.4802934Z [command]/usr/bin/git config --local --name-only --get-regexp ^includeIf\.gitdir:
2026-09-04T15:46:26.4846801Z [command]/usr/bin/git submodule foreach --recursive git config --local --show-origin --name-only --get-regexp remote.origin.url
2026-09-04T15:46:26.5259897Z Cleaning up orphan processes
2026-09-04T15:46:26.5586052Z ##[warning]Node.js 20 is deprecated. The following actions target Node.js 20 but are being forced to run on Node.js 24: actions/checkout@v4, actions/setup-python@v5. For more information see: https://github.blog/changelog/2025-09-19-deprecation-of-node-20-on-github-actions-runners/
