ï»¿2026-09-04T15:44:59.5251651Z Current runner version: '2.337.0'
2026-09-04T15:44:59.5278714Z ##[group]Runner Image Provisioner
2026-09-04T15:44:59.5279589Z Hosted Compute Agent
2026-09-04T15:44:59.5280205Z Version: 20260828.587
2026-09-04T15:44:59.5280915Z Commit: abac92662cab4cc7352de4f9f9d2e2419aad9c29
2026-09-04T15:44:59.5281658Z Build Date: 2026-08-28T16:44:25Z
2026-09-04T15:44:59.5282387Z Worker ID: {dfeae24c-b927-4cbb-99d5-dfb37f5a2f49}
2026-09-04T15:44:59.5283133Z Azure Region: westus
2026-09-04T15:44:59.5283742Z ##[endgroup]
2026-09-04T15:44:59.5286084Z ##[group]Operating System
2026-09-04T15:44:59.5286768Z Ubuntu
2026-09-04T15:44:59.5287347Z 24.04.4
2026-09-04T15:44:59.5287887Z LTS
2026-09-04T15:44:59.5288760Z ##[endgroup]
2026-09-04T15:44:59.5289550Z ##[group]Runner Image
2026-09-04T15:44:59.5290163Z Image: ubuntu-24.04
2026-09-04T15:44:59.5290777Z Version: 20260831.293.1
2026-09-04T15:44:59.5292089Z Included Software: https://github.com/actions/runner-images/blob/ubuntu24/20260831.293/images/ubuntu/Ubuntu2404-Readme.md
2026-09-04T15:44:59.5293761Z Image Release: https://github.com/actions/runner-images/releases/tag/ubuntu24%2F20260831.293
2026-09-04T15:44:59.5295032Z ##[endgroup]
2026-09-04T15:44:59.5296272Z ##[group]GITHUB_TOKEN Permissions
2026-09-04T15:44:59.5298659Z Contents: read
2026-09-04T15:44:59.5299346Z Metadata: read
2026-09-04T15:44:59.5299903Z Packages: read
2026-09-04T15:44:59.5300433Z ##[endgroup]
2026-09-04T15:44:59.5302707Z Secret source: Actions
2026-09-04T15:44:59.5304225Z Prepare workflow directory
2026-09-04T15:44:59.5655456Z Prepare all required actions
2026-09-04T15:44:59.5706241Z Getting action download info
2026-09-04T15:44:59.9389691Z Download action repository 'actions/checkout@v4' (SHA:11d5960a326750d5838078e36cf38b85af677262)
2026-09-04T15:45:00.0476259Z Download action repository 'actions/setup-python@v5' (SHA:a26af69be951a213d495a4c3e4e4022e16d87065)
2026-09-04T15:45:00.2718127Z Complete job name: test-f3 (FileNotFoundError #112)
2026-09-04T15:45:00.3489796Z Node 20 is being deprecated. This workflow is running with Node 24 by default. If you need to temporarily use Node 20, you can set the ACTIONS_ALLOW_USE_UNSECURE_NODE_VERSION=true environment variable. For more information see: https://github.blog/changelog/2025-09-19-deprecation-of-node-20-on-github-actions-runners/
2026-09-04T15:45:00.3498691Z ##[group]Run actions/checkout@v4
2026-09-04T15:45:00.3499438Z with:
2026-09-04T15:45:00.3499865Z   fetch-depth: 1
2026-09-04T15:45:00.3500347Z   repository: DhruvHegde/log-generation
2026-09-04T15:45:00.3504153Z   token: ***
2026-09-04T15:45:00.3504843Z   ssh-strict: true
2026-09-04T15:45:00.3505302Z   ssh-user: git
2026-09-04T15:45:00.3505746Z   persist-credentials: true
2026-09-04T15:45:00.3506260Z   clean: true
2026-09-04T15:45:00.3506715Z   sparse-checkout-cone-mode: true
2026-09-04T15:45:00.3507243Z   fetch-tags: false
2026-09-04T15:45:00.3507690Z   show-progress: true
2026-09-04T15:45:00.3508140Z   lfs: false
2026-09-04T15:45:00.3508636Z   submodules: false
2026-09-04T15:45:00.3509093Z   set-safe-directory: true
2026-09-04T15:45:00.3509610Z   allow-unsafe-pr-checkout: false
2026-09-04T15:45:00.3510404Z ##[endgroup]
2026-09-04T15:45:00.4552375Z Syncing repository: DhruvHegde/log-generation
2026-09-04T15:45:00.4555524Z ##[group]Getting Git version info
2026-09-04T15:45:00.4556815Z Working directory is '/home/runner/work/log-generation/log-generation'
2026-09-04T15:45:00.4558603Z [command]/usr/bin/git version
2026-09-04T15:45:00.4631243Z git version 2.55.0
2026-09-04T15:45:00.4669409Z ##[endgroup]
2026-09-04T15:45:00.4684024Z Temporarily overriding HOME='/home/runner/work/_temp/3ca0992d-11f4-47f4-8879-46fb2080268c' before making global git config changes
2026-09-04T15:45:00.4687256Z Adding repository directory to the temporary git global config as a safe directory
2026-09-04T15:45:00.4690243Z [command]/usr/bin/git config --global --add safe.directory /home/runner/work/log-generation/log-generation
2026-09-04T15:45:00.4746796Z Deleting the contents of '/home/runner/work/log-generation/log-generation'
2026-09-04T15:45:00.4751441Z ##[group]Initializing the repository
2026-09-04T15:45:00.4758053Z [command]/usr/bin/git init /home/runner/work/log-generation/log-generation
2026-09-04T15:45:00.4876060Z hint: Using 'master' as the name for the initial branch. This default branch name
2026-09-04T15:45:00.4877703Z hint: will change to "main" in Git 3.0. To configure the initial branch name
2026-09-04T15:45:00.4879252Z hint: to use in all of your new repositories, which will suppress this warning,
2026-09-04T15:45:00.4880521Z hint: call:
2026-09-04T15:45:00.4881210Z hint:
2026-09-04T15:45:00.4882015Z hint: 	git config --global init.defaultBranch <name>
2026-09-04T15:45:00.4883001Z hint:
2026-09-04T15:45:00.4883964Z hint: Names commonly chosen instead of 'master' are 'main', 'trunk' and
2026-09-04T15:45:00.4885874Z hint: 'development'. The just-created branch can be renamed via this command:
2026-09-04T15:45:00.4887122Z hint:
2026-09-04T15:45:00.4887821Z hint: 	git branch -m <name>
2026-09-04T15:45:00.4888568Z hint:
2026-09-04T15:45:00.4889645Z hint: Disable this message with "git config set advice.defaultBranchName false"
2026-09-04T15:45:00.4891774Z Initialized empty Git repository in /home/runner/work/log-generation/log-generation/.git/
2026-09-04T15:45:00.4895281Z [command]/usr/bin/git remote add origin https://github.com/DhruvHegde/log-generation
2026-09-04T15:45:00.4973538Z ##[endgroup]
2026-09-04T15:45:00.4975135Z ##[group]Disabling automatic garbage collection
2026-09-04T15:45:00.4977933Z [command]/usr/bin/git config --local gc.auto 0
2026-09-04T15:45:00.5041641Z ##[endgroup]
2026-09-04T15:45:00.5042828Z ##[group]Setting up auth
2026-09-04T15:45:00.5057199Z [command]/usr/bin/git config --local --name-only --get-regexp core\.sshCommand
2026-09-04T15:45:00.5096426Z [command]/usr/bin/git submodule foreach --recursive sh -c "git config --local --name-only --get-regexp 'core\.sshCommand' && git config --local --unset-all 'core.sshCommand' || :"
2026-09-04T15:45:00.5481446Z [command]/usr/bin/git config --local --name-only --get-regexp http\.https\:\/\/github\.com\/\.extraheader
2026-09-04T15:45:00.5520965Z [command]/usr/bin/git submodule foreach --recursive sh -c "git config --local --name-only --get-regexp 'http\.https\:\/\/github\.com\/\.extraheader' && git config --local --unset-all 'http.https://github.com/.extraheader' || :"
2026-09-04T15:45:00.5750670Z [command]/usr/bin/git config --local --name-only --get-regexp ^includeIf\.gitdir:
2026-09-04T15:45:00.5787215Z [command]/usr/bin/git submodule foreach --recursive git config --local --show-origin --name-only --get-regexp remote.origin.url
2026-09-04T15:45:00.6026631Z [command]/usr/bin/git config --local http.https://github.com/.extraheader AUTHORIZATION: basic ***
2026-09-04T15:45:00.6070956Z ##[endgroup]
2026-09-04T15:45:00.6072378Z ##[group]Fetching the repository
2026-09-04T15:45:00.6083082Z [command]/usr/bin/git -c protocol.version=2 fetch --no-tags --prune --no-recurse-submodules --depth=1 origin +ff2db557a0a8df7e538c7d2e729be8ed403658e2:refs/remotes/origin/feature/f3-test-failures
2026-09-04T15:45:01.2443039Z From https://github.com/DhruvHegde/log-generation
2026-09-04T15:45:01.2446033Z  * [new ref]         ff2db557a0a8df7e538c7d2e729be8ed403658e2 -> origin/feature/f3-test-failures
2026-09-04T15:45:01.2450620Z ##[endgroup]
2026-09-04T15:45:01.2452314Z ##[group]Determining the checkout info
2026-09-04T15:45:01.2454233Z ##[endgroup]
2026-09-04T15:45:01.2461780Z [command]/usr/bin/git sparse-checkout disable
2026-09-04T15:45:01.2527021Z [command]/usr/bin/git config --local --unset-all extensions.worktreeConfig
2026-09-04T15:45:01.2568220Z ##[group]Checking out the ref
2026-09-04T15:45:01.2575961Z [command]/usr/bin/git checkout --progress --force -B feature/f3-test-failures refs/remotes/origin/feature/f3-test-failures
2026-09-04T15:45:01.3329021Z Switched to a new branch 'feature/f3-test-failures'
2026-09-04T15:45:01.3332783Z branch 'feature/f3-test-failures' set up to track 'origin/feature/f3-test-failures'.
2026-09-04T15:45:01.3342389Z ##[endgroup]
2026-09-04T15:45:01.3393640Z [command]/usr/bin/git log -1 --format=%H
2026-09-04T15:45:01.3423401Z ff2db557a0a8df7e538c7d2e729be8ed403658e2
2026-09-04T15:45:01.3789643Z Node 20 is being deprecated. This workflow is running with Node 24 by default. If you need to temporarily use Node 20, you can set the ACTIONS_ALLOW_USE_UNSECURE_NODE_VERSION=true environment variable. For more information see: https://github.blog/changelog/2025-09-19-deprecation-of-node-20-on-github-actions-runners/
2026-09-04T15:45:01.3795417Z ##[group]Run actions/setup-python@v5
2026-09-04T15:45:01.3797068Z with:
2026-09-04T15:45:01.3798151Z   python-version: 3.11
2026-09-04T15:45:01.3799229Z   check-latest: false
2026-09-04T15:45:01.3808160Z   token: ***
2026-09-04T15:45:01.3809196Z   update-environment: true
2026-09-04T15:45:01.3810342Z   allow-prereleases: false
2026-09-04T15:45:01.3811455Z   freethreaded: false
2026-09-04T15:45:01.3812476Z ##[endgroup]
2026-09-04T15:45:01.5213066Z ##[group]Installed versions
2026-09-04T15:45:01.5318666Z (node:2307) [DEP0040] DeprecationWarning: The `punycode` module is deprecated. Please use a userland alternative instead.
2026-09-04T15:45:01.5323235Z (Use `node --trace-deprecation ...` to show where the warning was created)
2026-09-04T15:45:01.5325422Z Successfully set up CPython (3.11.16)
2026-09-04T15:45:01.5327470Z ##[endgroup]
2026-09-04T15:45:01.5590162Z ##[group]Run pip install --no-cache-dir pytest
2026-09-04T15:45:01.5592462Z [36;1mpip install --no-cache-dir pytest[0m
2026-09-04T15:45:01.5664661Z shell: /usr/bin/bash -e {0}
2026-09-04T15:45:01.5666551Z env:
2026-09-04T15:45:01.5668274Z   pythonLocation: /opt/hostedtoolcache/Python/3.11.16/x64
2026-09-04T15:45:01.5670680Z   PKG_CONFIG_PATH: /opt/hostedtoolcache/Python/3.11.16/x64/lib/pkgconfig
2026-09-04T15:45:01.5673241Z   Python_ROOT_DIR: /opt/hostedtoolcache/Python/3.11.16/x64
2026-09-04T15:45:01.5675215Z   Python2_ROOT_DIR: /opt/hostedtoolcache/Python/3.11.16/x64
2026-09-04T15:45:01.5677589Z   Python3_ROOT_DIR: /opt/hostedtoolcache/Python/3.11.16/x64
2026-09-04T15:45:01.5679224Z   LD_LIBRARY_PATH: /opt/hostedtoolcache/Python/3.11.16/x64/lib
2026-09-04T15:45:01.5775939Z ##[endgroup]
2026-09-04T15:45:04.4167986Z Collecting pytest
2026-09-04T15:45:04.4687325Z   Downloading pytest-9.1.1-py3-none-any.whl.metadata (7.6 kB)
2026-09-04T15:45:04.4797927Z Collecting iniconfig>=1.0.1 (from pytest)
2026-09-04T15:45:04.4827221Z   Downloading iniconfig-2.3.0-py3-none-any.whl.metadata (2.5 kB)
2026-09-04T15:45:04.4934106Z Collecting packaging>=22 (from pytest)
2026-09-04T15:45:04.4964741Z   Downloading packaging-26.3-py3-none-any.whl.metadata (3.5 kB)
2026-09-04T15:45:04.5041133Z Collecting pluggy<2,>=1.5 (from pytest)
2026-09-04T15:45:04.5069872Z   Downloading pluggy-1.6.0-py3-none-any.whl.metadata (4.8 kB)
2026-09-04T15:45:04.5196663Z Collecting pygments>=2.7.2 (from pytest)
2026-09-04T15:45:04.5230614Z   Downloading pygments-2.21.0-py3-none-any.whl.metadata (2.5 kB)
2026-09-04T15:45:04.5290262Z Downloading pytest-9.1.1-py3-none-any.whl (386 kB)
2026-09-04T15:45:04.5483343Z Downloading pluggy-1.6.0-py3-none-any.whl (20 kB)
2026-09-04T15:45:04.5520992Z Downloading iniconfig-2.3.0-py3-none-any.whl (7.5 kB)
2026-09-04T15:45:04.5548010Z Downloading packaging-26.3-py3-none-any.whl (129 kB)
2026-09-04T15:45:04.5583179Z Downloading pygments-2.21.0-py3-none-any.whl (1.3 MB)
2026-09-04T15:45:04.5700596Z    ââââââââââââââââââââââââââââââââââââââââ 1.3/1.3 MB 144.6 MB/s  0:00:00
2026-09-04T15:45:04.7598197Z Installing collected packages: pygments, pluggy, packaging, iniconfig, pytest
2026-09-04T15:45:05.7385940Z 
2026-09-04T15:45:05.7396323Z Successfully installed iniconfig-2.3.0 packaging-26.3 pluggy-1.6.0 pygments-2.21.0 pytest-9.1.1
2026-09-04T15:45:05.7981472Z ##[group]Run python automation/inject_mutation.py --error-type "FileNotFoundError"
2026-09-04T15:45:05.7982177Z [36;1mpython automation/inject_mutation.py --error-type "FileNotFoundError"[0m
2026-09-04T15:45:05.8021122Z shell: /usr/bin/bash -e {0}
2026-09-04T15:45:05.8021418Z env:
2026-09-04T15:45:05.8021741Z   pythonLocation: /opt/hostedtoolcache/Python/3.11.16/x64
2026-09-04T15:45:05.8022506Z   PKG_CONFIG_PATH: /opt/hostedtoolcache/Python/3.11.16/x64/lib/pkgconfig
2026-09-04T15:45:05.8023023Z   Python_ROOT_DIR: /opt/hostedtoolcache/Python/3.11.16/x64
2026-09-04T15:45:05.8023483Z   Python2_ROOT_DIR: /opt/hostedtoolcache/Python/3.11.16/x64
2026-09-04T15:45:05.8023956Z   Python3_ROOT_DIR: /opt/hostedtoolcache/Python/3.11.16/x64
2026-09-04T15:45:05.8024420Z   LD_LIBRARY_PATH: /opt/hostedtoolcache/Python/3.11.16/x64/lib
2026-09-04T15:45:05.8024990Z ##[endgroup]
2026-09-04T15:45:05.8333714Z [Mutation Injected] Successfully injected FileNotFoundError into tests/test_app.py
2026-09-04T15:45:05.8411365Z ##[group]Run pytest tests/test_app.py -v
2026-09-04T15:45:05.8411785Z [36;1mpytest tests/test_app.py -v[0m
2026-09-04T15:45:05.8450594Z shell: /usr/bin/bash -e {0}
2026-09-04T15:45:05.8450890Z env:
2026-09-04T15:45:05.8451194Z   pythonLocation: /opt/hostedtoolcache/Python/3.11.16/x64
2026-09-04T15:45:05.8451697Z   PKG_CONFIG_PATH: /opt/hostedtoolcache/Python/3.11.16/x64/lib/pkgconfig
2026-09-04T15:45:05.8452240Z   Python_ROOT_DIR: /opt/hostedtoolcache/Python/3.11.16/x64
2026-09-04T15:45:05.8452720Z   Python2_ROOT_DIR: /opt/hostedtoolcache/Python/3.11.16/x64
2026-09-04T15:45:05.8453202Z   Python3_ROOT_DIR: /opt/hostedtoolcache/Python/3.11.16/x64
2026-09-04T15:45:05.8453702Z   LD_LIBRARY_PATH: /opt/hostedtoolcache/Python/3.11.16/x64/lib
2026-09-04T15:45:05.8454117Z ##[endgroup]
2026-09-04T15:45:06.2817841Z ============================= test session starts ==============================
2026-09-04T15:45:06.2819660Z platform linux -- Python 3.11.16, pytest-9.1.1, pluggy-1.6.0 -- /opt/hostedtoolcache/Python/3.11.16/x64/bin/python
2026-09-04T15:45:06.2821434Z cachedir: .pytest_cache
2026-09-04T15:45:06.2822345Z rootdir: /home/runner/work/log-generation/log-generation
2026-09-04T15:45:06.2823376Z configfile: pytest.ini
2026-09-04T15:45:06.2908691Z collecting ... collected 6 items
2026-09-04T15:45:06.2909135Z 
2026-09-04T15:45:06.2918571Z tests/test_app.py::test_calculate_division PASSED                        [ 16%]
2026-09-04T15:45:06.2926390Z tests/test_app.py::test_convert_to_int PASSED                            [ 33%]
2026-09-04T15:45:06.2933354Z tests/test_app.py::test_get_list_item PASSED                             [ 50%]
2026-09-04T15:45:06.2940374Z tests/test_app.py::test_get_dict_value PASSED                            [ 66%]
2026-09-04T15:45:06.2947251Z tests/test_app.py::test_assert_positive PASSED                           [ 83%]
2026-09-04T15:45:06.3211768Z tests/test_app.py::test_file_not_found_error FAILED                      [100%]
2026-09-04T15:45:06.3212689Z 
2026-09-04T15:45:06.3212979Z =================================== FAILURES ===================================
2026-09-04T15:45:06.3213737Z __________________________ test_file_not_found_error ___________________________
2026-09-04T15:45:06.3214252Z 
2026-09-04T15:45:06.3214654Z     def test_file_not_found_error():
2026-09-04T15:45:06.3215197Z         """Injected synthetic FileNotFoundError."""
2026-09-04T15:45:06.3215799Z         from src.app import read_config_file
2026-09-04T15:45:06.3216473Z >       read_config_file("fixtures/non_existent_pipeline_config.json")
2026-09-04T15:45:06.3216985Z 
2026-09-04T15:45:06.3217155Z tests/test_app.py:133: 
2026-09-04T15:45:06.3217665Z _ _ _ _ _ _ _ _ _ _ _ _ _ _ _ _ _ _ _ _ _ _ _ _ _ _ _ _ _ _ _ _ _ _ _ _ _ _ _ _ 
2026-09-04T15:45:06.3218125Z 
2026-09-04T15:45:06.3218377Z path = 'fixtures/non_existent_pipeline_config.json'
2026-09-04T15:45:06.3218792Z 
2026-09-04T15:45:06.3218970Z     def read_config_file(path):
2026-09-04T15:45:06.3219438Z >       with open(path, "r") as f:
2026-09-04T15:45:06.3219897Z              ^^^^^^^^^^^^^^^
2026-09-04T15:45:06.3220712Z E       FileNotFoundError: [Errno 2] No such file or directory: 'fixtures/non_existent_pipeline_config.json'
2026-09-04T15:45:06.3221468Z 
2026-09-04T15:45:06.3221621Z src/app.py:17: FileNotFoundError
2026-09-04T15:45:06.3222071Z =========================== short test summary info ============================
2026-09-04T15:45:06.3223413Z FAILED tests/test_app.py::test_file_not_found_error - FileNotFoundError: [Errno 2] No such file or directory: 'fixtures/non_existent_pipeline_config.json'
2026-09-04T15:45:06.3224600Z ========================= 1 failed, 5 passed in 0.03s ==========================
2026-09-04T15:45:06.3406088Z ##[error]Process completed with exit code 1.
2026-09-04T15:45:06.3573059Z Node 20 is being deprecated. This workflow is running with Node 24 by default. If you need to temporarily use Node 20, you can set the ACTIONS_ALLOW_USE_UNSECURE_NODE_VERSION=true environment variable. For more information see: https://github.blog/changelog/2025-09-19-deprecation-of-node-20-on-github-actions-runners/
2026-09-04T15:45:06.3574318Z Post job cleanup.
2026-09-04T15:45:06.4520350Z [command]/usr/bin/git version
2026-09-04T15:45:06.4568059Z git version 2.55.0
2026-09-04T15:45:06.4613642Z Temporarily overriding HOME='/home/runner/work/_temp/4ca20058-0a35-4b98-b960-8a996eafbeea' before making global git config changes
2026-09-04T15:45:06.4615963Z Adding repository directory to the temporary git global config as a safe directory
2026-09-04T15:45:06.4620459Z [command]/usr/bin/git config --global --add safe.directory /home/runner/work/log-generation/log-generation
2026-09-04T15:45:06.4662465Z [command]/usr/bin/git config --local --name-only --get-regexp core\.sshCommand
2026-09-04T15:45:06.4701584Z [command]/usr/bin/git submodule foreach --recursive sh -c "git config --local --name-only --get-regexp 'core\.sshCommand' && git config --local --unset-all 'core.sshCommand' || :"
2026-09-04T15:45:06.4969378Z [command]/usr/bin/git config --local --name-only --get-regexp http\.https\:\/\/github\.com\/\.extraheader
2026-09-04T15:45:06.5006574Z http.https://github.com/.extraheader
2026-09-04T15:45:06.5022631Z [command]/usr/bin/git config --local --unset-all http.https://github.com/.extraheader
2026-09-04T15:45:06.5068548Z [command]/usr/bin/git submodule foreach --recursive sh -c "git config --local --name-only --get-regexp 'http\.https\:\/\/github\.com\/\.extraheader' && git config --local --unset-all 'http.https://github.com/.extraheader' || :"
2026-09-04T15:45:06.5442045Z [command]/usr/bin/git config --local --name-only --get-regexp ^includeIf\.gitdir:
2026-09-04T15:45:06.5495126Z [command]/usr/bin/git submodule foreach --recursive git config --local --show-origin --name-only --get-regexp remote.origin.url
2026-09-04T15:45:06.5912771Z Cleaning up orphan processes
2026-09-04T15:45:06.6189683Z ##[warning]Node.js 20 is deprecated. The following actions target Node.js 20 but are being forced to run on Node.js 24: actions/checkout@v4, actions/setup-python@v5. For more information see: https://github.blog/changelog/2025-09-19-deprecation-of-node-20-on-github-actions-runners/
