ï»¿2026-09-04T15:45:01.3087719Z Current runner version: '2.337.0'
2026-09-04T15:45:01.3111720Z ##[group]Runner Image Provisioner
2026-09-04T15:45:01.3112728Z Hosted Compute Agent
2026-09-04T15:45:01.3113368Z Version: 20260828.587
2026-09-04T15:45:01.3114081Z Commit: abac92662cab4cc7352de4f9f9d2e2419aad9c29
2026-09-04T15:45:01.3114833Z Build Date: 2026-08-28T16:44:25Z
2026-09-04T15:45:01.3115552Z Worker ID: {d2417daf-02e8-4510-8f0e-e1707da5819d}
2026-09-04T15:45:01.3116342Z Azure Region: westus
2026-09-04T15:45:01.3116958Z ##[endgroup]
2026-09-04T15:45:01.3118811Z ##[group]Operating System
2026-09-04T15:45:01.3119500Z Ubuntu
2026-09-04T15:45:01.3120046Z 24.04.4
2026-09-04T15:45:01.3120939Z LTS
2026-09-04T15:45:01.3121514Z ##[endgroup]
2026-09-04T15:45:01.3122449Z ##[group]Runner Image
2026-09-04T15:45:01.3123113Z Image: ubuntu-24.04
2026-09-04T15:45:01.3123720Z Version: 20260831.293.1
2026-09-04T15:45:01.3125065Z Included Software: https://github.com/actions/runner-images/blob/ubuntu24/20260831.293/images/ubuntu/Ubuntu2404-Readme.md
2026-09-04T15:45:01.3126649Z Image Release: https://github.com/actions/runner-images/releases/tag/ubuntu24%2F20260831.293
2026-09-04T15:45:01.3127662Z ##[endgroup]
2026-09-04T15:45:01.3128904Z ##[group]GITHUB_TOKEN Permissions
2026-09-04T15:45:01.3131432Z Contents: read
2026-09-04T15:45:01.3132064Z Metadata: read
2026-09-04T15:45:01.3132733Z Packages: read
2026-09-04T15:45:01.3133299Z ##[endgroup]
2026-09-04T15:45:01.3135461Z Secret source: Actions
2026-09-04T15:45:01.3136944Z Prepare workflow directory
2026-09-04T15:45:01.3485290Z Prepare all required actions
2026-09-04T15:45:01.3556759Z Getting action download info
2026-09-04T15:45:01.7217168Z Download action repository 'actions/checkout@v4' (SHA:11d5960a326750d5838078e36cf38b85af677262)
2026-09-04T15:45:01.8549535Z Download action repository 'actions/setup-python@v5' (SHA:a26af69be951a213d495a4c3e4e4022e16d87065)
2026-09-04T15:45:02.0349883Z Complete job name: test-f3 (ZeroDivisionError #106)
2026-09-04T15:45:02.1123008Z Node 20 is being deprecated. This workflow is running with Node 24 by default. If you need to temporarily use Node 20, you can set the ACTIONS_ALLOW_USE_UNSECURE_NODE_VERSION=true environment variable. For more information see: https://github.blog/changelog/2025-09-19-deprecation-of-node-20-on-github-actions-runners/
2026-09-04T15:45:02.1132162Z ##[group]Run actions/checkout@v4
2026-09-04T15:45:02.1132909Z with:
2026-09-04T15:45:02.1133345Z   fetch-depth: 1
2026-09-04T15:45:02.1133840Z   repository: DhruvHegde/log-generation
2026-09-04T15:45:02.1137682Z   token: ***
2026-09-04T15:45:02.1138119Z   ssh-strict: true
2026-09-04T15:45:02.1138561Z   ssh-user: git
2026-09-04T15:45:02.1139019Z   persist-credentials: true
2026-09-04T15:45:02.1139523Z   clean: true
2026-09-04T15:45:02.1139974Z   sparse-checkout-cone-mode: true
2026-09-04T15:45:02.1140807Z   fetch-tags: false
2026-09-04T15:45:02.1141285Z   show-progress: true
2026-09-04T15:45:02.1141734Z   lfs: false
2026-09-04T15:45:02.1142182Z   submodules: false
2026-09-04T15:45:02.1142649Z   set-safe-directory: true
2026-09-04T15:45:02.1143169Z   allow-unsafe-pr-checkout: false
2026-09-04T15:45:02.1143994Z ##[endgroup]
2026-09-04T15:45:02.2144790Z Syncing repository: DhruvHegde/log-generation
2026-09-04T15:45:02.2147810Z ##[group]Getting Git version info
2026-09-04T15:45:02.2149069Z Working directory is '/home/runner/work/log-generation/log-generation'
2026-09-04T15:45:02.2151123Z [command]/usr/bin/git version
2026-09-04T15:45:02.2221858Z git version 2.55.0
2026-09-04T15:45:02.2245630Z ##[endgroup]
2026-09-04T15:45:02.2261312Z Temporarily overriding HOME='/home/runner/work/_temp/5830e5cf-7d8f-4673-9730-0eacb1129b1c' before making global git config changes
2026-09-04T15:45:02.2263747Z Adding repository directory to the temporary git global config as a safe directory
2026-09-04T15:45:02.2266244Z [command]/usr/bin/git config --global --add safe.directory /home/runner/work/log-generation/log-generation
2026-09-04T15:45:02.2317345Z Deleting the contents of '/home/runner/work/log-generation/log-generation'
2026-09-04T15:45:02.2321112Z ##[group]Initializing the repository
2026-09-04T15:45:02.2327154Z [command]/usr/bin/git init /home/runner/work/log-generation/log-generation
2026-09-04T15:45:02.2431934Z hint: Using 'master' as the name for the initial branch. This default branch name
2026-09-04T15:45:02.2433730Z hint: will change to "main" in Git 3.0. To configure the initial branch name
2026-09-04T15:45:02.2435200Z hint: to use in all of your new repositories, which will suppress this warning,
2026-09-04T15:45:02.2436340Z hint: call:
2026-09-04T15:45:02.2437179Z hint:
2026-09-04T15:45:02.2438188Z hint: 	git config --global init.defaultBranch <name>
2026-09-04T15:45:02.2439325Z hint:
2026-09-04T15:45:02.2440800Z hint: Names commonly chosen instead of 'master' are 'main', 'trunk' and
2026-09-04T15:45:02.2442468Z hint: 'development'. The just-created branch can be renamed via this command:
2026-09-04T15:45:02.2443557Z hint:
2026-09-04T15:45:02.2444469Z hint: 	git branch -m <name>
2026-09-04T15:45:02.2445367Z hint:
2026-09-04T15:45:02.2446638Z hint: Disable this message with "git config set advice.defaultBranchName false"
2026-09-04T15:45:02.2448274Z Initialized empty Git repository in /home/runner/work/log-generation/log-generation/.git/
2026-09-04T15:45:02.2451881Z [command]/usr/bin/git remote add origin https://github.com/DhruvHegde/log-generation
2026-09-04T15:45:02.2497624Z ##[endgroup]
2026-09-04T15:45:02.2498857Z ##[group]Disabling automatic garbage collection
2026-09-04T15:45:02.2502267Z [command]/usr/bin/git config --local gc.auto 0
2026-09-04T15:45:02.2533680Z ##[endgroup]
2026-09-04T15:45:02.2534848Z ##[group]Setting up auth
2026-09-04T15:45:02.2541867Z [command]/usr/bin/git config --local --name-only --get-regexp core\.sshCommand
2026-09-04T15:45:02.2577727Z [command]/usr/bin/git submodule foreach --recursive sh -c "git config --local --name-only --get-regexp 'core\.sshCommand' && git config --local --unset-all 'core.sshCommand' || :"
2026-09-04T15:45:02.2941877Z [command]/usr/bin/git config --local --name-only --get-regexp http\.https\:\/\/github\.com\/\.extraheader
2026-09-04T15:45:02.2994016Z [command]/usr/bin/git submodule foreach --recursive sh -c "git config --local --name-only --get-regexp 'http\.https\:\/\/github\.com\/\.extraheader' && git config --local --unset-all 'http.https://github.com/.extraheader' || :"
2026-09-04T15:45:02.3249076Z [command]/usr/bin/git config --local --name-only --get-regexp ^includeIf\.gitdir:
2026-09-04T15:45:02.3286859Z [command]/usr/bin/git submodule foreach --recursive git config --local --show-origin --name-only --get-regexp remote.origin.url
2026-09-04T15:45:02.3521019Z [command]/usr/bin/git config --local http.https://github.com/.extraheader AUTHORIZATION: basic ***
2026-09-04T15:45:02.3560734Z ##[endgroup]
2026-09-04T15:45:02.3561940Z ##[group]Fetching the repository
2026-09-04T15:45:02.3572058Z [command]/usr/bin/git -c protocol.version=2 fetch --no-tags --prune --no-recurse-submodules --depth=1 origin +ff2db557a0a8df7e538c7d2e729be8ed403658e2:refs/remotes/origin/feature/f3-test-failures
2026-09-04T15:45:02.9220877Z From https://github.com/DhruvHegde/log-generation
2026-09-04T15:45:02.9223126Z  * [new ref]         ff2db557a0a8df7e538c7d2e729be8ed403658e2 -> origin/feature/f3-test-failures
2026-09-04T15:45:02.9227631Z ##[endgroup]
2026-09-04T15:45:02.9229344Z ##[group]Determining the checkout info
2026-09-04T15:45:02.9231546Z ##[endgroup]
2026-09-04T15:45:02.9238853Z [command]/usr/bin/git sparse-checkout disable
2026-09-04T15:45:02.9295402Z [command]/usr/bin/git config --local --unset-all extensions.worktreeConfig
2026-09-04T15:45:02.9327970Z ##[group]Checking out the ref
2026-09-04T15:45:02.9333076Z [command]/usr/bin/git checkout --progress --force -B feature/f3-test-failures refs/remotes/origin/feature/f3-test-failures
2026-09-04T15:45:03.0076709Z Switched to a new branch 'feature/f3-test-failures'
2026-09-04T15:45:03.0083515Z branch 'feature/f3-test-failures' set up to track 'origin/feature/f3-test-failures'.
2026-09-04T15:45:03.0094379Z ##[endgroup]
2026-09-04T15:45:03.0146071Z [command]/usr/bin/git log -1 --format=%H
2026-09-04T15:45:03.0176108Z ff2db557a0a8df7e538c7d2e729be8ed403658e2
2026-09-04T15:45:03.0491722Z Node 20 is being deprecated. This workflow is running with Node 24 by default. If you need to temporarily use Node 20, you can set the ACTIONS_ALLOW_USE_UNSECURE_NODE_VERSION=true environment variable. For more information see: https://github.blog/changelog/2025-09-19-deprecation-of-node-20-on-github-actions-runners/
2026-09-04T15:45:03.0495287Z ##[group]Run actions/setup-python@v5
2026-09-04T15:45:03.0495922Z with:
2026-09-04T15:45:03.0496362Z   python-version: 3.11
2026-09-04T15:45:03.0496893Z   check-latest: false
2026-09-04T15:45:03.0502118Z   token: ***
2026-09-04T15:45:03.0502609Z   update-environment: true
2026-09-04T15:45:03.0503189Z   allow-prereleases: false
2026-09-04T15:45:03.0503748Z   freethreaded: false
2026-09-04T15:45:03.0504244Z ##[endgroup]
2026-09-04T15:45:03.1824696Z ##[group]Installed versions
2026-09-04T15:45:03.1919991Z (node:2275) [DEP0040] DeprecationWarning: The `punycode` module is deprecated. Please use a userland alternative instead.
2026-09-04T15:45:03.1922843Z (Use `node --trace-deprecation ...` to show where the warning was created)
2026-09-04T15:45:03.1924597Z Successfully set up CPython (3.11.16)
2026-09-04T15:45:03.1926321Z ##[endgroup]
2026-09-04T15:45:03.2142988Z ##[group]Run pip install --no-cache-dir pytest
2026-09-04T15:45:03.2143927Z [36;1mpip install --no-cache-dir pytest[0m
2026-09-04T15:45:03.2197283Z shell: /usr/bin/bash -e {0}
2026-09-04T15:45:03.2197943Z env:
2026-09-04T15:45:03.2198566Z   pythonLocation: /opt/hostedtoolcache/Python/3.11.16/x64
2026-09-04T15:45:03.2199650Z   PKG_CONFIG_PATH: /opt/hostedtoolcache/Python/3.11.16/x64/lib/pkgconfig
2026-09-04T15:45:03.2201738Z   Python_ROOT_DIR: /opt/hostedtoolcache/Python/3.11.16/x64
2026-09-04T15:45:03.2300893Z   Python2_ROOT_DIR: /opt/hostedtoolcache/Python/3.11.16/x64
2026-09-04T15:45:03.2302691Z   Python3_ROOT_DIR: /opt/hostedtoolcache/Python/3.11.16/x64
2026-09-04T15:45:03.2304378Z   LD_LIBRARY_PATH: /opt/hostedtoolcache/Python/3.11.16/x64/lib
2026-09-04T15:45:03.2305650Z ##[endgroup]
2026-09-04T15:45:06.0163079Z Collecting pytest
2026-09-04T15:45:06.0622545Z   Downloading pytest-9.1.1-py3-none-any.whl.metadata (7.6 kB)
2026-09-04T15:45:06.0702507Z Collecting iniconfig>=1.0.1 (from pytest)
2026-09-04T15:45:06.0736253Z   Downloading iniconfig-2.3.0-py3-none-any.whl.metadata (2.5 kB)
2026-09-04T15:45:06.0833454Z Collecting packaging>=22 (from pytest)
2026-09-04T15:45:06.0867999Z   Downloading packaging-26.3-py3-none-any.whl.metadata (3.5 kB)
2026-09-04T15:45:06.0943033Z Collecting pluggy<2,>=1.5 (from pytest)
2026-09-04T15:45:06.0980002Z   Downloading pluggy-1.6.0-py3-none-any.whl.metadata (4.8 kB)
2026-09-04T15:45:06.1108144Z Collecting pygments>=2.7.2 (from pytest)
2026-09-04T15:45:06.1139290Z   Downloading pygments-2.21.0-py3-none-any.whl.metadata (2.5 kB)
2026-09-04T15:45:06.1200186Z Downloading pytest-9.1.1-py3-none-any.whl (386 kB)
2026-09-04T15:45:06.1364050Z Downloading pluggy-1.6.0-py3-none-any.whl (20 kB)
2026-09-04T15:45:06.1397354Z Downloading iniconfig-2.3.0-py3-none-any.whl (7.5 kB)
2026-09-04T15:45:06.1429910Z Downloading packaging-26.3-py3-none-any.whl (129 kB)
2026-09-04T15:45:06.1474052Z Downloading pygments-2.21.0-py3-none-any.whl (1.3 MB)
2026-09-04T15:45:06.1607354Z    ââââââââââââââââââââââââââââââââââââââââ 1.3/1.3 MB 117.6 MB/s  0:00:00
2026-09-04T15:45:06.4241330Z Installing collected packages: pygments, pluggy, packaging, iniconfig, pytest
2026-09-04T15:45:07.4320798Z 
2026-09-04T15:45:07.4331296Z Successfully installed iniconfig-2.3.0 packaging-26.3 pluggy-1.6.0 pygments-2.21.0 pytest-9.1.1
2026-09-04T15:45:07.4831379Z ##[group]Run python automation/inject_mutation.py --error-type "ZeroDivisionError"
2026-09-04T15:45:07.4832073Z [36;1mpython automation/inject_mutation.py --error-type "ZeroDivisionError"[0m
2026-09-04T15:45:07.4870548Z shell: /usr/bin/bash -e {0}
2026-09-04T15:45:07.4870817Z env:
2026-09-04T15:45:07.4871096Z   pythonLocation: /opt/hostedtoolcache/Python/3.11.16/x64
2026-09-04T15:45:07.4871773Z   PKG_CONFIG_PATH: /opt/hostedtoolcache/Python/3.11.16/x64/lib/pkgconfig
2026-09-04T15:45:07.4872214Z   Python_ROOT_DIR: /opt/hostedtoolcache/Python/3.11.16/x64
2026-09-04T15:45:07.4872603Z   Python2_ROOT_DIR: /opt/hostedtoolcache/Python/3.11.16/x64
2026-09-04T15:45:07.4873006Z   Python3_ROOT_DIR: /opt/hostedtoolcache/Python/3.11.16/x64
2026-09-04T15:45:07.4873400Z   LD_LIBRARY_PATH: /opt/hostedtoolcache/Python/3.11.16/x64/lib
2026-09-04T15:45:07.4873755Z ##[endgroup]
2026-09-04T15:45:07.5169238Z [Mutation Injected] Successfully injected ZeroDivisionError into tests/test_app.py
2026-09-04T15:45:07.5241761Z ##[group]Run pytest tests/test_app.py -v
2026-09-04T15:45:07.5242131Z [36;1mpytest tests/test_app.py -v[0m
2026-09-04T15:45:07.5278595Z shell: /usr/bin/bash -e {0}
2026-09-04T15:45:07.5278855Z env:
2026-09-04T15:45:07.5279135Z   pythonLocation: /opt/hostedtoolcache/Python/3.11.16/x64
2026-09-04T15:45:07.5279583Z   PKG_CONFIG_PATH: /opt/hostedtoolcache/Python/3.11.16/x64/lib/pkgconfig
2026-09-04T15:45:07.5280033Z   Python_ROOT_DIR: /opt/hostedtoolcache/Python/3.11.16/x64
2026-09-04T15:45:07.5280678Z   Python2_ROOT_DIR: /opt/hostedtoolcache/Python/3.11.16/x64
2026-09-04T15:45:07.5281068Z   Python3_ROOT_DIR: /opt/hostedtoolcache/Python/3.11.16/x64
2026-09-04T15:45:07.5281467Z   LD_LIBRARY_PATH: /opt/hostedtoolcache/Python/3.11.16/x64/lib
2026-09-04T15:45:07.5281798Z ##[endgroup]
2026-09-04T15:45:08.1191699Z ============================= test session starts ==============================
2026-09-04T15:45:08.1192919Z platform linux -- Python 3.11.16, pytest-9.1.1, pluggy-1.6.0 -- /opt/hostedtoolcache/Python/3.11.16/x64/bin/python
2026-09-04T15:45:08.1193874Z cachedir: .pytest_cache
2026-09-04T15:45:08.1194421Z rootdir: /home/runner/work/log-generation/log-generation
2026-09-04T15:45:08.1195037Z configfile: pytest.ini
2026-09-04T15:45:08.1282762Z collecting ... collected 6 items
2026-09-04T15:45:08.1283189Z 
2026-09-04T15:45:08.1295127Z tests/test_app.py::test_calculate_division PASSED                        [ 16%]
2026-09-04T15:45:08.1305725Z tests/test_app.py::test_convert_to_int PASSED                            [ 33%]
2026-09-04T15:45:08.1316546Z tests/test_app.py::test_get_list_item PASSED                             [ 50%]
2026-09-04T15:45:08.1326506Z tests/test_app.py::test_get_dict_value PASSED                            [ 66%]
2026-09-04T15:45:08.1336647Z tests/test_app.py::test_assert_positive PASSED                           [ 83%]
2026-09-04T15:45:08.1682607Z tests/test_app.py::test_zero_division_error FAILED                       [100%]
2026-09-04T15:45:08.1683158Z 
2026-09-04T15:45:08.1683373Z =================================== FAILURES ===================================
2026-09-04T15:45:08.1683924Z ___________________________ test_zero_division_error ___________________________
2026-09-04T15:45:08.1684267Z 
2026-09-04T15:45:08.1684404Z     def test_zero_division_error():
2026-09-04T15:45:08.1684781Z         """Injected synthetic ZeroDivisionError."""
2026-09-04T15:45:08.1685226Z         from src.app import calculate_division
2026-09-04T15:45:08.1685612Z >       calculate_division(42, 0)
2026-09-04T15:45:08.1685824Z 
2026-09-04T15:45:08.1685942Z tests/test_app.py:133: 
2026-09-04T15:45:08.1686301Z _ _ _ _ _ _ _ _ _ _ _ _ _ _ _ _ _ _ _ _ _ _ _ _ _ _ _ _ _ _ _ _ _ _ _ _ _ _ _ _ 
2026-09-04T15:45:08.1686601Z 
2026-09-04T15:45:08.1686707Z a = 42, b = 0
2026-09-04T15:45:08.1686845Z 
2026-09-04T15:45:08.1686971Z     def calculate_division(a, b):
2026-09-04T15:45:08.1687280Z >       return a / b
2026-09-04T15:45:08.1687552Z                ^^^^^
2026-09-04T15:45:08.1687844Z E       ZeroDivisionError: division by zero
2026-09-04T15:45:08.1688096Z 
2026-09-04T15:45:08.1688229Z src/app.py:2: ZeroDivisionError
2026-09-04T15:45:08.1688788Z =========================== short test summary info ============================
2026-09-04T15:45:08.1689430Z FAILED tests/test_app.py::test_zero_division_error - ZeroDivisionError: division by zero
2026-09-04T15:45:08.1690038Z ========================= 1 failed, 5 passed in 0.04s ==========================
2026-09-04T15:45:08.1883857Z ##[error]Process completed with exit code 1.
2026-09-04T15:45:08.2029718Z Node 20 is being deprecated. This workflow is running with Node 24 by default. If you need to temporarily use Node 20, you can set the ACTIONS_ALLOW_USE_UNSECURE_NODE_VERSION=true environment variable. For more information see: https://github.blog/changelog/2025-09-19-deprecation-of-node-20-on-github-actions-runners/
2026-09-04T15:45:08.2031284Z Post job cleanup.
2026-09-04T15:45:08.2911020Z [command]/usr/bin/git version
2026-09-04T15:45:08.2961004Z git version 2.55.0
2026-09-04T15:45:08.2996280Z Temporarily overriding HOME='/home/runner/work/_temp/f2df0dea-15d0-473f-9f4d-28a22e19227d' before making global git config changes
2026-09-04T15:45:08.2997487Z Adding repository directory to the temporary git global config as a safe directory
2026-09-04T15:45:08.2998912Z [command]/usr/bin/git config --global --add safe.directory /home/runner/work/log-generation/log-generation
2026-09-04T15:45:08.3037758Z [command]/usr/bin/git config --local --name-only --get-regexp core\.sshCommand
2026-09-04T15:45:08.3073371Z [command]/usr/bin/git submodule foreach --recursive sh -c "git config --local --name-only --get-regexp 'core\.sshCommand' && git config --local --unset-all 'core.sshCommand' || :"
2026-09-04T15:45:08.3348735Z [command]/usr/bin/git config --local --name-only --get-regexp http\.https\:\/\/github\.com\/\.extraheader
2026-09-04T15:45:08.3379535Z http.https://github.com/.extraheader
2026-09-04T15:45:08.3391499Z [command]/usr/bin/git config --local --unset-all http.https://github.com/.extraheader
2026-09-04T15:45:08.3454159Z [command]/usr/bin/git submodule foreach --recursive sh -c "git config --local --name-only --get-regexp 'http\.https\:\/\/github\.com\/\.extraheader' && git config --local --unset-all 'http.https://github.com/.extraheader' || :"
2026-09-04T15:45:08.3764106Z [command]/usr/bin/git config --local --name-only --get-regexp ^includeIf\.gitdir:
2026-09-04T15:45:08.3810584Z [command]/usr/bin/git submodule foreach --recursive git config --local --show-origin --name-only --get-regexp remote.origin.url
2026-09-04T15:45:08.4217760Z Cleaning up orphan processes
2026-09-04T15:45:08.4500687Z ##[warning]Node.js 20 is deprecated. The following actions target Node.js 20 but are being forced to run on Node.js 24: actions/checkout@v4, actions/setup-python@v5. For more information see: https://github.blog/changelog/2025-09-19-deprecation-of-node-20-on-github-actions-runners/
