ï»¿2026-09-04T11:16:12.3557177Z Current runner version: '2.337.0'
2026-09-04T11:16:12.3581831Z ##[group]Runner Image Provisioner
2026-09-04T11:16:12.3582726Z Hosted Compute Agent
2026-09-04T11:16:12.3583311Z Version: 20260828.587
2026-09-04T11:16:12.3584049Z Commit: abac92662cab4cc7352de4f9f9d2e2419aad9c29
2026-09-04T11:16:12.3584784Z Build Date: 2026-08-28T16:44:25Z
2026-09-04T11:16:12.3585449Z Worker ID: {5e491928-92eb-4069-97ee-1170ae6dadbd}
2026-09-04T11:16:12.3586514Z Azure Region: westus
2026-09-04T11:16:12.3587096Z ##[endgroup]
2026-09-04T11:16:12.3588962Z ##[group]Operating System
2026-09-04T11:16:12.3589618Z Ubuntu
2026-09-04T11:16:12.3590162Z 24.04.4
2026-09-04T11:16:12.3590773Z LTS
2026-09-04T11:16:12.3591285Z ##[endgroup]
2026-09-04T11:16:12.3592211Z ##[group]Runner Image
2026-09-04T11:16:12.3592864Z Image: ubuntu-24.04
2026-09-04T11:16:12.3593420Z Version: 20260831.293.1
2026-09-04T11:16:12.3594756Z Included Software: https://github.com/actions/runner-images/blob/ubuntu24/20260831.293/images/ubuntu/Ubuntu2404-Readme.md
2026-09-04T11:16:12.3596740Z Image Release: https://github.com/actions/runner-images/releases/tag/ubuntu24%2F20260831.293
2026-09-04T11:16:12.3597739Z ##[endgroup]
2026-09-04T11:16:12.3598996Z ##[group]GITHUB_TOKEN Permissions
2026-09-04T11:16:12.3601151Z Contents: read
2026-09-04T11:16:12.3601844Z Metadata: read
2026-09-04T11:16:12.3602491Z Packages: read
2026-09-04T11:16:12.3603051Z ##[endgroup]
2026-09-04T11:16:12.3605225Z Secret source: Actions
2026-09-04T11:16:12.3606923Z Prepare workflow directory
2026-09-04T11:16:12.3970448Z Prepare all required actions
2026-09-04T11:16:12.4042406Z Getting action download info
2026-09-04T11:16:12.7501320Z Download action repository 'actions/checkout@v4' (SHA:11d5960a326750d5838078e36cf38b85af677262)
2026-09-04T11:16:13.6015513Z Download action repository 'actions/setup-python@v5' (SHA:a26af69be951a213d495a4c3e4e4022e16d87065)
2026-09-04T11:16:13.8412669Z Complete job name: test-f3 (ValueError #117)
2026-09-04T11:16:13.9211818Z Node 20 is being deprecated. This workflow is running with Node 24 by default. If you need to temporarily use Node 20, you can set the ACTIONS_ALLOW_USE_UNSECURE_NODE_VERSION=true environment variable. For more information see: https://github.blog/changelog/2025-09-19-deprecation-of-node-20-on-github-actions-runners/
2026-09-04T11:16:13.9220957Z ##[group]Run actions/checkout@v4
2026-09-04T11:16:13.9221774Z with:
2026-09-04T11:16:13.9222253Z   fetch-depth: 1
2026-09-04T11:16:13.9222793Z   repository: DhruvHegde/log-generation
2026-09-04T11:16:13.9227255Z   token: ***
2026-09-04T11:16:13.9227753Z   ssh-strict: true
2026-09-04T11:16:13.9228245Z   ssh-user: git
2026-09-04T11:16:13.9228742Z   persist-credentials: true
2026-09-04T11:16:13.9229283Z   clean: true
2026-09-04T11:16:13.9229780Z   sparse-checkout-cone-mode: true
2026-09-04T11:16:13.9230361Z   fetch-tags: false
2026-09-04T11:16:13.9230876Z   show-progress: true
2026-09-04T11:16:13.9231391Z   lfs: false
2026-09-04T11:16:13.9231884Z   submodules: false
2026-09-04T11:16:13.9232396Z   set-safe-directory: true
2026-09-04T11:16:13.9232962Z   allow-unsafe-pr-checkout: false
2026-09-04T11:16:13.9233828Z ##[endgroup]
2026-09-04T11:16:14.0261903Z Syncing repository: DhruvHegde/log-generation
2026-09-04T11:16:14.0264091Z ##[group]Getting Git version info
2026-09-04T11:16:14.0264996Z Working directory is '/home/runner/work/log-generation/log-generation'
2026-09-04T11:16:14.0266882Z [command]/usr/bin/git version
2026-09-04T11:16:14.2772843Z git version 2.55.0
2026-09-04T11:16:14.2796938Z ##[endgroup]
2026-09-04T11:16:14.2814817Z Temporarily overriding HOME='/home/runner/work/_temp/da9d6ce3-a8e1-451c-a8d3-627960017784' before making global git config changes
2026-09-04T11:16:14.2818149Z Adding repository directory to the temporary git global config as a safe directory
2026-09-04T11:16:14.2821634Z [command]/usr/bin/git config --global --add safe.directory /home/runner/work/log-generation/log-generation
2026-09-04T11:16:14.3322789Z Deleting the contents of '/home/runner/work/log-generation/log-generation'
2026-09-04T11:16:14.3327988Z ##[group]Initializing the repository
2026-09-04T11:16:14.3334841Z [command]/usr/bin/git init /home/runner/work/log-generation/log-generation
2026-09-04T11:16:14.4284269Z hint: Using 'master' as the name for the initial branch. This default branch name
2026-09-04T11:16:14.4288326Z hint: will change to "main" in Git 3.0. To configure the initial branch name
2026-09-04T11:16:14.4291697Z hint: to use in all of your new repositories, which will suppress this warning,
2026-09-04T11:16:14.4294024Z hint: call:
2026-09-04T11:16:14.4294992Z hint:
2026-09-04T11:16:14.4296619Z hint: 	git config --global init.defaultBranch <name>
2026-09-04T11:16:14.4298517Z hint:
2026-09-04T11:16:14.4300264Z hint: Names commonly chosen instead of 'master' are 'main', 'trunk' and
2026-09-04T11:16:14.4302871Z hint: 'development'. The just-created branch can be renamed via this command:
2026-09-04T11:16:14.4304549Z hint:
2026-09-04T11:16:14.4305514Z hint: 	git branch -m <name>
2026-09-04T11:16:14.4306946Z hint:
2026-09-04T11:16:14.4308410Z hint: Disable this message with "git config set advice.defaultBranchName false"
2026-09-04T11:16:14.4310863Z Initialized empty Git repository in /home/runner/work/log-generation/log-generation/.git/
2026-09-04T11:16:14.4316521Z [command]/usr/bin/git remote add origin https://github.com/DhruvHegde/log-generation
2026-09-04T11:16:14.4822911Z ##[endgroup]
2026-09-04T11:16:14.4826096Z ##[group]Disabling automatic garbage collection
2026-09-04T11:16:14.4828933Z [command]/usr/bin/git config --local gc.auto 0
2026-09-04T11:16:14.4866289Z ##[endgroup]
2026-09-04T11:16:14.4868856Z ##[group]Setting up auth
2026-09-04T11:16:14.4873792Z [command]/usr/bin/git config --local --name-only --get-regexp core\.sshCommand
2026-09-04T11:16:14.4912457Z [command]/usr/bin/git submodule foreach --recursive sh -c "git config --local --name-only --get-regexp 'core\.sshCommand' && git config --local --unset-all 'core.sshCommand' || :"
2026-09-04T11:16:14.7717960Z [command]/usr/bin/git config --local --name-only --get-regexp http\.https\:\/\/github\.com\/\.extraheader
2026-09-04T11:16:14.7756823Z [command]/usr/bin/git submodule foreach --recursive sh -c "git config --local --name-only --get-regexp 'http\.https\:\/\/github\.com\/\.extraheader' && git config --local --unset-all 'http.https://github.com/.extraheader' || :"
2026-09-04T11:16:14.7983079Z [command]/usr/bin/git config --local --name-only --get-regexp ^includeIf\.gitdir:
2026-09-04T11:16:14.8020323Z [command]/usr/bin/git submodule foreach --recursive git config --local --show-origin --name-only --get-regexp remote.origin.url
2026-09-04T11:16:14.8269412Z [command]/usr/bin/git config --local http.https://github.com/.extraheader AUTHORIZATION: basic ***
2026-09-04T11:16:14.8344780Z ##[endgroup]
2026-09-04T11:16:14.8368991Z ##[group]Fetching the repository
2026-09-04T11:16:14.8375275Z [command]/usr/bin/git -c protocol.version=2 fetch --no-tags --prune --no-recurse-submodules --depth=1 origin +55701f2ee203be18f432be2dca839cc73b92fb5e:refs/remotes/origin/feature/f3-test-failures
2026-09-04T11:16:15.4531340Z From https://github.com/DhruvHegde/log-generation
2026-09-04T11:16:15.4534279Z  * [new ref]         55701f2ee203be18f432be2dca839cc73b92fb5e -> origin/feature/f3-test-failures
2026-09-04T11:16:15.4541242Z ##[endgroup]
2026-09-04T11:16:15.4543463Z ##[group]Determining the checkout info
2026-09-04T11:16:15.4545547Z ##[endgroup]
2026-09-04T11:16:15.4549516Z [command]/usr/bin/git sparse-checkout disable
2026-09-04T11:16:15.4901721Z [command]/usr/bin/git config --local --unset-all extensions.worktreeConfig
2026-09-04T11:16:15.4937457Z ##[group]Checking out the ref
2026-09-04T11:16:15.4942926Z [command]/usr/bin/git checkout --progress --force -B feature/f3-test-failures refs/remotes/origin/feature/f3-test-failures
2026-09-04T11:16:15.5020471Z Switched to a new branch 'feature/f3-test-failures'
2026-09-04T11:16:15.5028032Z branch 'feature/f3-test-failures' set up to track 'origin/feature/f3-test-failures'.
2026-09-04T11:16:15.5072253Z ##[endgroup]
2026-09-04T11:16:15.5076182Z [command]/usr/bin/git log -1 --format=%H
2026-09-04T11:16:15.5102403Z 55701f2ee203be18f432be2dca839cc73b92fb5e
2026-09-04T11:16:15.5471847Z Node 20 is being deprecated. This workflow is running with Node 24 by default. If you need to temporarily use Node 20, you can set the ACTIONS_ALLOW_USE_UNSECURE_NODE_VERSION=true environment variable. For more information see: https://github.blog/changelog/2025-09-19-deprecation-of-node-20-on-github-actions-runners/
2026-09-04T11:16:15.5478030Z ##[group]Run actions/setup-python@v5
2026-09-04T11:16:15.5479187Z with:
2026-09-04T11:16:15.5480026Z   python-version: 3.11
2026-09-04T11:16:15.5481007Z   check-latest: false
2026-09-04T11:16:15.5490767Z   token: ***
2026-09-04T11:16:15.5491694Z   update-environment: true
2026-09-04T11:16:15.5492768Z   allow-prereleases: false
2026-09-04T11:16:15.5493820Z   freethreaded: false
2026-09-04T11:16:15.5494773Z ##[endgroup]
2026-09-04T11:16:15.6879288Z ##[group]Installed versions
2026-09-04T11:16:15.7856856Z (node:2198) [DEP0040] DeprecationWarning: The `punycode` module is deprecated. Please use a userland alternative instead.
2026-09-04T11:16:15.7860205Z (Use `node --trace-deprecation ...` to show where the warning was created)
2026-09-04T11:16:15.7862838Z Successfully set up CPython (3.11.16)
2026-09-04T11:16:15.7865800Z ##[endgroup]
2026-09-04T11:16:15.8087582Z ##[group]Run pip install --no-cache-dir pytest
2026-09-04T11:16:15.8089050Z [36;1mpip install --no-cache-dir pytest[0m
2026-09-04T11:16:15.8217749Z shell: /usr/bin/bash -e {0}
2026-09-04T11:16:15.8285620Z env:
2026-09-04T11:16:15.8287270Z   pythonLocation: /opt/hostedtoolcache/Python/3.11.16/x64
2026-09-04T11:16:15.8289079Z   PKG_CONFIG_PATH: /opt/hostedtoolcache/Python/3.11.16/x64/lib/pkgconfig
2026-09-04T11:16:15.8290868Z   Python_ROOT_DIR: /opt/hostedtoolcache/Python/3.11.16/x64
2026-09-04T11:16:15.8292461Z   Python2_ROOT_DIR: /opt/hostedtoolcache/Python/3.11.16/x64
2026-09-04T11:16:15.8294063Z   Python3_ROOT_DIR: /opt/hostedtoolcache/Python/3.11.16/x64
2026-09-04T11:16:15.8295706Z   LD_LIBRARY_PATH: /opt/hostedtoolcache/Python/3.11.16/x64/lib
2026-09-04T11:16:15.8297301Z ##[endgroup]
2026-09-04T11:16:27.2420766Z Collecting pytest
2026-09-04T11:16:27.2849203Z   Downloading pytest-9.1.1-py3-none-any.whl.metadata (7.6 kB)
2026-09-04T11:16:27.2927138Z Collecting iniconfig>=1.0.1 (from pytest)
2026-09-04T11:16:27.2953087Z   Downloading iniconfig-2.3.0-py3-none-any.whl.metadata (2.5 kB)
2026-09-04T11:16:27.3050975Z Collecting packaging>=22 (from pytest)
2026-09-04T11:16:27.3079023Z   Downloading packaging-26.3-py3-none-any.whl.metadata (3.5 kB)
2026-09-04T11:16:27.3152156Z Collecting pluggy<2,>=1.5 (from pytest)
2026-09-04T11:16:27.3177988Z   Downloading pluggy-1.6.0-py3-none-any.whl.metadata (4.8 kB)
2026-09-04T11:16:27.3306590Z Collecting pygments>=2.7.2 (from pytest)
2026-09-04T11:16:27.3333573Z   Downloading pygments-2.21.0-py3-none-any.whl.metadata (2.5 kB)
2026-09-04T11:16:27.3384082Z Downloading pytest-9.1.1-py3-none-any.whl (386 kB)
2026-09-04T11:16:27.3541876Z Downloading pluggy-1.6.0-py3-none-any.whl (20 kB)
2026-09-04T11:16:27.3566090Z Downloading iniconfig-2.3.0-py3-none-any.whl (7.5 kB)
2026-09-04T11:16:27.3598587Z Downloading packaging-26.3-py3-none-any.whl (129 kB)
2026-09-04T11:16:27.3624601Z Downloading pygments-2.21.0-py3-none-any.whl (1.3 MB)
2026-09-04T11:16:27.3687125Z    ââââââââââââââââââââââââââââââââââââââââ 1.3/1.3 MB 356.1 MB/s  0:00:00
2026-09-04T11:16:28.0463134Z Installing collected packages: pygments, pluggy, packaging, iniconfig, pytest
2026-09-04T11:16:29.0201222Z 
2026-09-04T11:16:29.0211682Z Successfully installed iniconfig-2.3.0 packaging-26.3 pluggy-1.6.0 pygments-2.21.0 pytest-9.1.1
2026-09-04T11:16:29.0700421Z ##[group]Run python automation/inject_mutation.py --error-type "ValueError"
2026-09-04T11:16:29.0701051Z [36;1mpython automation/inject_mutation.py --error-type "ValueError"[0m
2026-09-04T11:16:29.0737745Z shell: /usr/bin/bash -e {0}
2026-09-04T11:16:29.0738012Z env:
2026-09-04T11:16:29.0738297Z   pythonLocation: /opt/hostedtoolcache/Python/3.11.16/x64
2026-09-04T11:16:29.0738947Z   PKG_CONFIG_PATH: /opt/hostedtoolcache/Python/3.11.16/x64/lib/pkgconfig
2026-09-04T11:16:29.0739419Z   Python_ROOT_DIR: /opt/hostedtoolcache/Python/3.11.16/x64
2026-09-04T11:16:29.0739828Z   Python2_ROOT_DIR: /opt/hostedtoolcache/Python/3.11.16/x64
2026-09-04T11:16:29.0740241Z   Python3_ROOT_DIR: /opt/hostedtoolcache/Python/3.11.16/x64
2026-09-04T11:16:29.0740650Z   LD_LIBRARY_PATH: /opt/hostedtoolcache/Python/3.11.16/x64/lib
2026-09-04T11:16:29.0741014Z ##[endgroup]
2026-09-04T11:16:29.1035605Z [Mutation Injected] Successfully injected ValueError into tests/test_app.py
2026-09-04T11:16:29.1101321Z ##[group]Run pytest tests/test_app.py -v
2026-09-04T11:16:29.1101799Z [36;1mpytest tests/test_app.py -v[0m
2026-09-04T11:16:29.1136455Z shell: /usr/bin/bash -e {0}
2026-09-04T11:16:29.1136731Z env:
2026-09-04T11:16:29.1137022Z   pythonLocation: /opt/hostedtoolcache/Python/3.11.16/x64
2026-09-04T11:16:29.1137511Z   PKG_CONFIG_PATH: /opt/hostedtoolcache/Python/3.11.16/x64/lib/pkgconfig
2026-09-04T11:16:29.1138008Z   Python_ROOT_DIR: /opt/hostedtoolcache/Python/3.11.16/x64
2026-09-04T11:16:29.1138434Z   Python2_ROOT_DIR: /opt/hostedtoolcache/Python/3.11.16/x64
2026-09-04T11:16:29.1138861Z   Python3_ROOT_DIR: /opt/hostedtoolcache/Python/3.11.16/x64
2026-09-04T11:16:29.1139308Z   LD_LIBRARY_PATH: /opt/hostedtoolcache/Python/3.11.16/x64/lib
2026-09-04T11:16:29.1139672Z ##[endgroup]
2026-09-04T11:16:30.2185588Z ============================= test session starts ==============================
2026-09-04T11:16:30.2187197Z platform linux -- Python 3.11.16, pytest-9.1.1, pluggy-1.6.0 -- /opt/hostedtoolcache/Python/3.11.16/x64/bin/python
2026-09-04T11:16:30.2188139Z cachedir: .pytest_cache
2026-09-04T11:16:30.2188678Z rootdir: /home/runner/work/log-generation/log-generation
2026-09-04T11:16:30.2189291Z configfile: pytest.ini
2026-09-04T11:16:30.2272184Z collecting ... collected 6 items
2026-09-04T11:16:30.2272543Z 
2026-09-04T11:16:30.2281926Z tests/test_app.py::test_calculate_division PASSED                        [ 16%]
2026-09-04T11:16:30.2289118Z tests/test_app.py::test_convert_to_int PASSED                            [ 33%]
2026-09-04T11:16:30.2297860Z tests/test_app.py::test_get_list_item PASSED                             [ 50%]
2026-09-04T11:16:30.2305089Z tests/test_app.py::test_get_dict_value PASSED                            [ 66%]
2026-09-04T11:16:30.2312782Z tests/test_app.py::test_assert_positive PASSED                           [ 83%]
2026-09-04T11:16:30.2589443Z tests/test_app.py::test_value_error FAILED                               [100%]
2026-09-04T11:16:30.2590182Z 
2026-09-04T11:16:30.2590539Z =================================== FAILURES ===================================
2026-09-04T11:16:30.2591489Z _______________________________ test_value_error _______________________________
2026-09-04T11:16:30.2592100Z 
2026-09-04T11:16:30.2592310Z     def test_value_error():
2026-09-04T11:16:30.2592875Z         """Injected synthetic ValueError."""
2026-09-04T11:16:30.2593548Z         from src.app import convert_to_int
2026-09-04T11:16:30.2594509Z >       convert_to_int("unparseable_alphanumeric_0x99")
2026-09-04T11:16:30.2594996Z 
2026-09-04T11:16:30.2595187Z tests/test_app.py:129: 
2026-09-04T11:16:30.2596043Z _ _ _ _ _ _ _ _ _ _ _ _ _ _ _ _ _ _ _ _ _ _ _ _ _ _ _ _ _ _ _ _ _ _ _ _ _ _ _ _ 
2026-09-04T11:16:30.2596567Z 
2026-09-04T11:16:30.2596802Z val = 'unparseable_alphanumeric_0x99'
2026-09-04T11:16:30.2597191Z 
2026-09-04T11:16:30.2597390Z     def convert_to_int(val):
2026-09-04T11:16:30.2597872Z >       return int(val)
2026-09-04T11:16:30.2598296Z                ^^^^^^^^
2026-09-04T11:16:30.2599046Z E       ValueError: invalid literal for int() with base 10: 'unparseable_alphanumeric_0x99'
2026-09-04T11:16:30.2599740Z 
2026-09-04T11:16:30.2599932Z src/app.py:5: ValueError
2026-09-04T11:16:30.2600536Z =========================== short test summary info ============================
2026-09-04T11:16:30.2601993Z FAILED tests/test_app.py::test_value_error - ValueError: invalid literal for int() with base 10: 'unparseable_alphanumeric_0x99'
2026-09-04T11:16:30.2603813Z ========================= 1 failed, 5 passed in 0.03s ==========================
2026-09-04T11:16:30.2784460Z ##[error]Process completed with exit code 1.
2026-09-04T11:16:30.2920513Z Node 20 is being deprecated. This workflow is running with Node 24 by default. If you need to temporarily use Node 20, you can set the ACTIONS_ALLOW_USE_UNSECURE_NODE_VERSION=true environment variable. For more information see: https://github.blog/changelog/2025-09-19-deprecation-of-node-20-on-github-actions-runners/
2026-09-04T11:16:30.2921760Z Post job cleanup.
2026-09-04T11:16:30.3770214Z [command]/usr/bin/git version
2026-09-04T11:16:30.3815190Z git version 2.55.0
2026-09-04T11:16:30.3853225Z Temporarily overriding HOME='/home/runner/work/_temp/393b72c9-e409-4a48-8000-ed11beda7418' before making global git config changes
2026-09-04T11:16:30.3854593Z Adding repository directory to the temporary git global config as a safe directory
2026-09-04T11:16:30.3859150Z [command]/usr/bin/git config --global --add safe.directory /home/runner/work/log-generation/log-generation
2026-09-04T11:16:30.3898394Z [command]/usr/bin/git config --local --name-only --get-regexp core\.sshCommand
2026-09-04T11:16:30.3935099Z [command]/usr/bin/git submodule foreach --recursive sh -c "git config --local --name-only --get-regexp 'core\.sshCommand' && git config --local --unset-all 'core.sshCommand' || :"
2026-09-04T11:16:30.4189983Z [command]/usr/bin/git config --local --name-only --get-regexp http\.https\:\/\/github\.com\/\.extraheader
2026-09-04T11:16:30.4218404Z http.https://github.com/.extraheader
2026-09-04T11:16:30.4231222Z [command]/usr/bin/git config --local --unset-all http.https://github.com/.extraheader
2026-09-04T11:16:30.4268105Z [command]/usr/bin/git submodule foreach --recursive sh -c "git config --local --name-only --get-regexp 'http\.https\:\/\/github\.com\/\.extraheader' && git config --local --unset-all 'http.https://github.com/.extraheader' || :"
2026-09-04T11:16:30.4532897Z [command]/usr/bin/git config --local --name-only --get-regexp ^includeIf\.gitdir:
2026-09-04T11:16:30.4572143Z [command]/usr/bin/git submodule foreach --recursive git config --local --show-origin --name-only --get-regexp remote.origin.url
2026-09-04T11:16:30.4967036Z Cleaning up orphan processes
2026-09-04T11:16:30.5240063Z ##[warning]Node.js 20 is deprecated. The following actions target Node.js 20 but are being forced to run on Node.js 24: actions/checkout@v4, actions/setup-python@v5. For more information see: https://github.blog/changelog/2025-09-19-deprecation-of-node-20-on-github-actions-runners/
