ï»¿2026-09-04T15:45:08.5385891Z Current runner version: '2.337.0'
2026-09-04T15:45:08.5421348Z ##[group]Runner Image Provisioner
2026-09-04T15:45:08.5422872Z Hosted Compute Agent
2026-09-04T15:45:08.5424089Z Version: 20260828.587
2026-09-04T15:45:08.5425332Z Commit: abac92662cab4cc7352de4f9f9d2e2419aad9c29
2026-09-04T15:45:08.5426809Z Build Date: 2026-08-28T16:44:25Z
2026-09-04T15:45:08.5428002Z Worker ID: {382b18a3-d6e0-4151-97a9-2ac3267e4cab}
2026-09-04T15:45:08.5429276Z Azure Region: eastus
2026-09-04T15:45:08.5430466Z ##[endgroup]
2026-09-04T15:45:08.5432944Z ##[group]Operating System
2026-09-04T15:45:08.5434130Z Ubuntu
2026-09-04T15:45:08.5435543Z 24.04.4
2026-09-04T15:45:08.5436621Z LTS
2026-09-04T15:45:08.5437534Z ##[endgroup]
2026-09-04T15:45:08.5438560Z ##[group]Runner Image
2026-09-04T15:45:08.5439692Z Image: ubuntu-24.04
2026-09-04T15:45:08.5441099Z Version: 20260831.293.1
2026-09-04T15:45:08.5443501Z Included Software: https://github.com/actions/runner-images/blob/ubuntu24/20260831.293/images/ubuntu/Ubuntu2404-Readme.md
2026-09-04T15:45:08.5446337Z Image Release: https://github.com/actions/runner-images/releases/tag/ubuntu24%2F20260831.293
2026-09-04T15:45:08.5448174Z ##[endgroup]
2026-09-04T15:45:08.5450176Z ##[group]GITHUB_TOKEN Permissions
2026-09-04T15:45:08.5453373Z Contents: read
2026-09-04T15:45:08.5454371Z Metadata: read
2026-09-04T15:45:08.5455268Z Packages: read
2026-09-04T15:45:08.5456174Z ##[endgroup]
2026-09-04T15:45:08.5459497Z Secret source: Actions
2026-09-04T15:45:08.5462128Z Prepare workflow directory
2026-09-04T15:45:08.5930631Z Prepare all required actions
2026-09-04T15:45:08.6000706Z Getting action download info
2026-09-04T15:45:08.7895342Z Download action repository 'actions/checkout@v4' (SHA:11d5960a326750d5838078e36cf38b85af677262)
2026-09-04T15:45:08.9097435Z Download action repository 'actions/setup-python@v5' (SHA:a26af69be951a213d495a4c3e4e4022e16d87065)
2026-09-04T15:45:09.0992357Z Complete job name: test-f3 (ValueError #150)
2026-09-04T15:45:09.1770415Z Node 20 is being deprecated. This workflow is running with Node 24 by default. If you need to temporarily use Node 20, you can set the ACTIONS_ALLOW_USE_UNSECURE_NODE_VERSION=true environment variable. For more information see: https://github.blog/changelog/2025-09-19-deprecation-of-node-20-on-github-actions-runners/
2026-09-04T15:45:09.1779653Z ##[group]Run actions/checkout@v4
2026-09-04T15:45:09.1780400Z with:
2026-09-04T15:45:09.1781080Z   fetch-depth: 1
2026-09-04T15:45:09.1781594Z   repository: DhruvHegde/log-generation
2026-09-04T15:45:09.1785718Z   token: ***
2026-09-04T15:45:09.1786162Z   ssh-strict: true
2026-09-04T15:45:09.1786622Z   ssh-user: git
2026-09-04T15:45:09.1787085Z   persist-credentials: true
2026-09-04T15:45:09.1787589Z   clean: true
2026-09-04T15:45:09.1788046Z   sparse-checkout-cone-mode: true
2026-09-04T15:45:09.1788574Z   fetch-tags: false
2026-09-04T15:45:09.1789049Z   show-progress: true
2026-09-04T15:45:09.1789510Z   lfs: false
2026-09-04T15:45:09.1789964Z   submodules: false
2026-09-04T15:45:09.1790421Z   set-safe-directory: true
2026-09-04T15:45:09.1791076Z   allow-unsafe-pr-checkout: false
2026-09-04T15:45:09.1791867Z ##[endgroup]
2026-09-04T15:45:09.2802980Z Syncing repository: DhruvHegde/log-generation
2026-09-04T15:45:09.2805613Z ##[group]Getting Git version info
2026-09-04T15:45:09.2806879Z Working directory is '/home/runner/work/log-generation/log-generation'
2026-09-04T15:45:09.2808616Z [command]/usr/bin/git version
2026-09-04T15:45:09.2937036Z git version 2.55.0
2026-09-04T15:45:09.2967371Z ##[endgroup]
2026-09-04T15:45:09.2975737Z Temporarily overriding HOME='/home/runner/work/_temp/b97f1c4c-d3f7-4b1b-b8c7-696ca9c3c934' before making global git config changes
2026-09-04T15:45:09.2978051Z Adding repository directory to the temporary git global config as a safe directory
2026-09-04T15:45:09.2981349Z [command]/usr/bin/git config --global --add safe.directory /home/runner/work/log-generation/log-generation
2026-09-04T15:45:09.3038942Z Deleting the contents of '/home/runner/work/log-generation/log-generation'
2026-09-04T15:45:09.3043418Z ##[group]Initializing the repository
2026-09-04T15:45:09.3048922Z [command]/usr/bin/git init /home/runner/work/log-generation/log-generation
2026-09-04T15:45:09.3178572Z hint: Using 'master' as the name for the initial branch. This default branch name
2026-09-04T15:45:09.3180380Z hint: will change to "main" in Git 3.0. To configure the initial branch name
2026-09-04T15:45:09.3182934Z hint: to use in all of your new repositories, which will suppress this warning,
2026-09-04T15:45:09.3184168Z hint: call:
2026-09-04T15:45:09.3184793Z hint:
2026-09-04T15:45:09.3185594Z hint: 	git config --global init.defaultBranch <name>
2026-09-04T15:45:09.3186563Z hint:
2026-09-04T15:45:09.3187522Z hint: Names commonly chosen instead of 'master' are 'main', 'trunk' and
2026-09-04T15:45:09.3189067Z hint: 'development'. The just-created branch can be renamed via this command:
2026-09-04T15:45:09.3190253Z hint:
2026-09-04T15:45:09.3191144Z hint: 	git branch -m <name>
2026-09-04T15:45:09.3191921Z hint:
2026-09-04T15:45:09.3193064Z hint: Disable this message with "git config set advice.defaultBranchName false"
2026-09-04T15:45:09.3194990Z Initialized empty Git repository in /home/runner/work/log-generation/log-generation/.git/
2026-09-04T15:45:09.3198029Z [command]/usr/bin/git remote add origin https://github.com/DhruvHegde/log-generation
2026-09-04T15:45:09.3251833Z ##[endgroup]
2026-09-04T15:45:09.3253148Z ##[group]Disabling automatic garbage collection
2026-09-04T15:45:09.3255482Z [command]/usr/bin/git config --local gc.auto 0
2026-09-04T15:45:09.3303405Z ##[endgroup]
2026-09-04T15:45:09.3304747Z ##[group]Setting up auth
2026-09-04T15:45:09.3305919Z [command]/usr/bin/git config --local --name-only --get-regexp core\.sshCommand
2026-09-04T15:45:09.3339281Z [command]/usr/bin/git submodule foreach --recursive sh -c "git config --local --name-only --get-regexp 'core\.sshCommand' && git config --local --unset-all 'core.sshCommand' || :"
2026-09-04T15:45:09.3756542Z [command]/usr/bin/git config --local --name-only --get-regexp http\.https\:\/\/github\.com\/\.extraheader
2026-09-04T15:45:09.3795396Z [command]/usr/bin/git submodule foreach --recursive sh -c "git config --local --name-only --get-regexp 'http\.https\:\/\/github\.com\/\.extraheader' && git config --local --unset-all 'http.https://github.com/.extraheader' || :"
2026-09-04T15:45:09.4023833Z [command]/usr/bin/git config --local --name-only --get-regexp ^includeIf\.gitdir:
2026-09-04T15:45:09.4060606Z [command]/usr/bin/git submodule foreach --recursive git config --local --show-origin --name-only --get-regexp remote.origin.url
2026-09-04T15:45:09.4286605Z [command]/usr/bin/git config --local http.https://github.com/.extraheader AUTHORIZATION: basic ***
2026-09-04T15:45:09.4325670Z ##[endgroup]
2026-09-04T15:45:09.4326575Z ##[group]Fetching the repository
2026-09-04T15:45:09.4336065Z [command]/usr/bin/git -c protocol.version=2 fetch --no-tags --prune --no-recurse-submodules --depth=1 origin +ff2db557a0a8df7e538c7d2e729be8ed403658e2:refs/remotes/origin/feature/f3-test-failures
2026-09-04T15:45:09.7330090Z From https://github.com/DhruvHegde/log-generation
2026-09-04T15:45:09.7332514Z  * [new ref]         ff2db557a0a8df7e538c7d2e729be8ed403658e2 -> origin/feature/f3-test-failures
2026-09-04T15:45:09.7337361Z ##[endgroup]
2026-09-04T15:45:09.7339510Z ##[group]Determining the checkout info
2026-09-04T15:45:09.7341798Z ##[endgroup]
2026-09-04T15:45:09.7345950Z [command]/usr/bin/git sparse-checkout disable
2026-09-04T15:45:09.7401152Z [command]/usr/bin/git config --local --unset-all extensions.worktreeConfig
2026-09-04T15:45:09.7431661Z ##[group]Checking out the ref
2026-09-04T15:45:09.7438068Z [command]/usr/bin/git checkout --progress --force -B feature/f3-test-failures refs/remotes/origin/feature/f3-test-failures
2026-09-04T15:45:09.8171313Z Switched to a new branch 'feature/f3-test-failures'
2026-09-04T15:45:09.8176630Z branch 'feature/f3-test-failures' set up to track 'origin/feature/f3-test-failures'.
2026-09-04T15:45:09.8187130Z ##[endgroup]
2026-09-04T15:45:09.8233844Z [command]/usr/bin/git log -1 --format=%H
2026-09-04T15:45:09.8261673Z ff2db557a0a8df7e538c7d2e729be8ed403658e2
2026-09-04T15:45:09.8602911Z Node 20 is being deprecated. This workflow is running with Node 24 by default. If you need to temporarily use Node 20, you can set the ACTIONS_ALLOW_USE_UNSECURE_NODE_VERSION=true environment variable. For more information see: https://github.blog/changelog/2025-09-19-deprecation-of-node-20-on-github-actions-runners/
2026-09-04T15:45:09.8608271Z ##[group]Run actions/setup-python@v5
2026-09-04T15:45:09.8609259Z with:
2026-09-04T15:45:09.8609969Z   python-version: 3.11
2026-09-04T15:45:09.8610807Z   check-latest: false
2026-09-04T15:45:09.8621586Z   token: ***
2026-09-04T15:45:09.8622365Z   update-environment: true
2026-09-04T15:45:09.8623320Z   allow-prereleases: false
2026-09-04T15:45:09.8624218Z   freethreaded: false
2026-09-04T15:45:09.8625078Z ##[endgroup]
2026-09-04T15:45:09.9962541Z ##[group]Installed versions
2026-09-04T15:45:10.0086519Z (node:2265) [DEP0040] DeprecationWarning: The `punycode` module is deprecated. Please use a userland alternative instead.
2026-09-04T15:45:10.0089719Z (Use `node --trace-deprecation ...` to show where the warning was created)
2026-09-04T15:45:10.0092374Z Successfully set up CPython (3.11.16)
2026-09-04T15:45:10.0094883Z ##[endgroup]
2026-09-04T15:45:10.0273551Z ##[group]Run pip install --no-cache-dir pytest
2026-09-04T15:45:10.0274933Z [36;1mpip install --no-cache-dir pytest[0m
2026-09-04T15:45:10.0333218Z shell: /usr/bin/bash -e {0}
2026-09-04T15:45:10.0334170Z env:
2026-09-04T15:45:10.0335075Z   pythonLocation: /opt/hostedtoolcache/Python/3.11.16/x64
2026-09-04T15:45:10.0336682Z   PKG_CONFIG_PATH: /opt/hostedtoolcache/Python/3.11.16/x64/lib/pkgconfig
2026-09-04T15:45:10.0338446Z   Python_ROOT_DIR: /opt/hostedtoolcache/Python/3.11.16/x64
2026-09-04T15:45:10.0440955Z   Python2_ROOT_DIR: /opt/hostedtoolcache/Python/3.11.16/x64
2026-09-04T15:45:10.0442819Z   Python3_ROOT_DIR: /opt/hostedtoolcache/Python/3.11.16/x64
2026-09-04T15:45:10.0444333Z   LD_LIBRARY_PATH: /opt/hostedtoolcache/Python/3.11.16/x64/lib
2026-09-04T15:45:10.0445630Z ##[endgroup]
2026-09-04T15:45:11.0593429Z Collecting pytest
2026-09-04T15:45:11.1114072Z   Downloading pytest-9.1.1-py3-none-any.whl.metadata (7.6 kB)
2026-09-04T15:45:11.1199294Z Collecting iniconfig>=1.0.1 (from pytest)
2026-09-04T15:45:11.1275440Z   Downloading iniconfig-2.3.0-py3-none-any.whl.metadata (2.5 kB)
2026-09-04T15:45:11.1379119Z Collecting packaging>=22 (from pytest)
2026-09-04T15:45:11.1452413Z   Downloading packaging-26.3-py3-none-any.whl.metadata (3.5 kB)
2026-09-04T15:45:11.1532759Z Collecting pluggy<2,>=1.5 (from pytest)
2026-09-04T15:45:11.1571125Z   Downloading pluggy-1.6.0-py3-none-any.whl.metadata (4.8 kB)
2026-09-04T15:45:11.1703799Z Collecting pygments>=2.7.2 (from pytest)
2026-09-04T15:45:11.1743740Z   Downloading pygments-2.21.0-py3-none-any.whl.metadata (2.5 kB)
2026-09-04T15:45:11.1808360Z Downloading pytest-9.1.1-py3-none-any.whl (386 kB)
2026-09-04T15:45:11.2011254Z Downloading pluggy-1.6.0-py3-none-any.whl (20 kB)
2026-09-04T15:45:11.2049375Z Downloading iniconfig-2.3.0-py3-none-any.whl (7.5 kB)
2026-09-04T15:45:11.2086456Z Downloading packaging-26.3-py3-none-any.whl (129 kB)
2026-09-04T15:45:11.2127299Z Downloading pygments-2.21.0-py3-none-any.whl (1.3 MB)
2026-09-04T15:45:11.2222171Z    ââââââââââââââââââââââââââââââââââââââââ 1.3/1.3 MB 185.1 MB/s  0:00:00
2026-09-04T15:45:11.3069101Z Installing collected packages: pygments, pluggy, packaging, iniconfig, pytest
2026-09-04T15:45:12.2699906Z 
2026-09-04T15:45:12.2709093Z Successfully installed iniconfig-2.3.0 packaging-26.3 pluggy-1.6.0 pygments-2.21.0 pytest-9.1.1
2026-09-04T15:45:12.3254360Z ##[group]Run python automation/inject_mutation.py --error-type "ValueError"
2026-09-04T15:45:12.3254960Z [36;1mpython automation/inject_mutation.py --error-type "ValueError"[0m
2026-09-04T15:45:12.3293320Z shell: /usr/bin/bash -e {0}
2026-09-04T15:45:12.3293579Z env:
2026-09-04T15:45:12.3293856Z   pythonLocation: /opt/hostedtoolcache/Python/3.11.16/x64
2026-09-04T15:45:12.3294509Z   PKG_CONFIG_PATH: /opt/hostedtoolcache/Python/3.11.16/x64/lib/pkgconfig
2026-09-04T15:45:12.3294951Z   Python_ROOT_DIR: /opt/hostedtoolcache/Python/3.11.16/x64
2026-09-04T15:45:12.3295331Z   Python2_ROOT_DIR: /opt/hostedtoolcache/Python/3.11.16/x64
2026-09-04T15:45:12.3295749Z   Python3_ROOT_DIR: /opt/hostedtoolcache/Python/3.11.16/x64
2026-09-04T15:45:12.3296163Z   LD_LIBRARY_PATH: /opt/hostedtoolcache/Python/3.11.16/x64/lib
2026-09-04T15:45:12.3296520Z ##[endgroup]
2026-09-04T15:45:12.3590317Z [Mutation Injected] Successfully injected ValueError into tests/test_app.py
2026-09-04T15:45:12.3662857Z ##[group]Run pytest tests/test_app.py -v
2026-09-04T15:45:12.3663234Z [36;1mpytest tests/test_app.py -v[0m
2026-09-04T15:45:12.3700291Z shell: /usr/bin/bash -e {0}
2026-09-04T15:45:12.3700550Z env:
2026-09-04T15:45:12.3701069Z   pythonLocation: /opt/hostedtoolcache/Python/3.11.16/x64
2026-09-04T15:45:12.3701536Z   PKG_CONFIG_PATH: /opt/hostedtoolcache/Python/3.11.16/x64/lib/pkgconfig
2026-09-04T15:45:12.3701988Z   Python_ROOT_DIR: /opt/hostedtoolcache/Python/3.11.16/x64
2026-09-04T15:45:12.3702370Z   Python2_ROOT_DIR: /opt/hostedtoolcache/Python/3.11.16/x64
2026-09-04T15:45:12.3702753Z   Python3_ROOT_DIR: /opt/hostedtoolcache/Python/3.11.16/x64
2026-09-04T15:45:12.3703134Z   LD_LIBRARY_PATH: /opt/hostedtoolcache/Python/3.11.16/x64/lib
2026-09-04T15:45:12.3703462Z ##[endgroup]
2026-09-04T15:45:12.5998246Z ============================= test session starts ==============================
2026-09-04T15:45:12.5999661Z platform linux -- Python 3.11.16, pytest-9.1.1, pluggy-1.6.0 -- /opt/hostedtoolcache/Python/3.11.16/x64/bin/python
2026-09-04T15:45:12.6000749Z cachedir: .pytest_cache
2026-09-04T15:45:12.6001720Z rootdir: /home/runner/work/log-generation/log-generation
2026-09-04T15:45:12.6002452Z configfile: pytest.ini
2026-09-04T15:45:12.6088394Z collecting ... collected 6 items
2026-09-04T15:45:12.6088894Z 
2026-09-04T15:45:12.6098082Z tests/test_app.py::test_calculate_division PASSED                        [ 16%]
2026-09-04T15:45:12.6105486Z tests/test_app.py::test_convert_to_int PASSED                            [ 33%]
2026-09-04T15:45:12.6113123Z tests/test_app.py::test_get_list_item PASSED                             [ 50%]
2026-09-04T15:45:12.6119829Z tests/test_app.py::test_get_dict_value PASSED                            [ 66%]
2026-09-04T15:45:12.6126955Z tests/test_app.py::test_assert_positive PASSED                           [ 83%]
2026-09-04T15:45:12.6416880Z tests/test_app.py::test_value_error FAILED                               [100%]
2026-09-04T15:45:12.6417734Z 
2026-09-04T15:45:12.6418377Z =================================== FAILURES ===================================
2026-09-04T15:45:12.6419185Z _______________________________ test_value_error _______________________________
2026-09-04T15:45:12.6419715Z 
2026-09-04T15:45:12.6419888Z     def test_value_error():
2026-09-04T15:45:12.6420381Z         """Injected synthetic ValueError."""
2026-09-04T15:45:12.6421227Z         from src.app import convert_to_int
2026-09-04T15:45:12.6421886Z >       convert_to_int("unparseable_alphanumeric_0x99")
2026-09-04T15:45:12.6422308Z 
2026-09-04T15:45:12.6422481Z tests/test_app.py:133: 
2026-09-04T15:45:12.6422990Z _ _ _ _ _ _ _ _ _ _ _ _ _ _ _ _ _ _ _ _ _ _ _ _ _ _ _ _ _ _ _ _ _ _ _ _ _ _ _ _ 
2026-09-04T15:45:12.6423439Z 
2026-09-04T15:45:12.6423644Z val = 'unparseable_alphanumeric_0x99'
2026-09-04T15:45:12.6424019Z 
2026-09-04T15:45:12.6424193Z     def convert_to_int(val):
2026-09-04T15:45:12.6424625Z >       return int(val)
2026-09-04T15:45:12.6425002Z                ^^^^^^^^
2026-09-04T15:45:12.6425714Z E       ValueError: invalid literal for int() with base 10: 'unparseable_alphanumeric_0x99'
2026-09-04T15:45:12.6426403Z 
2026-09-04T15:45:12.6426865Z src/app.py:5: ValueError
2026-09-04T15:45:12.6427566Z =========================== short test summary info ============================
2026-09-04T15:45:12.6429014Z FAILED tests/test_app.py::test_value_error - ValueError: invalid literal for int() with base 10: 'unparseable_alphanumeric_0x99'
2026-09-04T15:45:12.6430827Z ========================= 1 failed, 5 passed in 0.03s ==========================
2026-09-04T15:45:12.6602649Z ##[error]Process completed with exit code 1.
2026-09-04T15:45:12.6743036Z Node 20 is being deprecated. This workflow is running with Node 24 by default. If you need to temporarily use Node 20, you can set the ACTIONS_ALLOW_USE_UNSECURE_NODE_VERSION=true environment variable. For more information see: https://github.blog/changelog/2025-09-19-deprecation-of-node-20-on-github-actions-runners/
2026-09-04T15:45:12.6744277Z Post job cleanup.
2026-09-04T15:45:12.7576993Z [command]/usr/bin/git version
2026-09-04T15:45:12.7623355Z git version 2.55.0
2026-09-04T15:45:12.7665287Z Temporarily overriding HOME='/home/runner/work/_temp/d2aec3aa-cf12-43ea-9670-46c3ef720b74' before making global git config changes
2026-09-04T15:45:12.7666649Z Adding repository directory to the temporary git global config as a safe directory
2026-09-04T15:45:12.7671616Z [command]/usr/bin/git config --global --add safe.directory /home/runner/work/log-generation/log-generation
2026-09-04T15:45:12.7714493Z [command]/usr/bin/git config --local --name-only --get-regexp core\.sshCommand
2026-09-04T15:45:12.7750718Z [command]/usr/bin/git submodule foreach --recursive sh -c "git config --local --name-only --get-regexp 'core\.sshCommand' && git config --local --unset-all 'core.sshCommand' || :"
2026-09-04T15:45:12.8025662Z [command]/usr/bin/git config --local --name-only --get-regexp http\.https\:\/\/github\.com\/\.extraheader
2026-09-04T15:45:12.8057204Z http.https://github.com/.extraheader
2026-09-04T15:45:12.8071461Z [command]/usr/bin/git config --local --unset-all http.https://github.com/.extraheader
2026-09-04T15:45:12.8114168Z [command]/usr/bin/git submodule foreach --recursive sh -c "git config --local --name-only --get-regexp 'http\.https\:\/\/github\.com\/\.extraheader' && git config --local --unset-all 'http.https://github.com/.extraheader' || :"
2026-09-04T15:45:12.8377876Z [command]/usr/bin/git config --local --name-only --get-regexp ^includeIf\.gitdir:
2026-09-04T15:45:12.8418859Z [command]/usr/bin/git submodule foreach --recursive git config --local --show-origin --name-only --get-regexp remote.origin.url
2026-09-04T15:45:12.8824130Z Cleaning up orphan processes
2026-09-04T15:45:12.9101694Z ##[warning]Node.js 20 is deprecated. The following actions target Node.js 20 but are being forced to run on Node.js 24: actions/checkout@v4, actions/setup-python@v5. For more information see: https://github.blog/changelog/2025-09-19-deprecation-of-node-20-on-github-actions-runners/
