ï»¿2026-09-04T15:44:57.7194237Z Current runner version: '2.337.0'
2026-09-04T15:44:57.7218927Z ##[group]Runner Image Provisioner
2026-09-04T15:44:57.7219773Z Hosted Compute Agent
2026-09-04T15:44:57.7220347Z Version: 20260828.587
2026-09-04T15:44:57.7221074Z Commit: abac92662cab4cc7352de4f9f9d2e2419aad9c29
2026-09-04T15:44:57.7221818Z Build Date: 2026-08-28T16:44:25Z
2026-09-04T15:44:57.7222572Z Worker ID: {e130ce50-e756-47eb-b607-442c78905996}
2026-09-04T15:44:57.7223307Z Azure Region: westus
2026-09-04T15:44:57.7223944Z ##[endgroup]
2026-09-04T15:44:57.7226285Z ##[group]Operating System
2026-09-04T15:44:57.7226978Z Ubuntu
2026-09-04T15:44:57.7227569Z 24.04.4
2026-09-04T15:44:57.7228106Z LTS
2026-09-04T15:44:57.7228966Z ##[endgroup]
2026-09-04T15:44:57.7229681Z ##[group]Runner Image
2026-09-04T15:44:57.7230372Z Image: ubuntu-24.04
2026-09-04T15:44:57.7230984Z Version: 20260831.293.1
2026-09-04T15:44:57.7232258Z Included Software: https://github.com/actions/runner-images/blob/ubuntu24/20260831.293/images/ubuntu/Ubuntu2404-Readme.md
2026-09-04T15:44:57.7233942Z Image Release: https://github.com/actions/runner-images/releases/tag/ubuntu24%2F20260831.293
2026-09-04T15:44:57.7234963Z ##[endgroup]
2026-09-04T15:44:57.7236415Z ##[group]GITHUB_TOKEN Permissions
2026-09-04T15:44:57.7238862Z Contents: read
2026-09-04T15:44:57.7239603Z Metadata: read
2026-09-04T15:44:57.7240216Z Packages: read
2026-09-04T15:44:57.7240754Z ##[endgroup]
2026-09-04T15:44:57.7242978Z Secret source: Actions
2026-09-04T15:44:57.7244439Z Prepare workflow directory
2026-09-04T15:44:57.7599806Z Prepare all required actions
2026-09-04T15:44:57.7649996Z Getting action download info
2026-09-04T15:44:58.1227993Z Download action repository 'actions/checkout@v4' (SHA:11d5960a326750d5838078e36cf38b85af677262)
2026-09-04T15:44:58.2182622Z Download action repository 'actions/setup-python@v5' (SHA:a26af69be951a213d495a4c3e4e4022e16d87065)
2026-09-04T15:44:58.4040188Z Complete job name: test-f3 (TypeError #86)
2026-09-04T15:44:58.4830833Z Node 20 is being deprecated. This workflow is running with Node 24 by default. If you need to temporarily use Node 20, you can set the ACTIONS_ALLOW_USE_UNSECURE_NODE_VERSION=true environment variable. For more information see: https://github.blog/changelog/2025-09-19-deprecation-of-node-20-on-github-actions-runners/
2026-09-04T15:44:58.4840253Z ##[group]Run actions/checkout@v4
2026-09-04T15:44:58.4841006Z with:
2026-09-04T15:44:58.4841433Z   fetch-depth: 1
2026-09-04T15:44:58.4841906Z   repository: DhruvHegde/log-generation
2026-09-04T15:44:58.4845898Z   token: ***
2026-09-04T15:44:58.4846333Z   ssh-strict: true
2026-09-04T15:44:58.4846771Z   ssh-user: git
2026-09-04T15:44:58.4847206Z   persist-credentials: true
2026-09-04T15:44:58.4847699Z   clean: true
2026-09-04T15:44:58.4848141Z   sparse-checkout-cone-mode: true
2026-09-04T15:44:58.4848664Z   fetch-tags: false
2026-09-04T15:44:58.4849103Z   show-progress: true
2026-09-04T15:44:58.4849543Z   lfs: false
2026-09-04T15:44:58.4849994Z   submodules: false
2026-09-04T15:44:58.4850439Z   set-safe-directory: true
2026-09-04T15:44:58.4850946Z   allow-unsafe-pr-checkout: false
2026-09-04T15:44:58.4851775Z ##[endgroup]
2026-09-04T15:44:58.5911291Z Syncing repository: DhruvHegde/log-generation
2026-09-04T15:44:58.5914478Z ##[group]Getting Git version info
2026-09-04T15:44:58.5916045Z Working directory is '/home/runner/work/log-generation/log-generation'
2026-09-04T15:44:58.5917817Z [command]/usr/bin/git version
2026-09-04T15:44:58.5985879Z git version 2.55.0
2026-09-04T15:44:58.6009279Z ##[endgroup]
2026-09-04T15:44:58.6025136Z Temporarily overriding HOME='/home/runner/work/_temp/1d07b69b-e890-4b27-aac2-fba04f379793' before making global git config changes
2026-09-04T15:44:58.6027953Z Adding repository directory to the temporary git global config as a safe directory
2026-09-04T15:44:58.6031302Z [command]/usr/bin/git config --global --add safe.directory /home/runner/work/log-generation/log-generation
2026-09-04T15:44:58.6088521Z Deleting the contents of '/home/runner/work/log-generation/log-generation'
2026-09-04T15:44:58.6092219Z ##[group]Initializing the repository
2026-09-04T15:44:58.6097326Z [command]/usr/bin/git init /home/runner/work/log-generation/log-generation
2026-09-04T15:44:58.6199018Z hint: Using 'master' as the name for the initial branch. This default branch name
2026-09-04T15:44:58.6200756Z hint: will change to "main" in Git 3.0. To configure the initial branch name
2026-09-04T15:44:58.6202247Z hint: to use in all of your new repositories, which will suppress this warning,
2026-09-04T15:44:58.6203425Z hint: call:
2026-09-04T15:44:58.6204160Z hint:
2026-09-04T15:44:58.6205069Z hint: 	git config --global init.defaultBranch <name>
2026-09-04T15:44:58.6206311Z hint:
2026-09-04T15:44:58.6207256Z hint: Names commonly chosen instead of 'master' are 'main', 'trunk' and
2026-09-04T15:44:58.6208762Z hint: 'development'. The just-created branch can be renamed via this command:
2026-09-04T15:44:58.6210046Z hint:
2026-09-04T15:44:58.6210763Z hint: 	git branch -m <name>
2026-09-04T15:44:58.6211547Z hint:
2026-09-04T15:44:58.6213549Z hint: Disable this message with "git config set advice.defaultBranchName false"
2026-09-04T15:44:58.6215611Z Initialized empty Git repository in /home/runner/work/log-generation/log-generation/.git/
2026-09-04T15:44:58.6217904Z [command]/usr/bin/git remote add origin https://github.com/DhruvHegde/log-generation
2026-09-04T15:44:58.6267223Z ##[endgroup]
2026-09-04T15:44:58.6268577Z ##[group]Disabling automatic garbage collection
2026-09-04T15:44:58.6272188Z [command]/usr/bin/git config --local gc.auto 0
2026-09-04T15:44:58.6307547Z ##[endgroup]
2026-09-04T15:44:58.6308908Z ##[group]Setting up auth
2026-09-04T15:44:58.6317015Z [command]/usr/bin/git config --local --name-only --get-regexp core\.sshCommand
2026-09-04T15:44:58.6358552Z [command]/usr/bin/git submodule foreach --recursive sh -c "git config --local --name-only --get-regexp 'core\.sshCommand' && git config --local --unset-all 'core.sshCommand' || :"
2026-09-04T15:44:58.6729699Z [command]/usr/bin/git config --local --name-only --get-regexp http\.https\:\/\/github\.com\/\.extraheader
2026-09-04T15:44:58.6776647Z [command]/usr/bin/git submodule foreach --recursive sh -c "git config --local --name-only --get-regexp 'http\.https\:\/\/github\.com\/\.extraheader' && git config --local --unset-all 'http.https://github.com/.extraheader' || :"
2026-09-04T15:44:58.7044679Z [command]/usr/bin/git config --local --name-only --get-regexp ^includeIf\.gitdir:
2026-09-04T15:44:58.7083464Z [command]/usr/bin/git submodule foreach --recursive git config --local --show-origin --name-only --get-regexp remote.origin.url
2026-09-04T15:44:58.7316180Z [command]/usr/bin/git config --local http.https://github.com/.extraheader AUTHORIZATION: basic ***
2026-09-04T15:44:58.7356301Z ##[endgroup]
2026-09-04T15:44:58.7357144Z ##[group]Fetching the repository
2026-09-04T15:44:58.7366393Z [command]/usr/bin/git -c protocol.version=2 fetch --no-tags --prune --no-recurse-submodules --depth=1 origin +ff2db557a0a8df7e538c7d2e729be8ed403658e2:refs/remotes/origin/feature/f3-test-failures
2026-09-04T15:44:59.3258863Z From https://github.com/DhruvHegde/log-generation
2026-09-04T15:44:59.3261694Z  * [new ref]         ff2db557a0a8df7e538c7d2e729be8ed403658e2 -> origin/feature/f3-test-failures
2026-09-04T15:44:59.3267193Z ##[endgroup]
2026-09-04T15:44:59.3269325Z ##[group]Determining the checkout info
2026-09-04T15:44:59.3271697Z ##[endgroup]
2026-09-04T15:44:59.3273233Z [command]/usr/bin/git sparse-checkout disable
2026-09-04T15:44:59.3330305Z [command]/usr/bin/git config --local --unset-all extensions.worktreeConfig
2026-09-04T15:44:59.3368375Z ##[group]Checking out the ref
2026-09-04T15:44:59.3374177Z [command]/usr/bin/git checkout --progress --force -B feature/f3-test-failures refs/remotes/origin/feature/f3-test-failures
2026-09-04T15:44:59.4113698Z Switched to a new branch 'feature/f3-test-failures'
2026-09-04T15:44:59.4117265Z branch 'feature/f3-test-failures' set up to track 'origin/feature/f3-test-failures'.
2026-09-04T15:44:59.4129223Z ##[endgroup]
2026-09-04T15:44:59.4176041Z [command]/usr/bin/git log -1 --format=%H
2026-09-04T15:44:59.4205801Z ff2db557a0a8df7e538c7d2e729be8ed403658e2
2026-09-04T15:44:59.4597418Z Node 20 is being deprecated. This workflow is running with Node 24 by default. If you need to temporarily use Node 20, you can set the ACTIONS_ALLOW_USE_UNSECURE_NODE_VERSION=true environment variable. For more information see: https://github.blog/changelog/2025-09-19-deprecation-of-node-20-on-github-actions-runners/
2026-09-04T15:44:59.4603676Z ##[group]Run actions/setup-python@v5
2026-09-04T15:44:59.4604903Z with:
2026-09-04T15:44:59.4606099Z   python-version: 3.11
2026-09-04T15:44:59.4607161Z   check-latest: false
2026-09-04T15:44:59.4616642Z   token: ***
2026-09-04T15:44:59.4617628Z   update-environment: true
2026-09-04T15:44:59.4618767Z   allow-prereleases: false
2026-09-04T15:44:59.4619895Z   freethreaded: false
2026-09-04T15:44:59.4620891Z ##[endgroup]
2026-09-04T15:44:59.6004251Z ##[group]Installed versions
2026-09-04T15:44:59.6101778Z (node:2254) [DEP0040] DeprecationWarning: The `punycode` module is deprecated. Please use a userland alternative instead.
2026-09-04T15:44:59.6106447Z (Use `node --trace-deprecation ...` to show where the warning was created)
2026-09-04T15:44:59.6108278Z Successfully set up CPython (3.11.16)
2026-09-04T15:44:59.6110199Z ##[endgroup]
2026-09-04T15:44:59.6314752Z ##[group]Run pip install --no-cache-dir pytest
2026-09-04T15:44:59.6316706Z [36;1mpip install --no-cache-dir pytest[0m
2026-09-04T15:44:59.6384923Z shell: /usr/bin/bash -e {0}
2026-09-04T15:44:59.6387688Z env:
2026-09-04T15:44:59.6390270Z   pythonLocation: /opt/hostedtoolcache/Python/3.11.16/x64
2026-09-04T15:44:59.6393321Z   PKG_CONFIG_PATH: /opt/hostedtoolcache/Python/3.11.16/x64/lib/pkgconfig
2026-09-04T15:44:59.6491619Z   Python_ROOT_DIR: /opt/hostedtoolcache/Python/3.11.16/x64
2026-09-04T15:44:59.6494442Z   Python2_ROOT_DIR: /opt/hostedtoolcache/Python/3.11.16/x64
2026-09-04T15:44:59.6497548Z   Python3_ROOT_DIR: /opt/hostedtoolcache/Python/3.11.16/x64
2026-09-04T15:44:59.6500276Z   LD_LIBRARY_PATH: /opt/hostedtoolcache/Python/3.11.16/x64/lib
2026-09-04T15:44:59.6502514Z ##[endgroup]
2026-09-04T15:45:00.4398572Z Collecting pytest
2026-09-04T15:45:00.4874724Z   Downloading pytest-9.1.1-py3-none-any.whl.metadata (7.6 kB)
2026-09-04T15:45:00.4961505Z Collecting iniconfig>=1.0.1 (from pytest)
2026-09-04T15:45:00.4995365Z   Downloading iniconfig-2.3.0-py3-none-any.whl.metadata (2.5 kB)
2026-09-04T15:45:00.5103535Z Collecting packaging>=22 (from pytest)
2026-09-04T15:45:00.5137777Z   Downloading packaging-26.3-py3-none-any.whl.metadata (3.5 kB)
2026-09-04T15:45:00.5222414Z Collecting pluggy<2,>=1.5 (from pytest)
2026-09-04T15:45:00.5254984Z   Downloading pluggy-1.6.0-py3-none-any.whl.metadata (4.8 kB)
2026-09-04T15:45:00.5387694Z Collecting pygments>=2.7.2 (from pytest)
2026-09-04T15:45:00.5419757Z   Downloading pygments-2.21.0-py3-none-any.whl.metadata (2.5 kB)
2026-09-04T15:45:00.5477913Z Downloading pytest-9.1.1-py3-none-any.whl (386 kB)
2026-09-04T15:45:00.5627377Z Downloading pluggy-1.6.0-py3-none-any.whl (20 kB)
2026-09-04T15:45:00.5657588Z Downloading iniconfig-2.3.0-py3-none-any.whl (7.5 kB)
2026-09-04T15:45:00.5686325Z Downloading packaging-26.3-py3-none-any.whl (129 kB)
2026-09-04T15:45:00.5718458Z Downloading pygments-2.21.0-py3-none-any.whl (1.3 MB)
2026-09-04T15:45:00.5782118Z    ââââââââââââââââââââââââââââââââââââââââ 1.3/1.3 MB 362.8 MB/s  0:00:00
2026-09-04T15:45:00.6438453Z Installing collected packages: pygments, pluggy, packaging, iniconfig, pytest
2026-09-04T15:45:01.6666951Z 
2026-09-04T15:45:01.6677080Z Successfully installed iniconfig-2.3.0 packaging-26.3 pluggy-1.6.0 pygments-2.21.0 pytest-9.1.1
2026-09-04T15:45:01.7301513Z ##[group]Run python automation/inject_mutation.py --error-type "TypeError"
2026-09-04T15:45:01.7302115Z [36;1mpython automation/inject_mutation.py --error-type "TypeError"[0m
2026-09-04T15:45:01.7340777Z shell: /usr/bin/bash -e {0}
2026-09-04T15:45:01.7341052Z env:
2026-09-04T15:45:01.7341329Z   pythonLocation: /opt/hostedtoolcache/Python/3.11.16/x64
2026-09-04T15:45:01.7342012Z   PKG_CONFIG_PATH: /opt/hostedtoolcache/Python/3.11.16/x64/lib/pkgconfig
2026-09-04T15:45:01.7342445Z   Python_ROOT_DIR: /opt/hostedtoolcache/Python/3.11.16/x64
2026-09-04T15:45:01.7342844Z   Python2_ROOT_DIR: /opt/hostedtoolcache/Python/3.11.16/x64
2026-09-04T15:45:01.7343245Z   Python3_ROOT_DIR: /opt/hostedtoolcache/Python/3.11.16/x64
2026-09-04T15:45:01.7343643Z   LD_LIBRARY_PATH: /opt/hostedtoolcache/Python/3.11.16/x64/lib
2026-09-04T15:45:01.7343971Z ##[endgroup]
2026-09-04T15:45:01.7650545Z [Mutation Injected] Successfully injected TypeError into tests/test_app.py
2026-09-04T15:45:01.7728433Z ##[group]Run pytest tests/test_app.py -v
2026-09-04T15:45:01.7728835Z [36;1mpytest tests/test_app.py -v[0m
2026-09-04T15:45:01.7767600Z shell: /usr/bin/bash -e {0}
2026-09-04T15:45:01.7767861Z env:
2026-09-04T15:45:01.7768133Z   pythonLocation: /opt/hostedtoolcache/Python/3.11.16/x64
2026-09-04T15:45:01.7768582Z   PKG_CONFIG_PATH: /opt/hostedtoolcache/Python/3.11.16/x64/lib/pkgconfig
2026-09-04T15:45:01.7769029Z   Python_ROOT_DIR: /opt/hostedtoolcache/Python/3.11.16/x64
2026-09-04T15:45:01.7769442Z   Python2_ROOT_DIR: /opt/hostedtoolcache/Python/3.11.16/x64
2026-09-04T15:45:01.7769824Z   Python3_ROOT_DIR: /opt/hostedtoolcache/Python/3.11.16/x64
2026-09-04T15:45:01.7770230Z   LD_LIBRARY_PATH: /opt/hostedtoolcache/Python/3.11.16/x64/lib
2026-09-04T15:45:01.7770554Z ##[endgroup]
2026-09-04T15:45:02.0131958Z ============================= test session starts ==============================
2026-09-04T15:45:02.0133401Z platform linux -- Python 3.11.16, pytest-9.1.1, pluggy-1.6.0 -- /opt/hostedtoolcache/Python/3.11.16/x64/bin/python
2026-09-04T15:45:02.0134805Z cachedir: .pytest_cache
2026-09-04T15:45:02.0135653Z rootdir: /home/runner/work/log-generation/log-generation
2026-09-04T15:45:02.0136358Z configfile: pytest.ini
2026-09-04T15:45:02.0228381Z collecting ... collected 6 items
2026-09-04T15:45:02.0228876Z 
2026-09-04T15:45:02.0237834Z tests/test_app.py::test_calculate_division PASSED                        [ 16%]
2026-09-04T15:45:02.0245526Z tests/test_app.py::test_convert_to_int PASSED                            [ 33%]
2026-09-04T15:45:02.0254459Z tests/test_app.py::test_get_list_item PASSED                             [ 50%]
2026-09-04T15:45:02.0262008Z tests/test_app.py::test_get_dict_value PASSED                            [ 66%]
2026-09-04T15:45:02.0269623Z tests/test_app.py::test_assert_positive PASSED                           [ 83%]
2026-09-04T15:45:02.0577040Z tests/test_app.py::test_type_error FAILED                                [100%]
2026-09-04T15:45:02.0577791Z 
2026-09-04T15:45:02.0578113Z =================================== FAILURES ===================================
2026-09-04T15:45:02.0578857Z _______________________________ test_type_error ________________________________
2026-09-04T15:45:02.0579362Z 
2026-09-04T15:45:02.0579535Z     def test_type_error():
2026-09-04T15:45:02.0579970Z         """Injected synthetic TypeError."""
2026-09-04T15:45:02.0580464Z         from src.app import calculate_division
2026-09-04T15:45:02.0581017Z >       calculate_division("invalid_string", 5)
2026-09-04T15:45:02.0581372Z 
2026-09-04T15:45:02.0581530Z tests/test_app.py:133: 
2026-09-04T15:45:02.0582012Z _ _ _ _ _ _ _ _ _ _ _ _ _ _ _ _ _ _ _ _ _ _ _ _ _ _ _ _ _ _ _ _ _ _ _ _ _ _ _ _ 
2026-09-04T15:45:02.0582427Z 
2026-09-04T15:45:02.0582588Z a = 'invalid_string', b = 5
2026-09-04T15:45:02.0582892Z 
2026-09-04T15:45:02.0583073Z     def calculate_division(a, b):
2026-09-04T15:45:02.0583488Z >       return a / b
2026-09-04T15:45:02.0583822Z                ^^^^^
2026-09-04T15:45:02.0584315Z E       TypeError: unsupported operand type(s) for /: 'str' and 'int'
2026-09-04T15:45:02.0584774Z 
2026-09-04T15:45:02.0584925Z src/app.py:2: TypeError
2026-09-04T15:45:02.0585713Z =========================== short test summary info ============================
2026-09-04T15:45:02.0586679Z FAILED tests/test_app.py::test_type_error - TypeError: unsupported operand type(s) for /: 'str' and 'int'
2026-09-04T15:45:02.0587964Z ========================= 1 failed, 5 passed in 0.03s ==========================
2026-09-04T15:45:02.0796338Z ##[error]Process completed with exit code 1.
2026-09-04T15:45:02.0943515Z Node 20 is being deprecated. This workflow is running with Node 24 by default. If you need to temporarily use Node 20, you can set the ACTIONS_ALLOW_USE_UNSECURE_NODE_VERSION=true environment variable. For more information see: https://github.blog/changelog/2025-09-19-deprecation-of-node-20-on-github-actions-runners/
2026-09-04T15:45:02.0944790Z Post job cleanup.
2026-09-04T15:45:02.1852325Z [command]/usr/bin/git version
2026-09-04T15:45:02.1899415Z git version 2.55.0
2026-09-04T15:45:02.1945470Z Temporarily overriding HOME='/home/runner/work/_temp/7eb0ae8c-c35e-43ca-9538-e5ceb6baf3fa' before making global git config changes
2026-09-04T15:45:02.1946689Z Adding repository directory to the temporary git global config as a safe directory
2026-09-04T15:45:02.1954254Z [command]/usr/bin/git config --global --add safe.directory /home/runner/work/log-generation/log-generation
2026-09-04T15:45:02.1998546Z [command]/usr/bin/git config --local --name-only --get-regexp core\.sshCommand
2026-09-04T15:45:02.2036322Z [command]/usr/bin/git submodule foreach --recursive sh -c "git config --local --name-only --get-regexp 'core\.sshCommand' && git config --local --unset-all 'core.sshCommand' || :"
2026-09-04T15:45:02.2312892Z [command]/usr/bin/git config --local --name-only --get-regexp http\.https\:\/\/github\.com\/\.extraheader
2026-09-04T15:45:02.2344220Z http.https://github.com/.extraheader
2026-09-04T15:45:02.2357545Z [command]/usr/bin/git config --local --unset-all http.https://github.com/.extraheader
2026-09-04T15:45:02.2395230Z [command]/usr/bin/git submodule foreach --recursive sh -c "git config --local --name-only --get-regexp 'http\.https\:\/\/github\.com\/\.extraheader' && git config --local --unset-all 'http.https://github.com/.extraheader' || :"
2026-09-04T15:45:02.2654597Z [command]/usr/bin/git config --local --name-only --get-regexp ^includeIf\.gitdir:
2026-09-04T15:45:02.2697080Z [command]/usr/bin/git submodule foreach --recursive git config --local --show-origin --name-only --get-regexp remote.origin.url
2026-09-04T15:45:02.3102032Z Cleaning up orphan processes
2026-09-04T15:45:02.3384015Z ##[warning]Node.js 20 is deprecated. The following actions target Node.js 20 but are being forced to run on Node.js 24: actions/checkout@v4, actions/setup-python@v5. For more information see: https://github.blog/changelog/2025-09-19-deprecation-of-node-20-on-github-actions-runners/
