ï»¿2026-09-04T15:45:38.5370201Z Current runner version: '2.337.0'
2026-09-04T15:45:38.5406313Z ##[group]Runner Image Provisioner
2026-09-04T15:45:38.5407770Z Hosted Compute Agent
2026-09-04T15:45:38.5408803Z Version: 20260828.587
2026-09-04T15:45:38.5410250Z Commit: abac92662cab4cc7352de4f9f9d2e2419aad9c29
2026-09-04T15:45:38.5411663Z Build Date: 2026-08-28T16:44:25Z
2026-09-04T15:45:38.5412739Z Worker ID: {71813478-ce46-486b-a050-be3036166be8}
2026-09-04T15:45:38.5414048Z Azure Region: eastus
2026-09-04T15:45:38.5415152Z ##[endgroup]
2026-09-04T15:45:38.5417454Z ##[group]Operating System
2026-09-04T15:45:38.5418573Z Ubuntu
2026-09-04T15:45:38.5420266Z 24.04.4
2026-09-04T15:45:38.5421268Z LTS
2026-09-04T15:45:38.5422158Z ##[endgroup]
2026-09-04T15:45:38.5423232Z ##[group]Runner Image
2026-09-04T15:45:38.5424272Z Image: ubuntu-24.04
2026-09-04T15:45:38.5425215Z Version: 20260831.293.1
2026-09-04T15:45:38.5427354Z Included Software: https://github.com/actions/runner-images/blob/ubuntu24/20260831.293/images/ubuntu/Ubuntu2404-Readme.md
2026-09-04T15:45:38.5430437Z Image Release: https://github.com/actions/runner-images/releases/tag/ubuntu24%2F20260831.293
2026-09-04T15:45:38.5432156Z ##[endgroup]
2026-09-04T15:45:38.5434177Z ##[group]GITHUB_TOKEN Permissions
2026-09-04T15:45:38.5437161Z Contents: read
2026-09-04T15:45:38.5438197Z Metadata: read
2026-09-04T15:45:38.5439162Z Packages: read
2026-09-04T15:45:38.5440329Z ##[endgroup]
2026-09-04T15:45:38.5443440Z Secret source: Actions
2026-09-04T15:45:38.5445442Z Prepare workflow directory
2026-09-04T15:45:38.5915448Z Prepare all required actions
2026-09-04T15:45:38.5985689Z Getting action download info
2026-09-04T15:45:38.8049202Z Download action repository 'actions/checkout@v4' (SHA:11d5960a326750d5838078e36cf38b85af677262)
2026-09-04T15:45:38.9154476Z Download action repository 'actions/setup-python@v5' (SHA:a26af69be951a213d495a4c3e4e4022e16d87065)
2026-09-04T15:45:39.0978469Z Complete job name: test-f3 (KeyError #161)
2026-09-04T15:45:39.1759883Z Node 20 is being deprecated. This workflow is running with Node 24 by default. If you need to temporarily use Node 20, you can set the ACTIONS_ALLOW_USE_UNSECURE_NODE_VERSION=true environment variable. For more information see: https://github.blog/changelog/2025-09-19-deprecation-of-node-20-on-github-actions-runners/
2026-09-04T15:45:39.1768577Z ##[group]Run actions/checkout@v4
2026-09-04T15:45:39.1769332Z with:
2026-09-04T15:45:39.1769985Z   fetch-depth: 1
2026-09-04T15:45:39.1770484Z   repository: DhruvHegde/log-generation
2026-09-04T15:45:39.1774218Z   token: ***
2026-09-04T15:45:39.1774656Z   ssh-strict: true
2026-09-04T15:45:39.1775104Z   ssh-user: git
2026-09-04T15:45:39.1775566Z   persist-credentials: true
2026-09-04T15:45:39.1776070Z   clean: true
2026-09-04T15:45:39.1776530Z   sparse-checkout-cone-mode: true
2026-09-04T15:45:39.1777063Z   fetch-tags: false
2026-09-04T15:45:39.1777518Z   show-progress: true
2026-09-04T15:45:39.1777972Z   lfs: false
2026-09-04T15:45:39.1778430Z   submodules: false
2026-09-04T15:45:39.1778895Z   set-safe-directory: true
2026-09-04T15:45:39.1779418Z   allow-unsafe-pr-checkout: false
2026-09-04T15:45:39.1780391Z ##[endgroup]
2026-09-04T15:45:39.2794755Z Syncing repository: DhruvHegde/log-generation
2026-09-04T15:45:39.2797319Z ##[group]Getting Git version info
2026-09-04T15:45:39.2798563Z Working directory is '/home/runner/work/log-generation/log-generation'
2026-09-04T15:45:39.2800588Z [command]/usr/bin/git version
2026-09-04T15:45:39.2849779Z git version 2.55.0
2026-09-04T15:45:39.2872049Z ##[endgroup]
2026-09-04T15:45:39.2887929Z Temporarily overriding HOME='/home/runner/work/_temp/f629bbe6-2a81-443b-9175-abecfcaf0294' before making global git config changes
2026-09-04T15:45:39.2890617Z Adding repository directory to the temporary git global config as a safe directory
2026-09-04T15:45:39.2892793Z [command]/usr/bin/git config --global --add safe.directory /home/runner/work/log-generation/log-generation
2026-09-04T15:45:39.2942747Z Deleting the contents of '/home/runner/work/log-generation/log-generation'
2026-09-04T15:45:39.2948918Z ##[group]Initializing the repository
2026-09-04T15:45:39.2954383Z [command]/usr/bin/git init /home/runner/work/log-generation/log-generation
2026-09-04T15:45:39.3070941Z hint: Using 'master' as the name for the initial branch. This default branch name
2026-09-04T15:45:39.3072091Z hint: will change to "main" in Git 3.0. To configure the initial branch name
2026-09-04T15:45:39.3073851Z hint: to use in all of your new repositories, which will suppress this warning,
2026-09-04T15:45:39.3075448Z hint: call:
2026-09-04T15:45:39.3076238Z hint:
2026-09-04T15:45:39.3077222Z hint: 	git config --global init.defaultBranch <name>
2026-09-04T15:45:39.3078416Z hint:
2026-09-04T15:45:39.3079956Z hint: Names commonly chosen instead of 'master' are 'main', 'trunk' and
2026-09-04T15:45:39.3081603Z hint: 'development'. The just-created branch can be renamed via this command:
2026-09-04T15:45:39.3082998Z hint:
2026-09-04T15:45:39.3083863Z hint: 	git branch -m <name>
2026-09-04T15:45:39.3084781Z hint:
2026-09-04T15:45:39.3085894Z hint: Disable this message with "git config set advice.defaultBranchName false"
2026-09-04T15:45:39.3087786Z Initialized empty Git repository in /home/runner/work/log-generation/log-generation/.git/
2026-09-04T15:45:39.3091940Z [command]/usr/bin/git remote add origin https://github.com/DhruvHegde/log-generation
2026-09-04T15:45:39.3139768Z ##[endgroup]
2026-09-04T15:45:39.3141481Z ##[group]Disabling automatic garbage collection
2026-09-04T15:45:39.3144076Z [command]/usr/bin/git config --local gc.auto 0
2026-09-04T15:45:39.3176822Z ##[endgroup]
2026-09-04T15:45:39.3178073Z ##[group]Setting up auth
2026-09-04T15:45:39.3184625Z [command]/usr/bin/git config --local --name-only --get-regexp core\.sshCommand
2026-09-04T15:45:39.3220878Z [command]/usr/bin/git submodule foreach --recursive sh -c "git config --local --name-only --get-regexp 'core\.sshCommand' && git config --local --unset-all 'core.sshCommand' || :"
2026-09-04T15:45:39.3621588Z [command]/usr/bin/git config --local --name-only --get-regexp http\.https\:\/\/github\.com\/\.extraheader
2026-09-04T15:45:39.3643402Z [command]/usr/bin/git submodule foreach --recursive sh -c "git config --local --name-only --get-regexp 'http\.https\:\/\/github\.com\/\.extraheader' && git config --local --unset-all 'http.https://github.com/.extraheader' || :"
2026-09-04T15:45:39.3891713Z [command]/usr/bin/git config --local --name-only --get-regexp ^includeIf\.gitdir:
2026-09-04T15:45:39.3929192Z [command]/usr/bin/git submodule foreach --recursive git config --local --show-origin --name-only --get-regexp remote.origin.url
2026-09-04T15:45:39.4153718Z [command]/usr/bin/git config --local http.https://github.com/.extraheader AUTHORIZATION: basic ***
2026-09-04T15:45:39.4193768Z ##[endgroup]
2026-09-04T15:45:39.4194653Z ##[group]Fetching the repository
2026-09-04T15:45:39.4204000Z [command]/usr/bin/git -c protocol.version=2 fetch --no-tags --prune --no-recurse-submodules --depth=1 origin +ff2db557a0a8df7e538c7d2e729be8ed403658e2:refs/remotes/origin/feature/f3-test-failures
2026-09-04T15:45:39.7195864Z From https://github.com/DhruvHegde/log-generation
2026-09-04T15:45:39.7198041Z  * [new ref]         ff2db557a0a8df7e538c7d2e729be8ed403658e2 -> origin/feature/f3-test-failures
2026-09-04T15:45:39.7202330Z ##[endgroup]
2026-09-04T15:45:39.7204151Z ##[group]Determining the checkout info
2026-09-04T15:45:39.7206199Z ##[endgroup]
2026-09-04T15:45:39.7212463Z [command]/usr/bin/git sparse-checkout disable
2026-09-04T15:45:39.7265135Z [command]/usr/bin/git config --local --unset-all extensions.worktreeConfig
2026-09-04T15:45:39.7298569Z ##[group]Checking out the ref
2026-09-04T15:45:39.7304924Z [command]/usr/bin/git checkout --progress --force -B feature/f3-test-failures refs/remotes/origin/feature/f3-test-failures
2026-09-04T15:45:39.8041885Z Switched to a new branch 'feature/f3-test-failures'
2026-09-04T15:45:39.8045804Z branch 'feature/f3-test-failures' set up to track 'origin/feature/f3-test-failures'.
2026-09-04T15:45:39.8057764Z ##[endgroup]
2026-09-04T15:45:39.8109817Z [command]/usr/bin/git log -1 --format=%H
2026-09-04T15:45:39.8139993Z ff2db557a0a8df7e538c7d2e729be8ed403658e2
2026-09-04T15:45:39.8502066Z Node 20 is being deprecated. This workflow is running with Node 24 by default. If you need to temporarily use Node 20, you can set the ACTIONS_ALLOW_USE_UNSECURE_NODE_VERSION=true environment variable. For more information see: https://github.blog/changelog/2025-09-19-deprecation-of-node-20-on-github-actions-runners/
2026-09-04T15:45:39.8507384Z ##[group]Run actions/setup-python@v5
2026-09-04T15:45:39.8508144Z with:
2026-09-04T15:45:39.8508631Z   python-version: 3.11
2026-09-04T15:45:39.8509231Z   check-latest: false
2026-09-04T15:45:39.8518162Z   token: ***
2026-09-04T15:45:39.8518708Z   update-environment: true
2026-09-04T15:45:39.8519401Z   allow-prereleases: false
2026-09-04T15:45:39.8520183Z   freethreaded: false
2026-09-04T15:45:39.8520756Z ##[endgroup]
2026-09-04T15:45:39.9846476Z ##[group]Installed versions
2026-09-04T15:45:39.9944699Z (node:2255) [DEP0040] DeprecationWarning: The `punycode` module is deprecated. Please use a userland alternative instead.
2026-09-04T15:45:39.9948596Z (Use `node --trace-deprecation ...` to show where the warning was created)
2026-09-04T15:45:39.9951224Z Successfully set up CPython (3.11.16)
2026-09-04T15:45:39.9953383Z ##[endgroup]
2026-09-04T15:45:40.0141785Z ##[group]Run pip install --no-cache-dir pytest
2026-09-04T15:45:40.0142933Z [36;1mpip install --no-cache-dir pytest[0m
2026-09-04T15:45:40.0198922Z shell: /usr/bin/bash -e {0}
2026-09-04T15:45:40.0200033Z env:
2026-09-04T15:45:40.0201188Z   pythonLocation: /opt/hostedtoolcache/Python/3.11.16/x64
2026-09-04T15:45:40.0203391Z   PKG_CONFIG_PATH: /opt/hostedtoolcache/Python/3.11.16/x64/lib/pkgconfig
2026-09-04T15:45:40.0205721Z   Python_ROOT_DIR: /opt/hostedtoolcache/Python/3.11.16/x64
2026-09-04T15:45:40.0208243Z   Python2_ROOT_DIR: /opt/hostedtoolcache/Python/3.11.16/x64
2026-09-04T15:45:40.0210651Z   Python3_ROOT_DIR: /opt/hostedtoolcache/Python/3.11.16/x64
2026-09-04T15:45:40.0212664Z   LD_LIBRARY_PATH: /opt/hostedtoolcache/Python/3.11.16/x64/lib
2026-09-04T15:45:40.0214332Z ##[endgroup]
2026-09-04T15:45:40.8312256Z Collecting pytest
2026-09-04T15:45:40.8785192Z   Downloading pytest-9.1.1-py3-none-any.whl.metadata (7.6 kB)
2026-09-04T15:45:40.8866585Z Collecting iniconfig>=1.0.1 (from pytest)
2026-09-04T15:45:40.8900638Z   Downloading iniconfig-2.3.0-py3-none-any.whl.metadata (2.5 kB)
2026-09-04T15:45:40.9004486Z Collecting packaging>=22 (from pytest)
2026-09-04T15:45:40.9041973Z   Downloading packaging-26.3-py3-none-any.whl.metadata (3.5 kB)
2026-09-04T15:45:40.9117462Z Collecting pluggy<2,>=1.5 (from pytest)
2026-09-04T15:45:40.9156281Z   Downloading pluggy-1.6.0-py3-none-any.whl.metadata (4.8 kB)
2026-09-04T15:45:40.9285725Z Collecting pygments>=2.7.2 (from pytest)
2026-09-04T15:45:40.9319171Z   Downloading pygments-2.21.0-py3-none-any.whl.metadata (2.5 kB)
2026-09-04T15:45:40.9380004Z Downloading pytest-9.1.1-py3-none-any.whl (386 kB)
2026-09-04T15:45:40.9541307Z Downloading pluggy-1.6.0-py3-none-any.whl (20 kB)
2026-09-04T15:45:40.9581071Z Downloading iniconfig-2.3.0-py3-none-any.whl (7.5 kB)
2026-09-04T15:45:40.9618619Z Downloading packaging-26.3-py3-none-any.whl (129 kB)
2026-09-04T15:45:40.9655743Z Downloading pygments-2.21.0-py3-none-any.whl (1.3 MB)
2026-09-04T15:45:40.9738023Z    ââââââââââââââââââââââââââââââââââââââââ 1.3/1.3 MB 233.7 MB/s  0:00:00
2026-09-04T15:45:41.0342205Z Installing collected packages: pygments, pluggy, packaging, iniconfig, pytest
2026-09-04T15:45:41.9924705Z 
2026-09-04T15:45:41.9934170Z Successfully installed iniconfig-2.3.0 packaging-26.3 pluggy-1.6.0 pygments-2.21.0 pytest-9.1.1
2026-09-04T15:45:42.0454411Z ##[group]Run python automation/inject_mutation.py --error-type "KeyError"
2026-09-04T15:45:42.0455012Z [36;1mpython automation/inject_mutation.py --error-type "KeyError"[0m
2026-09-04T15:45:42.0494058Z shell: /usr/bin/bash -e {0}
2026-09-04T15:45:42.0494318Z env:
2026-09-04T15:45:42.0494592Z   pythonLocation: /opt/hostedtoolcache/Python/3.11.16/x64
2026-09-04T15:45:42.0495253Z   PKG_CONFIG_PATH: /opt/hostedtoolcache/Python/3.11.16/x64/lib/pkgconfig
2026-09-04T15:45:42.0495690Z   Python_ROOT_DIR: /opt/hostedtoolcache/Python/3.11.16/x64
2026-09-04T15:45:42.0496076Z   Python2_ROOT_DIR: /opt/hostedtoolcache/Python/3.11.16/x64
2026-09-04T15:45:42.0496460Z   Python3_ROOT_DIR: /opt/hostedtoolcache/Python/3.11.16/x64
2026-09-04T15:45:42.0496840Z   LD_LIBRARY_PATH: /opt/hostedtoolcache/Python/3.11.16/x64/lib
2026-09-04T15:45:42.0497164Z ##[endgroup]
2026-09-04T15:45:42.0797516Z [Mutation Injected] Successfully injected KeyError into tests/test_app.py
2026-09-04T15:45:42.0866245Z ##[group]Run pytest tests/test_app.py -v
2026-09-04T15:45:42.0866617Z [36;1mpytest tests/test_app.py -v[0m
2026-09-04T15:45:42.0901510Z shell: /usr/bin/bash -e {0}
2026-09-04T15:45:42.0901762Z env:
2026-09-04T15:45:42.0902040Z   pythonLocation: /opt/hostedtoolcache/Python/3.11.16/x64
2026-09-04T15:45:42.0902479Z   PKG_CONFIG_PATH: /opt/hostedtoolcache/Python/3.11.16/x64/lib/pkgconfig
2026-09-04T15:45:42.0902929Z   Python_ROOT_DIR: /opt/hostedtoolcache/Python/3.11.16/x64
2026-09-04T15:45:42.0903306Z   Python2_ROOT_DIR: /opt/hostedtoolcache/Python/3.11.16/x64
2026-09-04T15:45:42.0903685Z   Python3_ROOT_DIR: /opt/hostedtoolcache/Python/3.11.16/x64
2026-09-04T15:45:42.0904079Z   LD_LIBRARY_PATH: /opt/hostedtoolcache/Python/3.11.16/x64/lib
2026-09-04T15:45:42.0904401Z ##[endgroup]
2026-09-04T15:45:42.5123817Z ============================= test session starts ==============================
2026-09-04T15:45:42.5125361Z platform linux -- Python 3.11.16, pytest-9.1.1, pluggy-1.6.0 -- /opt/hostedtoolcache/Python/3.11.16/x64/bin/python
2026-09-04T15:45:42.5126553Z cachedir: .pytest_cache
2026-09-04T15:45:42.5127227Z rootdir: /home/runner/work/log-generation/log-generation
2026-09-04T15:45:42.5128042Z configfile: pytest.ini
2026-09-04T15:45:42.5214409Z collecting ... collected 6 items
2026-09-04T15:45:42.5214976Z 
2026-09-04T15:45:42.5223662Z tests/test_app.py::test_calculate_division PASSED                        [ 16%]
2026-09-04T15:45:42.5232533Z tests/test_app.py::test_convert_to_int PASSED                            [ 33%]
2026-09-04T15:45:42.5240109Z tests/test_app.py::test_get_list_item PASSED                             [ 50%]
2026-09-04T15:45:42.5247860Z tests/test_app.py::test_get_dict_value PASSED                            [ 66%]
2026-09-04T15:45:42.5255649Z tests/test_app.py::test_assert_positive PASSED                           [ 83%]
2026-09-04T15:45:42.5540336Z tests/test_app.py::test_key_error FAILED                                 [100%]
2026-09-04T15:45:42.5541259Z 
2026-09-04T15:45:42.5541642Z =================================== FAILURES ===================================
2026-09-04T15:45:42.5542722Z ________________________________ test_key_error ________________________________
2026-09-04T15:45:42.5543393Z 
2026-09-04T15:45:42.5543566Z     def test_key_error():
2026-09-04T15:45:42.5544021Z         """Injected synthetic KeyError."""
2026-09-04T15:45:42.5544574Z         from src.app import get_dict_value
2026-09-04T15:45:42.5545154Z         config = {"env": "staging", "retries": 3}
2026-09-04T15:45:42.5545800Z >       get_dict_value(config, "missing_auth_token")
2026-09-04T15:45:42.5546225Z 
2026-09-04T15:45:42.5546416Z tests/test_app.py:134: 
2026-09-04T15:45:42.5547001Z _ _ _ _ _ _ _ _ _ _ _ _ _ _ _ _ _ _ _ _ _ _ _ _ _ _ _ _ _ _ _ _ _ _ _ _ _ _ _ _ 
2026-09-04T15:45:42.5547480Z 
2026-09-04T15:45:42.5547827Z d = {'env': 'staging', 'retries': 3}, key = 'missing_auth_token'
2026-09-04T15:45:42.5548351Z 
2026-09-04T15:45:42.5548552Z     def get_dict_value(d, key):
2026-09-04T15:45:42.5548983Z >       return d[key]
2026-09-04T15:45:42.5549370Z                ^^^^^^
2026-09-04T15:45:42.5550043Z E       KeyError: 'missing_auth_token'
2026-09-04T15:45:42.5550389Z 
2026-09-04T15:45:42.5550571Z src/app.py:11: KeyError
2026-09-04T15:45:42.5551200Z =========================== short test summary info ============================
2026-09-04T15:45:42.5552227Z FAILED tests/test_app.py::test_key_error - KeyError: 'missing_auth_token'
2026-09-04T15:45:42.5553549Z ========================= 1 failed, 5 passed in 0.03s ==========================
2026-09-04T15:45:42.5737105Z ##[error]Process completed with exit code 1.
2026-09-04T15:45:42.5879356Z Node 20 is being deprecated. This workflow is running with Node 24 by default. If you need to temporarily use Node 20, you can set the ACTIONS_ALLOW_USE_UNSECURE_NODE_VERSION=true environment variable. For more information see: https://github.blog/changelog/2025-09-19-deprecation-of-node-20-on-github-actions-runners/
2026-09-04T15:45:42.5880829Z Post job cleanup.
2026-09-04T15:45:42.6740055Z [command]/usr/bin/git version
2026-09-04T15:45:42.6788071Z git version 2.55.0
2026-09-04T15:45:42.6830177Z Temporarily overriding HOME='/home/runner/work/_temp/a2ce319a-235a-4321-8434-20f07e93d910' before making global git config changes
2026-09-04T15:45:42.6831975Z Adding repository directory to the temporary git global config as a safe directory
2026-09-04T15:45:42.6836726Z [command]/usr/bin/git config --global --add safe.directory /home/runner/work/log-generation/log-generation
2026-09-04T15:45:42.6879083Z [command]/usr/bin/git config --local --name-only --get-regexp core\.sshCommand
2026-09-04T15:45:42.6931972Z [command]/usr/bin/git submodule foreach --recursive sh -c "git config --local --name-only --get-regexp 'core\.sshCommand' && git config --local --unset-all 'core.sshCommand' || :"
2026-09-04T15:45:42.7179792Z [command]/usr/bin/git config --local --name-only --get-regexp http\.https\:\/\/github\.com\/\.extraheader
2026-09-04T15:45:42.7208621Z http.https://github.com/.extraheader
2026-09-04T15:45:42.7222189Z [command]/usr/bin/git config --local --unset-all http.https://github.com/.extraheader
2026-09-04T15:45:42.7258108Z [command]/usr/bin/git submodule foreach --recursive sh -c "git config --local --name-only --get-regexp 'http\.https\:\/\/github\.com\/\.extraheader' && git config --local --unset-all 'http.https://github.com/.extraheader' || :"
2026-09-04T15:45:42.7548902Z [command]/usr/bin/git config --local --name-only --get-regexp ^includeIf\.gitdir:
2026-09-04T15:45:42.7592371Z [command]/usr/bin/git submodule foreach --recursive git config --local --show-origin --name-only --get-regexp remote.origin.url
2026-09-04T15:45:42.8007179Z Cleaning up orphan processes
2026-09-04T15:45:42.8288127Z ##[warning]Node.js 20 is deprecated. The following actions target Node.js 20 but are being forced to run on Node.js 24: actions/checkout@v4, actions/setup-python@v5. For more information see: https://github.blog/changelog/2025-09-19-deprecation-of-node-20-on-github-actions-runners/
