ï»¿2026-09-04T11:28:42.4269758Z Current runner version: '2.337.0'
2026-09-04T11:28:42.4294577Z ##[group]Runner Image Provisioner
2026-09-04T11:28:42.4295505Z Hosted Compute Agent
2026-09-04T11:28:42.4296150Z Version: 20260828.587
2026-09-04T11:28:42.4296913Z Commit: abac92662cab4cc7352de4f9f9d2e2419aad9c29
2026-09-04T11:28:42.4297707Z Build Date: 2026-08-28T16:44:25Z
2026-09-04T11:28:42.4298450Z Worker ID: {3b5120dd-55d1-44e7-b1a6-53693c325152}
2026-09-04T11:28:42.4299197Z Azure Region: westus
2026-09-04T11:28:42.4299810Z ##[endgroup]
2026-09-04T11:28:42.4302060Z ##[group]Operating System
2026-09-04T11:28:42.4302742Z Ubuntu
2026-09-04T11:28:42.4303259Z 24.04.4
2026-09-04T11:28:42.4303877Z LTS
2026-09-04T11:28:42.4304432Z ##[endgroup]
2026-09-04T11:28:42.4305388Z ##[group]Runner Image
2026-09-04T11:28:42.4306077Z Image: ubuntu-24.04
2026-09-04T11:28:42.4306642Z Version: 20260831.293.1
2026-09-04T11:28:42.4307993Z Included Software: https://github.com/actions/runner-images/blob/ubuntu24/20260831.293/images/ubuntu/Ubuntu2404-Readme.md
2026-09-04T11:28:42.4309580Z Image Release: https://github.com/actions/runner-images/releases/tag/ubuntu24%2F20260831.293
2026-09-04T11:28:42.4310574Z ##[endgroup]
2026-09-04T11:28:42.4312039Z ##[group]GITHUB_TOKEN Permissions
2026-09-04T11:28:42.4314435Z Contents: read
2026-09-04T11:28:42.4315040Z Metadata: read
2026-09-04T11:28:42.4315725Z Packages: read
2026-09-04T11:28:42.4316304Z ##[endgroup]
2026-09-04T11:28:42.4318473Z Secret source: Actions
2026-09-04T11:28:42.4319983Z Prepare workflow directory
2026-09-04T11:28:42.4660406Z Prepare all required actions
2026-09-04T11:28:42.4719223Z Getting action download info
2026-09-04T11:28:42.8248767Z Download action repository 'actions/checkout@v4' (SHA:11d5960a326750d5838078e36cf38b85af677262)
2026-09-04T11:28:42.9496970Z Download action repository 'actions/setup-python@v5' (SHA:a26af69be951a213d495a4c3e4e4022e16d87065)
2026-09-04T11:28:43.1344639Z Complete job name: test-f3 (AssertionError #41)
2026-09-04T11:28:43.2227523Z Node 20 is being deprecated. This workflow is running with Node 24 by default. If you need to temporarily use Node 20, you can set the ACTIONS_ALLOW_USE_UNSECURE_NODE_VERSION=true environment variable. For more information see: https://github.blog/changelog/2025-09-19-deprecation-of-node-20-on-github-actions-runners/
2026-09-04T11:28:43.2236678Z ##[group]Run actions/checkout@v4
2026-09-04T11:28:43.2237442Z with:
2026-09-04T11:28:43.2237881Z   fetch-depth: 1
2026-09-04T11:28:43.2238374Z   repository: DhruvHegde/log-generation
2026-09-04T11:28:43.2242282Z   token: ***
2026-09-04T11:28:43.2242735Z   ssh-strict: true
2026-09-04T11:28:43.2243192Z   ssh-user: git
2026-09-04T11:28:43.2243645Z   persist-credentials: true
2026-09-04T11:28:43.2244151Z   clean: true
2026-09-04T11:28:43.2244616Z   sparse-checkout-cone-mode: true
2026-09-04T11:28:43.2245152Z   fetch-tags: false
2026-09-04T11:28:43.2245607Z   show-progress: true
2026-09-04T11:28:43.2246067Z   lfs: false
2026-09-04T11:28:43.2246534Z   submodules: false
2026-09-04T11:28:43.2246999Z   set-safe-directory: true
2026-09-04T11:28:43.2247530Z   allow-unsafe-pr-checkout: false
2026-09-04T11:28:43.2248320Z ##[endgroup]
2026-09-04T11:28:43.3285764Z Syncing repository: DhruvHegde/log-generation
2026-09-04T11:28:43.3288361Z ##[group]Getting Git version info
2026-09-04T11:28:43.3289621Z Working directory is '/home/runner/work/log-generation/log-generation'
2026-09-04T11:28:43.3291806Z [command]/usr/bin/git version
2026-09-04T11:28:43.3376765Z git version 2.55.0
2026-09-04T11:28:43.3433153Z ##[endgroup]
2026-09-04T11:28:43.3449021Z Temporarily overriding HOME='/home/runner/work/_temp/46b7ec0e-4a6f-499e-a41c-f4acd409eeb9' before making global git config changes
2026-09-04T11:28:43.3451531Z Adding repository directory to the temporary git global config as a safe directory
2026-09-04T11:28:43.3455913Z [command]/usr/bin/git config --global --add safe.directory /home/runner/work/log-generation/log-generation
2026-09-04T11:28:43.3510751Z Deleting the contents of '/home/runner/work/log-generation/log-generation'
2026-09-04T11:28:43.3515394Z ##[group]Initializing the repository
2026-09-04T11:28:43.3520613Z [command]/usr/bin/git init /home/runner/work/log-generation/log-generation
2026-09-04T11:28:43.3640584Z hint: Using 'master' as the name for the initial branch. This default branch name
2026-09-04T11:28:43.3642524Z hint: will change to "main" in Git 3.0. To configure the initial branch name
2026-09-04T11:28:43.3645796Z hint: to use in all of your new repositories, which will suppress this warning,
2026-09-04T11:28:43.3647647Z hint: call:
2026-09-04T11:28:43.3648859Z hint:
2026-09-04T11:28:43.3650148Z hint: 	git config --global init.defaultBranch <name>
2026-09-04T11:28:43.3651238Z hint:
2026-09-04T11:28:43.3652471Z hint: Names commonly chosen instead of 'master' are 'main', 'trunk' and
2026-09-04T11:28:43.3654023Z hint: 'development'. The just-created branch can be renamed via this command:
2026-09-04T11:28:43.3655329Z hint:
2026-09-04T11:28:43.3656108Z hint: 	git branch -m <name>
2026-09-04T11:28:43.3656887Z hint:
2026-09-04T11:28:43.3657915Z hint: Disable this message with "git config set advice.defaultBranchName false"
2026-09-04T11:28:43.3659689Z Initialized empty Git repository in /home/runner/work/log-generation/log-generation/.git/
2026-09-04T11:28:43.3662816Z [command]/usr/bin/git remote add origin https://github.com/DhruvHegde/log-generation
2026-09-04T11:28:43.3707605Z ##[endgroup]
2026-09-04T11:28:43.3709047Z ##[group]Disabling automatic garbage collection
2026-09-04T11:28:43.3711476Z [command]/usr/bin/git config --local gc.auto 0
2026-09-04T11:28:43.3755709Z ##[endgroup]
2026-09-04T11:28:43.3756586Z ##[group]Setting up auth
2026-09-04T11:28:43.3757542Z [command]/usr/bin/git config --local --name-only --get-regexp core\.sshCommand
2026-09-04T11:28:43.3799169Z [command]/usr/bin/git submodule foreach --recursive sh -c "git config --local --name-only --get-regexp 'core\.sshCommand' && git config --local --unset-all 'core.sshCommand' || :"
2026-09-04T11:28:43.4200220Z [command]/usr/bin/git config --local --name-only --get-regexp http\.https\:\/\/github\.com\/\.extraheader
2026-09-04T11:28:43.4234941Z [command]/usr/bin/git submodule foreach --recursive sh -c "git config --local --name-only --get-regexp 'http\.https\:\/\/github\.com\/\.extraheader' && git config --local --unset-all 'http.https://github.com/.extraheader' || :"
2026-09-04T11:28:43.4470832Z [command]/usr/bin/git config --local --name-only --get-regexp ^includeIf\.gitdir:
2026-09-04T11:28:43.4508853Z [command]/usr/bin/git submodule foreach --recursive git config --local --show-origin --name-only --get-regexp remote.origin.url
2026-09-04T11:28:43.4735718Z [command]/usr/bin/git config --local http.https://github.com/.extraheader AUTHORIZATION: basic ***
2026-09-04T11:28:43.4775644Z ##[endgroup]
2026-09-04T11:28:43.4776764Z ##[group]Fetching the repository
2026-09-04T11:28:43.4787312Z [command]/usr/bin/git -c protocol.version=2 fetch --no-tags --prune --no-recurse-submodules --depth=1 origin +0c2ddc82b3a248827557edda9affcd6927945898:refs/remotes/origin/feature/f3-test-failures
2026-09-04T11:28:43.8817437Z From https://github.com/DhruvHegde/log-generation
2026-09-04T11:28:43.8819997Z  * [new ref]         0c2ddc82b3a248827557edda9affcd6927945898 -> origin/feature/f3-test-failures
2026-09-04T11:28:43.8822384Z ##[endgroup]
2026-09-04T11:28:43.8823243Z ##[group]Determining the checkout info
2026-09-04T11:28:43.8824406Z ##[endgroup]
2026-09-04T11:28:43.8830779Z [command]/usr/bin/git sparse-checkout disable
2026-09-04T11:28:43.8885212Z [command]/usr/bin/git config --local --unset-all extensions.worktreeConfig
2026-09-04T11:28:43.8917230Z ##[group]Checking out the ref
2026-09-04T11:28:43.8921717Z [command]/usr/bin/git checkout --progress --force -B feature/f3-test-failures refs/remotes/origin/feature/f3-test-failures
2026-09-04T11:28:43.9002274Z Switched to a new branch 'feature/f3-test-failures'
2026-09-04T11:28:43.9006507Z branch 'feature/f3-test-failures' set up to track 'origin/feature/f3-test-failures'.
2026-09-04T11:28:43.9012493Z ##[endgroup]
2026-09-04T11:28:43.9060214Z [command]/usr/bin/git log -1 --format=%H
2026-09-04T11:28:43.9087880Z 0c2ddc82b3a248827557edda9affcd6927945898
2026-09-04T11:28:43.9368843Z Node 20 is being deprecated. This workflow is running with Node 24 by default. If you need to temporarily use Node 20, you can set the ACTIONS_ALLOW_USE_UNSECURE_NODE_VERSION=true environment variable. For more information see: https://github.blog/changelog/2025-09-19-deprecation-of-node-20-on-github-actions-runners/
2026-09-04T11:28:43.9371554Z ##[group]Run actions/setup-python@v5
2026-09-04T11:28:43.9372096Z with:
2026-09-04T11:28:43.9372518Z   python-version: 3.11
2026-09-04T11:28:43.9372987Z   check-latest: false
2026-09-04T11:28:43.9376522Z   token: ***
2026-09-04T11:28:43.9376969Z   update-environment: true
2026-09-04T11:28:43.9377477Z   allow-prereleases: false
2026-09-04T11:28:43.9377962Z   freethreaded: false
2026-09-04T11:28:43.9378411Z ##[endgroup]
2026-09-04T11:28:44.0789076Z ##[group]Installed versions
2026-09-04T11:28:44.0814766Z (node:2195) [DEP0040] DeprecationWarning: The `punycode` module is deprecated. Please use a userland alternative instead.
2026-09-04T11:28:44.0817792Z (Use `node --trace-deprecation ...` to show where the warning was created)
2026-09-04T11:28:44.0819406Z Successfully set up CPython (3.11.16)
2026-09-04T11:28:44.0821611Z ##[endgroup]
2026-09-04T11:28:44.1138164Z ##[group]Run pip install --no-cache-dir pytest
2026-09-04T11:28:44.1139596Z [36;1mpip install --no-cache-dir pytest[0m
2026-09-04T11:28:44.1211790Z shell: /usr/bin/bash -e {0}
2026-09-04T11:28:44.1213334Z env:
2026-09-04T11:28:44.1214849Z   pythonLocation: /opt/hostedtoolcache/Python/3.11.16/x64
2026-09-04T11:28:44.1217165Z   PKG_CONFIG_PATH: /opt/hostedtoolcache/Python/3.11.16/x64/lib/pkgconfig
2026-09-04T11:28:44.1219479Z   Python_ROOT_DIR: /opt/hostedtoolcache/Python/3.11.16/x64
2026-09-04T11:28:44.1222014Z   Python2_ROOT_DIR: /opt/hostedtoolcache/Python/3.11.16/x64
2026-09-04T11:28:44.1224192Z   Python3_ROOT_DIR: /opt/hostedtoolcache/Python/3.11.16/x64
2026-09-04T11:28:44.1226144Z   LD_LIBRARY_PATH: /opt/hostedtoolcache/Python/3.11.16/x64/lib
2026-09-04T11:28:44.1227600Z ##[endgroup]
2026-09-04T11:28:44.9976153Z Collecting pytest
2026-09-04T11:28:45.0516841Z   Downloading pytest-9.1.1-py3-none-any.whl.metadata (7.6 kB)
2026-09-04T11:28:45.0590944Z Collecting iniconfig>=1.0.1 (from pytest)
2026-09-04T11:28:45.0622300Z   Downloading iniconfig-2.3.0-py3-none-any.whl.metadata (2.5 kB)
2026-09-04T11:28:45.0717054Z Collecting packaging>=22 (from pytest)
2026-09-04T11:28:45.0747748Z   Downloading packaging-26.3-py3-none-any.whl.metadata (3.5 kB)
2026-09-04T11:28:45.0815143Z Collecting pluggy<2,>=1.5 (from pytest)
2026-09-04T11:28:45.0847137Z   Downloading pluggy-1.6.0-py3-none-any.whl.metadata (4.8 kB)
2026-09-04T11:28:45.0967527Z Collecting pygments>=2.7.2 (from pytest)
2026-09-04T11:28:45.0996193Z   Downloading pygments-2.21.0-py3-none-any.whl.metadata (2.5 kB)
2026-09-04T11:28:45.1050020Z Downloading pytest-9.1.1-py3-none-any.whl (386 kB)
2026-09-04T11:28:45.1243779Z Downloading pluggy-1.6.0-py3-none-any.whl (20 kB)
2026-09-04T11:28:45.1275223Z Downloading iniconfig-2.3.0-py3-none-any.whl (7.5 kB)
2026-09-04T11:28:45.1304954Z Downloading packaging-26.3-py3-none-any.whl (129 kB)
2026-09-04T11:28:45.1347316Z Downloading pygments-2.21.0-py3-none-any.whl (1.3 MB)
2026-09-04T11:28:45.1480471Z    ââââââââââââââââââââââââââââââââââââââââ 1.3/1.3 MB 124.4 MB/s  0:00:00
2026-09-04T11:28:45.2163193Z Installing collected packages: pygments, pluggy, packaging, iniconfig, pytest
2026-09-04T11:28:46.1929078Z 
2026-09-04T11:28:46.1938653Z Successfully installed iniconfig-2.3.0 packaging-26.3 pluggy-1.6.0 pygments-2.21.0 pytest-9.1.1
2026-09-04T11:28:46.2497451Z ##[group]Run python automation/inject_mutation.py --error-type "AssertionError"
2026-09-04T11:28:46.2498098Z [36;1mpython automation/inject_mutation.py --error-type "AssertionError"[0m
2026-09-04T11:28:46.2537191Z shell: /usr/bin/bash -e {0}
2026-09-04T11:28:46.2537445Z env:
2026-09-04T11:28:46.2537725Z   pythonLocation: /opt/hostedtoolcache/Python/3.11.16/x64
2026-09-04T11:28:46.2538392Z   PKG_CONFIG_PATH: /opt/hostedtoolcache/Python/3.11.16/x64/lib/pkgconfig
2026-09-04T11:28:46.2538836Z   Python_ROOT_DIR: /opt/hostedtoolcache/Python/3.11.16/x64
2026-09-04T11:28:46.2539211Z   Python2_ROOT_DIR: /opt/hostedtoolcache/Python/3.11.16/x64
2026-09-04T11:28:46.2539598Z   Python3_ROOT_DIR: /opt/hostedtoolcache/Python/3.11.16/x64
2026-09-04T11:28:46.2539977Z   LD_LIBRARY_PATH: /opt/hostedtoolcache/Python/3.11.16/x64/lib
2026-09-04T11:28:46.2540293Z ##[endgroup]
2026-09-04T11:28:46.2840546Z [Mutation Injected] Successfully injected AssertionError into tests/test_app.py
2026-09-04T11:28:46.2915494Z ##[group]Run pytest tests/test_app.py -v
2026-09-04T11:28:46.2915875Z [36;1mpytest tests/test_app.py -v[0m
2026-09-04T11:28:46.2954383Z shell: /usr/bin/bash -e {0}
2026-09-04T11:28:46.2954648Z env:
2026-09-04T11:28:46.2954931Z   pythonLocation: /opt/hostedtoolcache/Python/3.11.16/x64
2026-09-04T11:28:46.2955385Z   PKG_CONFIG_PATH: /opt/hostedtoolcache/Python/3.11.16/x64/lib/pkgconfig
2026-09-04T11:28:46.2955830Z   Python_ROOT_DIR: /opt/hostedtoolcache/Python/3.11.16/x64
2026-09-04T11:28:46.2956239Z   Python2_ROOT_DIR: /opt/hostedtoolcache/Python/3.11.16/x64
2026-09-04T11:28:46.2956628Z   Python3_ROOT_DIR: /opt/hostedtoolcache/Python/3.11.16/x64
2026-09-04T11:28:46.2957044Z   LD_LIBRARY_PATH: /opt/hostedtoolcache/Python/3.11.16/x64/lib
2026-09-04T11:28:46.2957378Z ##[endgroup]
2026-09-04T11:28:46.5299461Z ============================= test session starts ==============================
2026-09-04T11:28:46.5300665Z platform linux -- Python 3.11.16, pytest-9.1.1, pluggy-1.6.0 -- /opt/hostedtoolcache/Python/3.11.16/x64/bin/python
2026-09-04T11:28:46.5301801Z cachedir: .pytest_cache
2026-09-04T11:28:46.5302260Z rootdir: /home/runner/work/log-generation/log-generation
2026-09-04T11:28:46.5302806Z configfile: pytest.ini
2026-09-04T11:28:46.5397915Z collecting ... collected 6 items
2026-09-04T11:28:46.5398423Z 
2026-09-04T11:28:46.5407662Z tests/test_app.py::test_calculate_division PASSED                        [ 16%]
2026-09-04T11:28:46.5415324Z tests/test_app.py::test_convert_to_int PASSED                            [ 33%]
2026-09-04T11:28:46.5424447Z tests/test_app.py::test_get_list_item PASSED                             [ 50%]
2026-09-04T11:28:46.5431467Z tests/test_app.py::test_get_dict_value PASSED                            [ 66%]
2026-09-04T11:28:46.5438552Z tests/test_app.py::test_assert_positive PASSED                           [ 83%]
2026-09-04T11:28:46.5688401Z tests/test_app.py::test_assertion_failure FAILED                         [100%]
2026-09-04T11:28:46.5689200Z 
2026-09-04T11:28:46.5689495Z =================================== FAILURES ===================================
2026-09-04T11:28:46.5690173Z ____________________________ test_assertion_failure ____________________________
2026-09-04T11:28:46.5690598Z 
2026-09-04T11:28:46.5690753Z     def test_assertion_failure():
2026-09-04T11:28:46.5691174Z         """Injected synthetic AssertionError."""
2026-09-04T11:28:46.5692130Z         expected_status = 200
2026-09-04T11:28:46.5692707Z         actual_status = 500
2026-09-04T11:28:46.5693724Z >       assert actual_status == expected_status, f"Expected {expected_status}, received {actual_status}"
2026-09-04T11:28:46.5694684Z E       AssertionError: Expected 200, received 500
2026-09-04T11:28:46.5695245Z E       assert 500 == 200
2026-09-04T11:28:46.5695558Z 
2026-09-04T11:28:46.5695755Z tests/test_app.py:132: AssertionError
2026-09-04T11:28:46.5696378Z =========================== short test summary info ============================
2026-09-04T11:28:46.5697436Z FAILED tests/test_app.py::test_assertion_failure - AssertionError: Expected 200, received 500
2026-09-04T11:28:46.5698085Z assert 500 == 200
2026-09-04T11:28:46.5698414Z ========================= 1 failed, 5 passed in 0.03s ==========================
2026-09-04T11:28:46.5881734Z ##[error]Process completed with exit code 1.
2026-09-04T11:28:46.6025160Z Node 20 is being deprecated. This workflow is running with Node 24 by default. If you need to temporarily use Node 20, you can set the ACTIONS_ALLOW_USE_UNSECURE_NODE_VERSION=true environment variable. For more information see: https://github.blog/changelog/2025-09-19-deprecation-of-node-20-on-github-actions-runners/
2026-09-04T11:28:46.6026624Z Post job cleanup.
2026-09-04T11:28:46.6915785Z [command]/usr/bin/git version
2026-09-04T11:28:46.6962015Z git version 2.55.0
2026-09-04T11:28:46.7007252Z Temporarily overriding HOME='/home/runner/work/_temp/efd0fe3e-759c-4967-89cf-d60ab17adb34' before making global git config changes
2026-09-04T11:28:46.7008965Z Adding repository directory to the temporary git global config as a safe directory
2026-09-04T11:28:46.7016286Z [command]/usr/bin/git config --global --add safe.directory /home/runner/work/log-generation/log-generation
2026-09-04T11:28:46.7060202Z [command]/usr/bin/git config --local --name-only --get-regexp core\.sshCommand
2026-09-04T11:28:46.7101596Z [command]/usr/bin/git submodule foreach --recursive sh -c "git config --local --name-only --get-regexp 'core\.sshCommand' && git config --local --unset-all 'core.sshCommand' || :"
2026-09-04T11:28:46.7359846Z [command]/usr/bin/git config --local --name-only --get-regexp http\.https\:\/\/github\.com\/\.extraheader
2026-09-04T11:28:46.7397883Z http.https://github.com/.extraheader
2026-09-04T11:28:46.7411841Z [command]/usr/bin/git config --local --unset-all http.https://github.com/.extraheader
2026-09-04T11:28:46.7455858Z [command]/usr/bin/git submodule foreach --recursive sh -c "git config --local --name-only --get-regexp 'http\.https\:\/\/github\.com\/\.extraheader' && git config --local --unset-all 'http.https://github.com/.extraheader' || :"
2026-09-04T11:28:46.7806882Z [command]/usr/bin/git config --local --name-only --get-regexp ^includeIf\.gitdir:
2026-09-04T11:28:46.7876104Z [command]/usr/bin/git submodule foreach --recursive git config --local --show-origin --name-only --get-regexp remote.origin.url
2026-09-04T11:28:46.8346671Z Cleaning up orphan processes
2026-09-04T11:28:46.8659810Z ##[warning]Node.js 20 is deprecated. The following actions target Node.js 20 but are being forced to run on Node.js 24: actions/checkout@v4, actions/setup-python@v5. For more information see: https://github.blog/changelog/2025-09-19-deprecation-of-node-20-on-github-actions-runners/
