ï»¿2026-09-04T11:15:16.0893536Z Current runner version: '2.337.0'
2026-09-04T11:15:16.0914051Z ##[group]Runner Image Provisioner
2026-09-04T11:15:16.0914850Z Hosted Compute Agent
2026-09-04T11:15:16.0915379Z Version: 20260828.587
2026-09-04T11:15:16.0916012Z Commit: abac92662cab4cc7352de4f9f9d2e2419aad9c29
2026-09-04T11:15:16.0916691Z Build Date: 2026-08-28T16:44:25Z
2026-09-04T11:15:16.0917342Z Worker ID: {2ceddd7d-6315-4019-81bd-201be72922da}
2026-09-04T11:15:16.0918014Z Azure Region: westus3
2026-09-04T11:15:16.0918544Z ##[endgroup]
2026-09-04T11:15:16.0920345Z ##[group]Operating System
2026-09-04T11:15:16.0921012Z Ubuntu
2026-09-04T11:15:16.0921495Z 24.04.4
2026-09-04T11:15:16.0921947Z LTS
2026-09-04T11:15:16.0922358Z ##[endgroup]
2026-09-04T11:15:16.0923160Z ##[group]Runner Image
2026-09-04T11:15:16.0923692Z Image: ubuntu-24.04
2026-09-04T11:15:16.0924210Z Version: 20260831.293.1
2026-09-04T11:15:16.0925323Z Included Software: https://github.com/actions/runner-images/blob/ubuntu24/20260831.293/images/ubuntu/Ubuntu2404-Readme.md
2026-09-04T11:15:16.0926666Z Image Release: https://github.com/actions/runner-images/releases/tag/ubuntu24%2F20260831.293
2026-09-04T11:15:16.0927501Z ##[endgroup]
2026-09-04T11:15:16.0928579Z ##[group]GITHUB_TOKEN Permissions
2026-09-04T11:15:16.0930647Z Contents: read
2026-09-04T11:15:16.0931161Z Metadata: read
2026-09-04T11:15:16.0931663Z Packages: read
2026-09-04T11:15:16.0932130Z ##[endgroup]
2026-09-04T11:15:16.0933831Z Secret source: Actions
2026-09-04T11:15:16.0934897Z Prepare workflow directory
2026-09-04T11:15:16.1190675Z Prepare all required actions
2026-09-04T11:15:16.1239204Z Getting action download info
2026-09-04T11:15:16.4422828Z Download action repository 'actions/checkout@v4' (SHA:11d5960a326750d5838078e36cf38b85af677262)
2026-09-04T11:15:16.5786556Z Download action repository 'actions/setup-python@v5' (SHA:a26af69be951a213d495a4c3e4e4022e16d87065)
2026-09-04T11:15:16.7536669Z Complete job name: test-f3 (ValueError #28)
2026-09-04T11:15:16.8114942Z Node 20 is being deprecated. This workflow is running with Node 24 by default. If you need to temporarily use Node 20, you can set the ACTIONS_ALLOW_USE_UNSECURE_NODE_VERSION=true environment variable. For more information see: https://github.blog/changelog/2025-09-19-deprecation-of-node-20-on-github-actions-runners/
2026-09-04T11:15:16.8123288Z ##[group]Run actions/checkout@v4
2026-09-04T11:15:16.8124047Z with:
2026-09-04T11:15:16.8124549Z   fetch-depth: 1
2026-09-04T11:15:16.8125182Z   repository: DhruvHegde/log-generation
2026-09-04T11:15:16.8129060Z   token: ***
2026-09-04T11:15:16.8129597Z   ssh-strict: true
2026-09-04T11:15:16.8130235Z   ssh-user: git
2026-09-04T11:15:16.8130740Z   persist-credentials: true
2026-09-04T11:15:16.8131321Z   clean: true
2026-09-04T11:15:16.8131812Z   sparse-checkout-cone-mode: true
2026-09-04T11:15:16.8132373Z   fetch-tags: false
2026-09-04T11:15:16.8132872Z   show-progress: true
2026-09-04T11:15:16.8133362Z   lfs: false
2026-09-04T11:15:16.8133965Z   submodules: false
2026-09-04T11:15:16.8134459Z   set-safe-directory: true
2026-09-04T11:15:16.8135034Z   allow-unsafe-pr-checkout: false
2026-09-04T11:15:16.8135719Z ##[endgroup]
2026-09-04T11:15:16.9012426Z Syncing repository: DhruvHegde/log-generation
2026-09-04T11:15:16.9014184Z ##[group]Getting Git version info
2026-09-04T11:15:16.9014888Z Working directory is '/home/runner/work/log-generation/log-generation'
2026-09-04T11:15:16.9016118Z [command]/usr/bin/git version
2026-09-04T11:15:16.9107426Z git version 2.55.0
2026-09-04T11:15:16.9152695Z ##[endgroup]
2026-09-04T11:15:16.9158330Z Temporarily overriding HOME='/home/runner/work/_temp/401a27f3-40c9-40d9-a111-8dc0fd193b5d' before making global git config changes
2026-09-04T11:15:16.9159681Z Adding repository directory to the temporary git global config as a safe directory
2026-09-04T11:15:16.9162020Z [command]/usr/bin/git config --global --add safe.directory /home/runner/work/log-generation/log-generation
2026-09-04T11:15:16.9209134Z Deleting the contents of '/home/runner/work/log-generation/log-generation'
2026-09-04T11:15:16.9212924Z ##[group]Initializing the repository
2026-09-04T11:15:16.9217313Z [command]/usr/bin/git init /home/runner/work/log-generation/log-generation
2026-09-04T11:15:16.9327759Z hint: Using 'master' as the name for the initial branch. This default branch name
2026-09-04T11:15:16.9329384Z hint: will change to "main" in Git 3.0. To configure the initial branch name
2026-09-04T11:15:16.9330971Z hint: to use in all of your new repositories, which will suppress this warning,
2026-09-04T11:15:16.9332043Z hint: call:
2026-09-04T11:15:16.9332918Z hint:
2026-09-04T11:15:16.9334263Z hint: 	git config --global init.defaultBranch <name>
2026-09-04T11:15:16.9335256Z hint:
2026-09-04T11:15:16.9336287Z hint: Names commonly chosen instead of 'master' are 'main', 'trunk' and
2026-09-04T11:15:16.9337857Z hint: 'development'. The just-created branch can be renamed via this command:
2026-09-04T11:15:16.9339105Z hint:
2026-09-04T11:15:16.9340081Z hint: 	git branch -m <name>
2026-09-04T11:15:16.9340955Z hint:
2026-09-04T11:15:16.9342179Z hint: Disable this message with "git config set advice.defaultBranchName false"
2026-09-04T11:15:16.9344139Z Initialized empty Git repository in /home/runner/work/log-generation/log-generation/.git/
2026-09-04T11:15:16.9347455Z [command]/usr/bin/git remote add origin https://github.com/DhruvHegde/log-generation
2026-09-04T11:15:16.9379740Z ##[endgroup]
2026-09-04T11:15:16.9381058Z ##[group]Disabling automatic garbage collection
2026-09-04T11:15:16.9383718Z [command]/usr/bin/git config --local gc.auto 0
2026-09-04T11:15:16.9408279Z ##[endgroup]
2026-09-04T11:15:16.9409622Z ##[group]Setting up auth
2026-09-04T11:15:16.9413709Z [command]/usr/bin/git config --local --name-only --get-regexp core\.sshCommand
2026-09-04T11:15:16.9439855Z [command]/usr/bin/git submodule foreach --recursive sh -c "git config --local --name-only --get-regexp 'core\.sshCommand' && git config --local --unset-all 'core.sshCommand' || :"
2026-09-04T11:15:16.9776178Z [command]/usr/bin/git config --local --name-only --get-regexp http\.https\:\/\/github\.com\/\.extraheader
2026-09-04T11:15:16.9802459Z [command]/usr/bin/git submodule foreach --recursive sh -c "git config --local --name-only --get-regexp 'http\.https\:\/\/github\.com\/\.extraheader' && git config --local --unset-all 'http.https://github.com/.extraheader' || :"
2026-09-04T11:15:16.9982339Z [command]/usr/bin/git config --local --name-only --get-regexp ^includeIf\.gitdir:
2026-09-04T11:15:17.0006630Z [command]/usr/bin/git submodule foreach --recursive git config --local --show-origin --name-only --get-regexp remote.origin.url
2026-09-04T11:15:17.0163821Z [command]/usr/bin/git config --local http.https://github.com/.extraheader AUTHORIZATION: basic ***
2026-09-04T11:15:17.0192135Z ##[endgroup]
2026-09-04T11:15:17.0193361Z ##[group]Fetching the repository
2026-09-04T11:15:17.0201141Z [command]/usr/bin/git -c protocol.version=2 fetch --no-tags --prune --no-recurse-submodules --depth=1 origin +55701f2ee203be18f432be2dca839cc73b92fb5e:refs/remotes/origin/feature/f3-test-failures
2026-09-04T11:15:17.5014177Z From https://github.com/DhruvHegde/log-generation
2026-09-04T11:15:17.5015592Z  * [new ref]         55701f2ee203be18f432be2dca839cc73b92fb5e -> origin/feature/f3-test-failures
2026-09-04T11:15:17.5018368Z ##[endgroup]
2026-09-04T11:15:17.5019337Z ##[group]Determining the checkout info
2026-09-04T11:15:17.5020567Z ##[endgroup]
2026-09-04T11:15:17.5026070Z [command]/usr/bin/git sparse-checkout disable
2026-09-04T11:15:17.5067213Z [command]/usr/bin/git config --local --unset-all extensions.worktreeConfig
2026-09-04T11:15:17.5089502Z ##[group]Checking out the ref
2026-09-04T11:15:17.5093045Z [command]/usr/bin/git checkout --progress --force -B feature/f3-test-failures refs/remotes/origin/feature/f3-test-failures
2026-09-04T11:15:17.5203088Z Switched to a new branch 'feature/f3-test-failures'
2026-09-04T11:15:17.5207410Z branch 'feature/f3-test-failures' set up to track 'origin/feature/f3-test-failures'.
2026-09-04T11:15:17.5211083Z ##[endgroup]
2026-09-04T11:15:17.5241301Z [command]/usr/bin/git log -1 --format=%H
2026-09-04T11:15:17.5259429Z 55701f2ee203be18f432be2dca839cc73b92fb5e
2026-09-04T11:15:17.5491488Z Node 20 is being deprecated. This workflow is running with Node 24 by default. If you need to temporarily use Node 20, you can set the ACTIONS_ALLOW_USE_UNSECURE_NODE_VERSION=true environment variable. For more information see: https://github.blog/changelog/2025-09-19-deprecation-of-node-20-on-github-actions-runners/
2026-09-04T11:15:17.5493770Z ##[group]Run actions/setup-python@v5
2026-09-04T11:15:17.5494373Z with:
2026-09-04T11:15:17.5494803Z   python-version: 3.11
2026-09-04T11:15:17.5495279Z   check-latest: false
2026-09-04T11:15:17.5498675Z   token: ***
2026-09-04T11:15:17.5499080Z   update-environment: true
2026-09-04T11:15:17.5499595Z   allow-prereleases: false
2026-09-04T11:15:17.5500147Z   freethreaded: false
2026-09-04T11:15:17.5500599Z ##[endgroup]
2026-09-04T11:15:17.6643506Z ##[group]Installed versions
2026-09-04T11:15:17.6729611Z (node:2032) [DEP0040] DeprecationWarning: The `punycode` module is deprecated. Please use a userland alternative instead.
2026-09-04T11:15:17.6731405Z (Use `node --trace-deprecation ...` to show where the warning was created)
2026-09-04T11:15:17.6732421Z Successfully set up CPython (3.11.16)
2026-09-04T11:15:17.6733496Z ##[endgroup]
2026-09-04T11:15:17.6881236Z ##[group]Run pip install --no-cache-dir pytest
2026-09-04T11:15:17.6882483Z [36;1mpip install --no-cache-dir pytest[0m
2026-09-04T11:15:17.6955457Z shell: /usr/bin/bash -e {0}
2026-09-04T11:15:17.6956220Z env:
2026-09-04T11:15:17.6956967Z   pythonLocation: /opt/hostedtoolcache/Python/3.11.16/x64
2026-09-04T11:15:17.6958029Z   PKG_CONFIG_PATH: /opt/hostedtoolcache/Python/3.11.16/x64/lib/pkgconfig
2026-09-04T11:15:17.6959108Z   Python_ROOT_DIR: /opt/hostedtoolcache/Python/3.11.16/x64
2026-09-04T11:15:17.6960528Z   Python2_ROOT_DIR: /opt/hostedtoolcache/Python/3.11.16/x64
2026-09-04T11:15:17.6961452Z   Python3_ROOT_DIR: /opt/hostedtoolcache/Python/3.11.16/x64
2026-09-04T11:15:17.6962263Z   LD_LIBRARY_PATH: /opt/hostedtoolcache/Python/3.11.16/x64/lib
2026-09-04T11:15:17.6962947Z ##[endgroup]
2026-09-04T11:15:18.6322840Z Collecting pytest
2026-09-04T11:15:18.6983743Z   Downloading pytest-9.1.1-py3-none-any.whl.metadata (7.6 kB)
2026-09-04T11:15:18.7125780Z Collecting iniconfig>=1.0.1 (from pytest)
2026-09-04T11:15:18.7161592Z   Downloading iniconfig-2.3.0-py3-none-any.whl.metadata (2.5 kB)
2026-09-04T11:15:18.7334261Z Collecting packaging>=22 (from pytest)
2026-09-04T11:15:18.7369573Z   Downloading packaging-26.3-py3-none-any.whl.metadata (3.5 kB)
2026-09-04T11:15:18.7507768Z Collecting pluggy<2,>=1.5 (from pytest)
2026-09-04T11:15:18.7570770Z   Downloading pluggy-1.6.0-py3-none-any.whl.metadata (4.8 kB)
2026-09-04T11:15:18.7762785Z Collecting pygments>=2.7.2 (from pytest)
2026-09-04T11:15:18.7797774Z   Downloading pygments-2.21.0-py3-none-any.whl.metadata (2.5 kB)
2026-09-04T11:15:18.7852786Z Downloading pytest-9.1.1-py3-none-any.whl (386 kB)
2026-09-04T11:15:18.8064937Z Downloading pluggy-1.6.0-py3-none-any.whl (20 kB)
2026-09-04T11:15:18.8109887Z Downloading iniconfig-2.3.0-py3-none-any.whl (7.5 kB)
2026-09-04T11:15:18.8141233Z Downloading packaging-26.3-py3-none-any.whl (129 kB)
2026-09-04T11:15:18.8174393Z Downloading pygments-2.21.0-py3-none-any.whl (1.3 MB)
2026-09-04T11:15:18.8279263Z    ââââââââââââââââââââââââââââââââââââââââ 1.3/1.3 MB 224.3 MB/s  0:00:00
2026-09-04T11:15:18.8830413Z Installing collected packages: pygments, pluggy, packaging, iniconfig, pytest
2026-09-04T11:15:20.6762087Z 
2026-09-04T11:15:20.6772306Z Successfully installed iniconfig-2.3.0 packaging-26.3 pluggy-1.6.0 pygments-2.21.0 pytest-9.1.1
2026-09-04T11:15:20.7313812Z ##[group]Run python automation/inject_mutation.py --error-type "ValueError"
2026-09-04T11:15:20.7314467Z [36;1mpython automation/inject_mutation.py --error-type "ValueError"[0m
2026-09-04T11:15:20.7336879Z shell: /usr/bin/bash -e {0}
2026-09-04T11:15:20.7337229Z env:
2026-09-04T11:15:20.7337617Z   pythonLocation: /opt/hostedtoolcache/Python/3.11.16/x64
2026-09-04T11:15:20.7338277Z   PKG_CONFIG_PATH: /opt/hostedtoolcache/Python/3.11.16/x64/lib/pkgconfig
2026-09-04T11:15:20.7338728Z   Python_ROOT_DIR: /opt/hostedtoolcache/Python/3.11.16/x64
2026-09-04T11:15:20.7339189Z   Python2_ROOT_DIR: /opt/hostedtoolcache/Python/3.11.16/x64
2026-09-04T11:15:20.7339629Z   Python3_ROOT_DIR: /opt/hostedtoolcache/Python/3.11.16/x64
2026-09-04T11:15:20.7340296Z   LD_LIBRARY_PATH: /opt/hostedtoolcache/Python/3.11.16/x64/lib
2026-09-04T11:15:20.7340750Z ##[endgroup]
2026-09-04T11:15:20.7574094Z [Mutation Injected] Successfully injected ValueError into tests/test_app.py
2026-09-04T11:15:20.7643446Z ##[group]Run pytest tests/test_app.py -v
2026-09-04T11:15:20.7644009Z [36;1mpytest tests/test_app.py -v[0m
2026-09-04T11:15:20.7664951Z shell: /usr/bin/bash -e {0}
2026-09-04T11:15:20.7665353Z env:
2026-09-04T11:15:20.7665781Z   pythonLocation: /opt/hostedtoolcache/Python/3.11.16/x64
2026-09-04T11:15:20.7666362Z   PKG_CONFIG_PATH: /opt/hostedtoolcache/Python/3.11.16/x64/lib/pkgconfig
2026-09-04T11:15:20.7666931Z   Python_ROOT_DIR: /opt/hostedtoolcache/Python/3.11.16/x64
2026-09-04T11:15:20.7667477Z   Python2_ROOT_DIR: /opt/hostedtoolcache/Python/3.11.16/x64
2026-09-04T11:15:20.7667976Z   Python3_ROOT_DIR: /opt/hostedtoolcache/Python/3.11.16/x64
2026-09-04T11:15:20.7668461Z   LD_LIBRARY_PATH: /opt/hostedtoolcache/Python/3.11.16/x64/lib
2026-09-04T11:15:20.7668951Z ##[endgroup]
2026-09-04T11:15:20.9706627Z ============================= test session starts ==============================
2026-09-04T11:15:20.9707722Z platform linux -- Python 3.11.16, pytest-9.1.1, pluggy-1.6.0 -- /opt/hostedtoolcache/Python/3.11.16/x64/bin/python
2026-09-04T11:15:20.9708438Z cachedir: .pytest_cache
2026-09-04T11:15:20.9709011Z rootdir: /home/runner/work/log-generation/log-generation
2026-09-04T11:15:20.9709582Z configfile: pytest.ini
2026-09-04T11:15:20.9775967Z collecting ... collected 6 items
2026-09-04T11:15:20.9776315Z 
2026-09-04T11:15:20.9782735Z tests/test_app.py::test_calculate_division PASSED                        [ 16%]
2026-09-04T11:15:20.9787873Z tests/test_app.py::test_convert_to_int PASSED                            [ 33%]
2026-09-04T11:15:20.9793150Z tests/test_app.py::test_get_list_item PASSED                             [ 50%]
2026-09-04T11:15:20.9797848Z tests/test_app.py::test_get_dict_value PASSED                            [ 66%]
2026-09-04T11:15:20.9802961Z tests/test_app.py::test_assert_positive PASSED                           [ 83%]
2026-09-04T11:15:20.9997308Z tests/test_app.py::test_value_error FAILED                               [100%]
2026-09-04T11:15:20.9997856Z 
2026-09-04T11:15:20.9998284Z =================================== FAILURES ===================================
2026-09-04T11:15:20.9998819Z _______________________________ test_value_error _______________________________
2026-09-04T11:15:20.9999171Z 
2026-09-04T11:15:20.9999340Z     def test_value_error():
2026-09-04T11:15:20.9999780Z         """Injected synthetic ValueError."""
2026-09-04T11:15:21.0000565Z         from src.app import convert_to_int
2026-09-04T11:15:21.0001126Z >       convert_to_int("unparseable_alphanumeric_0x99")
2026-09-04T11:15:21.0001355Z 
2026-09-04T11:15:21.0001521Z tests/test_app.py:129: 
2026-09-04T11:15:21.0001886Z _ _ _ _ _ _ _ _ _ _ _ _ _ _ _ _ _ _ _ _ _ _ _ _ _ _ _ _ _ _ _ _ _ _ _ _ _ _ _ _ 
2026-09-04T11:15:21.0002179Z 
2026-09-04T11:15:21.0002334Z val = 'unparseable_alphanumeric_0x99'
2026-09-04T11:15:21.0002565Z 
2026-09-04T11:15:21.0002706Z     def convert_to_int(val):
2026-09-04T11:15:21.0003065Z >       return int(val)
2026-09-04T11:15:21.0003424Z                ^^^^^^^^
2026-09-04T11:15:21.0003869Z E       ValueError: invalid literal for int() with base 10: 'unparseable_alphanumeric_0x99'
2026-09-04T11:15:21.0004197Z 
2026-09-04T11:15:21.0004376Z src/app.py:5: ValueError
2026-09-04T11:15:21.0004767Z =========================== short test summary info ============================
2026-09-04T11:15:21.0005456Z FAILED tests/test_app.py::test_value_error - ValueError: invalid literal for int() with base 10: 'unparseable_alphanumeric_0x99'
2026-09-04T11:15:21.0006301Z ========================= 1 failed, 5 passed in 0.02s ==========================
2026-09-04T11:15:21.0185960Z ##[error]Process completed with exit code 1.
2026-09-04T11:15:21.0304874Z Node 20 is being deprecated. This workflow is running with Node 24 by default. If you need to temporarily use Node 20, you can set the ACTIONS_ALLOW_USE_UNSECURE_NODE_VERSION=true environment variable. For more information see: https://github.blog/changelog/2025-09-19-deprecation-of-node-20-on-github-actions-runners/
2026-09-04T11:15:21.0305923Z Post job cleanup.
2026-09-04T11:15:21.1011456Z [command]/usr/bin/git version
2026-09-04T11:15:21.1044486Z git version 2.55.0
2026-09-04T11:15:21.1075071Z Temporarily overriding HOME='/home/runner/work/_temp/d0dae772-2265-404a-a759-dc2fed8a0a5d' before making global git config changes
2026-09-04T11:15:21.1076463Z Adding repository directory to the temporary git global config as a safe directory
2026-09-04T11:15:21.1079756Z [command]/usr/bin/git config --global --add safe.directory /home/runner/work/log-generation/log-generation
2026-09-04T11:15:21.1111802Z [command]/usr/bin/git config --local --name-only --get-regexp core\.sshCommand
2026-09-04T11:15:21.1146227Z [command]/usr/bin/git submodule foreach --recursive sh -c "git config --local --name-only --get-regexp 'core\.sshCommand' && git config --local --unset-all 'core.sshCommand' || :"
2026-09-04T11:15:21.1331779Z [command]/usr/bin/git config --local --name-only --get-regexp http\.https\:\/\/github\.com\/\.extraheader
2026-09-04T11:15:21.1358373Z http.https://github.com/.extraheader
2026-09-04T11:15:21.1371303Z [command]/usr/bin/git config --local --unset-all http.https://github.com/.extraheader
2026-09-04T11:15:21.1404428Z [command]/usr/bin/git submodule foreach --recursive sh -c "git config --local --name-only --get-regexp 'http\.https\:\/\/github\.com\/\.extraheader' && git config --local --unset-all 'http.https://github.com/.extraheader' || :"
2026-09-04T11:15:21.1595426Z [command]/usr/bin/git config --local --name-only --get-regexp ^includeIf\.gitdir:
2026-09-04T11:15:21.1622780Z [command]/usr/bin/git submodule foreach --recursive git config --local --show-origin --name-only --get-regexp remote.origin.url
2026-09-04T11:15:21.1913389Z Cleaning up orphan processes
2026-09-04T11:15:21.2133359Z ##[warning]Node.js 20 is deprecated. The following actions target Node.js 20 but are being forced to run on Node.js 24: actions/checkout@v4, actions/setup-python@v5. For more information see: https://github.blog/changelog/2025-09-19-deprecation-of-node-20-on-github-actions-runners/
