ï»¿2026-09-04T11:29:06.5688807Z Current runner version: '2.337.0'
2026-09-04T11:29:06.5714101Z ##[group]Runner Image Provisioner
2026-09-04T11:29:06.5714968Z Hosted Compute Agent
2026-09-04T11:29:06.5715562Z Version: 20260828.587
2026-09-04T11:29:06.5716332Z Commit: abac92662cab4cc7352de4f9f9d2e2419aad9c29
2026-09-04T11:29:06.5717070Z Build Date: 2026-08-28T16:44:25Z
2026-09-04T11:29:06.5717792Z Worker ID: {8c7c40b1-e9f0-46b0-b1ed-22660a240fc7}
2026-09-04T11:29:06.5718535Z Azure Region: westcentralus
2026-09-04T11:29:06.5719144Z ##[endgroup]
2026-09-04T11:29:06.5720993Z ##[group]Operating System
2026-09-04T11:29:06.5721641Z Ubuntu
2026-09-04T11:29:06.5722145Z 24.04.4
2026-09-04T11:29:06.5723153Z LTS
2026-09-04T11:29:06.5723702Z ##[endgroup]
2026-09-04T11:29:06.5725203Z ##[group]Runner Image
2026-09-04T11:29:06.5726185Z Image: ubuntu-24.04
2026-09-04T11:29:06.5727113Z Version: 20260831.293.1
2026-09-04T11:29:06.5729133Z Included Software: https://github.com/actions/runner-images/blob/ubuntu24/20260831.293/images/ubuntu/Ubuntu2404-Readme.md
2026-09-04T11:29:06.5730867Z Image Release: https://github.com/actions/runner-images/releases/tag/ubuntu24%2F20260831.293
2026-09-04T11:29:06.5731871Z ##[endgroup]
2026-09-04T11:29:06.5733510Z ##[group]GITHUB_TOKEN Permissions
2026-09-04T11:29:06.5735784Z Contents: read
2026-09-04T11:29:06.5736411Z Metadata: read
2026-09-04T11:29:06.5737062Z Packages: read
2026-09-04T11:29:06.5737610Z ##[endgroup]
2026-09-04T11:29:06.5739725Z Secret source: Actions
2026-09-04T11:29:06.5741188Z Prepare workflow directory
2026-09-04T11:29:06.6077712Z Prepare all required actions
2026-09-04T11:29:06.6124995Z Getting action download info
2026-09-04T11:29:06.9019047Z Download action repository 'actions/checkout@v4' (SHA:11d5960a326750d5838078e36cf38b85af677262)
2026-09-04T11:29:07.0237578Z Download action repository 'actions/setup-python@v5' (SHA:a26af69be951a213d495a4c3e4e4022e16d87065)
2026-09-04T11:29:07.2018959Z Complete job name: test-f3 (KeyError #79)
2026-09-04T11:29:07.2793178Z Node 20 is being deprecated. This workflow is running with Node 24 by default. If you need to temporarily use Node 20, you can set the ACTIONS_ALLOW_USE_UNSECURE_NODE_VERSION=true environment variable. For more information see: https://github.blog/changelog/2025-09-19-deprecation-of-node-20-on-github-actions-runners/
2026-09-04T11:29:07.2801876Z ##[group]Run actions/checkout@v4
2026-09-04T11:29:07.2802652Z with:
2026-09-04T11:29:07.2803288Z   fetch-depth: 1
2026-09-04T11:29:07.2803779Z   repository: DhruvHegde/log-generation
2026-09-04T11:29:07.2807785Z   token: ***
2026-09-04T11:29:07.2808221Z   ssh-strict: true
2026-09-04T11:29:07.2808668Z   ssh-user: git
2026-09-04T11:29:07.2809124Z   persist-credentials: true
2026-09-04T11:29:07.2809618Z   clean: true
2026-09-04T11:29:07.2810072Z   sparse-checkout-cone-mode: true
2026-09-04T11:29:07.2810601Z   fetch-tags: false
2026-09-04T11:29:07.2811054Z   show-progress: true
2026-09-04T11:29:07.2811507Z   lfs: false
2026-09-04T11:29:07.2811960Z   submodules: false
2026-09-04T11:29:07.2812419Z   set-safe-directory: true
2026-09-04T11:29:07.2813463Z   allow-unsafe-pr-checkout: false
2026-09-04T11:29:07.2814280Z ##[endgroup]
2026-09-04T11:29:07.3843233Z Syncing repository: DhruvHegde/log-generation
2026-09-04T11:29:07.3845380Z ##[group]Getting Git version info
2026-09-04T11:29:07.3846414Z Working directory is '/home/runner/work/log-generation/log-generation'
2026-09-04T11:29:07.3847516Z [command]/usr/bin/git version
2026-09-04T11:29:07.3898314Z git version 2.55.0
2026-09-04T11:29:07.3922200Z ##[endgroup]
2026-09-04T11:29:07.3939170Z Temporarily overriding HOME='/home/runner/work/_temp/fccb5ddd-ad62-47af-9986-615f5182ca4d' before making global git config changes
2026-09-04T11:29:07.3941456Z Adding repository directory to the temporary git global config as a safe directory
2026-09-04T11:29:07.3945028Z [command]/usr/bin/git config --global --add safe.directory /home/runner/work/log-generation/log-generation
2026-09-04T11:29:07.3998329Z Deleting the contents of '/home/runner/work/log-generation/log-generation'
2026-09-04T11:29:07.4004094Z ##[group]Initializing the repository
2026-09-04T11:29:07.4008803Z [command]/usr/bin/git init /home/runner/work/log-generation/log-generation
2026-09-04T11:29:07.4110433Z hint: Using 'master' as the name for the initial branch. This default branch name
2026-09-04T11:29:07.4111663Z hint: will change to "main" in Git 3.0. To configure the initial branch name
2026-09-04T11:29:07.4112672Z hint: to use in all of your new repositories, which will suppress this warning,
2026-09-04T11:29:07.4114877Z hint: call:
2026-09-04T11:29:07.4115580Z hint:
2026-09-04T11:29:07.4116409Z hint: 	git config --global init.defaultBranch <name>
2026-09-04T11:29:07.4117507Z hint:
2026-09-04T11:29:07.4118306Z hint: Names commonly chosen instead of 'master' are 'main', 'trunk' and
2026-09-04T11:29:07.4119655Z hint: 'development'. The just-created branch can be renamed via this command:
2026-09-04T11:29:07.4120742Z hint:
2026-09-04T11:29:07.4121512Z hint: 	git branch -m <name>
2026-09-04T11:29:07.4122231Z hint:
2026-09-04T11:29:07.4123276Z hint: Disable this message with "git config set advice.defaultBranchName false"
2026-09-04T11:29:07.4124718Z Initialized empty Git repository in /home/runner/work/log-generation/log-generation/.git/
2026-09-04T11:29:07.4129413Z [command]/usr/bin/git remote add origin https://github.com/DhruvHegde/log-generation
2026-09-04T11:29:07.4192256Z ##[endgroup]
2026-09-04T11:29:07.4193743Z ##[group]Disabling automatic garbage collection
2026-09-04T11:29:07.4195081Z [command]/usr/bin/git config --local gc.auto 0
2026-09-04T11:29:07.4220583Z ##[endgroup]
2026-09-04T11:29:07.4223807Z ##[group]Setting up auth
2026-09-04T11:29:07.4230722Z [command]/usr/bin/git config --local --name-only --get-regexp core\.sshCommand
2026-09-04T11:29:07.4264576Z [command]/usr/bin/git submodule foreach --recursive sh -c "git config --local --name-only --get-regexp 'core\.sshCommand' && git config --local --unset-all 'core.sshCommand' || :"
2026-09-04T11:29:07.4640621Z [command]/usr/bin/git config --local --name-only --get-regexp http\.https\:\/\/github\.com\/\.extraheader
2026-09-04T11:29:07.4681869Z [command]/usr/bin/git submodule foreach --recursive sh -c "git config --local --name-only --get-regexp 'http\.https\:\/\/github\.com\/\.extraheader' && git config --local --unset-all 'http.https://github.com/.extraheader' || :"
2026-09-04T11:29:07.4929265Z [command]/usr/bin/git config --local --name-only --get-regexp ^includeIf\.gitdir:
2026-09-04T11:29:07.4967964Z [command]/usr/bin/git submodule foreach --recursive git config --local --show-origin --name-only --get-regexp remote.origin.url
2026-09-04T11:29:07.5191987Z [command]/usr/bin/git config --local http.https://github.com/.extraheader AUTHORIZATION: basic ***
2026-09-04T11:29:07.5232678Z ##[endgroup]
2026-09-04T11:29:07.5234330Z ##[group]Fetching the repository
2026-09-04T11:29:07.5244750Z [command]/usr/bin/git -c protocol.version=2 fetch --no-tags --prune --no-recurse-submodules --depth=1 origin +0c2ddc82b3a248827557edda9affcd6927945898:refs/remotes/origin/feature/f3-test-failures
2026-09-04T11:29:07.9595191Z From https://github.com/DhruvHegde/log-generation
2026-09-04T11:29:07.9597138Z  * [new ref]         0c2ddc82b3a248827557edda9affcd6927945898 -> origin/feature/f3-test-failures
2026-09-04T11:29:07.9600370Z ##[endgroup]
2026-09-04T11:29:07.9601688Z ##[group]Determining the checkout info
2026-09-04T11:29:07.9604014Z ##[endgroup]
2026-09-04T11:29:07.9610276Z [command]/usr/bin/git sparse-checkout disable
2026-09-04T11:29:07.9662425Z [command]/usr/bin/git config --local --unset-all extensions.worktreeConfig
2026-09-04T11:29:07.9695410Z ##[group]Checking out the ref
2026-09-04T11:29:07.9700839Z [command]/usr/bin/git checkout --progress --force -B feature/f3-test-failures refs/remotes/origin/feature/f3-test-failures
2026-09-04T11:29:07.9784043Z Switched to a new branch 'feature/f3-test-failures'
2026-09-04T11:29:07.9790806Z branch 'feature/f3-test-failures' set up to track 'origin/feature/f3-test-failures'.
2026-09-04T11:29:07.9795278Z ##[endgroup]
2026-09-04T11:29:07.9836257Z [command]/usr/bin/git log -1 --format=%H
2026-09-04T11:29:07.9862679Z 0c2ddc82b3a248827557edda9affcd6927945898
2026-09-04T11:29:08.0133824Z Node 20 is being deprecated. This workflow is running with Node 24 by default. If you need to temporarily use Node 20, you can set the ACTIONS_ALLOW_USE_UNSECURE_NODE_VERSION=true environment variable. For more information see: https://github.blog/changelog/2025-09-19-deprecation-of-node-20-on-github-actions-runners/
2026-09-04T11:29:08.0136491Z ##[group]Run actions/setup-python@v5
2026-09-04T11:29:08.0137020Z with:
2026-09-04T11:29:08.0137427Z   python-version: 3.11
2026-09-04T11:29:08.0137886Z   check-latest: false
2026-09-04T11:29:08.0141735Z   token: ***
2026-09-04T11:29:08.0142170Z   update-environment: true
2026-09-04T11:29:08.0142662Z   allow-prereleases: false
2026-09-04T11:29:08.0143451Z   freethreaded: false
2026-09-04T11:29:08.0143897Z ##[endgroup]
2026-09-04T11:29:08.1494974Z ##[group]Installed versions
2026-09-04T11:29:08.1588122Z (node:2239) [DEP0040] DeprecationWarning: The `punycode` module is deprecated. Please use a userland alternative instead.
2026-09-04T11:29:08.1591327Z (Use `node --trace-deprecation ...` to show where the warning was created)
2026-09-04T11:29:08.1593084Z Successfully set up CPython (3.11.16)
2026-09-04T11:29:08.1594994Z ##[endgroup]
2026-09-04T11:29:08.1795053Z ##[group]Run pip install --no-cache-dir pytest
2026-09-04T11:29:08.1796274Z [36;1mpip install --no-cache-dir pytest[0m
2026-09-04T11:29:08.1867269Z shell: /usr/bin/bash -e {0}
2026-09-04T11:29:08.1868535Z env:
2026-09-04T11:29:08.1869715Z   pythonLocation: /opt/hostedtoolcache/Python/3.11.16/x64
2026-09-04T11:29:08.1871325Z   PKG_CONFIG_PATH: /opt/hostedtoolcache/Python/3.11.16/x64/lib/pkgconfig
2026-09-04T11:29:08.1873206Z   Python_ROOT_DIR: /opt/hostedtoolcache/Python/3.11.16/x64
2026-09-04T11:29:08.1874584Z   Python2_ROOT_DIR: /opt/hostedtoolcache/Python/3.11.16/x64
2026-09-04T11:29:08.1876434Z   Python3_ROOT_DIR: /opt/hostedtoolcache/Python/3.11.16/x64
2026-09-04T11:29:08.1968684Z   LD_LIBRARY_PATH: /opt/hostedtoolcache/Python/3.11.16/x64/lib
2026-09-04T11:29:08.1971029Z ##[endgroup]
2026-09-04T11:29:09.0915544Z Collecting pytest
2026-09-04T11:29:09.1857559Z   Downloading pytest-9.1.1-py3-none-any.whl.metadata (7.6 kB)
2026-09-04T11:29:09.2095286Z Collecting iniconfig>=1.0.1 (from pytest)
2026-09-04T11:29:09.2286981Z   Downloading iniconfig-2.3.0-py3-none-any.whl.metadata (2.5 kB)
2026-09-04T11:29:09.2550649Z Collecting packaging>=22 (from pytest)
2026-09-04T11:29:09.2741254Z   Downloading packaging-26.3-py3-none-any.whl.metadata (3.5 kB)
2026-09-04T11:29:09.2980250Z Collecting pluggy<2,>=1.5 (from pytest)
2026-09-04T11:29:09.3170758Z   Downloading pluggy-1.6.0-py3-none-any.whl.metadata (4.8 kB)
2026-09-04T11:29:09.3473405Z Collecting pygments>=2.7.2 (from pytest)
2026-09-04T11:29:09.3666545Z   Downloading pygments-2.21.0-py3-none-any.whl.metadata (2.5 kB)
2026-09-04T11:29:09.3882203Z Downloading pytest-9.1.1-py3-none-any.whl (386 kB)
2026-09-04T11:29:09.4709892Z Downloading pluggy-1.6.0-py3-none-any.whl (20 kB)
2026-09-04T11:29:09.4901474Z Downloading iniconfig-2.3.0-py3-none-any.whl (7.5 kB)
2026-09-04T11:29:09.5092751Z Downloading packaging-26.3-py3-none-any.whl (129 kB)
2026-09-04T11:29:09.5309611Z Downloading pygments-2.21.0-py3-none-any.whl (1.3 MB)
2026-09-04T11:29:09.5875121Z    ââââââââââââââââââââââââââââââââââââââââ 1.3/1.3 MB 27.1 MB/s  0:00:00
2026-09-04T11:29:09.6488734Z Installing collected packages: pygments, pluggy, packaging, iniconfig, pytest
2026-09-04T11:29:10.5885602Z 
2026-09-04T11:29:10.5896142Z Successfully installed iniconfig-2.3.0 packaging-26.3 pluggy-1.6.0 pygments-2.21.0 pytest-9.1.1
2026-09-04T11:29:10.6427311Z ##[group]Run python automation/inject_mutation.py --error-type "KeyError"
2026-09-04T11:29:10.6427906Z [36;1mpython automation/inject_mutation.py --error-type "KeyError"[0m
2026-09-04T11:29:10.6466217Z shell: /usr/bin/bash -e {0}
2026-09-04T11:29:10.6466491Z env:
2026-09-04T11:29:10.6466779Z   pythonLocation: /opt/hostedtoolcache/Python/3.11.16/x64
2026-09-04T11:29:10.6467468Z   PKG_CONFIG_PATH: /opt/hostedtoolcache/Python/3.11.16/x64/lib/pkgconfig
2026-09-04T11:29:10.6467923Z   Python_ROOT_DIR: /opt/hostedtoolcache/Python/3.11.16/x64
2026-09-04T11:29:10.6468320Z   Python2_ROOT_DIR: /opt/hostedtoolcache/Python/3.11.16/x64
2026-09-04T11:29:10.6468746Z   Python3_ROOT_DIR: /opt/hostedtoolcache/Python/3.11.16/x64
2026-09-04T11:29:10.6469143Z   LD_LIBRARY_PATH: /opt/hostedtoolcache/Python/3.11.16/x64/lib
2026-09-04T11:29:10.6469477Z ##[endgroup]
2026-09-04T11:29:10.6766423Z [Mutation Injected] Successfully injected KeyError into tests/test_app.py
2026-09-04T11:29:10.6836940Z ##[group]Run pytest tests/test_app.py -v
2026-09-04T11:29:10.6837317Z [36;1mpytest tests/test_app.py -v[0m
2026-09-04T11:29:10.6875564Z shell: /usr/bin/bash -e {0}
2026-09-04T11:29:10.6875830Z env:
2026-09-04T11:29:10.6876118Z   pythonLocation: /opt/hostedtoolcache/Python/3.11.16/x64
2026-09-04T11:29:10.6876591Z   PKG_CONFIG_PATH: /opt/hostedtoolcache/Python/3.11.16/x64/lib/pkgconfig
2026-09-04T11:29:10.6877048Z   Python_ROOT_DIR: /opt/hostedtoolcache/Python/3.11.16/x64
2026-09-04T11:29:10.6877437Z   Python2_ROOT_DIR: /opt/hostedtoolcache/Python/3.11.16/x64
2026-09-04T11:29:10.6877837Z   Python3_ROOT_DIR: /opt/hostedtoolcache/Python/3.11.16/x64
2026-09-04T11:29:10.6878227Z   LD_LIBRARY_PATH: /opt/hostedtoolcache/Python/3.11.16/x64/lib
2026-09-04T11:29:10.6878571Z ##[endgroup]
2026-09-04T11:29:10.9104901Z ============================= test session starts ==============================
2026-09-04T11:29:10.9106161Z platform linux -- Python 3.11.16, pytest-9.1.1, pluggy-1.6.0 -- /opt/hostedtoolcache/Python/3.11.16/x64/bin/python
2026-09-04T11:29:10.9107112Z cachedir: .pytest_cache
2026-09-04T11:29:10.9107741Z rootdir: /home/runner/work/log-generation/log-generation
2026-09-04T11:29:10.9108390Z configfile: pytest.ini
2026-09-04T11:29:10.9194794Z collecting ... collected 6 items
2026-09-04T11:29:10.9195213Z 
2026-09-04T11:29:10.9203967Z tests/test_app.py::test_calculate_division PASSED                        [ 16%]
2026-09-04T11:29:10.9211514Z tests/test_app.py::test_convert_to_int PASSED                            [ 33%]
2026-09-04T11:29:10.9219431Z tests/test_app.py::test_get_list_item PASSED                             [ 50%]
2026-09-04T11:29:10.9226884Z tests/test_app.py::test_get_dict_value PASSED                            [ 66%]
2026-09-04T11:29:10.9233723Z tests/test_app.py::test_assert_positive PASSED                           [ 83%]
2026-09-04T11:29:10.9523723Z tests/test_app.py::test_key_error FAILED                                 [100%]
2026-09-04T11:29:10.9524352Z 
2026-09-04T11:29:10.9524631Z =================================== FAILURES ===================================
2026-09-04T11:29:10.9525315Z ________________________________ test_key_error ________________________________
2026-09-04T11:29:10.9525827Z 
2026-09-04T11:29:10.9526017Z     def test_key_error():
2026-09-04T11:29:10.9526474Z         """Injected synthetic KeyError."""
2026-09-04T11:29:10.9527023Z         from src.app import get_dict_value
2026-09-04T11:29:10.9527582Z         config = {"env": "staging", "retries": 3}
2026-09-04T11:29:10.9528182Z >       get_dict_value(config, "missing_auth_token")
2026-09-04T11:29:10.9528594Z 
2026-09-04T11:29:10.9528774Z tests/test_app.py:132: 
2026-09-04T11:29:10.9529290Z _ _ _ _ _ _ _ _ _ _ _ _ _ _ _ _ _ _ _ _ _ _ _ _ _ _ _ _ _ _ _ _ _ _ _ _ _ _ _ _ 
2026-09-04T11:29:10.9529762Z 
2026-09-04T11:29:10.9530031Z d = {'env': 'staging', 'retries': 3}, key = 'missing_auth_token'
2026-09-04T11:29:10.9530471Z 
2026-09-04T11:29:10.9530655Z     def get_dict_value(d, key):
2026-09-04T11:29:10.9531108Z >       return d[key]
2026-09-04T11:29:10.9531486Z                ^^^^^^
2026-09-04T11:29:10.9531891Z E       KeyError: 'missing_auth_token'
2026-09-04T11:29:10.9532236Z 
2026-09-04T11:29:10.9532397Z src/app.py:11: KeyError
2026-09-04T11:29:10.9533148Z =========================== short test summary info ============================
2026-09-04T11:29:10.9534029Z FAILED tests/test_app.py::test_key_error - KeyError: 'missing_auth_token'
2026-09-04T11:29:10.9535145Z ========================= 1 failed, 5 passed in 0.03s ==========================
2026-09-04T11:29:10.9716106Z ##[error]Process completed with exit code 1.
2026-09-04T11:29:10.9853514Z Node 20 is being deprecated. This workflow is running with Node 24 by default. If you need to temporarily use Node 20, you can set the ACTIONS_ALLOW_USE_UNSECURE_NODE_VERSION=true environment variable. For more information see: https://github.blog/changelog/2025-09-19-deprecation-of-node-20-on-github-actions-runners/
2026-09-04T11:29:10.9854818Z Post job cleanup.
2026-09-04T11:29:11.0703205Z [command]/usr/bin/git version
2026-09-04T11:29:11.0744987Z git version 2.55.0
2026-09-04T11:29:11.0787874Z Temporarily overriding HOME='/home/runner/work/_temp/3675bb7e-38db-4db5-b154-8bcb24b80e87' before making global git config changes
2026-09-04T11:29:11.0789707Z Adding repository directory to the temporary git global config as a safe directory
2026-09-04T11:29:11.0794313Z [command]/usr/bin/git config --global --add safe.directory /home/runner/work/log-generation/log-generation
2026-09-04T11:29:11.0834989Z [command]/usr/bin/git config --local --name-only --get-regexp core\.sshCommand
2026-09-04T11:29:11.0871323Z [command]/usr/bin/git submodule foreach --recursive sh -c "git config --local --name-only --get-regexp 'core\.sshCommand' && git config --local --unset-all 'core.sshCommand' || :"
2026-09-04T11:29:11.1172334Z [command]/usr/bin/git config --local --name-only --get-regexp http\.https\:\/\/github\.com\/\.extraheader
2026-09-04T11:29:11.1204727Z http.https://github.com/.extraheader
2026-09-04T11:29:11.1217935Z [command]/usr/bin/git config --local --unset-all http.https://github.com/.extraheader
2026-09-04T11:29:11.1253749Z [command]/usr/bin/git submodule foreach --recursive sh -c "git config --local --name-only --get-regexp 'http\.https\:\/\/github\.com\/\.extraheader' && git config --local --unset-all 'http.https://github.com/.extraheader' || :"
2026-09-04T11:29:11.1559647Z [command]/usr/bin/git config --local --name-only --get-regexp ^includeIf\.gitdir:
2026-09-04T11:29:11.1625187Z [command]/usr/bin/git submodule foreach --recursive git config --local --show-origin --name-only --get-regexp remote.origin.url
2026-09-04T11:29:11.2080778Z Cleaning up orphan processes
2026-09-04T11:29:11.2359889Z ##[warning]Node.js 20 is deprecated. The following actions target Node.js 20 but are being forced to run on Node.js 24: actions/checkout@v4, actions/setup-python@v5. For more information see: https://github.blog/changelog/2025-09-19-deprecation-of-node-20-on-github-actions-runners/
