ï»¿2026-09-04T11:15:28.2016644Z Current runner version: '2.337.0'
2026-09-04T11:15:28.2043875Z ##[group]Runner Image Provisioner
2026-09-04T11:15:28.2044849Z Hosted Compute Agent
2026-09-04T11:15:28.2045409Z Version: 20260819.586
2026-09-04T11:15:28.2046104Z Commit: 3cc4a88dfa507ef76119ad1bb3eccc6378bb2b76
2026-09-04T11:15:28.2046842Z Build Date: 2026-08-18T23:20:18Z
2026-09-04T11:15:28.2047514Z Worker ID: {1fa6a08f-4fc9-4c53-a9c1-69a32f6201c8}
2026-09-04T11:15:28.2048262Z Azure Region: westcentralus
2026-09-04T11:15:28.2048850Z ##[endgroup]
2026-09-04T11:15:28.2051071Z ##[group]Operating System
2026-09-04T11:15:28.2051723Z Ubuntu
2026-09-04T11:15:28.2052288Z 24.04.4
2026-09-04T11:15:28.2052806Z LTS
2026-09-04T11:15:28.2053628Z ##[endgroup]
2026-09-04T11:15:28.2054241Z ##[group]Runner Image
2026-09-04T11:15:28.2054856Z Image: ubuntu-24.04
2026-09-04T11:15:28.2055457Z Version: 20260823.283.1
2026-09-04T11:15:28.2056737Z Included Software: https://github.com/actions/runner-images/blob/ubuntu24/20260823.283/images/ubuntu/Ubuntu2404-Readme.md
2026-09-04T11:15:28.2058227Z Image Release: https://github.com/actions/runner-images/releases/tag/ubuntu24%2F20260823.283
2026-09-04T11:15:28.2059141Z ##[endgroup]
2026-09-04T11:15:28.2060592Z ##[group]GITHUB_TOKEN Permissions
2026-09-04T11:15:28.2063403Z Contents: read
2026-09-04T11:15:28.2064014Z Metadata: read
2026-09-04T11:15:28.2064549Z Packages: read
2026-09-04T11:15:28.2065071Z ##[endgroup]
2026-09-04T11:15:28.2067497Z Secret source: Actions
2026-09-04T11:15:28.2068829Z Prepare workflow directory
2026-09-04T11:15:28.2435845Z Prepare all required actions
2026-09-04T11:15:28.2489178Z Getting action download info
2026-09-04T11:15:28.5681657Z Download action repository 'actions/checkout@v4' (SHA:11d5960a326750d5838078e36cf38b85af677262)
2026-09-04T11:15:28.7308578Z Download action repository 'actions/setup-python@v5' (SHA:a26af69be951a213d495a4c3e4e4022e16d87065)
2026-09-04T11:15:28.9135686Z Complete job name: test-f3 (AttributeError #46)
2026-09-04T11:15:28.9884170Z Node 20 is being deprecated. This workflow is running with Node 24 by default. If you need to temporarily use Node 20, you can set the ACTIONS_ALLOW_USE_UNSECURE_NODE_VERSION=true environment variable. For more information see: https://github.blog/changelog/2025-09-19-deprecation-of-node-20-on-github-actions-runners/
2026-09-04T11:15:28.9893516Z ##[group]Run actions/checkout@v4
2026-09-04T11:15:28.9894275Z with:
2026-09-04T11:15:28.9894757Z   fetch-depth: 1
2026-09-04T11:15:28.9895370Z   repository: DhruvHegde/log-generation
2026-09-04T11:15:28.9899367Z   token: ***
2026-09-04T11:15:28.9899886Z   ssh-strict: true
2026-09-04T11:15:28.9900576Z   ssh-user: git
2026-09-04T11:15:28.9901097Z   persist-credentials: true
2026-09-04T11:15:28.9901730Z   clean: true
2026-09-04T11:15:28.9902256Z   sparse-checkout-cone-mode: true
2026-09-04T11:15:28.9902839Z   fetch-tags: false
2026-09-04T11:15:28.9903363Z   show-progress: true
2026-09-04T11:15:28.9903894Z   lfs: false
2026-09-04T11:15:28.9904523Z   submodules: false
2026-09-04T11:15:28.9905065Z   set-safe-directory: true
2026-09-04T11:15:28.9905691Z   allow-unsafe-pr-checkout: false
2026-09-04T11:15:28.9906436Z ##[endgroup]
2026-09-04T11:15:29.1018319Z Syncing repository: DhruvHegde/log-generation
2026-09-04T11:15:29.1021457Z ##[group]Getting Git version info
2026-09-04T11:15:29.1022587Z Working directory is '/home/runner/work/log-generation/log-generation'
2026-09-04T11:15:29.1024500Z [command]/usr/bin/git version
2026-09-04T11:15:29.1068913Z git version 2.55.0
2026-09-04T11:15:29.1093785Z ##[endgroup]
2026-09-04T11:15:29.1110966Z Temporarily overriding HOME='/home/runner/work/_temp/5416ad2b-5878-4343-8991-d42de439ee1a' before making global git config changes
2026-09-04T11:15:29.1117907Z Adding repository directory to the temporary git global config as a safe directory
2026-09-04T11:15:29.1119208Z [command]/usr/bin/git config --global --add safe.directory /home/runner/work/log-generation/log-generation
2026-09-04T11:15:29.1209763Z Deleting the contents of '/home/runner/work/log-generation/log-generation'
2026-09-04T11:15:29.1221753Z ##[group]Initializing the repository
2026-09-04T11:15:29.1223049Z [command]/usr/bin/git init /home/runner/work/log-generation/log-generation
2026-09-04T11:15:29.1316239Z hint: Using 'master' as the name for the initial branch. This default branch name
2026-09-04T11:15:29.1319709Z hint: will change to "main" in Git 3.0. To configure the initial branch name
2026-09-04T11:15:29.1321840Z hint: to use in all of your new repositories, which will suppress this warning,
2026-09-04T11:15:29.1323640Z hint: call:
2026-09-04T11:15:29.1324509Z hint:
2026-09-04T11:15:29.1325447Z hint: 	git config --global init.defaultBranch <name>
2026-09-04T11:15:29.1326518Z hint:
2026-09-04T11:15:29.1327564Z hint: Names commonly chosen instead of 'master' are 'main', 'trunk' and
2026-09-04T11:15:29.1329018Z hint: 'development'. The just-created branch can be renamed via this command:
2026-09-04T11:15:29.1330477Z hint:
2026-09-04T11:15:29.1332531Z hint: 	git branch -m <name>
2026-09-04T11:15:29.1333525Z hint:
2026-09-04T11:15:29.1334788Z hint: Disable this message with "git config set advice.defaultBranchName false"
2026-09-04T11:15:29.1336597Z Initialized empty Git repository in /home/runner/work/log-generation/log-generation/.git/
2026-09-04T11:15:29.1340315Z [command]/usr/bin/git remote add origin https://github.com/DhruvHegde/log-generation
2026-09-04T11:15:29.1540570Z ##[endgroup]
2026-09-04T11:15:29.1541680Z ##[group]Disabling automatic garbage collection
2026-09-04T11:15:29.1546469Z [command]/usr/bin/git config --local gc.auto 0
2026-09-04T11:15:29.1595765Z ##[endgroup]
2026-09-04T11:15:29.1596825Z ##[group]Setting up auth
2026-09-04T11:15:29.1607165Z [command]/usr/bin/git config --local --name-only --get-regexp core\.sshCommand
2026-09-04T11:15:29.1666437Z [command]/usr/bin/git submodule foreach --recursive sh -c "git config --local --name-only --get-regexp 'core\.sshCommand' && git config --local --unset-all 'core.sshCommand' || :"
2026-09-04T11:15:29.2049550Z [command]/usr/bin/git config --local --name-only --get-regexp http\.https\:\/\/github\.com\/\.extraheader
2026-09-04T11:15:29.2089610Z [command]/usr/bin/git submodule foreach --recursive sh -c "git config --local --name-only --get-regexp 'http\.https\:\/\/github\.com\/\.extraheader' && git config --local --unset-all 'http.https://github.com/.extraheader' || :"
2026-09-04T11:15:29.2320998Z [command]/usr/bin/git config --local --name-only --get-regexp ^includeIf\.gitdir:
2026-09-04T11:15:29.2352747Z [command]/usr/bin/git submodule foreach --recursive git config --local --show-origin --name-only --get-regexp remote.origin.url
2026-09-04T11:15:29.2586414Z [command]/usr/bin/git config --local http.https://github.com/.extraheader AUTHORIZATION: basic ***
2026-09-04T11:15:29.2635043Z ##[endgroup]
2026-09-04T11:15:29.2636591Z ##[group]Fetching the repository
2026-09-04T11:15:29.2647569Z [command]/usr/bin/git -c protocol.version=2 fetch --no-tags --prune --no-recurse-submodules --depth=1 origin +55701f2ee203be18f432be2dca839cc73b92fb5e:refs/remotes/origin/feature/f3-test-failures
2026-09-04T11:15:29.8859149Z From https://github.com/DhruvHegde/log-generation
2026-09-04T11:15:29.8861281Z  * [new ref]         55701f2ee203be18f432be2dca839cc73b92fb5e -> origin/feature/f3-test-failures
2026-09-04T11:15:29.8866266Z ##[endgroup]
2026-09-04T11:15:29.8867895Z ##[group]Determining the checkout info
2026-09-04T11:15:29.8869529Z ##[endgroup]
2026-09-04T11:15:29.8874985Z [command]/usr/bin/git sparse-checkout disable
2026-09-04T11:15:29.9386807Z [command]/usr/bin/git config --local --unset-all extensions.worktreeConfig
2026-09-04T11:15:29.9493466Z ##[group]Checking out the ref
2026-09-04T11:15:29.9497584Z [command]/usr/bin/git checkout --progress --force -B feature/f3-test-failures refs/remotes/origin/feature/f3-test-failures
2026-09-04T11:15:30.0447334Z Switched to a new branch 'feature/f3-test-failures'
2026-09-04T11:15:30.0559103Z branch 'feature/f3-test-failures' set up to track 'origin/feature/f3-test-failures'.
2026-09-04T11:15:30.0565504Z ##[endgroup]
2026-09-04T11:15:30.1121119Z [command]/usr/bin/git log -1 --format=%H
2026-09-04T11:15:30.1152982Z 55701f2ee203be18f432be2dca839cc73b92fb5e
2026-09-04T11:15:30.1558329Z Node 20 is being deprecated. This workflow is running with Node 24 by default. If you need to temporarily use Node 20, you can set the ACTIONS_ALLOW_USE_UNSECURE_NODE_VERSION=true environment variable. For more information see: https://github.blog/changelog/2025-09-19-deprecation-of-node-20-on-github-actions-runners/
2026-09-04T11:15:30.1564629Z ##[group]Run actions/setup-python@v5
2026-09-04T11:15:30.1566082Z with:
2026-09-04T11:15:30.1567156Z   python-version: 3.11
2026-09-04T11:15:30.1568357Z   check-latest: false
2026-09-04T11:15:30.1578177Z   token: ***
2026-09-04T11:15:30.1579287Z   update-environment: true
2026-09-04T11:15:30.1580778Z   allow-prereleases: false
2026-09-04T11:15:30.1581997Z   freethreaded: false
2026-09-04T11:15:30.1583071Z ##[endgroup]
2026-09-04T11:15:30.3041553Z ##[group]Installed versions
2026-09-04T11:15:30.3137567Z (node:2223) [DEP0040] DeprecationWarning: The `punycode` module is deprecated. Please use a userland alternative instead.
2026-09-04T11:15:30.3142442Z (Use `node --trace-deprecation ...` to show where the warning was created)
2026-09-04T11:15:30.3145404Z Successfully set up CPython (3.11.16)
2026-09-04T11:15:30.3148572Z ##[endgroup]
2026-09-04T11:15:30.3395537Z ##[group]Run pip install --no-cache-dir pytest
2026-09-04T11:15:30.3398203Z [36;1mpip install --no-cache-dir pytest[0m
2026-09-04T11:15:30.3460640Z shell: /usr/bin/bash -e {0}
2026-09-04T11:15:30.3462445Z env:
2026-09-04T11:15:30.3464257Z   pythonLocation: /opt/hostedtoolcache/Python/3.11.16/x64
2026-09-04T11:15:30.3467611Z   PKG_CONFIG_PATH: /opt/hostedtoolcache/Python/3.11.16/x64/lib/pkgconfig
2026-09-04T11:15:30.3470752Z   Python_ROOT_DIR: /opt/hostedtoolcache/Python/3.11.16/x64
2026-09-04T11:15:30.3473969Z   Python2_ROOT_DIR: /opt/hostedtoolcache/Python/3.11.16/x64
2026-09-04T11:15:30.3476635Z   Python3_ROOT_DIR: /opt/hostedtoolcache/Python/3.11.16/x64
2026-09-04T11:15:30.3479356Z   LD_LIBRARY_PATH: /opt/hostedtoolcache/Python/3.11.16/x64/lib
2026-09-04T11:15:30.3482020Z ##[endgroup]
2026-09-04T11:15:34.3138698Z Collecting pytest
2026-09-04T11:15:34.4136085Z   Downloading pytest-9.1.1-py3-none-any.whl.metadata (7.6 kB)
2026-09-04T11:15:34.4376666Z Collecting iniconfig>=1.0.1 (from pytest)
2026-09-04T11:15:34.4578749Z   Downloading iniconfig-2.3.0-py3-none-any.whl.metadata (2.5 kB)
2026-09-04T11:15:34.4840634Z Collecting packaging>=22 (from pytest)
2026-09-04T11:15:34.5042115Z   Downloading packaging-26.3-py3-none-any.whl.metadata (3.5 kB)
2026-09-04T11:15:34.5280938Z Collecting pluggy<2,>=1.5 (from pytest)
2026-09-04T11:15:34.5487332Z   Downloading pluggy-1.6.0-py3-none-any.whl.metadata (4.8 kB)
2026-09-04T11:15:34.5784359Z Collecting pygments>=2.7.2 (from pytest)
2026-09-04T11:15:34.5985431Z   Downloading pygments-2.21.0-py3-none-any.whl.metadata (2.5 kB)
2026-09-04T11:15:34.6214669Z Downloading pytest-9.1.1-py3-none-any.whl (386 kB)
2026-09-04T11:15:34.7101311Z Downloading pluggy-1.6.0-py3-none-any.whl (20 kB)
2026-09-04T11:15:34.7299216Z Downloading iniconfig-2.3.0-py3-none-any.whl (7.5 kB)
2026-09-04T11:15:34.7501855Z Downloading packaging-26.3-py3-none-any.whl (129 kB)
2026-09-04T11:15:34.7708461Z Downloading pygments-2.21.0-py3-none-any.whl (1.3 MB)
2026-09-04T11:15:34.8266784Z    ââââââââââââââââââââââââââââââââââââââââ 1.3/1.3 MB 20.6 MB/s  0:00:00
2026-09-04T11:15:34.9818235Z Installing collected packages: pygments, pluggy, packaging, iniconfig, pytest
2026-09-04T11:15:35.9003611Z 
2026-09-04T11:15:35.9013995Z Successfully installed iniconfig-2.3.0 packaging-26.3 pluggy-1.6.0 pygments-2.21.0 pytest-9.1.1
2026-09-04T11:15:35.9847713Z ##[group]Run python automation/inject_mutation.py --error-type "AttributeError"
2026-09-04T11:15:35.9848464Z [36;1mpython automation/inject_mutation.py --error-type "AttributeError"[0m
2026-09-04T11:15:35.9878356Z shell: /usr/bin/bash -e {0}
2026-09-04T11:15:35.9878850Z env:
2026-09-04T11:15:35.9879251Z   pythonLocation: /opt/hostedtoolcache/Python/3.11.16/x64
2026-09-04T11:15:35.9879956Z   PKG_CONFIG_PATH: /opt/hostedtoolcache/Python/3.11.16/x64/lib/pkgconfig
2026-09-04T11:15:35.9880703Z   Python_ROOT_DIR: /opt/hostedtoolcache/Python/3.11.16/x64
2026-09-04T11:15:35.9881140Z   Python2_ROOT_DIR: /opt/hostedtoolcache/Python/3.11.16/x64
2026-09-04T11:15:35.9881637Z   Python3_ROOT_DIR: /opt/hostedtoolcache/Python/3.11.16/x64
2026-09-04T11:15:35.9882091Z   LD_LIBRARY_PATH: /opt/hostedtoolcache/Python/3.11.16/x64/lib
2026-09-04T11:15:35.9882545Z ##[endgroup]
2026-09-04T11:15:36.0192050Z [Mutation Injected] Successfully injected AttributeError into tests/test_app.py
2026-09-04T11:15:36.0283261Z ##[group]Run pytest tests/test_app.py -v
2026-09-04T11:15:36.0283776Z [36;1mpytest tests/test_app.py -v[0m
2026-09-04T11:15:36.0313832Z shell: /usr/bin/bash -e {0}
2026-09-04T11:15:36.0314376Z env:
2026-09-04T11:15:36.0314759Z   pythonLocation: /opt/hostedtoolcache/Python/3.11.16/x64
2026-09-04T11:15:36.0315310Z   PKG_CONFIG_PATH: /opt/hostedtoolcache/Python/3.11.16/x64/lib/pkgconfig
2026-09-04T11:15:36.0315845Z   Python_ROOT_DIR: /opt/hostedtoolcache/Python/3.11.16/x64
2026-09-04T11:15:36.0316326Z   Python2_ROOT_DIR: /opt/hostedtoolcache/Python/3.11.16/x64
2026-09-04T11:15:36.0316808Z   Python3_ROOT_DIR: /opt/hostedtoolcache/Python/3.11.16/x64
2026-09-04T11:15:36.0317256Z   LD_LIBRARY_PATH: /opt/hostedtoolcache/Python/3.11.16/x64/lib
2026-09-04T11:15:36.0317656Z ##[endgroup]
2026-09-04T11:15:36.4525625Z ============================= test session starts ==============================
2026-09-04T11:15:36.4527673Z platform linux -- Python 3.11.16, pytest-9.1.1, pluggy-1.6.0 -- /opt/hostedtoolcache/Python/3.11.16/x64/bin/python
2026-09-04T11:15:36.4528864Z cachedir: .pytest_cache
2026-09-04T11:15:36.4529814Z rootdir: /home/runner/work/log-generation/log-generation
2026-09-04T11:15:36.4530990Z configfile: pytest.ini
2026-09-04T11:15:36.4609954Z collecting ... collected 6 items
2026-09-04T11:15:36.4610887Z 
2026-09-04T11:15:36.4618392Z tests/test_app.py::test_calculate_division PASSED                        [ 16%]
2026-09-04T11:15:36.4625134Z tests/test_app.py::test_convert_to_int PASSED                            [ 33%]
2026-09-04T11:15:36.4632214Z tests/test_app.py::test_get_list_item PASSED                             [ 50%]
2026-09-04T11:15:36.4638017Z tests/test_app.py::test_get_dict_value PASSED                            [ 66%]
2026-09-04T11:15:36.4644225Z tests/test_app.py::test_assert_positive PASSED                           [ 83%]
2026-09-04T11:15:36.4935129Z tests/test_app.py::test_attribute_error FAILED                           [100%]
2026-09-04T11:15:36.4936416Z 
2026-09-04T11:15:36.4937202Z =================================== FAILURES ===================================
2026-09-04T11:15:36.4941139Z _____________________________ test_attribute_error _____________________________
2026-09-04T11:15:36.4942356Z 
2026-09-04T11:15:36.4942879Z     def test_attribute_error():
2026-09-04T11:15:36.4943622Z         """Injected synthetic AttributeError."""
2026-09-04T11:15:36.4944643Z         from src.app import get_object_attribute
2026-09-04T11:15:36.4945435Z >       get_object_attribute(object())
2026-09-04T11:15:36.4945961Z 
2026-09-04T11:15:36.4946959Z tests/test_app.py:129: 
2026-09-04T11:15:36.4947658Z _ _ _ _ _ _ _ _ _ _ _ _ _ _ _ _ _ _ _ _ _ _ _ _ _ _ _ _ _ _ _ _ _ _ _ _ _ _ _ _ 
2026-09-04T11:15:36.4948114Z 
2026-09-04T11:15:36.4948382Z obj = <object object at 0x7f9327385370>
2026-09-04T11:15:36.4948661Z 
2026-09-04T11:15:36.4948962Z     def get_object_attribute(obj):
2026-09-04T11:15:36.4949479Z >       return obj.non_existent_attribute
2026-09-04T11:15:36.4949979Z                ^^^^^^^^^^^^^^^^^^^^^^^^^^
2026-09-04T11:15:36.4950811Z E       AttributeError: 'object' object has no attribute 'non_existent_attribute'
2026-09-04T11:15:36.4951289Z 
2026-09-04T11:15:36.4951495Z src/app.py:14: AttributeError
2026-09-04T11:15:36.4952026Z =========================== short test summary info ============================
2026-09-04T11:15:36.4953102Z FAILED tests/test_app.py::test_attribute_error - AttributeError: 'object' object has no attribute 'non_existent_attribute'
2026-09-04T11:15:36.4954476Z ========================= 1 failed, 5 passed in 0.03s ==========================
2026-09-04T11:15:36.5223982Z ##[error]Process completed with exit code 1.
2026-09-04T11:15:36.5389143Z Node 20 is being deprecated. This workflow is running with Node 24 by default. If you need to temporarily use Node 20, you can set the ACTIONS_ALLOW_USE_UNSECURE_NODE_VERSION=true environment variable. For more information see: https://github.blog/changelog/2025-09-19-deprecation-of-node-20-on-github-actions-runners/
2026-09-04T11:15:36.5390696Z Post job cleanup.
2026-09-04T11:15:36.6296956Z [command]/usr/bin/git version
2026-09-04T11:15:36.6338964Z git version 2.55.0
2026-09-04T11:15:36.6386332Z Temporarily overriding HOME='/home/runner/work/_temp/b461d2a4-bd9c-47d4-980f-2daf57e0e454' before making global git config changes
2026-09-04T11:15:36.6387640Z Adding repository directory to the temporary git global config as a safe directory
2026-09-04T11:15:36.6394517Z [command]/usr/bin/git config --global --add safe.directory /home/runner/work/log-generation/log-generation
2026-09-04T11:15:36.6440288Z [command]/usr/bin/git config --local --name-only --get-regexp core\.sshCommand
2026-09-04T11:15:36.6482883Z [command]/usr/bin/git submodule foreach --recursive sh -c "git config --local --name-only --get-regexp 'core\.sshCommand' && git config --local --unset-all 'core.sshCommand' || :"
2026-09-04T11:15:36.6724383Z [command]/usr/bin/git config --local --name-only --get-regexp http\.https\:\/\/github\.com\/\.extraheader
2026-09-04T11:15:36.6755337Z http.https://github.com/.extraheader
2026-09-04T11:15:36.6769002Z [command]/usr/bin/git config --local --unset-all http.https://github.com/.extraheader
2026-09-04T11:15:36.6809013Z [command]/usr/bin/git submodule foreach --recursive sh -c "git config --local --name-only --get-regexp 'http\.https\:\/\/github\.com\/\.extraheader' && git config --local --unset-all 'http.https://github.com/.extraheader' || :"
2026-09-04T11:15:36.7055673Z [command]/usr/bin/git config --local --name-only --get-regexp ^includeIf\.gitdir:
2026-09-04T11:15:36.7096899Z [command]/usr/bin/git submodule foreach --recursive git config --local --show-origin --name-only --get-regexp remote.origin.url
2026-09-04T11:15:36.7496252Z Cleaning up orphan processes
2026-09-04T11:15:36.7759645Z ##[warning]Node.js 20 is deprecated. The following actions target Node.js 20 but are being forced to run on Node.js 24: actions/checkout@v4, actions/setup-python@v5. For more information see: https://github.blog/changelog/2025-09-19-deprecation-of-node-20-on-github-actions-runners/
