ï»¿2026-09-04T11:28:46.5282236Z Current runner version: '2.337.0'
2026-09-04T11:28:46.5307616Z ##[group]Runner Image Provisioner
2026-09-04T11:28:46.5308462Z Hosted Compute Agent
2026-09-04T11:28:46.5309038Z Version: 20260828.587
2026-09-04T11:28:46.5309793Z Commit: abac92662cab4cc7352de4f9f9d2e2419aad9c29
2026-09-04T11:28:46.5310538Z Build Date: 2026-08-28T16:44:25Z
2026-09-04T11:28:46.5311344Z Worker ID: {25a8ce83-29c2-4de1-8efa-04c577602527}
2026-09-04T11:28:46.5312065Z Azure Region: westus
2026-09-04T11:28:46.5312933Z ##[endgroup]
2026-09-04T11:28:46.5314867Z ##[group]Operating System
2026-09-04T11:28:46.5315522Z Ubuntu
2026-09-04T11:28:46.5316116Z 24.04.4
2026-09-04T11:28:46.5316647Z LTS
2026-09-04T11:28:46.5317454Z ##[endgroup]
2026-09-04T11:28:46.5318133Z ##[group]Runner Image
2026-09-04T11:28:46.5318774Z Image: ubuntu-24.04
2026-09-04T11:28:46.5319392Z Version: 20260831.293.1
2026-09-04T11:28:46.5320649Z Included Software: https://github.com/actions/runner-images/blob/ubuntu24/20260831.293/images/ubuntu/Ubuntu2404-Readme.md
2026-09-04T11:28:46.5322293Z Image Release: https://github.com/actions/runner-images/releases/tag/ubuntu24%2F20260831.293
2026-09-04T11:28:46.5323511Z ##[endgroup]
2026-09-04T11:28:46.5324746Z ##[group]GITHUB_TOKEN Permissions
2026-09-04T11:28:46.5326925Z Contents: read
2026-09-04T11:28:46.5327657Z Metadata: read
2026-09-04T11:28:46.5328240Z Packages: read
2026-09-04T11:28:46.5328786Z ##[endgroup]
2026-09-04T11:28:46.5330882Z Secret source: Actions
2026-09-04T11:28:46.5332315Z Prepare workflow directory
2026-09-04T11:28:46.5663691Z Prepare all required actions
2026-09-04T11:28:46.5712768Z Getting action download info
2026-09-04T11:28:46.9180242Z Download action repository 'actions/checkout@v4' (SHA:11d5960a326750d5838078e36cf38b85af677262)
2026-09-04T11:28:47.0501651Z Download action repository 'actions/setup-python@v5' (SHA:a26af69be951a213d495a4c3e4e4022e16d87065)
2026-09-04T11:28:47.2296704Z Complete job name: test-f3 (AttributeError #70)
2026-09-04T11:28:47.3059056Z Node 20 is being deprecated. This workflow is running with Node 24 by default. If you need to temporarily use Node 20, you can set the ACTIONS_ALLOW_USE_UNSECURE_NODE_VERSION=true environment variable. For more information see: https://github.blog/changelog/2025-09-19-deprecation-of-node-20-on-github-actions-runners/
2026-09-04T11:28:47.3068188Z ##[group]Run actions/checkout@v4
2026-09-04T11:28:47.3068925Z with:
2026-09-04T11:28:47.3069366Z   fetch-depth: 1
2026-09-04T11:28:47.3069852Z   repository: DhruvHegde/log-generation
2026-09-04T11:28:47.3074205Z   token: ***
2026-09-04T11:28:47.3074653Z   ssh-strict: true
2026-09-04T11:28:47.3075094Z   ssh-user: git
2026-09-04T11:28:47.3075542Z   persist-credentials: true
2026-09-04T11:28:47.3076041Z   clean: true
2026-09-04T11:28:47.3076486Z   sparse-checkout-cone-mode: true
2026-09-04T11:28:47.3077010Z   fetch-tags: false
2026-09-04T11:28:47.3077459Z   show-progress: true
2026-09-04T11:28:47.3077908Z   lfs: false
2026-09-04T11:28:47.3078351Z   submodules: false
2026-09-04T11:28:47.3078808Z   set-safe-directory: true
2026-09-04T11:28:47.3079315Z   allow-unsafe-pr-checkout: false
2026-09-04T11:28:47.3080102Z ##[endgroup]
2026-09-04T11:28:47.4056842Z Syncing repository: DhruvHegde/log-generation
2026-09-04T11:28:47.4059024Z ##[group]Getting Git version info
2026-09-04T11:28:47.4059857Z Working directory is '/home/runner/work/log-generation/log-generation'
2026-09-04T11:28:47.4060937Z [command]/usr/bin/git version
2026-09-04T11:28:47.4156281Z git version 2.55.0
2026-09-04T11:28:47.4184041Z ##[endgroup]
2026-09-04T11:28:47.4200963Z Temporarily overriding HOME='/home/runner/work/_temp/315b4f01-1684-45d7-ab67-e43f215565f5' before making global git config changes
2026-09-04T11:28:47.4202894Z Adding repository directory to the temporary git global config as a safe directory
2026-09-04T11:28:47.4207447Z [command]/usr/bin/git config --global --add safe.directory /home/runner/work/log-generation/log-generation
2026-09-04T11:28:47.4263434Z Deleting the contents of '/home/runner/work/log-generation/log-generation'
2026-09-04T11:28:47.4266880Z ##[group]Initializing the repository
2026-09-04T11:28:47.4272037Z [command]/usr/bin/git init /home/runner/work/log-generation/log-generation
2026-09-04T11:28:47.4398145Z hint: Using 'master' as the name for the initial branch. This default branch name
2026-09-04T11:28:47.4400065Z hint: will change to "main" in Git 3.0. To configure the initial branch name
2026-09-04T11:28:47.4401297Z hint: to use in all of your new repositories, which will suppress this warning,
2026-09-04T11:28:47.4402977Z hint: call:
2026-09-04T11:28:47.4403801Z hint:
2026-09-04T11:28:47.4404766Z hint: 	git config --global init.defaultBranch <name>
2026-09-04T11:28:47.4406022Z hint:
2026-09-04T11:28:47.4407263Z hint: Names commonly chosen instead of 'master' are 'main', 'trunk' and
2026-09-04T11:28:47.4409177Z hint: 'development'. The just-created branch can be renamed via this command:
2026-09-04T11:28:47.4410794Z hint:
2026-09-04T11:28:47.4411579Z hint: 	git branch -m <name>
2026-09-04T11:28:47.4412631Z hint:
2026-09-04T11:28:47.4413798Z hint: Disable this message with "git config set advice.defaultBranchName false"
2026-09-04T11:28:47.4415856Z Initialized empty Git repository in /home/runner/work/log-generation/log-generation/.git/
2026-09-04T11:28:47.4418990Z [command]/usr/bin/git remote add origin https://github.com/DhruvHegde/log-generation
2026-09-04T11:28:47.4469920Z ##[endgroup]
2026-09-04T11:28:47.4471246Z ##[group]Disabling automatic garbage collection
2026-09-04T11:28:47.4474434Z [command]/usr/bin/git config --local gc.auto 0
2026-09-04T11:28:47.4505258Z ##[endgroup]
2026-09-04T11:28:47.4506554Z ##[group]Setting up auth
2026-09-04T11:28:47.4511482Z [command]/usr/bin/git config --local --name-only --get-regexp core\.sshCommand
2026-09-04T11:28:47.4545652Z [command]/usr/bin/git submodule foreach --recursive sh -c "git config --local --name-only --get-regexp 'core\.sshCommand' && git config --local --unset-all 'core.sshCommand' || :"
2026-09-04T11:28:47.4935000Z [command]/usr/bin/git config --local --name-only --get-regexp http\.https\:\/\/github\.com\/\.extraheader
2026-09-04T11:28:47.4992875Z [command]/usr/bin/git submodule foreach --recursive sh -c "git config --local --name-only --get-regexp 'http\.https\:\/\/github\.com\/\.extraheader' && git config --local --unset-all 'http.https://github.com/.extraheader' || :"
2026-09-04T11:28:47.5260579Z [command]/usr/bin/git config --local --name-only --get-regexp ^includeIf\.gitdir:
2026-09-04T11:28:47.5299199Z [command]/usr/bin/git submodule foreach --recursive git config --local --show-origin --name-only --get-regexp remote.origin.url
2026-09-04T11:28:47.5523588Z [command]/usr/bin/git config --local http.https://github.com/.extraheader AUTHORIZATION: basic ***
2026-09-04T11:28:47.5561524Z ##[endgroup]
2026-09-04T11:28:47.5562773Z ##[group]Fetching the repository
2026-09-04T11:28:47.5571744Z [command]/usr/bin/git -c protocol.version=2 fetch --no-tags --prune --no-recurse-submodules --depth=1 origin +0c2ddc82b3a248827557edda9affcd6927945898:refs/remotes/origin/feature/f3-test-failures
2026-09-04T11:28:47.9709025Z From https://github.com/DhruvHegde/log-generation
2026-09-04T11:28:47.9710539Z  * [new ref]         0c2ddc82b3a248827557edda9affcd6927945898 -> origin/feature/f3-test-failures
2026-09-04T11:28:47.9714076Z ##[endgroup]
2026-09-04T11:28:47.9715199Z ##[group]Determining the checkout info
2026-09-04T11:28:47.9717020Z ##[endgroup]
2026-09-04T11:28:47.9723306Z [command]/usr/bin/git sparse-checkout disable
2026-09-04T11:28:47.9777933Z [command]/usr/bin/git config --local --unset-all extensions.worktreeConfig
2026-09-04T11:28:47.9809913Z ##[group]Checking out the ref
2026-09-04T11:28:47.9814769Z [command]/usr/bin/git checkout --progress --force -B feature/f3-test-failures refs/remotes/origin/feature/f3-test-failures
2026-09-04T11:28:47.9896691Z Switched to a new branch 'feature/f3-test-failures'
2026-09-04T11:28:47.9903908Z branch 'feature/f3-test-failures' set up to track 'origin/feature/f3-test-failures'.
2026-09-04T11:28:47.9910832Z ##[endgroup]
2026-09-04T11:28:47.9954945Z [command]/usr/bin/git log -1 --format=%H
2026-09-04T11:28:47.9981476Z 0c2ddc82b3a248827557edda9affcd6927945898
2026-09-04T11:28:48.0255927Z Node 20 is being deprecated. This workflow is running with Node 24 by default. If you need to temporarily use Node 20, you can set the ACTIONS_ALLOW_USE_UNSECURE_NODE_VERSION=true environment variable. For more information see: https://github.blog/changelog/2025-09-19-deprecation-of-node-20-on-github-actions-runners/
2026-09-04T11:28:48.0258606Z ##[group]Run actions/setup-python@v5
2026-09-04T11:28:48.0259203Z with:
2026-09-04T11:28:48.0259724Z   python-version: 3.11
2026-09-04T11:28:48.0260241Z   check-latest: false
2026-09-04T11:28:48.0264555Z   token: ***
2026-09-04T11:28:48.0265060Z   update-environment: true
2026-09-04T11:28:48.0265622Z   allow-prereleases: false
2026-09-04T11:28:48.0266155Z   freethreaded: false
2026-09-04T11:28:48.0266936Z ##[endgroup]
2026-09-04T11:28:48.1571182Z ##[group]Installed versions
2026-09-04T11:28:48.1674809Z (node:2278) [DEP0040] DeprecationWarning: The `punycode` module is deprecated. Please use a userland alternative instead.
2026-09-04T11:28:48.1676890Z (Use `node --trace-deprecation ...` to show where the warning was created)
2026-09-04T11:28:48.1678278Z Successfully set up CPython (3.11.16)
2026-09-04T11:28:48.1680169Z ##[endgroup]
2026-09-04T11:28:48.1810410Z ##[group]Run pip install --no-cache-dir pytest
2026-09-04T11:28:48.1811205Z [36;1mpip install --no-cache-dir pytest[0m
2026-09-04T11:28:48.1866134Z shell: /usr/bin/bash -e {0}
2026-09-04T11:28:48.1866682Z env:
2026-09-04T11:28:48.1867215Z   pythonLocation: /opt/hostedtoolcache/Python/3.11.16/x64
2026-09-04T11:28:48.1868070Z   PKG_CONFIG_PATH: /opt/hostedtoolcache/Python/3.11.16/x64/lib/pkgconfig
2026-09-04T11:28:48.1868910Z   Python_ROOT_DIR: /opt/hostedtoolcache/Python/3.11.16/x64
2026-09-04T11:28:48.1869667Z   Python2_ROOT_DIR: /opt/hostedtoolcache/Python/3.11.16/x64
2026-09-04T11:28:48.1870418Z   Python3_ROOT_DIR: /opt/hostedtoolcache/Python/3.11.16/x64
2026-09-04T11:28:48.1871199Z   LD_LIBRARY_PATH: /opt/hostedtoolcache/Python/3.11.16/x64/lib
2026-09-04T11:28:48.1871846Z ##[endgroup]
2026-09-04T11:28:49.1907952Z Collecting pytest
2026-09-04T11:28:49.2378443Z   Downloading pytest-9.1.1-py3-none-any.whl.metadata (7.6 kB)
2026-09-04T11:28:49.2613943Z Collecting iniconfig>=1.0.1 (from pytest)
2026-09-04T11:28:49.2647716Z   Downloading iniconfig-2.3.0-py3-none-any.whl.metadata (2.5 kB)
2026-09-04T11:28:49.2908156Z Collecting packaging>=22 (from pytest)
2026-09-04T11:28:49.2938457Z   Downloading packaging-26.3-py3-none-any.whl.metadata (3.5 kB)
2026-09-04T11:28:49.3196481Z Collecting pluggy<2,>=1.5 (from pytest)
2026-09-04T11:28:49.3236414Z   Downloading pluggy-1.6.0-py3-none-any.whl.metadata (4.8 kB)
2026-09-04T11:28:49.3538992Z Collecting pygments>=2.7.2 (from pytest)
2026-09-04T11:28:49.3569551Z   Downloading pygments-2.21.0-py3-none-any.whl.metadata (2.5 kB)
2026-09-04T11:28:49.3625322Z Downloading pytest-9.1.1-py3-none-any.whl (386 kB)
2026-09-04T11:28:49.3780842Z Downloading pluggy-1.6.0-py3-none-any.whl (20 kB)
2026-09-04T11:28:49.3811373Z Downloading iniconfig-2.3.0-py3-none-any.whl (7.5 kB)
2026-09-04T11:28:49.3839150Z Downloading packaging-26.3-py3-none-any.whl (129 kB)
2026-09-04T11:28:49.3870554Z Downloading pygments-2.21.0-py3-none-any.whl (1.3 MB)
2026-09-04T11:28:49.3941236Z    ââââââââââââââââââââââââââââââââââââââââ 1.3/1.3 MB 271.4 MB/s  0:00:00
2026-09-04T11:28:49.4582643Z Installing collected packages: pygments, pluggy, packaging, iniconfig, pytest
2026-09-04T11:28:50.4269143Z 
2026-09-04T11:28:50.4278476Z Successfully installed iniconfig-2.3.0 packaging-26.3 pluggy-1.6.0 pygments-2.21.0 pytest-9.1.1
2026-09-04T11:28:50.4768124Z ##[group]Run python automation/inject_mutation.py --error-type "AttributeError"
2026-09-04T11:28:50.4768857Z [36;1mpython automation/inject_mutation.py --error-type "AttributeError"[0m
2026-09-04T11:28:50.4807542Z shell: /usr/bin/bash -e {0}
2026-09-04T11:28:50.4807860Z env:
2026-09-04T11:28:50.4808187Z   pythonLocation: /opt/hostedtoolcache/Python/3.11.16/x64
2026-09-04T11:28:50.4808886Z   PKG_CONFIG_PATH: /opt/hostedtoolcache/Python/3.11.16/x64/lib/pkgconfig
2026-09-04T11:28:50.4809372Z   Python_ROOT_DIR: /opt/hostedtoolcache/Python/3.11.16/x64
2026-09-04T11:28:50.4809807Z   Python2_ROOT_DIR: /opt/hostedtoolcache/Python/3.11.16/x64
2026-09-04T11:28:50.4810261Z   Python3_ROOT_DIR: /opt/hostedtoolcache/Python/3.11.16/x64
2026-09-04T11:28:50.4810697Z   LD_LIBRARY_PATH: /opt/hostedtoolcache/Python/3.11.16/x64/lib
2026-09-04T11:28:50.4811089Z ##[endgroup]
2026-09-04T11:28:50.5109620Z [Mutation Injected] Successfully injected AttributeError into tests/test_app.py
2026-09-04T11:28:50.5177903Z ##[group]Run pytest tests/test_app.py -v
2026-09-04T11:28:50.5178333Z [36;1mpytest tests/test_app.py -v[0m
2026-09-04T11:28:50.5213093Z shell: /usr/bin/bash -e {0}
2026-09-04T11:28:50.5213396Z env:
2026-09-04T11:28:50.5213715Z   pythonLocation: /opt/hostedtoolcache/Python/3.11.16/x64
2026-09-04T11:28:50.5214204Z   PKG_CONFIG_PATH: /opt/hostedtoolcache/Python/3.11.16/x64/lib/pkgconfig
2026-09-04T11:28:50.5214718Z   Python_ROOT_DIR: /opt/hostedtoolcache/Python/3.11.16/x64
2026-09-04T11:28:50.5215153Z   Python2_ROOT_DIR: /opt/hostedtoolcache/Python/3.11.16/x64
2026-09-04T11:28:50.5215604Z   Python3_ROOT_DIR: /opt/hostedtoolcache/Python/3.11.16/x64
2026-09-04T11:28:50.5216053Z   LD_LIBRARY_PATH: /opt/hostedtoolcache/Python/3.11.16/x64/lib
2026-09-04T11:28:50.5216432Z ##[endgroup]
2026-09-04T11:28:50.7441423Z ============================= test session starts ==============================
2026-09-04T11:28:50.7443239Z platform linux -- Python 3.11.16, pytest-9.1.1, pluggy-1.6.0 -- /opt/hostedtoolcache/Python/3.11.16/x64/bin/python
2026-09-04T11:28:50.7444285Z cachedir: .pytest_cache
2026-09-04T11:28:50.7444875Z rootdir: /home/runner/work/log-generation/log-generation
2026-09-04T11:28:50.7445508Z configfile: pytest.ini
2026-09-04T11:28:50.7528272Z collecting ... collected 6 items
2026-09-04T11:28:50.7528782Z 
2026-09-04T11:28:50.7537880Z tests/test_app.py::test_calculate_division PASSED                        [ 16%]
2026-09-04T11:28:50.7546606Z tests/test_app.py::test_convert_to_int PASSED                            [ 33%]
2026-09-04T11:28:50.7555712Z tests/test_app.py::test_get_list_item PASSED                             [ 50%]
2026-09-04T11:28:50.7563783Z tests/test_app.py::test_get_dict_value PASSED                            [ 66%]
2026-09-04T11:28:50.7570800Z tests/test_app.py::test_assert_positive PASSED                           [ 83%]
2026-09-04T11:28:50.7834624Z tests/test_app.py::test_attribute_error FAILED                           [100%]
2026-09-04T11:28:50.7835209Z 
2026-09-04T11:28:50.7835486Z =================================== FAILURES ===================================
2026-09-04T11:28:50.7836276Z _____________________________ test_attribute_error _____________________________
2026-09-04T11:28:50.7836810Z 
2026-09-04T11:28:50.7837001Z     def test_attribute_error():
2026-09-04T11:28:50.7837498Z         """Injected synthetic AttributeError."""
2026-09-04T11:28:50.7838121Z         from src.app import get_object_attribute
2026-09-04T11:28:50.7838668Z >       get_object_attribute(object())
2026-09-04T11:28:50.7839007Z 
2026-09-04T11:28:50.7839181Z tests/test_app.py:131: 
2026-09-04T11:28:50.7839690Z _ _ _ _ _ _ _ _ _ _ _ _ _ _ _ _ _ _ _ _ _ _ _ _ _ _ _ _ _ _ _ _ _ _ _ _ _ _ _ _ 
2026-09-04T11:28:50.7840132Z 
2026-09-04T11:28:50.7840323Z obj = <object object at 0x7f36a4985370>
2026-09-04T11:28:50.7840665Z 
2026-09-04T11:28:50.7840846Z     def get_object_attribute(obj):
2026-09-04T11:28:50.7841332Z >       return obj.non_existent_attribute
2026-09-04T11:28:50.7841839Z                ^^^^^^^^^^^^^^^^^^^^^^^^^^
2026-09-04T11:28:50.7842741Z E       AttributeError: 'object' object has no attribute 'non_existent_attribute'
2026-09-04T11:28:50.7843312Z 
2026-09-04T11:28:50.7843505Z src/app.py:14: AttributeError
2026-09-04T11:28:50.7844062Z =========================== short test summary info ============================
2026-09-04T11:28:50.7845232Z FAILED tests/test_app.py::test_attribute_error - AttributeError: 'object' object has no attribute 'non_existent_attribute'
2026-09-04T11:28:50.7846703Z ========================= 1 failed, 5 passed in 0.03s ==========================
2026-09-04T11:28:50.8022811Z ##[error]Process completed with exit code 1.
2026-09-04T11:28:50.8170040Z Node 20 is being deprecated. This workflow is running with Node 24 by default. If you need to temporarily use Node 20, you can set the ACTIONS_ALLOW_USE_UNSECURE_NODE_VERSION=true environment variable. For more information see: https://github.blog/changelog/2025-09-19-deprecation-of-node-20-on-github-actions-runners/
2026-09-04T11:28:50.8171343Z Post job cleanup.
2026-09-04T11:28:50.9062220Z [command]/usr/bin/git version
2026-09-04T11:28:50.9105648Z git version 2.55.0
2026-09-04T11:28:50.9149149Z Temporarily overriding HOME='/home/runner/work/_temp/ef1bb450-0144-4460-9eb7-5850dddb6ba4' before making global git config changes
2026-09-04T11:28:50.9150250Z Adding repository directory to the temporary git global config as a safe directory
2026-09-04T11:28:50.9155838Z [command]/usr/bin/git config --global --add safe.directory /home/runner/work/log-generation/log-generation
2026-09-04T11:28:50.9194294Z [command]/usr/bin/git config --local --name-only --get-regexp core\.sshCommand
2026-09-04T11:28:50.9234516Z [command]/usr/bin/git submodule foreach --recursive sh -c "git config --local --name-only --get-regexp 'core\.sshCommand' && git config --local --unset-all 'core.sshCommand' || :"
2026-09-04T11:28:50.9494480Z [command]/usr/bin/git config --local --name-only --get-regexp http\.https\:\/\/github\.com\/\.extraheader
2026-09-04T11:28:50.9523833Z http.https://github.com/.extraheader
2026-09-04T11:28:50.9535865Z [command]/usr/bin/git config --local --unset-all http.https://github.com/.extraheader
2026-09-04T11:28:50.9587086Z [command]/usr/bin/git submodule foreach --recursive sh -c "git config --local --name-only --get-regexp 'http\.https\:\/\/github\.com\/\.extraheader' && git config --local --unset-all 'http.https://github.com/.extraheader' || :"
2026-09-04T11:28:50.9846796Z [command]/usr/bin/git config --local --name-only --get-regexp ^includeIf\.gitdir:
2026-09-04T11:28:50.9888500Z [command]/usr/bin/git submodule foreach --recursive git config --local --show-origin --name-only --get-regexp remote.origin.url
2026-09-04T11:28:51.0277526Z Cleaning up orphan processes
2026-09-04T11:28:51.0557779Z ##[warning]Node.js 20 is deprecated. The following actions target Node.js 20 but are being forced to run on Node.js 24: actions/checkout@v4, actions/setup-python@v5. For more information see: https://github.blog/changelog/2025-09-19-deprecation-of-node-20-on-github-actions-runners/
