ï»¿2026-09-04T11:30:17.3797304Z Current runner version: '2.337.0'
2026-09-04T11:30:17.3820940Z ##[group]Runner Image Provisioner
2026-09-04T11:30:17.3821860Z Hosted Compute Agent
2026-09-04T11:30:17.3822994Z Version: 20260828.587
2026-09-04T11:30:17.3823670Z Commit: abac92662cab4cc7352de4f9f9d2e2419aad9c29
2026-09-04T11:30:17.3824451Z Build Date: 2026-08-28T16:44:25Z
2026-09-04T11:30:17.3825270Z Worker ID: {b0c43e44-e951-464d-ba96-611ab2b92692}
2026-09-04T11:30:17.3826050Z Azure Region: westus
2026-09-04T11:30:17.3826717Z ##[endgroup]
2026-09-04T11:30:17.3828535Z ##[group]Operating System
2026-09-04T11:30:17.3829199Z Ubuntu
2026-09-04T11:30:17.3829868Z 24.04.4
2026-09-04T11:30:17.3830403Z LTS
2026-09-04T11:30:17.3831312Z ##[endgroup]
2026-09-04T11:30:17.3831929Z ##[group]Runner Image
2026-09-04T11:30:17.3832758Z Image: ubuntu-24.04
2026-09-04T11:30:17.3833415Z Version: 20260831.293.1
2026-09-04T11:30:17.3834704Z Included Software: https://github.com/actions/runner-images/blob/ubuntu24/20260831.293/images/ubuntu/Ubuntu2404-Readme.md
2026-09-04T11:30:17.3836323Z Image Release: https://github.com/actions/runner-images/releases/tag/ubuntu24%2F20260831.293
2026-09-04T11:30:17.3837309Z ##[endgroup]
2026-09-04T11:30:17.3838568Z ##[group]GITHUB_TOKEN Permissions
2026-09-04T11:30:17.3840729Z Contents: read
2026-09-04T11:30:17.3841535Z Metadata: read
2026-09-04T11:30:17.3842334Z Packages: read
2026-09-04T11:30:17.3842902Z ##[endgroup]
2026-09-04T11:30:17.3845037Z Secret source: Actions
2026-09-04T11:30:17.3846491Z Prepare workflow directory
2026-09-04T11:30:17.4209949Z Prepare all required actions
2026-09-04T11:30:17.4280830Z Getting action download info
2026-09-04T11:30:17.7658963Z Download action repository 'actions/checkout@v4' (SHA:11d5960a326750d5838078e36cf38b85af677262)
2026-09-04T11:30:17.8972339Z Download action repository 'actions/setup-python@v5' (SHA:a26af69be951a213d495a4c3e4e4022e16d87065)
2026-09-04T11:30:18.0774122Z Complete job name: test-f3 (FileNotFoundError #204)
2026-09-04T11:30:18.1671369Z Node 20 is being deprecated. This workflow is running with Node 24 by default. If you need to temporarily use Node 20, you can set the ACTIONS_ALLOW_USE_UNSECURE_NODE_VERSION=true environment variable. For more information see: https://github.blog/changelog/2025-09-19-deprecation-of-node-20-on-github-actions-runners/
2026-09-04T11:30:18.1681349Z ##[group]Run actions/checkout@v4
2026-09-04T11:30:18.1682450Z with:
2026-09-04T11:30:18.1682905Z   fetch-depth: 1
2026-09-04T11:30:18.1683389Z   repository: DhruvHegde/log-generation
2026-09-04T11:30:18.1688617Z   token: ***
2026-09-04T11:30:18.1689093Z   ssh-strict: true
2026-09-04T11:30:18.1689532Z   ssh-user: git
2026-09-04T11:30:18.1689977Z   persist-credentials: true
2026-09-04T11:30:18.1690467Z   clean: true
2026-09-04T11:30:18.1690919Z   sparse-checkout-cone-mode: true
2026-09-04T11:30:18.1691439Z   fetch-tags: false
2026-09-04T11:30:18.1691875Z   show-progress: true
2026-09-04T11:30:18.1692611Z   lfs: false
2026-09-04T11:30:18.1693065Z   submodules: false
2026-09-04T11:30:18.1693512Z   set-safe-directory: true
2026-09-04T11:30:18.1694023Z   allow-unsafe-pr-checkout: false
2026-09-04T11:30:18.1694930Z ##[endgroup]
2026-09-04T11:30:18.2705259Z Syncing repository: DhruvHegde/log-generation
2026-09-04T11:30:18.2708157Z ##[group]Getting Git version info
2026-09-04T11:30:18.2709799Z Working directory is '/home/runner/work/log-generation/log-generation'
2026-09-04T11:30:18.2712245Z [command]/usr/bin/git version
2026-09-04T11:30:18.2785742Z git version 2.55.0
2026-09-04T11:30:18.2814820Z ##[endgroup]
2026-09-04T11:30:18.2824697Z Temporarily overriding HOME='/home/runner/work/_temp/ca182b9e-679d-4271-97d9-7c0ba05d11ca' before making global git config changes
2026-09-04T11:30:18.2827059Z Adding repository directory to the temporary git global config as a safe directory
2026-09-04T11:30:18.2831931Z [command]/usr/bin/git config --global --add safe.directory /home/runner/work/log-generation/log-generation
2026-09-04T11:30:18.2882469Z Deleting the contents of '/home/runner/work/log-generation/log-generation'
2026-09-04T11:30:18.2886240Z ##[group]Initializing the repository
2026-09-04T11:30:18.2891549Z [command]/usr/bin/git init /home/runner/work/log-generation/log-generation
2026-09-04T11:30:18.2993926Z hint: Using 'master' as the name for the initial branch. This default branch name
2026-09-04T11:30:18.2995776Z hint: will change to "main" in Git 3.0. To configure the initial branch name
2026-09-04T11:30:18.2997524Z hint: to use in all of your new repositories, which will suppress this warning,
2026-09-04T11:30:18.2999014Z hint: call:
2026-09-04T11:30:18.2999924Z hint:
2026-09-04T11:30:18.3001021Z hint: 	git config --global init.defaultBranch <name>
2026-09-04T11:30:18.3003950Z hint:
2026-09-04T11:30:18.3005211Z hint: Names commonly chosen instead of 'master' are 'main', 'trunk' and
2026-09-04T11:30:18.3006999Z hint: 'development'. The just-created branch can be renamed via this command:
2026-09-04T11:30:18.3008450Z hint:
2026-09-04T11:30:18.3009379Z hint: 	git branch -m <name>
2026-09-04T11:30:18.3010368Z hint:
2026-09-04T11:30:18.3011707Z hint: Disable this message with "git config set advice.defaultBranchName false"
2026-09-04T11:30:18.3014150Z Initialized empty Git repository in /home/runner/work/log-generation/log-generation/.git/
2026-09-04T11:30:18.3017685Z [command]/usr/bin/git remote add origin https://github.com/DhruvHegde/log-generation
2026-09-04T11:30:18.3055771Z ##[endgroup]
2026-09-04T11:30:18.3057096Z ##[group]Disabling automatic garbage collection
2026-09-04T11:30:18.3061362Z [command]/usr/bin/git config --local gc.auto 0
2026-09-04T11:30:18.3103615Z ##[endgroup]
2026-09-04T11:30:18.3105523Z ##[group]Setting up auth
2026-09-04T11:30:18.3107856Z [command]/usr/bin/git config --local --name-only --get-regexp core\.sshCommand
2026-09-04T11:30:18.3144325Z [command]/usr/bin/git submodule foreach --recursive sh -c "git config --local --name-only --get-regexp 'core\.sshCommand' && git config --local --unset-all 'core.sshCommand' || :"
2026-09-04T11:30:18.3556113Z [command]/usr/bin/git config --local --name-only --get-regexp http\.https\:\/\/github\.com\/\.extraheader
2026-09-04T11:30:18.3598012Z [command]/usr/bin/git submodule foreach --recursive sh -c "git config --local --name-only --get-regexp 'http\.https\:\/\/github\.com\/\.extraheader' && git config --local --unset-all 'http.https://github.com/.extraheader' || :"
2026-09-04T11:30:18.3844117Z [command]/usr/bin/git config --local --name-only --get-regexp ^includeIf\.gitdir:
2026-09-04T11:30:18.3880121Z [command]/usr/bin/git submodule foreach --recursive git config --local --show-origin --name-only --get-regexp remote.origin.url
2026-09-04T11:30:18.4104990Z [command]/usr/bin/git config --local http.https://github.com/.extraheader AUTHORIZATION: basic ***
2026-09-04T11:30:18.4143899Z ##[endgroup]
2026-09-04T11:30:18.4144740Z ##[group]Fetching the repository
2026-09-04T11:30:18.4153951Z [command]/usr/bin/git -c protocol.version=2 fetch --no-tags --prune --no-recurse-submodules --depth=1 origin +0c2ddc82b3a248827557edda9affcd6927945898:refs/remotes/origin/feature/f3-test-failures
2026-09-04T11:30:18.8115712Z From https://github.com/DhruvHegde/log-generation
2026-09-04T11:30:18.8117636Z  * [new ref]         0c2ddc82b3a248827557edda9affcd6927945898 -> origin/feature/f3-test-failures
2026-09-04T11:30:18.8121435Z ##[endgroup]
2026-09-04T11:30:18.8123429Z ##[group]Determining the checkout info
2026-09-04T11:30:18.8125303Z ##[endgroup]
2026-09-04T11:30:18.8131666Z [command]/usr/bin/git sparse-checkout disable
2026-09-04T11:30:18.8183391Z [command]/usr/bin/git config --local --unset-all extensions.worktreeConfig
2026-09-04T11:30:18.8215166Z ##[group]Checking out the ref
2026-09-04T11:30:18.8220711Z [command]/usr/bin/git checkout --progress --force -B feature/f3-test-failures refs/remotes/origin/feature/f3-test-failures
2026-09-04T11:30:18.8303439Z Switched to a new branch 'feature/f3-test-failures'
2026-09-04T11:30:18.8309487Z branch 'feature/f3-test-failures' set up to track 'origin/feature/f3-test-failures'.
2026-09-04T11:30:18.8314992Z ##[endgroup]
2026-09-04T11:30:18.8355229Z [command]/usr/bin/git log -1 --format=%H
2026-09-04T11:30:18.8381262Z 0c2ddc82b3a248827557edda9affcd6927945898
2026-09-04T11:30:18.8658406Z Node 20 is being deprecated. This workflow is running with Node 24 by default. If you need to temporarily use Node 20, you can set the ACTIONS_ALLOW_USE_UNSECURE_NODE_VERSION=true environment variable. For more information see: https://github.blog/changelog/2025-09-19-deprecation-of-node-20-on-github-actions-runners/
2026-09-04T11:30:18.8661013Z ##[group]Run actions/setup-python@v5
2026-09-04T11:30:18.8661533Z with:
2026-09-04T11:30:18.8661940Z   python-version: 3.11
2026-09-04T11:30:18.8662754Z   check-latest: false
2026-09-04T11:30:18.8666366Z   token: ***
2026-09-04T11:30:18.8666794Z   update-environment: true
2026-09-04T11:30:18.8667280Z   allow-prereleases: false
2026-09-04T11:30:18.8667752Z   freethreaded: false
2026-09-04T11:30:18.8668190Z ##[endgroup]
2026-09-04T11:30:18.9958598Z ##[group]Installed versions
2026-09-04T11:30:19.0056129Z (node:2220) [DEP0040] DeprecationWarning: The `punycode` module is deprecated. Please use a userland alternative instead.
2026-09-04T11:30:19.0057938Z (Use `node --trace-deprecation ...` to show where the warning was created)
2026-09-04T11:30:19.0059326Z Successfully set up CPython (3.11.16)
2026-09-04T11:30:19.0060865Z ##[endgroup]
2026-09-04T11:30:19.0330962Z ##[group]Run pip install --no-cache-dir pytest
2026-09-04T11:30:19.0332938Z [36;1mpip install --no-cache-dir pytest[0m
2026-09-04T11:30:19.0408405Z shell: /usr/bin/bash -e {0}
2026-09-04T11:30:19.0409542Z env:
2026-09-04T11:30:19.0410651Z   pythonLocation: /opt/hostedtoolcache/Python/3.11.16/x64
2026-09-04T11:30:19.0412823Z   PKG_CONFIG_PATH: /opt/hostedtoolcache/Python/3.11.16/x64/lib/pkgconfig
2026-09-04T11:30:19.0414164Z   Python_ROOT_DIR: /opt/hostedtoolcache/Python/3.11.16/x64
2026-09-04T11:30:19.0415400Z   Python2_ROOT_DIR: /opt/hostedtoolcache/Python/3.11.16/x64
2026-09-04T11:30:19.0416675Z   Python3_ROOT_DIR: /opt/hostedtoolcache/Python/3.11.16/x64
2026-09-04T11:30:19.0417503Z   LD_LIBRARY_PATH: /opt/hostedtoolcache/Python/3.11.16/x64/lib
2026-09-04T11:30:19.0418244Z ##[endgroup]
2026-09-04T11:30:19.9986691Z Collecting pytest
2026-09-04T11:30:20.0697397Z   Downloading pytest-9.1.1-py3-none-any.whl.metadata (7.6 kB)
2026-09-04T11:30:20.0958780Z Collecting iniconfig>=1.0.1 (from pytest)
2026-09-04T11:30:20.1071371Z   Downloading iniconfig-2.3.0-py3-none-any.whl.metadata (2.5 kB)
2026-09-04T11:30:20.1355884Z Collecting packaging>=22 (from pytest)
2026-09-04T11:30:20.1466751Z   Downloading packaging-26.3-py3-none-any.whl.metadata (3.5 kB)
2026-09-04T11:30:20.1729224Z Collecting pluggy<2,>=1.5 (from pytest)
2026-09-04T11:30:20.1840082Z   Downloading pluggy-1.6.0-py3-none-any.whl.metadata (4.8 kB)
2026-09-04T11:30:20.2161380Z Collecting pygments>=2.7.2 (from pytest)
2026-09-04T11:30:20.2273271Z   Downloading pygments-2.21.0-py3-none-any.whl.metadata (2.5 kB)
2026-09-04T11:30:20.2411098Z Downloading pytest-9.1.1-py3-none-any.whl (386 kB)
2026-09-04T11:30:20.2864511Z Downloading pluggy-1.6.0-py3-none-any.whl (20 kB)
2026-09-04T11:30:20.2975018Z Downloading iniconfig-2.3.0-py3-none-any.whl (7.5 kB)
2026-09-04T11:30:20.3087287Z Downloading packaging-26.3-py3-none-any.whl (129 kB)
2026-09-04T11:30:20.3221729Z Downloading pygments-2.21.0-py3-none-any.whl (1.3 MB)
2026-09-04T11:30:20.3551622Z    ââââââââââââââââââââââââââââââââââââââââ 1.3/1.3 MB 48.3 MB/s  0:00:00
2026-09-04T11:30:20.4180558Z Installing collected packages: pygments, pluggy, packaging, iniconfig, pytest
2026-09-04T11:30:21.4223921Z 
2026-09-04T11:30:21.4233374Z Successfully installed iniconfig-2.3.0 packaging-26.3 pluggy-1.6.0 pygments-2.21.0 pytest-9.1.1
2026-09-04T11:30:21.4756286Z ##[group]Run python automation/inject_mutation.py --error-type "FileNotFoundError"
2026-09-04T11:30:21.4757023Z [36;1mpython automation/inject_mutation.py --error-type "FileNotFoundError"[0m
2026-09-04T11:30:21.4795781Z shell: /usr/bin/bash -e {0}
2026-09-04T11:30:21.4796092Z env:
2026-09-04T11:30:21.4796425Z   pythonLocation: /opt/hostedtoolcache/Python/3.11.16/x64
2026-09-04T11:30:21.4797106Z   PKG_CONFIG_PATH: /opt/hostedtoolcache/Python/3.11.16/x64/lib/pkgconfig
2026-09-04T11:30:21.4797585Z   Python_ROOT_DIR: /opt/hostedtoolcache/Python/3.11.16/x64
2026-09-04T11:30:21.4798019Z   Python2_ROOT_DIR: /opt/hostedtoolcache/Python/3.11.16/x64
2026-09-04T11:30:21.4798482Z   Python3_ROOT_DIR: /opt/hostedtoolcache/Python/3.11.16/x64
2026-09-04T11:30:21.4798933Z   LD_LIBRARY_PATH: /opt/hostedtoolcache/Python/3.11.16/x64/lib
2026-09-04T11:30:21.4799318Z ##[endgroup]
2026-09-04T11:30:21.5096226Z [Mutation Injected] Successfully injected FileNotFoundError into tests/test_app.py
2026-09-04T11:30:21.5165406Z ##[group]Run pytest tests/test_app.py -v
2026-09-04T11:30:21.5165849Z [36;1mpytest tests/test_app.py -v[0m
2026-09-04T11:30:21.5201577Z shell: /usr/bin/bash -e {0}
2026-09-04T11:30:21.5201876Z env:
2026-09-04T11:30:21.5202421Z   pythonLocation: /opt/hostedtoolcache/Python/3.11.16/x64
2026-09-04T11:30:21.5202930Z   PKG_CONFIG_PATH: /opt/hostedtoolcache/Python/3.11.16/x64/lib/pkgconfig
2026-09-04T11:30:21.5203454Z   Python_ROOT_DIR: /opt/hostedtoolcache/Python/3.11.16/x64
2026-09-04T11:30:21.5203888Z   Python2_ROOT_DIR: /opt/hostedtoolcache/Python/3.11.16/x64
2026-09-04T11:30:21.5204314Z   Python3_ROOT_DIR: /opt/hostedtoolcache/Python/3.11.16/x64
2026-09-04T11:30:21.5204744Z   LD_LIBRARY_PATH: /opt/hostedtoolcache/Python/3.11.16/x64/lib
2026-09-04T11:30:21.5205117Z ##[endgroup]
2026-09-04T11:30:21.7434397Z ============================= test session starts ==============================
2026-09-04T11:30:21.7435650Z platform linux -- Python 3.11.16, pytest-9.1.1, pluggy-1.6.0 -- /opt/hostedtoolcache/Python/3.11.16/x64/bin/python
2026-09-04T11:30:21.7436645Z cachedir: .pytest_cache
2026-09-04T11:30:21.7437223Z rootdir: /home/runner/work/log-generation/log-generation
2026-09-04T11:30:21.7437872Z configfile: pytest.ini
2026-09-04T11:30:21.7520037Z collecting ... collected 6 items
2026-09-04T11:30:21.7520446Z 
2026-09-04T11:30:21.7529404Z tests/test_app.py::test_calculate_division PASSED                        [ 16%]
2026-09-04T11:30:21.7537357Z tests/test_app.py::test_convert_to_int PASSED                            [ 33%]
2026-09-04T11:30:21.7545246Z tests/test_app.py::test_get_list_item PASSED                             [ 50%]
2026-09-04T11:30:21.7552346Z tests/test_app.py::test_get_dict_value PASSED                            [ 66%]
2026-09-04T11:30:21.7559623Z tests/test_app.py::test_assert_positive PASSED                           [ 83%]
2026-09-04T11:30:21.7802726Z tests/test_app.py::test_file_not_found_error FAILED                      [100%]
2026-09-04T11:30:21.7803549Z 
2026-09-04T11:30:21.7803825Z =================================== FAILURES ===================================
2026-09-04T11:30:21.7804523Z __________________________ test_file_not_found_error ___________________________
2026-09-04T11:30:21.7804985Z 
2026-09-04T11:30:21.7805184Z     def test_file_not_found_error():
2026-09-04T11:30:21.7805743Z         """Injected synthetic FileNotFoundError."""
2026-09-04T11:30:21.7806372Z         from src.app import read_config_file
2026-09-04T11:30:21.7807084Z >       read_config_file("fixtures/non_existent_pipeline_config.json")
2026-09-04T11:30:21.7807616Z 
2026-09-04T11:30:21.7807794Z tests/test_app.py:131: 
2026-09-04T11:30:21.7808318Z _ _ _ _ _ _ _ _ _ _ _ _ _ _ _ _ _ _ _ _ _ _ _ _ _ _ _ _ _ _ _ _ _ _ _ _ _ _ _ _ 
2026-09-04T11:30:21.7808780Z 
2026-09-04T11:30:21.7809040Z path = 'fixtures/non_existent_pipeline_config.json'
2026-09-04T11:30:21.7809450Z 
2026-09-04T11:30:21.7809635Z     def read_config_file(path):
2026-09-04T11:30:21.7810102Z >       with open(path, "r") as f:
2026-09-04T11:30:21.7810581Z              ^^^^^^^^^^^^^^^
2026-09-04T11:30:21.7811420Z E       FileNotFoundError: [Errno 2] No such file or directory: 'fixtures/non_existent_pipeline_config.json'
2026-09-04T11:30:21.7812369Z 
2026-09-04T11:30:21.7812566Z src/app.py:17: FileNotFoundError
2026-09-04T11:30:21.7813172Z =========================== short test summary info ============================
2026-09-04T11:30:21.7814946Z FAILED tests/test_app.py::test_file_not_found_error - FileNotFoundError: [Errno 2] No such file or directory: 'fixtures/non_existent_pipeline_config.json'
2026-09-04T11:30:21.7816269Z ========================= 1 failed, 5 passed in 0.03s ==========================
2026-09-04T11:30:21.7992427Z ##[error]Process completed with exit code 1.
2026-09-04T11:30:21.8135057Z Node 20 is being deprecated. This workflow is running with Node 24 by default. If you need to temporarily use Node 20, you can set the ACTIONS_ALLOW_USE_UNSECURE_NODE_VERSION=true environment variable. For more information see: https://github.blog/changelog/2025-09-19-deprecation-of-node-20-on-github-actions-runners/
2026-09-04T11:30:21.8136309Z Post job cleanup.
2026-09-04T11:30:21.9014667Z [command]/usr/bin/git version
2026-09-04T11:30:21.9060552Z git version 2.55.0
2026-09-04T11:30:21.9104809Z Temporarily overriding HOME='/home/runner/work/_temp/399f7feb-dd94-46ed-998d-2cf1f4a04213' before making global git config changes
2026-09-04T11:30:21.9106302Z Adding repository directory to the temporary git global config as a safe directory
2026-09-04T11:30:21.9111203Z [command]/usr/bin/git config --global --add safe.directory /home/runner/work/log-generation/log-generation
2026-09-04T11:30:21.9151658Z [command]/usr/bin/git config --local --name-only --get-regexp core\.sshCommand
2026-09-04T11:30:21.9188025Z [command]/usr/bin/git submodule foreach --recursive sh -c "git config --local --name-only --get-regexp 'core\.sshCommand' && git config --local --unset-all 'core.sshCommand' || :"
2026-09-04T11:30:21.9436229Z [command]/usr/bin/git config --local --name-only --get-regexp http\.https\:\/\/github\.com\/\.extraheader
2026-09-04T11:30:21.9468233Z http.https://github.com/.extraheader
2026-09-04T11:30:21.9480833Z [command]/usr/bin/git config --local --unset-all http.https://github.com/.extraheader
2026-09-04T11:30:21.9520046Z [command]/usr/bin/git submodule foreach --recursive sh -c "git config --local --name-only --get-regexp 'http\.https\:\/\/github\.com\/\.extraheader' && git config --local --unset-all 'http.https://github.com/.extraheader' || :"
2026-09-04T11:30:21.9776703Z [command]/usr/bin/git config --local --name-only --get-regexp ^includeIf\.gitdir:
2026-09-04T11:30:21.9823516Z [command]/usr/bin/git submodule foreach --recursive git config --local --show-origin --name-only --get-regexp remote.origin.url
2026-09-04T11:30:22.0251298Z Cleaning up orphan processes
2026-09-04T11:30:22.0589416Z ##[warning]Node.js 20 is deprecated. The following actions target Node.js 20 but are being forced to run on Node.js 24: actions/checkout@v4, actions/setup-python@v5. For more information see: https://github.blog/changelog/2025-09-19-deprecation-of-node-20-on-github-actions-runners/
