ï»¿2026-09-04T11:15:31.4970842Z Current runner version: '2.337.0'
2026-09-04T11:15:31.4996651Z ##[group]Runner Image Provisioner
2026-09-04T11:15:31.4997501Z Hosted Compute Agent
2026-09-04T11:15:31.4998216Z Version: 20260819.586
2026-09-04T11:15:31.4998851Z Commit: 3cc4a88dfa507ef76119ad1bb3eccc6378bb2b76
2026-09-04T11:15:31.4999652Z Build Date: 2026-08-18T23:20:18Z
2026-09-04T11:15:31.5000395Z Worker ID: {ff7a7cf1-53bb-41ac-9337-bf3b2d878bad}
2026-09-04T11:15:31.5001122Z Azure Region: northcentralus
2026-09-04T11:15:31.5001793Z ##[endgroup]
2026-09-04T11:15:31.5003323Z ##[group]Operating System
2026-09-04T11:15:31.5003950Z Ubuntu
2026-09-04T11:15:31.5004607Z 24.04.4
2026-09-04T11:15:31.5005409Z LTS
2026-09-04T11:15:31.5006345Z ##[endgroup]
2026-09-04T11:15:31.5006957Z ##[group]Runner Image
2026-09-04T11:15:31.5007864Z Image: ubuntu-24.04
2026-09-04T11:15:31.5008587Z Version: 20260823.283.1
2026-09-04T11:15:31.5009847Z Included Software: https://github.com/actions/runner-images/blob/ubuntu24/20260823.283/images/ubuntu/Ubuntu2404-Readme.md
2026-09-04T11:15:31.5011511Z Image Release: https://github.com/actions/runner-images/releases/tag/ubuntu24%2F20260823.283
2026-09-04T11:15:31.5012605Z ##[endgroup]
2026-09-04T11:15:31.5013879Z ##[group]GITHUB_TOKEN Permissions
2026-09-04T11:15:31.5016385Z Contents: read
2026-09-04T11:15:31.5017096Z Metadata: read
2026-09-04T11:15:31.5017667Z Packages: read
2026-09-04T11:15:31.5018296Z ##[endgroup]
2026-09-04T11:15:31.5020381Z Secret source: Actions
2026-09-04T11:15:31.5021869Z Prepare workflow directory
2026-09-04T11:15:31.5374302Z Prepare all required actions
2026-09-04T11:15:31.5422475Z Getting action download info
2026-09-04T11:15:31.8151680Z Download action repository 'actions/checkout@v4' (SHA:11d5960a326750d5838078e36cf38b85af677262)
2026-09-04T11:15:31.9379125Z Download action repository 'actions/setup-python@v5' (SHA:a26af69be951a213d495a4c3e4e4022e16d87065)
2026-09-04T11:15:32.1224891Z Complete job name: test-f3 (TypeError #24)
2026-09-04T11:15:32.1983077Z Node 20 is being deprecated. This workflow is running with Node 24 by default. If you need to temporarily use Node 20, you can set the ACTIONS_ALLOW_USE_UNSECURE_NODE_VERSION=true environment variable. For more information see: https://github.blog/changelog/2025-09-19-deprecation-of-node-20-on-github-actions-runners/
2026-09-04T11:15:32.1991965Z ##[group]Run actions/checkout@v4
2026-09-04T11:15:32.1992726Z with:
2026-09-04T11:15:32.1993161Z   fetch-depth: 1
2026-09-04T11:15:32.1993661Z   repository: DhruvHegde/log-generation
2026-09-04T11:15:32.1998024Z   token: ***
2026-09-04T11:15:32.1998479Z   ssh-strict: true
2026-09-04T11:15:32.1998927Z   ssh-user: git
2026-09-04T11:15:32.1999388Z   persist-credentials: true
2026-09-04T11:15:32.1999889Z   clean: true
2026-09-04T11:15:32.2000352Z   sparse-checkout-cone-mode: true
2026-09-04T11:15:32.2000890Z   fetch-tags: false
2026-09-04T11:15:32.2001351Z   show-progress: true
2026-09-04T11:15:32.2001814Z   lfs: false
2026-09-04T11:15:32.2002269Z   submodules: false
2026-09-04T11:15:32.2002736Z   set-safe-directory: true
2026-09-04T11:15:32.2003304Z   allow-unsafe-pr-checkout: false
2026-09-04T11:15:32.2004169Z ##[endgroup]
2026-09-04T11:15:32.3016649Z Syncing repository: DhruvHegde/log-generation
2026-09-04T11:15:32.3019556Z ##[group]Getting Git version info
2026-09-04T11:15:32.3020840Z Working directory is '/home/runner/work/log-generation/log-generation'
2026-09-04T11:15:32.3022657Z [command]/usr/bin/git version
2026-09-04T11:15:32.3064783Z git version 2.55.0
2026-09-04T11:15:32.3087637Z ##[endgroup]
2026-09-04T11:15:32.3103473Z Temporarily overriding HOME='/home/runner/work/_temp/dba974a5-2c4f-461a-8b53-99e89d4ed881' before making global git config changes
2026-09-04T11:15:32.3106124Z Adding repository directory to the temporary git global config as a safe directory
2026-09-04T11:15:32.3108335Z [command]/usr/bin/git config --global --add safe.directory /home/runner/work/log-generation/log-generation
2026-09-04T11:15:32.3157824Z Deleting the contents of '/home/runner/work/log-generation/log-generation'
2026-09-04T11:15:32.3171022Z ##[group]Initializing the repository
2026-09-04T11:15:32.3177079Z [command]/usr/bin/git init /home/runner/work/log-generation/log-generation
2026-09-04T11:15:32.3279611Z hint: Using 'master' as the name for the initial branch. This default branch name
2026-09-04T11:15:32.3281250Z hint: will change to "main" in Git 3.0. To configure the initial branch name
2026-09-04T11:15:32.3282746Z hint: to use in all of your new repositories, which will suppress this warning,
2026-09-04T11:15:32.3283931Z hint: call:
2026-09-04T11:15:32.3284550Z hint:
2026-09-04T11:15:32.3285555Z hint: 	git config --global init.defaultBranch <name>
2026-09-04T11:15:32.3286670Z hint:
2026-09-04T11:15:32.3287605Z hint: Names commonly chosen instead of 'master' are 'main', 'trunk' and
2026-09-04T11:15:32.3289099Z hint: 'development'. The just-created branch can be renamed via this command:
2026-09-04T11:15:32.3290289Z hint:
2026-09-04T11:15:32.3290959Z hint: 	git branch -m <name>
2026-09-04T11:15:32.3291704Z hint:
2026-09-04T11:15:32.3292709Z hint: Disable this message with "git config set advice.defaultBranchName false"
2026-09-04T11:15:32.3299406Z Initialized empty Git repository in /home/runner/work/log-generation/log-generation/.git/
2026-09-04T11:15:32.3308565Z [command]/usr/bin/git remote add origin https://github.com/DhruvHegde/log-generation
2026-09-04T11:15:32.3367529Z ##[endgroup]
2026-09-04T11:15:32.3368489Z ##[group]Disabling automatic garbage collection
2026-09-04T11:15:32.3369248Z [command]/usr/bin/git config --local gc.auto 0
2026-09-04T11:15:32.3402373Z ##[endgroup]
2026-09-04T11:15:32.3403140Z ##[group]Setting up auth
2026-09-04T11:15:32.3410798Z [command]/usr/bin/git config --local --name-only --get-regexp core\.sshCommand
2026-09-04T11:15:32.3444475Z [command]/usr/bin/git submodule foreach --recursive sh -c "git config --local --name-only --get-regexp 'core\.sshCommand' && git config --local --unset-all 'core.sshCommand' || :"
2026-09-04T11:15:32.3801800Z [command]/usr/bin/git config --local --name-only --get-regexp http\.https\:\/\/github\.com\/\.extraheader
2026-09-04T11:15:32.3842684Z [command]/usr/bin/git submodule foreach --recursive sh -c "git config --local --name-only --get-regexp 'http\.https\:\/\/github\.com\/\.extraheader' && git config --local --unset-all 'http.https://github.com/.extraheader' || :"
2026-09-04T11:15:32.4096277Z [command]/usr/bin/git config --local --name-only --get-regexp ^includeIf\.gitdir:
2026-09-04T11:15:32.4133382Z [command]/usr/bin/git submodule foreach --recursive git config --local --show-origin --name-only --get-regexp remote.origin.url
2026-09-04T11:15:32.4357433Z [command]/usr/bin/git config --local http.https://github.com/.extraheader AUTHORIZATION: basic ***
2026-09-04T11:15:32.4395982Z ##[endgroup]
2026-09-04T11:15:32.4396994Z ##[group]Fetching the repository
2026-09-04T11:15:32.4406800Z [command]/usr/bin/git -c protocol.version=2 fetch --no-tags --prune --no-recurse-submodules --depth=1 origin +55701f2ee203be18f432be2dca839cc73b92fb5e:refs/remotes/origin/feature/f3-test-failures
2026-09-04T11:15:32.7323288Z From https://github.com/DhruvHegde/log-generation
2026-09-04T11:15:32.7324988Z  * [new ref]         55701f2ee203be18f432be2dca839cc73b92fb5e -> origin/feature/f3-test-failures
2026-09-04T11:15:32.7329294Z ##[endgroup]
2026-09-04T11:15:32.7330575Z ##[group]Determining the checkout info
2026-09-04T11:15:32.7332023Z ##[endgroup]
2026-09-04T11:15:32.7338200Z [command]/usr/bin/git sparse-checkout disable
2026-09-04T11:15:32.7388207Z [command]/usr/bin/git config --local --unset-all extensions.worktreeConfig
2026-09-04T11:15:32.7419999Z ##[group]Checking out the ref
2026-09-04T11:15:32.7424325Z [command]/usr/bin/git checkout --progress --force -B feature/f3-test-failures refs/remotes/origin/feature/f3-test-failures
2026-09-04T11:15:32.7499764Z Switched to a new branch 'feature/f3-test-failures'
2026-09-04T11:15:32.7505956Z branch 'feature/f3-test-failures' set up to track 'origin/feature/f3-test-failures'.
2026-09-04T11:15:32.7543004Z ##[endgroup]
2026-09-04T11:15:32.7586150Z [command]/usr/bin/git log -1 --format=%H
2026-09-04T11:15:32.7613876Z 55701f2ee203be18f432be2dca839cc73b92fb5e
2026-09-04T11:15:32.7885656Z Node 20 is being deprecated. This workflow is running with Node 24 by default. If you need to temporarily use Node 20, you can set the ACTIONS_ALLOW_USE_UNSECURE_NODE_VERSION=true environment variable. For more information see: https://github.blog/changelog/2025-09-19-deprecation-of-node-20-on-github-actions-runners/
2026-09-04T11:15:32.7888305Z ##[group]Run actions/setup-python@v5
2026-09-04T11:15:32.7888877Z with:
2026-09-04T11:15:32.7889301Z   python-version: 3.11
2026-09-04T11:15:32.7889788Z   check-latest: false
2026-09-04T11:15:32.7893454Z   token: ***
2026-09-04T11:15:32.7893906Z   update-environment: true
2026-09-04T11:15:32.7894409Z   allow-prereleases: false
2026-09-04T11:15:32.7894902Z   freethreaded: false
2026-09-04T11:15:32.7895634Z ##[endgroup]
2026-09-04T11:15:32.9251740Z ##[group]Installed versions
2026-09-04T11:15:32.9339302Z (node:2137) [DEP0040] DeprecationWarning: The `punycode` module is deprecated. Please use a userland alternative instead.
2026-09-04T11:15:32.9341437Z (Use `node --trace-deprecation ...` to show where the warning was created)
2026-09-04T11:15:32.9342721Z Successfully set up CPython (3.11.16)
2026-09-04T11:15:32.9344471Z ##[endgroup]
2026-09-04T11:15:32.9541195Z ##[group]Run pip install --no-cache-dir pytest
2026-09-04T11:15:32.9541968Z [36;1mpip install --no-cache-dir pytest[0m
2026-09-04T11:15:32.9594113Z shell: /usr/bin/bash -e {0}
2026-09-04T11:15:32.9594671Z env:
2026-09-04T11:15:32.9595536Z   pythonLocation: /opt/hostedtoolcache/Python/3.11.16/x64
2026-09-04T11:15:32.9596431Z   PKG_CONFIG_PATH: /opt/hostedtoolcache/Python/3.11.16/x64/lib/pkgconfig
2026-09-04T11:15:32.9597269Z   Python_ROOT_DIR: /opt/hostedtoolcache/Python/3.11.16/x64
2026-09-04T11:15:32.9598017Z   Python2_ROOT_DIR: /opt/hostedtoolcache/Python/3.11.16/x64
2026-09-04T11:15:32.9598778Z   Python3_ROOT_DIR: /opt/hostedtoolcache/Python/3.11.16/x64
2026-09-04T11:15:32.9599570Z   LD_LIBRARY_PATH: /opt/hostedtoolcache/Python/3.11.16/x64/lib
2026-09-04T11:15:32.9600214Z ##[endgroup]
2026-09-04T11:15:33.7507627Z Collecting pytest
2026-09-04T11:15:33.7974514Z   Downloading pytest-9.1.1-py3-none-any.whl.metadata (7.6 kB)
2026-09-04T11:15:33.8060088Z Collecting iniconfig>=1.0.1 (from pytest)
2026-09-04T11:15:33.8093678Z   Downloading iniconfig-2.3.0-py3-none-any.whl.metadata (2.5 kB)
2026-09-04T11:15:33.8201569Z Collecting packaging>=22 (from pytest)
2026-09-04T11:15:33.8236431Z   Downloading packaging-26.3-py3-none-any.whl.metadata (3.5 kB)
2026-09-04T11:15:33.8317300Z Collecting pluggy<2,>=1.5 (from pytest)
2026-09-04T11:15:33.8352543Z   Downloading pluggy-1.6.0-py3-none-any.whl.metadata (4.8 kB)
2026-09-04T11:15:33.8485742Z Collecting pygments>=2.7.2 (from pytest)
2026-09-04T11:15:33.8519284Z   Downloading pygments-2.21.0-py3-none-any.whl.metadata (2.5 kB)
2026-09-04T11:15:33.8583798Z Downloading pytest-9.1.1-py3-none-any.whl (386 kB)
2026-09-04T11:15:33.8739613Z Downloading pluggy-1.6.0-py3-none-any.whl (20 kB)
2026-09-04T11:15:33.8773043Z Downloading iniconfig-2.3.0-py3-none-any.whl (7.5 kB)
2026-09-04T11:15:33.8809930Z Downloading packaging-26.3-py3-none-any.whl (129 kB)
2026-09-04T11:15:33.8848256Z Downloading pygments-2.21.0-py3-none-any.whl (1.3 MB)
2026-09-04T11:15:33.8925960Z    ââââââââââââââââââââââââââââââââââââââââ 1.3/1.3 MB 259.0 MB/s  0:00:00
2026-09-04T11:15:33.9532334Z Installing collected packages: pygments, pluggy, packaging, iniconfig, pytest
2026-09-04T11:15:34.9535632Z 
2026-09-04T11:15:34.9546068Z Successfully installed iniconfig-2.3.0 packaging-26.3 pluggy-1.6.0 pygments-2.21.0 pytest-9.1.1
2026-09-04T11:15:35.0077683Z ##[group]Run python automation/inject_mutation.py --error-type "TypeError"
2026-09-04T11:15:35.0078386Z [36;1mpython automation/inject_mutation.py --error-type "TypeError"[0m
2026-09-04T11:15:35.0118107Z shell: /usr/bin/bash -e {0}
2026-09-04T11:15:35.0118430Z env:
2026-09-04T11:15:35.0118752Z   pythonLocation: /opt/hostedtoolcache/Python/3.11.16/x64
2026-09-04T11:15:35.0119443Z   PKG_CONFIG_PATH: /opt/hostedtoolcache/Python/3.11.16/x64/lib/pkgconfig
2026-09-04T11:15:35.0119932Z   Python_ROOT_DIR: /opt/hostedtoolcache/Python/3.11.16/x64
2026-09-04T11:15:35.0120368Z   Python2_ROOT_DIR: /opt/hostedtoolcache/Python/3.11.16/x64
2026-09-04T11:15:35.0120830Z   Python3_ROOT_DIR: /opt/hostedtoolcache/Python/3.11.16/x64
2026-09-04T11:15:35.0121271Z   LD_LIBRARY_PATH: /opt/hostedtoolcache/Python/3.11.16/x64/lib
2026-09-04T11:15:35.0121667Z ##[endgroup]
2026-09-04T11:15:35.0420832Z [Mutation Injected] Successfully injected TypeError into tests/test_app.py
2026-09-04T11:15:35.0492222Z ##[group]Run pytest tests/test_app.py -v
2026-09-04T11:15:35.0492693Z [36;1mpytest tests/test_app.py -v[0m
2026-09-04T11:15:35.0532226Z shell: /usr/bin/bash -e {0}
2026-09-04T11:15:35.0532544Z env:
2026-09-04T11:15:35.0532868Z   pythonLocation: /opt/hostedtoolcache/Python/3.11.16/x64
2026-09-04T11:15:35.0533368Z   PKG_CONFIG_PATH: /opt/hostedtoolcache/Python/3.11.16/x64/lib/pkgconfig
2026-09-04T11:15:35.0533883Z   Python_ROOT_DIR: /opt/hostedtoolcache/Python/3.11.16/x64
2026-09-04T11:15:35.0534310Z   Python2_ROOT_DIR: /opt/hostedtoolcache/Python/3.11.16/x64
2026-09-04T11:15:35.0534738Z   Python3_ROOT_DIR: /opt/hostedtoolcache/Python/3.11.16/x64
2026-09-04T11:15:35.0535423Z   LD_LIBRARY_PATH: /opt/hostedtoolcache/Python/3.11.16/x64/lib
2026-09-04T11:15:35.0535810Z ##[endgroup]
2026-09-04T11:15:35.2748472Z ============================= test session starts ==============================
2026-09-04T11:15:35.2749506Z platform linux -- Python 3.11.16, pytest-9.1.1, pluggy-1.6.0 -- /opt/hostedtoolcache/Python/3.11.16/x64/bin/python
2026-09-04T11:15:35.2750262Z cachedir: .pytest_cache
2026-09-04T11:15:35.2750686Z rootdir: /home/runner/work/log-generation/log-generation
2026-09-04T11:15:35.2751173Z configfile: pytest.ini
2026-09-04T11:15:35.2834273Z collecting ... collected 6 items
2026-09-04T11:15:35.2834564Z 
2026-09-04T11:15:35.2842886Z tests/test_app.py::test_calculate_division PASSED                        [ 16%]
2026-09-04T11:15:35.2850186Z tests/test_app.py::test_convert_to_int PASSED                            [ 33%]
2026-09-04T11:15:35.2857540Z tests/test_app.py::test_get_list_item PASSED                             [ 50%]
2026-09-04T11:15:35.2864155Z tests/test_app.py::test_get_dict_value PASSED                            [ 66%]
2026-09-04T11:15:35.2871031Z tests/test_app.py::test_assert_positive PASSED                           [ 83%]
2026-09-04T11:15:35.3136249Z tests/test_app.py::test_type_error FAILED                                [100%]
2026-09-04T11:15:35.3136800Z 
2026-09-04T11:15:35.3137060Z =================================== FAILURES ===================================
2026-09-04T11:15:35.3137609Z _______________________________ test_type_error ________________________________
2026-09-04T11:15:35.3137947Z 
2026-09-04T11:15:35.3138083Z     def test_type_error():
2026-09-04T11:15:35.3138416Z         """Injected synthetic TypeError."""
2026-09-04T11:15:35.3138822Z         from src.app import calculate_division
2026-09-04T11:15:35.3139248Z >       calculate_division("invalid_string", 5)
2026-09-04T11:15:35.3139531Z 
2026-09-04T11:15:35.3139657Z tests/test_app.py:129: 
2026-09-04T11:15:35.3140024Z _ _ _ _ _ _ _ _ _ _ _ _ _ _ _ _ _ _ _ _ _ _ _ _ _ _ _ _ _ _ _ _ _ _ _ _ _ _ _ _ 
2026-09-04T11:15:35.3140333Z 
2026-09-04T11:15:35.3140460Z a = 'invalid_string', b = 5
2026-09-04T11:15:35.3140648Z 
2026-09-04T11:15:35.3140786Z     def calculate_division(a, b):
2026-09-04T11:15:35.3141100Z >       return a / b
2026-09-04T11:15:35.3141364Z                ^^^^^
2026-09-04T11:15:35.3141762Z E       TypeError: unsupported operand type(s) for /: 'str' and 'int'
2026-09-04T11:15:35.3142104Z 
2026-09-04T11:15:35.3142226Z src/app.py:2: TypeError
2026-09-04T11:15:35.3142605Z =========================== short test summary info ============================
2026-09-04T11:15:35.3143333Z FAILED tests/test_app.py::test_type_error - TypeError: unsupported operand type(s) for /: 'str' and 'int'
2026-09-04T11:15:35.3144500Z ========================= 1 failed, 5 passed in 0.03s ==========================
2026-09-04T11:15:35.3323541Z ##[error]Process completed with exit code 1.
2026-09-04T11:15:35.3466468Z Node 20 is being deprecated. This workflow is running with Node 24 by default. If you need to temporarily use Node 20, you can set the ACTIONS_ALLOW_USE_UNSECURE_NODE_VERSION=true environment variable. For more information see: https://github.blog/changelog/2025-09-19-deprecation-of-node-20-on-github-actions-runners/
2026-09-04T11:15:35.3467761Z Post job cleanup.
2026-09-04T11:15:35.4318872Z [command]/usr/bin/git version
2026-09-04T11:15:35.4362259Z git version 2.55.0
2026-09-04T11:15:35.4404753Z Temporarily overriding HOME='/home/runner/work/_temp/9daa7ed7-2ef1-4e53-a3c2-496952c0d20d' before making global git config changes
2026-09-04T11:15:35.4406610Z Adding repository directory to the temporary git global config as a safe directory
2026-09-04T11:15:35.4412819Z [command]/usr/bin/git config --global --add safe.directory /home/runner/work/log-generation/log-generation
2026-09-04T11:15:35.4453069Z [command]/usr/bin/git config --local --name-only --get-regexp core\.sshCommand
2026-09-04T11:15:35.4500323Z [command]/usr/bin/git submodule foreach --recursive sh -c "git config --local --name-only --get-regexp 'core\.sshCommand' && git config --local --unset-all 'core.sshCommand' || :"
2026-09-04T11:15:35.4757296Z [command]/usr/bin/git config --local --name-only --get-regexp http\.https\:\/\/github\.com\/\.extraheader
2026-09-04T11:15:35.4784936Z http.https://github.com/.extraheader
2026-09-04T11:15:35.4801088Z [command]/usr/bin/git config --local --unset-all http.https://github.com/.extraheader
2026-09-04T11:15:35.4846600Z [command]/usr/bin/git submodule foreach --recursive sh -c "git config --local --name-only --get-regexp 'http\.https\:\/\/github\.com\/\.extraheader' && git config --local --unset-all 'http.https://github.com/.extraheader' || :"
2026-09-04T11:15:35.5109492Z [command]/usr/bin/git config --local --name-only --get-regexp ^includeIf\.gitdir:
2026-09-04T11:15:35.5155021Z [command]/usr/bin/git submodule foreach --recursive git config --local --show-origin --name-only --get-regexp remote.origin.url
2026-09-04T11:15:35.5551999Z Cleaning up orphan processes
2026-09-04T11:15:35.5839692Z ##[warning]Node.js 20 is deprecated. The following actions target Node.js 20 but are being forced to run on Node.js 24: actions/checkout@v4, actions/setup-python@v5. For more information see: https://github.blog/changelog/2025-09-19-deprecation-of-node-20-on-github-actions-runners/
