ï»¿2026-09-04T11:29:17.4464924Z Current runner version: '2.337.0'
2026-09-04T11:29:17.4491680Z ##[group]Runner Image Provisioner
2026-09-04T11:29:17.4492665Z Hosted Compute Agent
2026-09-04T11:29:17.4493283Z Version: 20260819.586
2026-09-04T11:29:17.4493931Z Commit: 3cc4a88dfa507ef76119ad1bb3eccc6378bb2b76
2026-09-04T11:29:17.4494806Z Build Date: 2026-08-18T23:20:18Z
2026-09-04T11:29:17.4495513Z Worker ID: {44c635bd-9d0a-4a1c-850b-a6390a209040}
2026-09-04T11:29:17.4496317Z Azure Region: northcentralus
2026-09-04T11:29:17.4497246Z ##[endgroup]
2026-09-04T11:29:17.4498698Z ##[group]Operating System
2026-09-04T11:29:17.4499521Z Ubuntu
2026-09-04T11:29:17.4500069Z 24.04.4
2026-09-04T11:29:17.4501043Z LTS
2026-09-04T11:29:17.4501604Z ##[endgroup]
2026-09-04T11:29:17.4502181Z ##[group]Runner Image
2026-09-04T11:29:17.4502901Z Image: ubuntu-24.04
2026-09-04T11:29:17.4503492Z Version: 20260823.283.1
2026-09-04T11:29:17.4504855Z Included Software: https://github.com/actions/runner-images/blob/ubuntu24/20260823.283/images/ubuntu/Ubuntu2404-Readme.md
2026-09-04T11:29:17.4506417Z Image Release: https://github.com/actions/runner-images/releases/tag/ubuntu24%2F20260823.283
2026-09-04T11:29:17.4508062Z ##[endgroup]
2026-09-04T11:29:17.4509907Z ##[group]GITHUB_TOKEN Permissions
2026-09-04T11:29:17.4513011Z Contents: read
2026-09-04T11:29:17.4513906Z Metadata: read
2026-09-04T11:29:17.4514750Z Packages: read
2026-09-04T11:29:17.4515914Z ##[endgroup]
2026-09-04T11:29:17.4519257Z Secret source: Actions
2026-09-04T11:29:17.4521152Z Prepare workflow directory
2026-09-04T11:29:17.4969555Z Prepare all required actions
2026-09-04T11:29:17.5036487Z Getting action download info
2026-09-04T11:29:17.7393597Z Download action repository 'actions/checkout@v4' (SHA:11d5960a326750d5838078e36cf38b85af677262)
2026-09-04T11:29:17.8594626Z Download action repository 'actions/setup-python@v5' (SHA:a26af69be951a213d495a4c3e4e4022e16d87065)
2026-09-04T11:29:18.0487583Z Complete job name: test-f3 (FileNotFoundError #156)
2026-09-04T11:29:18.1240747Z Node 20 is being deprecated. This workflow is running with Node 24 by default. If you need to temporarily use Node 20, you can set the ACTIONS_ALLOW_USE_UNSECURE_NODE_VERSION=true environment variable. For more information see: https://github.blog/changelog/2025-09-19-deprecation-of-node-20-on-github-actions-runners/
2026-09-04T11:29:18.1249178Z ##[group]Run actions/checkout@v4
2026-09-04T11:29:18.1249885Z with:
2026-09-04T11:29:18.1250314Z   fetch-depth: 1
2026-09-04T11:29:18.1250783Z   repository: DhruvHegde/log-generation
2026-09-04T11:29:18.1255008Z   token: ***
2026-09-04T11:29:18.1255455Z   ssh-strict: true
2026-09-04T11:29:18.1255902Z   ssh-user: git
2026-09-04T11:29:18.1256355Z   persist-credentials: true
2026-09-04T11:29:18.1256846Z   clean: true
2026-09-04T11:29:18.1257444Z   sparse-checkout-cone-mode: true
2026-09-04T11:29:18.1257968Z   fetch-tags: false
2026-09-04T11:29:18.1258404Z   show-progress: true
2026-09-04T11:29:18.1258841Z   lfs: false
2026-09-04T11:29:18.1259304Z   submodules: false
2026-09-04T11:29:18.1259755Z   set-safe-directory: true
2026-09-04T11:29:18.1260268Z   allow-unsafe-pr-checkout: false
2026-09-04T11:29:18.1260956Z ##[endgroup]
2026-09-04T11:29:18.2326515Z Syncing repository: DhruvHegde/log-generation
2026-09-04T11:29:18.2329547Z ##[group]Getting Git version info
2026-09-04T11:29:18.2330802Z Working directory is '/home/runner/work/log-generation/log-generation'
2026-09-04T11:29:18.2332550Z [command]/usr/bin/git version
2026-09-04T11:29:18.2407316Z git version 2.55.0
2026-09-04T11:29:18.2427806Z ##[endgroup]
2026-09-04T11:29:18.2445171Z Temporarily overriding HOME='/home/runner/work/_temp/90f41725-a422-4a5a-9ef3-ed3fb1f1c799' before making global git config changes
2026-09-04T11:29:18.2447731Z Adding repository directory to the temporary git global config as a safe directory
2026-09-04T11:29:18.2451506Z [command]/usr/bin/git config --global --add safe.directory /home/runner/work/log-generation/log-generation
2026-09-04T11:29:18.2507570Z Deleting the contents of '/home/runner/work/log-generation/log-generation'
2026-09-04T11:29:18.2512352Z ##[group]Initializing the repository
2026-09-04T11:29:18.2517894Z [command]/usr/bin/git init /home/runner/work/log-generation/log-generation
2026-09-04T11:29:18.2604879Z hint: Using 'master' as the name for the initial branch. This default branch name
2026-09-04T11:29:18.2606473Z hint: will change to "main" in Git 3.0. To configure the initial branch name
2026-09-04T11:29:18.2608159Z hint: to use in all of your new repositories, which will suppress this warning,
2026-09-04T11:29:18.2609403Z hint: call:
2026-09-04T11:29:18.2610047Z hint:
2026-09-04T11:29:18.2610772Z hint: 	git config --global init.defaultBranch <name>
2026-09-04T11:29:18.2611719Z hint:
2026-09-04T11:29:18.2612513Z hint: Names commonly chosen instead of 'master' are 'main', 'trunk' and
2026-09-04T11:29:18.2613859Z hint: 'development'. The just-created branch can be renamed via this command:
2026-09-04T11:29:18.2615015Z hint:
2026-09-04T11:29:18.2615679Z hint: 	git branch -m <name>
2026-09-04T11:29:18.2616209Z hint:
2026-09-04T11:29:18.2616893Z hint: Disable this message with "git config set advice.defaultBranchName false"
2026-09-04T11:29:18.2618231Z Initialized empty Git repository in /home/runner/work/log-generation/log-generation/.git/
2026-09-04T11:29:18.2622109Z [command]/usr/bin/git remote add origin https://github.com/DhruvHegde/log-generation
2026-09-04T11:29:18.2671354Z ##[endgroup]
2026-09-04T11:29:18.2672330Z ##[group]Disabling automatic garbage collection
2026-09-04T11:29:18.2675298Z [command]/usr/bin/git config --local gc.auto 0
2026-09-04T11:29:18.2709866Z ##[endgroup]
2026-09-04T11:29:18.2710810Z ##[group]Setting up auth
2026-09-04T11:29:18.2717757Z [command]/usr/bin/git config --local --name-only --get-regexp core\.sshCommand
2026-09-04T11:29:18.2763020Z [command]/usr/bin/git submodule foreach --recursive sh -c "git config --local --name-only --get-regexp 'core\.sshCommand' && git config --local --unset-all 'core.sshCommand' || :"
2026-09-04T11:29:18.3210920Z [command]/usr/bin/git config --local --name-only --get-regexp http\.https\:\/\/github\.com\/\.extraheader
2026-09-04T11:29:18.3278778Z [command]/usr/bin/git submodule foreach --recursive sh -c "git config --local --name-only --get-regexp 'http\.https\:\/\/github\.com\/\.extraheader' && git config --local --unset-all 'http.https://github.com/.extraheader' || :"
2026-09-04T11:29:18.3598317Z [command]/usr/bin/git config --local --name-only --get-regexp ^includeIf\.gitdir:
2026-09-04T11:29:18.3627101Z [command]/usr/bin/git submodule foreach --recursive git config --local --show-origin --name-only --get-regexp remote.origin.url
2026-09-04T11:29:18.3933926Z [command]/usr/bin/git config --local http.https://github.com/.extraheader AUTHORIZATION: basic ***
2026-09-04T11:29:18.5500552Z ##[endgroup]
2026-09-04T11:29:18.5501734Z ##[group]Fetching the repository
2026-09-04T11:29:18.5514149Z [command]/usr/bin/git -c protocol.version=2 fetch --no-tags --prune --no-recurse-submodules --depth=1 origin +0c2ddc82b3a248827557edda9affcd6927945898:refs/remotes/origin/feature/f3-test-failures
2026-09-04T11:29:19.6703247Z From https://github.com/DhruvHegde/log-generation
2026-09-04T11:29:19.6705123Z  * [new ref]         0c2ddc82b3a248827557edda9affcd6927945898 -> origin/feature/f3-test-failures
2026-09-04T11:29:19.6709472Z ##[endgroup]
2026-09-04T11:29:19.6710385Z ##[group]Determining the checkout info
2026-09-04T11:29:19.6716249Z ##[endgroup]
2026-09-04T11:29:19.6720998Z [command]/usr/bin/git sparse-checkout disable
2026-09-04T11:29:19.7115953Z [command]/usr/bin/git config --local --unset-all extensions.worktreeConfig
2026-09-04T11:29:19.7152383Z ##[group]Checking out the ref
2026-09-04T11:29:19.7158569Z [command]/usr/bin/git checkout --progress --force -B feature/f3-test-failures refs/remotes/origin/feature/f3-test-failures
2026-09-04T11:29:19.7574517Z Switched to a new branch 'feature/f3-test-failures'
2026-09-04T11:29:19.7579994Z branch 'feature/f3-test-failures' set up to track 'origin/feature/f3-test-failures'.
2026-09-04T11:29:19.7587313Z ##[endgroup]
2026-09-04T11:29:19.7636679Z [command]/usr/bin/git log -1 --format=%H
2026-09-04T11:29:19.7674116Z 0c2ddc82b3a248827557edda9affcd6927945898
2026-09-04T11:29:19.8016182Z Node 20 is being deprecated. This workflow is running with Node 24 by default. If you need to temporarily use Node 20, you can set the ACTIONS_ALLOW_USE_UNSECURE_NODE_VERSION=true environment variable. For more information see: https://github.blog/changelog/2025-09-19-deprecation-of-node-20-on-github-actions-runners/
2026-09-04T11:29:19.8020426Z ##[group]Run actions/setup-python@v5
2026-09-04T11:29:19.8021072Z with:
2026-09-04T11:29:19.8021536Z   python-version: 3.11
2026-09-04T11:29:19.8022084Z   check-latest: false
2026-09-04T11:29:19.8029793Z   token: ***
2026-09-04T11:29:19.8030287Z   update-environment: true
2026-09-04T11:29:19.8030902Z   allow-prereleases: false
2026-09-04T11:29:19.8031523Z   freethreaded: false
2026-09-04T11:29:19.8032241Z ##[endgroup]
2026-09-04T11:29:19.9394584Z ##[group]Installed versions
2026-09-04T11:29:20.3690625Z (node:2232) [DEP0040] DeprecationWarning: The `punycode` module is deprecated. Please use a userland alternative instead.
2026-09-04T11:29:20.3692137Z (Use `node --trace-deprecation ...` to show where the warning was created)
2026-09-04T11:29:20.3693478Z Successfully set up CPython (3.11.16)
2026-09-04T11:29:20.3694458Z ##[endgroup]
2026-09-04T11:29:20.3947616Z ##[group]Run pip install --no-cache-dir pytest
2026-09-04T11:29:20.3948167Z [36;1mpip install --no-cache-dir pytest[0m
2026-09-04T11:29:20.4011280Z shell: /usr/bin/bash -e {0}
2026-09-04T11:29:20.4011774Z env:
2026-09-04T11:29:20.4109022Z   pythonLocation: /opt/hostedtoolcache/Python/3.11.16/x64
2026-09-04T11:29:20.4109926Z   PKG_CONFIG_PATH: /opt/hostedtoolcache/Python/3.11.16/x64/lib/pkgconfig
2026-09-04T11:29:20.4110598Z   Python_ROOT_DIR: /opt/hostedtoolcache/Python/3.11.16/x64
2026-09-04T11:29:20.4111274Z   Python2_ROOT_DIR: /opt/hostedtoolcache/Python/3.11.16/x64
2026-09-04T11:29:20.4111973Z   Python3_ROOT_DIR: /opt/hostedtoolcache/Python/3.11.16/x64
2026-09-04T11:29:20.4112658Z   LD_LIBRARY_PATH: /opt/hostedtoolcache/Python/3.11.16/x64/lib
2026-09-04T11:29:20.4113134Z ##[endgroup]
2026-09-04T11:29:21.5665767Z Collecting pytest
2026-09-04T11:29:21.6150862Z   Downloading pytest-9.1.1-py3-none-any.whl.metadata (7.6 kB)
2026-09-04T11:29:21.6246232Z Collecting iniconfig>=1.0.1 (from pytest)
2026-09-04T11:29:21.6283917Z   Downloading iniconfig-2.3.0-py3-none-any.whl.metadata (2.5 kB)
2026-09-04T11:29:21.6381258Z Collecting packaging>=22 (from pytest)
2026-09-04T11:29:21.6422379Z   Downloading packaging-26.3-py3-none-any.whl.metadata (3.5 kB)
2026-09-04T11:29:21.6500134Z Collecting pluggy<2,>=1.5 (from pytest)
2026-09-04T11:29:21.6537583Z   Downloading pluggy-1.6.0-py3-none-any.whl.metadata (4.8 kB)
2026-09-04T11:29:21.6665323Z Collecting pygments>=2.7.2 (from pytest)
2026-09-04T11:29:21.6710351Z   Downloading pygments-2.21.0-py3-none-any.whl.metadata (2.5 kB)
2026-09-04T11:29:21.6774761Z Downloading pytest-9.1.1-py3-none-any.whl (386 kB)
2026-09-04T11:29:21.7026786Z Downloading pluggy-1.6.0-py3-none-any.whl (20 kB)
2026-09-04T11:29:21.7063034Z Downloading iniconfig-2.3.0-py3-none-any.whl (7.5 kB)
2026-09-04T11:29:21.7116370Z Downloading packaging-26.3-py3-none-any.whl (129 kB)
2026-09-04T11:29:21.7171043Z Downloading pygments-2.21.0-py3-none-any.whl (1.3 MB)
2026-09-04T11:29:21.7420304Z    ââââââââââââââââââââââââââââââââââââââââ 1.3/1.3 MB 62.9 MB/s  0:00:00
2026-09-04T11:29:21.8111398Z Installing collected packages: pygments, pluggy, packaging, iniconfig, pytest
2026-09-04T11:29:22.7866746Z 
2026-09-04T11:29:22.7876913Z Successfully installed iniconfig-2.3.0 packaging-26.3 pluggy-1.6.0 pygments-2.21.0 pytest-9.1.1
2026-09-04T11:29:22.8434702Z ##[group]Run python automation/inject_mutation.py --error-type "FileNotFoundError"
2026-09-04T11:29:22.8435346Z [36;1mpython automation/inject_mutation.py --error-type "FileNotFoundError"[0m
2026-09-04T11:29:22.8478113Z shell: /usr/bin/bash -e {0}
2026-09-04T11:29:22.8478375Z env:
2026-09-04T11:29:22.8478655Z   pythonLocation: /opt/hostedtoolcache/Python/3.11.16/x64
2026-09-04T11:29:22.8479350Z   PKG_CONFIG_PATH: /opt/hostedtoolcache/Python/3.11.16/x64/lib/pkgconfig
2026-09-04T11:29:22.8479797Z   Python_ROOT_DIR: /opt/hostedtoolcache/Python/3.11.16/x64
2026-09-04T11:29:22.8480179Z   Python2_ROOT_DIR: /opt/hostedtoolcache/Python/3.11.16/x64
2026-09-04T11:29:22.8480559Z   Python3_ROOT_DIR: /opt/hostedtoolcache/Python/3.11.16/x64
2026-09-04T11:29:22.8480937Z   LD_LIBRARY_PATH: /opt/hostedtoolcache/Python/3.11.16/x64/lib
2026-09-04T11:29:22.8481292Z ##[endgroup]
2026-09-04T11:29:22.8797278Z [Mutation Injected] Successfully injected FileNotFoundError into tests/test_app.py
2026-09-04T11:29:22.8864813Z ##[group]Run pytest tests/test_app.py -v
2026-09-04T11:29:22.8865172Z [36;1mpytest tests/test_app.py -v[0m
2026-09-04T11:29:22.8904860Z shell: /usr/bin/bash -e {0}
2026-09-04T11:29:22.8905124Z env:
2026-09-04T11:29:22.8905400Z   pythonLocation: /opt/hostedtoolcache/Python/3.11.16/x64
2026-09-04T11:29:22.8905851Z   PKG_CONFIG_PATH: /opt/hostedtoolcache/Python/3.11.16/x64/lib/pkgconfig
2026-09-04T11:29:22.8906289Z   Python_ROOT_DIR: /opt/hostedtoolcache/Python/3.11.16/x64
2026-09-04T11:29:22.8906663Z   Python2_ROOT_DIR: /opt/hostedtoolcache/Python/3.11.16/x64
2026-09-04T11:29:22.8907314Z   Python3_ROOT_DIR: /opt/hostedtoolcache/Python/3.11.16/x64
2026-09-04T11:29:22.8907694Z   LD_LIBRARY_PATH: /opt/hostedtoolcache/Python/3.11.16/x64/lib
2026-09-04T11:29:22.8908022Z ##[endgroup]
2026-09-04T11:29:23.2618390Z ============================= test session starts ==============================
2026-09-04T11:29:23.2619114Z platform linux -- Python 3.11.16, pytest-9.1.1, pluggy-1.6.0 -- /opt/hostedtoolcache/Python/3.11.16/x64/bin/python
2026-09-04T11:29:23.2619627Z cachedir: .pytest_cache
2026-09-04T11:29:23.2619962Z rootdir: /home/runner/work/log-generation/log-generation
2026-09-04T11:29:23.2620296Z configfile: pytest.ini
2026-09-04T11:29:23.2699806Z collecting ... collected 6 items
2026-09-04T11:29:23.2700118Z 
2026-09-04T11:29:23.2707764Z tests/test_app.py::test_calculate_division PASSED                        [ 16%]
2026-09-04T11:29:23.2713652Z tests/test_app.py::test_convert_to_int PASSED                            [ 33%]
2026-09-04T11:29:23.2720103Z tests/test_app.py::test_get_list_item PASSED                             [ 50%]
2026-09-04T11:29:23.2725936Z tests/test_app.py::test_get_dict_value PASSED                            [ 66%]
2026-09-04T11:29:23.2731944Z tests/test_app.py::test_assert_positive PASSED                           [ 83%]
2026-09-04T11:29:23.2995954Z tests/test_app.py::test_file_not_found_error FAILED                      [100%]
2026-09-04T11:29:23.2996321Z 
2026-09-04T11:29:23.2996505Z =================================== FAILURES ===================================
2026-09-04T11:29:23.2997127Z __________________________ test_file_not_found_error ___________________________
2026-09-04T11:29:23.2997415Z 
2026-09-04T11:29:23.2997532Z     def test_file_not_found_error():
2026-09-04T11:29:23.2997840Z         """Injected synthetic FileNotFoundError."""
2026-09-04T11:29:23.2998201Z         from src.app import read_config_file
2026-09-04T11:29:23.2998581Z >       read_config_file("fixtures/non_existent_pipeline_config.json")
2026-09-04T11:29:23.2998869Z 
2026-09-04T11:29:23.2998971Z tests/test_app.py:131: 
2026-09-04T11:29:23.2999281Z _ _ _ _ _ _ _ _ _ _ _ _ _ _ _ _ _ _ _ _ _ _ _ _ _ _ _ _ _ _ _ _ _ _ _ _ _ _ _ _ 
2026-09-04T11:29:23.2999528Z 
2026-09-04T11:29:23.2999683Z path = 'fixtures/non_existent_pipeline_config.json'
2026-09-04T11:29:23.2999904Z 
2026-09-04T11:29:23.3000012Z     def read_config_file(path):
2026-09-04T11:29:23.3000313Z >       with open(path, "r") as f:
2026-09-04T11:29:23.3000573Z              ^^^^^^^^^^^^^^^
2026-09-04T11:29:23.3001030Z E       FileNotFoundError: [Errno 2] No such file or directory: 'fixtures/non_existent_pipeline_config.json'
2026-09-04T11:29:23.3001417Z 
2026-09-04T11:29:23.3001525Z src/app.py:17: FileNotFoundError
2026-09-04T11:29:23.3001844Z =========================== short test summary info ============================
2026-09-04T11:29:23.3002812Z FAILED tests/test_app.py::test_file_not_found_error - FileNotFoundError: [Errno 2] No such file or directory: 'fixtures/non_existent_pipeline_config.json'
2026-09-04T11:29:23.3003486Z ========================= 1 failed, 5 passed in 0.03s ==========================
2026-09-04T11:29:23.3199646Z ##[error]Process completed with exit code 1.
2026-09-04T11:29:23.3342001Z Node 20 is being deprecated. This workflow is running with Node 24 by default. If you need to temporarily use Node 20, you can set the ACTIONS_ALLOW_USE_UNSECURE_NODE_VERSION=true environment variable. For more information see: https://github.blog/changelog/2025-09-19-deprecation-of-node-20-on-github-actions-runners/
2026-09-04T11:29:23.3343162Z Post job cleanup.
2026-09-04T11:29:23.4207853Z [command]/usr/bin/git version
2026-09-04T11:29:23.4251993Z git version 2.55.0
2026-09-04T11:29:23.4287808Z Temporarily overriding HOME='/home/runner/work/_temp/fbdf8f2c-a43e-4d6c-9f15-b591166740ca' before making global git config changes
2026-09-04T11:29:23.4289225Z Adding repository directory to the temporary git global config as a safe directory
2026-09-04T11:29:23.4302554Z [command]/usr/bin/git config --global --add safe.directory /home/runner/work/log-generation/log-generation
2026-09-04T11:29:23.4338375Z [command]/usr/bin/git config --local --name-only --get-regexp core\.sshCommand
2026-09-04T11:29:23.4374766Z [command]/usr/bin/git submodule foreach --recursive sh -c "git config --local --name-only --get-regexp 'core\.sshCommand' && git config --local --unset-all 'core.sshCommand' || :"
2026-09-04T11:29:23.4652682Z [command]/usr/bin/git config --local --name-only --get-regexp http\.https\:\/\/github\.com\/\.extraheader
2026-09-04T11:29:23.4682584Z http.https://github.com/.extraheader
2026-09-04T11:29:23.4708646Z [command]/usr/bin/git config --local --unset-all http.https://github.com/.extraheader
2026-09-04T11:29:23.4729854Z [command]/usr/bin/git submodule foreach --recursive sh -c "git config --local --name-only --get-regexp 'http\.https\:\/\/github\.com\/\.extraheader' && git config --local --unset-all 'http.https://github.com/.extraheader' || :"
2026-09-04T11:29:23.5001234Z [command]/usr/bin/git config --local --name-only --get-regexp ^includeIf\.gitdir:
2026-09-04T11:29:23.5040499Z [command]/usr/bin/git submodule foreach --recursive git config --local --show-origin --name-only --get-regexp remote.origin.url
2026-09-04T11:29:23.5457811Z Cleaning up orphan processes
2026-09-04T11:29:23.5743146Z ##[warning]Node.js 20 is deprecated. The following actions target Node.js 20 but are being forced to run on Node.js 24: actions/checkout@v4, actions/setup-python@v5. For more information see: https://github.blog/changelog/2025-09-19-deprecation-of-node-20-on-github-actions-runners/
