ï»¿2026-09-04T15:45:14.7581539Z Current runner version: '2.337.0'
2026-09-04T15:45:14.7602485Z ##[group]Runner Image Provisioner
2026-09-04T15:45:14.7603143Z Hosted Compute Agent
2026-09-04T15:45:14.7603705Z Version: 20260828.587
2026-09-04T15:45:14.7604259Z Commit: abac92662cab4cc7352de4f9f9d2e2419aad9c29
2026-09-04T15:45:14.7604883Z Build Date: 2026-08-28T16:44:25Z
2026-09-04T15:45:14.7605450Z Worker ID: {48cd2b77-5941-4aa8-a06c-66abc0e36e98}
2026-09-04T15:45:14.7606023Z Azure Region: eastus
2026-09-04T15:45:14.7606533Z ##[endgroup]
2026-09-04T15:45:14.7608253Z ##[group]Operating System
2026-09-04T15:45:14.7609114Z Ubuntu
2026-09-04T15:45:14.7609560Z 24.04.4
2026-09-04T15:45:14.7609983Z LTS
2026-09-04T15:45:14.7610771Z ##[endgroup]
2026-09-04T15:45:14.7611232Z ##[group]Runner Image
2026-09-04T15:45:14.7611700Z Image: ubuntu-24.04
2026-09-04T15:45:14.7612222Z Version: 20260831.293.1
2026-09-04T15:45:14.7613438Z Included Software: https://github.com/actions/runner-images/blob/ubuntu24/20260831.293/images/ubuntu/Ubuntu2404-Readme.md
2026-09-04T15:45:14.7614823Z Image Release: https://github.com/actions/runner-images/releases/tag/ubuntu24%2F20260831.293
2026-09-04T15:45:14.7615661Z ##[endgroup]
2026-09-04T15:45:14.7616663Z ##[group]GITHUB_TOKEN Permissions
2026-09-04T15:45:14.7618682Z Contents: read
2026-09-04T15:45:14.7619208Z Metadata: read
2026-09-04T15:45:14.7619653Z Packages: read
2026-09-04T15:45:14.7620195Z ##[endgroup]
2026-09-04T15:45:14.7621885Z Secret source: Actions
2026-09-04T15:45:14.7623151Z Prepare workflow directory
2026-09-04T15:45:14.7890670Z Prepare all required actions
2026-09-04T15:45:14.7932495Z Getting action download info
2026-09-04T15:45:14.9985246Z Download action repository 'actions/checkout@v4' (SHA:11d5960a326750d5838078e36cf38b85af677262)
2026-09-04T15:45:15.3838053Z Download action repository 'actions/setup-python@v5' (SHA:a26af69be951a213d495a4c3e4e4022e16d87065)
2026-09-04T15:45:15.9756085Z Complete job name: test-f3 (TypeError #166)
2026-09-04T15:45:16.0386023Z Node 20 is being deprecated. This workflow is running with Node 24 by default. If you need to temporarily use Node 20, you can set the ACTIONS_ALLOW_USE_UNSECURE_NODE_VERSION=true environment variable. For more information see: https://github.blog/changelog/2025-09-19-deprecation-of-node-20-on-github-actions-runners/
2026-09-04T15:45:16.0393197Z ##[group]Run actions/checkout@v4
2026-09-04T15:45:16.0393866Z with:
2026-09-04T15:45:16.0394292Z   fetch-depth: 1
2026-09-04T15:45:16.0394757Z   repository: DhruvHegde/log-generation
2026-09-04T15:45:16.0398015Z   token: ***
2026-09-04T15:45:16.0398590Z   ssh-strict: true
2026-09-04T15:45:16.0399028Z   ssh-user: git
2026-09-04T15:45:16.0399467Z   persist-credentials: true
2026-09-04T15:45:16.0399953Z   clean: true
2026-09-04T15:45:16.0400392Z   sparse-checkout-cone-mode: true
2026-09-04T15:45:16.0400896Z   fetch-tags: false
2026-09-04T15:45:16.0401332Z   show-progress: true
2026-09-04T15:45:16.0401777Z   lfs: false
2026-09-04T15:45:16.0402237Z   submodules: false
2026-09-04T15:45:16.0402689Z   set-safe-directory: true
2026-09-04T15:45:16.0403182Z   allow-unsafe-pr-checkout: false
2026-09-04T15:45:16.0403842Z ##[endgroup]
2026-09-04T15:45:16.1219427Z Syncing repository: DhruvHegde/log-generation
2026-09-04T15:45:16.1221894Z ##[group]Getting Git version info
2026-09-04T15:45:16.1223122Z Working directory is '/home/runner/work/log-generation/log-generation'
2026-09-04T15:45:16.1224877Z [command]/usr/bin/git version
2026-09-04T15:45:16.1310664Z git version 2.55.0
2026-09-04T15:45:16.1321044Z ##[endgroup]
2026-09-04T15:45:16.1333690Z Temporarily overriding HOME='/home/runner/work/_temp/49e73305-b39d-4865-a52b-39a7df939d9a' before making global git config changes
2026-09-04T15:45:16.1335739Z Adding repository directory to the temporary git global config as a safe directory
2026-09-04T15:45:16.1337705Z [command]/usr/bin/git config --global --add safe.directory /home/runner/work/log-generation/log-generation
2026-09-04T15:45:16.1722060Z Deleting the contents of '/home/runner/work/log-generation/log-generation'
2026-09-04T15:45:16.1741842Z ##[group]Initializing the repository
2026-09-04T15:45:16.1746071Z [command]/usr/bin/git init /home/runner/work/log-generation/log-generation
2026-09-04T15:45:16.2866244Z hint: Using 'master' as the name for the initial branch. This default branch name
2026-09-04T15:45:16.2867901Z hint: will change to "main" in Git 3.0. To configure the initial branch name
2026-09-04T15:45:16.2899828Z hint: to use in all of your new repositories, which will suppress this warning,
2026-09-04T15:45:16.2900849Z hint: call:
2026-09-04T15:45:16.2901390Z hint:
2026-09-04T15:45:16.2902072Z hint: 	git config --global init.defaultBranch <name>
2026-09-04T15:45:16.2902814Z hint:
2026-09-04T15:45:16.2903551Z hint: Names commonly chosen instead of 'master' are 'main', 'trunk' and
2026-09-04T15:45:16.2904695Z hint: 'development'. The just-created branch can be renamed via this command:
2026-09-04T15:45:16.2905642Z hint:
2026-09-04T15:45:16.2906234Z hint: 	git branch -m <name>
2026-09-04T15:45:16.2906846Z hint:
2026-09-04T15:45:16.2907561Z hint: Disable this message with "git config set advice.defaultBranchName false"
2026-09-04T15:45:16.2911417Z Initialized empty Git repository in /home/runner/work/log-generation/log-generation/.git/
2026-09-04T15:45:16.2913799Z [command]/usr/bin/git remote add origin https://github.com/DhruvHegde/log-generation
2026-09-04T15:45:16.3348869Z ##[endgroup]
2026-09-04T15:45:16.3349899Z ##[group]Disabling automatic garbage collection
2026-09-04T15:45:16.3352911Z [command]/usr/bin/git config --local gc.auto 0
2026-09-04T15:45:16.3384883Z ##[endgroup]
2026-09-04T15:45:16.3385891Z ##[group]Setting up auth
2026-09-04T15:45:16.3390532Z [command]/usr/bin/git config --local --name-only --get-regexp core\.sshCommand
2026-09-04T15:45:16.3420291Z [command]/usr/bin/git submodule foreach --recursive sh -c "git config --local --name-only --get-regexp 'core\.sshCommand' && git config --local --unset-all 'core.sshCommand' || :"
2026-09-04T15:45:16.3691935Z [command]/usr/bin/git config --local --name-only --get-regexp http\.https\:\/\/github\.com\/\.extraheader
2026-09-04T15:45:16.3722734Z [command]/usr/bin/git submodule foreach --recursive sh -c "git config --local --name-only --get-regexp 'http\.https\:\/\/github\.com\/\.extraheader' && git config --local --unset-all 'http.https://github.com/.extraheader' || :"
2026-09-04T15:45:16.3915304Z [command]/usr/bin/git config --local --name-only --get-regexp ^includeIf\.gitdir:
2026-09-04T15:45:16.3945629Z [command]/usr/bin/git submodule foreach --recursive git config --local --show-origin --name-only --get-regexp remote.origin.url
2026-09-04T15:45:16.4136630Z [command]/usr/bin/git config --local http.https://github.com/.extraheader AUTHORIZATION: basic ***
2026-09-04T15:45:16.4169456Z ##[endgroup]
2026-09-04T15:45:16.4170307Z ##[group]Fetching the repository
2026-09-04T15:45:16.4176681Z [command]/usr/bin/git -c protocol.version=2 fetch --no-tags --prune --no-recurse-submodules --depth=1 origin +ff2db557a0a8df7e538c7d2e729be8ed403658e2:refs/remotes/origin/feature/f3-test-failures
2026-09-04T15:45:16.7193869Z From https://github.com/DhruvHegde/log-generation
2026-09-04T15:45:16.7195820Z  * [new ref]         ff2db557a0a8df7e538c7d2e729be8ed403658e2 -> origin/feature/f3-test-failures
2026-09-04T15:45:16.7199325Z ##[endgroup]
2026-09-04T15:45:16.7200729Z ##[group]Determining the checkout info
2026-09-04T15:45:16.7202100Z ##[endgroup]
2026-09-04T15:45:16.7204196Z [command]/usr/bin/git sparse-checkout disable
2026-09-04T15:45:16.7247410Z [command]/usr/bin/git config --local --unset-all extensions.worktreeConfig
2026-09-04T15:45:16.7279000Z ##[group]Checking out the ref
2026-09-04T15:45:16.7283864Z [command]/usr/bin/git checkout --progress --force -B feature/f3-test-failures refs/remotes/origin/feature/f3-test-failures
2026-09-04T15:45:16.8025879Z Switched to a new branch 'feature/f3-test-failures'
2026-09-04T15:45:16.8029564Z branch 'feature/f3-test-failures' set up to track 'origin/feature/f3-test-failures'.
2026-09-04T15:45:16.8037862Z ##[endgroup]
2026-09-04T15:45:16.8079862Z [command]/usr/bin/git log -1 --format=%H
2026-09-04T15:45:16.8105766Z ff2db557a0a8df7e538c7d2e729be8ed403658e2
2026-09-04T15:45:16.8410936Z Node 20 is being deprecated. This workflow is running with Node 24 by default. If you need to temporarily use Node 20, you can set the ACTIONS_ALLOW_USE_UNSECURE_NODE_VERSION=true environment variable. For more information see: https://github.blog/changelog/2025-09-19-deprecation-of-node-20-on-github-actions-runners/
2026-09-04T15:45:16.8416014Z ##[group]Run actions/setup-python@v5
2026-09-04T15:45:16.8416933Z with:
2026-09-04T15:45:16.8417612Z   python-version: 3.11
2026-09-04T15:45:16.8418582Z   check-latest: false
2026-09-04T15:45:16.8425635Z   token: ***
2026-09-04T15:45:16.8426345Z   update-environment: true
2026-09-04T15:45:16.8427158Z   allow-prereleases: false
2026-09-04T15:45:16.8427949Z   freethreaded: false
2026-09-04T15:45:16.8428836Z ##[endgroup]
2026-09-04T15:45:16.9487787Z ##[group]Installed versions
2026-09-04T15:45:16.9558910Z (node:2034) [DEP0040] DeprecationWarning: The `punycode` module is deprecated. Please use a userland alternative instead.
2026-09-04T15:45:16.9562113Z (Use `node --trace-deprecation ...` to show where the warning was created)
2026-09-04T15:45:16.9563698Z Successfully set up CPython (3.11.16)
2026-09-04T15:45:16.9565067Z ##[endgroup]
2026-09-04T15:45:16.9800783Z ##[group]Run pip install --no-cache-dir pytest
2026-09-04T15:45:16.9801961Z [36;1mpip install --no-cache-dir pytest[0m
2026-09-04T15:45:16.9860346Z shell: /usr/bin/bash -e {0}
2026-09-04T15:45:16.9861445Z env:
2026-09-04T15:45:16.9862524Z   pythonLocation: /opt/hostedtoolcache/Python/3.11.16/x64
2026-09-04T15:45:16.9864463Z   PKG_CONFIG_PATH: /opt/hostedtoolcache/Python/3.11.16/x64/lib/pkgconfig
2026-09-04T15:45:16.9866948Z   Python_ROOT_DIR: /opt/hostedtoolcache/Python/3.11.16/x64
2026-09-04T15:45:16.9869625Z   Python2_ROOT_DIR: /opt/hostedtoolcache/Python/3.11.16/x64
2026-09-04T15:45:16.9872011Z   Python3_ROOT_DIR: /opt/hostedtoolcache/Python/3.11.16/x64
2026-09-04T15:45:16.9874738Z   LD_LIBRARY_PATH: /opt/hostedtoolcache/Python/3.11.16/x64/lib
2026-09-04T15:45:16.9939726Z ##[endgroup]
2026-09-04T15:45:18.0850505Z Collecting pytest
2026-09-04T15:45:18.1239169Z   Downloading pytest-9.1.1-py3-none-any.whl.metadata (7.6 kB)
2026-09-04T15:45:18.1333243Z Collecting iniconfig>=1.0.1 (from pytest)
2026-09-04T15:45:18.1363121Z   Downloading iniconfig-2.3.0-py3-none-any.whl.metadata (2.5 kB)
2026-09-04T15:45:18.1442722Z Collecting packaging>=22 (from pytest)
2026-09-04T15:45:18.2049379Z   Downloading packaging-26.3-py3-none-any.whl.metadata (3.5 kB)
2026-09-04T15:45:18.2118881Z Collecting pluggy<2,>=1.5 (from pytest)
2026-09-04T15:45:18.2153762Z   Downloading pluggy-1.6.0-py3-none-any.whl.metadata (4.8 kB)
2026-09-04T15:45:18.2294947Z Collecting pygments>=2.7.2 (from pytest)
2026-09-04T15:45:18.2334634Z   Downloading pygments-2.21.0-py3-none-any.whl.metadata (2.5 kB)
2026-09-04T15:45:18.2502914Z Downloading pytest-9.1.1-py3-none-any.whl (386 kB)
2026-09-04T15:45:18.3511212Z Downloading pluggy-1.6.0-py3-none-any.whl (20 kB)
2026-09-04T15:45:18.3863607Z Downloading iniconfig-2.3.0-py3-none-any.whl (7.5 kB)
2026-09-04T15:45:18.3958164Z Downloading packaging-26.3-py3-none-any.whl (129 kB)
2026-09-04T15:45:18.3999529Z Downloading pygments-2.21.0-py3-none-any.whl (1.3 MB)
2026-09-04T15:45:18.4754109Z    ââââââââââââââââââââââââââââââââââââââââ 1.3/1.3 MB 22.0 MB/s  0:00:00
2026-09-04T15:45:18.5254253Z Installing collected packages: pygments, pluggy, packaging, iniconfig, pytest
2026-09-04T15:45:19.3617715Z 
2026-09-04T15:45:19.3628031Z Successfully installed iniconfig-2.3.0 packaging-26.3 pluggy-1.6.0 pygments-2.21.0 pytest-9.1.1
2026-09-04T15:45:19.4050817Z ##[group]Run python automation/inject_mutation.py --error-type "TypeError"
2026-09-04T15:45:19.4051288Z [36;1mpython automation/inject_mutation.py --error-type "TypeError"[0m
2026-09-04T15:45:19.4084283Z shell: /usr/bin/bash -e {0}
2026-09-04T15:45:19.4084490Z env:
2026-09-04T15:45:19.4084715Z   pythonLocation: /opt/hostedtoolcache/Python/3.11.16/x64
2026-09-04T15:45:19.4085217Z   PKG_CONFIG_PATH: /opt/hostedtoolcache/Python/3.11.16/x64/lib/pkgconfig
2026-09-04T15:45:19.4085549Z   Python_ROOT_DIR: /opt/hostedtoolcache/Python/3.11.16/x64
2026-09-04T15:45:19.4085847Z   Python2_ROOT_DIR: /opt/hostedtoolcache/Python/3.11.16/x64
2026-09-04T15:45:19.4086158Z   Python3_ROOT_DIR: /opt/hostedtoolcache/Python/3.11.16/x64
2026-09-04T15:45:19.4086455Z   LD_LIBRARY_PATH: /opt/hostedtoolcache/Python/3.11.16/x64/lib
2026-09-04T15:45:19.4086761Z ##[endgroup]
2026-09-04T15:45:19.4332619Z [Mutation Injected] Successfully injected TypeError into tests/test_app.py
2026-09-04T15:45:19.4386000Z ##[group]Run pytest tests/test_app.py -v
2026-09-04T15:45:19.4386285Z [36;1mpytest tests/test_app.py -v[0m
2026-09-04T15:45:19.4415721Z shell: /usr/bin/bash -e {0}
2026-09-04T15:45:19.4415931Z env:
2026-09-04T15:45:19.4416158Z   pythonLocation: /opt/hostedtoolcache/Python/3.11.16/x64
2026-09-04T15:45:19.4416509Z   PKG_CONFIG_PATH: /opt/hostedtoolcache/Python/3.11.16/x64/lib/pkgconfig
2026-09-04T15:45:19.4416858Z   Python_ROOT_DIR: /opt/hostedtoolcache/Python/3.11.16/x64
2026-09-04T15:45:19.4417153Z   Python2_ROOT_DIR: /opt/hostedtoolcache/Python/3.11.16/x64
2026-09-04T15:45:19.4417449Z   Python3_ROOT_DIR: /opt/hostedtoolcache/Python/3.11.16/x64
2026-09-04T15:45:19.4417753Z   LD_LIBRARY_PATH: /opt/hostedtoolcache/Python/3.11.16/x64/lib
2026-09-04T15:45:19.4418013Z ##[endgroup]
2026-09-04T15:45:19.7866976Z ============================= test session starts ==============================
2026-09-04T15:45:19.7867729Z platform linux -- Python 3.11.16, pytest-9.1.1, pluggy-1.6.0 -- /opt/hostedtoolcache/Python/3.11.16/x64/bin/python
2026-09-04T15:45:19.7868280Z cachedir: .pytest_cache
2026-09-04T15:45:19.7868878Z rootdir: /home/runner/work/log-generation/log-generation
2026-09-04T15:45:19.7869228Z configfile: pytest.ini
2026-09-04T15:45:19.7932897Z collecting ... collected 6 items
2026-09-04T15:45:19.7933285Z 
2026-09-04T15:45:19.7940222Z tests/test_app.py::test_calculate_division PASSED                        [ 16%]
2026-09-04T15:45:19.7946103Z tests/test_app.py::test_convert_to_int PASSED                            [ 33%]
2026-09-04T15:45:19.7952797Z tests/test_app.py::test_get_list_item PASSED                             [ 50%]
2026-09-04T15:45:19.7958104Z tests/test_app.py::test_get_dict_value PASSED                            [ 66%]
2026-09-04T15:45:19.7963972Z tests/test_app.py::test_assert_positive PASSED                           [ 83%]
2026-09-04T15:45:19.8202540Z tests/test_app.py::test_type_error FAILED                                [100%]
2026-09-04T15:45:19.8203083Z 
2026-09-04T15:45:19.8203297Z =================================== FAILURES ===================================
2026-09-04T15:45:19.8203785Z _______________________________ test_type_error ________________________________
2026-09-04T15:45:19.8204146Z 
2026-09-04T15:45:19.8204267Z     def test_type_error():
2026-09-04T15:45:19.8204601Z         """Injected synthetic TypeError."""
2026-09-04T15:45:19.8205011Z         from src.app import calculate_division
2026-09-04T15:45:19.8205464Z >       calculate_division("invalid_string", 5)
2026-09-04T15:45:19.8205732Z 
2026-09-04T15:45:19.8209529Z tests/test_app.py:133: 
2026-09-04T15:45:19.8209917Z _ _ _ _ _ _ _ _ _ _ _ _ _ _ _ _ _ _ _ _ _ _ _ _ _ _ _ _ _ _ _ _ _ _ _ _ _ _ _ _ 
2026-09-04T15:45:19.8210239Z 
2026-09-04T15:45:19.8210369Z a = 'invalid_string', b = 5
2026-09-04T15:45:19.8210558Z 
2026-09-04T15:45:19.8210690Z     def calculate_division(a, b):
2026-09-04T15:45:19.8211001Z >       return a / b
2026-09-04T15:45:19.8211254Z                ^^^^^
2026-09-04T15:45:19.8211659Z E       TypeError: unsupported operand type(s) for /: 'str' and 'int'
2026-09-04T15:45:19.8212002Z 
2026-09-04T15:45:19.8212116Z src/app.py:2: TypeError
2026-09-04T15:45:19.8212493Z =========================== short test summary info ============================
2026-09-04T15:45:19.8213217Z FAILED tests/test_app.py::test_type_error - TypeError: unsupported operand type(s) for /: 'str' and 'int'
2026-09-04T15:45:19.8214204Z ========================= 1 failed, 5 passed in 0.03s ==========================
2026-09-04T15:45:19.8371313Z ##[error]Process completed with exit code 1.
2026-09-04T15:45:19.8479797Z Node 20 is being deprecated. This workflow is running with Node 24 by default. If you need to temporarily use Node 20, you can set the ACTIONS_ALLOW_USE_UNSECURE_NODE_VERSION=true environment variable. For more information see: https://github.blog/changelog/2025-09-19-deprecation-of-node-20-on-github-actions-runners/
2026-09-04T15:45:19.8480697Z Post job cleanup.
2026-09-04T15:45:19.9172528Z [command]/usr/bin/git version
2026-09-04T15:45:19.9207605Z git version 2.55.0
2026-09-04T15:45:19.9239915Z Temporarily overriding HOME='/home/runner/work/_temp/d6c46692-5b1a-486a-b9f7-c12d32ff5a6c' before making global git config changes
2026-09-04T15:45:19.9240885Z Adding repository directory to the temporary git global config as a safe directory
2026-09-04T15:45:19.9244728Z [command]/usr/bin/git config --global --add safe.directory /home/runner/work/log-generation/log-generation
2026-09-04T15:45:19.9280047Z [command]/usr/bin/git config --local --name-only --get-regexp core\.sshCommand
2026-09-04T15:45:19.9310320Z [command]/usr/bin/git submodule foreach --recursive sh -c "git config --local --name-only --get-regexp 'core\.sshCommand' && git config --local --unset-all 'core.sshCommand' || :"
2026-09-04T15:45:19.9529335Z [command]/usr/bin/git config --local --name-only --get-regexp http\.https\:\/\/github\.com\/\.extraheader
2026-09-04T15:45:19.9555150Z http.https://github.com/.extraheader
2026-09-04T15:45:19.9564756Z [command]/usr/bin/git config --local --unset-all http.https://github.com/.extraheader
2026-09-04T15:45:19.9593324Z [command]/usr/bin/git submodule foreach --recursive sh -c "git config --local --name-only --get-regexp 'http\.https\:\/\/github\.com\/\.extraheader' && git config --local --unset-all 'http.https://github.com/.extraheader' || :"
2026-09-04T15:45:19.9819513Z [command]/usr/bin/git config --local --name-only --get-regexp ^includeIf\.gitdir:
2026-09-04T15:45:19.9854833Z [command]/usr/bin/git submodule foreach --recursive git config --local --show-origin --name-only --get-regexp remote.origin.url
2026-09-04T15:45:20.0195807Z Cleaning up orphan processes
2026-09-04T15:45:20.0422857Z ##[warning]Node.js 20 is deprecated. The following actions target Node.js 20 but are being forced to run on Node.js 24: actions/checkout@v4, actions/setup-python@v5. For more information see: https://github.blog/changelog/2025-09-19-deprecation-of-node-20-on-github-actions-runners/
