ï»¿2026-09-04T11:28:30.4980781Z Current runner version: '2.337.0'
2026-09-04T11:28:30.5008706Z ##[group]Runner Image Provisioner
2026-09-04T11:28:30.5009666Z Hosted Compute Agent
2026-09-04T11:28:30.5010269Z Version: 20260828.587
2026-09-04T11:28:30.5011216Z Commit: abac92662cab4cc7352de4f9f9d2e2419aad9c29
2026-09-04T11:28:30.5011981Z Build Date: 2026-08-28T16:44:25Z
2026-09-04T11:28:30.5012710Z Worker ID: {6b9a6166-3f5f-46d5-a73e-c09093107f50}
2026-09-04T11:28:30.5013577Z Azure Region: westus
2026-09-04T11:28:30.5014153Z ##[endgroup]
2026-09-04T11:28:30.5016105Z ##[group]Operating System
2026-09-04T11:28:30.5016776Z Ubuntu
2026-09-04T11:28:30.5017288Z 24.04.4
2026-09-04T11:28:30.5017916Z LTS
2026-09-04T11:28:30.5018439Z ##[endgroup]
2026-09-04T11:28:30.5019406Z ##[group]Runner Image
2026-09-04T11:28:30.5020059Z Image: ubuntu-24.04
2026-09-04T11:28:30.5020832Z Version: 20260831.293.1
2026-09-04T11:28:30.5022219Z Included Software: https://github.com/actions/runner-images/blob/ubuntu24/20260831.293/images/ubuntu/Ubuntu2404-Readme.md
2026-09-04T11:28:30.5023820Z Image Release: https://github.com/actions/runner-images/releases/tag/ubuntu24%2F20260831.293
2026-09-04T11:28:30.5024806Z ##[endgroup]
2026-09-04T11:28:30.5026115Z ##[group]GITHUB_TOKEN Permissions
2026-09-04T11:28:30.5028457Z Contents: read
2026-09-04T11:28:30.5029057Z Metadata: read
2026-09-04T11:28:30.5029720Z Packages: read
2026-09-04T11:28:30.5030275Z ##[endgroup]
2026-09-04T11:28:30.5032803Z Secret source: Actions
2026-09-04T11:28:30.5034390Z Prepare workflow directory
2026-09-04T11:28:30.5453135Z Prepare all required actions
2026-09-04T11:28:30.5505478Z Getting action download info
2026-09-04T11:28:30.8917093Z Download action repository 'actions/checkout@v4' (SHA:11d5960a326750d5838078e36cf38b85af677262)
2026-09-04T11:28:30.9955854Z Download action repository 'actions/setup-python@v5' (SHA:a26af69be951a213d495a4c3e4e4022e16d87065)
2026-09-04T11:28:31.1812034Z Complete job name: test-f3 (IndexError #48)
2026-09-04T11:28:31.2628796Z Node 20 is being deprecated. This workflow is running with Node 24 by default. If you need to temporarily use Node 20, you can set the ACTIONS_ALLOW_USE_UNSECURE_NODE_VERSION=true environment variable. For more information see: https://github.blog/changelog/2025-09-19-deprecation-of-node-20-on-github-actions-runners/
2026-09-04T11:28:31.2637950Z ##[group]Run actions/checkout@v4
2026-09-04T11:28:31.2638720Z with:
2026-09-04T11:28:31.2639149Z   fetch-depth: 1
2026-09-04T11:28:31.2639635Z   repository: DhruvHegde/log-generation
2026-09-04T11:28:31.2643623Z   token: ***
2026-09-04T11:28:31.2644065Z   ssh-strict: true
2026-09-04T11:28:31.2644510Z   ssh-user: git
2026-09-04T11:28:31.2644963Z   persist-credentials: true
2026-09-04T11:28:31.2645456Z   clean: true
2026-09-04T11:28:31.2645908Z   sparse-checkout-cone-mode: true
2026-09-04T11:28:31.2646431Z   fetch-tags: false
2026-09-04T11:28:31.2646872Z   show-progress: true
2026-09-04T11:28:31.2647319Z   lfs: false
2026-09-04T11:28:31.2647785Z   submodules: false
2026-09-04T11:28:31.2648235Z   set-safe-directory: true
2026-09-04T11:28:31.2648759Z   allow-unsafe-pr-checkout: false
2026-09-04T11:28:31.2649569Z ##[endgroup]
2026-09-04T11:28:31.3684440Z Syncing repository: DhruvHegde/log-generation
2026-09-04T11:28:31.3687191Z ##[group]Getting Git version info
2026-09-04T11:28:31.3688043Z Working directory is '/home/runner/work/log-generation/log-generation'
2026-09-04T11:28:31.3689771Z [command]/usr/bin/git version
2026-09-04T11:28:31.3766142Z git version 2.55.0
2026-09-04T11:28:31.3793522Z ##[endgroup]
2026-09-04T11:28:31.3810752Z Temporarily overriding HOME='/home/runner/work/_temp/1b4447f5-91b4-4445-bccd-7ff249aac8f2' before making global git config changes
2026-09-04T11:28:31.3812846Z Adding repository directory to the temporary git global config as a safe directory
2026-09-04T11:28:31.3817906Z [command]/usr/bin/git config --global --add safe.directory /home/runner/work/log-generation/log-generation
2026-09-04T11:28:31.3875828Z Deleting the contents of '/home/runner/work/log-generation/log-generation'
2026-09-04T11:28:31.3886112Z ##[group]Initializing the repository
2026-09-04T11:28:31.3901871Z [command]/usr/bin/git init /home/runner/work/log-generation/log-generation
2026-09-04T11:28:31.4029827Z hint: Using 'master' as the name for the initial branch. This default branch name
2026-09-04T11:28:31.4032331Z hint: will change to "main" in Git 3.0. To configure the initial branch name
2026-09-04T11:28:31.4034284Z hint: to use in all of your new repositories, which will suppress this warning,
2026-09-04T11:28:31.4037908Z hint: call:
2026-09-04T11:28:31.4038886Z hint:
2026-09-04T11:28:31.4040187Z hint: 	git config --global init.defaultBranch <name>
2026-09-04T11:28:31.4041680Z hint:
2026-09-04T11:28:31.4042682Z hint: Names commonly chosen instead of 'master' are 'main', 'trunk' and
2026-09-04T11:28:31.4044395Z hint: 'development'. The just-created branch can be renamed via this command:
2026-09-04T11:28:31.4045799Z hint:
2026-09-04T11:28:31.4046609Z hint: 	git branch -m <name>
2026-09-04T11:28:31.4047451Z hint:
2026-09-04T11:28:31.4048571Z hint: Disable this message with "git config set advice.defaultBranchName false"
2026-09-04T11:28:31.4050276Z Initialized empty Git repository in /home/runner/work/log-generation/log-generation/.git/
2026-09-04T11:28:31.4053473Z [command]/usr/bin/git remote add origin https://github.com/DhruvHegde/log-generation
2026-09-04T11:28:31.4103288Z ##[endgroup]
2026-09-04T11:28:31.4104847Z ##[group]Disabling automatic garbage collection
2026-09-04T11:28:31.4107416Z [command]/usr/bin/git config --local gc.auto 0
2026-09-04T11:28:31.4142492Z ##[endgroup]
2026-09-04T11:28:31.4143893Z ##[group]Setting up auth
2026-09-04T11:28:31.4150795Z [command]/usr/bin/git config --local --name-only --get-regexp core\.sshCommand
2026-09-04T11:28:31.4186851Z [command]/usr/bin/git submodule foreach --recursive sh -c "git config --local --name-only --get-regexp 'core\.sshCommand' && git config --local --unset-all 'core.sshCommand' || :"
2026-09-04T11:28:31.4572740Z [command]/usr/bin/git config --local --name-only --get-regexp http\.https\:\/\/github\.com\/\.extraheader
2026-09-04T11:28:31.4607324Z [command]/usr/bin/git submodule foreach --recursive sh -c "git config --local --name-only --get-regexp 'http\.https\:\/\/github\.com\/\.extraheader' && git config --local --unset-all 'http.https://github.com/.extraheader' || :"
2026-09-04T11:28:31.4859854Z [command]/usr/bin/git config --local --name-only --get-regexp ^includeIf\.gitdir:
2026-09-04T11:28:31.4905316Z [command]/usr/bin/git submodule foreach --recursive git config --local --show-origin --name-only --get-regexp remote.origin.url
2026-09-04T11:28:31.5139238Z [command]/usr/bin/git config --local http.https://github.com/.extraheader AUTHORIZATION: basic ***
2026-09-04T11:28:31.5181539Z ##[endgroup]
2026-09-04T11:28:31.5195155Z ##[group]Fetching the repository
2026-09-04T11:28:31.5197984Z [command]/usr/bin/git -c protocol.version=2 fetch --no-tags --prune --no-recurse-submodules --depth=1 origin +0c2ddc82b3a248827557edda9affcd6927945898:refs/remotes/origin/feature/f3-test-failures
2026-09-04T11:28:31.9242054Z From https://github.com/DhruvHegde/log-generation
2026-09-04T11:28:31.9243396Z  * [new ref]         0c2ddc82b3a248827557edda9affcd6927945898 -> origin/feature/f3-test-failures
2026-09-04T11:28:31.9246925Z ##[endgroup]
2026-09-04T11:28:31.9247820Z ##[group]Determining the checkout info
2026-09-04T11:28:31.9249598Z ##[endgroup]
2026-09-04T11:28:31.9255843Z [command]/usr/bin/git sparse-checkout disable
2026-09-04T11:28:31.9309778Z [command]/usr/bin/git config --local --unset-all extensions.worktreeConfig
2026-09-04T11:28:31.9343050Z ##[group]Checking out the ref
2026-09-04T11:28:31.9347687Z [command]/usr/bin/git checkout --progress --force -B feature/f3-test-failures refs/remotes/origin/feature/f3-test-failures
2026-09-04T11:28:31.9432665Z Switched to a new branch 'feature/f3-test-failures'
2026-09-04T11:28:31.9438451Z branch 'feature/f3-test-failures' set up to track 'origin/feature/f3-test-failures'.
2026-09-04T11:28:31.9444474Z ##[endgroup]
2026-09-04T11:28:31.9490252Z [command]/usr/bin/git log -1 --format=%H
2026-09-04T11:28:31.9519509Z 0c2ddc82b3a248827557edda9affcd6927945898
2026-09-04T11:28:31.9813512Z Node 20 is being deprecated. This workflow is running with Node 24 by default. If you need to temporarily use Node 20, you can set the ACTIONS_ALLOW_USE_UNSECURE_NODE_VERSION=true environment variable. For more information see: https://github.blog/changelog/2025-09-19-deprecation-of-node-20-on-github-actions-runners/
2026-09-04T11:28:31.9816569Z ##[group]Run actions/setup-python@v5
2026-09-04T11:28:31.9817198Z with:
2026-09-04T11:28:31.9817675Z   python-version: 3.11
2026-09-04T11:28:31.9818228Z   check-latest: false
2026-09-04T11:28:31.9822532Z   token: ***
2026-09-04T11:28:31.9823074Z   update-environment: true
2026-09-04T11:28:31.9823651Z   allow-prereleases: false
2026-09-04T11:28:31.9824212Z   freethreaded: false
2026-09-04T11:28:31.9824722Z ##[endgroup]
2026-09-04T11:28:32.1203514Z ##[group]Installed versions
2026-09-04T11:28:32.1302614Z (node:2243) [DEP0040] DeprecationWarning: The `punycode` module is deprecated. Please use a userland alternative instead.
2026-09-04T11:28:32.1305136Z (Use `node --trace-deprecation ...` to show where the warning was created)
2026-09-04T11:28:32.1306620Z Successfully set up CPython (3.11.16)
2026-09-04T11:28:32.1308177Z ##[endgroup]
2026-09-04T11:28:32.1521936Z ##[group]Run pip install --no-cache-dir pytest
2026-09-04T11:28:32.1523334Z [36;1mpip install --no-cache-dir pytest[0m
2026-09-04T11:28:32.1591305Z shell: /usr/bin/bash -e {0}
2026-09-04T11:28:32.1591996Z env:
2026-09-04T11:28:32.1592627Z   pythonLocation: /opt/hostedtoolcache/Python/3.11.16/x64
2026-09-04T11:28:32.1593595Z   PKG_CONFIG_PATH: /opt/hostedtoolcache/Python/3.11.16/x64/lib/pkgconfig
2026-09-04T11:28:32.1594556Z   Python_ROOT_DIR: /opt/hostedtoolcache/Python/3.11.16/x64
2026-09-04T11:28:32.1595418Z   Python2_ROOT_DIR: /opt/hostedtoolcache/Python/3.11.16/x64
2026-09-04T11:28:32.1596272Z   Python3_ROOT_DIR: /opt/hostedtoolcache/Python/3.11.16/x64
2026-09-04T11:28:32.1687137Z   LD_LIBRARY_PATH: /opt/hostedtoolcache/Python/3.11.16/x64/lib
2026-09-04T11:28:32.1688157Z ##[endgroup]
2026-09-04T11:28:32.9778301Z Collecting pytest
2026-09-04T11:28:33.0239521Z   Downloading pytest-9.1.1-py3-none-any.whl.metadata (7.6 kB)
2026-09-04T11:28:33.0317611Z Collecting iniconfig>=1.0.1 (from pytest)
2026-09-04T11:28:33.0348711Z   Downloading iniconfig-2.3.0-py3-none-any.whl.metadata (2.5 kB)
2026-09-04T11:28:33.0445376Z Collecting packaging>=22 (from pytest)
2026-09-04T11:28:33.0476670Z   Downloading packaging-26.3-py3-none-any.whl.metadata (3.5 kB)
2026-09-04T11:28:33.0546559Z Collecting pluggy<2,>=1.5 (from pytest)
2026-09-04T11:28:33.0575367Z   Downloading pluggy-1.6.0-py3-none-any.whl.metadata (4.8 kB)
2026-09-04T11:28:33.0705075Z Collecting pygments>=2.7.2 (from pytest)
2026-09-04T11:28:33.0738245Z   Downloading pygments-2.21.0-py3-none-any.whl.metadata (2.5 kB)
2026-09-04T11:28:33.0795659Z Downloading pytest-9.1.1-py3-none-any.whl (386 kB)
2026-09-04T11:28:33.1004491Z Downloading pluggy-1.6.0-py3-none-any.whl (20 kB)
2026-09-04T11:28:33.1034011Z Downloading iniconfig-2.3.0-py3-none-any.whl (7.5 kB)
2026-09-04T11:28:33.1064738Z Downloading packaging-26.3-py3-none-any.whl (129 kB)
2026-09-04T11:28:33.1104528Z Downloading pygments-2.21.0-py3-none-any.whl (1.3 MB)
2026-09-04T11:28:33.1224201Z    ââââââââââââââââââââââââââââââââââââââââ 1.3/1.3 MB 134.9 MB/s  0:00:00
2026-09-04T11:28:33.1896490Z Installing collected packages: pygments, pluggy, packaging, iniconfig, pytest
2026-09-04T11:28:34.1861044Z 
2026-09-04T11:28:34.1869719Z Successfully installed iniconfig-2.3.0 packaging-26.3 pluggy-1.6.0 pygments-2.21.0 pytest-9.1.1
2026-09-04T11:28:34.2481658Z ##[group]Run python automation/inject_mutation.py --error-type "IndexError"
2026-09-04T11:28:34.2482311Z [36;1mpython automation/inject_mutation.py --error-type "IndexError"[0m
2026-09-04T11:28:34.2522002Z shell: /usr/bin/bash -e {0}
2026-09-04T11:28:34.2522294Z env:
2026-09-04T11:28:34.2522590Z   pythonLocation: /opt/hostedtoolcache/Python/3.11.16/x64
2026-09-04T11:28:34.2523296Z   PKG_CONFIG_PATH: /opt/hostedtoolcache/Python/3.11.16/x64/lib/pkgconfig
2026-09-04T11:28:34.2523746Z   Python_ROOT_DIR: /opt/hostedtoolcache/Python/3.11.16/x64
2026-09-04T11:28:34.2524139Z   Python2_ROOT_DIR: /opt/hostedtoolcache/Python/3.11.16/x64
2026-09-04T11:28:34.2524543Z   Python3_ROOT_DIR: /opt/hostedtoolcache/Python/3.11.16/x64
2026-09-04T11:28:34.2524938Z   LD_LIBRARY_PATH: /opt/hostedtoolcache/Python/3.11.16/x64/lib
2026-09-04T11:28:34.2525297Z ##[endgroup]
2026-09-04T11:28:34.2856785Z [Mutation Injected] Successfully injected IndexError into tests/test_app.py
2026-09-04T11:28:34.2946720Z ##[group]Run pytest tests/test_app.py -v
2026-09-04T11:28:34.2947135Z [36;1mpytest tests/test_app.py -v[0m
2026-09-04T11:28:34.2987422Z shell: /usr/bin/bash -e {0}
2026-09-04T11:28:34.2987708Z env:
2026-09-04T11:28:34.2988000Z   pythonLocation: /opt/hostedtoolcache/Python/3.11.16/x64
2026-09-04T11:28:34.2988456Z   PKG_CONFIG_PATH: /opt/hostedtoolcache/Python/3.11.16/x64/lib/pkgconfig
2026-09-04T11:28:34.2988916Z   Python_ROOT_DIR: /opt/hostedtoolcache/Python/3.11.16/x64
2026-09-04T11:28:34.2989312Z   Python2_ROOT_DIR: /opt/hostedtoolcache/Python/3.11.16/x64
2026-09-04T11:28:34.2989722Z   Python3_ROOT_DIR: /opt/hostedtoolcache/Python/3.11.16/x64
2026-09-04T11:28:34.2990118Z   LD_LIBRARY_PATH: /opt/hostedtoolcache/Python/3.11.16/x64/lib
2026-09-04T11:28:34.2990691Z ##[endgroup]
2026-09-04T11:28:35.1216917Z ============================= test session starts ==============================
2026-09-04T11:28:35.1218277Z platform linux -- Python 3.11.16, pytest-9.1.1, pluggy-1.6.0 -- /opt/hostedtoolcache/Python/3.11.16/x64/bin/python
2026-09-04T11:28:35.1219398Z cachedir: .pytest_cache
2026-09-04T11:28:35.1220107Z rootdir: /home/runner/work/log-generation/log-generation
2026-09-04T11:28:35.1221156Z configfile: pytest.ini
2026-09-04T11:28:35.1312026Z collecting ... collected 6 items
2026-09-04T11:28:35.1312617Z 
2026-09-04T11:28:35.1321606Z tests/test_app.py::test_calculate_division PASSED                        [ 16%]
2026-09-04T11:28:35.1329473Z tests/test_app.py::test_convert_to_int PASSED                            [ 33%]
2026-09-04T11:28:35.1338157Z tests/test_app.py::test_get_list_item PASSED                             [ 50%]
2026-09-04T11:28:35.1345835Z tests/test_app.py::test_get_dict_value PASSED                            [ 66%]
2026-09-04T11:28:35.1353251Z tests/test_app.py::test_assert_positive PASSED                           [ 83%]
2026-09-04T11:28:35.1646335Z tests/test_app.py::test_index_error FAILED                               [100%]
2026-09-04T11:28:35.1647030Z 
2026-09-04T11:28:35.1647289Z =================================== FAILURES ===================================
2026-09-04T11:28:35.1648019Z _______________________________ test_index_error _______________________________
2026-09-04T11:28:35.1648518Z 
2026-09-04T11:28:35.1648689Z     def test_index_error():
2026-09-04T11:28:35.1649146Z         """Injected synthetic IndexError."""
2026-09-04T11:28:35.1649680Z         from src.app import get_list_item
2026-09-04T11:28:35.1650176Z         dataset = [10, 20, 30]
2026-09-04T11:28:35.1650825Z >       get_list_item(dataset, 999)
2026-09-04T11:28:35.1651139Z 
2026-09-04T11:28:35.1651297Z tests/test_app.py:132: 
2026-09-04T11:28:35.1651810Z _ _ _ _ _ _ _ _ _ _ _ _ _ _ _ _ _ _ _ _ _ _ _ _ _ _ _ _ _ _ _ _ _ _ _ _ _ _ _ _ 
2026-09-04T11:28:35.1652242Z 
2026-09-04T11:28:35.1652401Z lst = [10, 20, 30], index = 999
2026-09-04T11:28:35.1652683Z 
2026-09-04T11:28:35.1652853Z     def get_list_item(lst, index):
2026-09-04T11:28:35.1653285Z >       return lst[index]
2026-09-04T11:28:35.1653671Z                ^^^^^^^^^^
2026-09-04T11:28:35.1654081Z E       IndexError: list index out of range
2026-09-04T11:28:35.1654412Z 
2026-09-04T11:28:35.1654573Z src/app.py:8: IndexError
2026-09-04T11:28:35.1655079Z =========================== short test summary info ============================
2026-09-04T11:28:35.1655928Z FAILED tests/test_app.py::test_index_error - IndexError: list index out of range
2026-09-04T11:28:35.1657188Z ========================= 1 failed, 5 passed in 0.03s ==========================
2026-09-04T11:28:35.1845716Z ##[error]Process completed with exit code 1.
2026-09-04T11:28:35.1993074Z Node 20 is being deprecated. This workflow is running with Node 24 by default. If you need to temporarily use Node 20, you can set the ACTIONS_ALLOW_USE_UNSECURE_NODE_VERSION=true environment variable. For more information see: https://github.blog/changelog/2025-09-19-deprecation-of-node-20-on-github-actions-runners/
2026-09-04T11:28:35.1994350Z Post job cleanup.
2026-09-04T11:28:35.2873128Z [command]/usr/bin/git version
2026-09-04T11:28:35.2921014Z git version 2.55.0
2026-09-04T11:28:35.2967840Z Temporarily overriding HOME='/home/runner/work/_temp/3f3deddd-3ff9-4fea-9448-8af2b7e81011' before making global git config changes
2026-09-04T11:28:35.2969424Z Adding repository directory to the temporary git global config as a safe directory
2026-09-04T11:28:35.2975155Z [command]/usr/bin/git config --global --add safe.directory /home/runner/work/log-generation/log-generation
2026-09-04T11:28:35.3019086Z [command]/usr/bin/git config --local --name-only --get-regexp core\.sshCommand
2026-09-04T11:28:35.3057876Z [command]/usr/bin/git submodule foreach --recursive sh -c "git config --local --name-only --get-regexp 'core\.sshCommand' && git config --local --unset-all 'core.sshCommand' || :"
2026-09-04T11:28:35.3325714Z [command]/usr/bin/git config --local --name-only --get-regexp http\.https\:\/\/github\.com\/\.extraheader
2026-09-04T11:28:35.3354999Z http.https://github.com/.extraheader
2026-09-04T11:28:35.3367950Z [command]/usr/bin/git config --local --unset-all http.https://github.com/.extraheader
2026-09-04T11:28:35.3404197Z [command]/usr/bin/git submodule foreach --recursive sh -c "git config --local --name-only --get-regexp 'http\.https\:\/\/github\.com\/\.extraheader' && git config --local --unset-all 'http.https://github.com/.extraheader' || :"
2026-09-04T11:28:35.3676278Z [command]/usr/bin/git config --local --name-only --get-regexp ^includeIf\.gitdir:
2026-09-04T11:28:35.3718094Z [command]/usr/bin/git submodule foreach --recursive git config --local --show-origin --name-only --get-regexp remote.origin.url
2026-09-04T11:28:35.4118526Z Cleaning up orphan processes
2026-09-04T11:28:35.4396848Z ##[warning]Node.js 20 is deprecated. The following actions target Node.js 20 but are being forced to run on Node.js 24: actions/checkout@v4, actions/setup-python@v5. For more information see: https://github.blog/changelog/2025-09-19-deprecation-of-node-20-on-github-actions-runners/
