ï»¿2026-09-04T11:16:06.5661942Z Current runner version: '2.337.0'
2026-09-04T11:16:06.5688630Z ##[group]Runner Image Provisioner
2026-09-04T11:16:06.5689527Z Hosted Compute Agent
2026-09-04T11:16:06.5690322Z Version: 20260828.587
2026-09-04T11:16:06.5691041Z Commit: abac92662cab4cc7352de4f9f9d2e2419aad9c29
2026-09-04T11:16:06.5691842Z Build Date: 2026-08-28T16:44:25Z
2026-09-04T11:16:06.5692630Z Worker ID: {c4a5c67d-7078-467f-bfe9-8a8f6dd33c5d}
2026-09-04T11:16:06.5693389Z Azure Region: centralus
2026-09-04T11:16:06.5694052Z ##[endgroup]
2026-09-04T11:16:06.5696018Z ##[group]Operating System
2026-09-04T11:16:06.5696715Z Ubuntu
2026-09-04T11:16:06.5697434Z 24.04.4
2026-09-04T11:16:06.5697998Z LTS
2026-09-04T11:16:06.5699092Z ##[endgroup]
2026-09-04T11:16:06.5699758Z ##[group]Runner Image
2026-09-04T11:16:06.5700400Z Image: ubuntu-24.04
2026-09-04T11:16:06.5701137Z Version: 20260831.293.1
2026-09-04T11:16:06.5702508Z Included Software: https://github.com/actions/runner-images/blob/ubuntu24/20260831.293/images/ubuntu/Ubuntu2404-Readme.md
2026-09-04T11:16:06.5704248Z Image Release: https://github.com/actions/runner-images/releases/tag/ubuntu24%2F20260831.293
2026-09-04T11:16:06.5705583Z ##[endgroup]
2026-09-04T11:16:06.5706904Z ##[group]GITHUB_TOKEN Permissions
2026-09-04T11:16:06.5709409Z Contents: read
2026-09-04T11:16:06.5710203Z Metadata: read
2026-09-04T11:16:06.5710814Z Packages: read
2026-09-04T11:16:06.5711489Z ##[endgroup]
2026-09-04T11:16:06.5713703Z Secret source: Actions
2026-09-04T11:16:06.5715615Z Prepare workflow directory
2026-09-04T11:16:06.6060817Z Prepare all required actions
2026-09-04T11:16:06.6110869Z Getting action download info
2026-09-04T11:16:06.8684391Z Download action repository 'actions/checkout@v4' (SHA:11d5960a326750d5838078e36cf38b85af677262)
2026-09-04T11:16:06.9970342Z Download action repository 'actions/setup-python@v5' (SHA:a26af69be951a213d495a4c3e4e4022e16d87065)
2026-09-04T11:16:07.1850543Z Complete job name: test-f3 (AttributeError #82)
2026-09-04T11:16:07.2626711Z Node 20 is being deprecated. This workflow is running with Node 24 by default. If you need to temporarily use Node 20, you can set the ACTIONS_ALLOW_USE_UNSECURE_NODE_VERSION=true environment variable. For more information see: https://github.blog/changelog/2025-09-19-deprecation-of-node-20-on-github-actions-runners/
2026-09-04T11:16:07.2635764Z ##[group]Run actions/checkout@v4
2026-09-04T11:16:07.2636563Z with:
2026-09-04T11:16:07.2636997Z   fetch-depth: 1
2026-09-04T11:16:07.2637478Z   repository: DhruvHegde/log-generation
2026-09-04T11:16:07.2641247Z   token: ***
2026-09-04T11:16:07.2641678Z   ssh-strict: true
2026-09-04T11:16:07.2642110Z   ssh-user: git
2026-09-04T11:16:07.2642553Z   persist-credentials: true
2026-09-04T11:16:07.2643047Z   clean: true
2026-09-04T11:16:07.2643501Z   sparse-checkout-cone-mode: true
2026-09-04T11:16:07.2644019Z   fetch-tags: false
2026-09-04T11:16:07.2644518Z   show-progress: true
2026-09-04T11:16:07.2644961Z   lfs: false
2026-09-04T11:16:07.2645574Z   submodules: false
2026-09-04T11:16:07.2646034Z   set-safe-directory: true
2026-09-04T11:16:07.2646545Z   allow-unsafe-pr-checkout: false
2026-09-04T11:16:07.2647332Z ##[endgroup]
2026-09-04T11:16:07.3678682Z Syncing repository: DhruvHegde/log-generation
2026-09-04T11:16:07.3681288Z ##[group]Getting Git version info
2026-09-04T11:16:07.3682535Z Working directory is '/home/runner/work/log-generation/log-generation'
2026-09-04T11:16:07.3684287Z [command]/usr/bin/git version
2026-09-04T11:16:07.3740684Z git version 2.55.0
2026-09-04T11:16:07.3763471Z ##[endgroup]
2026-09-04T11:16:07.3779459Z Temporarily overriding HOME='/home/runner/work/_temp/18342f91-af63-4134-8acb-1be22bcea731' before making global git config changes
2026-09-04T11:16:07.3781931Z Adding repository directory to the temporary git global config as a safe directory
2026-09-04T11:16:07.3784997Z [command]/usr/bin/git config --global --add safe.directory /home/runner/work/log-generation/log-generation
2026-09-04T11:16:07.3849359Z Deleting the contents of '/home/runner/work/log-generation/log-generation'
2026-09-04T11:16:07.3853483Z ##[group]Initializing the repository
2026-09-04T11:16:07.3859283Z [command]/usr/bin/git init /home/runner/work/log-generation/log-generation
2026-09-04T11:16:07.3991058Z hint: Using 'master' as the name for the initial branch. This default branch name
2026-09-04T11:16:07.3992834Z hint: will change to "main" in Git 3.0. To configure the initial branch name
2026-09-04T11:16:07.3994763Z hint: to use in all of your new repositories, which will suppress this warning,
2026-09-04T11:16:07.3996380Z hint: call:
2026-09-04T11:16:07.3997073Z hint:
2026-09-04T11:16:07.3998186Z hint: 	git config --global init.defaultBranch <name>
2026-09-04T11:16:07.3999630Z hint:
2026-09-04T11:16:07.4000891Z hint: Names commonly chosen instead of 'master' are 'main', 'trunk' and
2026-09-04T11:16:07.4002643Z hint: 'development'. The just-created branch can be renamed via this command:
2026-09-04T11:16:07.4004265Z hint:
2026-09-04T11:16:07.4005871Z hint: 	git branch -m <name>
2026-09-04T11:16:07.4007070Z hint:
2026-09-04T11:16:07.4008570Z hint: Disable this message with "git config set advice.defaultBranchName false"
2026-09-04T11:16:07.4010503Z Initialized empty Git repository in /home/runner/work/log-generation/log-generation/.git/
2026-09-04T11:16:07.4013853Z [command]/usr/bin/git remote add origin https://github.com/DhruvHegde/log-generation
2026-09-04T11:16:07.4065062Z ##[endgroup]
2026-09-04T11:16:07.4066847Z ##[group]Disabling automatic garbage collection
2026-09-04T11:16:07.4069902Z [command]/usr/bin/git config --local gc.auto 0
2026-09-04T11:16:07.4104167Z ##[endgroup]
2026-09-04T11:16:07.4105586Z ##[group]Setting up auth
2026-09-04T11:16:07.4112082Z [command]/usr/bin/git config --local --name-only --get-regexp core\.sshCommand
2026-09-04T11:16:07.4147308Z [command]/usr/bin/git submodule foreach --recursive sh -c "git config --local --name-only --get-regexp 'core\.sshCommand' && git config --local --unset-all 'core.sshCommand' || :"
2026-09-04T11:16:07.4594665Z [command]/usr/bin/git config --local --name-only --get-regexp http\.https\:\/\/github\.com\/\.extraheader
2026-09-04T11:16:07.4631457Z [command]/usr/bin/git submodule foreach --recursive sh -c "git config --local --name-only --get-regexp 'http\.https\:\/\/github\.com\/\.extraheader' && git config --local --unset-all 'http.https://github.com/.extraheader' || :"
2026-09-04T11:16:07.4863487Z [command]/usr/bin/git config --local --name-only --get-regexp ^includeIf\.gitdir:
2026-09-04T11:16:07.4901673Z [command]/usr/bin/git submodule foreach --recursive git config --local --show-origin --name-only --get-regexp remote.origin.url
2026-09-04T11:16:07.5136639Z [command]/usr/bin/git config --local http.https://github.com/.extraheader AUTHORIZATION: basic ***
2026-09-04T11:16:07.5177156Z ##[endgroup]
2026-09-04T11:16:07.5178324Z ##[group]Fetching the repository
2026-09-04T11:16:07.5187766Z [command]/usr/bin/git -c protocol.version=2 fetch --no-tags --prune --no-recurse-submodules --depth=1 origin +55701f2ee203be18f432be2dca839cc73b92fb5e:refs/remotes/origin/feature/f3-test-failures
2026-09-04T11:16:07.8519913Z From https://github.com/DhruvHegde/log-generation
2026-09-04T11:16:07.8521716Z  * [new ref]         55701f2ee203be18f432be2dca839cc73b92fb5e -> origin/feature/f3-test-failures
2026-09-04T11:16:07.8525918Z ##[endgroup]
2026-09-04T11:16:07.8527009Z ##[group]Determining the checkout info
2026-09-04T11:16:07.8529017Z ##[endgroup]
2026-09-04T11:16:07.8534768Z [command]/usr/bin/git sparse-checkout disable
2026-09-04T11:16:07.8591498Z [command]/usr/bin/git config --local --unset-all extensions.worktreeConfig
2026-09-04T11:16:07.8622969Z ##[group]Checking out the ref
2026-09-04T11:16:07.8628290Z [command]/usr/bin/git checkout --progress --force -B feature/f3-test-failures refs/remotes/origin/feature/f3-test-failures
2026-09-04T11:16:07.8717787Z Switched to a new branch 'feature/f3-test-failures'
2026-09-04T11:16:07.8724789Z branch 'feature/f3-test-failures' set up to track 'origin/feature/f3-test-failures'.
2026-09-04T11:16:07.8730291Z ##[endgroup]
2026-09-04T11:16:07.8775894Z [command]/usr/bin/git log -1 --format=%H
2026-09-04T11:16:07.8803769Z 55701f2ee203be18f432be2dca839cc73b92fb5e
2026-09-04T11:16:07.9086085Z Node 20 is being deprecated. This workflow is running with Node 24 by default. If you need to temporarily use Node 20, you can set the ACTIONS_ALLOW_USE_UNSECURE_NODE_VERSION=true environment variable. For more information see: https://github.blog/changelog/2025-09-19-deprecation-of-node-20-on-github-actions-runners/
2026-09-04T11:16:07.9088715Z ##[group]Run actions/setup-python@v5
2026-09-04T11:16:07.9089260Z with:
2026-09-04T11:16:07.9089673Z   python-version: 3.11
2026-09-04T11:16:07.9090134Z   check-latest: false
2026-09-04T11:16:07.9093835Z   token: ***
2026-09-04T11:16:07.9094286Z   update-environment: true
2026-09-04T11:16:07.9094815Z   allow-prereleases: false
2026-09-04T11:16:07.9095576Z   freethreaded: false
2026-09-04T11:16:07.9096053Z ##[endgroup]
2026-09-04T11:16:08.0459949Z ##[group]Installed versions
2026-09-04T11:16:08.0704874Z (node:2363) [DEP0040] DeprecationWarning: The `punycode` module is deprecated. Please use a userland alternative instead.
2026-09-04T11:16:08.0708249Z (Use `node --trace-deprecation ...` to show where the warning was created)
2026-09-04T11:16:08.0709686Z Successfully set up CPython (3.11.16)
2026-09-04T11:16:08.0710943Z ##[endgroup]
2026-09-04T11:16:08.0895100Z ##[group]Run pip install --no-cache-dir pytest
2026-09-04T11:16:08.0896259Z [36;1mpip install --no-cache-dir pytest[0m
2026-09-04T11:16:08.0948603Z shell: /usr/bin/bash -e {0}
2026-09-04T11:16:08.0949193Z env:
2026-09-04T11:16:08.0949757Z   pythonLocation: /opt/hostedtoolcache/Python/3.11.16/x64
2026-09-04T11:16:08.0950673Z   PKG_CONFIG_PATH: /opt/hostedtoolcache/Python/3.11.16/x64/lib/pkgconfig
2026-09-04T11:16:08.0951624Z   Python_ROOT_DIR: /opt/hostedtoolcache/Python/3.11.16/x64
2026-09-04T11:16:08.0952478Z   Python2_ROOT_DIR: /opt/hostedtoolcache/Python/3.11.16/x64
2026-09-04T11:16:08.0953335Z   Python3_ROOT_DIR: /opt/hostedtoolcache/Python/3.11.16/x64
2026-09-04T11:16:08.0954230Z   LD_LIBRARY_PATH: /opt/hostedtoolcache/Python/3.11.16/x64/lib
2026-09-04T11:16:08.1051989Z ##[endgroup]
2026-09-04T11:16:10.9840616Z Collecting pytest
2026-09-04T11:16:11.0650531Z   Downloading pytest-9.1.1-py3-none-any.whl.metadata (7.6 kB)
2026-09-04T11:16:11.0860687Z Collecting iniconfig>=1.0.1 (from pytest)
2026-09-04T11:16:11.0997397Z   Downloading iniconfig-2.3.0-py3-none-any.whl.metadata (2.5 kB)
2026-09-04T11:16:11.1231342Z Collecting packaging>=22 (from pytest)
2026-09-04T11:16:11.1367789Z   Downloading packaging-26.3-py3-none-any.whl.metadata (3.5 kB)
2026-09-04T11:16:11.1572691Z Collecting pluggy<2,>=1.5 (from pytest)
2026-09-04T11:16:11.1707965Z   Downloading pluggy-1.6.0-py3-none-any.whl.metadata (4.8 kB)
2026-09-04T11:16:11.2059077Z Collecting pygments>=2.7.2 (from pytest)
2026-09-04T11:16:11.2198907Z   Downloading pygments-2.21.0-py3-none-any.whl.metadata (2.5 kB)
2026-09-04T11:16:11.2383062Z Downloading pytest-9.1.1-py3-none-any.whl (386 kB)
2026-09-04T11:16:11.2991635Z Downloading pluggy-1.6.0-py3-none-any.whl (20 kB)
2026-09-04T11:16:11.3130590Z Downloading iniconfig-2.3.0-py3-none-any.whl (7.5 kB)
2026-09-04T11:16:11.3270178Z Downloading packaging-26.3-py3-none-any.whl (129 kB)
2026-09-04T11:16:11.3422685Z Downloading pygments-2.21.0-py3-none-any.whl (1.3 MB)
2026-09-04T11:16:11.3849364Z    ââââââââââââââââââââââââââââââââââââââââ 1.3/1.3 MB 27.0 MB/s  0:00:00
2026-09-04T11:16:11.5410745Z Installing collected packages: pygments, pluggy, packaging, iniconfig, pytest
2026-09-04T11:16:12.5302567Z 
2026-09-04T11:16:12.5312958Z Successfully installed iniconfig-2.3.0 packaging-26.3 pluggy-1.6.0 pygments-2.21.0 pytest-9.1.1
2026-09-04T11:16:12.5971357Z ##[group]Run python automation/inject_mutation.py --error-type "AttributeError"
2026-09-04T11:16:12.5972093Z [36;1mpython automation/inject_mutation.py --error-type "AttributeError"[0m
2026-09-04T11:16:12.6012107Z shell: /usr/bin/bash -e {0}
2026-09-04T11:16:12.6012447Z env:
2026-09-04T11:16:12.6012805Z   pythonLocation: /opt/hostedtoolcache/Python/3.11.16/x64
2026-09-04T11:16:12.6013559Z   PKG_CONFIG_PATH: /opt/hostedtoolcache/Python/3.11.16/x64/lib/pkgconfig
2026-09-04T11:16:12.6014100Z   Python_ROOT_DIR: /opt/hostedtoolcache/Python/3.11.16/x64
2026-09-04T11:16:12.6014588Z   Python2_ROOT_DIR: /opt/hostedtoolcache/Python/3.11.16/x64
2026-09-04T11:16:12.6015092Z   Python3_ROOT_DIR: /opt/hostedtoolcache/Python/3.11.16/x64
2026-09-04T11:16:12.6015754Z   LD_LIBRARY_PATH: /opt/hostedtoolcache/Python/3.11.16/x64/lib
2026-09-04T11:16:12.6016213Z ##[endgroup]
2026-09-04T11:16:12.6324393Z [Mutation Injected] Successfully injected AttributeError into tests/test_app.py
2026-09-04T11:16:12.6404024Z ##[group]Run pytest tests/test_app.py -v
2026-09-04T11:16:12.6404480Z [36;1mpytest tests/test_app.py -v[0m
2026-09-04T11:16:12.6444587Z shell: /usr/bin/bash -e {0}
2026-09-04T11:16:12.6444919Z env:
2026-09-04T11:16:12.6445526Z   pythonLocation: /opt/hostedtoolcache/Python/3.11.16/x64
2026-09-04T11:16:12.6446086Z   PKG_CONFIG_PATH: /opt/hostedtoolcache/Python/3.11.16/x64/lib/pkgconfig
2026-09-04T11:16:12.6446688Z   Python_ROOT_DIR: /opt/hostedtoolcache/Python/3.11.16/x64
2026-09-04T11:16:12.6447213Z   Python2_ROOT_DIR: /opt/hostedtoolcache/Python/3.11.16/x64
2026-09-04T11:16:12.6447743Z   Python3_ROOT_DIR: /opt/hostedtoolcache/Python/3.11.16/x64
2026-09-04T11:16:12.6448273Z   LD_LIBRARY_PATH: /opt/hostedtoolcache/Python/3.11.16/x64/lib
2026-09-04T11:16:12.6448731Z ##[endgroup]
2026-09-04T11:16:13.1944676Z ============================= test session starts ==============================
2026-09-04T11:16:13.1946434Z platform linux -- Python 3.11.16, pytest-9.1.1, pluggy-1.6.0 -- /opt/hostedtoolcache/Python/3.11.16/x64/bin/python
2026-09-04T11:16:13.1947514Z cachedir: .pytest_cache
2026-09-04T11:16:13.1948095Z rootdir: /home/runner/work/log-generation/log-generation
2026-09-04T11:16:13.2035995Z configfile: pytest.ini
2026-09-04T11:16:13.2036845Z collecting ... collected 6 items
2026-09-04T11:16:13.2037175Z 
2026-09-04T11:16:13.2045491Z tests/test_app.py::test_calculate_division PASSED                        [ 16%]
2026-09-04T11:16:13.2052931Z tests/test_app.py::test_convert_to_int PASSED                            [ 33%]
2026-09-04T11:16:13.2060885Z tests/test_app.py::test_get_list_item PASSED                             [ 50%]
2026-09-04T11:16:13.2067734Z tests/test_app.py::test_get_dict_value PASSED                            [ 66%]
2026-09-04T11:16:13.2074507Z tests/test_app.py::test_assert_positive PASSED                           [ 83%]
2026-09-04T11:16:13.2353560Z tests/test_app.py::test_attribute_error FAILED                           [100%]
2026-09-04T11:16:13.2354487Z 
2026-09-04T11:16:13.2354810Z =================================== FAILURES ===================================
2026-09-04T11:16:13.2356048Z _____________________________ test_attribute_error _____________________________
2026-09-04T11:16:13.2356573Z 
2026-09-04T11:16:13.2356760Z     def test_attribute_error():
2026-09-04T11:16:13.2357316Z         """Injected synthetic AttributeError."""
2026-09-04T11:16:13.2358023Z         from src.app import get_object_attribute
2026-09-04T11:16:13.2358590Z >       get_object_attribute(object())
2026-09-04T11:16:13.2358939Z 
2026-09-04T11:16:13.2359116Z tests/test_app.py:129: 
2026-09-04T11:16:13.2359642Z _ _ _ _ _ _ _ _ _ _ _ _ _ _ _ _ _ _ _ _ _ _ _ _ _ _ _ _ _ _ _ _ _ _ _ _ _ _ _ _ 
2026-09-04T11:16:13.2360105Z 
2026-09-04T11:16:13.2360297Z obj = <object object at 0x7f967849d370>
2026-09-04T11:16:13.2360709Z 
2026-09-04T11:16:13.2360905Z     def get_object_attribute(obj):
2026-09-04T11:16:13.2361407Z >       return obj.non_existent_attribute
2026-09-04T11:16:13.2361973Z                ^^^^^^^^^^^^^^^^^^^^^^^^^^
2026-09-04T11:16:13.2362712Z E       AttributeError: 'object' object has no attribute 'non_existent_attribute'
2026-09-04T11:16:13.2363308Z 
2026-09-04T11:16:13.2363496Z src/app.py:14: AttributeError
2026-09-04T11:16:13.2364076Z =========================== short test summary info ============================
2026-09-04T11:16:13.2365548Z FAILED tests/test_app.py::test_attribute_error - AttributeError: 'object' object has no attribute 'non_existent_attribute'
2026-09-04T11:16:13.2367190Z ========================= 1 failed, 5 passed in 0.03s ==========================
2026-09-04T11:16:13.2551924Z ##[error]Process completed with exit code 1.
2026-09-04T11:16:13.2702506Z Node 20 is being deprecated. This workflow is running with Node 24 by default. If you need to temporarily use Node 20, you can set the ACTIONS_ALLOW_USE_UNSECURE_NODE_VERSION=true environment variable. For more information see: https://github.blog/changelog/2025-09-19-deprecation-of-node-20-on-github-actions-runners/
2026-09-04T11:16:13.2703794Z Post job cleanup.
2026-09-04T11:16:13.3599243Z [command]/usr/bin/git version
2026-09-04T11:16:13.3645333Z git version 2.55.0
2026-09-04T11:16:13.3690967Z Temporarily overriding HOME='/home/runner/work/_temp/be8692d0-8113-42a3-856a-5c1d83ec97e9' before making global git config changes
2026-09-04T11:16:13.3692990Z Adding repository directory to the temporary git global config as a safe directory
2026-09-04T11:16:13.3698354Z [command]/usr/bin/git config --global --add safe.directory /home/runner/work/log-generation/log-generation
2026-09-04T11:16:13.3741163Z [command]/usr/bin/git config --local --name-only --get-regexp core\.sshCommand
2026-09-04T11:16:13.3778125Z [command]/usr/bin/git submodule foreach --recursive sh -c "git config --local --name-only --get-regexp 'core\.sshCommand' && git config --local --unset-all 'core.sshCommand' || :"
2026-09-04T11:16:13.4051182Z [command]/usr/bin/git config --local --name-only --get-regexp http\.https\:\/\/github\.com\/\.extraheader
2026-09-04T11:16:13.4091642Z http.https://github.com/.extraheader
2026-09-04T11:16:13.4106539Z [command]/usr/bin/git config --local --unset-all http.https://github.com/.extraheader
2026-09-04T11:16:13.4146620Z [command]/usr/bin/git submodule foreach --recursive sh -c "git config --local --name-only --get-regexp 'http\.https\:\/\/github\.com\/\.extraheader' && git config --local --unset-all 'http.https://github.com/.extraheader' || :"
2026-09-04T11:16:13.4413316Z [command]/usr/bin/git config --local --name-only --get-regexp ^includeIf\.gitdir:
2026-09-04T11:16:13.4453668Z [command]/usr/bin/git submodule foreach --recursive git config --local --show-origin --name-only --get-regexp remote.origin.url
2026-09-04T11:16:13.4860667Z Cleaning up orphan processes
2026-09-04T11:16:13.5154591Z ##[warning]Node.js 20 is deprecated. The following actions target Node.js 20 but are being forced to run on Node.js 24: actions/checkout@v4, actions/setup-python@v5. For more information see: https://github.blog/changelog/2025-09-19-deprecation-of-node-20-on-github-actions-runners/
