ï»¿2026-09-04T11:15:56.9608893Z Current runner version: '2.337.0'
2026-09-04T11:15:56.9633903Z ##[group]Runner Image Provisioner
2026-09-04T11:15:56.9634801Z Hosted Compute Agent
2026-09-04T11:15:56.9635400Z Version: 20260819.586
2026-09-04T11:15:56.9636082Z Commit: 3cc4a88dfa507ef76119ad1bb3eccc6378bb2b76
2026-09-04T11:15:56.9636805Z Build Date: 2026-08-18T23:20:18Z
2026-09-04T11:15:56.9637743Z Worker ID: {c0d48d32-1649-48d3-965f-31be8e625c05}
2026-09-04T11:15:56.9638499Z Azure Region: westcentralus
2026-09-04T11:15:56.9639127Z ##[endgroup]
2026-09-04T11:15:56.9640956Z ##[group]Operating System
2026-09-04T11:15:56.9641583Z Ubuntu
2026-09-04T11:15:56.9642139Z 24.04.4
2026-09-04T11:15:56.9642687Z LTS
2026-09-04T11:15:56.9643528Z ##[endgroup]
2026-09-04T11:15:56.9644201Z ##[group]Runner Image
2026-09-04T11:15:56.9644818Z Image: ubuntu-24.04
2026-09-04T11:15:56.9645413Z Version: 20260823.283.1
2026-09-04T11:15:56.9646762Z Included Software: https://github.com/actions/runner-images/blob/ubuntu24/20260823.283/images/ubuntu/Ubuntu2404-Readme.md
2026-09-04T11:15:56.9648806Z Image Release: https://github.com/actions/runner-images/releases/tag/ubuntu24%2F20260823.283
2026-09-04T11:15:56.9649775Z ##[endgroup]
2026-09-04T11:15:56.9651001Z ##[group]GITHUB_TOKEN Permissions
2026-09-04T11:15:56.9653535Z Contents: read
2026-09-04T11:15:56.9654207Z Metadata: read
2026-09-04T11:15:56.9654767Z Packages: read
2026-09-04T11:15:56.9655293Z ##[endgroup]
2026-09-04T11:15:56.9657902Z Secret source: Actions
2026-09-04T11:15:56.9659314Z Prepare workflow directory
2026-09-04T11:15:56.9987205Z Prepare all required actions
2026-09-04T11:15:57.0039886Z Getting action download info
2026-09-04T11:15:57.2966771Z Download action repository 'actions/checkout@v4' (SHA:11d5960a326750d5838078e36cf38b85af677262)
2026-09-04T11:15:57.4301298Z Download action repository 'actions/setup-python@v5' (SHA:a26af69be951a213d495a4c3e4e4022e16d87065)
2026-09-04T11:15:57.6312804Z Complete job name: test-f3 (IndexError #92)
2026-09-04T11:15:57.7031090Z Node 20 is being deprecated. This workflow is running with Node 24 by default. If you need to temporarily use Node 20, you can set the ACTIONS_ALLOW_USE_UNSECURE_NODE_VERSION=true environment variable. For more information see: https://github.blog/changelog/2025-09-19-deprecation-of-node-20-on-github-actions-runners/
2026-09-04T11:15:57.7039961Z ##[group]Run actions/checkout@v4
2026-09-04T11:15:57.7040714Z with:
2026-09-04T11:15:57.7041203Z   fetch-depth: 1
2026-09-04T11:15:57.7041842Z   repository: DhruvHegde/log-generation
2026-09-04T11:15:57.7045972Z   token: ***
2026-09-04T11:15:57.7046501Z   ssh-strict: true
2026-09-04T11:15:57.7047151Z   ssh-user: git
2026-09-04T11:15:57.7047691Z   persist-credentials: true
2026-09-04T11:15:57.7048313Z   clean: true
2026-09-04T11:15:57.7048837Z   sparse-checkout-cone-mode: true
2026-09-04T11:15:57.7049453Z   fetch-tags: false
2026-09-04T11:15:57.7049993Z   show-progress: true
2026-09-04T11:15:57.7050535Z   lfs: false
2026-09-04T11:15:57.7051167Z   submodules: false
2026-09-04T11:15:57.7051691Z   set-safe-directory: true
2026-09-04T11:15:57.7052338Z   allow-unsafe-pr-checkout: false
2026-09-04T11:15:57.7053091Z ##[endgroup]
2026-09-04T11:15:57.8091026Z Syncing repository: DhruvHegde/log-generation
2026-09-04T11:15:57.8093366Z ##[group]Getting Git version info
2026-09-04T11:15:57.8094668Z Working directory is '/home/runner/work/log-generation/log-generation'
2026-09-04T11:15:57.8095961Z [command]/usr/bin/git version
2026-09-04T11:15:57.8161791Z git version 2.55.0
2026-09-04T11:15:57.8180817Z ##[endgroup]
2026-09-04T11:15:57.8197259Z Temporarily overriding HOME='/home/runner/work/_temp/47b17554-2dc2-4ef8-adfc-58360893efc0' before making global git config changes
2026-09-04T11:15:57.8199990Z Adding repository directory to the temporary git global config as a safe directory
2026-09-04T11:15:57.8204869Z [command]/usr/bin/git config --global --add safe.directory /home/runner/work/log-generation/log-generation
2026-09-04T11:15:57.8264476Z Deleting the contents of '/home/runner/work/log-generation/log-generation'
2026-09-04T11:15:57.8268729Z ##[group]Initializing the repository
2026-09-04T11:15:57.8274215Z [command]/usr/bin/git init /home/runner/work/log-generation/log-generation
2026-09-04T11:15:57.8364312Z hint: Using 'master' as the name for the initial branch. This default branch name
2026-09-04T11:15:57.8366008Z hint: will change to "main" in Git 3.0. To configure the initial branch name
2026-09-04T11:15:57.8367876Z hint: to use in all of your new repositories, which will suppress this warning,
2026-09-04T11:15:57.8369249Z hint: call:
2026-09-04T11:15:57.8370214Z hint:
2026-09-04T11:15:57.8371276Z hint: 	git config --global init.defaultBranch <name>
2026-09-04T11:15:57.8372953Z hint:
2026-09-04T11:15:57.8374006Z hint: Names commonly chosen instead of 'master' are 'main', 'trunk' and
2026-09-04T11:15:57.8375597Z hint: 'development'. The just-created branch can be renamed via this command:
2026-09-04T11:15:57.8376849Z hint:
2026-09-04T11:15:57.8378768Z hint: 	git branch -m <name>
2026-09-04T11:15:57.8379597Z hint:
2026-09-04T11:15:57.8380521Z hint: Disable this message with "git config set advice.defaultBranchName false"
2026-09-04T11:15:57.8382164Z Initialized empty Git repository in /home/runner/work/log-generation/log-generation/.git/
2026-09-04T11:15:57.8384851Z [command]/usr/bin/git remote add origin https://github.com/DhruvHegde/log-generation
2026-09-04T11:15:57.8429902Z ##[endgroup]
2026-09-04T11:15:57.8431442Z ##[group]Disabling automatic garbage collection
2026-09-04T11:15:57.8434264Z [command]/usr/bin/git config --local gc.auto 0
2026-09-04T11:15:57.8465061Z ##[endgroup]
2026-09-04T11:15:57.8466394Z ##[group]Setting up auth
2026-09-04T11:15:57.8473229Z [command]/usr/bin/git config --local --name-only --get-regexp core\.sshCommand
2026-09-04T11:15:57.8503427Z [command]/usr/bin/git submodule foreach --recursive sh -c "git config --local --name-only --get-regexp 'core\.sshCommand' && git config --local --unset-all 'core.sshCommand' || :"
2026-09-04T11:15:57.9005998Z [command]/usr/bin/git config --local --name-only --get-regexp http\.https\:\/\/github\.com\/\.extraheader
2026-09-04T11:15:57.9042151Z [command]/usr/bin/git submodule foreach --recursive sh -c "git config --local --name-only --get-regexp 'http\.https\:\/\/github\.com\/\.extraheader' && git config --local --unset-all 'http.https://github.com/.extraheader' || :"
2026-09-04T11:15:57.9238720Z [command]/usr/bin/git config --local --name-only --get-regexp ^includeIf\.gitdir:
2026-09-04T11:15:57.9273601Z [command]/usr/bin/git submodule foreach --recursive git config --local --show-origin --name-only --get-regexp remote.origin.url
2026-09-04T11:15:57.9478858Z [command]/usr/bin/git config --local http.https://github.com/.extraheader AUTHORIZATION: basic ***
2026-09-04T11:15:57.9515112Z ##[endgroup]
2026-09-04T11:15:57.9516343Z ##[group]Fetching the repository
2026-09-04T11:15:57.9525453Z [command]/usr/bin/git -c protocol.version=2 fetch --no-tags --prune --no-recurse-submodules --depth=1 origin +55701f2ee203be18f432be2dca839cc73b92fb5e:refs/remotes/origin/feature/f3-test-failures
2026-09-04T11:15:58.3831817Z From https://github.com/DhruvHegde/log-generation
2026-09-04T11:15:58.3833259Z  * [new ref]         55701f2ee203be18f432be2dca839cc73b92fb5e -> origin/feature/f3-test-failures
2026-09-04T11:15:58.3836175Z ##[endgroup]
2026-09-04T11:15:58.3837343Z ##[group]Determining the checkout info
2026-09-04T11:15:58.3838730Z ##[endgroup]
2026-09-04T11:15:58.3845983Z [command]/usr/bin/git sparse-checkout disable
2026-09-04T11:15:58.3893962Z [command]/usr/bin/git config --local --unset-all extensions.worktreeConfig
2026-09-04T11:15:58.3921448Z ##[group]Checking out the ref
2026-09-04T11:15:58.3926085Z [command]/usr/bin/git checkout --progress --force -B feature/f3-test-failures refs/remotes/origin/feature/f3-test-failures
2026-09-04T11:15:58.4082435Z Switched to a new branch 'feature/f3-test-failures'
2026-09-04T11:15:58.4084256Z branch 'feature/f3-test-failures' set up to track 'origin/feature/f3-test-failures'.
2026-09-04T11:15:58.4088235Z ##[endgroup]
2026-09-04T11:15:58.4090154Z [command]/usr/bin/git log -1 --format=%H
2026-09-04T11:15:58.4091171Z 55701f2ee203be18f432be2dca839cc73b92fb5e
2026-09-04T11:15:58.4383550Z Node 20 is being deprecated. This workflow is running with Node 24 by default. If you need to temporarily use Node 20, you can set the ACTIONS_ALLOW_USE_UNSECURE_NODE_VERSION=true environment variable. For more information see: https://github.blog/changelog/2025-09-19-deprecation-of-node-20-on-github-actions-runners/
2026-09-04T11:15:58.4386747Z ##[group]Run actions/setup-python@v5
2026-09-04T11:15:58.4387813Z with:
2026-09-04T11:15:58.4388619Z   python-version: 3.11
2026-09-04T11:15:58.4389273Z   check-latest: false
2026-09-04T11:15:58.4393931Z   token: ***
2026-09-04T11:15:58.4394507Z   update-environment: true
2026-09-04T11:15:58.4395232Z   allow-prereleases: false
2026-09-04T11:15:58.4395876Z   freethreaded: false
2026-09-04T11:15:58.4396489Z ##[endgroup]
2026-09-04T11:15:58.5785978Z ##[group]Installed versions
2026-09-04T11:15:58.5879955Z (node:2222) [DEP0040] DeprecationWarning: The `punycode` module is deprecated. Please use a userland alternative instead.
2026-09-04T11:15:58.5882574Z (Use `node --trace-deprecation ...` to show where the warning was created)
2026-09-04T11:15:58.5883877Z Successfully set up CPython (3.11.16)
2026-09-04T11:15:58.5885708Z ##[endgroup]
2026-09-04T11:15:58.6088129Z ##[group]Run pip install --no-cache-dir pytest
2026-09-04T11:15:58.6089835Z [36;1mpip install --no-cache-dir pytest[0m
2026-09-04T11:15:58.6151418Z shell: /usr/bin/bash -e {0}
2026-09-04T11:15:58.6152504Z env:
2026-09-04T11:15:58.6153461Z   pythonLocation: /opt/hostedtoolcache/Python/3.11.16/x64
2026-09-04T11:15:58.6155128Z   PKG_CONFIG_PATH: /opt/hostedtoolcache/Python/3.11.16/x64/lib/pkgconfig
2026-09-04T11:15:58.6156684Z   Python_ROOT_DIR: /opt/hostedtoolcache/Python/3.11.16/x64
2026-09-04T11:15:58.6158319Z   Python2_ROOT_DIR: /opt/hostedtoolcache/Python/3.11.16/x64
2026-09-04T11:15:58.6159717Z   Python3_ROOT_DIR: /opt/hostedtoolcache/Python/3.11.16/x64
2026-09-04T11:15:58.6161146Z   LD_LIBRARY_PATH: /opt/hostedtoolcache/Python/3.11.16/x64/lib
2026-09-04T11:15:58.6162455Z ##[endgroup]
2026-09-04T11:16:04.3950282Z Collecting pytest
2026-09-04T11:16:04.4952080Z   Downloading pytest-9.1.1-py3-none-any.whl.metadata (7.6 kB)
2026-09-04T11:16:04.5194084Z Collecting iniconfig>=1.0.1 (from pytest)
2026-09-04T11:16:04.5385330Z   Downloading iniconfig-2.3.0-py3-none-any.whl.metadata (2.5 kB)
2026-09-04T11:16:04.5641765Z Collecting packaging>=22 (from pytest)
2026-09-04T11:16:04.5833805Z   Downloading packaging-26.3-py3-none-any.whl.metadata (3.5 kB)
2026-09-04T11:16:04.6085011Z Collecting pluggy<2,>=1.5 (from pytest)
2026-09-04T11:16:04.6282247Z   Downloading pluggy-1.6.0-py3-none-any.whl.metadata (4.8 kB)
2026-09-04T11:16:04.6563751Z Collecting pygments>=2.7.2 (from pytest)
2026-09-04T11:16:04.6757688Z   Downloading pygments-2.21.0-py3-none-any.whl.metadata (2.5 kB)
2026-09-04T11:16:04.6987823Z Downloading pytest-9.1.1-py3-none-any.whl (386 kB)
2026-09-04T11:16:04.7888939Z Downloading pluggy-1.6.0-py3-none-any.whl (20 kB)
2026-09-04T11:16:04.8080057Z Downloading iniconfig-2.3.0-py3-none-any.whl (7.5 kB)
2026-09-04T11:16:04.8267657Z Downloading packaging-26.3-py3-none-any.whl (129 kB)
2026-09-04T11:16:04.8482043Z Downloading pygments-2.21.0-py3-none-any.whl (1.3 MB)
2026-09-04T11:16:04.9031772Z    ââââââââââââââââââââââââââââââââââââââââ 1.3/1.3 MB 26.7 MB/s  0:00:00
2026-09-04T11:16:05.1162132Z Installing collected packages: pygments, pluggy, packaging, iniconfig, pytest
2026-09-04T11:16:06.0102288Z 
2026-09-04T11:16:06.0112536Z Successfully installed iniconfig-2.3.0 packaging-26.3 pluggy-1.6.0 pygments-2.21.0 pytest-9.1.1
2026-09-04T11:16:06.0819697Z ##[group]Run python automation/inject_mutation.py --error-type "IndexError"
2026-09-04T11:16:06.0820416Z [36;1mpython automation/inject_mutation.py --error-type "IndexError"[0m
2026-09-04T11:16:06.0848419Z shell: /usr/bin/bash -e {0}
2026-09-04T11:16:06.0848904Z env:
2026-09-04T11:16:06.0849290Z   pythonLocation: /opt/hostedtoolcache/Python/3.11.16/x64
2026-09-04T11:16:06.0849982Z   PKG_CONFIG_PATH: /opt/hostedtoolcache/Python/3.11.16/x64/lib/pkgconfig
2026-09-04T11:16:06.0850500Z   Python_ROOT_DIR: /opt/hostedtoolcache/Python/3.11.16/x64
2026-09-04T11:16:06.0850983Z   Python2_ROOT_DIR: /opt/hostedtoolcache/Python/3.11.16/x64
2026-09-04T11:16:06.0851504Z   Python3_ROOT_DIR: /opt/hostedtoolcache/Python/3.11.16/x64
2026-09-04T11:16:06.0851966Z   LD_LIBRARY_PATH: /opt/hostedtoolcache/Python/3.11.16/x64/lib
2026-09-04T11:16:06.0852412Z ##[endgroup]
2026-09-04T11:16:06.1138473Z [Mutation Injected] Successfully injected IndexError into tests/test_app.py
2026-09-04T11:16:06.1220126Z ##[group]Run pytest tests/test_app.py -v
2026-09-04T11:16:06.1220591Z [36;1mpytest tests/test_app.py -v[0m
2026-09-04T11:16:06.1248198Z shell: /usr/bin/bash -e {0}
2026-09-04T11:16:06.1248659Z env:
2026-09-04T11:16:06.1249050Z   pythonLocation: /opt/hostedtoolcache/Python/3.11.16/x64
2026-09-04T11:16:06.1249568Z   PKG_CONFIG_PATH: /opt/hostedtoolcache/Python/3.11.16/x64/lib/pkgconfig
2026-09-04T11:16:06.1250127Z   Python_ROOT_DIR: /opt/hostedtoolcache/Python/3.11.16/x64
2026-09-04T11:16:06.1250615Z   Python2_ROOT_DIR: /opt/hostedtoolcache/Python/3.11.16/x64
2026-09-04T11:16:06.1251129Z   Python3_ROOT_DIR: /opt/hostedtoolcache/Python/3.11.16/x64
2026-09-04T11:16:06.1251595Z   LD_LIBRARY_PATH: /opt/hostedtoolcache/Python/3.11.16/x64/lib
2026-09-04T11:16:06.1251980Z ##[endgroup]
2026-09-04T11:16:06.5917630Z ============================= test session starts ==============================
2026-09-04T11:16:06.5919080Z platform linux -- Python 3.11.16, pytest-9.1.1, pluggy-1.6.0 -- /opt/hostedtoolcache/Python/3.11.16/x64/bin/python
2026-09-04T11:16:06.5919986Z cachedir: .pytest_cache
2026-09-04T11:16:06.5920592Z rootdir: /home/runner/work/log-generation/log-generation
2026-09-04T11:16:06.5921297Z configfile: pytest.ini
2026-09-04T11:16:06.5999257Z collecting ... collected 6 items
2026-09-04T11:16:06.5999776Z 
2026-09-04T11:16:06.6008070Z tests/test_app.py::test_calculate_division PASSED                        [ 16%]
2026-09-04T11:16:06.6013272Z tests/test_app.py::test_convert_to_int PASSED                            [ 33%]
2026-09-04T11:16:06.6019064Z tests/test_app.py::test_get_list_item PASSED                             [ 50%]
2026-09-04T11:16:06.6024316Z tests/test_app.py::test_get_dict_value PASSED                            [ 66%]
2026-09-04T11:16:06.6029880Z tests/test_app.py::test_assert_positive PASSED                           [ 83%]
2026-09-04T11:16:06.6290606Z tests/test_app.py::test_index_error FAILED                               [100%]
2026-09-04T11:16:06.6291232Z 
2026-09-04T11:16:06.6291525Z =================================== FAILURES ===================================
2026-09-04T11:16:06.6292302Z _______________________________ test_index_error _______________________________
2026-09-04T11:16:06.6292864Z 
2026-09-04T11:16:06.6293069Z     def test_index_error():
2026-09-04T11:16:06.6293646Z         """Injected synthetic IndexError."""
2026-09-04T11:16:06.6294279Z         from src.app import get_list_item
2026-09-04T11:16:06.6294850Z         dataset = [10, 20, 30]
2026-09-04T11:16:06.6295378Z >       get_list_item(dataset, 999)
2026-09-04T11:16:06.6295732Z 
2026-09-04T11:16:06.6295972Z tests/test_app.py:130: 
2026-09-04T11:16:06.6296537Z _ _ _ _ _ _ _ _ _ _ _ _ _ _ _ _ _ _ _ _ _ _ _ _ _ _ _ _ _ _ _ _ _ _ _ _ _ _ _ _ 
2026-09-04T11:16:06.6296961Z 
2026-09-04T11:16:06.6297410Z lst = [10, 20, 30], index = 999
2026-09-04T11:16:06.6297769Z 
2026-09-04T11:16:06.6297964Z     def get_list_item(lst, index):
2026-09-04T11:16:06.6298537Z >       return lst[index]
2026-09-04T11:16:06.6299044Z                ^^^^^^^^^^
2026-09-04T11:16:06.6299532Z E       IndexError: list index out of range
2026-09-04T11:16:06.6299866Z 
2026-09-04T11:16:06.6300277Z src/app.py:8: IndexError
2026-09-04T11:16:06.6300918Z =========================== short test summary info ============================
2026-09-04T11:16:06.6301757Z FAILED tests/test_app.py::test_index_error - IndexError: list index out of range
2026-09-04T11:16:06.6302592Z ========================= 1 failed, 5 passed in 0.03s ==========================
2026-09-04T11:16:06.6518812Z ##[error]Process completed with exit code 1.
2026-09-04T11:16:06.6675951Z Node 20 is being deprecated. This workflow is running with Node 24 by default. If you need to temporarily use Node 20, you can set the ACTIONS_ALLOW_USE_UNSECURE_NODE_VERSION=true environment variable. For more information see: https://github.blog/changelog/2025-09-19-deprecation-of-node-20-on-github-actions-runners/
2026-09-04T11:16:06.6677415Z Post job cleanup.
2026-09-04T11:16:06.7549752Z [command]/usr/bin/git version
2026-09-04T11:16:06.7589569Z git version 2.55.0
2026-09-04T11:16:06.7626708Z Temporarily overriding HOME='/home/runner/work/_temp/d3fd67c5-9632-44f1-852e-7fdb25d3e424' before making global git config changes
2026-09-04T11:16:06.7628331Z Adding repository directory to the temporary git global config as a safe directory
2026-09-04T11:16:06.7632927Z [command]/usr/bin/git config --global --add safe.directory /home/runner/work/log-generation/log-generation
2026-09-04T11:16:06.7676722Z [command]/usr/bin/git config --local --name-only --get-regexp core\.sshCommand
2026-09-04T11:16:06.7713377Z [command]/usr/bin/git submodule foreach --recursive sh -c "git config --local --name-only --get-regexp 'core\.sshCommand' && git config --local --unset-all 'core.sshCommand' || :"
2026-09-04T11:16:06.7950512Z [command]/usr/bin/git config --local --name-only --get-regexp http\.https\:\/\/github\.com\/\.extraheader
2026-09-04T11:16:06.7988948Z http.https://github.com/.extraheader
2026-09-04T11:16:06.8002898Z [command]/usr/bin/git config --local --unset-all http.https://github.com/.extraheader
2026-09-04T11:16:06.8037194Z [command]/usr/bin/git submodule foreach --recursive sh -c "git config --local --name-only --get-regexp 'http\.https\:\/\/github\.com\/\.extraheader' && git config --local --unset-all 'http.https://github.com/.extraheader' || :"
2026-09-04T11:16:06.8268574Z [command]/usr/bin/git config --local --name-only --get-regexp ^includeIf\.gitdir:
2026-09-04T11:16:06.8313780Z [command]/usr/bin/git submodule foreach --recursive git config --local --show-origin --name-only --get-regexp remote.origin.url
2026-09-04T11:16:06.8668719Z Cleaning up orphan processes
2026-09-04T11:16:06.8931295Z ##[warning]Node.js 20 is deprecated. The following actions target Node.js 20 but are being forced to run on Node.js 24: actions/checkout@v4, actions/setup-python@v5. For more information see: https://github.blog/changelog/2025-09-19-deprecation-of-node-20-on-github-actions-runners/
