ï»¿2026-09-04T15:45:47.8079746Z Current runner version: '2.337.0'
2026-09-04T15:45:47.8105355Z ##[group]Runner Image Provisioner
2026-09-04T15:45:47.8106188Z Hosted Compute Agent
2026-09-04T15:45:47.8107183Z Version: 20260828.587
2026-09-04T15:45:47.8107964Z Commit: abac92662cab4cc7352de4f9f9d2e2419aad9c29
2026-09-04T15:45:47.8108707Z Build Date: 2026-08-28T16:44:25Z
2026-09-04T15:45:47.8109430Z Worker ID: {0e927241-38e4-470b-a65a-ff5db19d4f92}
2026-09-04T15:45:47.8110194Z Azure Region: eastus
2026-09-04T15:45:47.8110750Z ##[endgroup]
2026-09-04T15:45:47.8112740Z ##[group]Operating System
2026-09-04T15:45:47.8113391Z Ubuntu
2026-09-04T15:45:47.8114350Z 24.04.4
2026-09-04T15:45:47.8114950Z LTS
2026-09-04T15:45:47.8115440Z ##[endgroup]
2026-09-04T15:45:47.8116089Z ##[group]Runner Image
2026-09-04T15:45:47.8117207Z Image: ubuntu-24.04
2026-09-04T15:45:47.8117928Z Version: 20260831.293.1
2026-09-04T15:45:47.8119195Z Included Software: https://github.com/actions/runner-images/blob/ubuntu24/20260831.293/images/ubuntu/Ubuntu2404-Readme.md
2026-09-04T15:45:47.8120820Z Image Release: https://github.com/actions/runner-images/releases/tag/ubuntu24%2F20260831.293
2026-09-04T15:45:47.8121777Z ##[endgroup]
2026-09-04T15:45:47.8123030Z ##[group]GITHUB_TOKEN Permissions
2026-09-04T15:45:47.8125279Z Contents: read
2026-09-04T15:45:47.8125951Z Metadata: read
2026-09-04T15:45:47.8127130Z Packages: read
2026-09-04T15:45:47.8127821Z ##[endgroup]
2026-09-04T15:45:47.8130115Z Secret source: Actions
2026-09-04T15:45:47.8131686Z Prepare workflow directory
2026-09-04T15:45:47.8467478Z Prepare all required actions
2026-09-04T15:45:47.8516697Z Getting action download info
2026-09-04T15:45:48.0590646Z Download action repository 'actions/checkout@v4' (SHA:11d5960a326750d5838078e36cf38b85af677262)
2026-09-04T15:45:48.5737386Z Download action repository 'actions/setup-python@v5' (SHA:a26af69be951a213d495a4c3e4e4022e16d87065)
2026-09-04T15:45:48.8287523Z Complete job name: test-f3 (AssertionError #171)
2026-09-04T15:45:48.9248617Z Node 20 is being deprecated. This workflow is running with Node 24 by default. If you need to temporarily use Node 20, you can set the ACTIONS_ALLOW_USE_UNSECURE_NODE_VERSION=true environment variable. For more information see: https://github.blog/changelog/2025-09-19-deprecation-of-node-20-on-github-actions-runners/
2026-09-04T15:45:48.9260211Z ##[group]Run actions/checkout@v4
2026-09-04T15:45:48.9261497Z with:
2026-09-04T15:45:48.9262303Z   fetch-depth: 1
2026-09-04T15:45:48.9263235Z   repository: DhruvHegde/log-generation
2026-09-04T15:45:48.9273507Z   token: ***
2026-09-04T15:45:48.9274381Z   ssh-strict: true
2026-09-04T15:45:48.9275258Z   ssh-user: git
2026-09-04T15:45:48.9276136Z   persist-credentials: true
2026-09-04T15:45:48.9277289Z   clean: true
2026-09-04T15:45:48.9278186Z   sparse-checkout-cone-mode: true
2026-09-04T15:45:48.9279237Z   fetch-tags: false
2026-09-04T15:45:48.9280133Z   show-progress: true
2026-09-04T15:45:48.9281033Z   lfs: false
2026-09-04T15:45:48.9281909Z   submodules: false
2026-09-04T15:45:48.9282819Z   set-safe-directory: true
2026-09-04T15:45:48.9283857Z   allow-unsafe-pr-checkout: false
2026-09-04T15:45:48.9285281Z ##[endgroup]
2026-09-04T15:45:49.0343290Z Syncing repository: DhruvHegde/log-generation
2026-09-04T15:45:49.0348058Z ##[group]Getting Git version info
2026-09-04T15:45:49.0350457Z Working directory is '/home/runner/work/log-generation/log-generation'
2026-09-04T15:45:49.0353904Z [command]/usr/bin/git version
2026-09-04T15:45:49.1684688Z git version 2.55.0
2026-09-04T15:45:49.1710843Z ##[endgroup]
2026-09-04T15:45:49.1725376Z Temporarily overriding HOME='/home/runner/work/_temp/e186b20c-6855-47bb-ac6e-fb8aa541e5fa' before making global git config changes
2026-09-04T15:45:49.1728733Z Adding repository directory to the temporary git global config as a safe directory
2026-09-04T15:45:49.1731815Z [command]/usr/bin/git config --global --add safe.directory /home/runner/work/log-generation/log-generation
2026-09-04T15:45:49.2036824Z Deleting the contents of '/home/runner/work/log-generation/log-generation'
2026-09-04T15:45:49.2041197Z ##[group]Initializing the repository
2026-09-04T15:45:49.2047409Z [command]/usr/bin/git init /home/runner/work/log-generation/log-generation
2026-09-04T15:45:49.2793461Z hint: Using 'master' as the name for the initial branch. This default branch name
2026-09-04T15:45:49.2795768Z hint: will change to "main" in Git 3.0. To configure the initial branch name
2026-09-04T15:45:49.2798292Z hint: to use in all of your new repositories, which will suppress this warning,
2026-09-04T15:45:49.2800525Z hint: call:
2026-09-04T15:45:49.2801540Z hint:
2026-09-04T15:45:49.2802664Z hint: 	git config --global init.defaultBranch <name>
2026-09-04T15:45:49.2804057Z hint:
2026-09-04T15:45:49.2805337Z hint: Names commonly chosen instead of 'master' are 'main', 'trunk' and
2026-09-04T15:45:49.2807945Z hint: 'development'. The just-created branch can be renamed via this command:
2026-09-04T15:45:49.2809459Z hint:
2026-09-04T15:45:49.2810276Z hint: 	git branch -m <name>
2026-09-04T15:45:49.2811215Z hint:
2026-09-04T15:45:49.2813129Z hint: Disable this message with "git config set advice.defaultBranchName false"
2026-09-04T15:45:49.2815739Z Initialized empty Git repository in /home/runner/work/log-generation/log-generation/.git/
2026-09-04T15:45:49.2819458Z [command]/usr/bin/git remote add origin https://github.com/DhruvHegde/log-generation
2026-09-04T15:45:49.3130000Z ##[endgroup]
2026-09-04T15:45:49.3131718Z ##[group]Disabling automatic garbage collection
2026-09-04T15:45:49.3133880Z [command]/usr/bin/git config --local gc.auto 0
2026-09-04T15:45:49.3170444Z ##[endgroup]
2026-09-04T15:45:49.3172264Z ##[group]Setting up auth
2026-09-04T15:45:49.3176741Z [command]/usr/bin/git config --local --name-only --get-regexp core\.sshCommand
2026-09-04T15:45:49.3212392Z [command]/usr/bin/git submodule foreach --recursive sh -c "git config --local --name-only --get-regexp 'core\.sshCommand' && git config --local --unset-all 'core.sshCommand' || :"
2026-09-04T15:45:49.5374771Z [command]/usr/bin/git config --local --name-only --get-regexp http\.https\:\/\/github\.com\/\.extraheader
2026-09-04T15:45:49.5412027Z [command]/usr/bin/git submodule foreach --recursive sh -c "git config --local --name-only --get-regexp 'http\.https\:\/\/github\.com\/\.extraheader' && git config --local --unset-all 'http.https://github.com/.extraheader' || :"
2026-09-04T15:45:49.5643047Z [command]/usr/bin/git config --local --name-only --get-regexp ^includeIf\.gitdir:
2026-09-04T15:45:49.5680323Z [command]/usr/bin/git submodule foreach --recursive git config --local --show-origin --name-only --get-regexp remote.origin.url
2026-09-04T15:45:49.5938310Z [command]/usr/bin/git config --local http.https://github.com/.extraheader AUTHORIZATION: basic ***
2026-09-04T15:45:49.5980863Z ##[endgroup]
2026-09-04T15:45:49.5983420Z ##[group]Fetching the repository
2026-09-04T15:45:49.5995243Z [command]/usr/bin/git -c protocol.version=2 fetch --no-tags --prune --no-recurse-submodules --depth=1 origin +ff2db557a0a8df7e538c7d2e729be8ed403658e2:refs/remotes/origin/feature/f3-test-failures
2026-09-04T15:45:50.0119028Z From https://github.com/DhruvHegde/log-generation
2026-09-04T15:45:50.0120179Z  * [new ref]         ff2db557a0a8df7e538c7d2e729be8ed403658e2 -> origin/feature/f3-test-failures
2026-09-04T15:45:50.0123341Z ##[endgroup]
2026-09-04T15:45:50.0124279Z ##[group]Determining the checkout info
2026-09-04T15:45:50.0126248Z ##[endgroup]
2026-09-04T15:45:50.0133103Z [command]/usr/bin/git sparse-checkout disable
2026-09-04T15:45:50.0345489Z [command]/usr/bin/git config --local --unset-all extensions.worktreeConfig
2026-09-04T15:45:50.0379568Z ##[group]Checking out the ref
2026-09-04T15:45:50.0384376Z [command]/usr/bin/git checkout --progress --force -B feature/f3-test-failures refs/remotes/origin/feature/f3-test-failures
2026-09-04T15:45:50.1132291Z Switched to a new branch 'feature/f3-test-failures'
2026-09-04T15:45:50.1137637Z branch 'feature/f3-test-failures' set up to track 'origin/feature/f3-test-failures'.
2026-09-04T15:45:50.1148408Z ##[endgroup]
2026-09-04T15:45:50.1196480Z [command]/usr/bin/git log -1 --format=%H
2026-09-04T15:45:50.1224146Z ff2db557a0a8df7e538c7d2e729be8ed403658e2
2026-09-04T15:45:50.1485482Z Node 20 is being deprecated. This workflow is running with Node 24 by default. If you need to temporarily use Node 20, you can set the ACTIONS_ALLOW_USE_UNSECURE_NODE_VERSION=true environment variable. For more information see: https://github.blog/changelog/2025-09-19-deprecation-of-node-20-on-github-actions-runners/
2026-09-04T15:45:50.1487652Z ##[group]Run actions/setup-python@v5
2026-09-04T15:45:50.1488095Z with:
2026-09-04T15:45:50.1488437Z   python-version: 3.11
2026-09-04T15:45:50.1488824Z   check-latest: false
2026-09-04T15:45:50.1491501Z   token: ***
2026-09-04T15:45:50.1491914Z   update-environment: true
2026-09-04T15:45:50.1492312Z   allow-prereleases: false
2026-09-04T15:45:50.1492700Z   freethreaded: false
2026-09-04T15:45:50.1493060Z ##[endgroup]
2026-09-04T15:45:50.2828899Z ##[group]Installed versions
2026-09-04T15:45:50.3619456Z (node:2252) [DEP0040] DeprecationWarning: The `punycode` module is deprecated. Please use a userland alternative instead.
2026-09-04T15:45:50.3622695Z (Use `node --trace-deprecation ...` to show where the warning was created)
2026-09-04T15:45:50.3623670Z Successfully set up CPython (3.11.16)
2026-09-04T15:45:50.3624494Z ##[endgroup]
2026-09-04T15:45:50.3828106Z ##[group]Run pip install --no-cache-dir pytest
2026-09-04T15:45:50.3828850Z [36;1mpip install --no-cache-dir pytest[0m
2026-09-04T15:45:50.4017937Z shell: /usr/bin/bash -e {0}
2026-09-04T15:45:50.4018398Z env:
2026-09-04T15:45:50.4018825Z   pythonLocation: /opt/hostedtoolcache/Python/3.11.16/x64
2026-09-04T15:45:50.4019432Z   PKG_CONFIG_PATH: /opt/hostedtoolcache/Python/3.11.16/x64/lib/pkgconfig
2026-09-04T15:45:50.4020009Z   Python_ROOT_DIR: /opt/hostedtoolcache/Python/3.11.16/x64
2026-09-04T15:45:50.4020534Z   Python2_ROOT_DIR: /opt/hostedtoolcache/Python/3.11.16/x64
2026-09-04T15:45:50.4021056Z   Python3_ROOT_DIR: /opt/hostedtoolcache/Python/3.11.16/x64
2026-09-04T15:45:50.4021615Z   LD_LIBRARY_PATH: /opt/hostedtoolcache/Python/3.11.16/x64/lib
2026-09-04T15:45:50.4022072Z ##[endgroup]
2026-09-04T15:46:00.1863361Z Collecting pytest
2026-09-04T15:46:00.2358731Z   Downloading pytest-9.1.1-py3-none-any.whl.metadata (7.6 kB)
2026-09-04T15:46:00.2447266Z Collecting iniconfig>=1.0.1 (from pytest)
2026-09-04T15:46:00.2505279Z   Downloading iniconfig-2.3.0-py3-none-any.whl.metadata (2.5 kB)
2026-09-04T15:46:00.2613225Z Collecting packaging>=22 (from pytest)
2026-09-04T15:46:00.2674013Z   Downloading packaging-26.3-py3-none-any.whl.metadata (3.5 kB)
2026-09-04T15:46:00.2761661Z Collecting pluggy<2,>=1.5 (from pytest)
2026-09-04T15:46:00.2804139Z   Downloading pluggy-1.6.0-py3-none-any.whl.metadata (4.8 kB)
2026-09-04T15:46:00.2946322Z Collecting pygments>=2.7.2 (from pytest)
2026-09-04T15:46:00.2991180Z   Downloading pygments-2.21.0-py3-none-any.whl.metadata (2.5 kB)
2026-09-04T15:46:00.3055780Z Downloading pytest-9.1.1-py3-none-any.whl (386 kB)
2026-09-04T15:46:00.3758820Z Downloading pluggy-1.6.0-py3-none-any.whl (20 kB)
2026-09-04T15:46:00.3797781Z Downloading iniconfig-2.3.0-py3-none-any.whl (7.5 kB)
2026-09-04T15:46:00.3842476Z Downloading packaging-26.3-py3-none-any.whl (129 kB)
2026-09-04T15:46:00.3926007Z Downloading pygments-2.21.0-py3-none-any.whl (1.3 MB)
2026-09-04T15:46:00.4165958Z    ââââââââââââââââââââââââââââââââââââââââ 1.3/1.3 MB 65.5 MB/s  0:00:00
2026-09-04T15:46:00.9930684Z Installing collected packages: pygments, pluggy, packaging, iniconfig, pytest
2026-09-04T15:46:02.0051583Z 
2026-09-04T15:46:02.0078152Z Successfully installed iniconfig-2.3.0 packaging-26.3 pluggy-1.6.0 pygments-2.21.0 pytest-9.1.1
2026-09-04T15:46:02.0613573Z ##[group]Run python automation/inject_mutation.py --error-type "AssertionError"
2026-09-04T15:46:02.0614273Z [36;1mpython automation/inject_mutation.py --error-type "AssertionError"[0m
2026-09-04T15:46:02.0652140Z shell: /usr/bin/bash -e {0}
2026-09-04T15:46:02.0652471Z env:
2026-09-04T15:46:02.0652804Z   pythonLocation: /opt/hostedtoolcache/Python/3.11.16/x64
2026-09-04T15:46:02.0653479Z   PKG_CONFIG_PATH: /opt/hostedtoolcache/Python/3.11.16/x64/lib/pkgconfig
2026-09-04T15:46:02.0653960Z   Python_ROOT_DIR: /opt/hostedtoolcache/Python/3.11.16/x64
2026-09-04T15:46:02.0654402Z   Python2_ROOT_DIR: /opt/hostedtoolcache/Python/3.11.16/x64
2026-09-04T15:46:02.0654853Z   Python3_ROOT_DIR: /opt/hostedtoolcache/Python/3.11.16/x64
2026-09-04T15:46:02.0655289Z   LD_LIBRARY_PATH: /opt/hostedtoolcache/Python/3.11.16/x64/lib
2026-09-04T15:46:02.0655722Z ##[endgroup]
2026-09-04T15:46:02.0957795Z [Mutation Injected] Successfully injected AssertionError into tests/test_app.py
2026-09-04T15:46:02.1029458Z ##[group]Run pytest tests/test_app.py -v
2026-09-04T15:46:02.1029825Z [36;1mpytest tests/test_app.py -v[0m
2026-09-04T15:46:02.1067513Z shell: /usr/bin/bash -e {0}
2026-09-04T15:46:02.1067776Z env:
2026-09-04T15:46:02.1068045Z   pythonLocation: /opt/hostedtoolcache/Python/3.11.16/x64
2026-09-04T15:46:02.1068488Z   PKG_CONFIG_PATH: /opt/hostedtoolcache/Python/3.11.16/x64/lib/pkgconfig
2026-09-04T15:46:02.1068930Z   Python_ROOT_DIR: /opt/hostedtoolcache/Python/3.11.16/x64
2026-09-04T15:46:02.1069304Z   Python2_ROOT_DIR: /opt/hostedtoolcache/Python/3.11.16/x64
2026-09-04T15:46:02.1069683Z   Python3_ROOT_DIR: /opt/hostedtoolcache/Python/3.11.16/x64
2026-09-04T15:46:02.1070071Z   LD_LIBRARY_PATH: /opt/hostedtoolcache/Python/3.11.16/x64/lib
2026-09-04T15:46:02.1070396Z ##[endgroup]
2026-09-04T15:46:03.2010731Z ============================= test session starts ==============================
2026-09-04T15:46:03.2012439Z platform linux -- Python 3.11.16, pytest-9.1.1, pluggy-1.6.0 -- /opt/hostedtoolcache/Python/3.11.16/x64/bin/python
2026-09-04T15:46:03.2013455Z cachedir: .pytest_cache
2026-09-04T15:46:03.2014380Z rootdir: /home/runner/work/log-generation/log-generation
2026-09-04T15:46:03.2105065Z configfile: pytest.ini
2026-09-04T15:46:03.2105532Z collecting ... collected 6 items
2026-09-04T15:46:03.2106076Z 
2026-09-04T15:46:03.2115165Z tests/test_app.py::test_calculate_division PASSED                        [ 16%]
2026-09-04T15:46:03.2123180Z tests/test_app.py::test_convert_to_int PASSED                            [ 33%]
2026-09-04T15:46:03.2130904Z tests/test_app.py::test_get_list_item PASSED                             [ 50%]
2026-09-04T15:46:03.2138403Z tests/test_app.py::test_get_dict_value PASSED                            [ 66%]
2026-09-04T15:46:03.2145447Z tests/test_app.py::test_assert_positive PASSED                           [ 83%]
2026-09-04T15:46:03.2394057Z tests/test_app.py::test_assertion_failure FAILED                         [100%]
2026-09-04T15:46:03.2394831Z 
2026-09-04T15:46:03.2395096Z =================================== FAILURES ===================================
2026-09-04T15:46:03.2395801Z ____________________________ test_assertion_failure ____________________________
2026-09-04T15:46:03.2396314Z 
2026-09-04T15:46:03.2396688Z     def test_assertion_failure():
2026-09-04T15:46:03.2397230Z         """Injected synthetic AssertionError."""
2026-09-04T15:46:03.2397791Z         expected_status = 200
2026-09-04T15:46:03.2398221Z         actual_status = 500
2026-09-04T15:46:03.2399004Z >       assert actual_status == expected_status, f"Expected {expected_status}, received {actual_status}"
2026-09-04T15:46:03.2399901Z E       AssertionError: Expected 200, received 500
2026-09-04T15:46:03.2400440Z E       assert 500 == 200
2026-09-04T15:46:03.2400700Z 
2026-09-04T15:46:03.2400927Z tests/test_app.py:134: AssertionError
2026-09-04T15:46:03.2401509Z =========================== short test summary info ============================
2026-09-04T15:46:03.2402464Z FAILED tests/test_app.py::test_assertion_failure - AssertionError: Expected 200, received 500
2026-09-04T15:46:03.2403260Z assert 500 == 200
2026-09-04T15:46:03.2403723Z ========================= 1 failed, 5 passed in 0.03s ==========================
2026-09-04T15:46:03.2591487Z ##[error]Process completed with exit code 1.
2026-09-04T15:46:03.2735965Z Node 20 is being deprecated. This workflow is running with Node 24 by default. If you need to temporarily use Node 20, you can set the ACTIONS_ALLOW_USE_UNSECURE_NODE_VERSION=true environment variable. For more information see: https://github.blog/changelog/2025-09-19-deprecation-of-node-20-on-github-actions-runners/
2026-09-04T15:46:03.2737815Z Post job cleanup.
2026-09-04T15:46:03.3611994Z [command]/usr/bin/git version
2026-09-04T15:46:03.3657927Z git version 2.55.0
2026-09-04T15:46:03.3702145Z Temporarily overriding HOME='/home/runner/work/_temp/e076d7b6-80db-4d56-979d-fa6e0efbbdc0' before making global git config changes
2026-09-04T15:46:03.3703677Z Adding repository directory to the temporary git global config as a safe directory
2026-09-04T15:46:03.3709084Z [command]/usr/bin/git config --global --add safe.directory /home/runner/work/log-generation/log-generation
2026-09-04T15:46:03.3748183Z [command]/usr/bin/git config --local --name-only --get-regexp core\.sshCommand
2026-09-04T15:46:03.3784844Z [command]/usr/bin/git submodule foreach --recursive sh -c "git config --local --name-only --get-regexp 'core\.sshCommand' && git config --local --unset-all 'core.sshCommand' || :"
2026-09-04T15:46:03.4047945Z [command]/usr/bin/git config --local --name-only --get-regexp http\.https\:\/\/github\.com\/\.extraheader
2026-09-04T15:46:03.4077598Z http.https://github.com/.extraheader
2026-09-04T15:46:03.4090885Z [command]/usr/bin/git config --local --unset-all http.https://github.com/.extraheader
2026-09-04T15:46:03.4124414Z [command]/usr/bin/git submodule foreach --recursive sh -c "git config --local --name-only --get-regexp 'http\.https\:\/\/github\.com\/\.extraheader' && git config --local --unset-all 'http.https://github.com/.extraheader' || :"
2026-09-04T15:46:03.4393610Z [command]/usr/bin/git config --local --name-only --get-regexp ^includeIf\.gitdir:
2026-09-04T15:46:03.4436634Z [command]/usr/bin/git submodule foreach --recursive git config --local --show-origin --name-only --get-regexp remote.origin.url
2026-09-04T15:46:03.4829446Z Cleaning up orphan processes
2026-09-04T15:46:03.5100230Z ##[warning]Node.js 20 is deprecated. The following actions target Node.js 20 but are being forced to run on Node.js 24: actions/checkout@v4, actions/setup-python@v5. For more information see: https://github.blog/changelog/2025-09-19-deprecation-of-node-20-on-github-actions-runners/
