ï»¿2026-09-04T11:16:05.3584890Z Current runner version: '2.337.0'
2026-09-04T11:16:05.3619874Z ##[group]Runner Image Provisioner
2026-09-04T11:16:05.3621193Z Hosted Compute Agent
2026-09-04T11:16:05.3622202Z Version: 20260819.586
2026-09-04T11:16:05.3623389Z Commit: 3cc4a88dfa507ef76119ad1bb3eccc6378bb2b76
2026-09-04T11:16:05.3624611Z Build Date: 2026-08-18T23:20:18Z
2026-09-04T11:16:05.3626379Z Worker ID: {6dcbad92-cc88-43db-b1c8-513a45410a48}
2026-09-04T11:16:05.3627634Z Azure Region: eastus
2026-09-04T11:16:05.3628923Z ##[endgroup]
2026-09-04T11:16:05.3631599Z ##[group]Operating System
2026-09-04T11:16:05.3632646Z Ubuntu
2026-09-04T11:16:05.3633564Z 24.04.4
2026-09-04T11:16:05.3634430Z LTS
2026-09-04T11:16:05.3635458Z ##[endgroup]
2026-09-04T11:16:05.3636417Z ##[group]Runner Image
2026-09-04T11:16:05.3637370Z Image: ubuntu-24.04
2026-09-04T11:16:05.3638460Z Version: 20260823.283.1
2026-09-04T11:16:05.3640779Z Included Software: https://github.com/actions/runner-images/blob/ubuntu24/20260823.283/images/ubuntu/Ubuntu2404-Readme.md
2026-09-04T11:16:05.3643654Z Image Release: https://github.com/actions/runner-images/releases/tag/ubuntu24%2F20260823.283
2026-09-04T11:16:05.3645430Z ##[endgroup]
2026-09-04T11:16:05.3647424Z ##[group]GITHUB_TOKEN Permissions
2026-09-04T11:16:05.3650655Z Contents: read
2026-09-04T11:16:05.3651729Z Metadata: read
2026-09-04T11:16:05.3652643Z Packages: read
2026-09-04T11:16:05.3653642Z ##[endgroup]
2026-09-04T11:16:05.3656670Z Secret source: Actions
2026-09-04T11:16:05.3659170Z Prepare workflow directory
2026-09-04T11:16:05.4133327Z Prepare all required actions
2026-09-04T11:16:05.4203783Z Getting action download info
2026-09-04T11:16:05.6002620Z Download action repository 'actions/checkout@v4' (SHA:11d5960a326750d5838078e36cf38b85af677262)
2026-09-04T11:16:05.7350605Z Download action repository 'actions/setup-python@v5' (SHA:a26af69be951a213d495a4c3e4e4022e16d87065)
2026-09-04T11:16:05.9194002Z Complete job name: test-f3 (AssertionError #136)
2026-09-04T11:16:05.9976232Z Node 20 is being deprecated. This workflow is running with Node 24 by default. If you need to temporarily use Node 20, you can set the ACTIONS_ALLOW_USE_UNSECURE_NODE_VERSION=true environment variable. For more information see: https://github.blog/changelog/2025-09-19-deprecation-of-node-20-on-github-actions-runners/
2026-09-04T11:16:05.9985254Z ##[group]Run actions/checkout@v4
2026-09-04T11:16:05.9986052Z with:
2026-09-04T11:16:05.9986491Z   fetch-depth: 1
2026-09-04T11:16:05.9986979Z   repository: DhruvHegde/log-generation
2026-09-04T11:16:05.9991177Z   token: ***
2026-09-04T11:16:05.9991628Z   ssh-strict: true
2026-09-04T11:16:05.9992075Z   ssh-user: git
2026-09-04T11:16:05.9992531Z   persist-credentials: true
2026-09-04T11:16:05.9993027Z   clean: true
2026-09-04T11:16:05.9993483Z   sparse-checkout-cone-mode: true
2026-09-04T11:16:05.9994015Z   fetch-tags: false
2026-09-04T11:16:05.9994473Z   show-progress: true
2026-09-04T11:16:05.9994942Z   lfs: false
2026-09-04T11:16:05.9995399Z   submodules: false
2026-09-04T11:16:05.9995859Z   set-safe-directory: true
2026-09-04T11:16:05.9996391Z   allow-unsafe-pr-checkout: false
2026-09-04T11:16:05.9997186Z ##[endgroup]
2026-09-04T11:16:06.1017120Z Syncing repository: DhruvHegde/log-generation
2026-09-04T11:16:06.1019580Z ##[group]Getting Git version info
2026-09-04T11:16:06.1020454Z Working directory is '/home/runner/work/log-generation/log-generation'
2026-09-04T11:16:06.1022086Z [command]/usr/bin/git version
2026-09-04T11:16:06.1130714Z git version 2.55.0
2026-09-04T11:16:06.1157004Z ##[endgroup]
2026-09-04T11:16:06.1174600Z Temporarily overriding HOME='/home/runner/work/_temp/74853abd-fcef-41d7-acfd-e8d4d966294d' before making global git config changes
2026-09-04T11:16:06.1176946Z Adding repository directory to the temporary git global config as a safe directory
2026-09-04T11:16:06.1180418Z [command]/usr/bin/git config --global --add safe.directory /home/runner/work/log-generation/log-generation
2026-09-04T11:16:06.1235668Z Deleting the contents of '/home/runner/work/log-generation/log-generation'
2026-09-04T11:16:06.1239318Z ##[group]Initializing the repository
2026-09-04T11:16:06.1244980Z [command]/usr/bin/git init /home/runner/work/log-generation/log-generation
2026-09-04T11:16:06.1352899Z hint: Using 'master' as the name for the initial branch. This default branch name
2026-09-04T11:16:06.1355003Z hint: will change to "main" in Git 3.0. To configure the initial branch name
2026-09-04T11:16:06.1356889Z hint: to use in all of your new repositories, which will suppress this warning,
2026-09-04T11:16:06.1358424Z hint: call:
2026-09-04T11:16:06.1360060Z hint:
2026-09-04T11:16:06.1361075Z hint: 	git config --global init.defaultBranch <name>
2026-09-04T11:16:06.1362437Z hint:
2026-09-04T11:16:06.1363757Z hint: Names commonly chosen instead of 'master' are 'main', 'trunk' and
2026-09-04T11:16:06.1365559Z hint: 'development'. The just-created branch can be renamed via this command:
2026-09-04T11:16:06.1366869Z hint:
2026-09-04T11:16:06.1367622Z hint: 	git branch -m <name>
2026-09-04T11:16:06.1368450Z hint:
2026-09-04T11:16:06.1370311Z hint: Disable this message with "git config set advice.defaultBranchName false"
2026-09-04T11:16:06.1372246Z Initialized empty Git repository in /home/runner/work/log-generation/log-generation/.git/
2026-09-04T11:16:06.1375404Z [command]/usr/bin/git remote add origin https://github.com/DhruvHegde/log-generation
2026-09-04T11:16:06.1424185Z ##[endgroup]
2026-09-04T11:16:06.1425659Z ##[group]Disabling automatic garbage collection
2026-09-04T11:16:06.1429355Z [command]/usr/bin/git config --local gc.auto 0
2026-09-04T11:16:06.1464656Z ##[endgroup]
2026-09-04T11:16:06.1466280Z ##[group]Setting up auth
2026-09-04T11:16:06.1473827Z [command]/usr/bin/git config --local --name-only --get-regexp core\.sshCommand
2026-09-04T11:16:06.1510447Z [command]/usr/bin/git submodule foreach --recursive sh -c "git config --local --name-only --get-regexp 'core\.sshCommand' && git config --local --unset-all 'core.sshCommand' || :"
2026-09-04T11:16:06.1892910Z [command]/usr/bin/git config --local --name-only --get-regexp http\.https\:\/\/github\.com\/\.extraheader
2026-09-04T11:16:06.1933771Z [command]/usr/bin/git submodule foreach --recursive sh -c "git config --local --name-only --get-regexp 'http\.https\:\/\/github\.com\/\.extraheader' && git config --local --unset-all 'http.https://github.com/.extraheader' || :"
2026-09-04T11:16:06.2160725Z [command]/usr/bin/git config --local --name-only --get-regexp ^includeIf\.gitdir:
2026-09-04T11:16:06.2196739Z [command]/usr/bin/git submodule foreach --recursive git config --local --show-origin --name-only --get-regexp remote.origin.url
2026-09-04T11:16:06.2424135Z [command]/usr/bin/git config --local http.https://github.com/.extraheader AUTHORIZATION: basic ***
2026-09-04T11:16:06.2463923Z ##[endgroup]
2026-09-04T11:16:06.2464814Z ##[group]Fetching the repository
2026-09-04T11:16:06.2473844Z [command]/usr/bin/git -c protocol.version=2 fetch --no-tags --prune --no-recurse-submodules --depth=1 origin +55701f2ee203be18f432be2dca839cc73b92fb5e:refs/remotes/origin/feature/f3-test-failures
2026-09-04T11:16:07.3224113Z From https://github.com/DhruvHegde/log-generation
2026-09-04T11:16:07.3249954Z  * [new ref]         55701f2ee203be18f432be2dca839cc73b92fb5e -> origin/feature/f3-test-failures
2026-09-04T11:16:07.3255593Z ##[endgroup]
2026-09-04T11:16:07.3256946Z ##[group]Determining the checkout info
2026-09-04T11:16:07.3259609Z ##[endgroup]
2026-09-04T11:16:07.3260469Z [command]/usr/bin/git sparse-checkout disable
2026-09-04T11:16:07.3672479Z [command]/usr/bin/git config --local --unset-all extensions.worktreeConfig
2026-09-04T11:16:07.3711113Z ##[group]Checking out the ref
2026-09-04T11:16:07.3722355Z [command]/usr/bin/git checkout --progress --force -B feature/f3-test-failures refs/remotes/origin/feature/f3-test-failures
2026-09-04T11:16:07.3815038Z Switched to a new branch 'feature/f3-test-failures'
2026-09-04T11:16:07.3822181Z branch 'feature/f3-test-failures' set up to track 'origin/feature/f3-test-failures'.
2026-09-04T11:16:07.3834059Z ##[endgroup]
2026-09-04T11:16:07.4116058Z [command]/usr/bin/git log -1 --format=%H
2026-09-04T11:16:07.4147503Z 55701f2ee203be18f432be2dca839cc73b92fb5e
2026-09-04T11:16:07.4566365Z Node 20 is being deprecated. This workflow is running with Node 24 by default. If you need to temporarily use Node 20, you can set the ACTIONS_ALLOW_USE_UNSECURE_NODE_VERSION=true environment variable. For more information see: https://github.blog/changelog/2025-09-19-deprecation-of-node-20-on-github-actions-runners/
2026-09-04T11:16:07.4572762Z ##[group]Run actions/setup-python@v5
2026-09-04T11:16:07.4574000Z with:
2026-09-04T11:16:07.4574947Z   python-version: 3.11
2026-09-04T11:16:07.4576005Z   check-latest: false
2026-09-04T11:16:07.4590578Z   token: ***
2026-09-04T11:16:07.4591625Z   update-environment: true
2026-09-04T11:16:07.4592790Z   allow-prereleases: false
2026-09-04T11:16:07.4593923Z   freethreaded: false
2026-09-04T11:16:07.4594946Z ##[endgroup]
2026-09-04T11:16:07.6164140Z ##[group]Installed versions
2026-09-04T11:16:07.7274492Z (node:2241) [DEP0040] DeprecationWarning: The `punycode` module is deprecated. Please use a userland alternative instead.
2026-09-04T11:16:07.7279839Z (Use `node --trace-deprecation ...` to show where the warning was created)
2026-09-04T11:16:07.7282791Z Successfully set up CPython (3.11.16)
2026-09-04T11:16:07.7285914Z ##[endgroup]
2026-09-04T11:16:07.7492061Z ##[group]Run pip install --no-cache-dir pytest
2026-09-04T11:16:07.7583198Z [36;1mpip install --no-cache-dir pytest[0m
2026-09-04T11:16:07.7682805Z shell: /usr/bin/bash -e {0}
2026-09-04T11:16:07.7683922Z env:
2026-09-04T11:16:07.7685020Z   pythonLocation: /opt/hostedtoolcache/Python/3.11.16/x64
2026-09-04T11:16:07.7687371Z   PKG_CONFIG_PATH: /opt/hostedtoolcache/Python/3.11.16/x64/lib/pkgconfig
2026-09-04T11:16:07.7690427Z   Python_ROOT_DIR: /opt/hostedtoolcache/Python/3.11.16/x64
2026-09-04T11:16:07.7692266Z   Python2_ROOT_DIR: /opt/hostedtoolcache/Python/3.11.16/x64
2026-09-04T11:16:07.7693908Z   Python3_ROOT_DIR: /opt/hostedtoolcache/Python/3.11.16/x64
2026-09-04T11:16:07.7695604Z   LD_LIBRARY_PATH: /opt/hostedtoolcache/Python/3.11.16/x64/lib
2026-09-04T11:16:07.7697015Z ##[endgroup]
2026-09-04T11:16:09.9074681Z Collecting pytest
2026-09-04T11:16:09.9574616Z   Downloading pytest-9.1.1-py3-none-any.whl.metadata (7.6 kB)
2026-09-04T11:16:09.9659964Z Collecting iniconfig>=1.0.1 (from pytest)
2026-09-04T11:16:09.9699759Z   Downloading iniconfig-2.3.0-py3-none-any.whl.metadata (2.5 kB)
2026-09-04T11:16:09.9803275Z Collecting packaging>=22 (from pytest)
2026-09-04T11:16:09.9845998Z   Downloading packaging-26.3-py3-none-any.whl.metadata (3.5 kB)
2026-09-04T11:16:09.9927714Z Collecting pluggy<2,>=1.5 (from pytest)
2026-09-04T11:16:09.9966522Z   Downloading pluggy-1.6.0-py3-none-any.whl.metadata (4.8 kB)
2026-09-04T11:16:10.0103301Z Collecting pygments>=2.7.2 (from pytest)
2026-09-04T11:16:10.0162596Z   Downloading pygments-2.21.0-py3-none-any.whl.metadata (2.5 kB)
2026-09-04T11:16:10.0230790Z Downloading pytest-9.1.1-py3-none-any.whl (386 kB)
2026-09-04T11:16:10.0435400Z Downloading pluggy-1.6.0-py3-none-any.whl (20 kB)
2026-09-04T11:16:10.0473229Z Downloading iniconfig-2.3.0-py3-none-any.whl (7.5 kB)
2026-09-04T11:16:10.0509785Z Downloading packaging-26.3-py3-none-any.whl (129 kB)
2026-09-04T11:16:10.0563847Z Downloading pygments-2.21.0-py3-none-any.whl (1.3 MB)
2026-09-04T11:16:10.0721113Z    ââââââââââââââââââââââââââââââââââââââââ 1.3/1.3 MB 89.3 MB/s  0:00:00
2026-09-04T11:16:10.1709569Z Installing collected packages: pygments, pluggy, packaging, iniconfig, pytest
2026-09-04T11:16:11.1505943Z 
2026-09-04T11:16:11.1515893Z Successfully installed iniconfig-2.3.0 packaging-26.3 pluggy-1.6.0 pygments-2.21.0 pytest-9.1.1
2026-09-04T11:16:11.2019061Z ##[group]Run python automation/inject_mutation.py --error-type "AssertionError"
2026-09-04T11:16:11.2019768Z [36;1mpython automation/inject_mutation.py --error-type "AssertionError"[0m
2026-09-04T11:16:11.2059469Z shell: /usr/bin/bash -e {0}
2026-09-04T11:16:11.2059755Z env:
2026-09-04T11:16:11.2060059Z   pythonLocation: /opt/hostedtoolcache/Python/3.11.16/x64
2026-09-04T11:16:11.2060771Z   PKG_CONFIG_PATH: /opt/hostedtoolcache/Python/3.11.16/x64/lib/pkgconfig
2026-09-04T11:16:11.2061232Z   Python_ROOT_DIR: /opt/hostedtoolcache/Python/3.11.16/x64
2026-09-04T11:16:11.2061659Z   Python2_ROOT_DIR: /opt/hostedtoolcache/Python/3.11.16/x64
2026-09-04T11:16:11.2062097Z   Python3_ROOT_DIR: /opt/hostedtoolcache/Python/3.11.16/x64
2026-09-04T11:16:11.2062508Z   LD_LIBRARY_PATH: /opt/hostedtoolcache/Python/3.11.16/x64/lib
2026-09-04T11:16:11.2062878Z ##[endgroup]
2026-09-04T11:16:11.2360912Z [Mutation Injected] Successfully injected AssertionError into tests/test_app.py
2026-09-04T11:16:11.2428564Z ##[group]Run pytest tests/test_app.py -v
2026-09-04T11:16:11.2429239Z [36;1mpytest tests/test_app.py -v[0m
2026-09-04T11:16:11.2466450Z shell: /usr/bin/bash -e {0}
2026-09-04T11:16:11.2466710Z env:
2026-09-04T11:16:11.2466983Z   pythonLocation: /opt/hostedtoolcache/Python/3.11.16/x64
2026-09-04T11:16:11.2467434Z   PKG_CONFIG_PATH: /opt/hostedtoolcache/Python/3.11.16/x64/lib/pkgconfig
2026-09-04T11:16:11.2467886Z   Python_ROOT_DIR: /opt/hostedtoolcache/Python/3.11.16/x64
2026-09-04T11:16:11.2468283Z   Python2_ROOT_DIR: /opt/hostedtoolcache/Python/3.11.16/x64
2026-09-04T11:16:11.2468912Z   Python3_ROOT_DIR: /opt/hostedtoolcache/Python/3.11.16/x64
2026-09-04T11:16:11.2469323Z   LD_LIBRARY_PATH: /opt/hostedtoolcache/Python/3.11.16/x64/lib
2026-09-04T11:16:11.2469653Z ##[endgroup]
2026-09-04T11:16:11.4730256Z ============================= test session starts ==============================
2026-09-04T11:16:11.4731725Z platform linux -- Python 3.11.16, pytest-9.1.1, pluggy-1.6.0 -- /opt/hostedtoolcache/Python/3.11.16/x64/bin/python
2026-09-04T11:16:11.4732909Z cachedir: .pytest_cache
2026-09-04T11:16:11.4733609Z rootdir: /home/runner/work/log-generation/log-generation
2026-09-04T11:16:11.4734328Z configfile: pytest.ini
2026-09-04T11:16:11.4818379Z collecting ... collected 6 items
2026-09-04T11:16:11.4818772Z 
2026-09-04T11:16:11.4828962Z tests/test_app.py::test_calculate_division PASSED                        [ 16%]
2026-09-04T11:16:11.4836457Z tests/test_app.py::test_convert_to_int PASSED                            [ 33%]
2026-09-04T11:16:11.4844294Z tests/test_app.py::test_get_list_item PASSED                             [ 50%]
2026-09-04T11:16:11.4851667Z tests/test_app.py::test_get_dict_value PASSED                            [ 66%]
2026-09-04T11:16:11.4858583Z tests/test_app.py::test_assert_positive PASSED                           [ 83%]
2026-09-04T11:16:11.5105145Z tests/test_app.py::test_assertion_failure FAILED                         [100%]
2026-09-04T11:16:11.5105811Z 
2026-09-04T11:16:11.5106089Z =================================== FAILURES ===================================
2026-09-04T11:16:11.5106858Z ____________________________ test_assertion_failure ____________________________
2026-09-04T11:16:11.5107380Z 
2026-09-04T11:16:11.5107564Z     def test_assertion_failure():
2026-09-04T11:16:11.5108085Z         """Injected synthetic AssertionError."""
2026-09-04T11:16:11.5108899Z         expected_status = 200
2026-09-04T11:16:11.5109353Z         actual_status = 500
2026-09-04T11:16:11.5110177Z >       assert actual_status == expected_status, f"Expected {expected_status}, received {actual_status}"
2026-09-04T11:16:11.5111140Z E       AssertionError: Expected 200, received 500
2026-09-04T11:16:11.5111699Z E       assert 500 == 200
2026-09-04T11:16:11.5111980Z 
2026-09-04T11:16:11.5112204Z tests/test_app.py:130: AssertionError
2026-09-04T11:16:11.5112827Z =========================== short test summary info ============================
2026-09-04T11:16:11.5113814Z FAILED tests/test_app.py::test_assertion_failure - AssertionError: Expected 200, received 500
2026-09-04T11:16:11.5114608Z assert 500 == 200
2026-09-04T11:16:11.5115061Z ========================= 1 failed, 5 passed in 0.03s ==========================
2026-09-04T11:16:11.5300870Z ##[error]Process completed with exit code 1.
2026-09-04T11:16:11.5444692Z Node 20 is being deprecated. This workflow is running with Node 24 by default. If you need to temporarily use Node 20, you can set the ACTIONS_ALLOW_USE_UNSECURE_NODE_VERSION=true environment variable. For more information see: https://github.blog/changelog/2025-09-19-deprecation-of-node-20-on-github-actions-runners/
2026-09-04T11:16:11.5446123Z Post job cleanup.
2026-09-04T11:16:11.6310793Z [command]/usr/bin/git version
2026-09-04T11:16:11.6357331Z git version 2.55.0
2026-09-04T11:16:11.6396997Z Temporarily overriding HOME='/home/runner/work/_temp/e9b69039-eb13-4907-83df-96357b0e5dfa' before making global git config changes
2026-09-04T11:16:11.6398864Z Adding repository directory to the temporary git global config as a safe directory
2026-09-04T11:16:11.6402659Z [command]/usr/bin/git config --global --add safe.directory /home/runner/work/log-generation/log-generation
2026-09-04T11:16:11.6442868Z [command]/usr/bin/git config --local --name-only --get-regexp core\.sshCommand
2026-09-04T11:16:11.6479774Z [command]/usr/bin/git submodule foreach --recursive sh -c "git config --local --name-only --get-regexp 'core\.sshCommand' && git config --local --unset-all 'core.sshCommand' || :"
2026-09-04T11:16:11.6737107Z [command]/usr/bin/git config --local --name-only --get-regexp http\.https\:\/\/github\.com\/\.extraheader
2026-09-04T11:16:11.6766246Z http.https://github.com/.extraheader
2026-09-04T11:16:11.6778996Z [command]/usr/bin/git config --local --unset-all http.https://github.com/.extraheader
2026-09-04T11:16:11.6819144Z [command]/usr/bin/git submodule foreach --recursive sh -c "git config --local --name-only --get-regexp 'http\.https\:\/\/github\.com\/\.extraheader' && git config --local --unset-all 'http.https://github.com/.extraheader' || :"
2026-09-04T11:16:11.7071487Z [command]/usr/bin/git config --local --name-only --get-regexp ^includeIf\.gitdir:
2026-09-04T11:16:11.7120599Z [command]/usr/bin/git submodule foreach --recursive git config --local --show-origin --name-only --get-regexp remote.origin.url
2026-09-04T11:16:11.7520203Z Cleaning up orphan processes
2026-09-04T11:16:11.7819565Z ##[warning]Node.js 20 is deprecated. The following actions target Node.js 20 but are being forced to run on Node.js 24: actions/checkout@v4, actions/setup-python@v5. For more information see: https://github.blog/changelog/2025-09-19-deprecation-of-node-20-on-github-actions-runners/
