ï»¿2026-09-04T11:27:56.5696929Z Current runner version: '2.337.0'
2026-09-04T11:27:56.5711813Z ##[group]Runner Image Provisioner
2026-09-04T11:27:56.5712293Z Hosted Compute Agent
2026-09-04T11:27:56.5712650Z Version: 20260828.587
2026-09-04T11:27:56.5713059Z Commit: abac92662cab4cc7352de4f9f9d2e2419aad9c29
2026-09-04T11:27:56.5713470Z Build Date: 2026-08-28T16:44:25Z
2026-09-04T11:27:56.5713870Z Worker ID: {5e7e5114-7787-4d4d-9b08-c92242dd9bb7}
2026-09-04T11:27:56.5714277Z Azure Region: westus3
2026-09-04T11:27:56.5714633Z ##[endgroup]
2026-09-04T11:27:56.5715558Z ##[group]Operating System
2026-09-04T11:27:56.5715902Z Ubuntu
2026-09-04T11:27:56.5716258Z 24.04.4
2026-09-04T11:27:56.5716560Z LTS
2026-09-04T11:27:56.5717074Z ##[endgroup]
2026-09-04T11:27:56.5717429Z ##[group]Runner Image
2026-09-04T11:27:56.5717793Z Image: ubuntu-24.04
2026-09-04T11:27:56.5718145Z Version: 20260831.293.1
2026-09-04T11:27:56.5718848Z Included Software: https://github.com/actions/runner-images/blob/ubuntu24/20260831.293/images/ubuntu/Ubuntu2404-Readme.md
2026-09-04T11:27:56.5719705Z Image Release: https://github.com/actions/runner-images/releases/tag/ubuntu24%2F20260831.293
2026-09-04T11:27:56.5720412Z ##[endgroup]
2026-09-04T11:27:56.5721087Z ##[group]GITHUB_TOKEN Permissions
2026-09-04T11:27:56.5722393Z Contents: read
2026-09-04T11:27:56.5722762Z Metadata: read
2026-09-04T11:27:56.5723078Z Packages: read
2026-09-04T11:27:56.5723387Z ##[endgroup]
2026-09-04T11:27:56.5724584Z Secret source: Actions
2026-09-04T11:27:56.5725394Z Prepare workflow directory
2026-09-04T11:27:56.5912847Z Prepare all required actions
2026-09-04T11:27:56.5941376Z Getting action download info
2026-09-04T11:27:56.8652873Z Download action repository 'actions/checkout@v4' (SHA:11d5960a326750d5838078e36cf38b85af677262)
2026-09-04T11:27:57.2386271Z Download action repository 'actions/setup-python@v5' (SHA:a26af69be951a213d495a4c3e4e4022e16d87065)
2026-09-04T11:27:57.4203656Z Complete job name: test-f3 (AssertionError #3)
2026-09-04T11:27:57.4627607Z Node 20 is being deprecated. This workflow is running with Node 24 by default. If you need to temporarily use Node 20, you can set the ACTIONS_ALLOW_USE_UNSECURE_NODE_VERSION=true environment variable. For more information see: https://github.blog/changelog/2025-09-19-deprecation-of-node-20-on-github-actions-runners/
2026-09-04T11:27:57.4632518Z ##[group]Run actions/checkout@v4
2026-09-04T11:27:57.4632920Z with:
2026-09-04T11:27:57.4633158Z   fetch-depth: 1
2026-09-04T11:27:57.4633430Z   repository: DhruvHegde/log-generation
2026-09-04T11:27:57.4635659Z   token: ***
2026-09-04T11:27:57.4635894Z   ssh-strict: true
2026-09-04T11:27:57.4636138Z   ssh-user: git
2026-09-04T11:27:57.4636395Z   persist-credentials: true
2026-09-04T11:27:57.4636672Z   clean: true
2026-09-04T11:27:57.4636929Z   sparse-checkout-cone-mode: true
2026-09-04T11:27:57.4637230Z   fetch-tags: false
2026-09-04T11:27:57.4637486Z   show-progress: true
2026-09-04T11:27:57.4637744Z   lfs: false
2026-09-04T11:27:57.4638003Z   submodules: false
2026-09-04T11:27:57.4638264Z   set-safe-directory: true
2026-09-04T11:27:57.4638557Z   allow-unsafe-pr-checkout: false
2026-09-04T11:27:57.4639133Z ##[endgroup]
2026-09-04T11:27:57.5273054Z Syncing repository: DhruvHegde/log-generation
2026-09-04T11:27:57.5274528Z ##[group]Getting Git version info
2026-09-04T11:27:57.5275207Z Working directory is '/home/runner/work/log-generation/log-generation'
2026-09-04T11:27:57.5276172Z [command]/usr/bin/git version
2026-09-04T11:27:57.6371996Z git version 2.55.0
2026-09-04T11:27:57.6386966Z ##[endgroup]
2026-09-04T11:27:57.6399074Z Temporarily overriding HOME='/home/runner/work/_temp/e4fd6bf3-f886-4d48-b67a-d55cbaddb92d' before making global git config changes
2026-09-04T11:27:57.6400631Z Adding repository directory to the temporary git global config as a safe directory
2026-09-04T11:27:57.6403019Z [command]/usr/bin/git config --global --add safe.directory /home/runner/work/log-generation/log-generation
2026-09-04T11:27:57.6617356Z Deleting the contents of '/home/runner/work/log-generation/log-generation'
2026-09-04T11:27:57.6619631Z ##[group]Initializing the repository
2026-09-04T11:27:57.6622484Z [command]/usr/bin/git init /home/runner/work/log-generation/log-generation
2026-09-04T11:27:57.7052390Z hint: Using 'master' as the name for the initial branch. This default branch name
2026-09-04T11:27:57.7053203Z hint: will change to "main" in Git 3.0. To configure the initial branch name
2026-09-04T11:27:57.7054045Z hint: to use in all of your new repositories, which will suppress this warning,
2026-09-04T11:27:57.7054719Z hint: call:
2026-09-04T11:27:57.7055078Z hint:
2026-09-04T11:27:57.7055553Z hint: 	git config --global init.defaultBranch <name>
2026-09-04T11:27:57.7056112Z hint:
2026-09-04T11:27:57.7056636Z hint: Names commonly chosen instead of 'master' are 'main', 'trunk' and
2026-09-04T11:27:57.7057212Z hint: 'development'. The just-created branch can be renamed via this command:
2026-09-04T11:27:57.7057634Z hint:
2026-09-04T11:27:57.7057885Z hint: 	git branch -m <name>
2026-09-04T11:27:57.7058153Z hint:
2026-09-04T11:27:57.7058622Z hint: Disable this message with "git config set advice.defaultBranchName false"
2026-09-04T11:27:57.7059617Z Initialized empty Git repository in /home/runner/work/log-generation/log-generation/.git/
2026-09-04T11:27:57.7062655Z [command]/usr/bin/git remote add origin https://github.com/DhruvHegde/log-generation
2026-09-04T11:27:57.7280969Z ##[endgroup]
2026-09-04T11:27:57.7281456Z ##[group]Disabling automatic garbage collection
2026-09-04T11:27:57.7283216Z [command]/usr/bin/git config --local gc.auto 0
2026-09-04T11:27:57.7306929Z ##[endgroup]
2026-09-04T11:27:57.7307353Z ##[group]Setting up auth
2026-09-04T11:27:57.7310687Z [command]/usr/bin/git config --local --name-only --get-regexp core\.sshCommand
2026-09-04T11:27:57.7335844Z [command]/usr/bin/git submodule foreach --recursive sh -c "git config --local --name-only --get-regexp 'core\.sshCommand' && git config --local --unset-all 'core.sshCommand' || :"
2026-09-04T11:27:57.8819192Z [command]/usr/bin/git config --local --name-only --get-regexp http\.https\:\/\/github\.com\/\.extraheader
2026-09-04T11:27:57.8845911Z [command]/usr/bin/git submodule foreach --recursive sh -c "git config --local --name-only --get-regexp 'http\.https\:\/\/github\.com\/\.extraheader' && git config --local --unset-all 'http.https://github.com/.extraheader' || :"
2026-09-04T11:27:57.9008024Z [command]/usr/bin/git config --local --name-only --get-regexp ^includeIf\.gitdir:
2026-09-04T11:27:57.9033833Z [command]/usr/bin/git submodule foreach --recursive git config --local --show-origin --name-only --get-regexp remote.origin.url
2026-09-04T11:27:57.9197350Z [command]/usr/bin/git config --local http.https://github.com/.extraheader AUTHORIZATION: basic ***
2026-09-04T11:27:57.9225645Z ##[endgroup]
2026-09-04T11:27:57.9226232Z ##[group]Fetching the repository
2026-09-04T11:27:57.9231919Z [command]/usr/bin/git -c protocol.version=2 fetch --no-tags --prune --no-recurse-submodules --depth=1 origin +0c2ddc82b3a248827557edda9affcd6927945898:refs/remotes/origin/feature/f3-test-failures
2026-09-04T11:27:58.4463342Z From https://github.com/DhruvHegde/log-generation
2026-09-04T11:27:58.4465189Z  * [new ref]         0c2ddc82b3a248827557edda9affcd6927945898 -> origin/feature/f3-test-failures
2026-09-04T11:27:58.4468445Z ##[endgroup]
2026-09-04T11:27:58.4469652Z ##[group]Determining the checkout info
2026-09-04T11:27:58.4471267Z ##[endgroup]
2026-09-04T11:27:58.4474191Z [command]/usr/bin/git sparse-checkout disable
2026-09-04T11:27:58.4626037Z [command]/usr/bin/git config --local --unset-all extensions.worktreeConfig
2026-09-04T11:27:58.4650757Z ##[group]Checking out the ref
2026-09-04T11:27:58.4653877Z [command]/usr/bin/git checkout --progress --force -B feature/f3-test-failures refs/remotes/origin/feature/f3-test-failures
2026-09-04T11:27:58.4708112Z Switched to a new branch 'feature/f3-test-failures'
2026-09-04T11:27:58.4712907Z branch 'feature/f3-test-failures' set up to track 'origin/feature/f3-test-failures'.
2026-09-04T11:27:58.4717393Z ##[endgroup]
2026-09-04T11:27:58.4747978Z [command]/usr/bin/git log -1 --format=%H
2026-09-04T11:27:58.4768393Z 0c2ddc82b3a248827557edda9affcd6927945898
2026-09-04T11:27:58.5012678Z Node 20 is being deprecated. This workflow is running with Node 24 by default. If you need to temporarily use Node 20, you can set the ACTIONS_ALLOW_USE_UNSECURE_NODE_VERSION=true environment variable. For more information see: https://github.blog/changelog/2025-09-19-deprecation-of-node-20-on-github-actions-runners/
2026-09-04T11:27:58.5016420Z ##[group]Run actions/setup-python@v5
2026-09-04T11:27:58.5017130Z with:
2026-09-04T11:27:58.5017667Z   python-version: 3.11
2026-09-04T11:27:58.5018298Z   check-latest: false
2026-09-04T11:27:58.5024418Z   token: ***
2026-09-04T11:27:58.5024997Z   update-environment: true
2026-09-04T11:27:58.5025670Z   allow-prereleases: false
2026-09-04T11:27:58.5026325Z   freethreaded: false
2026-09-04T11:27:58.5026914Z ##[endgroup]
2026-09-04T11:27:58.5805223Z ##[group]Installed versions
2026-09-04T11:27:58.6377607Z (node:2087) [DEP0040] DeprecationWarning: The `punycode` module is deprecated. Please use a userland alternative instead.
2026-09-04T11:27:58.6380312Z (Use `node --trace-deprecation ...` to show where the warning was created)
2026-09-04T11:27:58.6381776Z Successfully set up CPython (3.11.16)
2026-09-04T11:27:58.6383335Z ##[endgroup]
2026-09-04T11:27:58.6566033Z ##[group]Run pip install --no-cache-dir pytest
2026-09-04T11:27:58.6566954Z [36;1mpip install --no-cache-dir pytest[0m
2026-09-04T11:27:58.6693563Z shell: /usr/bin/bash -e {0}
2026-09-04T11:27:58.6694236Z env:
2026-09-04T11:27:58.6694881Z   pythonLocation: /opt/hostedtoolcache/Python/3.11.16/x64
2026-09-04T11:27:58.6695956Z   PKG_CONFIG_PATH: /opt/hostedtoolcache/Python/3.11.16/x64/lib/pkgconfig
2026-09-04T11:27:58.6697026Z   Python_ROOT_DIR: /opt/hostedtoolcache/Python/3.11.16/x64
2026-09-04T11:27:58.6697983Z   Python2_ROOT_DIR: /opt/hostedtoolcache/Python/3.11.16/x64
2026-09-04T11:27:58.6698952Z   Python3_ROOT_DIR: /opt/hostedtoolcache/Python/3.11.16/x64
2026-09-04T11:27:58.6699951Z   LD_LIBRARY_PATH: /opt/hostedtoolcache/Python/3.11.16/x64/lib
2026-09-04T11:27:58.6701509Z ##[endgroup]
2026-09-04T11:28:01.0239247Z Collecting pytest
2026-09-04T11:28:01.0790564Z   Downloading pytest-9.1.1-py3-none-any.whl.metadata (7.6 kB)
2026-09-04T11:28:01.0840851Z Collecting iniconfig>=1.0.1 (from pytest)
2026-09-04T11:28:01.0936596Z   Downloading iniconfig-2.3.0-py3-none-any.whl.metadata (2.5 kB)
2026-09-04T11:28:01.1000308Z Collecting packaging>=22 (from pytest)
2026-09-04T11:28:01.1095387Z   Downloading packaging-26.3-py3-none-any.whl.metadata (3.5 kB)
2026-09-04T11:28:01.1144514Z Collecting pluggy<2,>=1.5 (from pytest)
2026-09-04T11:28:01.1238596Z   Downloading pluggy-1.6.0-py3-none-any.whl.metadata (4.8 kB)
2026-09-04T11:28:01.1314404Z Collecting pygments>=2.7.2 (from pytest)
2026-09-04T11:28:01.1408373Z   Downloading pygments-2.21.0-py3-none-any.whl.metadata (2.5 kB)
2026-09-04T11:28:01.1518616Z Downloading pytest-9.1.1-py3-none-any.whl (386 kB)
2026-09-04T11:28:01.1943616Z Downloading pluggy-1.6.0-py3-none-any.whl (20 kB)
2026-09-04T11:28:01.2038668Z Downloading iniconfig-2.3.0-py3-none-any.whl (7.5 kB)
2026-09-04T11:28:01.2133485Z Downloading packaging-26.3-py3-none-any.whl (129 kB)
2026-09-04T11:28:01.2242267Z Downloading pygments-2.21.0-py3-none-any.whl (1.3 MB)
2026-09-04T11:28:01.2533844Z    ââââââââââââââââââââââââââââââââââââââââ 1.3/1.3 MB 53.0 MB/s  0:00:00
2026-09-04T11:28:01.3851838Z Installing collected packages: pygments, pluggy, packaging, iniconfig, pytest
2026-09-04T11:28:01.9382110Z 
2026-09-04T11:28:01.9387373Z Successfully installed iniconfig-2.3.0 packaging-26.3 pluggy-1.6.0 pygments-2.21.0 pytest-9.1.1
2026-09-04T11:28:01.9765239Z ##[group]Run python automation/inject_mutation.py --error-type "AssertionError"
2026-09-04T11:28:01.9765584Z [36;1mpython automation/inject_mutation.py --error-type "AssertionError"[0m
2026-09-04T11:28:01.9794574Z shell: /usr/bin/bash -e {0}
2026-09-04T11:28:01.9794707Z env:
2026-09-04T11:28:01.9794861Z   pythonLocation: /opt/hostedtoolcache/Python/3.11.16/x64
2026-09-04T11:28:01.9795241Z   PKG_CONFIG_PATH: /opt/hostedtoolcache/Python/3.11.16/x64/lib/pkgconfig
2026-09-04T11:28:01.9795465Z   Python_ROOT_DIR: /opt/hostedtoolcache/Python/3.11.16/x64
2026-09-04T11:28:01.9795664Z   Python2_ROOT_DIR: /opt/hostedtoolcache/Python/3.11.16/x64
2026-09-04T11:28:01.9795881Z   Python3_ROOT_DIR: /opt/hostedtoolcache/Python/3.11.16/x64
2026-09-04T11:28:01.9796080Z   LD_LIBRARY_PATH: /opt/hostedtoolcache/Python/3.11.16/x64/lib
2026-09-04T11:28:01.9796273Z ##[endgroup]
2026-09-04T11:28:01.9984944Z [Mutation Injected] Successfully injected AssertionError into tests/test_app.py
2026-09-04T11:28:02.0027405Z ##[group]Run pytest tests/test_app.py -v
2026-09-04T11:28:02.0027583Z [36;1mpytest tests/test_app.py -v[0m
2026-09-04T11:28:02.0052938Z shell: /usr/bin/bash -e {0}
2026-09-04T11:28:02.0053069Z env:
2026-09-04T11:28:02.0053210Z   pythonLocation: /opt/hostedtoolcache/Python/3.11.16/x64
2026-09-04T11:28:02.0053437Z   PKG_CONFIG_PATH: /opt/hostedtoolcache/Python/3.11.16/x64/lib/pkgconfig
2026-09-04T11:28:02.0053670Z   Python_ROOT_DIR: /opt/hostedtoolcache/Python/3.11.16/x64
2026-09-04T11:28:02.0053867Z   Python2_ROOT_DIR: /opt/hostedtoolcache/Python/3.11.16/x64
2026-09-04T11:28:02.0054067Z   Python3_ROOT_DIR: /opt/hostedtoolcache/Python/3.11.16/x64
2026-09-04T11:28:02.0054265Z   LD_LIBRARY_PATH: /opt/hostedtoolcache/Python/3.11.16/x64/lib
2026-09-04T11:28:02.0054431Z ##[endgroup]
2026-09-04T11:28:02.3581479Z ============================= test session starts ==============================
2026-09-04T11:28:02.3581904Z platform linux -- Python 3.11.16, pytest-9.1.1, pluggy-1.6.0 -- /opt/hostedtoolcache/Python/3.11.16/x64/bin/python
2026-09-04T11:28:02.3582175Z cachedir: .pytest_cache
2026-09-04T11:28:02.3582337Z rootdir: /home/runner/work/log-generation/log-generation
2026-09-04T11:28:02.3582515Z configfile: pytest.ini
2026-09-04T11:28:02.3630619Z collecting ... collected 6 items
2026-09-04T11:28:02.3630893Z 
2026-09-04T11:28:02.3635784Z tests/test_app.py::test_calculate_division PASSED                        [ 16%]
2026-09-04T11:28:02.3639381Z tests/test_app.py::test_convert_to_int PASSED                            [ 33%]
2026-09-04T11:28:02.3643443Z tests/test_app.py::test_get_list_item PASSED                             [ 50%]
2026-09-04T11:28:02.3646791Z tests/test_app.py::test_get_dict_value PASSED                            [ 66%]
2026-09-04T11:28:02.3650864Z tests/test_app.py::test_assert_positive PASSED                           [ 83%]
2026-09-04T11:28:02.3818081Z tests/test_app.py::test_assertion_failure FAILED                         [100%]
2026-09-04T11:28:02.3818482Z 
2026-09-04T11:28:02.3818618Z =================================== FAILURES ===================================
2026-09-04T11:28:02.3818958Z ____________________________ test_assertion_failure ____________________________
2026-09-04T11:28:02.3820828Z 
2026-09-04T11:28:02.3820929Z     def test_assertion_failure():
2026-09-04T11:28:02.3821187Z         """Injected synthetic AssertionError."""
2026-09-04T11:28:02.3821465Z         expected_status = 200
2026-09-04T11:28:02.3821678Z         actual_status = 500
2026-09-04T11:28:02.3822063Z >       assert actual_status == expected_status, f"Expected {expected_status}, received {actual_status}"
2026-09-04T11:28:02.3822494Z E       AssertionError: Expected 200, received 500
2026-09-04T11:28:02.3822750Z E       assert 500 == 200
2026-09-04T11:28:02.3822884Z 
2026-09-04T11:28:02.3822995Z tests/test_app.py:132: AssertionError
2026-09-04T11:28:02.3823277Z =========================== short test summary info ============================
2026-09-04T11:28:02.3823745Z FAILED tests/test_app.py::test_assertion_failure - AssertionError: Expected 200, received 500
2026-09-04T11:28:02.3824122Z assert 500 == 200
2026-09-04T11:28:02.3824356Z ========================= 1 failed, 5 passed in 0.02s ==========================
2026-09-04T11:28:02.3954325Z ##[error]Process completed with exit code 1.
2026-09-04T11:28:02.4035577Z Node 20 is being deprecated. This workflow is running with Node 24 by default. If you need to temporarily use Node 20, you can set the ACTIONS_ALLOW_USE_UNSECURE_NODE_VERSION=true environment variable. For more information see: https://github.blog/changelog/2025-09-19-deprecation-of-node-20-on-github-actions-runners/
2026-09-04T11:28:02.4036301Z Post job cleanup.
2026-09-04T11:28:02.4548574Z [command]/usr/bin/git version
2026-09-04T11:28:02.4576709Z git version 2.55.0
2026-09-04T11:28:02.4599103Z Temporarily overriding HOME='/home/runner/work/_temp/6eae116c-394d-46cf-8b1d-4a37fc18ff54' before making global git config changes
2026-09-04T11:28:02.4599840Z Adding repository directory to the temporary git global config as a safe directory
2026-09-04T11:28:02.4602366Z [command]/usr/bin/git config --global --add safe.directory /home/runner/work/log-generation/log-generation
2026-09-04T11:28:02.4631008Z [command]/usr/bin/git config --local --name-only --get-regexp core\.sshCommand
2026-09-04T11:28:02.4655511Z [command]/usr/bin/git submodule foreach --recursive sh -c "git config --local --name-only --get-regexp 'core\.sshCommand' && git config --local --unset-all 'core.sshCommand' || :"
2026-09-04T11:28:02.4842876Z [command]/usr/bin/git config --local --name-only --get-regexp http\.https\:\/\/github\.com\/\.extraheader
2026-09-04T11:28:02.4866987Z http.https://github.com/.extraheader
2026-09-04T11:28:02.4878782Z [command]/usr/bin/git config --local --unset-all http.https://github.com/.extraheader
2026-09-04T11:28:02.4903548Z [command]/usr/bin/git submodule foreach --recursive sh -c "git config --local --name-only --get-regexp 'http\.https\:\/\/github\.com\/\.extraheader' && git config --local --unset-all 'http.https://github.com/.extraheader' || :"
2026-09-04T11:28:02.5089575Z [command]/usr/bin/git config --local --name-only --get-regexp ^includeIf\.gitdir:
2026-09-04T11:28:02.5116671Z [command]/usr/bin/git submodule foreach --recursive git config --local --show-origin --name-only --get-regexp remote.origin.url
2026-09-04T11:28:02.5388097Z Cleaning up orphan processes
2026-09-04T11:28:02.5553535Z ##[warning]Node.js 20 is deprecated. The following actions target Node.js 20 but are being forced to run on Node.js 24: actions/checkout@v4, actions/setup-python@v5. For more information see: https://github.blog/changelog/2025-09-19-deprecation-of-node-20-on-github-actions-runners/
