ï»¿2026-09-04T15:45:48.4239772Z Current runner version: '2.337.0'
2026-09-04T15:45:48.4261752Z ##[group]Runner Image Provisioner
2026-09-04T15:45:48.4262555Z Hosted Compute Agent
2026-09-04T15:45:48.4263078Z Version: 20260828.587
2026-09-04T15:45:48.4263716Z Commit: abac92662cab4cc7352de4f9f9d2e2419aad9c29
2026-09-04T15:45:48.4264323Z Build Date: 2026-08-28T16:44:25Z
2026-09-04T15:45:48.4264878Z Worker ID: {44d2ef8f-f376-48d9-943a-4eac410be73f}
2026-09-04T15:45:48.4265529Z Azure Region: westcentralus
2026-09-04T15:45:48.4266032Z ##[endgroup]
2026-09-04T15:45:48.4267458Z ##[group]Operating System
2026-09-04T15:45:48.4268367Z Ubuntu
2026-09-04T15:45:48.4268816Z 24.04.4
2026-09-04T15:45:48.4269296Z LTS
2026-09-04T15:45:48.4269739Z ##[endgroup]
2026-09-04T15:45:48.4270617Z ##[group]Runner Image
2026-09-04T15:45:48.4271148Z Image: ubuntu-24.04
2026-09-04T15:45:48.4271627Z Version: 20260831.293.1
2026-09-04T15:45:48.4272736Z Included Software: https://github.com/actions/runner-images/blob/ubuntu24/20260831.293/images/ubuntu/Ubuntu2404-Readme.md
2026-09-04T15:45:48.4274051Z Image Release: https://github.com/actions/runner-images/releases/tag/ubuntu24%2F20260831.293
2026-09-04T15:45:48.4274890Z ##[endgroup]
2026-09-04T15:45:48.4275862Z ##[group]GITHUB_TOKEN Permissions
2026-09-04T15:45:48.4278057Z Contents: read
2026-09-04T15:45:48.4278598Z Metadata: read
2026-09-04T15:45:48.4279136Z Packages: read
2026-09-04T15:45:48.4279606Z ##[endgroup]
2026-09-04T15:45:48.4281457Z Secret source: Actions
2026-09-04T15:45:48.4282749Z Prepare workflow directory
2026-09-04T15:45:48.4576669Z Prepare all required actions
2026-09-04T15:45:48.4618841Z Getting action download info
2026-09-04T15:45:48.7728267Z Download action repository 'actions/checkout@v4' (SHA:11d5960a326750d5838078e36cf38b85af677262)
2026-09-04T15:45:48.9206464Z Download action repository 'actions/setup-python@v5' (SHA:a26af69be951a213d495a4c3e4e4022e16d87065)
2026-09-04T15:45:49.1125672Z Complete job name: test-f3 (TypeError #225)
2026-09-04T15:45:49.1763801Z Node 20 is being deprecated. This workflow is running with Node 24 by default. If you need to temporarily use Node 20, you can set the ACTIONS_ALLOW_USE_UNSECURE_NODE_VERSION=true environment variable. For more information see: https://github.blog/changelog/2025-09-19-deprecation-of-node-20-on-github-actions-runners/
2026-09-04T15:45:49.1771330Z ##[group]Run actions/checkout@v4
2026-09-04T15:45:49.1771888Z with:
2026-09-04T15:45:49.1772227Z   fetch-depth: 1
2026-09-04T15:45:49.1772612Z   repository: DhruvHegde/log-generation
2026-09-04T15:45:49.1775967Z   token: ***
2026-09-04T15:45:49.1776325Z   ssh-strict: true
2026-09-04T15:45:49.1776676Z   ssh-user: git
2026-09-04T15:45:49.1777030Z   persist-credentials: true
2026-09-04T15:45:49.1777421Z   clean: true
2026-09-04T15:45:49.1777900Z   sparse-checkout-cone-mode: true
2026-09-04T15:45:49.1778307Z   fetch-tags: false
2026-09-04T15:45:49.1778662Z   show-progress: true
2026-09-04T15:45:49.1779013Z   lfs: false
2026-09-04T15:45:49.1779395Z   submodules: false
2026-09-04T15:45:49.1779746Z   set-safe-directory: true
2026-09-04T15:45:49.1780151Z   allow-unsafe-pr-checkout: false
2026-09-04T15:45:49.1780735Z ##[endgroup]
2026-09-04T15:45:49.2645372Z Syncing repository: DhruvHegde/log-generation
2026-09-04T15:45:49.2647354Z ##[group]Getting Git version info
2026-09-04T15:45:49.2648258Z Working directory is '/home/runner/work/log-generation/log-generation'
2026-09-04T15:45:49.2649210Z [command]/usr/bin/git version
2026-09-04T15:45:49.2726304Z git version 2.55.0
2026-09-04T15:45:49.2747304Z ##[endgroup]
2026-09-04T15:45:49.2760610Z Temporarily overriding HOME='/home/runner/work/_temp/0725dcb9-977f-4bbb-90c7-25a8e8f54ff7' before making global git config changes
2026-09-04T15:45:49.2762390Z Adding repository directory to the temporary git global config as a safe directory
2026-09-04T15:45:49.2767197Z [command]/usr/bin/git config --global --add safe.directory /home/runner/work/log-generation/log-generation
2026-09-04T15:45:49.2815828Z Deleting the contents of '/home/runner/work/log-generation/log-generation'
2026-09-04T15:45:49.2819273Z ##[group]Initializing the repository
2026-09-04T15:45:49.2824376Z [command]/usr/bin/git init /home/runner/work/log-generation/log-generation
2026-09-04T15:45:49.2973175Z hint: Using 'master' as the name for the initial branch. This default branch name
2026-09-04T15:45:49.2974483Z hint: will change to "main" in Git 3.0. To configure the initial branch name
2026-09-04T15:45:49.2975619Z hint: to use in all of your new repositories, which will suppress this warning,
2026-09-04T15:45:49.2976511Z hint: call:
2026-09-04T15:45:49.2976875Z hint:
2026-09-04T15:45:49.2977324Z hint: 	git config --global init.defaultBranch <name>
2026-09-04T15:45:49.2978111Z hint:
2026-09-04T15:45:49.2978766Z hint: Names commonly chosen instead of 'master' are 'main', 'trunk' and
2026-09-04T15:45:49.2979857Z hint: 'development'. The just-created branch can be renamed via this command:
2026-09-04T15:45:49.2980722Z hint:
2026-09-04T15:45:49.2981306Z hint: 	git branch -m <name>
2026-09-04T15:45:49.2981865Z hint:
2026-09-04T15:45:49.2982659Z hint: Disable this message with "git config set advice.defaultBranchName false"
2026-09-04T15:45:49.2984492Z Initialized empty Git repository in /home/runner/work/log-generation/log-generation/.git/
2026-09-04T15:45:49.2993479Z [command]/usr/bin/git remote add origin https://github.com/DhruvHegde/log-generation
2026-09-04T15:45:49.3040599Z ##[endgroup]
2026-09-04T15:45:49.3041539Z ##[group]Disabling automatic garbage collection
2026-09-04T15:45:49.3044469Z [command]/usr/bin/git config --local gc.auto 0
2026-09-04T15:45:49.3073431Z ##[endgroup]
2026-09-04T15:45:49.3074284Z ##[group]Setting up auth
2026-09-04T15:45:49.3079920Z [command]/usr/bin/git config --local --name-only --get-regexp core\.sshCommand
2026-09-04T15:45:49.3114861Z [command]/usr/bin/git submodule foreach --recursive sh -c "git config --local --name-only --get-regexp 'core\.sshCommand' && git config --local --unset-all 'core.sshCommand' || :"
2026-09-04T15:45:49.3617862Z [command]/usr/bin/git config --local --name-only --get-regexp http\.https\:\/\/github\.com\/\.extraheader
2026-09-04T15:45:49.3649151Z [command]/usr/bin/git submodule foreach --recursive sh -c "git config --local --name-only --get-regexp 'http\.https\:\/\/github\.com\/\.extraheader' && git config --local --unset-all 'http.https://github.com/.extraheader' || :"
2026-09-04T15:45:49.3846090Z [command]/usr/bin/git config --local --name-only --get-regexp ^includeIf\.gitdir:
2026-09-04T15:45:49.3878842Z [command]/usr/bin/git submodule foreach --recursive git config --local --show-origin --name-only --get-regexp remote.origin.url
2026-09-04T15:45:49.4083783Z [command]/usr/bin/git config --local http.https://github.com/.extraheader AUTHORIZATION: basic ***
2026-09-04T15:45:49.4119001Z ##[endgroup]
2026-09-04T15:45:49.4119754Z ##[group]Fetching the repository
2026-09-04T15:45:49.4126859Z [command]/usr/bin/git -c protocol.version=2 fetch --no-tags --prune --no-recurse-submodules --depth=1 origin +ff2db557a0a8df7e538c7d2e729be8ed403658e2:refs/remotes/origin/feature/f3-test-failures
2026-09-04T15:45:50.8189500Z From https://github.com/DhruvHegde/log-generation
2026-09-04T15:45:50.8191086Z  * [new ref]         ff2db557a0a8df7e538c7d2e729be8ed403658e2 -> origin/feature/f3-test-failures
2026-09-04T15:45:50.8194457Z ##[endgroup]
2026-09-04T15:45:50.8195722Z ##[group]Determining the checkout info
2026-09-04T15:45:50.8196998Z ##[endgroup]
2026-09-04T15:45:50.8208770Z [command]/usr/bin/git sparse-checkout disable
2026-09-04T15:45:50.8252115Z [command]/usr/bin/git config --local --unset-all extensions.worktreeConfig
2026-09-04T15:45:50.8290247Z ##[group]Checking out the ref
2026-09-04T15:45:50.8292084Z [command]/usr/bin/git checkout --progress --force -B feature/f3-test-failures refs/remotes/origin/feature/f3-test-failures
2026-09-04T15:45:50.8936791Z Switched to a new branch 'feature/f3-test-failures'
2026-09-04T15:45:50.8938798Z branch 'feature/f3-test-failures' set up to track 'origin/feature/f3-test-failures'.
2026-09-04T15:45:50.8947773Z ##[endgroup]
2026-09-04T15:45:50.8988513Z [command]/usr/bin/git log -1 --format=%H
2026-09-04T15:45:50.9015619Z ff2db557a0a8df7e538c7d2e729be8ed403658e2
2026-09-04T15:45:50.9326119Z Node 20 is being deprecated. This workflow is running with Node 24 by default. If you need to temporarily use Node 20, you can set the ACTIONS_ALLOW_USE_UNSECURE_NODE_VERSION=true environment variable. For more information see: https://github.blog/changelog/2025-09-19-deprecation-of-node-20-on-github-actions-runners/
2026-09-04T15:45:50.9331073Z ##[group]Run actions/setup-python@v5
2026-09-04T15:45:50.9332003Z with:
2026-09-04T15:45:50.9332721Z   python-version: 3.11
2026-09-04T15:45:50.9333530Z   check-latest: false
2026-09-04T15:45:50.9341386Z   token: ***
2026-09-04T15:45:50.9342140Z   update-environment: true
2026-09-04T15:45:50.9343007Z   allow-prereleases: false
2026-09-04T15:45:50.9343851Z   freethreaded: false
2026-09-04T15:45:50.9344628Z ##[endgroup]
2026-09-04T15:45:51.0494103Z ##[group]Installed versions
2026-09-04T15:45:51.1200116Z (node:2030) [DEP0040] DeprecationWarning: The `punycode` module is deprecated. Please use a userland alternative instead.
2026-09-04T15:45:51.1203072Z (Use `node --trace-deprecation ...` to show where the warning was created)
2026-09-04T15:45:51.1215351Z Successfully set up CPython (3.11.16)
2026-09-04T15:45:51.1217556Z ##[endgroup]
2026-09-04T15:45:51.1432809Z ##[group]Run pip install --no-cache-dir pytest
2026-09-04T15:45:51.1434707Z [36;1mpip install --no-cache-dir pytest[0m
2026-09-04T15:45:51.1814816Z shell: /usr/bin/bash -e {0}
2026-09-04T15:45:51.1815736Z env:
2026-09-04T15:45:51.1816618Z   pythonLocation: /opt/hostedtoolcache/Python/3.11.16/x64
2026-09-04T15:45:51.1818246Z   PKG_CONFIG_PATH: /opt/hostedtoolcache/Python/3.11.16/x64/lib/pkgconfig
2026-09-04T15:45:51.1819673Z   Python_ROOT_DIR: /opt/hostedtoolcache/Python/3.11.16/x64
2026-09-04T15:45:51.1820962Z   Python2_ROOT_DIR: /opt/hostedtoolcache/Python/3.11.16/x64
2026-09-04T15:45:51.1822253Z   Python3_ROOT_DIR: /opt/hostedtoolcache/Python/3.11.16/x64
2026-09-04T15:45:51.1823607Z   LD_LIBRARY_PATH: /opt/hostedtoolcache/Python/3.11.16/x64/lib
2026-09-04T15:45:51.1824801Z ##[endgroup]
2026-09-04T15:45:57.6141086Z Collecting pytest
2026-09-04T15:45:57.7184218Z   Downloading pytest-9.1.1-py3-none-any.whl.metadata (7.6 kB)
2026-09-04T15:45:57.7415408Z Collecting iniconfig>=1.0.1 (from pytest)
2026-09-04T15:45:57.7610580Z   Downloading iniconfig-2.3.0-py3-none-any.whl.metadata (2.5 kB)
2026-09-04T15:45:57.7862331Z Collecting packaging>=22 (from pytest)
2026-09-04T15:45:57.8051447Z   Downloading packaging-26.3-py3-none-any.whl.metadata (3.5 kB)
2026-09-04T15:45:57.8285883Z Collecting pluggy<2,>=1.5 (from pytest)
2026-09-04T15:45:57.8473948Z   Downloading pluggy-1.6.0-py3-none-any.whl.metadata (4.8 kB)
2026-09-04T15:45:57.8759325Z Collecting pygments>=2.7.2 (from pytest)
2026-09-04T15:45:57.8945830Z   Downloading pygments-2.21.0-py3-none-any.whl.metadata (2.5 kB)
2026-09-04T15:45:57.9195872Z Downloading pytest-9.1.1-py3-none-any.whl (386 kB)
2026-09-04T15:45:58.0059087Z Downloading pluggy-1.6.0-py3-none-any.whl (20 kB)
2026-09-04T15:45:58.0247976Z Downloading iniconfig-2.3.0-py3-none-any.whl (7.5 kB)
2026-09-04T15:45:58.0438012Z Downloading packaging-26.3-py3-none-any.whl (129 kB)
2026-09-04T15:45:58.0648787Z Downloading pygments-2.21.0-py3-none-any.whl (1.3 MB)
2026-09-04T15:45:58.1055124Z    ââââââââââââââââââââââââââââââââââââââââ 1.3/1.3 MB 29.0 MB/s  0:00:00
2026-09-04T15:45:58.6588804Z Installing collected packages: pygments, pluggy, packaging, iniconfig, pytest
2026-09-04T15:45:59.5754505Z 
2026-09-04T15:45:59.5763794Z Successfully installed iniconfig-2.3.0 packaging-26.3 pluggy-1.6.0 pygments-2.21.0 pytest-9.1.1
2026-09-04T15:45:59.6356618Z ##[group]Run python automation/inject_mutation.py --error-type "TypeError"
2026-09-04T15:45:59.6357106Z [36;1mpython automation/inject_mutation.py --error-type "TypeError"[0m
2026-09-04T15:45:59.6392134Z shell: /usr/bin/bash -e {0}
2026-09-04T15:45:59.6392370Z env:
2026-09-04T15:45:59.6392612Z   pythonLocation: /opt/hostedtoolcache/Python/3.11.16/x64
2026-09-04T15:45:59.6393184Z   PKG_CONFIG_PATH: /opt/hostedtoolcache/Python/3.11.16/x64/lib/pkgconfig
2026-09-04T15:45:59.6393520Z   Python_ROOT_DIR: /opt/hostedtoolcache/Python/3.11.16/x64
2026-09-04T15:45:59.6393820Z   Python2_ROOT_DIR: /opt/hostedtoolcache/Python/3.11.16/x64
2026-09-04T15:45:59.6394146Z   Python3_ROOT_DIR: /opt/hostedtoolcache/Python/3.11.16/x64
2026-09-04T15:45:59.6394446Z   LD_LIBRARY_PATH: /opt/hostedtoolcache/Python/3.11.16/x64/lib
2026-09-04T15:45:59.6394735Z ##[endgroup]
2026-09-04T15:45:59.6658776Z [Mutation Injected] Successfully injected TypeError into tests/test_app.py
2026-09-04T15:45:59.6724747Z ##[group]Run pytest tests/test_app.py -v
2026-09-04T15:45:59.6725067Z [36;1mpytest tests/test_app.py -v[0m
2026-09-04T15:45:59.6760088Z shell: /usr/bin/bash -e {0}
2026-09-04T15:45:59.6760306Z env:
2026-09-04T15:45:59.6760529Z   pythonLocation: /opt/hostedtoolcache/Python/3.11.16/x64
2026-09-04T15:45:59.6760874Z   PKG_CONFIG_PATH: /opt/hostedtoolcache/Python/3.11.16/x64/lib/pkgconfig
2026-09-04T15:45:59.6761225Z   Python_ROOT_DIR: /opt/hostedtoolcache/Python/3.11.16/x64
2026-09-04T15:45:59.6761529Z   Python2_ROOT_DIR: /opt/hostedtoolcache/Python/3.11.16/x64
2026-09-04T15:45:59.6761828Z   Python3_ROOT_DIR: /opt/hostedtoolcache/Python/3.11.16/x64
2026-09-04T15:45:59.6762118Z   LD_LIBRARY_PATH: /opt/hostedtoolcache/Python/3.11.16/x64/lib
2026-09-04T15:45:59.6762376Z ##[endgroup]
2026-09-04T15:46:00.0663879Z ============================= test session starts ==============================
2026-09-04T15:46:00.0664684Z platform linux -- Python 3.11.16, pytest-9.1.1, pluggy-1.6.0 -- /opt/hostedtoolcache/Python/3.11.16/x64/bin/python
2026-09-04T15:46:00.0665105Z cachedir: .pytest_cache
2026-09-04T15:46:00.0665348Z rootdir: /home/runner/work/log-generation/log-generation
2026-09-04T15:46:00.0665610Z configfile: pytest.ini
2026-09-04T15:46:00.0731822Z collecting ... collected 6 items
2026-09-04T15:46:00.0732132Z 
2026-09-04T15:46:00.0738004Z tests/test_app.py::test_calculate_division PASSED                        [ 16%]
2026-09-04T15:46:00.0742797Z tests/test_app.py::test_convert_to_int PASSED                            [ 33%]
2026-09-04T15:46:00.0747760Z tests/test_app.py::test_get_list_item PASSED                             [ 50%]
2026-09-04T15:46:00.0752335Z tests/test_app.py::test_get_dict_value PASSED                            [ 66%]
2026-09-04T15:46:00.0756648Z tests/test_app.py::test_assert_positive PASSED                           [ 83%]
2026-09-04T15:46:00.1018879Z tests/test_app.py::test_type_error FAILED                                [100%]
2026-09-04T15:46:00.1019322Z 
2026-09-04T15:46:00.1019552Z =================================== FAILURES ===================================
2026-09-04T15:46:00.1020073Z _______________________________ test_type_error ________________________________
2026-09-04T15:46:00.1020401Z 
2026-09-04T15:46:00.1020528Z     def test_type_error():
2026-09-04T15:46:00.1020845Z         """Injected synthetic TypeError."""
2026-09-04T15:46:00.1021223Z         from src.app import calculate_division
2026-09-04T15:46:00.1021497Z >       calculate_division("invalid_string", 5)
2026-09-04T15:46:00.1021671Z 
2026-09-04T15:46:00.1021750Z tests/test_app.py:133: 
2026-09-04T15:46:00.1021976Z _ _ _ _ _ _ _ _ _ _ _ _ _ _ _ _ _ _ _ _ _ _ _ _ _ _ _ _ _ _ _ _ _ _ _ _ _ _ _ _ 
2026-09-04T15:46:00.1022184Z 
2026-09-04T15:46:00.1022278Z a = 'invalid_string', b = 5
2026-09-04T15:46:00.1022404Z 
2026-09-04T15:46:00.1022507Z     def calculate_division(a, b):
2026-09-04T15:46:00.1022712Z >       return a / b
2026-09-04T15:46:00.1022881Z                ^^^^^
2026-09-04T15:46:00.1023117Z E       TypeError: unsupported operand type(s) for /: 'str' and 'int'
2026-09-04T15:46:00.1023326Z 
2026-09-04T15:46:00.1023400Z src/app.py:2: TypeError
2026-09-04T15:46:00.1023630Z =========================== short test summary info ============================
2026-09-04T15:46:00.1024096Z FAILED tests/test_app.py::test_type_error - TypeError: unsupported operand type(s) for /: 'str' and 'int'
2026-09-04T15:46:00.1024927Z ========================= 1 failed, 5 passed in 0.03s ==========================
2026-09-04T15:46:00.1222933Z ##[error]Process completed with exit code 1.
2026-09-04T15:46:00.1341404Z Node 20 is being deprecated. This workflow is running with Node 24 by default. If you need to temporarily use Node 20, you can set the ACTIONS_ALLOW_USE_UNSECURE_NODE_VERSION=true environment variable. For more information see: https://github.blog/changelog/2025-09-19-deprecation-of-node-20-on-github-actions-runners/
2026-09-04T15:46:00.1342370Z Post job cleanup.
2026-09-04T15:46:00.2036810Z [command]/usr/bin/git version
2026-09-04T15:46:00.2073389Z git version 2.55.0
2026-09-04T15:46:00.2105992Z Temporarily overriding HOME='/home/runner/work/_temp/248c4587-d377-44a8-b30f-afc7c5ba9148' before making global git config changes
2026-09-04T15:46:00.2106970Z Adding repository directory to the temporary git global config as a safe directory
2026-09-04T15:46:00.2111487Z [command]/usr/bin/git config --global --add safe.directory /home/runner/work/log-generation/log-generation
2026-09-04T15:46:00.2150909Z [command]/usr/bin/git config --local --name-only --get-regexp core\.sshCommand
2026-09-04T15:46:00.2194329Z [command]/usr/bin/git submodule foreach --recursive sh -c "git config --local --name-only --get-regexp 'core\.sshCommand' && git config --local --unset-all 'core.sshCommand' || :"
2026-09-04T15:46:00.2403818Z [command]/usr/bin/git config --local --name-only --get-regexp http\.https\:\/\/github\.com\/\.extraheader
2026-09-04T15:46:00.2428113Z http.https://github.com/.extraheader
2026-09-04T15:46:00.2437779Z [command]/usr/bin/git config --local --unset-all http.https://github.com/.extraheader
2026-09-04T15:46:00.2468776Z [command]/usr/bin/git submodule foreach --recursive sh -c "git config --local --name-only --get-regexp 'http\.https\:\/\/github\.com\/\.extraheader' && git config --local --unset-all 'http.https://github.com/.extraheader' || :"
2026-09-04T15:46:00.2691658Z [command]/usr/bin/git config --local --name-only --get-regexp ^includeIf\.gitdir:
2026-09-04T15:46:00.2728964Z [command]/usr/bin/git submodule foreach --recursive git config --local --show-origin --name-only --get-regexp remote.origin.url
2026-09-04T15:46:00.3072140Z Cleaning up orphan processes
2026-09-04T15:46:00.3309043Z ##[warning]Node.js 20 is deprecated. The following actions target Node.js 20 but are being forced to run on Node.js 24: actions/checkout@v4, actions/setup-python@v5. For more information see: https://github.blog/changelog/2025-09-19-deprecation-of-node-20-on-github-actions-runners/
