ï»¿2026-09-04T11:16:03.7725207Z Current runner version: '2.337.0'
2026-09-04T11:16:03.7746764Z ##[group]Runner Image Provisioner
2026-09-04T11:16:03.7747643Z Hosted Compute Agent
2026-09-04T11:16:03.7748190Z Version: 20260828.587
2026-09-04T11:16:03.7748766Z Commit: abac92662cab4cc7352de4f9f9d2e2419aad9c29
2026-09-04T11:16:03.7749585Z Build Date: 2026-08-28T16:44:25Z
2026-09-04T11:16:03.7750280Z Worker ID: {6de6cc50-cfbb-44ab-8be6-4930ff86a3cc}
2026-09-04T11:16:03.7750960Z Azure Region: westus3
2026-09-04T11:16:03.7751455Z ##[endgroup]
2026-09-04T11:16:03.7752776Z ##[group]Operating System
2026-09-04T11:16:03.7753336Z Ubuntu
2026-09-04T11:16:03.7753808Z 24.04.4
2026-09-04T11:16:03.7754272Z LTS
2026-09-04T11:16:03.7754874Z ##[endgroup]
2026-09-04T11:16:03.7755362Z ##[group]Runner Image
2026-09-04T11:16:03.7756210Z Image: ubuntu-24.04
2026-09-04T11:16:03.7756702Z Version: 20260831.293.1
2026-09-04T11:16:03.7757776Z Included Software: https://github.com/actions/runner-images/blob/ubuntu24/20260831.293/images/ubuntu/Ubuntu2404-Readme.md
2026-09-04T11:16:03.7759023Z Image Release: https://github.com/actions/runner-images/releases/tag/ubuntu24%2F20260831.293
2026-09-04T11:16:03.7759873Z ##[endgroup]
2026-09-04T11:16:03.7760911Z ##[group]GITHUB_TOKEN Permissions
2026-09-04T11:16:03.7762883Z Contents: read
2026-09-04T11:16:03.7763379Z Metadata: read
2026-09-04T11:16:03.7763857Z Packages: read
2026-09-04T11:16:03.7764362Z ##[endgroup]
2026-09-04T11:16:03.7766403Z Secret source: Actions
2026-09-04T11:16:03.7767579Z Prepare workflow directory
2026-09-04T11:16:03.8059073Z Prepare all required actions
2026-09-04T11:16:03.8101858Z Getting action download info
2026-09-04T11:16:04.0990219Z Download action repository 'actions/checkout@v4' (SHA:11d5960a326750d5838078e36cf38b85af677262)
2026-09-04T11:16:04.2279138Z Download action repository 'actions/setup-python@v5' (SHA:a26af69be951a213d495a4c3e4e4022e16d87065)
2026-09-04T11:16:04.4264724Z Complete job name: test-f3 (FileNotFoundError #80)
2026-09-04T11:16:04.4885351Z Node 20 is being deprecated. This workflow is running with Node 24 by default. If you need to temporarily use Node 20, you can set the ACTIONS_ALLOW_USE_UNSECURE_NODE_VERSION=true environment variable. For more information see: https://github.blog/changelog/2025-09-19-deprecation-of-node-20-on-github-actions-runners/
2026-09-04T11:16:04.4893237Z ##[group]Run actions/checkout@v4
2026-09-04T11:16:04.4893970Z with:
2026-09-04T11:16:04.4894445Z   fetch-depth: 1
2026-09-04T11:16:04.4895181Z   repository: DhruvHegde/log-generation
2026-09-04T11:16:04.4899168Z   token: ***
2026-09-04T11:16:04.4899640Z   ssh-strict: true
2026-09-04T11:16:04.4900124Z   ssh-user: git
2026-09-04T11:16:04.4900627Z   persist-credentials: true
2026-09-04T11:16:04.4901178Z   clean: true
2026-09-04T11:16:04.4901681Z   sparse-checkout-cone-mode: true
2026-09-04T11:16:04.4902237Z   fetch-tags: false
2026-09-04T11:16:04.4902754Z   show-progress: true
2026-09-04T11:16:04.4903242Z   lfs: false
2026-09-04T11:16:04.4903781Z   submodules: false
2026-09-04T11:16:04.4904327Z   set-safe-directory: true
2026-09-04T11:16:04.4905193Z   allow-unsafe-pr-checkout: false
2026-09-04T11:16:04.4905937Z ##[endgroup]
2026-09-04T11:16:04.5852080Z Syncing repository: DhruvHegde/log-generation
2026-09-04T11:16:04.5854930Z ##[group]Getting Git version info
2026-09-04T11:16:04.5856131Z Working directory is '/home/runner/work/log-generation/log-generation'
2026-09-04T11:16:04.5857974Z [command]/usr/bin/git version
2026-09-04T11:16:04.5921704Z git version 2.55.0
2026-09-04T11:16:04.5940028Z ##[endgroup]
2026-09-04T11:16:04.5952913Z Temporarily overriding HOME='/home/runner/work/_temp/230ebb53-75b3-4b3c-841f-140eec467724' before making global git config changes
2026-09-04T11:16:04.5955564Z Adding repository directory to the temporary git global config as a safe directory
2026-09-04T11:16:04.5969053Z [command]/usr/bin/git config --global --add safe.directory /home/runner/work/log-generation/log-generation
2026-09-04T11:16:04.6012433Z Deleting the contents of '/home/runner/work/log-generation/log-generation'
2026-09-04T11:16:04.6016613Z ##[group]Initializing the repository
2026-09-04T11:16:04.6021710Z [command]/usr/bin/git init /home/runner/work/log-generation/log-generation
2026-09-04T11:16:04.6090269Z hint: Using 'master' as the name for the initial branch. This default branch name
2026-09-04T11:16:04.6091399Z hint: will change to "main" in Git 3.0. To configure the initial branch name
2026-09-04T11:16:04.6092325Z hint: to use in all of your new repositories, which will suppress this warning,
2026-09-04T11:16:04.6093058Z hint: call:
2026-09-04T11:16:04.6093633Z hint:
2026-09-04T11:16:04.6094225Z hint: 	git config --global init.defaultBranch <name>
2026-09-04T11:16:04.6095117Z hint:
2026-09-04T11:16:04.6095719Z hint: Names commonly chosen instead of 'master' are 'main', 'trunk' and
2026-09-04T11:16:04.6096609Z hint: 'development'. The just-created branch can be renamed via this command:
2026-09-04T11:16:04.6097372Z hint:
2026-09-04T11:16:04.6097885Z hint: 	git branch -m <name>
2026-09-04T11:16:04.6098392Z hint:
2026-09-04T11:16:04.6099057Z hint: Disable this message with "git config set advice.defaultBranchName false"
2026-09-04T11:16:04.6104100Z Initialized empty Git repository in /home/runner/work/log-generation/log-generation/.git/
2026-09-04T11:16:04.6111994Z [command]/usr/bin/git remote add origin https://github.com/DhruvHegde/log-generation
2026-09-04T11:16:04.6182565Z ##[endgroup]
2026-09-04T11:16:04.6184113Z ##[group]Disabling automatic garbage collection
2026-09-04T11:16:04.6185783Z [command]/usr/bin/git config --local gc.auto 0
2026-09-04T11:16:04.6211742Z ##[endgroup]
2026-09-04T11:16:04.6212976Z ##[group]Setting up auth
2026-09-04T11:16:04.6218084Z [command]/usr/bin/git config --local --name-only --get-regexp core\.sshCommand
2026-09-04T11:16:04.6247409Z [command]/usr/bin/git submodule foreach --recursive sh -c "git config --local --name-only --get-regexp 'core\.sshCommand' && git config --local --unset-all 'core.sshCommand' || :"
2026-09-04T11:16:04.6524810Z [command]/usr/bin/git config --local --name-only --get-regexp http\.https\:\/\/github\.com\/\.extraheader
2026-09-04T11:16:04.6551593Z [command]/usr/bin/git submodule foreach --recursive sh -c "git config --local --name-only --get-regexp 'http\.https\:\/\/github\.com\/\.extraheader' && git config --local --unset-all 'http.https://github.com/.extraheader' || :"
2026-09-04T11:16:04.6727179Z [command]/usr/bin/git config --local --name-only --get-regexp ^includeIf\.gitdir:
2026-09-04T11:16:04.6753610Z [command]/usr/bin/git submodule foreach --recursive git config --local --show-origin --name-only --get-regexp remote.origin.url
2026-09-04T11:16:04.6926810Z [command]/usr/bin/git config --local http.https://github.com/.extraheader AUTHORIZATION: basic ***
2026-09-04T11:16:04.6957114Z ##[endgroup]
2026-09-04T11:16:04.6958247Z ##[group]Fetching the repository
2026-09-04T11:16:04.6966737Z [command]/usr/bin/git -c protocol.version=2 fetch --no-tags --prune --no-recurse-submodules --depth=1 origin +55701f2ee203be18f432be2dca839cc73b92fb5e:refs/remotes/origin/feature/f3-test-failures
2026-09-04T11:16:05.1456915Z From https://github.com/DhruvHegde/log-generation
2026-09-04T11:16:05.1459298Z  * [new ref]         55701f2ee203be18f432be2dca839cc73b92fb5e -> origin/feature/f3-test-failures
2026-09-04T11:16:05.1461549Z ##[endgroup]
2026-09-04T11:16:05.1462465Z ##[group]Determining the checkout info
2026-09-04T11:16:05.1463690Z ##[endgroup]
2026-09-04T11:16:05.1468713Z [command]/usr/bin/git sparse-checkout disable
2026-09-04T11:16:05.1508376Z [command]/usr/bin/git config --local --unset-all extensions.worktreeConfig
2026-09-04T11:16:05.1532868Z ##[group]Checking out the ref
2026-09-04T11:16:05.1537052Z [command]/usr/bin/git checkout --progress --force -B feature/f3-test-failures refs/remotes/origin/feature/f3-test-failures
2026-09-04T11:16:05.1586967Z Switched to a new branch 'feature/f3-test-failures'
2026-09-04T11:16:05.1591809Z branch 'feature/f3-test-failures' set up to track 'origin/feature/f3-test-failures'.
2026-09-04T11:16:05.1595466Z ##[endgroup]
2026-09-04T11:16:05.1628080Z [command]/usr/bin/git log -1 --format=%H
2026-09-04T11:16:05.1648346Z 55701f2ee203be18f432be2dca839cc73b92fb5e
2026-09-04T11:16:05.1886364Z Node 20 is being deprecated. This workflow is running with Node 24 by default. If you need to temporarily use Node 20, you can set the ACTIONS_ALLOW_USE_UNSECURE_NODE_VERSION=true environment variable. For more information see: https://github.blog/changelog/2025-09-19-deprecation-of-node-20-on-github-actions-runners/
2026-09-04T11:16:05.1888767Z ##[group]Run actions/setup-python@v5
2026-09-04T11:16:05.1889365Z with:
2026-09-04T11:16:05.1889818Z   python-version: 3.11
2026-09-04T11:16:05.1890298Z   check-latest: false
2026-09-04T11:16:05.1894070Z   token: ***
2026-09-04T11:16:05.1894710Z   update-environment: true
2026-09-04T11:16:05.1895302Z   allow-prereleases: false
2026-09-04T11:16:05.1895812Z   freethreaded: false
2026-09-04T11:16:05.1896272Z ##[endgroup]
2026-09-04T11:16:05.3094899Z ##[group]Installed versions
2026-09-04T11:16:05.3175640Z (node:2028) [DEP0040] DeprecationWarning: The `punycode` module is deprecated. Please use a userland alternative instead.
2026-09-04T11:16:05.3177476Z (Use `node --trace-deprecation ...` to show where the warning was created)
2026-09-04T11:16:05.3178610Z Successfully set up CPython (3.11.16)
2026-09-04T11:16:05.3179972Z ##[endgroup]
2026-09-04T11:16:05.3303400Z ##[group]Run pip install --no-cache-dir pytest
2026-09-04T11:16:05.3304200Z [36;1mpip install --no-cache-dir pytest[0m
2026-09-04T11:16:05.3343216Z shell: /usr/bin/bash -e {0}
2026-09-04T11:16:05.3343797Z env:
2026-09-04T11:16:05.3344349Z   pythonLocation: /opt/hostedtoolcache/Python/3.11.16/x64
2026-09-04T11:16:05.3345512Z   PKG_CONFIG_PATH: /opt/hostedtoolcache/Python/3.11.16/x64/lib/pkgconfig
2026-09-04T11:16:05.3346380Z   Python_ROOT_DIR: /opt/hostedtoolcache/Python/3.11.16/x64
2026-09-04T11:16:05.3347147Z   Python2_ROOT_DIR: /opt/hostedtoolcache/Python/3.11.16/x64
2026-09-04T11:16:05.3347893Z   Python3_ROOT_DIR: /opt/hostedtoolcache/Python/3.11.16/x64
2026-09-04T11:16:05.3348650Z   LD_LIBRARY_PATH: /opt/hostedtoolcache/Python/3.11.16/x64/lib
2026-09-04T11:16:05.3349363Z ##[endgroup]
2026-09-04T11:16:06.0604759Z Collecting pytest
2026-09-04T11:16:06.1277843Z   Downloading pytest-9.1.1-py3-none-any.whl.metadata (7.6 kB)
2026-09-04T11:16:06.1351434Z Collecting iniconfig>=1.0.1 (from pytest)
2026-09-04T11:16:06.1450304Z   Downloading iniconfig-2.3.0-py3-none-any.whl.metadata (2.5 kB)
2026-09-04T11:16:06.1533451Z Collecting packaging>=22 (from pytest)
2026-09-04T11:16:06.1631837Z   Downloading packaging-26.3-py3-none-any.whl.metadata (3.5 kB)
2026-09-04T11:16:06.1701125Z Collecting pluggy<2,>=1.5 (from pytest)
2026-09-04T11:16:06.1800258Z   Downloading pluggy-1.6.0-py3-none-any.whl.metadata (4.8 kB)
2026-09-04T11:16:06.1923983Z Collecting pygments>=2.7.2 (from pytest)
2026-09-04T11:16:06.2021982Z   Downloading pygments-2.21.0-py3-none-any.whl.metadata (2.5 kB)
2026-09-04T11:16:06.2141363Z Downloading pytest-9.1.1-py3-none-any.whl (386 kB)
2026-09-04T11:16:06.2584006Z Downloading pluggy-1.6.0-py3-none-any.whl (20 kB)
2026-09-04T11:16:06.2681537Z Downloading iniconfig-2.3.0-py3-none-any.whl (7.5 kB)
2026-09-04T11:16:06.2783983Z Downloading packaging-26.3-py3-none-any.whl (129 kB)
2026-09-04T11:16:06.2887194Z Downloading pygments-2.21.0-py3-none-any.whl (1.3 MB)
2026-09-04T11:16:06.3174918Z    ââââââââââââââââââââââââââââââââââââââââ 1.3/1.3 MB 56.2 MB/s  0:00:00
2026-09-04T11:16:06.3728673Z Installing collected packages: pygments, pluggy, packaging, iniconfig, pytest
2026-09-04T11:16:07.1798620Z 
2026-09-04T11:16:07.1807728Z Successfully installed iniconfig-2.3.0 packaging-26.3 pluggy-1.6.0 pygments-2.21.0 pytest-9.1.1
2026-09-04T11:16:07.2379432Z ##[group]Run python automation/inject_mutation.py --error-type "FileNotFoundError"
2026-09-04T11:16:07.2380228Z [36;1mpython automation/inject_mutation.py --error-type "FileNotFoundError"[0m
2026-09-04T11:16:07.2405027Z shell: /usr/bin/bash -e {0}
2026-09-04T11:16:07.2405498Z env:
2026-09-04T11:16:07.2405898Z   pythonLocation: /opt/hostedtoolcache/Python/3.11.16/x64
2026-09-04T11:16:07.2406598Z   PKG_CONFIG_PATH: /opt/hostedtoolcache/Python/3.11.16/x64/lib/pkgconfig
2026-09-04T11:16:07.2407220Z   Python_ROOT_DIR: /opt/hostedtoolcache/Python/3.11.16/x64
2026-09-04T11:16:07.2407712Z   Python2_ROOT_DIR: /opt/hostedtoolcache/Python/3.11.16/x64
2026-09-04T11:16:07.2408218Z   Python3_ROOT_DIR: /opt/hostedtoolcache/Python/3.11.16/x64
2026-09-04T11:16:07.2408703Z   LD_LIBRARY_PATH: /opt/hostedtoolcache/Python/3.11.16/x64/lib
2026-09-04T11:16:07.2409150Z ##[endgroup]
2026-09-04T11:16:07.2665984Z [Mutation Injected] Successfully injected FileNotFoundError into tests/test_app.py
2026-09-04T11:16:07.2733328Z ##[group]Run pytest tests/test_app.py -v
2026-09-04T11:16:07.2733802Z [36;1mpytest tests/test_app.py -v[0m
2026-09-04T11:16:07.2754509Z shell: /usr/bin/bash -e {0}
2026-09-04T11:16:07.2755161Z env:
2026-09-04T11:16:07.2755619Z   pythonLocation: /opt/hostedtoolcache/Python/3.11.16/x64
2026-09-04T11:16:07.2756132Z   PKG_CONFIG_PATH: /opt/hostedtoolcache/Python/3.11.16/x64/lib/pkgconfig
2026-09-04T11:16:07.2756720Z   Python_ROOT_DIR: /opt/hostedtoolcache/Python/3.11.16/x64
2026-09-04T11:16:07.2757198Z   Python2_ROOT_DIR: /opt/hostedtoolcache/Python/3.11.16/x64
2026-09-04T11:16:07.2757639Z   Python3_ROOT_DIR: /opt/hostedtoolcache/Python/3.11.16/x64
2026-09-04T11:16:07.2758129Z   LD_LIBRARY_PATH: /opt/hostedtoolcache/Python/3.11.16/x64/lib
2026-09-04T11:16:07.2758529Z ##[endgroup]
2026-09-04T11:16:07.6281771Z ============================= test session starts ==============================
2026-09-04T11:16:07.6283062Z platform linux -- Python 3.11.16, pytest-9.1.1, pluggy-1.6.0 -- /opt/hostedtoolcache/Python/3.11.16/x64/bin/python
2026-09-04T11:16:07.6284068Z cachedir: .pytest_cache
2026-09-04T11:16:07.6284813Z rootdir: /home/runner/work/log-generation/log-generation
2026-09-04T11:16:07.6285473Z configfile: pytest.ini
2026-09-04T11:16:07.6358797Z collecting ... collected 6 items
2026-09-04T11:16:07.6359198Z 
2026-09-04T11:16:07.6369350Z tests/test_app.py::test_calculate_division PASSED                        [ 16%]
2026-09-04T11:16:07.6372368Z tests/test_app.py::test_convert_to_int PASSED                            [ 33%]
2026-09-04T11:16:07.6378633Z tests/test_app.py::test_get_list_item PASSED                             [ 50%]
2026-09-04T11:16:07.6383898Z tests/test_app.py::test_get_dict_value PASSED                            [ 66%]
2026-09-04T11:16:07.6389841Z tests/test_app.py::test_assert_positive PASSED                           [ 83%]
2026-09-04T11:16:07.6602496Z tests/test_app.py::test_file_not_found_error FAILED                      [100%]
2026-09-04T11:16:07.6602965Z 
2026-09-04T11:16:07.6603211Z =================================== FAILURES ===================================
2026-09-04T11:16:07.6603689Z __________________________ test_file_not_found_error ___________________________
2026-09-04T11:16:07.6603921Z 
2026-09-04T11:16:07.6604116Z     def test_file_not_found_error():
2026-09-04T11:16:07.6604506Z         """Injected synthetic FileNotFoundError."""
2026-09-04T11:16:07.6605002Z         from src.app import read_config_file
2026-09-04T11:16:07.6605467Z >       read_config_file("fixtures/non_existent_pipeline_config.json")
2026-09-04T11:16:07.6605759Z 
2026-09-04T11:16:07.6605882Z tests/test_app.py:129: 
2026-09-04T11:16:07.6606330Z _ _ _ _ _ _ _ _ _ _ _ _ _ _ _ _ _ _ _ _ _ _ _ _ _ _ _ _ _ _ _ _ _ _ _ _ _ _ _ _ 
2026-09-04T11:16:07.6606569Z 
2026-09-04T11:16:07.6606798Z path = 'fixtures/non_existent_pipeline_config.json'
2026-09-04T11:16:07.6607023Z 
2026-09-04T11:16:07.6607177Z     def read_config_file(path):
2026-09-04T11:16:07.6607556Z >       with open(path, "r") as f:
2026-09-04T11:16:07.6607939Z              ^^^^^^^^^^^^^^^
2026-09-04T11:16:07.6608472Z E       FileNotFoundError: [Errno 2] No such file or directory: 'fixtures/non_existent_pipeline_config.json'
2026-09-04T11:16:07.6608905Z 
2026-09-04T11:16:07.6609134Z src/app.py:17: FileNotFoundError
2026-09-04T11:16:07.6609525Z =========================== short test summary info ============================
2026-09-04T11:16:07.6610585Z FAILED tests/test_app.py::test_file_not_found_error - FileNotFoundError: [Errno 2] No such file or directory: 'fixtures/non_existent_pipeline_config.json'
2026-09-04T11:16:07.6611301Z ========================= 1 failed, 5 passed in 0.02s ==========================
2026-09-04T11:16:07.6811856Z ##[error]Process completed with exit code 1.
2026-09-04T11:16:07.6947444Z Node 20 is being deprecated. This workflow is running with Node 24 by default. If you need to temporarily use Node 20, you can set the ACTIONS_ALLOW_USE_UNSECURE_NODE_VERSION=true environment variable. For more information see: https://github.blog/changelog/2025-09-19-deprecation-of-node-20-on-github-actions-runners/
2026-09-04T11:16:07.6948598Z Post job cleanup.
2026-09-04T11:16:07.7752859Z [command]/usr/bin/git version
2026-09-04T11:16:07.7787051Z git version 2.55.0
2026-09-04T11:16:07.7818172Z Temporarily overriding HOME='/home/runner/work/_temp/c0750180-e958-496f-aab6-459c063c210c' before making global git config changes
2026-09-04T11:16:07.7819700Z Adding repository directory to the temporary git global config as a safe directory
2026-09-04T11:16:07.7821882Z [command]/usr/bin/git config --global --add safe.directory /home/runner/work/log-generation/log-generation
2026-09-04T11:16:07.7856787Z [command]/usr/bin/git config --local --name-only --get-regexp core\.sshCommand
2026-09-04T11:16:07.7886732Z [command]/usr/bin/git submodule foreach --recursive sh -c "git config --local --name-only --get-regexp 'core\.sshCommand' && git config --local --unset-all 'core.sshCommand' || :"
2026-09-04T11:16:07.8077050Z [command]/usr/bin/git config --local --name-only --get-regexp http\.https\:\/\/github\.com\/\.extraheader
2026-09-04T11:16:07.8098395Z http.https://github.com/.extraheader
2026-09-04T11:16:07.8108160Z [command]/usr/bin/git config --local --unset-all http.https://github.com/.extraheader
2026-09-04T11:16:07.8137387Z [command]/usr/bin/git submodule foreach --recursive sh -c "git config --local --name-only --get-regexp 'http\.https\:\/\/github\.com\/\.extraheader' && git config --local --unset-all 'http.https://github.com/.extraheader' || :"
2026-09-04T11:16:07.8327424Z [command]/usr/bin/git config --local --name-only --get-regexp ^includeIf\.gitdir:
2026-09-04T11:16:07.8366170Z [command]/usr/bin/git submodule foreach --recursive git config --local --show-origin --name-only --get-regexp remote.origin.url
2026-09-04T11:16:07.8699860Z Cleaning up orphan processes
2026-09-04T11:16:07.8942298Z ##[warning]Node.js 20 is deprecated. The following actions target Node.js 20 but are being forced to run on Node.js 24: actions/checkout@v4, actions/setup-python@v5. For more information see: https://github.blog/changelog/2025-09-19-deprecation-of-node-20-on-github-actions-runners/
