ï»¿2026-09-04T15:46:18.2031157Z Current runner version: '2.337.0'
2026-09-04T15:46:18.2056516Z ##[group]Runner Image Provisioner
2026-09-04T15:46:18.2057441Z Hosted Compute Agent
2026-09-04T15:46:18.2057994Z Version: 20260828.587
2026-09-04T15:46:18.2058590Z Commit: abac92662cab4cc7352de4f9f9d2e2419aad9c29
2026-09-04T15:46:18.2059380Z Build Date: 2026-08-28T16:44:25Z
2026-09-04T15:46:18.2060031Z Worker ID: {f20de34b-6572-4720-be99-f363209da1b8}
2026-09-04T15:46:18.2060773Z Azure Region: westus3
2026-09-04T15:46:18.2061322Z ##[endgroup]
2026-09-04T15:46:18.2062915Z ##[group]Operating System
2026-09-04T15:46:18.2063579Z Ubuntu
2026-09-04T15:46:18.2064082Z 24.04.4
2026-09-04T15:46:18.2064594Z LTS
2026-09-04T15:46:18.2065100Z ##[endgroup]
2026-09-04T15:46:18.2065794Z ##[group]Runner Image
2026-09-04T15:46:18.2066710Z Image: ubuntu-24.04
2026-09-04T15:46:18.2067273Z Version: 20260831.293.1
2026-09-04T15:46:18.2068490Z Included Software: https://github.com/actions/runner-images/blob/ubuntu24/20260831.293/images/ubuntu/Ubuntu2404-Readme.md
2026-09-04T15:46:18.2069954Z Image Release: https://github.com/actions/runner-images/releases/tag/ubuntu24%2F20260831.293
2026-09-04T15:46:18.2070874Z ##[endgroup]
2026-09-04T15:46:18.2072198Z ##[group]GITHUB_TOKEN Permissions
2026-09-04T15:46:18.2074496Z Contents: read
2026-09-04T15:46:18.2075078Z Metadata: read
2026-09-04T15:46:18.2076034Z Packages: read
2026-09-04T15:46:18.2076616Z ##[endgroup]
2026-09-04T15:46:18.2078665Z Secret source: Actions
2026-09-04T15:46:18.2080013Z Prepare workflow directory
2026-09-04T15:46:18.2381560Z Prepare all required actions
2026-09-04T15:46:18.2428068Z Getting action download info
2026-09-04T15:46:18.5642044Z Download action repository 'actions/checkout@v4' (SHA:11d5960a326750d5838078e36cf38b85af677262)
2026-09-04T15:46:18.6981552Z Download action repository 'actions/setup-python@v5' (SHA:a26af69be951a213d495a4c3e4e4022e16d87065)
2026-09-04T15:46:18.9019549Z Complete job name: test-f3 (FileNotFoundError #228)
2026-09-04T15:46:18.9685955Z Node 20 is being deprecated. This workflow is running with Node 24 by default. If you need to temporarily use Node 20, you can set the ACTIONS_ALLOW_USE_UNSECURE_NODE_VERSION=true environment variable. For more information see: https://github.blog/changelog/2025-09-19-deprecation-of-node-20-on-github-actions-runners/
2026-09-04T15:46:18.9694376Z ##[group]Run actions/checkout@v4
2026-09-04T15:46:18.9695112Z with:
2026-09-04T15:46:18.9695775Z   fetch-depth: 1
2026-09-04T15:46:18.9696482Z   repository: DhruvHegde/log-generation
2026-09-04T15:46:18.9700253Z   token: ***
2026-09-04T15:46:18.9700772Z   ssh-strict: true
2026-09-04T15:46:18.9701272Z   ssh-user: git
2026-09-04T15:46:18.9701765Z   persist-credentials: true
2026-09-04T15:46:18.9702369Z   clean: true
2026-09-04T15:46:18.9702904Z   sparse-checkout-cone-mode: true
2026-09-04T15:46:18.9703487Z   fetch-tags: false
2026-09-04T15:46:18.9703986Z   show-progress: true
2026-09-04T15:46:18.9704473Z   lfs: false
2026-09-04T15:46:18.9705109Z   submodules: false
2026-09-04T15:46:18.9705746Z   set-safe-directory: true
2026-09-04T15:46:18.9706495Z   allow-unsafe-pr-checkout: false
2026-09-04T15:46:18.9707471Z ##[endgroup]
2026-09-04T15:46:19.0717973Z Syncing repository: DhruvHegde/log-generation
2026-09-04T15:46:19.0720044Z ##[group]Getting Git version info
2026-09-04T15:46:19.0720906Z Working directory is '/home/runner/work/log-generation/log-generation'
2026-09-04T15:46:19.0722099Z [command]/usr/bin/git version
2026-09-04T15:46:19.0886586Z git version 2.55.0
2026-09-04T15:46:19.0907027Z ##[endgroup]
2026-09-04T15:46:19.0921154Z Temporarily overriding HOME='/home/runner/work/_temp/e424997a-7ecc-4125-ae39-9ee575e3252d' before making global git config changes
2026-09-04T15:46:19.0923125Z Adding repository directory to the temporary git global config as a safe directory
2026-09-04T15:46:19.0928651Z [command]/usr/bin/git config --global --add safe.directory /home/runner/work/log-generation/log-generation
2026-09-04T15:46:19.0979413Z Deleting the contents of '/home/runner/work/log-generation/log-generation'
2026-09-04T15:46:19.0985134Z ##[group]Initializing the repository
2026-09-04T15:46:19.0990038Z [command]/usr/bin/git init /home/runner/work/log-generation/log-generation
2026-09-04T15:46:19.1085034Z hint: Using 'master' as the name for the initial branch. This default branch name
2026-09-04T15:46:19.1086998Z hint: will change to "main" in Git 3.0. To configure the initial branch name
2026-09-04T15:46:19.1088539Z hint: to use in all of your new repositories, which will suppress this warning,
2026-09-04T15:46:19.1089838Z hint: call:
2026-09-04T15:46:19.1090540Z hint:
2026-09-04T15:46:19.1091543Z hint: 	git config --global init.defaultBranch <name>
2026-09-04T15:46:19.1092621Z hint:
2026-09-04T15:46:19.1093585Z hint: Names commonly chosen instead of 'master' are 'main', 'trunk' and
2026-09-04T15:46:19.1095099Z hint: 'development'. The just-created branch can be renamed via this command:
2026-09-04T15:46:19.1096500Z hint:
2026-09-04T15:46:19.1097428Z hint: 	git branch -m <name>
2026-09-04T15:46:19.1098245Z hint:
2026-09-04T15:46:19.1099293Z hint: Disable this message with "git config set advice.defaultBranchName false"
2026-09-04T15:46:19.1105208Z Initialized empty Git repository in /home/runner/work/log-generation/log-generation/.git/
2026-09-04T15:46:19.1112323Z [command]/usr/bin/git remote add origin https://github.com/DhruvHegde/log-generation
2026-09-04T15:46:19.1170748Z ##[endgroup]
2026-09-04T15:46:19.1172431Z ##[group]Disabling automatic garbage collection
2026-09-04T15:46:19.1173747Z [command]/usr/bin/git config --local gc.auto 0
2026-09-04T15:46:19.1200098Z ##[endgroup]
2026-09-04T15:46:19.1201360Z ##[group]Setting up auth
2026-09-04T15:46:19.1215563Z [command]/usr/bin/git config --local --name-only --get-regexp core\.sshCommand
2026-09-04T15:46:19.1242979Z [command]/usr/bin/git submodule foreach --recursive sh -c "git config --local --name-only --get-regexp 'core\.sshCommand' && git config --local --unset-all 'core.sshCommand' || :"
2026-09-04T15:46:19.2717825Z [command]/usr/bin/git config --local --name-only --get-regexp http\.https\:\/\/github\.com\/\.extraheader
2026-09-04T15:46:19.2760059Z [command]/usr/bin/git submodule foreach --recursive sh -c "git config --local --name-only --get-regexp 'http\.https\:\/\/github\.com\/\.extraheader' && git config --local --unset-all 'http.https://github.com/.extraheader' || :"
2026-09-04T15:46:19.2957598Z [command]/usr/bin/git config --local --name-only --get-regexp ^includeIf\.gitdir:
2026-09-04T15:46:19.2993309Z [command]/usr/bin/git submodule foreach --recursive git config --local --show-origin --name-only --get-regexp remote.origin.url
2026-09-04T15:46:19.3199968Z [command]/usr/bin/git config --local http.https://github.com/.extraheader AUTHORIZATION: basic ***
2026-09-04T15:46:19.3231624Z ##[endgroup]
2026-09-04T15:46:19.3232857Z ##[group]Fetching the repository
2026-09-04T15:46:19.3241759Z [command]/usr/bin/git -c protocol.version=2 fetch --no-tags --prune --no-recurse-submodules --depth=1 origin +ff2db557a0a8df7e538c7d2e729be8ed403658e2:refs/remotes/origin/feature/f3-test-failures
2026-09-04T15:46:20.3385351Z From https://github.com/DhruvHegde/log-generation
2026-09-04T15:46:20.3387460Z  * [new ref]         ff2db557a0a8df7e538c7d2e729be8ed403658e2 -> origin/feature/f3-test-failures
2026-09-04T15:46:20.3391998Z ##[endgroup]
2026-09-04T15:46:20.3393611Z ##[group]Determining the checkout info
2026-09-04T15:46:20.3395189Z ##[endgroup]
2026-09-04T15:46:20.3399825Z [command]/usr/bin/git sparse-checkout disable
2026-09-04T15:46:20.3531566Z [command]/usr/bin/git config --local --unset-all extensions.worktreeConfig
2026-09-04T15:46:20.3563040Z ##[group]Checking out the ref
2026-09-04T15:46:20.3569044Z [command]/usr/bin/git checkout --progress --force -B feature/f3-test-failures refs/remotes/origin/feature/f3-test-failures
2026-09-04T15:46:20.4220542Z Switched to a new branch 'feature/f3-test-failures'
2026-09-04T15:46:20.4226261Z branch 'feature/f3-test-failures' set up to track 'origin/feature/f3-test-failures'.
2026-09-04T15:46:20.4230641Z ##[endgroup]
2026-09-04T15:46:20.4267186Z [command]/usr/bin/git log -1 --format=%H
2026-09-04T15:46:20.4290127Z ff2db557a0a8df7e538c7d2e729be8ed403658e2
2026-09-04T15:46:20.4633529Z Node 20 is being deprecated. This workflow is running with Node 24 by default. If you need to temporarily use Node 20, you can set the ACTIONS_ALLOW_USE_UNSECURE_NODE_VERSION=true environment variable. For more information see: https://github.blog/changelog/2025-09-19-deprecation-of-node-20-on-github-actions-runners/
2026-09-04T15:46:20.4638498Z ##[group]Run actions/setup-python@v5
2026-09-04T15:46:20.4639816Z with:
2026-09-04T15:46:20.4640848Z   python-version: 3.11
2026-09-04T15:46:20.4641968Z   check-latest: false
2026-09-04T15:46:20.4649976Z   token: ***
2026-09-04T15:46:20.4651107Z   update-environment: true
2026-09-04T15:46:20.4652270Z   allow-prereleases: false
2026-09-04T15:46:20.4653442Z   freethreaded: false
2026-09-04T15:46:20.4654521Z ##[endgroup]
2026-09-04T15:46:20.5968455Z ##[group]Installed versions
2026-09-04T15:46:20.6131996Z (node:2023) [DEP0040] DeprecationWarning: The `punycode` module is deprecated. Please use a userland alternative instead.
2026-09-04T15:46:20.6135779Z (Use `node --trace-deprecation ...` to show where the warning was created)
2026-09-04T15:46:20.6138057Z Successfully set up CPython (3.11.16)
2026-09-04T15:46:20.6141180Z ##[endgroup]
2026-09-04T15:46:20.6278293Z ##[group]Run pip install --no-cache-dir pytest
2026-09-04T15:46:20.6279850Z [36;1mpip install --no-cache-dir pytest[0m
2026-09-04T15:46:20.6321072Z shell: /usr/bin/bash -e {0}
2026-09-04T15:46:20.6322303Z env:
2026-09-04T15:46:20.6323472Z   pythonLocation: /opt/hostedtoolcache/Python/3.11.16/x64
2026-09-04T15:46:20.6325170Z   PKG_CONFIG_PATH: /opt/hostedtoolcache/Python/3.11.16/x64/lib/pkgconfig
2026-09-04T15:46:20.6327390Z   Python_ROOT_DIR: /opt/hostedtoolcache/Python/3.11.16/x64
2026-09-04T15:46:20.6328958Z   Python2_ROOT_DIR: /opt/hostedtoolcache/Python/3.11.16/x64
2026-09-04T15:46:20.6330549Z   Python3_ROOT_DIR: /opt/hostedtoolcache/Python/3.11.16/x64
2026-09-04T15:46:20.6332151Z   LD_LIBRARY_PATH: /opt/hostedtoolcache/Python/3.11.16/x64/lib
2026-09-04T15:46:20.6333564Z ##[endgroup]
2026-09-04T15:46:21.9149504Z Collecting pytest
2026-09-04T15:46:22.0067714Z   Downloading pytest-9.1.1-py3-none-any.whl.metadata (7.6 kB)
2026-09-04T15:46:22.0146510Z Collecting iniconfig>=1.0.1 (from pytest)
2026-09-04T15:46:22.0248368Z   Downloading iniconfig-2.3.0-py3-none-any.whl.metadata (2.5 kB)
2026-09-04T15:46:22.0341312Z Collecting packaging>=22 (from pytest)
2026-09-04T15:46:22.0443194Z   Downloading packaging-26.3-py3-none-any.whl.metadata (3.5 kB)
2026-09-04T15:46:22.0518099Z Collecting pluggy<2,>=1.5 (from pytest)
2026-09-04T15:46:22.0622126Z   Downloading pluggy-1.6.0-py3-none-any.whl.metadata (4.8 kB)
2026-09-04T15:46:22.0739962Z Collecting pygments>=2.7.2 (from pytest)
2026-09-04T15:46:22.0843311Z   Downloading pygments-2.21.0-py3-none-any.whl.metadata (2.5 kB)
2026-09-04T15:46:22.2528553Z Downloading pytest-9.1.1-py3-none-any.whl (386 kB)
2026-09-04T15:46:22.2964794Z Downloading pluggy-1.6.0-py3-none-any.whl (20 kB)
2026-09-04T15:46:22.3066221Z Downloading iniconfig-2.3.0-py3-none-any.whl (7.5 kB)
2026-09-04T15:46:22.3167506Z Downloading packaging-26.3-py3-none-any.whl (129 kB)
2026-09-04T15:46:22.3277069Z Downloading pygments-2.21.0-py3-none-any.whl (1.3 MB)
2026-09-04T15:46:22.3553823Z    ââââââââââââââââââââââââââââââââââââââââ 1.3/1.3 MB 43.5 MB/s  0:00:00
2026-09-04T15:46:22.5153143Z Installing collected packages: pygments, pluggy, packaging, iniconfig, pytest
2026-09-04T15:46:23.6279336Z 
2026-09-04T15:46:23.6289119Z Successfully installed iniconfig-2.3.0 packaging-26.3 pluggy-1.6.0 pygments-2.21.0 pytest-9.1.1
2026-09-04T15:46:23.6894837Z ##[group]Run python automation/inject_mutation.py --error-type "FileNotFoundError"
2026-09-04T15:46:23.6895888Z [36;1mpython automation/inject_mutation.py --error-type "FileNotFoundError"[0m
2026-09-04T15:46:23.6923620Z shell: /usr/bin/bash -e {0}
2026-09-04T15:46:23.6924037Z env:
2026-09-04T15:46:23.6924462Z   pythonLocation: /opt/hostedtoolcache/Python/3.11.16/x64
2026-09-04T15:46:23.6925209Z   PKG_CONFIG_PATH: /opt/hostedtoolcache/Python/3.11.16/x64/lib/pkgconfig
2026-09-04T15:46:23.6926070Z   Python_ROOT_DIR: /opt/hostedtoolcache/Python/3.11.16/x64
2026-09-04T15:46:23.6926570Z   Python2_ROOT_DIR: /opt/hostedtoolcache/Python/3.11.16/x64
2026-09-04T15:46:23.6927033Z   Python3_ROOT_DIR: /opt/hostedtoolcache/Python/3.11.16/x64
2026-09-04T15:46:23.6927489Z   LD_LIBRARY_PATH: /opt/hostedtoolcache/Python/3.11.16/x64/lib
2026-09-04T15:46:23.6927951Z ##[endgroup]
2026-09-04T15:46:23.7201579Z [Mutation Injected] Successfully injected FileNotFoundError into tests/test_app.py
2026-09-04T15:46:23.7277065Z ##[group]Run pytest tests/test_app.py -v
2026-09-04T15:46:23.7277527Z [36;1mpytest tests/test_app.py -v[0m
2026-09-04T15:46:23.7302645Z shell: /usr/bin/bash -e {0}
2026-09-04T15:46:23.7303032Z env:
2026-09-04T15:46:23.7303413Z   pythonLocation: /opt/hostedtoolcache/Python/3.11.16/x64
2026-09-04T15:46:23.7303961Z   PKG_CONFIG_PATH: /opt/hostedtoolcache/Python/3.11.16/x64/lib/pkgconfig
2026-09-04T15:46:23.7304503Z   Python_ROOT_DIR: /opt/hostedtoolcache/Python/3.11.16/x64
2026-09-04T15:46:23.7304981Z   Python2_ROOT_DIR: /opt/hostedtoolcache/Python/3.11.16/x64
2026-09-04T15:46:23.7305719Z   Python3_ROOT_DIR: /opt/hostedtoolcache/Python/3.11.16/x64
2026-09-04T15:46:23.7306195Z   LD_LIBRARY_PATH: /opt/hostedtoolcache/Python/3.11.16/x64/lib
2026-09-04T15:46:23.7306612Z ##[endgroup]
2026-09-04T15:46:24.1682061Z ============================= test session starts ==============================
2026-09-04T15:46:24.1683739Z platform linux -- Python 3.11.16, pytest-9.1.1, pluggy-1.6.0 -- /opt/hostedtoolcache/Python/3.11.16/x64/bin/python
2026-09-04T15:46:24.1684609Z cachedir: .pytest_cache
2026-09-04T15:46:24.1685260Z rootdir: /home/runner/work/log-generation/log-generation
2026-09-04T15:46:24.1686194Z configfile: pytest.ini
2026-09-04T15:46:24.1762035Z collecting ... collected 6 items
2026-09-04T15:46:24.1762516Z 
2026-09-04T15:46:24.1769946Z tests/test_app.py::test_calculate_division PASSED                        [ 16%]
2026-09-04T15:46:24.1776806Z tests/test_app.py::test_convert_to_int PASSED                            [ 33%]
2026-09-04T15:46:24.1782091Z tests/test_app.py::test_get_list_item PASSED                             [ 50%]
2026-09-04T15:46:24.1787730Z tests/test_app.py::test_get_dict_value PASSED                            [ 66%]
2026-09-04T15:46:24.1792922Z tests/test_app.py::test_assert_positive PASSED                           [ 83%]
2026-09-04T15:46:24.2016713Z tests/test_app.py::test_file_not_found_error FAILED                      [100%]
2026-09-04T15:46:24.2017440Z 
2026-09-04T15:46:24.2017713Z =================================== FAILURES ===================================
2026-09-04T15:46:24.2018438Z __________________________ test_file_not_found_error ___________________________
2026-09-04T15:46:24.2018898Z 
2026-09-04T15:46:24.2019117Z     def test_file_not_found_error():
2026-09-04T15:46:24.2019801Z         """Injected synthetic FileNotFoundError."""
2026-09-04T15:46:24.2020469Z         from src.app import read_config_file
2026-09-04T15:46:24.2021162Z >       read_config_file("fixtures/non_existent_pipeline_config.json")
2026-09-04T15:46:24.2021605Z 
2026-09-04T15:46:24.2021807Z tests/test_app.py:133: 
2026-09-04T15:46:24.2022390Z _ _ _ _ _ _ _ _ _ _ _ _ _ _ _ _ _ _ _ _ _ _ _ _ _ _ _ _ _ _ _ _ _ _ _ _ _ _ _ _ 
2026-09-04T15:46:24.2022882Z 
2026-09-04T15:46:24.2023150Z path = 'fixtures/non_existent_pipeline_config.json'
2026-09-04T15:46:24.2023549Z 
2026-09-04T15:46:24.2023758Z     def read_config_file(path):
2026-09-04T15:46:24.2024323Z >       with open(path, "r") as f:
2026-09-04T15:46:24.2024773Z              ^^^^^^^^^^^^^^^
2026-09-04T15:46:24.2025713Z E       FileNotFoundError: [Errno 2] No such file or directory: 'fixtures/non_existent_pipeline_config.json'
2026-09-04T15:46:24.2026304Z 
2026-09-04T15:46:24.2026533Z src/app.py:17: FileNotFoundError
2026-09-04T15:46:24.2027137Z =========================== short test summary info ============================
2026-09-04T15:46:24.2028504Z FAILED tests/test_app.py::test_file_not_found_error - FileNotFoundError: [Errno 2] No such file or directory: 'fixtures/non_existent_pipeline_config.json'
2026-09-04T15:46:24.2029526Z ========================= 1 failed, 5 passed in 0.02s ==========================
2026-09-04T15:46:24.2235073Z ##[error]Process completed with exit code 1.
2026-09-04T15:46:24.2381728Z Node 20 is being deprecated. This workflow is running with Node 24 by default. If you need to temporarily use Node 20, you can set the ACTIONS_ALLOW_USE_UNSECURE_NODE_VERSION=true environment variable. For more information see: https://github.blog/changelog/2025-09-19-deprecation-of-node-20-on-github-actions-runners/
2026-09-04T15:46:24.2382992Z Post job cleanup.
2026-09-04T15:46:24.3213605Z [command]/usr/bin/git version
2026-09-04T15:46:24.3249833Z git version 2.55.0
2026-09-04T15:46:24.3284106Z Temporarily overriding HOME='/home/runner/work/_temp/0eea85f8-5f97-4b05-965e-4e6a6f146359' before making global git config changes
2026-09-04T15:46:24.3285566Z Adding repository directory to the temporary git global config as a safe directory
2026-09-04T15:46:24.3298023Z [command]/usr/bin/git config --global --add safe.directory /home/runner/work/log-generation/log-generation
2026-09-04T15:46:24.3325034Z [command]/usr/bin/git config --local --name-only --get-regexp core\.sshCommand
2026-09-04T15:46:24.3355899Z [command]/usr/bin/git submodule foreach --recursive sh -c "git config --local --name-only --get-regexp 'core\.sshCommand' && git config --local --unset-all 'core.sshCommand' || :"
2026-09-04T15:46:24.3564569Z [command]/usr/bin/git config --local --name-only --get-regexp http\.https\:\/\/github\.com\/\.extraheader
2026-09-04T15:46:24.3587212Z http.https://github.com/.extraheader
2026-09-04T15:46:24.3597909Z [command]/usr/bin/git config --local --unset-all http.https://github.com/.extraheader
2026-09-04T15:46:24.3643768Z [command]/usr/bin/git submodule foreach --recursive sh -c "git config --local --name-only --get-regexp 'http\.https\:\/\/github\.com\/\.extraheader' && git config --local --unset-all 'http.https://github.com/.extraheader' || :"
2026-09-04T15:46:24.3865926Z [command]/usr/bin/git config --local --name-only --get-regexp ^includeIf\.gitdir:
2026-09-04T15:46:24.3895684Z [command]/usr/bin/git submodule foreach --recursive git config --local --show-origin --name-only --get-regexp remote.origin.url
2026-09-04T15:46:24.4226734Z Cleaning up orphan processes
2026-09-04T15:46:24.4477491Z ##[warning]Node.js 20 is deprecated. The following actions target Node.js 20 but are being forced to run on Node.js 24: actions/checkout@v4, actions/setup-python@v5. For more information see: https://github.blog/changelog/2025-09-19-deprecation-of-node-20-on-github-actions-runners/
