ï»¿2026-09-04T11:17:16.5615114Z Current runner version: '2.337.0'
2026-09-04T11:17:16.5643752Z ##[group]Runner Image Provisioner
2026-09-04T11:17:16.5644698Z Hosted Compute Agent
2026-09-04T11:17:16.5645381Z Version: 20260828.587
2026-09-04T11:17:16.5646143Z Commit: abac92662cab4cc7352de4f9f9d2e2419aad9c29
2026-09-04T11:17:16.5646938Z Build Date: 2026-08-28T16:44:25Z
2026-09-04T11:17:16.5647680Z Worker ID: {85ed9fd9-d54b-4dc5-819d-f00dc37c9aec}
2026-09-04T11:17:16.5648449Z Azure Region: centralus
2026-09-04T11:17:16.5649093Z ##[endgroup]
2026-09-04T11:17:16.5650942Z ##[group]Operating System
2026-09-04T11:17:16.5651875Z Ubuntu
2026-09-04T11:17:16.5652422Z 24.04.4
2026-09-04T11:17:16.5653114Z LTS
2026-09-04T11:17:16.5653746Z ##[endgroup]
2026-09-04T11:17:16.5654751Z ##[group]Runner Image
2026-09-04T11:17:16.5655384Z Image: ubuntu-24.04
2026-09-04T11:17:16.5656032Z Version: 20260831.293.1
2026-09-04T11:17:16.5657447Z Included Software: https://github.com/actions/runner-images/blob/ubuntu24/20260831.293/images/ubuntu/Ubuntu2404-Readme.md
2026-09-04T11:17:16.5659065Z Image Release: https://github.com/actions/runner-images/releases/tag/ubuntu24%2F20260831.293
2026-09-04T11:17:16.5660079Z ##[endgroup]
2026-09-04T11:17:16.5661315Z ##[group]GITHUB_TOKEN Permissions
2026-09-04T11:17:16.5663736Z Contents: read
2026-09-04T11:17:16.5664346Z Metadata: read
2026-09-04T11:17:16.5665049Z Packages: read
2026-09-04T11:17:16.5665638Z ##[endgroup]
2026-09-04T11:17:16.5667821Z Secret source: Actions
2026-09-04T11:17:16.5669351Z Prepare workflow directory
2026-09-04T11:17:16.6006866Z Prepare all required actions
2026-09-04T11:17:16.6055287Z Getting action download info
2026-09-04T11:17:16.8638929Z Download action repository 'actions/checkout@v4' (SHA:11d5960a326750d5838078e36cf38b85af677262)
2026-09-04T11:17:17.0045015Z Download action repository 'actions/setup-python@v5' (SHA:a26af69be951a213d495a4c3e4e4022e16d87065)
2026-09-04T11:17:17.2332731Z Complete job name: test-f3 (AttributeError #199)
2026-09-04T11:17:17.3089346Z Node 20 is being deprecated. This workflow is running with Node 24 by default. If you need to temporarily use Node 20, you can set the ACTIONS_ALLOW_USE_UNSECURE_NODE_VERSION=true environment variable. For more information see: https://github.blog/changelog/2025-09-19-deprecation-of-node-20-on-github-actions-runners/
2026-09-04T11:17:17.3098384Z ##[group]Run actions/checkout@v4
2026-09-04T11:17:17.3099076Z with:
2026-09-04T11:17:17.3099509Z   fetch-depth: 1
2026-09-04T11:17:17.3100001Z   repository: DhruvHegde/log-generation
2026-09-04T11:17:17.3104339Z   token: ***
2026-09-04T11:17:17.3104786Z   ssh-strict: true
2026-09-04T11:17:17.3105227Z   ssh-user: git
2026-09-04T11:17:17.3105674Z   persist-credentials: true
2026-09-04T11:17:17.3106165Z   clean: true
2026-09-04T11:17:17.3106612Z   sparse-checkout-cone-mode: true
2026-09-04T11:17:17.3107131Z   fetch-tags: false
2026-09-04T11:17:17.3107571Z   show-progress: true
2026-09-04T11:17:17.3108017Z   lfs: false
2026-09-04T11:17:17.3108483Z   submodules: false
2026-09-04T11:17:17.3108939Z   set-safe-directory: true
2026-09-04T11:17:17.3109448Z   allow-unsafe-pr-checkout: false
2026-09-04T11:17:17.3110194Z ##[endgroup]
2026-09-04T11:17:17.4135472Z Syncing repository: DhruvHegde/log-generation
2026-09-04T11:17:17.4138130Z ##[group]Getting Git version info
2026-09-04T11:17:17.4139351Z Working directory is '/home/runner/work/log-generation/log-generation'
2026-09-04T11:17:17.4141055Z [command]/usr/bin/git version
2026-09-04T11:17:17.4171315Z git version 2.55.0
2026-09-04T11:17:17.4192611Z ##[endgroup]
2026-09-04T11:17:17.4207437Z Temporarily overriding HOME='/home/runner/work/_temp/7ace9c09-6051-492c-ae11-c5bf41de4d8d' before making global git config changes
2026-09-04T11:17:17.4209781Z Adding repository directory to the temporary git global config as a safe directory
2026-09-04T11:17:17.4212904Z [command]/usr/bin/git config --global --add safe.directory /home/runner/work/log-generation/log-generation
2026-09-04T11:17:17.4258602Z Deleting the contents of '/home/runner/work/log-generation/log-generation'
2026-09-04T11:17:17.4266733Z ##[group]Initializing the repository
2026-09-04T11:17:17.4275394Z [command]/usr/bin/git init /home/runner/work/log-generation/log-generation
2026-09-04T11:17:17.4349127Z hint: Using 'master' as the name for the initial branch. This default branch name
2026-09-04T11:17:17.4350950Z hint: will change to "main" in Git 3.0. To configure the initial branch name
2026-09-04T11:17:17.4353068Z hint: to use in all of your new repositories, which will suppress this warning,
2026-09-04T11:17:17.4354973Z hint: call:
2026-09-04T11:17:17.4355793Z hint:
2026-09-04T11:17:17.4356777Z hint: 	git config --global init.defaultBranch <name>
2026-09-04T11:17:17.4357945Z hint:
2026-09-04T11:17:17.4359039Z hint: Names commonly chosen instead of 'master' are 'main', 'trunk' and
2026-09-04T11:17:17.4360718Z hint: 'development'. The just-created branch can be renamed via this command:
2026-09-04T11:17:17.4363070Z hint:
2026-09-04T11:17:17.4364005Z hint: 	git branch -m <name>
2026-09-04T11:17:17.4365074Z hint:
2026-09-04T11:17:17.4366364Z hint: Disable this message with "git config set advice.defaultBranchName false"
2026-09-04T11:17:17.4368765Z Initialized empty Git repository in /home/runner/work/log-generation/log-generation/.git/
2026-09-04T11:17:17.4372612Z [command]/usr/bin/git remote add origin https://github.com/DhruvHegde/log-generation
2026-09-04T11:17:17.4404561Z ##[endgroup]
2026-09-04T11:17:17.4405995Z ##[group]Disabling automatic garbage collection
2026-09-04T11:17:17.4407240Z [command]/usr/bin/git config --local gc.auto 0
2026-09-04T11:17:17.4440435Z ##[endgroup]
2026-09-04T11:17:17.4441951Z ##[group]Setting up auth
2026-09-04T11:17:17.4445632Z [command]/usr/bin/git config --local --name-only --get-regexp core\.sshCommand
2026-09-04T11:17:17.4480478Z [command]/usr/bin/git submodule foreach --recursive sh -c "git config --local --name-only --get-regexp 'core\.sshCommand' && git config --local --unset-all 'core.sshCommand' || :"
2026-09-04T11:17:17.4808427Z [command]/usr/bin/git config --local --name-only --get-regexp http\.https\:\/\/github\.com\/\.extraheader
2026-09-04T11:17:17.4848065Z [command]/usr/bin/git submodule foreach --recursive sh -c "git config --local --name-only --get-regexp 'http\.https\:\/\/github\.com\/\.extraheader' && git config --local --unset-all 'http.https://github.com/.extraheader' || :"
2026-09-04T11:17:17.5120903Z [command]/usr/bin/git config --local --name-only --get-regexp ^includeIf\.gitdir:
2026-09-04T11:17:17.5160160Z [command]/usr/bin/git submodule foreach --recursive git config --local --show-origin --name-only --get-regexp remote.origin.url
2026-09-04T11:17:17.5410188Z [command]/usr/bin/git config --local http.https://github.com/.extraheader AUTHORIZATION: basic ***
2026-09-04T11:17:17.5453057Z ##[endgroup]
2026-09-04T11:17:17.5454223Z ##[group]Fetching the repository
2026-09-04T11:17:17.5463250Z [command]/usr/bin/git -c protocol.version=2 fetch --no-tags --prune --no-recurse-submodules --depth=1 origin +55701f2ee203be18f432be2dca839cc73b92fb5e:refs/remotes/origin/feature/f3-test-failures
2026-09-04T11:17:17.9154524Z From https://github.com/DhruvHegde/log-generation
2026-09-04T11:17:17.9156596Z  * [new ref]         55701f2ee203be18f432be2dca839cc73b92fb5e -> origin/feature/f3-test-failures
2026-09-04T11:17:17.9159770Z ##[endgroup]
2026-09-04T11:17:17.9161173Z ##[group]Determining the checkout info
2026-09-04T11:17:17.9163054Z ##[endgroup]
2026-09-04T11:17:17.9163975Z [command]/usr/bin/git sparse-checkout disable
2026-09-04T11:17:17.9167154Z [command]/usr/bin/git config --local --unset-all extensions.worktreeConfig
2026-09-04T11:17:17.9177439Z ##[group]Checking out the ref
2026-09-04T11:17:17.9182248Z [command]/usr/bin/git checkout --progress --force -B feature/f3-test-failures refs/remotes/origin/feature/f3-test-failures
2026-09-04T11:17:17.9262156Z Switched to a new branch 'feature/f3-test-failures'
2026-09-04T11:17:17.9266131Z branch 'feature/f3-test-failures' set up to track 'origin/feature/f3-test-failures'.
2026-09-04T11:17:17.9313307Z ##[endgroup]
2026-09-04T11:17:17.9316456Z [command]/usr/bin/git log -1 --format=%H
2026-09-04T11:17:17.9347369Z 55701f2ee203be18f432be2dca839cc73b92fb5e
2026-09-04T11:17:17.9703520Z Node 20 is being deprecated. This workflow is running with Node 24 by default. If you need to temporarily use Node 20, you can set the ACTIONS_ALLOW_USE_UNSECURE_NODE_VERSION=true environment variable. For more information see: https://github.blog/changelog/2025-09-19-deprecation-of-node-20-on-github-actions-runners/
2026-09-04T11:17:17.9709228Z ##[group]Run actions/setup-python@v5
2026-09-04T11:17:17.9710322Z with:
2026-09-04T11:17:17.9711115Z   python-version: 3.11
2026-09-04T11:17:17.9712297Z   check-latest: false
2026-09-04T11:17:17.9721949Z   token: ***
2026-09-04T11:17:17.9722818Z   update-environment: true
2026-09-04T11:17:17.9723819Z   allow-prereleases: false
2026-09-04T11:17:17.9724794Z   freethreaded: false
2026-09-04T11:17:17.9725829Z ##[endgroup]
2026-09-04T11:17:18.1071458Z ##[group]Installed versions
2026-09-04T11:17:18.1488144Z (node:2251) [DEP0040] DeprecationWarning: The `punycode` module is deprecated. Please use a userland alternative instead.
2026-09-04T11:17:18.1491877Z (Use `node --trace-deprecation ...` to show where the warning was created)
2026-09-04T11:17:18.1494058Z Successfully set up CPython (3.11.16)
2026-09-04T11:17:18.1496445Z ##[endgroup]
2026-09-04T11:17:18.1709612Z ##[group]Run pip install --no-cache-dir pytest
2026-09-04T11:17:18.1711114Z [36;1mpip install --no-cache-dir pytest[0m
2026-09-04T11:17:18.1822465Z shell: /usr/bin/bash -e {0}
2026-09-04T11:17:18.1823916Z env:
2026-09-04T11:17:18.1825351Z   pythonLocation: /opt/hostedtoolcache/Python/3.11.16/x64
2026-09-04T11:17:18.1827877Z   PKG_CONFIG_PATH: /opt/hostedtoolcache/Python/3.11.16/x64/lib/pkgconfig
2026-09-04T11:17:18.1830444Z   Python_ROOT_DIR: /opt/hostedtoolcache/Python/3.11.16/x64
2026-09-04T11:17:18.1832913Z   Python2_ROOT_DIR: /opt/hostedtoolcache/Python/3.11.16/x64
2026-09-04T11:17:18.1927410Z   Python3_ROOT_DIR: /opt/hostedtoolcache/Python/3.11.16/x64
2026-09-04T11:17:18.1929927Z   LD_LIBRARY_PATH: /opt/hostedtoolcache/Python/3.11.16/x64/lib
2026-09-04T11:17:18.1931790Z ##[endgroup]
2026-09-04T11:17:26.2906732Z Collecting pytest
2026-09-04T11:17:26.3663389Z   Downloading pytest-9.1.1-py3-none-any.whl.metadata (7.6 kB)
2026-09-04T11:17:26.3871424Z Collecting iniconfig>=1.0.1 (from pytest)
2026-09-04T11:17:26.4005761Z   Downloading iniconfig-2.3.0-py3-none-any.whl.metadata (2.5 kB)
2026-09-04T11:17:26.4315884Z Collecting packaging>=22 (from pytest)
2026-09-04T11:17:26.4449765Z   Downloading packaging-26.3-py3-none-any.whl.metadata (3.5 kB)
2026-09-04T11:17:26.4653657Z Collecting pluggy<2,>=1.5 (from pytest)
2026-09-04T11:17:26.4787772Z   Downloading pluggy-1.6.0-py3-none-any.whl.metadata (4.8 kB)
2026-09-04T11:17:26.5067753Z Collecting pygments>=2.7.2 (from pytest)
2026-09-04T11:17:26.5200303Z   Downloading pygments-2.21.0-py3-none-any.whl.metadata (2.5 kB)
2026-09-04T11:17:26.5358247Z Downloading pytest-9.1.1-py3-none-any.whl (386 kB)
2026-09-04T11:17:26.5942808Z Downloading pluggy-1.6.0-py3-none-any.whl (20 kB)
2026-09-04T11:17:26.6073009Z Downloading iniconfig-2.3.0-py3-none-any.whl (7.5 kB)
2026-09-04T11:17:26.6205586Z Downloading packaging-26.3-py3-none-any.whl (129 kB)
2026-09-04T11:17:26.6353617Z Downloading pygments-2.21.0-py3-none-any.whl (1.3 MB)
2026-09-04T11:17:26.6815742Z    ââââââââââââââââââââââââââââââââââââââââ 1.3/1.3 MB 32.9 MB/s  0:00:00
2026-09-04T11:17:27.1301748Z Installing collected packages: pygments, pluggy, packaging, iniconfig, pytest
2026-09-04T11:17:28.1384513Z 
2026-09-04T11:17:28.1395057Z Successfully installed iniconfig-2.3.0 packaging-26.3 pluggy-1.6.0 pygments-2.21.0 pytest-9.1.1
2026-09-04T11:17:28.2019503Z ##[group]Run python automation/inject_mutation.py --error-type "AttributeError"
2026-09-04T11:17:28.2020139Z [36;1mpython automation/inject_mutation.py --error-type "AttributeError"[0m
2026-09-04T11:17:28.2065880Z shell: /usr/bin/bash -e {0}
2026-09-04T11:17:28.2066158Z env:
2026-09-04T11:17:28.2066467Z   pythonLocation: /opt/hostedtoolcache/Python/3.11.16/x64
2026-09-04T11:17:28.2067222Z   PKG_CONFIG_PATH: /opt/hostedtoolcache/Python/3.11.16/x64/lib/pkgconfig
2026-09-04T11:17:28.2067883Z   Python_ROOT_DIR: /opt/hostedtoolcache/Python/3.11.16/x64
2026-09-04T11:17:28.2068466Z   Python2_ROOT_DIR: /opt/hostedtoolcache/Python/3.11.16/x64
2026-09-04T11:17:28.2069081Z   Python3_ROOT_DIR: /opt/hostedtoolcache/Python/3.11.16/x64
2026-09-04T11:17:28.2069569Z   LD_LIBRARY_PATH: /opt/hostedtoolcache/Python/3.11.16/x64/lib
2026-09-04T11:17:28.2069942Z ##[endgroup]
2026-09-04T11:17:28.2400660Z [Mutation Injected] Successfully injected AttributeError into tests/test_app.py
2026-09-04T11:17:28.2476194Z ##[group]Run pytest tests/test_app.py -v
2026-09-04T11:17:28.2476571Z [36;1mpytest tests/test_app.py -v[0m
2026-09-04T11:17:28.2517334Z shell: /usr/bin/bash -e {0}
2026-09-04T11:17:28.2517604Z env:
2026-09-04T11:17:28.2517893Z   pythonLocation: /opt/hostedtoolcache/Python/3.11.16/x64
2026-09-04T11:17:28.2518330Z   PKG_CONFIG_PATH: /opt/hostedtoolcache/Python/3.11.16/x64/lib/pkgconfig
2026-09-04T11:17:28.2518775Z   Python_ROOT_DIR: /opt/hostedtoolcache/Python/3.11.16/x64
2026-09-04T11:17:28.2519152Z   Python2_ROOT_DIR: /opt/hostedtoolcache/Python/3.11.16/x64
2026-09-04T11:17:28.2519543Z   Python3_ROOT_DIR: /opt/hostedtoolcache/Python/3.11.16/x64
2026-09-04T11:17:28.2519921Z   LD_LIBRARY_PATH: /opt/hostedtoolcache/Python/3.11.16/x64/lib
2026-09-04T11:17:28.2520255Z ##[endgroup]
2026-09-04T11:17:29.2195506Z ============================= test session starts ==============================
2026-09-04T11:17:29.2196862Z platform linux -- Python 3.11.16, pytest-9.1.1, pluggy-1.6.0 -- /opt/hostedtoolcache/Python/3.11.16/x64/bin/python
2026-09-04T11:17:29.2197715Z cachedir: .pytest_cache
2026-09-04T11:17:29.2198184Z rootdir: /home/runner/work/log-generation/log-generation
2026-09-04T11:17:29.2198704Z configfile: pytest.ini
2026-09-04T11:17:29.2278349Z collecting ... collected 6 items
2026-09-04T11:17:29.2278880Z 
2026-09-04T11:17:29.2287327Z tests/test_app.py::test_calculate_division PASSED                        [ 16%]
2026-09-04T11:17:29.2295304Z tests/test_app.py::test_convert_to_int PASSED                            [ 33%]
2026-09-04T11:17:29.2302943Z tests/test_app.py::test_get_list_item PASSED                             [ 50%]
2026-09-04T11:17:29.2309931Z tests/test_app.py::test_get_dict_value PASSED                            [ 66%]
2026-09-04T11:17:29.2317064Z tests/test_app.py::test_assert_positive PASSED                           [ 83%]
2026-09-04T11:17:29.2611272Z tests/test_app.py::test_attribute_error FAILED                           [100%]
2026-09-04T11:17:29.2612196Z 
2026-09-04T11:17:29.2612638Z =================================== FAILURES ===================================
2026-09-04T11:17:29.2613467Z _____________________________ test_attribute_error _____________________________
2026-09-04T11:17:29.2613920Z 
2026-09-04T11:17:29.2614078Z     def test_attribute_error():
2026-09-04T11:17:29.2614532Z         """Injected synthetic AttributeError."""
2026-09-04T11:17:29.2615096Z         from src.app import get_object_attribute
2026-09-04T11:17:29.2615579Z >       get_object_attribute(object())
2026-09-04T11:17:29.2615880Z 
2026-09-04T11:17:29.2616033Z tests/test_app.py:129: 
2026-09-04T11:17:29.2616494Z _ _ _ _ _ _ _ _ _ _ _ _ _ _ _ _ _ _ _ _ _ _ _ _ _ _ _ _ _ _ _ _ _ _ _ _ _ _ _ _ 
2026-09-04T11:17:29.2616890Z 
2026-09-04T11:17:29.2617073Z obj = <object object at 0x7f8576d2d370>
2026-09-04T11:17:29.2617367Z 
2026-09-04T11:17:29.2617531Z     def get_object_attribute(obj):
2026-09-04T11:17:29.2617959Z >       return obj.non_existent_attribute
2026-09-04T11:17:29.2618406Z                ^^^^^^^^^^^^^^^^^^^^^^^^^^
2026-09-04T11:17:29.2619028Z E       AttributeError: 'object' object has no attribute 'non_existent_attribute'
2026-09-04T11:17:29.2619536Z 
2026-09-04T11:17:29.2619709Z src/app.py:14: AttributeError
2026-09-04T11:17:29.2620212Z =========================== short test summary info ============================
2026-09-04T11:17:29.2621269Z FAILED tests/test_app.py::test_attribute_error - AttributeError: 'object' object has no attribute 'non_existent_attribute'
2026-09-04T11:17:29.2622807Z ========================= 1 failed, 5 passed in 0.03s ==========================
2026-09-04T11:17:29.2828103Z ##[error]Process completed with exit code 1.
2026-09-04T11:17:29.2973839Z Node 20 is being deprecated. This workflow is running with Node 24 by default. If you need to temporarily use Node 20, you can set the ACTIONS_ALLOW_USE_UNSECURE_NODE_VERSION=true environment variable. For more information see: https://github.blog/changelog/2025-09-19-deprecation-of-node-20-on-github-actions-runners/
2026-09-04T11:17:29.2975019Z Post job cleanup.
2026-09-04T11:17:29.3873925Z [command]/usr/bin/git version
2026-09-04T11:17:29.3916429Z git version 2.55.0
2026-09-04T11:17:29.3952072Z Temporarily overriding HOME='/home/runner/work/_temp/8b9a5a09-67b2-4a38-a6a6-fc2810603d4b' before making global git config changes
2026-09-04T11:17:29.3953424Z Adding repository directory to the temporary git global config as a safe directory
2026-09-04T11:17:29.3957838Z [command]/usr/bin/git config --global --add safe.directory /home/runner/work/log-generation/log-generation
2026-09-04T11:17:29.3997952Z [command]/usr/bin/git config --local --name-only --get-regexp core\.sshCommand
2026-09-04T11:17:29.4034651Z [command]/usr/bin/git submodule foreach --recursive sh -c "git config --local --name-only --get-regexp 'core\.sshCommand' && git config --local --unset-all 'core.sshCommand' || :"
2026-09-04T11:17:29.4306820Z [command]/usr/bin/git config --local --name-only --get-regexp http\.https\:\/\/github\.com\/\.extraheader
2026-09-04T11:17:29.4337565Z http.https://github.com/.extraheader
2026-09-04T11:17:29.4353705Z [command]/usr/bin/git config --local --unset-all http.https://github.com/.extraheader
2026-09-04T11:17:29.4388056Z [command]/usr/bin/git submodule foreach --recursive sh -c "git config --local --name-only --get-regexp 'http\.https\:\/\/github\.com\/\.extraheader' && git config --local --unset-all 'http.https://github.com/.extraheader' || :"
2026-09-04T11:17:29.4655241Z [command]/usr/bin/git config --local --name-only --get-regexp ^includeIf\.gitdir:
2026-09-04T11:17:29.4697087Z [command]/usr/bin/git submodule foreach --recursive git config --local --show-origin --name-only --get-regexp remote.origin.url
2026-09-04T11:17:29.5120401Z Cleaning up orphan processes
2026-09-04T11:17:29.5425678Z ##[warning]Node.js 20 is deprecated. The following actions target Node.js 20 but are being forced to run on Node.js 24: actions/checkout@v4, actions/setup-python@v5. For more information see: https://github.blog/changelog/2025-09-19-deprecation-of-node-20-on-github-actions-runners/
