ï»¿2026-09-04T11:28:38.7078956Z Current runner version: '2.337.0'
2026-09-04T11:28:38.7104336Z ##[group]Runner Image Provisioner
2026-09-04T11:28:38.7105208Z Hosted Compute Agent
2026-09-04T11:28:38.7105790Z Version: 20260828.587
2026-09-04T11:28:38.7106493Z Commit: abac92662cab4cc7352de4f9f9d2e2419aad9c29
2026-09-04T11:28:38.7107688Z Build Date: 2026-08-28T16:44:25Z
2026-09-04T11:28:38.7108375Z Worker ID: {e476c11e-8f3e-4be2-904e-ea65924b883c}
2026-09-04T11:28:38.7109178Z Azure Region: westus2
2026-09-04T11:28:38.7109871Z ##[endgroup]
2026-09-04T11:28:38.7111848Z ##[group]Operating System
2026-09-04T11:28:38.7112542Z Ubuntu
2026-09-04T11:28:38.7113045Z 24.04.4
2026-09-04T11:28:38.7113632Z LTS
2026-09-04T11:28:38.7114136Z ##[endgroup]
2026-09-04T11:28:38.7115127Z ##[group]Runner Image
2026-09-04T11:28:38.7115772Z Image: ubuntu-24.04
2026-09-04T11:28:38.7116386Z Version: 20260831.293.1
2026-09-04T11:28:38.7117861Z Included Software: https://github.com/actions/runner-images/blob/ubuntu24/20260831.293/images/ubuntu/Ubuntu2404-Readme.md
2026-09-04T11:28:38.7119465Z Image Release: https://github.com/actions/runner-images/releases/tag/ubuntu24%2F20260831.293
2026-09-04T11:28:38.7120458Z ##[endgroup]
2026-09-04T11:28:38.7121681Z ##[group]GITHUB_TOKEN Permissions
2026-09-04T11:28:38.7123916Z Contents: read
2026-09-04T11:28:38.7124578Z Metadata: read
2026-09-04T11:28:38.7125194Z Packages: read
2026-09-04T11:28:38.7125743Z ##[endgroup]
2026-09-04T11:28:38.7128243Z Secret source: Actions
2026-09-04T11:28:38.7129774Z Prepare workflow directory
2026-09-04T11:28:38.7465146Z Prepare all required actions
2026-09-04T11:28:38.7515246Z Getting action download info
2026-09-04T11:28:39.1331179Z Download action repository 'actions/checkout@v4' (SHA:11d5960a326750d5838078e36cf38b85af677262)
2026-09-04T11:28:39.2977781Z Download action repository 'actions/setup-python@v5' (SHA:a26af69be951a213d495a4c3e4e4022e16d87065)
2026-09-04T11:28:39.5956643Z Complete job name: test-f3 (AssertionError #77)
2026-09-04T11:28:39.6731363Z Node 20 is being deprecated. This workflow is running with Node 24 by default. If you need to temporarily use Node 20, you can set the ACTIONS_ALLOW_USE_UNSECURE_NODE_VERSION=true environment variable. For more information see: https://github.blog/changelog/2025-09-19-deprecation-of-node-20-on-github-actions-runners/
2026-09-04T11:28:39.6740307Z ##[group]Run actions/checkout@v4
2026-09-04T11:28:39.6741063Z with:
2026-09-04T11:28:39.6741488Z   fetch-depth: 1
2026-09-04T11:28:39.6741972Z   repository: DhruvHegde/log-generation
2026-09-04T11:28:39.6745636Z   token: ***
2026-09-04T11:28:39.6746098Z   ssh-strict: true
2026-09-04T11:28:39.6746541Z   ssh-user: git
2026-09-04T11:28:39.6746982Z   persist-credentials: true
2026-09-04T11:28:39.6747845Z   clean: true
2026-09-04T11:28:39.6748487Z   sparse-checkout-cone-mode: true
2026-09-04T11:28:39.6749009Z   fetch-tags: false
2026-09-04T11:28:39.6749443Z   show-progress: true
2026-09-04T11:28:39.6749888Z   lfs: false
2026-09-04T11:28:39.6750342Z   submodules: false
2026-09-04T11:28:39.6750800Z   set-safe-directory: true
2026-09-04T11:28:39.6751320Z   allow-unsafe-pr-checkout: false
2026-09-04T11:28:39.6752186Z ##[endgroup]
2026-09-04T11:28:39.7804284Z Syncing repository: DhruvHegde/log-generation
2026-09-04T11:28:39.7807423Z ##[group]Getting Git version info
2026-09-04T11:28:39.7808826Z Working directory is '/home/runner/work/log-generation/log-generation'
2026-09-04T11:28:39.7810828Z [command]/usr/bin/git version
2026-09-04T11:28:39.7967645Z git version 2.55.0
2026-09-04T11:28:39.8030501Z ##[endgroup]
2026-09-04T11:28:39.8035369Z Temporarily overriding HOME='/home/runner/work/_temp/9d15cccd-3755-4b24-a334-b522174e17b0' before making global git config changes
2026-09-04T11:28:39.8036740Z Adding repository directory to the temporary git global config as a safe directory
2026-09-04T11:28:39.8038355Z [command]/usr/bin/git config --global --add safe.directory /home/runner/work/log-generation/log-generation
2026-09-04T11:28:39.8089749Z Deleting the contents of '/home/runner/work/log-generation/log-generation'
2026-09-04T11:28:39.8095422Z ##[group]Initializing the repository
2026-09-04T11:28:39.8119644Z [command]/usr/bin/git init /home/runner/work/log-generation/log-generation
2026-09-04T11:28:39.8273279Z hint: Using 'master' as the name for the initial branch. This default branch name
2026-09-04T11:28:39.8275386Z hint: will change to "main" in Git 3.0. To configure the initial branch name
2026-09-04T11:28:39.8281200Z hint: to use in all of your new repositories, which will suppress this warning,
2026-09-04T11:28:39.8285073Z hint: call:
2026-09-04T11:28:39.8286168Z hint:
2026-09-04T11:28:39.8287629Z hint: 	git config --global init.defaultBranch <name>
2026-09-04T11:28:39.8289049Z hint:
2026-09-04T11:28:39.8290274Z hint: Names commonly chosen instead of 'master' are 'main', 'trunk' and
2026-09-04T11:28:39.8292315Z hint: 'development'. The just-created branch can be renamed via this command:
2026-09-04T11:28:39.8293998Z hint:
2026-09-04T11:28:39.8295286Z hint: 	git branch -m <name>
2026-09-04T11:28:39.8296436Z hint:
2026-09-04T11:28:39.8298348Z hint: Disable this message with "git config set advice.defaultBranchName false"
2026-09-04T11:28:39.8300532Z Initialized empty Git repository in /home/runner/work/log-generation/log-generation/.git/
2026-09-04T11:28:39.8306445Z [command]/usr/bin/git remote add origin https://github.com/DhruvHegde/log-generation
2026-09-04T11:28:39.8359078Z ##[endgroup]
2026-09-04T11:28:39.8360563Z ##[group]Disabling automatic garbage collection
2026-09-04T11:28:39.8362876Z [command]/usr/bin/git config --local gc.auto 0
2026-09-04T11:28:39.8400478Z ##[endgroup]
2026-09-04T11:28:39.8401596Z ##[group]Setting up auth
2026-09-04T11:28:39.8420863Z [command]/usr/bin/git config --local --name-only --get-regexp core\.sshCommand
2026-09-04T11:28:39.8462611Z [command]/usr/bin/git submodule foreach --recursive sh -c "git config --local --name-only --get-regexp 'core\.sshCommand' && git config --local --unset-all 'core.sshCommand' || :"
2026-09-04T11:28:39.8860770Z [command]/usr/bin/git config --local --name-only --get-regexp http\.https\:\/\/github\.com\/\.extraheader
2026-09-04T11:28:39.8897505Z [command]/usr/bin/git submodule foreach --recursive sh -c "git config --local --name-only --get-regexp 'http\.https\:\/\/github\.com\/\.extraheader' && git config --local --unset-all 'http.https://github.com/.extraheader' || :"
2026-09-04T11:28:39.9130921Z [command]/usr/bin/git config --local --name-only --get-regexp ^includeIf\.gitdir:
2026-09-04T11:28:39.9166689Z [command]/usr/bin/git submodule foreach --recursive git config --local --show-origin --name-only --get-regexp remote.origin.url
2026-09-04T11:28:39.9396064Z [command]/usr/bin/git config --local http.https://github.com/.extraheader AUTHORIZATION: basic ***
2026-09-04T11:28:39.9434724Z ##[endgroup]
2026-09-04T11:28:39.9435724Z ##[group]Fetching the repository
2026-09-04T11:28:39.9445340Z [command]/usr/bin/git -c protocol.version=2 fetch --no-tags --prune --no-recurse-submodules --depth=1 origin +0c2ddc82b3a248827557edda9affcd6927945898:refs/remotes/origin/feature/f3-test-failures
2026-09-04T11:28:40.3022544Z From https://github.com/DhruvHegde/log-generation
2026-09-04T11:28:40.3023885Z  * [new ref]         0c2ddc82b3a248827557edda9affcd6927945898 -> origin/feature/f3-test-failures
2026-09-04T11:28:40.3028619Z ##[endgroup]
2026-09-04T11:28:40.3030001Z ##[group]Determining the checkout info
2026-09-04T11:28:40.3031897Z ##[endgroup]
2026-09-04T11:28:40.3041720Z [command]/usr/bin/git sparse-checkout disable
2026-09-04T11:28:40.3096822Z [command]/usr/bin/git config --local --unset-all extensions.worktreeConfig
2026-09-04T11:28:40.3132748Z ##[group]Checking out the ref
2026-09-04T11:28:40.3136489Z [command]/usr/bin/git checkout --progress --force -B feature/f3-test-failures refs/remotes/origin/feature/f3-test-failures
2026-09-04T11:28:40.3222808Z Switched to a new branch 'feature/f3-test-failures'
2026-09-04T11:28:40.3230775Z branch 'feature/f3-test-failures' set up to track 'origin/feature/f3-test-failures'.
2026-09-04T11:28:40.3239996Z ##[endgroup]
2026-09-04T11:28:40.3280788Z [command]/usr/bin/git log -1 --format=%H
2026-09-04T11:28:40.3307714Z 0c2ddc82b3a248827557edda9affcd6927945898
2026-09-04T11:28:40.3633306Z Node 20 is being deprecated. This workflow is running with Node 24 by default. If you need to temporarily use Node 20, you can set the ACTIONS_ALLOW_USE_UNSECURE_NODE_VERSION=true environment variable. For more information see: https://github.blog/changelog/2025-09-19-deprecation-of-node-20-on-github-actions-runners/
2026-09-04T11:28:40.3638817Z ##[group]Run actions/setup-python@v5
2026-09-04T11:28:40.3639706Z with:
2026-09-04T11:28:40.3640303Z   python-version: 3.11
2026-09-04T11:28:40.3641039Z   check-latest: false
2026-09-04T11:28:40.3649881Z   token: ***
2026-09-04T11:28:40.3650545Z   update-environment: true
2026-09-04T11:28:40.3651345Z   allow-prereleases: false
2026-09-04T11:28:40.3652125Z   freethreaded: false
2026-09-04T11:28:40.3652815Z ##[endgroup]
2026-09-04T11:28:40.4971658Z ##[group]Installed versions
2026-09-04T11:28:40.5072727Z (node:2178) [DEP0040] DeprecationWarning: The `punycode` module is deprecated. Please use a userland alternative instead.
2026-09-04T11:28:40.5076010Z (Use `node --trace-deprecation ...` to show where the warning was created)
2026-09-04T11:28:40.5078450Z Successfully set up CPython (3.11.16)
2026-09-04T11:28:40.5080543Z ##[endgroup]
2026-09-04T11:28:40.5299111Z ##[group]Run pip install --no-cache-dir pytest
2026-09-04T11:28:40.5300955Z [36;1mpip install --no-cache-dir pytest[0m
2026-09-04T11:28:40.5452907Z shell: /usr/bin/bash -e {0}
2026-09-04T11:28:40.5454283Z env:
2026-09-04T11:28:40.5455467Z   pythonLocation: /opt/hostedtoolcache/Python/3.11.16/x64
2026-09-04T11:28:40.5458060Z   PKG_CONFIG_PATH: /opt/hostedtoolcache/Python/3.11.16/x64/lib/pkgconfig
2026-09-04T11:28:40.5460398Z   Python_ROOT_DIR: /opt/hostedtoolcache/Python/3.11.16/x64
2026-09-04T11:28:40.5536366Z   Python2_ROOT_DIR: /opt/hostedtoolcache/Python/3.11.16/x64
2026-09-04T11:28:40.5538307Z   Python3_ROOT_DIR: /opt/hostedtoolcache/Python/3.11.16/x64
2026-09-04T11:28:40.5539940Z   LD_LIBRARY_PATH: /opt/hostedtoolcache/Python/3.11.16/x64/lib
2026-09-04T11:28:40.5541022Z ##[endgroup]
2026-09-04T11:28:44.9096975Z Collecting pytest
2026-09-04T11:28:44.9680392Z   Downloading pytest-9.1.1-py3-none-any.whl.metadata (7.6 kB)
2026-09-04T11:28:44.9796413Z Collecting iniconfig>=1.0.1 (from pytest)
2026-09-04T11:28:44.9866754Z   Downloading iniconfig-2.3.0-py3-none-any.whl.metadata (2.5 kB)
2026-09-04T11:28:45.0007411Z Collecting packaging>=22 (from pytest)
2026-09-04T11:28:45.0077376Z   Downloading packaging-26.3-py3-none-any.whl.metadata (3.5 kB)
2026-09-04T11:28:45.0190843Z Collecting pluggy<2,>=1.5 (from pytest)
2026-09-04T11:28:45.0259730Z   Downloading pluggy-1.6.0-py3-none-any.whl.metadata (4.8 kB)
2026-09-04T11:28:45.0436748Z Collecting pygments>=2.7.2 (from pytest)
2026-09-04T11:28:45.0507560Z   Downloading pygments-2.21.0-py3-none-any.whl.metadata (2.5 kB)
2026-09-04T11:28:45.0603870Z Downloading pytest-9.1.1-py3-none-any.whl (386 kB)
2026-09-04T11:28:45.0916956Z Downloading pluggy-1.6.0-py3-none-any.whl (20 kB)
2026-09-04T11:28:45.0985730Z Downloading iniconfig-2.3.0-py3-none-any.whl (7.5 kB)
2026-09-04T11:28:45.1054516Z Downloading packaging-26.3-py3-none-any.whl (129 kB)
2026-09-04T11:28:45.1155582Z Downloading pygments-2.21.0-py3-none-any.whl (1.3 MB)
2026-09-04T11:28:45.1500070Z    ââââââââââââââââââââââââââââââââââââââââ 1.3/1.3 MB 39.3 MB/s  0:00:00
2026-09-04T11:28:45.3899781Z Installing collected packages: pygments, pluggy, packaging, iniconfig, pytest
2026-09-04T11:28:46.3619495Z 
2026-09-04T11:28:46.3629446Z Successfully installed iniconfig-2.3.0 packaging-26.3 pluggy-1.6.0 pygments-2.21.0 pytest-9.1.1
2026-09-04T11:28:46.4115624Z ##[group]Run python automation/inject_mutation.py --error-type "AssertionError"
2026-09-04T11:28:46.4116302Z [36;1mpython automation/inject_mutation.py --error-type "AssertionError"[0m
2026-09-04T11:28:46.4154528Z shell: /usr/bin/bash -e {0}
2026-09-04T11:28:46.4154820Z env:
2026-09-04T11:28:46.4155120Z   pythonLocation: /opt/hostedtoolcache/Python/3.11.16/x64
2026-09-04T11:28:46.4155842Z   PKG_CONFIG_PATH: /opt/hostedtoolcache/Python/3.11.16/x64/lib/pkgconfig
2026-09-04T11:28:46.4156315Z   Python_ROOT_DIR: /opt/hostedtoolcache/Python/3.11.16/x64
2026-09-04T11:28:46.4156723Z   Python2_ROOT_DIR: /opt/hostedtoolcache/Python/3.11.16/x64
2026-09-04T11:28:46.4157441Z   Python3_ROOT_DIR: /opt/hostedtoolcache/Python/3.11.16/x64
2026-09-04T11:28:46.4157858Z   LD_LIBRARY_PATH: /opt/hostedtoolcache/Python/3.11.16/x64/lib
2026-09-04T11:28:46.4158240Z ##[endgroup]
2026-09-04T11:28:46.4455136Z [Mutation Injected] Successfully injected AssertionError into tests/test_app.py
2026-09-04T11:28:46.4524923Z ##[group]Run pytest tests/test_app.py -v
2026-09-04T11:28:46.4525288Z [36;1mpytest tests/test_app.py -v[0m
2026-09-04T11:28:46.4560838Z shell: /usr/bin/bash -e {0}
2026-09-04T11:28:46.4561089Z env:
2026-09-04T11:28:46.4561358Z   pythonLocation: /opt/hostedtoolcache/Python/3.11.16/x64
2026-09-04T11:28:46.4561790Z   PKG_CONFIG_PATH: /opt/hostedtoolcache/Python/3.11.16/x64/lib/pkgconfig
2026-09-04T11:28:46.4562221Z   Python_ROOT_DIR: /opt/hostedtoolcache/Python/3.11.16/x64
2026-09-04T11:28:46.4562598Z   Python2_ROOT_DIR: /opt/hostedtoolcache/Python/3.11.16/x64
2026-09-04T11:28:46.4562992Z   Python3_ROOT_DIR: /opt/hostedtoolcache/Python/3.11.16/x64
2026-09-04T11:28:46.4563379Z   LD_LIBRARY_PATH: /opt/hostedtoolcache/Python/3.11.16/x64/lib
2026-09-04T11:28:46.4563703Z ##[endgroup]
2026-09-04T11:28:46.9887253Z ============================= test session starts ==============================
2026-09-04T11:28:46.9888394Z platform linux -- Python 3.11.16, pytest-9.1.1, pluggy-1.6.0 -- /opt/hostedtoolcache/Python/3.11.16/x64/bin/python
2026-09-04T11:28:46.9889105Z cachedir: .pytest_cache
2026-09-04T11:28:46.9889504Z rootdir: /home/runner/work/log-generation/log-generation
2026-09-04T11:28:46.9890021Z configfile: pytest.ini
2026-09-04T11:28:47.0000583Z collecting ... collected 6 items
2026-09-04T11:28:47.0000983Z 
2026-09-04T11:28:47.0009716Z tests/test_app.py::test_calculate_division PASSED                        [ 16%]
2026-09-04T11:28:47.0017303Z tests/test_app.py::test_convert_to_int PASSED                            [ 33%]
2026-09-04T11:28:47.0025996Z tests/test_app.py::test_get_list_item PASSED                             [ 50%]
2026-09-04T11:28:47.0033832Z tests/test_app.py::test_get_dict_value PASSED                            [ 66%]
2026-09-04T11:28:47.0041429Z tests/test_app.py::test_assert_positive PASSED                           [ 83%]
2026-09-04T11:28:47.0307314Z tests/test_app.py::test_assertion_failure FAILED                         [100%]
2026-09-04T11:28:47.0308106Z 
2026-09-04T11:28:47.0308406Z =================================== FAILURES ===================================
2026-09-04T11:28:47.0309212Z ____________________________ test_assertion_failure ____________________________
2026-09-04T11:28:47.0309750Z 
2026-09-04T11:28:47.0309928Z     def test_assertion_failure():
2026-09-04T11:28:47.0310450Z         """Injected synthetic AssertionError."""
2026-09-04T11:28:47.0311020Z         expected_status = 200
2026-09-04T11:28:47.0311459Z         actual_status = 500
2026-09-04T11:28:47.0312258Z >       assert actual_status == expected_status, f"Expected {expected_status}, received {actual_status}"
2026-09-04T11:28:47.0313209Z E       AssertionError: Expected 200, received 500
2026-09-04T11:28:47.0313771Z E       assert 500 == 200
2026-09-04T11:28:47.0314042Z 
2026-09-04T11:28:47.0314229Z tests/test_app.py:132: AssertionError
2026-09-04T11:28:47.0314796Z =========================== short test summary info ============================
2026-09-04T11:28:47.0315449Z FAILED tests/test_app.py::test_assertion_failure - AssertionError: Expected 200, received 500
2026-09-04T11:28:47.0315903Z assert 500 == 200
2026-09-04T11:28:47.0316182Z ========================= 1 failed, 5 passed in 0.03s ==========================
2026-09-04T11:28:47.0494098Z ##[error]Process completed with exit code 1.
2026-09-04T11:28:47.0639531Z Node 20 is being deprecated. This workflow is running with Node 24 by default. If you need to temporarily use Node 20, you can set the ACTIONS_ALLOW_USE_UNSECURE_NODE_VERSION=true environment variable. For more information see: https://github.blog/changelog/2025-09-19-deprecation-of-node-20-on-github-actions-runners/
2026-09-04T11:28:47.0640968Z Post job cleanup.
2026-09-04T11:28:47.1489019Z [command]/usr/bin/git version
2026-09-04T11:28:47.1531505Z git version 2.55.0
2026-09-04T11:28:47.1571576Z Temporarily overriding HOME='/home/runner/work/_temp/a333a8ee-9cc6-4e22-9614-469024e0a1e0' before making global git config changes
2026-09-04T11:28:47.1572932Z Adding repository directory to the temporary git global config as a safe directory
2026-09-04T11:28:47.1578236Z [command]/usr/bin/git config --global --add safe.directory /home/runner/work/log-generation/log-generation
2026-09-04T11:28:47.1616841Z [command]/usr/bin/git config --local --name-only --get-regexp core\.sshCommand
2026-09-04T11:28:47.1652321Z [command]/usr/bin/git submodule foreach --recursive sh -c "git config --local --name-only --get-regexp 'core\.sshCommand' && git config --local --unset-all 'core.sshCommand' || :"
2026-09-04T11:28:47.1916530Z [command]/usr/bin/git config --local --name-only --get-regexp http\.https\:\/\/github\.com\/\.extraheader
2026-09-04T11:28:47.1969817Z http.https://github.com/.extraheader
2026-09-04T11:28:47.1991499Z [command]/usr/bin/git config --local --unset-all http.https://github.com/.extraheader
2026-09-04T11:28:47.2024146Z [command]/usr/bin/git submodule foreach --recursive sh -c "git config --local --name-only --get-regexp 'http\.https\:\/\/github\.com\/\.extraheader' && git config --local --unset-all 'http.https://github.com/.extraheader' || :"
2026-09-04T11:28:47.2285546Z [command]/usr/bin/git config --local --name-only --get-regexp ^includeIf\.gitdir:
2026-09-04T11:28:47.2330917Z [command]/usr/bin/git submodule foreach --recursive git config --local --show-origin --name-only --get-regexp remote.origin.url
2026-09-04T11:28:47.2778029Z Cleaning up orphan processes
2026-09-04T11:28:47.3048268Z ##[warning]Node.js 20 is deprecated. The following actions target Node.js 20 but are being forced to run on Node.js 24: actions/checkout@v4, actions/setup-python@v5. For more information see: https://github.blog/changelog/2025-09-19-deprecation-of-node-20-on-github-actions-runners/
