ï»¿2026-09-04T11:16:43.3077664Z Current runner version: '2.337.0'
2026-09-04T11:16:43.3104364Z ##[group]Runner Image Provisioner
2026-09-04T11:16:43.3105270Z Hosted Compute Agent
2026-09-04T11:16:43.3105898Z Version: 20260828.587
2026-09-04T11:16:43.3106576Z Commit: abac92662cab4cc7352de4f9f9d2e2419aad9c29
2026-09-04T11:16:43.3107380Z Build Date: 2026-08-28T16:44:25Z
2026-09-04T11:16:43.3108077Z Worker ID: {3b194682-3724-407c-8695-43c54672dc26}
2026-09-04T11:16:43.3108871Z Azure Region: eastus
2026-09-04T11:16:43.3109470Z ##[endgroup]
2026-09-04T11:16:43.3111720Z ##[group]Operating System
2026-09-04T11:16:43.3112541Z Ubuntu
2026-09-04T11:16:43.3113068Z 24.04.4
2026-09-04T11:16:43.3114046Z LTS
2026-09-04T11:16:43.3114617Z ##[endgroup]
2026-09-04T11:16:43.3115209Z ##[group]Runner Image
2026-09-04T11:16:43.3115842Z Image: ubuntu-24.04
2026-09-04T11:16:43.3116410Z Version: 20260831.293.1
2026-09-04T11:16:43.3117707Z Included Software: https://github.com/actions/runner-images/blob/ubuntu24/20260831.293/images/ubuntu/Ubuntu2404-Readme.md
2026-09-04T11:16:43.3119344Z Image Release: https://github.com/actions/runner-images/releases/tag/ubuntu24%2F20260831.293
2026-09-04T11:16:43.3120342Z ##[endgroup]
2026-09-04T11:16:43.3122327Z ##[group]GITHUB_TOKEN Permissions
2026-09-04T11:16:43.3124581Z Contents: read
2026-09-04T11:16:43.3125246Z Metadata: read
2026-09-04T11:16:43.3125907Z Packages: read
2026-09-04T11:16:43.3126480Z ##[endgroup]
2026-09-04T11:16:43.3128604Z Secret source: Actions
2026-09-04T11:16:43.3129983Z Prepare workflow directory
2026-09-04T11:16:43.3463736Z Prepare all required actions
2026-09-04T11:16:43.3512949Z Getting action download info
2026-09-04T11:16:43.5612623Z Download action repository 'actions/checkout@v4' (SHA:11d5960a326750d5838078e36cf38b85af677262)
2026-09-04T11:16:44.0870172Z Download action repository 'actions/setup-python@v5' (SHA:a26af69be951a213d495a4c3e4e4022e16d87065)
2026-09-04T11:16:44.3254765Z Complete job name: test-f3 (FileNotFoundError #192)
2026-09-04T11:16:44.4203928Z Node 20 is being deprecated. This workflow is running with Node 24 by default. If you need to temporarily use Node 20, you can set the ACTIONS_ALLOW_USE_UNSECURE_NODE_VERSION=true environment variable. For more information see: https://github.blog/changelog/2025-09-19-deprecation-of-node-20-on-github-actions-runners/
2026-09-04T11:16:44.4215481Z ##[group]Run actions/checkout@v4
2026-09-04T11:16:44.4216753Z with:
2026-09-04T11:16:44.4217537Z   fetch-depth: 1
2026-09-04T11:16:44.4218438Z   repository: DhruvHegde/log-generation
2026-09-04T11:16:44.4227355Z   token: ***
2026-09-04T11:16:44.4228190Z   ssh-strict: true
2026-09-04T11:16:44.4229021Z   ssh-user: git
2026-09-04T11:16:44.4229872Z   persist-credentials: true
2026-09-04T11:16:44.4230816Z   clean: true
2026-09-04T11:16:44.4231821Z   sparse-checkout-cone-mode: true
2026-09-04T11:16:44.4232859Z   fetch-tags: false
2026-09-04T11:16:44.4233722Z   show-progress: true
2026-09-04T11:16:44.4234581Z   lfs: false
2026-09-04T11:16:44.4235428Z   submodules: false
2026-09-04T11:16:44.4236305Z   set-safe-directory: true
2026-09-04T11:16:44.4237309Z   allow-unsafe-pr-checkout: false
2026-09-04T11:16:44.4238641Z ##[endgroup]
2026-09-04T11:16:44.5284471Z Syncing repository: DhruvHegde/log-generation
2026-09-04T11:16:44.5287898Z ##[group]Getting Git version info
2026-09-04T11:16:44.5289395Z Working directory is '/home/runner/work/log-generation/log-generation'
2026-09-04T11:16:44.5291835Z [command]/usr/bin/git version
2026-09-04T11:16:44.6402529Z git version 2.55.0
2026-09-04T11:16:44.6426611Z ##[endgroup]
2026-09-04T11:16:44.6444737Z Temporarily overriding HOME='/home/runner/work/_temp/4d9e4193-51a5-4a8c-b665-ef20061567da' before making global git config changes
2026-09-04T11:16:44.6449596Z Adding repository directory to the temporary git global config as a safe directory
2026-09-04T11:16:44.6453997Z [command]/usr/bin/git config --global --add safe.directory /home/runner/work/log-generation/log-generation
2026-09-04T11:16:44.6726284Z Deleting the contents of '/home/runner/work/log-generation/log-generation'
2026-09-04T11:16:44.6731569Z ##[group]Initializing the repository
2026-09-04T11:16:44.6737283Z [command]/usr/bin/git init /home/runner/work/log-generation/log-generation
2026-09-04T11:16:44.7283194Z hint: Using 'master' as the name for the initial branch. This default branch name
2026-09-04T11:16:44.7287629Z hint: will change to "main" in Git 3.0. To configure the initial branch name
2026-09-04T11:16:44.7292232Z hint: to use in all of your new repositories, which will suppress this warning,
2026-09-04T11:16:44.7295174Z hint: call:
2026-09-04T11:16:44.7296734Z hint:
2026-09-04T11:16:44.7298939Z hint: 	git config --global init.defaultBranch <name>
2026-09-04T11:16:44.7301618Z hint:
2026-09-04T11:16:44.7303783Z hint: Names commonly chosen instead of 'master' are 'main', 'trunk' and
2026-09-04T11:16:44.7307095Z hint: 'development'. The just-created branch can be renamed via this command:
2026-09-04T11:16:44.7309957Z hint:
2026-09-04T11:16:44.7311007Z hint: 	git branch -m <name>
2026-09-04T11:16:44.7312874Z hint:
2026-09-04T11:16:44.7314523Z hint: Disable this message with "git config set advice.defaultBranchName false"
2026-09-04T11:16:44.7316721Z Initialized empty Git repository in /home/runner/work/log-generation/log-generation/.git/
2026-09-04T11:16:44.7320244Z [command]/usr/bin/git remote add origin https://github.com/DhruvHegde/log-generation
2026-09-04T11:16:44.7642640Z ##[endgroup]
2026-09-04T11:16:44.7644431Z ##[group]Disabling automatic garbage collection
2026-09-04T11:16:44.7646414Z [command]/usr/bin/git config --local gc.auto 0
2026-09-04T11:16:44.7685659Z ##[endgroup]
2026-09-04T11:16:44.7688139Z ##[group]Setting up auth
2026-09-04T11:16:44.7694598Z [command]/usr/bin/git config --local --name-only --get-regexp core\.sshCommand
2026-09-04T11:16:44.7737967Z [command]/usr/bin/git submodule foreach --recursive sh -c "git config --local --name-only --get-regexp 'core\.sshCommand' && git config --local --unset-all 'core.sshCommand' || :"
2026-09-04T11:16:44.9608941Z [command]/usr/bin/git config --local --name-only --get-regexp http\.https\:\/\/github\.com\/\.extraheader
2026-09-04T11:16:44.9650593Z [command]/usr/bin/git submodule foreach --recursive sh -c "git config --local --name-only --get-regexp 'http\.https\:\/\/github\.com\/\.extraheader' && git config --local --unset-all 'http.https://github.com/.extraheader' || :"
2026-09-04T11:16:44.9889227Z [command]/usr/bin/git config --local --name-only --get-regexp ^includeIf\.gitdir:
2026-09-04T11:16:44.9927260Z [command]/usr/bin/git submodule foreach --recursive git config --local --show-origin --name-only --get-regexp remote.origin.url
2026-09-04T11:16:45.0155186Z [command]/usr/bin/git config --local http.https://github.com/.extraheader AUTHORIZATION: basic ***
2026-09-04T11:16:45.0195691Z ##[endgroup]
2026-09-04T11:16:45.0198283Z ##[group]Fetching the repository
2026-09-04T11:16:45.0209616Z [command]/usr/bin/git -c protocol.version=2 fetch --no-tags --prune --no-recurse-submodules --depth=1 origin +55701f2ee203be18f432be2dca839cc73b92fb5e:refs/remotes/origin/feature/f3-test-failures
2026-09-04T11:16:45.5414534Z From https://github.com/DhruvHegde/log-generation
2026-09-04T11:16:45.5416193Z  * [new ref]         55701f2ee203be18f432be2dca839cc73b92fb5e -> origin/feature/f3-test-failures
2026-09-04T11:16:45.5420395Z ##[endgroup]
2026-09-04T11:16:45.5422187Z ##[group]Determining the checkout info
2026-09-04T11:16:45.5424097Z ##[endgroup]
2026-09-04T11:16:45.5430997Z [command]/usr/bin/git sparse-checkout disable
2026-09-04T11:16:45.5608053Z [command]/usr/bin/git config --local --unset-all extensions.worktreeConfig
2026-09-04T11:16:45.5643775Z ##[group]Checking out the ref
2026-09-04T11:16:45.5649823Z [command]/usr/bin/git checkout --progress --force -B feature/f3-test-failures refs/remotes/origin/feature/f3-test-failures
2026-09-04T11:16:45.5732639Z Switched to a new branch 'feature/f3-test-failures'
2026-09-04T11:16:45.5739277Z branch 'feature/f3-test-failures' set up to track 'origin/feature/f3-test-failures'.
2026-09-04T11:16:45.5745841Z ##[endgroup]
2026-09-04T11:16:45.5793036Z [command]/usr/bin/git log -1 --format=%H
2026-09-04T11:16:45.5820907Z 55701f2ee203be18f432be2dca839cc73b92fb5e
2026-09-04T11:16:45.6100283Z Node 20 is being deprecated. This workflow is running with Node 24 by default. If you need to temporarily use Node 20, you can set the ACTIONS_ALLOW_USE_UNSECURE_NODE_VERSION=true environment variable. For more information see: https://github.blog/changelog/2025-09-19-deprecation-of-node-20-on-github-actions-runners/
2026-09-04T11:16:45.6102533Z ##[group]Run actions/setup-python@v5
2026-09-04T11:16:45.6102964Z with:
2026-09-04T11:16:45.6103325Z   python-version: 3.11
2026-09-04T11:16:45.6103704Z   check-latest: false
2026-09-04T11:16:45.6106161Z   token: ***
2026-09-04T11:16:45.6106536Z   update-environment: true
2026-09-04T11:16:45.6106946Z   allow-prereleases: false
2026-09-04T11:16:45.6107341Z   freethreaded: false
2026-09-04T11:16:45.6107715Z ##[endgroup]
2026-09-04T11:16:45.7451032Z ##[group]Installed versions
2026-09-04T11:16:45.8129348Z (node:2250) [DEP0040] DeprecationWarning: The `punycode` module is deprecated. Please use a userland alternative instead.
2026-09-04T11:16:45.8131105Z (Use `node --trace-deprecation ...` to show where the warning was created)
2026-09-04T11:16:45.8134242Z Successfully set up CPython (3.11.16)
2026-09-04T11:16:45.8149229Z ##[endgroup]
2026-09-04T11:16:45.8308898Z ##[group]Run pip install --no-cache-dir pytest
2026-09-04T11:16:45.8309530Z [36;1mpip install --no-cache-dir pytest[0m
2026-09-04T11:16:45.8409352Z shell: /usr/bin/bash -e {0}
2026-09-04T11:16:45.8410082Z env:
2026-09-04T11:16:45.8509817Z   pythonLocation: /opt/hostedtoolcache/Python/3.11.16/x64
2026-09-04T11:16:45.8511095Z   PKG_CONFIG_PATH: /opt/hostedtoolcache/Python/3.11.16/x64/lib/pkgconfig
2026-09-04T11:16:45.8512509Z   Python_ROOT_DIR: /opt/hostedtoolcache/Python/3.11.16/x64
2026-09-04T11:16:45.8513489Z   Python2_ROOT_DIR: /opt/hostedtoolcache/Python/3.11.16/x64
2026-09-04T11:16:45.8514296Z   Python3_ROOT_DIR: /opt/hostedtoolcache/Python/3.11.16/x64
2026-09-04T11:16:45.8515245Z   LD_LIBRARY_PATH: /opt/hostedtoolcache/Python/3.11.16/x64/lib
2026-09-04T11:16:45.8516326Z ##[endgroup]
2026-09-04T11:16:53.8887974Z Collecting pytest
2026-09-04T11:16:53.9457896Z   Downloading pytest-9.1.1-py3-none-any.whl.metadata (7.6 kB)
2026-09-04T11:16:53.9556313Z Collecting iniconfig>=1.0.1 (from pytest)
2026-09-04T11:16:53.9594836Z   Downloading iniconfig-2.3.0-py3-none-any.whl.metadata (2.5 kB)
2026-09-04T11:16:53.9712960Z Collecting packaging>=22 (from pytest)
2026-09-04T11:16:53.9749353Z   Downloading packaging-26.3-py3-none-any.whl.metadata (3.5 kB)
2026-09-04T11:16:53.9840322Z Collecting pluggy<2,>=1.5 (from pytest)
2026-09-04T11:16:53.9879957Z   Downloading pluggy-1.6.0-py3-none-any.whl.metadata (4.8 kB)
2026-09-04T11:16:54.0026653Z Collecting pygments>=2.7.2 (from pytest)
2026-09-04T11:16:54.0062020Z   Downloading pygments-2.21.0-py3-none-any.whl.metadata (2.5 kB)
2026-09-04T11:16:54.0128072Z Downloading pytest-9.1.1-py3-none-any.whl (386 kB)
2026-09-04T11:16:54.0306209Z Downloading pluggy-1.6.0-py3-none-any.whl (20 kB)
2026-09-04T11:16:54.0342204Z Downloading iniconfig-2.3.0-py3-none-any.whl (7.5 kB)
2026-09-04T11:16:54.0376796Z Downloading packaging-26.3-py3-none-any.whl (129 kB)
2026-09-04T11:16:54.0414935Z Downloading pygments-2.21.0-py3-none-any.whl (1.3 MB)
2026-09-04T11:16:54.0493619Z    ââââââââââââââââââââââââââââââââââââââââ 1.3/1.3 MB 214.9 MB/s  0:00:00
2026-09-04T11:16:54.5771723Z Installing collected packages: pygments, pluggy, packaging, iniconfig, pytest
2026-09-04T11:16:55.6220283Z 
2026-09-04T11:16:55.6232138Z Successfully installed iniconfig-2.3.0 packaging-26.3 pluggy-1.6.0 pygments-2.21.0 pytest-9.1.1
2026-09-04T11:16:55.7001079Z ##[group]Run python automation/inject_mutation.py --error-type "FileNotFoundError"
2026-09-04T11:16:55.7002039Z [36;1mpython automation/inject_mutation.py --error-type "FileNotFoundError"[0m
2026-09-04T11:16:55.7039789Z shell: /usr/bin/bash -e {0}
2026-09-04T11:16:55.7040059Z env:
2026-09-04T11:16:55.7040349Z   pythonLocation: /opt/hostedtoolcache/Python/3.11.16/x64
2026-09-04T11:16:55.7040992Z   PKG_CONFIG_PATH: /opt/hostedtoolcache/Python/3.11.16/x64/lib/pkgconfig
2026-09-04T11:16:55.7041630Z   Python_ROOT_DIR: /opt/hostedtoolcache/Python/3.11.16/x64
2026-09-04T11:16:55.7042023Z   Python2_ROOT_DIR: /opt/hostedtoolcache/Python/3.11.16/x64
2026-09-04T11:16:55.7042434Z   Python3_ROOT_DIR: /opt/hostedtoolcache/Python/3.11.16/x64
2026-09-04T11:16:55.7042830Z   LD_LIBRARY_PATH: /opt/hostedtoolcache/Python/3.11.16/x64/lib
2026-09-04T11:16:55.7043198Z ##[endgroup]
2026-09-04T11:16:55.7365068Z [Mutation Injected] Successfully injected FileNotFoundError into tests/test_app.py
2026-09-04T11:16:55.7440113Z ##[group]Run pytest tests/test_app.py -v
2026-09-04T11:16:55.7440494Z [36;1mpytest tests/test_app.py -v[0m
2026-09-04T11:16:55.7478387Z shell: /usr/bin/bash -e {0}
2026-09-04T11:16:55.7478671Z env:
2026-09-04T11:16:55.7478944Z   pythonLocation: /opt/hostedtoolcache/Python/3.11.16/x64
2026-09-04T11:16:55.7479391Z   PKG_CONFIG_PATH: /opt/hostedtoolcache/Python/3.11.16/x64/lib/pkgconfig
2026-09-04T11:16:55.7479848Z   Python_ROOT_DIR: /opt/hostedtoolcache/Python/3.11.16/x64
2026-09-04T11:16:55.7480239Z   Python2_ROOT_DIR: /opt/hostedtoolcache/Python/3.11.16/x64
2026-09-04T11:16:55.7480625Z   Python3_ROOT_DIR: /opt/hostedtoolcache/Python/3.11.16/x64
2026-09-04T11:16:55.7481027Z   LD_LIBRARY_PATH: /opt/hostedtoolcache/Python/3.11.16/x64/lib
2026-09-04T11:16:55.7481620Z ##[endgroup]
2026-09-04T11:16:56.7292433Z ============================= test session starts ==============================
2026-09-04T11:16:56.7293663Z platform linux -- Python 3.11.16, pytest-9.1.1, pluggy-1.6.0 -- /opt/hostedtoolcache/Python/3.11.16/x64/bin/python
2026-09-04T11:16:56.7294553Z cachedir: .pytest_cache
2026-09-04T11:16:56.7295080Z rootdir: /home/runner/work/log-generation/log-generation
2026-09-04T11:16:56.7295695Z configfile: pytest.ini
2026-09-04T11:16:56.7382216Z collecting ... collected 6 items
2026-09-04T11:16:56.7382606Z 
2026-09-04T11:16:56.7390919Z tests/test_app.py::test_calculate_division PASSED                        [ 16%]
2026-09-04T11:16:56.7398096Z tests/test_app.py::test_convert_to_int PASSED                            [ 33%]
2026-09-04T11:16:56.7405662Z tests/test_app.py::test_get_list_item PASSED                             [ 50%]
2026-09-04T11:16:56.7412537Z tests/test_app.py::test_get_dict_value PASSED                            [ 66%]
2026-09-04T11:16:56.7418988Z tests/test_app.py::test_assert_positive PASSED                           [ 83%]
2026-09-04T11:16:56.7673674Z tests/test_app.py::test_file_not_found_error FAILED                      [100%]
2026-09-04T11:16:56.7674152Z 
2026-09-04T11:16:56.7674385Z =================================== FAILURES ===================================
2026-09-04T11:16:56.7674976Z __________________________ test_file_not_found_error ___________________________
2026-09-04T11:16:56.7675395Z 
2026-09-04T11:16:56.7675543Z     def test_file_not_found_error():
2026-09-04T11:16:56.7675968Z         """Injected synthetic FileNotFoundError."""
2026-09-04T11:16:56.7676442Z         from src.app import read_config_file
2026-09-04T11:16:56.7676959Z >       read_config_file("fixtures/non_existent_pipeline_config.json")
2026-09-04T11:16:56.7677378Z 
2026-09-04T11:16:56.7677526Z tests/test_app.py:129: 
2026-09-04T11:16:56.7677926Z _ _ _ _ _ _ _ _ _ _ _ _ _ _ _ _ _ _ _ _ _ _ _ _ _ _ _ _ _ _ _ _ _ _ _ _ _ _ _ _ 
2026-09-04T11:16:56.7678269Z 
2026-09-04T11:16:56.7678428Z path = 'fixtures/non_existent_pipeline_config.json'
2026-09-04T11:16:56.7678702Z 
2026-09-04T11:16:56.7678819Z     def read_config_file(path):
2026-09-04T11:16:56.7679130Z >       with open(path, "r") as f:
2026-09-04T11:16:56.7679438Z              ^^^^^^^^^^^^^^^
2026-09-04T11:16:56.7679974Z E       FileNotFoundError: [Errno 2] No such file or directory: 'fixtures/non_existent_pipeline_config.json'
2026-09-04T11:16:56.7680459Z 
2026-09-04T11:16:56.7680583Z src/app.py:17: FileNotFoundError
2026-09-04T11:16:56.7680964Z =========================== short test summary info ============================
2026-09-04T11:16:56.7683077Z FAILED tests/test_app.py::test_file_not_found_error - FileNotFoundError: [Errno 2] No such file or directory: 'fixtures/non_existent_pipeline_config.json'
2026-09-04T11:16:56.7683967Z ========================= 1 failed, 5 passed in 0.03s ==========================
2026-09-04T11:16:56.7886834Z ##[error]Process completed with exit code 1.
2026-09-04T11:16:56.8031602Z Node 20 is being deprecated. This workflow is running with Node 24 by default. If you need to temporarily use Node 20, you can set the ACTIONS_ALLOW_USE_UNSECURE_NODE_VERSION=true environment variable. For more information see: https://github.blog/changelog/2025-09-19-deprecation-of-node-20-on-github-actions-runners/
2026-09-04T11:16:56.8032859Z Post job cleanup.
2026-09-04T11:16:56.8952854Z [command]/usr/bin/git version
2026-09-04T11:16:56.8998343Z git version 2.55.0
2026-09-04T11:16:56.9044311Z Temporarily overriding HOME='/home/runner/work/_temp/942a627b-5bcd-404b-878c-e6d8cd764721' before making global git config changes
2026-09-04T11:16:56.9045736Z Adding repository directory to the temporary git global config as a safe directory
2026-09-04T11:16:56.9052550Z [command]/usr/bin/git config --global --add safe.directory /home/runner/work/log-generation/log-generation
2026-09-04T11:16:56.9095961Z [command]/usr/bin/git config --local --name-only --get-regexp core\.sshCommand
2026-09-04T11:16:56.9139021Z [command]/usr/bin/git submodule foreach --recursive sh -c "git config --local --name-only --get-regexp 'core\.sshCommand' && git config --local --unset-all 'core.sshCommand' || :"
2026-09-04T11:16:56.9412873Z [command]/usr/bin/git config --local --name-only --get-regexp http\.https\:\/\/github\.com\/\.extraheader
2026-09-04T11:16:56.9444777Z http.https://github.com/.extraheader
2026-09-04T11:16:56.9459410Z [command]/usr/bin/git config --local --unset-all http.https://github.com/.extraheader
2026-09-04T11:16:56.9525762Z [command]/usr/bin/git submodule foreach --recursive sh -c "git config --local --name-only --get-regexp 'http\.https\:\/\/github\.com\/\.extraheader' && git config --local --unset-all 'http.https://github.com/.extraheader' || :"
2026-09-04T11:16:56.9799888Z [command]/usr/bin/git config --local --name-only --get-regexp ^includeIf\.gitdir:
2026-09-04T11:16:56.9869466Z [command]/usr/bin/git submodule foreach --recursive git config --local --show-origin --name-only --get-regexp remote.origin.url
2026-09-04T11:16:57.0296602Z Cleaning up orphan processes
2026-09-04T11:16:57.0589312Z ##[warning]Node.js 20 is deprecated. The following actions target Node.js 20 but are being forced to run on Node.js 24: actions/checkout@v4, actions/setup-python@v5. For more information see: https://github.blog/changelog/2025-09-19-deprecation-of-node-20-on-github-actions-runners/
