ï»¿2026-09-04T11:15:28.5112091Z Current runner version: '2.337.0'
2026-09-04T11:15:28.5137636Z ##[group]Runner Image Provisioner
2026-09-04T11:15:28.5138531Z Hosted Compute Agent
2026-09-04T11:15:28.5139105Z Version: 20260828.587
2026-09-04T11:15:28.5139833Z Commit: abac92662cab4cc7352de4f9f9d2e2419aad9c29
2026-09-04T11:15:28.5140580Z Build Date: 2026-08-28T16:44:25Z
2026-09-04T11:15:28.5141350Z Worker ID: {a0623fb8-7f71-46fd-8ac6-351d753c8074}
2026-09-04T11:15:28.5142104Z Azure Region: westus2
2026-09-04T11:15:28.5142675Z ##[endgroup]
2026-09-04T11:15:28.5145086Z ##[group]Operating System
2026-09-04T11:15:28.5145751Z Ubuntu
2026-09-04T11:15:28.5146385Z 24.04.4
2026-09-04T11:15:28.5146974Z LTS
2026-09-04T11:15:28.5147816Z ##[endgroup]
2026-09-04T11:15:28.5148475Z ##[group]Runner Image
2026-09-04T11:15:28.5149110Z Image: ubuntu-24.04
2026-09-04T11:15:28.5149798Z Version: 20260831.293.1
2026-09-04T11:15:28.5151033Z Included Software: https://github.com/actions/runner-images/blob/ubuntu24/20260831.293/images/ubuntu/Ubuntu2404-Readme.md
2026-09-04T11:15:28.5152659Z Image Release: https://github.com/actions/runner-images/releases/tag/ubuntu24%2F20260831.293
2026-09-04T11:15:28.5154063Z ##[endgroup]
2026-09-04T11:15:28.5155374Z ##[group]GITHUB_TOKEN Permissions
2026-09-04T11:15:28.5157608Z Contents: read
2026-09-04T11:15:28.5158323Z Metadata: read
2026-09-04T11:15:28.5158907Z Packages: read
2026-09-04T11:15:28.5159454Z ##[endgroup]
2026-09-04T11:15:28.5161586Z Secret source: Actions
2026-09-04T11:15:28.5163020Z Prepare workflow directory
2026-09-04T11:15:28.5502113Z Prepare all required actions
2026-09-04T11:15:28.5552147Z Getting action download info
2026-09-04T11:15:28.9049451Z Download action repository 'actions/checkout@v4' (SHA:11d5960a326750d5838078e36cf38b85af677262)
2026-09-04T11:15:29.0474892Z Download action repository 'actions/setup-python@v5' (SHA:a26af69be951a213d495a4c3e4e4022e16d87065)
2026-09-04T11:15:29.2306294Z Complete job name: test-f3 (AttributeError #26)
2026-09-04T11:15:29.3102282Z Node 20 is being deprecated. This workflow is running with Node 24 by default. If you need to temporarily use Node 20, you can set the ACTIONS_ALLOW_USE_UNSECURE_NODE_VERSION=true environment variable. For more information see: https://github.blog/changelog/2025-09-19-deprecation-of-node-20-on-github-actions-runners/
2026-09-04T11:15:29.3111368Z ##[group]Run actions/checkout@v4
2026-09-04T11:15:29.3112134Z with:
2026-09-04T11:15:29.3112576Z   fetch-depth: 1
2026-09-04T11:15:29.3113073Z   repository: DhruvHegde/log-generation
2026-09-04T11:15:29.3117392Z   token: ***
2026-09-04T11:15:29.3117883Z   ssh-strict: true
2026-09-04T11:15:29.3118337Z   ssh-user: git
2026-09-04T11:15:29.3118816Z   persist-credentials: true
2026-09-04T11:15:29.3119313Z   clean: true
2026-09-04T11:15:29.3119760Z   sparse-checkout-cone-mode: true
2026-09-04T11:15:29.3120288Z   fetch-tags: false
2026-09-04T11:15:29.3120736Z   show-progress: true
2026-09-04T11:15:29.3121187Z   lfs: false
2026-09-04T11:15:29.3121691Z   submodules: false
2026-09-04T11:15:29.3122155Z   set-safe-directory: true
2026-09-04T11:15:29.3122680Z   allow-unsafe-pr-checkout: false
2026-09-04T11:15:29.3123665Z ##[endgroup]
2026-09-04T11:15:29.4182913Z Syncing repository: DhruvHegde/log-generation
2026-09-04T11:15:29.4185859Z ##[group]Getting Git version info
2026-09-04T11:15:29.4187109Z Working directory is '/home/runner/work/log-generation/log-generation'
2026-09-04T11:15:29.4188929Z [command]/usr/bin/git version
2026-09-04T11:15:29.4279354Z git version 2.55.0
2026-09-04T11:15:29.4299815Z ##[endgroup]
2026-09-04T11:15:29.4318608Z Temporarily overriding HOME='/home/runner/work/_temp/c00b3687-3331-4bcf-a90a-8976e1c4de0a' before making global git config changes
2026-09-04T11:15:29.4320959Z Adding repository directory to the temporary git global config as a safe directory
2026-09-04T11:15:29.4324694Z [command]/usr/bin/git config --global --add safe.directory /home/runner/work/log-generation/log-generation
2026-09-04T11:15:29.4383809Z Deleting the contents of '/home/runner/work/log-generation/log-generation'
2026-09-04T11:15:29.4388030Z ##[group]Initializing the repository
2026-09-04T11:15:29.4393807Z [command]/usr/bin/git init /home/runner/work/log-generation/log-generation
2026-09-04T11:15:29.4534276Z hint: Using 'master' as the name for the initial branch. This default branch name
2026-09-04T11:15:29.4536141Z hint: will change to "main" in Git 3.0. To configure the initial branch name
2026-09-04T11:15:29.4537285Z hint: to use in all of your new repositories, which will suppress this warning,
2026-09-04T11:15:29.4538186Z hint: call:
2026-09-04T11:15:29.4538647Z hint:
2026-09-04T11:15:29.4539383Z hint: 	git config --global init.defaultBranch <name>
2026-09-04T11:15:29.4540492Z hint:
2026-09-04T11:15:29.4541361Z hint: Names commonly chosen instead of 'master' are 'main', 'trunk' and
2026-09-04T11:15:29.4542528Z hint: 'development'. The just-created branch can be renamed via this command:
2026-09-04T11:15:29.4544126Z hint:
2026-09-04T11:15:29.4544869Z hint: 	git branch -m <name>
2026-09-04T11:15:29.4545388Z hint:
2026-09-04T11:15:29.4546062Z hint: Disable this message with "git config set advice.defaultBranchName false"
2026-09-04T11:15:29.4547179Z Initialized empty Git repository in /home/runner/work/log-generation/log-generation/.git/
2026-09-04T11:15:29.4552363Z [command]/usr/bin/git remote add origin https://github.com/DhruvHegde/log-generation
2026-09-04T11:15:29.4608794Z ##[endgroup]
2026-09-04T11:15:29.4609687Z ##[group]Disabling automatic garbage collection
2026-09-04T11:15:29.4612833Z [command]/usr/bin/git config --local gc.auto 0
2026-09-04T11:15:29.4657936Z ##[endgroup]
2026-09-04T11:15:29.4665346Z ##[group]Setting up auth
2026-09-04T11:15:29.4668482Z [command]/usr/bin/git config --local --name-only --get-regexp core\.sshCommand
2026-09-04T11:15:29.4717515Z [command]/usr/bin/git submodule foreach --recursive sh -c "git config --local --name-only --get-regexp 'core\.sshCommand' && git config --local --unset-all 'core.sshCommand' || :"
2026-09-04T11:15:29.5128681Z [command]/usr/bin/git config --local --name-only --get-regexp http\.https\:\/\/github\.com\/\.extraheader
2026-09-04T11:15:29.5166820Z [command]/usr/bin/git submodule foreach --recursive sh -c "git config --local --name-only --get-regexp 'http\.https\:\/\/github\.com\/\.extraheader' && git config --local --unset-all 'http.https://github.com/.extraheader' || :"
2026-09-04T11:15:29.5391583Z [command]/usr/bin/git config --local --name-only --get-regexp ^includeIf\.gitdir:
2026-09-04T11:15:29.5428131Z [command]/usr/bin/git submodule foreach --recursive git config --local --show-origin --name-only --get-regexp remote.origin.url
2026-09-04T11:15:29.5651608Z [command]/usr/bin/git config --local http.https://github.com/.extraheader AUTHORIZATION: basic ***
2026-09-04T11:15:29.5690154Z ##[endgroup]
2026-09-04T11:15:29.5691023Z ##[group]Fetching the repository
2026-09-04T11:15:29.5700729Z [command]/usr/bin/git -c protocol.version=2 fetch --no-tags --prune --no-recurse-submodules --depth=1 origin +55701f2ee203be18f432be2dca839cc73b92fb5e:refs/remotes/origin/feature/f3-test-failures
2026-09-04T11:15:30.0645004Z From https://github.com/DhruvHegde/log-generation
2026-09-04T11:15:30.0646456Z  * [new ref]         55701f2ee203be18f432be2dca839cc73b92fb5e -> origin/feature/f3-test-failures
2026-09-04T11:15:30.0650814Z ##[endgroup]
2026-09-04T11:15:30.0651741Z ##[group]Determining the checkout info
2026-09-04T11:15:30.0653846Z ##[endgroup]
2026-09-04T11:15:30.0659995Z [command]/usr/bin/git sparse-checkout disable
2026-09-04T11:15:30.0713776Z [command]/usr/bin/git config --local --unset-all extensions.worktreeConfig
2026-09-04T11:15:30.0745715Z ##[group]Checking out the ref
2026-09-04T11:15:30.0750583Z [command]/usr/bin/git checkout --progress --force -B feature/f3-test-failures refs/remotes/origin/feature/f3-test-failures
2026-09-04T11:15:30.0830802Z Switched to a new branch 'feature/f3-test-failures'
2026-09-04T11:15:30.0838124Z branch 'feature/f3-test-failures' set up to track 'origin/feature/f3-test-failures'.
2026-09-04T11:15:30.0842820Z ##[endgroup]
2026-09-04T11:15:30.0884946Z [command]/usr/bin/git log -1 --format=%H
2026-09-04T11:15:30.0911145Z 55701f2ee203be18f432be2dca839cc73b92fb5e
2026-09-04T11:15:30.1180320Z Node 20 is being deprecated. This workflow is running with Node 24 by default. If you need to temporarily use Node 20, you can set the ACTIONS_ALLOW_USE_UNSECURE_NODE_VERSION=true environment variable. For more information see: https://github.blog/changelog/2025-09-19-deprecation-of-node-20-on-github-actions-runners/
2026-09-04T11:15:30.1182844Z ##[group]Run actions/setup-python@v5
2026-09-04T11:15:30.1183644Z with:
2026-09-04T11:15:30.1184074Z   python-version: 3.11
2026-09-04T11:15:30.1184536Z   check-latest: false
2026-09-04T11:15:30.1188456Z   token: ***
2026-09-04T11:15:30.1188901Z   update-environment: true
2026-09-04T11:15:30.1189395Z   allow-prereleases: false
2026-09-04T11:15:30.1189870Z   freethreaded: false
2026-09-04T11:15:30.1190312Z ##[endgroup]
2026-09-04T11:15:30.2599039Z ##[group]Installed versions
2026-09-04T11:15:30.2649146Z (node:2253) [DEP0040] DeprecationWarning: The `punycode` module is deprecated. Please use a userland alternative instead.
2026-09-04T11:15:30.2651196Z (Use `node --trace-deprecation ...` to show where the warning was created)
2026-09-04T11:15:30.2652923Z Successfully set up CPython (3.11.16)
2026-09-04T11:15:30.2670812Z ##[endgroup]
2026-09-04T11:15:30.2867697Z ##[group]Run pip install --no-cache-dir pytest
2026-09-04T11:15:30.2869061Z [36;1mpip install --no-cache-dir pytest[0m
2026-09-04T11:15:30.2939352Z shell: /usr/bin/bash -e {0}
2026-09-04T11:15:30.2940947Z env:
2026-09-04T11:15:30.2942439Z   pythonLocation: /opt/hostedtoolcache/Python/3.11.16/x64
2026-09-04T11:15:30.2944699Z   PKG_CONFIG_PATH: /opt/hostedtoolcache/Python/3.11.16/x64/lib/pkgconfig
2026-09-04T11:15:30.2947092Z   Python_ROOT_DIR: /opt/hostedtoolcache/Python/3.11.16/x64
2026-09-04T11:15:30.2949477Z   Python2_ROOT_DIR: /opt/hostedtoolcache/Python/3.11.16/x64
2026-09-04T11:15:30.2951681Z   Python3_ROOT_DIR: /opt/hostedtoolcache/Python/3.11.16/x64
2026-09-04T11:15:30.2953969Z   LD_LIBRARY_PATH: /opt/hostedtoolcache/Python/3.11.16/x64/lib
2026-09-04T11:15:30.2955793Z ##[endgroup]
2026-09-04T11:15:32.7691986Z Collecting pytest
2026-09-04T11:15:32.8427290Z   Downloading pytest-9.1.1-py3-none-any.whl.metadata (7.6 kB)
2026-09-04T11:15:32.8549360Z Collecting iniconfig>=1.0.1 (from pytest)
2026-09-04T11:15:32.8625533Z   Downloading iniconfig-2.3.0-py3-none-any.whl.metadata (2.5 kB)
2026-09-04T11:15:32.8773202Z Collecting packaging>=22 (from pytest)
2026-09-04T11:15:32.8848821Z   Downloading packaging-26.3-py3-none-any.whl.metadata (3.5 kB)
2026-09-04T11:15:32.8968574Z Collecting pluggy<2,>=1.5 (from pytest)
2026-09-04T11:15:32.9043277Z   Downloading pluggy-1.6.0-py3-none-any.whl.metadata (4.8 kB)
2026-09-04T11:15:32.9226631Z Collecting pygments>=2.7.2 (from pytest)
2026-09-04T11:15:32.9302836Z   Downloading pygments-2.21.0-py3-none-any.whl.metadata (2.5 kB)
2026-09-04T11:15:32.9405818Z Downloading pytest-9.1.1-py3-none-any.whl (386 kB)
2026-09-04T11:15:32.9716083Z Downloading pluggy-1.6.0-py3-none-any.whl (20 kB)
2026-09-04T11:15:32.9794274Z Downloading iniconfig-2.3.0-py3-none-any.whl (7.5 kB)
2026-09-04T11:15:32.9890461Z Downloading packaging-26.3-py3-none-any.whl (129 kB)
2026-09-04T11:15:32.9966897Z Downloading pygments-2.21.0-py3-none-any.whl (1.3 MB)
2026-09-04T11:15:33.0164268Z    ââââââââââââââââââââââââââââââââââââââââ 1.3/1.3 MB 83.9 MB/s  0:00:00
2026-09-04T11:15:33.2462940Z Installing collected packages: pygments, pluggy, packaging, iniconfig, pytest
2026-09-04T11:15:34.2065286Z 
2026-09-04T11:15:34.2077895Z Successfully installed iniconfig-2.3.0 packaging-26.3 pluggy-1.6.0 pygments-2.21.0 pytest-9.1.1
2026-09-04T11:15:34.2604801Z ##[group]Run python automation/inject_mutation.py --error-type "AttributeError"
2026-09-04T11:15:34.2605468Z [36;1mpython automation/inject_mutation.py --error-type "AttributeError"[0m
2026-09-04T11:15:34.2644251Z shell: /usr/bin/bash -e {0}
2026-09-04T11:15:34.2644512Z env:
2026-09-04T11:15:34.2644796Z   pythonLocation: /opt/hostedtoolcache/Python/3.11.16/x64
2026-09-04T11:15:34.2645483Z   PKG_CONFIG_PATH: /opt/hostedtoolcache/Python/3.11.16/x64/lib/pkgconfig
2026-09-04T11:15:34.2645952Z   Python_ROOT_DIR: /opt/hostedtoolcache/Python/3.11.16/x64
2026-09-04T11:15:34.2646355Z   Python2_ROOT_DIR: /opt/hostedtoolcache/Python/3.11.16/x64
2026-09-04T11:15:34.2646758Z   Python3_ROOT_DIR: /opt/hostedtoolcache/Python/3.11.16/x64
2026-09-04T11:15:34.2647152Z   LD_LIBRARY_PATH: /opt/hostedtoolcache/Python/3.11.16/x64/lib
2026-09-04T11:15:34.2647540Z ##[endgroup]
2026-09-04T11:15:34.2945615Z [Mutation Injected] Successfully injected AttributeError into tests/test_app.py
2026-09-04T11:15:34.3017118Z ##[group]Run pytest tests/test_app.py -v
2026-09-04T11:15:34.3017491Z [36;1mpytest tests/test_app.py -v[0m
2026-09-04T11:15:34.3054775Z shell: /usr/bin/bash -e {0}
2026-09-04T11:15:34.3055028Z env:
2026-09-04T11:15:34.3055313Z   pythonLocation: /opt/hostedtoolcache/Python/3.11.16/x64
2026-09-04T11:15:34.3055761Z   PKG_CONFIG_PATH: /opt/hostedtoolcache/Python/3.11.16/x64/lib/pkgconfig
2026-09-04T11:15:34.3056220Z   Python_ROOT_DIR: /opt/hostedtoolcache/Python/3.11.16/x64
2026-09-04T11:15:34.3056600Z   Python2_ROOT_DIR: /opt/hostedtoolcache/Python/3.11.16/x64
2026-09-04T11:15:34.3056982Z   Python3_ROOT_DIR: /opt/hostedtoolcache/Python/3.11.16/x64
2026-09-04T11:15:34.3057364Z   LD_LIBRARY_PATH: /opt/hostedtoolcache/Python/3.11.16/x64/lib
2026-09-04T11:15:34.3057696Z ##[endgroup]
2026-09-04T11:15:34.6532650Z ============================= test session starts ==============================
2026-09-04T11:15:34.6533676Z platform linux -- Python 3.11.16, pytest-9.1.1, pluggy-1.6.0 -- /opt/hostedtoolcache/Python/3.11.16/x64/bin/python
2026-09-04T11:15:34.6534370Z cachedir: .pytest_cache
2026-09-04T11:15:34.6534726Z rootdir: /home/runner/work/log-generation/log-generation
2026-09-04T11:15:34.6535124Z configfile: pytest.ini
2026-09-04T11:15:34.6620659Z collecting ... collected 6 items
2026-09-04T11:15:34.6621056Z 
2026-09-04T11:15:34.6629356Z tests/test_app.py::test_calculate_division PASSED                        [ 16%]
2026-09-04T11:15:34.6636720Z tests/test_app.py::test_convert_to_int PASSED                            [ 33%]
2026-09-04T11:15:34.6643804Z tests/test_app.py::test_get_list_item PASSED                             [ 50%]
2026-09-04T11:15:34.6650761Z tests/test_app.py::test_get_dict_value PASSED                            [ 66%]
2026-09-04T11:15:34.6657562Z tests/test_app.py::test_assert_positive PASSED                           [ 83%]
2026-09-04T11:15:34.6924962Z tests/test_app.py::test_attribute_error FAILED                           [100%]
2026-09-04T11:15:34.6925582Z 
2026-09-04T11:15:34.6925862Z =================================== FAILURES ===================================
2026-09-04T11:15:34.6926439Z _____________________________ test_attribute_error _____________________________
2026-09-04T11:15:34.6926781Z 
2026-09-04T11:15:34.6926909Z     def test_attribute_error():
2026-09-04T11:15:34.6927249Z         """Injected synthetic AttributeError."""
2026-09-04T11:15:34.6927653Z         from src.app import get_object_attribute
2026-09-04T11:15:34.6928124Z >       get_object_attribute(object())
2026-09-04T11:15:34.6928356Z 
2026-09-04T11:15:34.6928497Z tests/test_app.py:129: 
2026-09-04T11:15:34.6928833Z _ _ _ _ _ _ _ _ _ _ _ _ _ _ _ _ _ _ _ _ _ _ _ _ _ _ _ _ _ _ _ _ _ _ _ _ _ _ _ _ 
2026-09-04T11:15:34.6929138Z 
2026-09-04T11:15:34.6929270Z obj = <object object at 0x7f4d1ef85370>
2026-09-04T11:15:34.6929495Z 
2026-09-04T11:15:34.6929620Z     def get_object_attribute(obj):
2026-09-04T11:15:34.6929948Z >       return obj.non_existent_attribute
2026-09-04T11:15:34.6930284Z                ^^^^^^^^^^^^^^^^^^^^^^^^^^
2026-09-04T11:15:34.6930759Z E       AttributeError: 'object' object has no attribute 'non_existent_attribute'
2026-09-04T11:15:34.6931145Z 
2026-09-04T11:15:34.6931266Z src/app.py:14: AttributeError
2026-09-04T11:15:34.6931633Z =========================== short test summary info ============================
2026-09-04T11:15:34.6932445Z FAILED tests/test_app.py::test_attribute_error - AttributeError: 'object' object has no attribute 'non_existent_attribute'
2026-09-04T11:15:34.6933807Z ========================= 1 failed, 5 passed in 0.03s ==========================
2026-09-04T11:15:34.7114865Z ##[error]Process completed with exit code 1.
2026-09-04T11:15:34.7252702Z Node 20 is being deprecated. This workflow is running with Node 24 by default. If you need to temporarily use Node 20, you can set the ACTIONS_ALLOW_USE_UNSECURE_NODE_VERSION=true environment variable. For more information see: https://github.blog/changelog/2025-09-19-deprecation-of-node-20-on-github-actions-runners/
2026-09-04T11:15:34.7254210Z Post job cleanup.
2026-09-04T11:15:34.8123291Z [command]/usr/bin/git version
2026-09-04T11:15:34.8169120Z git version 2.55.0
2026-09-04T11:15:34.8208724Z Temporarily overriding HOME='/home/runner/work/_temp/c2833d2c-f497-4c4e-9f9b-35becf19f33b' before making global git config changes
2026-09-04T11:15:34.8210519Z Adding repository directory to the temporary git global config as a safe directory
2026-09-04T11:15:34.8214251Z [command]/usr/bin/git config --global --add safe.directory /home/runner/work/log-generation/log-generation
2026-09-04T11:15:34.8253395Z [command]/usr/bin/git config --local --name-only --get-regexp core\.sshCommand
2026-09-04T11:15:34.8288900Z [command]/usr/bin/git submodule foreach --recursive sh -c "git config --local --name-only --get-regexp 'core\.sshCommand' && git config --local --unset-all 'core.sshCommand' || :"
2026-09-04T11:15:34.8580006Z [command]/usr/bin/git config --local --name-only --get-regexp http\.https\:\/\/github\.com\/\.extraheader
2026-09-04T11:15:34.8626073Z http.https://github.com/.extraheader
2026-09-04T11:15:34.8646151Z [command]/usr/bin/git config --local --unset-all http.https://github.com/.extraheader
2026-09-04T11:15:34.8692950Z [command]/usr/bin/git submodule foreach --recursive sh -c "git config --local --name-only --get-regexp 'http\.https\:\/\/github\.com\/\.extraheader' && git config --local --unset-all 'http.https://github.com/.extraheader' || :"
2026-09-04T11:15:34.8984237Z [command]/usr/bin/git config --local --name-only --get-regexp ^includeIf\.gitdir:
2026-09-04T11:15:34.9023031Z [command]/usr/bin/git submodule foreach --recursive git config --local --show-origin --name-only --get-regexp remote.origin.url
2026-09-04T11:15:34.9417024Z Cleaning up orphan processes
2026-09-04T11:15:34.9714327Z ##[warning]Node.js 20 is deprecated. The following actions target Node.js 20 but are being forced to run on Node.js 24: actions/checkout@v4, actions/setup-python@v5. For more information see: https://github.blog/changelog/2025-09-19-deprecation-of-node-20-on-github-actions-runners/
