
--- STEP: 0_dependency-test.txt ---
﻿2026-09-02T17:44:23.5766786Z Current runner version: '2.337.0'
2026-09-02T17:44:23.5800299Z ##[group]Runner Image Provisioner
2026-09-02T17:44:23.5801734Z Hosted Compute Agent
2026-09-02T17:44:23.5802738Z Version: 20260819.586
2026-09-02T17:44:23.5803755Z Commit: 3cc4a88dfa507ef76119ad1bb3eccc6378bb2b76
2026-09-02T17:44:23.5805407Z Build Date: 2026-08-18T23:20:18Z
2026-09-02T17:44:23.5806593Z Worker ID: {99813e03-7c59-451a-b7f8-e1cdce31f8ec}
2026-09-02T17:44:23.5807893Z Azure Region: eastus
2026-09-02T17:44:23.5808858Z ##[endgroup]
2026-09-02T17:44:23.5811384Z ##[group]Operating System
2026-09-02T17:44:23.5812625Z Ubuntu
2026-09-02T17:44:23.5813484Z 24.04.4
2026-09-02T17:44:23.5814339Z LTS
2026-09-02T17:44:23.5815443Z ##[endgroup]
2026-09-02T17:44:23.5816445Z ##[group]Runner Image
2026-09-02T17:44:23.5817695Z Image: ubuntu-24.04
2026-09-02T17:44:23.5818658Z Version: 20260823.283.1
2026-09-02T17:44:23.5820795Z Included Software: https://github.com/actions/runner-images/blob/ubuntu24/20260823.283/images/ubuntu/Ubuntu2404-Readme.md
2026-09-02T17:44:23.5823896Z Image Release: https://github.com/actions/runner-images/releases/tag/ubuntu24%2F20260823.283
2026-09-02T17:44:23.5825973Z ##[endgroup]
2026-09-02T17:44:23.5828049Z ##[group]GITHUB_TOKEN Permissions
2026-09-02T17:44:23.5830969Z Contents: read
2026-09-02T17:44:23.5831990Z Metadata: read
2026-09-02T17:44:23.5833042Z Packages: read
2026-09-02T17:44:23.5833915Z ##[endgroup]
2026-09-02T17:44:23.5837161Z Secret source: Actions
2026-09-02T17:44:23.5839314Z Prepare workflow directory
2026-09-02T17:44:23.6300954Z Prepare all required actions
2026-09-02T17:44:23.6370443Z Getting action download info
2026-09-02T17:44:23.8324774Z Download action repository 'actions/checkout@v4' (SHA:11d5960a326750d5838078e36cf38b85af677262)
2026-09-02T17:44:24.0067133Z Download action repository 'actions/setup-python@v5' (SHA:a26af69be951a213d495a4c3e4e4022e16d87065)
2026-09-02T17:44:24.2300411Z Complete job name: dependency-test
2026-09-02T17:44:24.3088611Z Node 20 is being deprecated. This workflow is running with Node 24 by default. If you need to temporarily use Node 20, you can set the ACTIONS_ALLOW_USE_UNSECURE_NODE_VERSION=true environment variable. For more information see: https://github.blog/changelog/2025-09-19-deprecation-of-node-20-on-github-actions-runners/
2026-09-02T17:44:24.3097457Z ##[group]Run actions/checkout@v4
2026-09-02T17:44:24.3098272Z with:
2026-09-02T17:44:24.3098785Z   repository: DhruvHegde/log-generation
2026-09-02T17:44:24.3103048Z   token: ***
2026-09-02T17:44:24.3103527Z   ssh-strict: true
2026-09-02T17:44:24.3104007Z   ssh-user: git
2026-09-02T17:44:24.3104492Z   persist-credentials: true
2026-09-02T17:44:24.3105400Z   clean: true
2026-09-02T17:44:24.3106012Z   sparse-checkout-cone-mode: true
2026-09-02T17:44:24.3106595Z   fetch-depth: 1
2026-09-02T17:44:24.3107079Z   fetch-tags: false
2026-09-02T17:44:24.3107577Z   show-progress: true
2026-09-02T17:44:24.3108076Z   lfs: false
2026-09-02T17:44:24.3108563Z   submodules: false
2026-09-02T17:44:24.3109043Z   set-safe-directory: true
2026-09-02T17:44:24.3109596Z   allow-unsafe-pr-checkout: false
2026-09-02T17:44:24.3110597Z ##[endgroup]
2026-09-02T17:44:24.4145418Z Syncing repository: DhruvHegde/log-generation
2026-09-02T17:44:24.4148126Z ##[group]Getting Git version info
2026-09-02T17:44:24.4149661Z Working directory is '/home/runner/work/log-generation/log-generation'
2026-09-02T17:44:24.4151599Z [command]/usr/bin/git version
2026-09-02T17:44:24.4241862Z git version 2.55.0
2026-09-02T17:44:24.4279956Z ##[endgroup]
2026-09-02T17:44:24.4286485Z Temporarily overriding HOME='/home/runner/work/_temp/4108a0f8-dd01-4177-a3cb-d4d434f20419' before making global git config changes
2026-09-02T17:44:24.4288557Z Adding repository directory to the temporary git global config as a safe directory
2026-09-02T17:44:24.4292741Z [command]/usr/bin/git config --global --add safe.directory /home/runner/work/log-generation/log-generation
2026-09-02T17:44:24.4348720Z Deleting the contents of '/home/runner/work/log-generation/log-generation'
2026-09-02T17:44:24.4353315Z ##[group]Initializing the repository
2026-09-02T17:44:24.4357001Z [command]/usr/bin/git init /home/runner/work/log-generation/log-generation
2026-09-02T17:44:24.4490658Z hint: Using 'master' as the name for the initial branch. This default branch name
2026-09-02T17:44:24.4492665Z hint: will change to "main" in Git 3.0. To configure the initial branch name
2026-09-02T17:44:24.4494625Z hint: to use in all of your new repositories, which will suppress this warning,
2026-09-02T17:44:24.4496566Z hint: call:
2026-09-02T17:44:24.4497503Z hint:
2026-09-02T17:44:24.4498599Z hint: 	git config --global init.defaultBranch <name>
2026-09-02T17:44:24.4499945Z hint:
2026-09-02T17:44:24.4501145Z hint: Names commonly chosen instead of 'master' are 'main', 'trunk' and
2026-09-02T17:44:24.4503141Z hint: 'development'. The just-created branch can be renamed via this command:
2026-09-02T17:44:24.4504686Z hint:
2026-09-02T17:44:24.4505778Z hint: 	git branch -m <name>
2026-09-02T17:44:24.4506811Z hint:
2026-09-02T17:44:24.4508072Z hint: Disable this message with "git config set advice.defaultBranchName false"
2026-09-02T17:44:24.4510114Z Initialized empty Git repository in /home/runner/work/log-generation/log-generation/.git/
2026-09-02T17:44:24.4516637Z [command]/usr/bin/git remote add origin https://github.com/DhruvHegde/log-generation
2026-09-02T17:44:24.4569080Z ##[endgroup]
2026-09-02T17:44:24.4570433Z ##[group]Disabling automatic garbage collection
2026-09-02T17:44:24.4572433Z [command]/usr/bin/git config --local gc.auto 0
2026-09-02T17:44:24.4623760Z ##[endgroup]
2026-09-02T17:44:24.4625840Z ##[group]Setting up auth
2026-09-02T17:44:24.4627930Z [command]/usr/bin/git config --local --name-only --get-regexp core\.sshCommand
2026-09-02T17:44:24.4649390Z [command]/usr/bin/git submodule foreach --recursive sh -c "git config --local --name-only --get-regexp 'core\.sshCommand' && git config --local --unset-all 'core.sshCommand' || :"
2026-09-02T17:44:24.5053528Z [command]/usr/bin/git config --local --name-only --get-regexp http\.https\:\/\/github\.com\/\.extraheader
2026-09-02T17:44:24.5090843Z [command]/usr/bin/git submodule foreach --recursive sh -c "git config --local --name-only --get-regexp 'http\.https\:\/\/github\.com\/\.extraheader' && git config --local --unset-all 'http.https://github.com/.extraheader' || :"
2026-09-02T17:44:24.5319357Z [command]/usr/bin/git config --local --name-only --get-regexp ^includeIf\.gitdir:
2026-09-02T17:44:24.5363557Z [command]/usr/bin/git submodule foreach --recursive git config --local --show-origin --name-only --get-regexp remote.origin.url
2026-09-02T17:44:24.5596430Z [command]/usr/bin/git config --local http.https://github.com/.extraheader AUTHORIZATION: basic ***
2026-09-02T17:44:24.5635688Z ##[endgroup]
2026-09-02T17:44:24.5637423Z ##[group]Fetching the repository
2026-09-02T17:44:24.5647632Z [command]/usr/bin/git -c protocol.version=2 fetch --no-tags --prune --no-recurse-submodules --depth=1 origin +42973fdf1bd8116e3611a367019a73fc9d9a04f9:refs/remotes/origin/feature/f3-test-failures
2026-09-02T17:44:24.8235880Z From https://github.com/DhruvHegde/log-generation
2026-09-02T17:44:24.8237055Z  * [new ref]         42973fdf1bd8116e3611a367019a73fc9d9a04f9 -> origin/feature/f3-test-failures
2026-09-02T17:44:24.8248522Z ##[endgroup]
2026-09-02T17:44:24.8250210Z ##[group]Determining the checkout info
2026-09-02T17:44:24.8252163Z ##[endgroup]
2026-09-02T17:44:24.8253284Z [command]/usr/bin/git sparse-checkout disable
2026-09-02T17:44:24.8310612Z [command]/usr/bin/git config --local --unset-all extensions.worktreeConfig
2026-09-02T17:44:24.8344659Z ##[group]Checking out the ref
2026-09-02T17:44:24.8350756Z [command]/usr/bin/git checkout --progress --force -B feature/f3-test-failures refs/remotes/origin/feature/f3-test-failures
2026-09-02T17:44:24.8435577Z Switched to a new branch 'feature/f3-test-failures'
2026-09-02T17:44:24.8442197Z branch 'feature/f3-test-failures' set up to track 'origin/feature/f3-test-failures'.
2026-09-02T17:44:24.8449263Z ##[endgroup]
2026-09-02T17:44:24.8495708Z [command]/usr/bin/git log -1 --format=%H
2026-09-02T17:44:24.8523212Z 42973fdf1bd8116e3611a367019a73fc9d9a04f9
2026-09-02T17:44:24.8813885Z Node 20 is being deprecated. This workflow is running with Node 24 by default. If you need to temporarily use Node 20, you can set the ACTIONS_ALLOW_USE_UNSECURE_NODE_VERSION=true environment variable. For more information see: https://github.blog/changelog/2025-09-19-deprecation-of-node-20-on-github-actions-runners/
2026-09-02T17:44:24.8816848Z ##[group]Run actions/setup-python@v5
2026-09-02T17:44:24.8817437Z with:
2026-09-02T17:44:24.8817900Z   python-version: 3.11
2026-09-02T17:44:24.8818408Z   check-latest: false
2026-09-02T17:44:24.8822532Z   token: ***
2026-09-02T17:44:24.8823016Z   update-environment: true
2026-09-02T17:44:24.8823561Z   allow-prereleases: false
2026-09-02T17:44:24.8824090Z   freethreaded: false
2026-09-02T17:44:24.8824587Z ##[endgroup]
2026-09-02T17:44:25.0124182Z ##[group]Installed versions
2026-09-02T17:44:25.0589354Z (node:2237) [DEP0040] DeprecationWarning: The `punycode` module is deprecated. Please use a userland alternative instead.
2026-09-02T17:44:25.0593094Z (Use `node --trace-deprecation ...` to show where the warning was created)
2026-09-02T17:44:25.0594678Z Successfully set up CPython (3.11.16)
2026-09-02T17:44:25.0596662Z ##[endgroup]
2026-09-02T17:44:25.0813593Z ##[group]Run python -m pip install --upgrade pip
2026-09-02T17:44:25.0814461Z [36;1mpython -m pip install --upgrade pip[0m
2026-09-02T17:44:25.0815461Z [36;1mpip install -r requirements.txt[0m
2026-09-02T17:44:25.0937397Z shell: /usr/bin/bash -e {0}
2026-09-02T17:44:25.0938250Z env:
2026-09-02T17:44:25.0939246Z   pythonLocation: /opt/hostedtoolcache/Python/3.11.16/x64
2026-09-02T17:44:25.0940337Z   PKG_CONFIG_PATH: /opt/hostedtoolcache/Python/3.11.16/x64/lib/pkgconfig
2026-09-02T17:44:25.0941254Z   Python_ROOT_DIR: /opt/hostedtoolcache/Python/3.11.16/x64
2026-09-02T17:44:25.0942349Z   Python2_ROOT_DIR: /opt/hostedtoolcache/Python/3.11.16/x64
2026-09-02T17:44:25.0944665Z   Python3_ROOT_DIR: /opt/hostedtoolcache/Python/3.11.16/x64
2026-09-02T17:44:25.0945979Z   LD_LIBRARY_PATH: /opt/hostedtoolcache/Python/3.11.16/x64/lib
2026-09-02T17:44:25.0946706Z ##[endgroup]
2026-09-02T17:44:27.8266782Z Requirement already satisfied: pip in /opt/hostedtoolcache/Python/3.11.16/x64/lib/python3.11/site-packages (26.2.1)
2026-09-02T17:44:29.1373752Z ERROR: Ignored the following yanked versions: 2.4.0
2026-09-02T17:44:29.1377431Z ERROR: Ignored the following versions that require a different python version: 1.21.2 Requires-Python >=3.7,<3.11; 1.21.3 Requires-Python >=3.7,<3.11; 1.21.4 Requires-Python >=3.7,<3.11; 1.21.5 Requires-Python >=3.7,<3.11; 1.21.6 Requires-Python >=3.7,<3.11; 2.5.0 Requires-Python >=3.12; 2.5.0rc1 Requires-Python >=3.12; 2.5.1 Requires-Python >=3.12; 2.5.2 Requires-Python >=3.12
2026-09-02T17:44:29.1384344Z ERROR: Could not find a version that satisfies the requirement numpy==999.0.0 (from versions: 1.3.0, 1.4.1, 1.5.0, 1.5.1, 1.6.0, 1.6.1, 1.6.2, 1.7.0, 1.7.1, 1.7.2, 1.8.0, 1.8.1, 1.8.2, 1.9.0, 1.9.1, 1.9.2, 1.9.3, 1.10.0.post2, 1.10.1, 1.10.2, 1.10.4, 1.11.0, 1.11.1, 1.11.2, 1.11.3, 1.12.0, 1.12.1, 1.13.0, 1.13.1, 1.13.3, 1.14.0, 1.14.1, 1.14.2, 1.14.3, 1.14.4, 1.14.5, 1.14.6, 1.15.0, 1.15.1, 1.15.2, 1.15.3, 1.15.4, 1.16.0, 1.16.1, 1.16.2, 1.16.3, 1.16.4, 1.16.5, 1.16.6, 1.17.0, 1.17.1, 1.17.2, 1.17.3, 1.17.4, 1.17.5, 1.18.0, 1.18.1, 1.18.2, 1.18.3, 1.18.4, 1.18.5, 1.19.0, 1.19.1, 1.19.2, 1.19.3, 1.19.4, 1.19.5, 1.20.0, 1.20.1, 1.20.2, 1.20.3, 1.21.0, 1.21.1, 1.22.0, 1.22.1, 1.22.2, 1.22.3, 1.22.4, 1.23.0, 1.23.1, 1.23.2, 1.23.3, 1.23.4, 1.23.5, 1.24.0, 1.24.1, 1.24.2, 1.24.3, 1.24.4, 1.25.0, 1.25.1, 1.25.2, 1.26.0, 1.26.1, 1.26.2, 1.26.3, 1.26.4, 2.0.0, 2.0.1, 2.0.2, 2.1.0, 2.1.1, 2.1.2, 2.1.3, 2.2.0, 2.2.1, 2.2.2, 2.2.3, 2.2.4, 2.2.5, 2.2.6, 2.3.0, 2.3.1, 2.3.2, 2.3.3, 2.3.4, 2.3.5, 2.4.0rc1, 2.4.1, 2.4.2, 2.4.3, 2.4.4, 2.4.5, 2.4.6)
2026-09-02T17:44:29.1388159Z ERROR: No matching distribution found for numpy==999.0.0
2026-09-02T17:44:29.1793347Z ##[error]Process completed with exit code 1.
2026-09-02T17:44:29.1950276Z Node 20 is being deprecated. This workflow is running with Node 24 by default. If you need to temporarily use Node 20, you can set the ACTIONS_ALLOW_USE_UNSECURE_NODE_VERSION=true environment variable. For more information see: https://github.blog/changelog/2025-09-19-deprecation-of-node-20-on-github-actions-runners/
2026-09-02T17:44:29.1951637Z Post job cleanup.
2026-09-02T17:44:29.2831033Z [command]/usr/bin/git version
2026-09-02T17:44:29.2872735Z git version 2.55.0
2026-09-02T17:44:29.2912522Z Temporarily overriding HOME='/home/runner/work/_temp/3ee784a4-613c-4d74-89e8-bd5e2ec6eebf' before making global git config changes
2026-09-02T17:44:29.2914114Z Adding repository directory to the temporary git global config as a safe directory
2026-09-02T17:44:29.2918920Z [command]/usr/bin/git config --global --add safe.directory /home/runner/work/log-generation/log-generation
2026-09-02T17:44:29.2958606Z [command]/usr/bin/git config --local --name-only --get-regexp core\.sshCommand
2026-09-02T17:44:29.2994336Z [command]/usr/bin/git submodule foreach --recursive sh -c "git config --local --name-only --get-regexp 'core\.sshCommand' && git config --local --unset-all 'core.sshCommand' || :"
2026-09-02T17:44:29.3250779Z [command]/usr/bin/git config --local --name-only --get-regexp http\.https\:\/\/github\.com\/\.extraheader
2026-09-02T17:44:29.3279297Z http.https://github.com/.extraheader
2026-09-02T17:44:29.3293314Z [command]/usr/bin/git config --local --unset-all http.https://github.com/.extraheader
2026-09-02T17:44:29.3328077Z [command]/usr/bin/git submodule foreach --recursive sh -c "git config --local --name-only --get-regexp 'http\.https\:\/\/github\.com\/\.extraheader' && git config --local --unset-all 'http.https://github.com/.extraheader' || :"
2026-09-02T17:44:29.3590902Z [command]/usr/bin/git config --local --name-only --get-regexp ^includeIf\.gitdir:
2026-09-02T17:44:29.3630278Z [command]/usr/bin/git submodule foreach --recursive git config --local --show-origin --name-only --get-regexp remote.origin.url
2026-09-02T17:44:29.4029285Z Cleaning up orphan processes
2026-09-02T17:44:29.4311256Z ##[warning]Node.js 20 is deprecated. The following actions target Node.js 20 but are being forced to run on Node.js 24: actions/checkout@v4, actions/setup-python@v5. For more information see: https://github.blog/changelog/2025-09-19-deprecation-of-node-20-on-github-actions-runners/

--- STEP: dependency-test/10_Post Checkout Repository.txt ---
﻿2026-09-02T17:44:29.1950254Z Node 20 is being deprecated. This workflow is running with Node 24 by default. If you need to temporarily use Node 20, you can set the ACTIONS_ALLOW_USE_UNSECURE_NODE_VERSION=true environment variable. For more information see: https://github.blog/changelog/2025-09-19-deprecation-of-node-20-on-github-actions-runners/
2026-09-02T17:44:29.1951632Z Post job cleanup.
2026-09-02T17:44:29.2830974Z [command]/usr/bin/git version
2026-09-02T17:44:29.2872688Z git version 2.55.0
2026-09-02T17:44:29.2912500Z Temporarily overriding HOME='/home/runner/work/_temp/3ee784a4-613c-4d74-89e8-bd5e2ec6eebf' before making global git config changes
2026-09-02T17:44:29.2914106Z Adding repository directory to the temporary git global config as a safe directory
2026-09-02T17:44:29.2918908Z [command]/usr/bin/git config --global --add safe.directory /home/runner/work/log-generation/log-generation
2026-09-02T17:44:29.2958576Z [command]/usr/bin/git config --local --name-only --get-regexp core\.sshCommand
2026-09-02T17:44:29.2994214Z [command]/usr/bin/git submodule foreach --recursive sh -c "git config --local --name-only --get-regexp 'core\.sshCommand' && git config --local --unset-all 'core.sshCommand' || :"
2026-09-02T17:44:29.3250749Z [command]/usr/bin/git config --local --name-only --get-regexp http\.https\:\/\/github\.com\/\.extraheader
2026-09-02T17:44:29.3279273Z http.https://github.com/.extraheader
2026-09-02T17:44:29.3293291Z [command]/usr/bin/git config --local --unset-all http.https://github.com/.extraheader
2026-09-02T17:44:29.3328055Z [command]/usr/bin/git submodule foreach --recursive sh -c "git config --local --name-only --get-regexp 'http\.https\:\/\/github\.com\/\.extraheader' && git config --local --unset-all 'http.https://github.com/.extraheader' || :"
2026-09-02T17:44:29.3590832Z [command]/usr/bin/git config --local --name-only --get-regexp ^includeIf\.gitdir:
2026-09-02T17:44:29.3630154Z [command]/usr/bin/git submodule foreach --recursive git config --local --show-origin --name-only --get-regexp remote.origin.url

--- STEP: dependency-test/11_Complete job.txt ---
﻿2026-09-02T17:44:29.4029265Z Cleaning up orphan processes
2026-09-02T17:44:29.4311233Z ##[warning]Node.js 20 is deprecated. The following actions target Node.js 20 but are being forced to run on Node.js 24: actions/checkout@v4, actions/setup-python@v5. For more information see: https://github.blog/changelog/2025-09-19-deprecation-of-node-20-on-github-actions-runners/

--- STEP: dependency-test/1_Set up job.txt ---
﻿2026-09-02T17:44:23.5766000Z Current runner version: '2.337.0'
2026-09-02T17:44:23.5800273Z ##[group]Runner Image Provisioner
2026-09-02T17:44:23.5801716Z Hosted Compute Agent
2026-09-02T17:44:23.5802729Z Version: 20260819.586
2026-09-02T17:44:23.5803749Z Commit: 3cc4a88dfa507ef76119ad1bb3eccc6378bb2b76
2026-09-02T17:44:23.5805386Z Build Date: 2026-08-18T23:20:18Z
2026-09-02T17:44:23.5806584Z Worker ID: {99813e03-7c59-451a-b7f8-e1cdce31f8ec}
2026-09-02T17:44:23.5807813Z Azure Region: eastus
2026-09-02T17:44:23.5808844Z ##[endgroup]
2026-09-02T17:44:23.5811362Z ##[group]Operating System
2026-09-02T17:44:23.5812609Z Ubuntu
2026-09-02T17:44:23.5813476Z 24.04.4
2026-09-02T17:44:23.5814333Z LTS
2026-09-02T17:44:23.5815428Z ##[endgroup]
2026-09-02T17:44:23.5816429Z ##[group]Runner Image
2026-09-02T17:44:23.5817679Z Image: ubuntu-24.04
2026-09-02T17:44:23.5818650Z Version: 20260823.283.1
2026-09-02T17:44:23.5820583Z Included Software: https://github.com/actions/runner-images/blob/ubuntu24/20260823.283/images/ubuntu/Ubuntu2404-Readme.md
2026-09-02T17:44:23.5823873Z Image Release: https://github.com/actions/runner-images/releases/tag/ubuntu24%2F20260823.283
2026-09-02T17:44:23.5825956Z ##[endgroup]
2026-09-02T17:44:23.5828029Z ##[group]GITHUB_TOKEN Permissions
2026-09-02T17:44:23.5830891Z Contents: read
2026-09-02T17:44:23.5831978Z Metadata: read
2026-09-02T17:44:23.5833035Z Packages: read
2026-09-02T17:44:23.5833905Z ##[endgroup]
2026-09-02T17:44:23.5837135Z Secret source: Actions
2026-09-02T17:44:23.5839293Z Prepare workflow directory
2026-09-02T17:44:23.6300927Z Prepare all required actions
2026-09-02T17:44:23.6370417Z Getting action download info
2026-09-02T17:44:23.8324741Z Download action repository 'actions/checkout@v4' (SHA:11d5960a326750d5838078e36cf38b85af677262)
2026-09-02T17:44:24.0067108Z Download action repository 'actions/setup-python@v5' (SHA:a26af69be951a213d495a4c3e4e4022e16d87065)
2026-09-02T17:44:24.2300383Z Complete job name: dependency-test

--- STEP: dependency-test/2_Checkout Repository.txt ---
﻿2026-09-02T17:44:24.3088580Z Node 20 is being deprecated. This workflow is running with Node 24 by default. If you need to temporarily use Node 20, you can set the ACTIONS_ALLOW_USE_UNSECURE_NODE_VERSION=true environment variable. For more information see: https://github.blog/changelog/2025-09-19-deprecation-of-node-20-on-github-actions-runners/
2026-09-02T17:44:24.3097427Z ##[group]Run actions/checkout@v4
2026-09-02T17:44:24.3098261Z with:
2026-09-02T17:44:24.3098780Z   repository: DhruvHegde/log-generation
2026-09-02T17:44:24.3103042Z   token: ***
2026-09-02T17:44:24.3103523Z   ssh-strict: true
2026-09-02T17:44:24.3104004Z   ssh-user: git
2026-09-02T17:44:24.3104488Z   persist-credentials: true
2026-09-02T17:44:24.3105386Z   clean: true
2026-09-02T17:44:24.3106007Z   sparse-checkout-cone-mode: true
2026-09-02T17:44:24.3106592Z   fetch-depth: 1
2026-09-02T17:44:24.3107076Z   fetch-tags: false
2026-09-02T17:44:24.3107570Z   show-progress: true
2026-09-02T17:44:24.3108072Z   lfs: false
2026-09-02T17:44:24.3108516Z   submodules: false
2026-09-02T17:44:24.3109040Z   set-safe-directory: true
2026-09-02T17:44:24.3109592Z   allow-unsafe-pr-checkout: false
2026-09-02T17:44:24.3110586Z ##[endgroup]
2026-09-02T17:44:24.4145352Z Syncing repository: DhruvHegde/log-generation
2026-09-02T17:44:24.4148089Z ##[group]Getting Git version info
2026-09-02T17:44:24.4149635Z Working directory is '/home/runner/work/log-generation/log-generation'
2026-09-02T17:44:24.4151584Z [command]/usr/bin/git version
2026-09-02T17:44:24.4241829Z git version 2.55.0
2026-09-02T17:44:24.4279928Z ##[endgroup]
2026-09-02T17:44:24.4286445Z Temporarily overriding HOME='/home/runner/work/_temp/4108a0f8-dd01-4177-a3cb-d4d434f20419' before making global git config changes
2026-09-02T17:44:24.4288531Z Adding repository directory to the temporary git global config as a safe directory
2026-09-02T17:44:24.4292718Z [command]/usr/bin/git config --global --add safe.directory /home/runner/work/log-generation/log-generation
2026-09-02T17:44:24.4348661Z Deleting the contents of '/home/runner/work/log-generation/log-generation'
2026-09-02T17:44:24.4353293Z ##[group]Initializing the repository
2026-09-02T17:44:24.4356984Z [command]/usr/bin/git init /home/runner/work/log-generation/log-generation
2026-09-02T17:44:24.4490613Z hint: Using 'master' as the name for the initial branch. This default branch name
2026-09-02T17:44:24.4492653Z hint: will change to "main" in Git 3.0. To configure the initial branch name
2026-09-02T17:44:24.4494604Z hint: to use in all of your new repositories, which will suppress this warning,
2026-09-02T17:44:24.4496551Z hint: call:
2026-09-02T17:44:24.4497492Z hint:
2026-09-02T17:44:24.4498589Z hint: 	git config --global init.defaultBranch <name>
2026-09-02T17:44:24.4499934Z hint:
2026-09-02T17:44:24.4501134Z hint: Names commonly chosen instead of 'master' are 'main', 'trunk' and
2026-09-02T17:44:24.4503131Z hint: 'development'. The just-created branch can be renamed via this command:
2026-09-02T17:44:24.4504677Z hint:
2026-09-02T17:44:24.4505726Z hint: 	git branch -m <name>
2026-09-02T17:44:24.4506793Z hint:
2026-09-02T17:44:24.4508063Z hint: Disable this message with "git config set advice.defaultBranchName false"
2026-09-02T17:44:24.4510105Z Initialized empty Git repository in /home/runner/work/log-generation/log-generation/.git/
2026-09-02T17:44:24.4516608Z [command]/usr/bin/git remote add origin https://github.com/DhruvHegde/log-generation
2026-09-02T17:44:24.4569054Z ##[endgroup]
2026-09-02T17:44:24.4570426Z ##[group]Disabling automatic garbage collection
2026-09-02T17:44:24.4572422Z [command]/usr/bin/git config --local gc.auto 0
2026-09-02T17:44:24.4623733Z ##[endgroup]
2026-09-02T17:44:24.4625812Z ##[group]Setting up auth
2026-09-02T17:44:24.4627899Z [command]/usr/bin/git config --local --name-only --get-regexp core\.sshCommand
2026-09-02T17:44:24.4649358Z [command]/usr/bin/git submodule foreach --recursive sh -c "git config --local --name-only --get-regexp 'core\.sshCommand' && git config --local --unset-all 'core.sshCommand' || :"
2026-09-02T17:44:24.5053000Z [command]/usr/bin/git config --local --name-only --get-regexp http\.https\:\/\/github\.com\/\.extraheader
2026-09-02T17:44:24.5090805Z [command]/usr/bin/git submodule foreach --recursive sh -c "git config --local --name-only --get-regexp 'http\.https\:\/\/github\.com\/\.extraheader' && git config --local --unset-all 'http.https://github.com/.extraheader' || :"
2026-09-02T17:44:24.5319326Z [command]/usr/bin/git config --local --name-only --get-regexp ^includeIf\.gitdir:
2026-09-02T17:44:24.5363527Z [command]/usr/bin/git submodule foreach --recursive git config --local --show-origin --name-only --get-regexp remote.origin.url
2026-09-02T17:44:24.5596371Z [command]/usr/bin/git config --local http.https://github.com/.extraheader AUTHORIZATION: basic ***
2026-09-02T17:44:24.5635651Z ##[endgroup]
2026-09-02T17:44:24.5637395Z ##[group]Fetching the repository
2026-09-02T17:44:24.5647526Z [command]/usr/bin/git -c protocol.version=2 fetch --no-tags --prune --no-recurse-submodules --depth=1 origin +42973fdf1bd8116e3611a367019a73fc9d9a04f9:refs/remotes/origin/feature/f3-test-failures
2026-09-02T17:44:24.8235821Z From https://github.com/DhruvHegde/log-generation
2026-09-02T17:44:24.8237047Z  * [new ref]         42973fdf1bd8116e3611a367019a73fc9d9a04f9 -> origin/feature/f3-test-failures
2026-09-02T17:44:24.8248487Z ##[endgroup]
2026-09-02T17:44:24.8250183Z ##[group]Determining the checkout info
2026-09-02T17:44:24.8252148Z ##[endgroup]
2026-09-02T17:44:24.8253249Z [command]/usr/bin/git sparse-checkout disable
2026-09-02T17:44:24.8310556Z [command]/usr/bin/git config --local --unset-all extensions.worktreeConfig
2026-09-02T17:44:24.8344628Z ##[group]Checking out the ref
2026-09-02T17:44:24.8350723Z [command]/usr/bin/git checkout --progress --force -B feature/f3-test-failures refs/remotes/origin/feature/f3-test-failures
2026-09-02T17:44:24.8435543Z Switched to a new branch 'feature/f3-test-failures'
2026-09-02T17:44:24.8442166Z branch 'feature/f3-test-failures' set up to track 'origin/feature/f3-test-failures'.
2026-09-02T17:44:24.8449198Z ##[endgroup]
2026-09-02T17:44:24.8495671Z [command]/usr/bin/git log -1 --format=%H
2026-09-02T17:44:24.8523181Z 42973fdf1bd8116e3611a367019a73fc9d9a04f9

--- STEP: dependency-test/3_Setup Python.txt ---
﻿2026-09-02T17:44:24.8813863Z Node 20 is being deprecated. This workflow is running with Node 24 by default. If you need to temporarily use Node 20, you can set the ACTIONS_ALLOW_USE_UNSECURE_NODE_VERSION=true environment variable. For more information see: https://github.blog/changelog/2025-09-19-deprecation-of-node-20-on-github-actions-runners/
2026-09-02T17:44:24.8816837Z ##[group]Run actions/setup-python@v5
2026-09-02T17:44:24.8817433Z with:
2026-09-02T17:44:24.8817896Z   python-version: 3.11
2026-09-02T17:44:24.8818405Z   check-latest: false
2026-09-02T17:44:24.8822526Z   token: ***
2026-09-02T17:44:24.8823013Z   update-environment: true
2026-09-02T17:44:24.8823558Z   allow-prereleases: false
2026-09-02T17:44:24.8824087Z   freethreaded: false
2026-09-02T17:44:24.8824584Z ##[endgroup]
2026-09-02T17:44:25.0124106Z ##[group]Installed versions
2026-09-02T17:44:25.0589286Z (node:2237) [DEP0040] DeprecationWarning: The `punycode` module is deprecated. Please use a userland alternative instead.
2026-09-02T17:44:25.0592963Z (Use `node --trace-deprecation ...` to show where the warning was created)
2026-09-02T17:44:25.0594659Z Successfully set up CPython (3.11.16)
2026-09-02T17:44:25.0596641Z ##[endgroup]

--- STEP: dependency-test/4_Install Dependencies.txt ---
﻿2026-09-02T17:44:25.0813562Z ##[group]Run python -m pip install --upgrade pip
2026-09-02T17:44:25.0814455Z [36;1mpython -m pip install --upgrade pip[0m
2026-09-02T17:44:25.0815452Z [36;1mpip install -r requirements.txt[0m
2026-09-02T17:44:25.0937348Z shell: /usr/bin/bash -e {0}
2026-09-02T17:44:25.0938238Z env:
2026-09-02T17:44:25.0939236Z   pythonLocation: /opt/hostedtoolcache/Python/3.11.16/x64
2026-09-02T17:44:25.0940329Z   PKG_CONFIG_PATH: /opt/hostedtoolcache/Python/3.11.16/x64/lib/pkgconfig
2026-09-02T17:44:25.0941250Z   Python_ROOT_DIR: /opt/hostedtoolcache/Python/3.11.16/x64
2026-09-02T17:44:25.0942332Z   Python2_ROOT_DIR: /opt/hostedtoolcache/Python/3.11.16/x64
2026-09-02T17:44:25.0944653Z   Python3_ROOT_DIR: /opt/hostedtoolcache/Python/3.11.16/x64
2026-09-02T17:44:25.0945966Z   LD_LIBRARY_PATH: /opt/hostedtoolcache/Python/3.11.16/x64/lib
2026-09-02T17:44:25.0946701Z ##[endgroup]
2026-09-02T17:44:27.8266579Z Requirement already satisfied: pip in /opt/hostedtoolcache/Python/3.11.16/x64/lib/python3.11/site-packages (26.2.1)
2026-09-02T17:44:29.1373648Z ERROR: Ignored the following yanked versions: 2.4.0
2026-09-02T17:44:29.1377402Z ERROR: Ignored the following versions that require a different python version: 1.21.2 Requires-Python >=3.7,<3.11; 1.21.3 Requires-Python >=3.7,<3.11; 1.21.4 Requires-Python >=3.7,<3.11; 1.21.5 Requires-Python >=3.7,<3.11; 1.21.6 Requires-Python >=3.7,<3.11; 2.5.0 Requires-Python >=3.12; 2.5.0rc1 Requires-Python >=3.12; 2.5.1 Requires-Python >=3.12; 2.5.2 Requires-Python >=3.12
2026-09-02T17:44:29.1384265Z ERROR: Could not find a version that satisfies the requirement numpy==999.0.0 (from versions: 1.3.0, 1.4.1, 1.5.0, 1.5.1, 1.6.0, 1.6.1, 1.6.2, 1.7.0, 1.7.1, 1.7.2, 1.8.0, 1.8.1, 1.8.2, 1.9.0, 1.9.1, 1.9.2, 1.9.3, 1.10.0.post2, 1.10.1, 1.10.2, 1.10.4, 1.11.0, 1.11.1, 1.11.2, 1.11.3, 1.12.0, 1.12.1, 1.13.0, 1.13.1, 1.13.3, 1.14.0, 1.14.1, 1.14.2, 1.14.3, 1.14.4, 1.14.5, 1.14.6, 1.15.0, 1.15.1, 1.15.2, 1.15.3, 1.15.4, 1.16.0, 1.16.1, 1.16.2, 1.16.3, 1.16.4, 1.16.5, 1.16.6, 1.17.0, 1.17.1, 1.17.2, 1.17.3, 1.17.4, 1.17.5, 1.18.0, 1.18.1, 1.18.2, 1.18.3, 1.18.4, 1.18.5, 1.19.0, 1.19.1, 1.19.2, 1.19.3, 1.19.4, 1.19.5, 1.20.0, 1.20.1, 1.20.2, 1.20.3, 1.21.0, 1.21.1, 1.22.0, 1.22.1, 1.22.2, 1.22.3, 1.22.4, 1.23.0, 1.23.1, 1.23.2, 1.23.3, 1.23.4, 1.23.5, 1.24.0, 1.24.1, 1.24.2, 1.24.3, 1.24.4, 1.25.0, 1.25.1, 1.25.2, 1.26.0, 1.26.1, 1.26.2, 1.26.3, 1.26.4, 2.0.0, 2.0.1, 2.0.2, 2.1.0, 2.1.1, 2.1.2, 2.1.3, 2.2.0, 2.2.1, 2.2.2, 2.2.3, 2.2.4, 2.2.5, 2.2.6, 2.3.0, 2.3.1, 2.3.2, 2.3.3, 2.3.4, 2.3.5, 2.4.0rc1, 2.4.1, 2.4.2, 2.4.3, 2.4.4, 2.4.5, 2.4.6)
2026-09-02T17:44:29.1388140Z ERROR: No matching distribution found for numpy==999.0.0
2026-09-02T17:44:29.1793300Z ##[error]Process completed with exit code 1.

--- STEP: dependency-test/system.txt ---
2026-09-02T17:44:20.5510000Z Requested labels: ubuntu-latest
2026-09-02T17:44:20.5510000Z Job defined at: DhruvHegde/log-generation/.github/workflows/ci.yml@refs/heads/feature/f3-test-failures
2026-09-02T17:44:20.5510000Z Waiting for a runner to pick up this job...
2026-09-02T17:44:20.5480000Z Evaluating dependency-test.if
2026-09-02T17:44:20.5480000Z Evaluating: success()
2026-09-02T17:44:20.5480000Z Result: true
2026-09-02T17:44:20.9200000Z Job is waiting for a hosted runner to come online.
2026-09-02T17:44:20.9200000Z Job is about to start running on the hosted runner: GitHub Actions 1000003158