
--- STEP: 0_dependency-test.txt ---
﻿2026-09-02T17:55:48.8275070Z Current runner version: '2.337.0'
2026-09-02T17:55:48.8303512Z ##[group]Runner Image Provisioner
2026-09-02T17:55:48.8304953Z Hosted Compute Agent
2026-09-02T17:55:48.8305656Z Version: 20260819.586
2026-09-02T17:55:48.8306501Z Commit: 3cc4a88dfa507ef76119ad1bb3eccc6378bb2b76
2026-09-02T17:55:48.8307391Z Build Date: 2026-08-18T23:20:18Z
2026-09-02T17:55:48.8308200Z Worker ID: {e73ea0fc-71be-4a7f-ac40-72867b2705a1}
2026-09-02T17:55:48.8309120Z Azure Region: eastus
2026-09-02T17:55:48.8309788Z ##[endgroup]
2026-09-02T17:55:48.8311647Z ##[group]Operating System
2026-09-02T17:55:48.8312401Z Ubuntu
2026-09-02T17:55:48.8313146Z 24.04.4
2026-09-02T17:55:48.8313812Z LTS
2026-09-02T17:55:48.8314615Z ##[endgroup]
2026-09-02T17:55:48.8315411Z ##[group]Runner Image
2026-09-02T17:55:48.8316149Z Image: ubuntu-24.04
2026-09-02T17:55:48.8317309Z Version: 20260823.283.1
2026-09-02T17:55:48.8318961Z Included Software: https://github.com/actions/runner-images/blob/ubuntu24/20260823.283/images/ubuntu/Ubuntu2404-Readme.md
2026-09-02T17:55:48.8321003Z Image Release: https://github.com/actions/runner-images/releases/tag/ubuntu24%2F20260823.283
2026-09-02T17:55:48.8322175Z ##[endgroup]
2026-09-02T17:55:48.8323747Z ##[group]GITHUB_TOKEN Permissions
2026-09-02T17:55:48.8326388Z Contents: read
2026-09-02T17:55:48.8327135Z Metadata: read
2026-09-02T17:55:48.8327930Z Packages: read
2026-09-02T17:55:48.8328618Z ##[endgroup]
2026-09-02T17:55:48.8331043Z Secret source: Actions
2026-09-02T17:55:48.8332680Z Prepare workflow directory
2026-09-02T17:55:48.8698932Z Prepare all required actions
2026-09-02T17:55:48.8754600Z Getting action download info
2026-09-02T17:55:49.0440669Z Download action repository 'actions/checkout@v4' (SHA:11d5960a326750d5838078e36cf38b85af677262)
2026-09-02T17:55:49.3266504Z Download action repository 'actions/setup-python@v5' (SHA:a26af69be951a213d495a4c3e4e4022e16d87065)
2026-09-02T17:55:49.4733036Z Complete job name: dependency-test
2026-09-02T17:55:49.5354067Z Node 20 is being deprecated. This workflow is running with Node 24 by default. If you need to temporarily use Node 20, you can set the ACTIONS_ALLOW_USE_UNSECURE_NODE_VERSION=true environment variable. For more information see: https://github.blog/changelog/2025-09-19-deprecation-of-node-20-on-github-actions-runners/
2026-09-02T17:55:49.5361945Z ##[group]Run actions/checkout@v4
2026-09-02T17:55:49.5362549Z with:
2026-09-02T17:55:49.5362950Z   repository: DhruvHegde/log-generation
2026-09-02T17:55:49.5366598Z   token: ***
2026-09-02T17:55:49.5366984Z   ssh-strict: true
2026-09-02T17:55:49.5367369Z   ssh-user: git
2026-09-02T17:55:49.5367761Z   persist-credentials: true
2026-09-02T17:55:49.5368185Z   clean: true
2026-09-02T17:55:49.5368569Z   sparse-checkout-cone-mode: true
2026-09-02T17:55:49.5369016Z   fetch-depth: 1
2026-09-02T17:55:49.5369403Z   fetch-tags: false
2026-09-02T17:55:49.5369789Z   show-progress: true
2026-09-02T17:55:49.5370184Z   lfs: false
2026-09-02T17:55:49.5370607Z   submodules: false
2026-09-02T17:55:49.5371002Z   set-safe-directory: true
2026-09-02T17:55:49.5371446Z   allow-unsafe-pr-checkout: false
2026-09-02T17:55:49.5372067Z ##[endgroup]
2026-09-02T17:55:49.6192993Z Syncing repository: DhruvHegde/log-generation
2026-09-02T17:55:49.6195220Z ##[group]Getting Git version info
2026-09-02T17:55:49.6195943Z Working directory is '/home/runner/work/log-generation/log-generation'
2026-09-02T17:55:49.6196922Z [command]/usr/bin/git version
2026-09-02T17:55:49.7008218Z git version 2.55.0
2026-09-02T17:55:49.7023605Z ##[endgroup]
2026-09-02T17:55:49.7035637Z Temporarily overriding HOME='/home/runner/work/_temp/d48934c1-b100-40bd-a9a0-a725bc65ce26' before making global git config changes
2026-09-02T17:55:49.7037329Z Adding repository directory to the temporary git global config as a safe directory
2026-09-02T17:55:49.7040538Z [command]/usr/bin/git config --global --add safe.directory /home/runner/work/log-generation/log-generation
2026-09-02T17:55:49.7086073Z Deleting the contents of '/home/runner/work/log-generation/log-generation'
2026-09-02T17:55:49.7089501Z ##[group]Initializing the repository
2026-09-02T17:55:49.7093161Z [command]/usr/bin/git init /home/runner/work/log-generation/log-generation
2026-09-02T17:55:49.7196974Z hint: Using 'master' as the name for the initial branch. This default branch name
2026-09-02T17:55:49.7199195Z hint: will change to "main" in Git 3.0. To configure the initial branch name
2026-09-02T17:55:49.7200982Z hint: to use in all of your new repositories, which will suppress this warning,
2026-09-02T17:55:49.7202382Z hint: call:
2026-09-02T17:55:49.7203264Z hint:
2026-09-02T17:55:49.7204691Z hint: 	git config --global init.defaultBranch <name>
2026-09-02T17:55:49.7205316Z hint:
2026-09-02T17:55:49.7205864Z hint: Names commonly chosen instead of 'master' are 'main', 'trunk' and
2026-09-02T17:55:49.7206704Z hint: 'development'. The just-created branch can be renamed via this command:
2026-09-02T17:55:49.7207370Z hint:
2026-09-02T17:55:49.7207906Z hint: 	git branch -m <name>
2026-09-02T17:55:49.7208485Z hint:
2026-09-02T17:55:49.7209254Z hint: Disable this message with "git config set advice.defaultBranchName false"
2026-09-02T17:55:49.7210640Z Initialized empty Git repository in /home/runner/work/log-generation/log-generation/.git/
2026-09-02T17:55:49.7212435Z [command]/usr/bin/git remote add origin https://github.com/DhruvHegde/log-generation
2026-09-02T17:55:49.7269915Z ##[endgroup]
2026-09-02T17:55:49.7270663Z ##[group]Disabling automatic garbage collection
2026-09-02T17:55:49.7272990Z [command]/usr/bin/git config --local gc.auto 0
2026-09-02T17:55:49.7302753Z ##[endgroup]
2026-09-02T17:55:49.7303384Z ##[group]Setting up auth
2026-09-02T17:55:49.7307935Z [command]/usr/bin/git config --local --name-only --get-regexp core\.sshCommand
2026-09-02T17:55:49.7336770Z [command]/usr/bin/git submodule foreach --recursive sh -c "git config --local --name-only --get-regexp 'core\.sshCommand' && git config --local --unset-all 'core.sshCommand' || :"
2026-09-02T17:55:49.7662066Z [command]/usr/bin/git config --local --name-only --get-regexp http\.https\:\/\/github\.com\/\.extraheader
2026-09-02T17:55:49.7692114Z [command]/usr/bin/git submodule foreach --recursive sh -c "git config --local --name-only --get-regexp 'http\.https\:\/\/github\.com\/\.extraheader' && git config --local --unset-all 'http.https://github.com/.extraheader' || :"
2026-09-02T17:55:49.7889883Z [command]/usr/bin/git config --local --name-only --get-regexp ^includeIf\.gitdir:
2026-09-02T17:55:49.7925855Z [command]/usr/bin/git submodule foreach --recursive git config --local --show-origin --name-only --get-regexp remote.origin.url
2026-09-02T17:55:49.8123643Z [command]/usr/bin/git config --local http.https://github.com/.extraheader AUTHORIZATION: basic ***
2026-09-02T17:55:49.8156142Z ##[endgroup]
2026-09-02T17:55:49.8157251Z ##[group]Fetching the repository
2026-09-02T17:55:49.8165478Z [command]/usr/bin/git -c protocol.version=2 fetch --no-tags --prune --no-recurse-submodules --depth=1 origin +0ff2008bcad296080a94b4306ab881ab05c49190:refs/remotes/origin/feature/f3-test-failures
2026-09-02T17:55:50.1219447Z From https://github.com/DhruvHegde/log-generation
2026-09-02T17:55:50.1221365Z  * [new ref]         0ff2008bcad296080a94b4306ab881ab05c49190 -> origin/feature/f3-test-failures
2026-09-02T17:55:50.1224515Z ##[endgroup]
2026-09-02T17:55:50.1225796Z ##[group]Determining the checkout info
2026-09-02T17:55:50.1227392Z ##[endgroup]
2026-09-02T17:55:50.1231157Z [command]/usr/bin/git sparse-checkout disable
2026-09-02T17:55:50.1281042Z [command]/usr/bin/git config --local --unset-all extensions.worktreeConfig
2026-09-02T17:55:50.1313911Z ##[group]Checking out the ref
2026-09-02T17:55:50.1319196Z [command]/usr/bin/git checkout --progress --force -B feature/f3-test-failures refs/remotes/origin/feature/f3-test-failures
2026-09-02T17:55:50.1397373Z Switched to a new branch 'feature/f3-test-failures'
2026-09-02T17:55:50.1403990Z branch 'feature/f3-test-failures' set up to track 'origin/feature/f3-test-failures'.
2026-09-02T17:55:50.1410907Z ##[endgroup]
2026-09-02T17:55:50.1443924Z [command]/usr/bin/git log -1 --format=%H
2026-09-02T17:55:50.1466954Z 0ff2008bcad296080a94b4306ab881ab05c49190
2026-09-02T17:55:50.1773743Z Node 20 is being deprecated. This workflow is running with Node 24 by default. If you need to temporarily use Node 20, you can set the ACTIONS_ALLOW_USE_UNSECURE_NODE_VERSION=true environment variable. For more information see: https://github.blog/changelog/2025-09-19-deprecation-of-node-20-on-github-actions-runners/
2026-09-02T17:55:50.1778635Z ##[group]Run actions/setup-python@v5
2026-09-02T17:55:50.1779488Z with:
2026-09-02T17:55:50.1780105Z   python-version: 3.11
2026-09-02T17:55:50.1780805Z   check-latest: false
2026-09-02T17:55:50.1787955Z   token: ***
2026-09-02T17:55:50.1788603Z   update-environment: true
2026-09-02T17:55:50.1789367Z   allow-prereleases: false
2026-09-02T17:55:50.1790102Z   freethreaded: false
2026-09-02T17:55:50.1790765Z ##[endgroup]
2026-09-02T17:55:50.2882558Z ##[group]Installed versions
2026-09-02T17:55:50.2965416Z (node:2018) [DEP0040] DeprecationWarning: The `punycode` module is deprecated. Please use a userland alternative instead.
2026-09-02T17:55:50.2968559Z (Use `node --trace-deprecation ...` to show where the warning was created)
2026-09-02T17:55:50.2970295Z Successfully set up CPython (3.11.16)
2026-09-02T17:55:50.2972207Z ##[endgroup]
2026-09-02T17:55:50.3159862Z ##[group]Run python -m pip install --upgrade pip
2026-09-02T17:55:50.3161038Z [36;1mpython -m pip install --upgrade pip[0m
2026-09-02T17:55:50.3162029Z [36;1mpip install -r requirements.txt[0m
2026-09-02T17:55:50.3232749Z shell: /usr/bin/bash -e {0}
2026-09-02T17:55:50.3233852Z env:
2026-09-02T17:55:50.3235078Z   pythonLocation: /opt/hostedtoolcache/Python/3.11.16/x64
2026-09-02T17:55:50.3237057Z   PKG_CONFIG_PATH: /opt/hostedtoolcache/Python/3.11.16/x64/lib/pkgconfig
2026-09-02T17:55:50.3239336Z   Python_ROOT_DIR: /opt/hostedtoolcache/Python/3.11.16/x64
2026-09-02T17:55:50.3241492Z   Python2_ROOT_DIR: /opt/hostedtoolcache/Python/3.11.16/x64
2026-09-02T17:55:50.3243781Z   Python3_ROOT_DIR: /opt/hostedtoolcache/Python/3.11.16/x64
2026-09-02T17:55:50.3245763Z   LD_LIBRARY_PATH: /opt/hostedtoolcache/Python/3.11.16/x64/lib
2026-09-02T17:55:50.3246981Z ##[endgroup]
2026-09-02T17:55:51.5600746Z Requirement already satisfied: pip in /opt/hostedtoolcache/Python/3.11.16/x64/lib/python3.11/site-packages (26.2.1)
2026-09-02T17:55:53.0606255Z ERROR: Ignored the following yanked versions: 2.4.0
2026-09-02T17:55:53.0608044Z ERROR: Ignored the following versions that require a different python version: 1.21.2 Requires-Python >=3.7,<3.11; 1.21.3 Requires-Python >=3.7,<3.11; 1.21.4 Requires-Python >=3.7,<3.11; 1.21.5 Requires-Python >=3.7,<3.11; 1.21.6 Requires-Python >=3.7,<3.11; 2.5.0 Requires-Python >=3.12; 2.5.0rc1 Requires-Python >=3.12; 2.5.1 Requires-Python >=3.12; 2.5.2 Requires-Python >=3.12
2026-09-02T17:55:53.0611678Z ERROR: Could not find a version that satisfies the requirement numpy==999.0.0 (from versions: 1.3.0, 1.4.1, 1.5.0, 1.5.1, 1.6.0, 1.6.1, 1.6.2, 1.7.0, 1.7.1, 1.7.2, 1.8.0, 1.8.1, 1.8.2, 1.9.0, 1.9.1, 1.9.2, 1.9.3, 1.10.0.post2, 1.10.1, 1.10.2, 1.10.4, 1.11.0, 1.11.1, 1.11.2, 1.11.3, 1.12.0, 1.12.1, 1.13.0, 1.13.1, 1.13.3, 1.14.0, 1.14.1, 1.14.2, 1.14.3, 1.14.4, 1.14.5, 1.14.6, 1.15.0, 1.15.1, 1.15.2, 1.15.3, 1.15.4, 1.16.0, 1.16.1, 1.16.2, 1.16.3, 1.16.4, 1.16.5, 1.16.6, 1.17.0, 1.17.1, 1.17.2, 1.17.3, 1.17.4, 1.17.5, 1.18.0, 1.18.1, 1.18.2, 1.18.3, 1.18.4, 1.18.5, 1.19.0, 1.19.1, 1.19.2, 1.19.3, 1.19.4, 1.19.5, 1.20.0, 1.20.1, 1.20.2, 1.20.3, 1.21.0, 1.21.1, 1.22.0, 1.22.1, 1.22.2, 1.22.3, 1.22.4, 1.23.0, 1.23.1, 1.23.2, 1.23.3, 1.23.4, 1.23.5, 1.24.0, 1.24.1, 1.24.2, 1.24.3, 1.24.4, 1.25.0, 1.25.1, 1.25.2, 1.26.0, 1.26.1, 1.26.2, 1.26.3, 1.26.4, 2.0.0, 2.0.1, 2.0.2, 2.1.0, 2.1.1, 2.1.2, 2.1.3, 2.2.0, 2.2.1, 2.2.2, 2.2.3, 2.2.4, 2.2.5, 2.2.6, 2.3.0, 2.3.1, 2.3.2, 2.3.3, 2.3.4, 2.3.5, 2.4.0rc1, 2.4.1, 2.4.2, 2.4.3, 2.4.4, 2.4.5, 2.4.6)
2026-09-02T17:55:53.0613798Z ERROR: No matching distribution found for numpy==999.0.0
2026-09-02T17:55:53.1129028Z ##[error]Process completed with exit code 1.
2026-09-02T17:55:53.1277800Z Node 20 is being deprecated. This workflow is running with Node 24 by default. If you need to temporarily use Node 20, you can set the ACTIONS_ALLOW_USE_UNSECURE_NODE_VERSION=true environment variable. For more information see: https://github.blog/changelog/2025-09-19-deprecation-of-node-20-on-github-actions-runners/
2026-09-02T17:55:53.1278842Z Post job cleanup.
2026-09-02T17:55:53.1988470Z [command]/usr/bin/git version
2026-09-02T17:55:53.2025277Z git version 2.55.0
2026-09-02T17:55:53.2059175Z Temporarily overriding HOME='/home/runner/work/_temp/b928bbea-2fcb-4015-9862-7cd9fc51d57f' before making global git config changes
2026-09-02T17:55:53.2060460Z Adding repository directory to the temporary git global config as a safe directory
2026-09-02T17:55:53.2063656Z [command]/usr/bin/git config --global --add safe.directory /home/runner/work/log-generation/log-generation
2026-09-02T17:55:53.2289957Z [command]/usr/bin/git config --local --name-only --get-regexp core\.sshCommand
2026-09-02T17:55:53.2329371Z [command]/usr/bin/git submodule foreach --recursive sh -c "git config --local --name-only --get-regexp 'core\.sshCommand' && git config --local --unset-all 'core.sshCommand' || :"
2026-09-02T17:55:53.2545736Z [command]/usr/bin/git config --local --name-only --get-regexp http\.https\:\/\/github\.com\/\.extraheader
2026-09-02T17:55:53.2887099Z http.https://github.com/.extraheader
2026-09-02T17:55:53.2899914Z [command]/usr/bin/git config --local --unset-all http.https://github.com/.extraheader
2026-09-02T17:55:53.3383310Z [command]/usr/bin/git submodule foreach --recursive sh -c "git config --local --name-only --get-regexp 'http\.https\:\/\/github\.com\/\.extraheader' && git config --local --unset-all 'http.https://github.com/.extraheader' || :"
2026-09-02T17:55:53.3618684Z [command]/usr/bin/git config --local --name-only --get-regexp ^includeIf\.gitdir:
2026-09-02T17:55:53.3653715Z [command]/usr/bin/git submodule foreach --recursive git config --local --show-origin --name-only --get-regexp remote.origin.url
2026-09-02T17:55:53.4003021Z Cleaning up orphan processes
2026-09-02T17:55:53.4245783Z ##[warning]Node.js 20 is deprecated. The following actions target Node.js 20 but are being forced to run on Node.js 24: actions/checkout@v4, actions/setup-python@v5. For more information see: https://github.blog/changelog/2025-09-19-deprecation-of-node-20-on-github-actions-runners/

--- STEP: dependency-test/10_Post Checkout Repository.txt ---
﻿2026-09-02T17:55:53.1277779Z Node 20 is being deprecated. This workflow is running with Node 24 by default. If you need to temporarily use Node 20, you can set the ACTIONS_ALLOW_USE_UNSECURE_NODE_VERSION=true environment variable. For more information see: https://github.blog/changelog/2025-09-19-deprecation-of-node-20-on-github-actions-runners/
2026-09-02T17:55:53.1278839Z Post job cleanup.
2026-09-02T17:55:53.1988390Z [command]/usr/bin/git version
2026-09-02T17:55:53.2025240Z git version 2.55.0
2026-09-02T17:55:53.2059147Z Temporarily overriding HOME='/home/runner/work/_temp/b928bbea-2fcb-4015-9862-7cd9fc51d57f' before making global git config changes
2026-09-02T17:55:53.2060454Z Adding repository directory to the temporary git global config as a safe directory
2026-09-02T17:55:53.2063635Z [command]/usr/bin/git config --global --add safe.directory /home/runner/work/log-generation/log-generation
2026-09-02T17:55:53.2289895Z [command]/usr/bin/git config --local --name-only --get-regexp core\.sshCommand
2026-09-02T17:55:53.2329242Z [command]/usr/bin/git submodule foreach --recursive sh -c "git config --local --name-only --get-regexp 'core\.sshCommand' && git config --local --unset-all 'core.sshCommand' || :"
2026-09-02T17:55:53.2545655Z [command]/usr/bin/git config --local --name-only --get-regexp http\.https\:\/\/github\.com\/\.extraheader
2026-09-02T17:55:53.2886987Z http.https://github.com/.extraheader
2026-09-02T17:55:53.2899877Z [command]/usr/bin/git config --local --unset-all http.https://github.com/.extraheader
2026-09-02T17:55:53.3383260Z [command]/usr/bin/git submodule foreach --recursive sh -c "git config --local --name-only --get-regexp 'http\.https\:\/\/github\.com\/\.extraheader' && git config --local --unset-all 'http.https://github.com/.extraheader' || :"
2026-09-02T17:55:53.3618623Z [command]/usr/bin/git config --local --name-only --get-regexp ^includeIf\.gitdir:
2026-09-02T17:55:53.3653664Z [command]/usr/bin/git submodule foreach --recursive git config --local --show-origin --name-only --get-regexp remote.origin.url

--- STEP: dependency-test/11_Complete job.txt ---
﻿2026-09-02T17:55:53.4002998Z Cleaning up orphan processes
2026-09-02T17:55:53.4245754Z ##[warning]Node.js 20 is deprecated. The following actions target Node.js 20 but are being forced to run on Node.js 24: actions/checkout@v4, actions/setup-python@v5. For more information see: https://github.blog/changelog/2025-09-19-deprecation-of-node-20-on-github-actions-runners/

--- STEP: dependency-test/1_Set up job.txt ---
﻿2026-09-02T17:55:48.8274142Z Current runner version: '2.337.0'
2026-09-02T17:55:48.8303484Z ##[group]Runner Image Provisioner
2026-09-02T17:55:48.8304944Z Hosted Compute Agent
2026-09-02T17:55:48.8305651Z Version: 20260819.586
2026-09-02T17:55:48.8306495Z Commit: 3cc4a88dfa507ef76119ad1bb3eccc6378bb2b76
2026-09-02T17:55:48.8307386Z Build Date: 2026-08-18T23:20:18Z
2026-09-02T17:55:48.8308196Z Worker ID: {e73ea0fc-71be-4a7f-ac40-72867b2705a1}
2026-09-02T17:55:48.8309115Z Azure Region: eastus
2026-09-02T17:55:48.8309784Z ##[endgroup]
2026-09-02T17:55:48.8311627Z ##[group]Operating System
2026-09-02T17:55:48.8312396Z Ubuntu
2026-09-02T17:55:48.8313141Z 24.04.4
2026-09-02T17:55:48.8313807Z LTS
2026-09-02T17:55:48.8314609Z ##[endgroup]
2026-09-02T17:55:48.8315404Z ##[group]Runner Image
2026-09-02T17:55:48.8316143Z Image: ubuntu-24.04
2026-09-02T17:55:48.8317298Z Version: 20260823.283.1
2026-09-02T17:55:48.8318733Z Included Software: https://github.com/actions/runner-images/blob/ubuntu24/20260823.283/images/ubuntu/Ubuntu2404-Readme.md
2026-09-02T17:55:48.8320996Z Image Release: https://github.com/actions/runner-images/releases/tag/ubuntu24%2F20260823.283
2026-09-02T17:55:48.8322170Z ##[endgroup]
2026-09-02T17:55:48.8323738Z ##[group]GITHUB_TOKEN Permissions
2026-09-02T17:55:48.8326364Z Contents: read
2026-09-02T17:55:48.8327128Z Metadata: read
2026-09-02T17:55:48.8327924Z Packages: read
2026-09-02T17:55:48.8328608Z ##[endgroup]
2026-09-02T17:55:48.8331022Z Secret source: Actions
2026-09-02T17:55:48.8332661Z Prepare workflow directory
2026-09-02T17:55:48.8698894Z Prepare all required actions
2026-09-02T17:55:48.8754574Z Getting action download info
2026-09-02T17:55:49.0440636Z Download action repository 'actions/checkout@v4' (SHA:11d5960a326750d5838078e36cf38b85af677262)
2026-09-02T17:55:49.3266472Z Download action repository 'actions/setup-python@v5' (SHA:a26af69be951a213d495a4c3e4e4022e16d87065)
2026-09-02T17:55:49.4733006Z Complete job name: dependency-test

--- STEP: dependency-test/2_Checkout Repository.txt ---
﻿2026-09-02T17:55:49.5354031Z Node 20 is being deprecated. This workflow is running with Node 24 by default. If you need to temporarily use Node 20, you can set the ACTIONS_ALLOW_USE_UNSECURE_NODE_VERSION=true environment variable. For more information see: https://github.blog/changelog/2025-09-19-deprecation-of-node-20-on-github-actions-runners/
2026-09-02T17:55:49.5361917Z ##[group]Run actions/checkout@v4
2026-09-02T17:55:49.5362544Z with:
2026-09-02T17:55:49.5362945Z   repository: DhruvHegde/log-generation
2026-09-02T17:55:49.5366592Z   token: ***
2026-09-02T17:55:49.5366981Z   ssh-strict: true
2026-09-02T17:55:49.5367366Z   ssh-user: git
2026-09-02T17:55:49.5367757Z   persist-credentials: true
2026-09-02T17:55:49.5368181Z   clean: true
2026-09-02T17:55:49.5368566Z   sparse-checkout-cone-mode: true
2026-09-02T17:55:49.5369014Z   fetch-depth: 1
2026-09-02T17:55:49.5369400Z   fetch-tags: false
2026-09-02T17:55:49.5369786Z   show-progress: true
2026-09-02T17:55:49.5370181Z   lfs: false
2026-09-02T17:55:49.5370539Z   submodules: false
2026-09-02T17:55:49.5370999Z   set-safe-directory: true
2026-09-02T17:55:49.5371443Z   allow-unsafe-pr-checkout: false
2026-09-02T17:55:49.5372062Z ##[endgroup]
2026-09-02T17:55:49.6192926Z Syncing repository: DhruvHegde/log-generation
2026-09-02T17:55:49.6195196Z ##[group]Getting Git version info
2026-09-02T17:55:49.6195938Z Working directory is '/home/runner/work/log-generation/log-generation'
2026-09-02T17:55:49.6196919Z [command]/usr/bin/git version
2026-09-02T17:55:49.7008122Z git version 2.55.0
2026-09-02T17:55:49.7023587Z ##[endgroup]
2026-09-02T17:55:49.7035614Z Temporarily overriding HOME='/home/runner/work/_temp/d48934c1-b100-40bd-a9a0-a725bc65ce26' before making global git config changes
2026-09-02T17:55:49.7037320Z Adding repository directory to the temporary git global config as a safe directory
2026-09-02T17:55:49.7040528Z [command]/usr/bin/git config --global --add safe.directory /home/runner/work/log-generation/log-generation
2026-09-02T17:55:49.7086009Z Deleting the contents of '/home/runner/work/log-generation/log-generation'
2026-09-02T17:55:49.7089488Z ##[group]Initializing the repository
2026-09-02T17:55:49.7093147Z [command]/usr/bin/git init /home/runner/work/log-generation/log-generation
2026-09-02T17:55:49.7196830Z hint: Using 'master' as the name for the initial branch. This default branch name
2026-09-02T17:55:49.7199172Z hint: will change to "main" in Git 3.0. To configure the initial branch name
2026-09-02T17:55:49.7200962Z hint: to use in all of your new repositories, which will suppress this warning,
2026-09-02T17:55:49.7202366Z hint: call:
2026-09-02T17:55:49.7203253Z hint:
2026-09-02T17:55:49.7204665Z hint: 	git config --global init.defaultBranch <name>
2026-09-02T17:55:49.7205311Z hint:
2026-09-02T17:55:49.7205859Z hint: Names commonly chosen instead of 'master' are 'main', 'trunk' and
2026-09-02T17:55:49.7206697Z hint: 'development'. The just-created branch can be renamed via this command:
2026-09-02T17:55:49.7207360Z hint:
2026-09-02T17:55:49.7207764Z hint: 	git branch -m <name>
2026-09-02T17:55:49.7208479Z hint:
2026-09-02T17:55:49.7209246Z hint: Disable this message with "git config set advice.defaultBranchName false"
2026-09-02T17:55:49.7210633Z Initialized empty Git repository in /home/runner/work/log-generation/log-generation/.git/
2026-09-02T17:55:49.7212430Z [command]/usr/bin/git remote add origin https://github.com/DhruvHegde/log-generation
2026-09-02T17:55:49.7269841Z ##[endgroup]
2026-09-02T17:55:49.7270656Z ##[group]Disabling automatic garbage collection
2026-09-02T17:55:49.7272979Z [command]/usr/bin/git config --local gc.auto 0
2026-09-02T17:55:49.7302732Z ##[endgroup]
2026-09-02T17:55:49.7303380Z ##[group]Setting up auth
2026-09-02T17:55:49.7307917Z [command]/usr/bin/git config --local --name-only --get-regexp core\.sshCommand
2026-09-02T17:55:49.7336737Z [command]/usr/bin/git submodule foreach --recursive sh -c "git config --local --name-only --get-regexp 'core\.sshCommand' && git config --local --unset-all 'core.sshCommand' || :"
2026-09-02T17:55:49.7661552Z [command]/usr/bin/git config --local --name-only --get-regexp http\.https\:\/\/github\.com\/\.extraheader
2026-09-02T17:55:49.7692088Z [command]/usr/bin/git submodule foreach --recursive sh -c "git config --local --name-only --get-regexp 'http\.https\:\/\/github\.com\/\.extraheader' && git config --local --unset-all 'http.https://github.com/.extraheader' || :"
2026-09-02T17:55:49.7889783Z [command]/usr/bin/git config --local --name-only --get-regexp ^includeIf\.gitdir:
2026-09-02T17:55:49.7925811Z [command]/usr/bin/git submodule foreach --recursive git config --local --show-origin --name-only --get-regexp remote.origin.url
2026-09-02T17:55:49.8123571Z [command]/usr/bin/git config --local http.https://github.com/.extraheader AUTHORIZATION: basic ***
2026-09-02T17:55:49.8156103Z ##[endgroup]
2026-09-02T17:55:49.8157240Z ##[group]Fetching the repository
2026-09-02T17:55:49.8165370Z [command]/usr/bin/git -c protocol.version=2 fetch --no-tags --prune --no-recurse-submodules --depth=1 origin +0ff2008bcad296080a94b4306ab881ab05c49190:refs/remotes/origin/feature/f3-test-failures
2026-09-02T17:55:50.1219352Z From https://github.com/DhruvHegde/log-generation
2026-09-02T17:55:50.1221348Z  * [new ref]         0ff2008bcad296080a94b4306ab881ab05c49190 -> origin/feature/f3-test-failures
2026-09-02T17:55:50.1224496Z ##[endgroup]
2026-09-02T17:55:50.1225782Z ##[group]Determining the checkout info
2026-09-02T17:55:50.1227385Z ##[endgroup]
2026-09-02T17:55:50.1231133Z [command]/usr/bin/git sparse-checkout disable
2026-09-02T17:55:50.1280973Z [command]/usr/bin/git config --local --unset-all extensions.worktreeConfig
2026-09-02T17:55:50.1313872Z ##[group]Checking out the ref
2026-09-02T17:55:50.1319142Z [command]/usr/bin/git checkout --progress --force -B feature/f3-test-failures refs/remotes/origin/feature/f3-test-failures
2026-09-02T17:55:50.1397347Z Switched to a new branch 'feature/f3-test-failures'
2026-09-02T17:55:50.1403966Z branch 'feature/f3-test-failures' set up to track 'origin/feature/f3-test-failures'.
2026-09-02T17:55:50.1410824Z ##[endgroup]
2026-09-02T17:55:50.1443904Z [command]/usr/bin/git log -1 --format=%H
2026-09-02T17:55:50.1466929Z 0ff2008bcad296080a94b4306ab881ab05c49190

--- STEP: dependency-test/3_Setup Python.txt ---
﻿2026-09-02T17:55:50.1773710Z Node 20 is being deprecated. This workflow is running with Node 24 by default. If you need to temporarily use Node 20, you can set the ACTIONS_ALLOW_USE_UNSECURE_NODE_VERSION=true environment variable. For more information see: https://github.blog/changelog/2025-09-19-deprecation-of-node-20-on-github-actions-runners/
2026-09-02T17:55:50.1778624Z ##[group]Run actions/setup-python@v5
2026-09-02T17:55:50.1779482Z with:
2026-09-02T17:55:50.1780100Z   python-version: 3.11
2026-09-02T17:55:50.1780801Z   check-latest: false
2026-09-02T17:55:50.1787951Z   token: ***
2026-09-02T17:55:50.1788599Z   update-environment: true
2026-09-02T17:55:50.1789362Z   allow-prereleases: false
2026-09-02T17:55:50.1790099Z   freethreaded: false
2026-09-02T17:55:50.1790761Z ##[endgroup]
2026-09-02T17:55:50.2882481Z ##[group]Installed versions
2026-09-02T17:55:50.2965337Z (node:2018) [DEP0040] DeprecationWarning: The `punycode` module is deprecated. Please use a userland alternative instead.
2026-09-02T17:55:50.2968422Z (Use `node --trace-deprecation ...` to show where the warning was created)
2026-09-02T17:55:50.2970287Z Successfully set up CPython (3.11.16)
2026-09-02T17:55:50.2972197Z ##[endgroup]

--- STEP: dependency-test/4_Install Dependencies.txt ---
﻿2026-09-02T17:55:50.3159835Z ##[group]Run python -m pip install --upgrade pip
2026-09-02T17:55:50.3161032Z [36;1mpython -m pip install --upgrade pip[0m
2026-09-02T17:55:50.3162025Z [36;1mpip install -r requirements.txt[0m
2026-09-02T17:55:50.3232705Z shell: /usr/bin/bash -e {0}
2026-09-02T17:55:50.3233838Z env:
2026-09-02T17:55:50.3235068Z   pythonLocation: /opt/hostedtoolcache/Python/3.11.16/x64
2026-09-02T17:55:50.3237045Z   PKG_CONFIG_PATH: /opt/hostedtoolcache/Python/3.11.16/x64/lib/pkgconfig
2026-09-02T17:55:50.3239329Z   Python_ROOT_DIR: /opt/hostedtoolcache/Python/3.11.16/x64
2026-09-02T17:55:50.3241459Z   Python2_ROOT_DIR: /opt/hostedtoolcache/Python/3.11.16/x64
2026-09-02T17:55:50.3243773Z   Python3_ROOT_DIR: /opt/hostedtoolcache/Python/3.11.16/x64
2026-09-02T17:55:50.3245752Z   LD_LIBRARY_PATH: /opt/hostedtoolcache/Python/3.11.16/x64/lib
2026-09-02T17:55:50.3246973Z ##[endgroup]
2026-09-02T17:55:51.5600538Z Requirement already satisfied: pip in /opt/hostedtoolcache/Python/3.11.16/x64/lib/python3.11/site-packages (26.2.1)
2026-09-02T17:55:53.0606178Z ERROR: Ignored the following yanked versions: 2.4.0
2026-09-02T17:55:53.0608012Z ERROR: Ignored the following versions that require a different python version: 1.21.2 Requires-Python >=3.7,<3.11; 1.21.3 Requires-Python >=3.7,<3.11; 1.21.4 Requires-Python >=3.7,<3.11; 1.21.5 Requires-Python >=3.7,<3.11; 1.21.6 Requires-Python >=3.7,<3.11; 2.5.0 Requires-Python >=3.12; 2.5.0rc1 Requires-Python >=3.12; 2.5.1 Requires-Python >=3.12; 2.5.2 Requires-Python >=3.12
2026-09-02T17:55:53.0611607Z ERROR: Could not find a version that satisfies the requirement numpy==999.0.0 (from versions: 1.3.0, 1.4.1, 1.5.0, 1.5.1, 1.6.0, 1.6.1, 1.6.2, 1.7.0, 1.7.1, 1.7.2, 1.8.0, 1.8.1, 1.8.2, 1.9.0, 1.9.1, 1.9.2, 1.9.3, 1.10.0.post2, 1.10.1, 1.10.2, 1.10.4, 1.11.0, 1.11.1, 1.11.2, 1.11.3, 1.12.0, 1.12.1, 1.13.0, 1.13.1, 1.13.3, 1.14.0, 1.14.1, 1.14.2, 1.14.3, 1.14.4, 1.14.5, 1.14.6, 1.15.0, 1.15.1, 1.15.2, 1.15.3, 1.15.4, 1.16.0, 1.16.1, 1.16.2, 1.16.3, 1.16.4, 1.16.5, 1.16.6, 1.17.0, 1.17.1, 1.17.2, 1.17.3, 1.17.4, 1.17.5, 1.18.0, 1.18.1, 1.18.2, 1.18.3, 1.18.4, 1.18.5, 1.19.0, 1.19.1, 1.19.2, 1.19.3, 1.19.4, 1.19.5, 1.20.0, 1.20.1, 1.20.2, 1.20.3, 1.21.0, 1.21.1, 1.22.0, 1.22.1, 1.22.2, 1.22.3, 1.22.4, 1.23.0, 1.23.1, 1.23.2, 1.23.3, 1.23.4, 1.23.5, 1.24.0, 1.24.1, 1.24.2, 1.24.3, 1.24.4, 1.25.0, 1.25.1, 1.25.2, 1.26.0, 1.26.1, 1.26.2, 1.26.3, 1.26.4, 2.0.0, 2.0.1, 2.0.2, 2.1.0, 2.1.1, 2.1.2, 2.1.3, 2.2.0, 2.2.1, 2.2.2, 2.2.3, 2.2.4, 2.2.5, 2.2.6, 2.3.0, 2.3.1, 2.3.2, 2.3.3, 2.3.4, 2.3.5, 2.4.0rc1, 2.4.1, 2.4.2, 2.4.3, 2.4.4, 2.4.5, 2.4.6)
2026-09-02T17:55:53.0613779Z ERROR: No matching distribution found for numpy==999.0.0
2026-09-02T17:55:53.1128919Z ##[error]Process completed with exit code 1.

--- STEP: dependency-test/system.txt ---
2026-09-02T17:55:46.0980000Z Evaluating dependency-test.if
2026-09-02T17:55:46.0980000Z Evaluating: success()
2026-09-02T17:55:46.0980000Z Result: true
2026-09-02T17:55:46.1040000Z Requested labels: ubuntu-latest
2026-09-02T17:55:46.1040000Z Job defined at: DhruvHegde/log-generation/.github/workflows/ci.yml@refs/heads/feature/f3-test-failures
2026-09-02T17:55:46.1040000Z Waiting for a runner to pick up this job...
2026-09-02T17:55:46.3910000Z Job is waiting for a hosted runner to come online.
2026-09-02T17:55:46.3900000Z Job is about to start running on the hosted runner: GitHub Actions 1000003169