dependency-test	UNKNOWN STEP	﻿2026-08-19T11:41:11.3531557Z Current runner version: '2.336.0'
dependency-test	UNKNOWN STEP	2026-08-19T11:41:11.3557785Z ##[group]Runner Image Provisioner
dependency-test	UNKNOWN STEP	2026-08-19T11:41:11.3558883Z Hosted Compute Agent
dependency-test	UNKNOWN STEP	2026-08-19T11:41:11.3559549Z Version: 20260729.566
dependency-test	UNKNOWN STEP	2026-08-19T11:41:11.3560454Z Commit: cf7153fe6e25b664e8693c24944bf2b00355d109
dependency-test	UNKNOWN STEP	2026-08-19T11:41:11.3561215Z Build Date: 2026-07-29T19:17:02Z
dependency-test	UNKNOWN STEP	2026-08-19T11:41:11.3561919Z Worker ID: {1deaac4c-7304-4337-89d3-a4b06d2ce0ca}
dependency-test	UNKNOWN STEP	2026-08-19T11:41:11.3562707Z Azure Region: eastus
dependency-test	UNKNOWN STEP	2026-08-19T11:41:11.3563292Z ##[endgroup]
dependency-test	UNKNOWN STEP	2026-08-19T11:41:11.3564947Z ##[group]Operating System
dependency-test	UNKNOWN STEP	2026-08-19T11:41:11.3565700Z Ubuntu
dependency-test	UNKNOWN STEP	2026-08-19T11:41:11.3566255Z 24.04.4
dependency-test	UNKNOWN STEP	2026-08-19T11:41:11.3566823Z LTS
dependency-test	UNKNOWN STEP	2026-08-19T11:41:11.3567397Z ##[endgroup]
dependency-test	UNKNOWN STEP	2026-08-19T11:41:11.3568003Z ##[group]Runner Image
dependency-test	UNKNOWN STEP	2026-08-19T11:41:11.3568714Z Image: ubuntu-24.04
dependency-test	UNKNOWN STEP	2026-08-19T11:41:11.3569308Z Version: 20260810.271.1
dependency-test	UNKNOWN STEP	2026-08-19T11:41:11.3570769Z Included Software: https://github.com/actions/runner-images/blob/ubuntu24/20260810.271/images/ubuntu/Ubuntu2404-Readme.md
dependency-test	UNKNOWN STEP	2026-08-19T11:41:11.3572341Z Image Release: https://github.com/actions/runner-images/releases/tag/ubuntu24%2F20260810.271
dependency-test	UNKNOWN STEP	2026-08-19T11:41:11.3573361Z ##[endgroup]
dependency-test	UNKNOWN STEP	2026-08-19T11:41:11.3574595Z ##[group]GITHUB_TOKEN Permissions
dependency-test	UNKNOWN STEP	2026-08-19T11:41:11.3577042Z Contents: read
dependency-test	UNKNOWN STEP	2026-08-19T11:41:11.3577700Z Metadata: read
dependency-test	UNKNOWN STEP	2026-08-19T11:41:11.3578256Z Packages: read
dependency-test	UNKNOWN STEP	2026-08-19T11:41:11.3578933Z ##[endgroup]
dependency-test	UNKNOWN STEP	2026-08-19T11:41:11.3581538Z Secret source: Actions
dependency-test	UNKNOWN STEP	2026-08-19T11:41:11.3583341Z Prepare workflow directory
dependency-test	UNKNOWN STEP	2026-08-19T11:41:11.3912919Z Prepare all required actions
dependency-test	UNKNOWN STEP	2026-08-19T11:41:11.3960433Z Getting action download info
dependency-test	UNKNOWN STEP	2026-08-19T11:41:11.5982651Z Download action repository 'actions/checkout@v4' (SHA:11d5960a326750d5838078e36cf38b85af677262)
dependency-test	UNKNOWN STEP	2026-08-19T11:41:11.7009218Z Download action repository 'actions/setup-python@v5' (SHA:a26af69be951a213d495a4c3e4e4022e16d87065)
dependency-test	UNKNOWN STEP	2026-08-19T11:41:11.8878811Z Complete job name: dependency-test
dependency-test	UNKNOWN STEP	2026-08-19T11:41:11.9626532Z Node 20 is being deprecated. This workflow is running with Node 24 by default. If you need to temporarily use Node 20, you can set the ACTIONS_ALLOW_USE_UNSECURE_NODE_VERSION=true environment variable. For more information see: https://github.blog/changelog/2025-09-19-deprecation-of-node-20-on-github-actions-runners/
dependency-test	UNKNOWN STEP	2026-08-19T11:41:11.9635479Z ##[group]Run actions/checkout@v4
dependency-test	UNKNOWN STEP	2026-08-19T11:41:11.9636151Z with:
dependency-test	UNKNOWN STEP	2026-08-19T11:41:11.9636635Z   repository: DhruvHegde/dependency-error-repo
dependency-test	UNKNOWN STEP	2026-08-19T11:41:11.9640657Z   token: ***
dependency-test	UNKNOWN STEP	2026-08-19T11:41:11.9641089Z   ssh-strict: true
dependency-test	UNKNOWN STEP	2026-08-19T11:41:11.9641536Z   ssh-user: git
dependency-test	UNKNOWN STEP	2026-08-19T11:41:11.9641974Z   persist-credentials: true
dependency-test	UNKNOWN STEP	2026-08-19T11:41:11.9642464Z   clean: true
dependency-test	UNKNOWN STEP	2026-08-19T11:41:11.9642911Z   sparse-checkout-cone-mode: true
dependency-test	UNKNOWN STEP	2026-08-19T11:41:11.9643414Z   fetch-depth: 1
dependency-test	UNKNOWN STEP	2026-08-19T11:41:11.9643842Z   fetch-tags: false
dependency-test	UNKNOWN STEP	2026-08-19T11:41:11.9644282Z   show-progress: true
dependency-test	UNKNOWN STEP	2026-08-19T11:41:11.9644718Z   lfs: false
dependency-test	UNKNOWN STEP	2026-08-19T11:41:11.9645172Z   submodules: false
dependency-test	UNKNOWN STEP	2026-08-19T11:41:11.9645616Z   set-safe-directory: true
dependency-test	UNKNOWN STEP	2026-08-19T11:41:11.9646118Z   allow-unsafe-pr-checkout: false
dependency-test	UNKNOWN STEP	2026-08-19T11:41:11.9646812Z ##[endgroup]
dependency-test	UNKNOWN STEP	2026-08-19T11:41:12.0662757Z Syncing repository: DhruvHegde/dependency-error-repo
dependency-test	UNKNOWN STEP	2026-08-19T11:41:12.0665522Z ##[group]Getting Git version info
dependency-test	UNKNOWN STEP	2026-08-19T11:41:12.0666828Z Working directory is '/home/runner/work/dependency-error-repo/dependency-error-repo'
dependency-test	UNKNOWN STEP	2026-08-19T11:41:12.0668727Z [command]/usr/bin/git version
dependency-test	UNKNOWN STEP	2026-08-19T11:41:12.0731864Z git version 2.54.0
dependency-test	UNKNOWN STEP	2026-08-19T11:41:12.0788915Z ##[endgroup]
dependency-test	UNKNOWN STEP	2026-08-19T11:41:12.0806526Z Temporarily overriding HOME='/home/runner/work/_temp/f96222f4-8e83-4f11-94b2-dc216d44232f' before making global git config changes
dependency-test	UNKNOWN STEP	2026-08-19T11:41:12.0809539Z Adding repository directory to the temporary git global config as a safe directory
dependency-test	UNKNOWN STEP	2026-08-19T11:41:12.0812384Z [command]/usr/bin/git config --global --add safe.directory /home/runner/work/dependency-error-repo/dependency-error-repo
dependency-test	UNKNOWN STEP	2026-08-19T11:41:12.0864334Z Deleting the contents of '/home/runner/work/dependency-error-repo/dependency-error-repo'
dependency-test	UNKNOWN STEP	2026-08-19T11:41:12.0868711Z ##[group]Initializing the repository
dependency-test	UNKNOWN STEP	2026-08-19T11:41:12.0874403Z [command]/usr/bin/git init /home/runner/work/dependency-error-repo/dependency-error-repo
dependency-test	UNKNOWN STEP	2026-08-19T11:41:12.0958233Z hint: Using 'master' as the name for the initial branch. This default branch name
dependency-test	UNKNOWN STEP	2026-08-19T11:41:12.0959776Z hint: will change to "main" in Git 3.0. To configure the initial branch name
dependency-test	UNKNOWN STEP	2026-08-19T11:41:12.0961451Z hint: to use in all of your new repositories, which will suppress this warning,
dependency-test	UNKNOWN STEP	2026-08-19T11:41:12.0962202Z hint: call:
dependency-test	UNKNOWN STEP	2026-08-19T11:41:12.0962603Z hint:
dependency-test	UNKNOWN STEP	2026-08-19T11:41:12.0963107Z hint: 	git config --global init.defaultBranch <name>
dependency-test	UNKNOWN STEP	2026-08-19T11:41:12.0963726Z hint:
dependency-test	UNKNOWN STEP	2026-08-19T11:41:12.0964295Z hint: Names commonly chosen instead of 'master' are 'main', 'trunk' and
dependency-test	UNKNOWN STEP	2026-08-19T11:41:12.0965243Z hint: 'development'. The just-created branch can be renamed via this command:
dependency-test	UNKNOWN STEP	2026-08-19T11:41:12.0965956Z hint:
dependency-test	UNKNOWN STEP	2026-08-19T11:41:12.0966357Z hint: 	git branch -m <name>
dependency-test	UNKNOWN STEP	2026-08-19T11:41:12.0966827Z hint:
dependency-test	UNKNOWN STEP	2026-08-19T11:41:12.0967436Z hint: Disable this message with "git config set advice.defaultBranchName false"
dependency-test	UNKNOWN STEP	2026-08-19T11:41:12.0973615Z Initialized empty Git repository in /home/runner/work/dependency-error-repo/dependency-error-repo/.git/
dependency-test	UNKNOWN STEP	2026-08-19T11:41:12.0984350Z [command]/usr/bin/git remote add origin https://github.com/DhruvHegde/dependency-error-repo
dependency-test	UNKNOWN STEP	2026-08-19T11:41:12.1026049Z ##[endgroup]
dependency-test	UNKNOWN STEP	2026-08-19T11:41:12.1027220Z ##[group]Disabling automatic garbage collection
dependency-test	UNKNOWN STEP	2026-08-19T11:41:12.1030513Z [command]/usr/bin/git config --local gc.auto 0
dependency-test	UNKNOWN STEP	2026-08-19T11:41:12.1063142Z ##[endgroup]
dependency-test	UNKNOWN STEP	2026-08-19T11:41:12.1064199Z ##[group]Setting up auth
dependency-test	UNKNOWN STEP	2026-08-19T11:41:12.1068828Z [command]/usr/bin/git config --local --name-only --get-regexp core\.sshCommand
dependency-test	UNKNOWN STEP	2026-08-19T11:41:12.1108292Z [command]/usr/bin/git submodule foreach --recursive sh -c "git config --local --name-only --get-regexp 'core\.sshCommand' && git config --local --unset-all 'core.sshCommand' || :"
dependency-test	UNKNOWN STEP	2026-08-19T11:41:12.1462076Z [command]/usr/bin/git config --local --name-only --get-regexp http\.https\:\/\/github\.com\/\.extraheader
dependency-test	UNKNOWN STEP	2026-08-19T11:41:12.1505380Z [command]/usr/bin/git submodule foreach --recursive sh -c "git config --local --name-only --get-regexp 'http\.https\:\/\/github\.com\/\.extraheader' && git config --local --unset-all 'http.https://github.com/.extraheader' || :"
dependency-test	UNKNOWN STEP	2026-08-19T11:41:12.1755320Z [command]/usr/bin/git config --local --name-only --get-regexp ^includeIf\.gitdir:
dependency-test	UNKNOWN STEP	2026-08-19T11:41:12.1794984Z [command]/usr/bin/git submodule foreach --recursive git config --local --show-origin --name-only --get-regexp remote.origin.url
dependency-test	UNKNOWN STEP	2026-08-19T11:41:12.2038424Z [command]/usr/bin/git config --local http.https://github.com/.extraheader AUTHORIZATION: basic ***
dependency-test	UNKNOWN STEP	2026-08-19T11:41:12.2079828Z ##[endgroup]
dependency-test	UNKNOWN STEP	2026-08-19T11:41:12.2081828Z ##[group]Fetching the repository
dependency-test	UNKNOWN STEP	2026-08-19T11:41:12.2092037Z [command]/usr/bin/git -c protocol.version=2 fetch --no-tags --prune --no-recurse-submodules --depth=1 origin +07016968064009785e3f6768f91d09893addd9ab:refs/remotes/origin/feature/test-failures
dependency-test	UNKNOWN STEP	2026-08-19T11:41:12.4417172Z From https://github.com/DhruvHegde/dependency-error-repo
dependency-test	UNKNOWN STEP	2026-08-19T11:41:12.4418250Z  * [new ref]         07016968064009785e3f6768f91d09893addd9ab -> origin/feature/test-failures
dependency-test	UNKNOWN STEP	2026-08-19T11:41:12.4451148Z ##[endgroup]
dependency-test	UNKNOWN STEP	2026-08-19T11:41:12.4452020Z ##[group]Determining the checkout info
dependency-test	UNKNOWN STEP	2026-08-19T11:41:12.4454010Z ##[endgroup]
dependency-test	UNKNOWN STEP	2026-08-19T11:41:12.4460037Z [command]/usr/bin/git sparse-checkout disable
dependency-test	UNKNOWN STEP	2026-08-19T11:41:12.4508416Z [command]/usr/bin/git config --local --unset-all extensions.worktreeConfig
dependency-test	UNKNOWN STEP	2026-08-19T11:41:12.4542720Z ##[group]Checking out the ref
dependency-test	UNKNOWN STEP	2026-08-19T11:41:12.4547226Z [command]/usr/bin/git checkout --progress --force -B feature/test-failures refs/remotes/origin/feature/test-failures
dependency-test	UNKNOWN STEP	2026-08-19T11:41:12.4614252Z Switched to a new branch 'feature/test-failures'
dependency-test	UNKNOWN STEP	2026-08-19T11:41:12.4617108Z branch 'feature/test-failures' set up to track 'origin/feature/test-failures'.
dependency-test	UNKNOWN STEP	2026-08-19T11:41:12.4622477Z ##[endgroup]
dependency-test	UNKNOWN STEP	2026-08-19T11:41:12.4665088Z [command]/usr/bin/git log -1 --format=%H
dependency-test	UNKNOWN STEP	2026-08-19T11:41:12.4693631Z 07016968064009785e3f6768f91d09893addd9ab
dependency-test	UNKNOWN STEP	2026-08-19T11:41:12.4986818Z Node 20 is being deprecated. This workflow is running with Node 24 by default. If you need to temporarily use Node 20, you can set the ACTIONS_ALLOW_USE_UNSECURE_NODE_VERSION=true environment variable. For more information see: https://github.blog/changelog/2025-09-19-deprecation-of-node-20-on-github-actions-runners/
dependency-test	UNKNOWN STEP	2026-08-19T11:41:12.4989413Z ##[group]Run actions/setup-python@v5
dependency-test	UNKNOWN STEP	2026-08-19T11:41:12.4989922Z with:
dependency-test	UNKNOWN STEP	2026-08-19T11:41:12.4990475Z   python-version: 3.11
dependency-test	UNKNOWN STEP	2026-08-19T11:41:12.4990925Z   check-latest: false
dependency-test	UNKNOWN STEP	2026-08-19T11:41:12.4994572Z   token: ***
dependency-test	UNKNOWN STEP	2026-08-19T11:41:12.4994997Z   update-environment: true
dependency-test	UNKNOWN STEP	2026-08-19T11:41:12.4995476Z   allow-prereleases: false
dependency-test	UNKNOWN STEP	2026-08-19T11:41:12.4995938Z   freethreaded: false
dependency-test	UNKNOWN STEP	2026-08-19T11:41:12.4996379Z ##[endgroup]
dependency-test	UNKNOWN STEP	2026-08-19T11:41:12.6361813Z ##[group]Installed versions
dependency-test	UNKNOWN STEP	2026-08-19T11:41:12.6443842Z (node:2248) [DEP0040] DeprecationWarning: The `punycode` module is deprecated. Please use a userland alternative instead.
dependency-test	UNKNOWN STEP	2026-08-19T11:41:12.6445287Z (Use `node --trace-deprecation ...` to show where the warning was created)
dependency-test	UNKNOWN STEP	2026-08-19T11:41:12.6446489Z Successfully set up CPython (3.11.15)
dependency-test	UNKNOWN STEP	2026-08-19T11:41:12.6447457Z ##[endgroup]
dependency-test	UNKNOWN STEP	2026-08-19T11:41:12.6657919Z ##[group]Run python -m pip install --upgrade pip
dependency-test	UNKNOWN STEP	2026-08-19T11:41:12.6658712Z ^[[36;1mpython -m pip install --upgrade pip^[[0m
dependency-test	UNKNOWN STEP	2026-08-19T11:41:12.6659332Z ^[[36;1mpip install -r requirements.txt^[[0m
dependency-test	UNKNOWN STEP	2026-08-19T11:41:12.6712562Z shell: /usr/bin/bash -e {0}
dependency-test	UNKNOWN STEP	2026-08-19T11:41:12.6713087Z env:
dependency-test	UNKNOWN STEP	2026-08-19T11:41:12.6713612Z   pythonLocation: /opt/hostedtoolcache/Python/3.11.15/x64
dependency-test	UNKNOWN STEP	2026-08-19T11:41:12.6714438Z   PKG_CONFIG_PATH: /opt/hostedtoolcache/Python/3.11.15/x64/lib/pkgconfig
dependency-test	UNKNOWN STEP	2026-08-19T11:41:12.6715220Z   Python_ROOT_DIR: /opt/hostedtoolcache/Python/3.11.15/x64
dependency-test	UNKNOWN STEP	2026-08-19T11:41:12.6715923Z   Python2_ROOT_DIR: /opt/hostedtoolcache/Python/3.11.15/x64
dependency-test	UNKNOWN STEP	2026-08-19T11:41:12.6716667Z   Python3_ROOT_DIR: /opt/hostedtoolcache/Python/3.11.15/x64
dependency-test	UNKNOWN STEP	2026-08-19T11:41:12.6717387Z   LD_LIBRARY_PATH: /opt/hostedtoolcache/Python/3.11.15/x64/lib
dependency-test	UNKNOWN STEP	2026-08-19T11:41:12.6718031Z ##[endgroup]
dependency-test	UNKNOWN STEP	2026-08-19T11:41:14.5105762Z Requirement already satisfied: pip in /opt/hostedtoolcache/Python/3.11.15/x64/lib/python3.11/site-packages (26.2.1)
dependency-test	UNKNOWN STEP	2026-08-19T11:41:15.6657344Z ERROR: Ignored the following yanked versions: 4.2.12, 5.0.5
dependency-test	UNKNOWN STEP	2026-08-19T11:41:15.6659781Z ERROR: Ignored the following versions that require a different python version: 6.0 Requires-Python >=3.12; 6.0.1 Requires-Python >=3.12; 6.0.2 Requires-Python >=3.12; 6.0.3 Requires-Python >=3.12; 6.0.4 Requires-Python >=3.12; 6.0.5 Requires-Python >=3.12; 6.0.6 Requires-Python >=3.12; 6.0.7 Requires-Python >=3.12; 6.0.8 Requires-Python >=3.12; 6.0a1 Requires-Python >=3.12; 6.0b1 Requires-Python >=3.12; 6.0rc1 Requires-Python >=3.12; 6.1 Requires-Python >=3.12; 6.1a1 Requires-Python >=3.12; 6.1b1 Requires-Python >=3.12; 6.1rc1 Requires-Python >=3.12
dependency-test	UNKNOWN STEP	2026-08-19T11:41:15.6668886Z ERROR: Could not find a version that satisfies the requirement django==99.99.99 (from versions: 1.1.3, 1.1.4, 1.2, 1.2.1, 1.2.2, 1.2.3, 1.2.4, 1.2.5, 1.2.6, 1.2.7, 1.3, 1.3.1, 1.3.2, 1.3.3, 1.3.4, 1.3.5, 1.3.6, 1.3.7, 1.4, 1.4.1, 1.4.2, 1.4.3, 1.4.4, 1.4.5, 1.4.6, 1.4.7, 1.4.8, 1.4.9, 1.4.10, 1.4.11, 1.4.12, 1.4.13, 1.4.14, 1.4.15, 1.4.16, 1.4.17, 1.4.18, 1.4.19, 1.4.20, 1.4.21, 1.4.22, 1.5, 1.5.1, 1.5.2, 1.5.3, 1.5.4, 1.5.5, 1.5.6, 1.5.7, 1.5.8, 1.5.9, 1.5.10, 1.5.11, 1.5.12, 1.6, 1.6.1, 1.6.2, 1.6.3, 1.6.4, 1.6.5, 1.6.6, 1.6.7, 1.6.8, 1.6.9, 1.6.10, 1.6.11, 1.7, 1.7.1, 1.7.2, 1.7.3, 1.7.4, 1.7.5, 1.7.6, 1.7.7, 1.7.8, 1.7.9, 1.7.10, 1.7.11, 1.8a1, 1.8b1, 1.8b2, 1.8rc1, 1.8, 1.8.1, 1.8.2, 1.8.3, 1.8.4, 1.8.5, 1.8.6, 1.8.7, 1.8.8, 1.8.9, 1.8.10, 1.8.11, 1.8.12, 1.8.13, 1.8.14, 1.8.15, 1.8.16, 1.8.17, 1.8.18, 1.8.19, 1.9a1, 1.9b1, 1.9rc1, 1.9rc2, 1.9, 1.9.1, 1.9.2, 1.9.3, 1.9.4, 1.9.5, 1.9.6, 1.9.7, 1.9.8, 1.9.9, 1.9.10, 1.9.11, 1.9.12, 1.9.13, 1.10a1, 1.10b1, 1.10rc1, 1.10, 1.10.1, 1.10.2, 1.10.3, 1.10.4, 1.10.5, 1.10.6, 1.10.7, 1.10.8, 1.11a1, 1.11b1, 1.11rc1, 1.11, 1.11.1, 1.11.2, 1.11.3, 1.11.4, 1.11.5, 1.11.6, 1.11.7, 1.11.8, 1.11.9, 1.11.10, 1.11.11, 1.11.12, 1.11.13, 1.11.14, 1.11.15, 1.11.16, 1.11.17, 1.11.18, 1.11.20, 1.11.21, 1.11.22, 1.11.23, 1.11.24, 1.11.25, 1.11.26, 1.11.27, 1.11.28, 1.11.29, 2.0a1, 2.0b1, 2.0rc1, 2.0, 2.0.1, 2.0.2, 2.0.3, 2.0.4, 2.0.5, 2.0.6, 2.0.7, 2.0.8, 2.0.9, 2.0.10, 2.0.12, 2.0.13, 2.1a1, 2.1b1, 2.1rc1, 2.1, 2.1.1, 2.1.2, 2.1.3, 2.1.4, 2.1.5, 2.1.7, 2.1.8, 2.1.9, 2.1.10, 2.1.11, 2.1.12, 2.1.13, 2.1.14, 2.1.15, 2.2a1, 2.2b1, 2.2rc1, 2.2, 2.2.1, 2.2.2, 2.2.3, 2.2.4, 2.2.5, 2.2.6, 2.2.7, 2.2.8, 2.2.9, 2.2.10, 2.2.11, 2.2.12, 2.2.13, 2.2.14, 2.2.15, 2.2.16, 2.2.17, 2.2.18, 2.2.19, 2.2.20, 2.2.21, 2.2.22, 2.2.23, 2.2.24, 2.2.25, 2.2.26, 2.2.27, 2.2.28, 3.0a1, 3.0b1, 3.0rc1, 3.0, 3.0.1, 3.0.2, 3.0.3, 3.0.4, 3.0.5, 3.0.6, 3.0.7, 3.0.8, 3.0.9, 3.0.10, 3.0.11, 3.0.12, 3.0.13, 3.0.14, 3.1a1, 3.1b1, 3.1rc1, 3.1, 3.1.1, 3.1.2, 3.1.3, 3.1.4, 3.1.5, 3.1.6, 3.1.7, 3.1.8, 3.1.9, 3.1.10, 3.1.11, 3.1.12, 3.1.13, 3.1.14, 3.2a1, 3.2b1, 3.2rc1, 3.2, 3.2.1, 3.2.2, 3.2.3, 3.2.4, 3.2.5, 3.2.6, 3.2.7, 3.2.8, 3.2.9, 3.2.10, 3.2.11, 3.2.12, 3.2.13, 3.2.14, 3.2.15, 3.2.16, 3.2.17, 3.2.18, 3.2.19, 3.2.20, 3.2.21, 3.2.22, 3.2.23, 3.2.24, 3.2.25, 4.0a1, 4.0b1, 4.0rc1, 4.0, 4.0.1, 4.0.2, 4.0.3, 4.0.4, 4.0.5, 4.0.6, 4.0.7, 4.0.8, 4.0.9, 4.0.10, 4.1a1, 4.1b1, 4.1rc1, 4.1, 4.1.1, 4.1.2, 4.1.3, 4.1.4, 4.1.5, 4.1.6, 4.1.7, 4.1.8, 4.1.9, 4.1.10, 4.1.11, 4.1.12, 4.1.13, 4.2a1, 4.2b1, 4.2rc1, 4.2, 4.2.1, 4.2.2, 4.2.3, 4.2.4, 4.2.5, 4.2.6, 4.2.7, 4.2.8, 4.2.9, 4.2.10, 4.2.11, 4.2.13, 4.2.14, 4.2.15, 4.2.16, 4.2.17, 4.2.18, 4.2.19, 4.2.20, 4.2.21, 4.2.22, 4.2.23, 4.2.24, 4.2.25, 4.2.26, 4.2.27, 4.2.28, 4.2.29, 4.2.30, 5.0a1, 5.0b1, 5.0rc1, 5.0, 5.0.1, 5.0.2, 5.0.3, 5.0.4, 5.0.6, 5.0.7, 5.0.8, 5.0.9, 5.0.10, 5.0.11, 5.0.12, 5.0.13, 5.0.14, 5.1a1, 5.1b1, 5.1rc1, 5.1, 5.1.1, 5.1.2, 5.1.3, 5.1.4, 5.1.5, 5.1.6, 5.1.7, 5.1.8, 5.1.9, 5.1.10, 5.1.11, 5.1.12, 5.1.13, 5.1.14, 5.1.15, 5.2a1, 5.2b1, 5.2rc1, 5.2, 5.2.1, 5.2.2, 5.2.3, 5.2.4, 5.2.5, 5.2.6, 5.2.7, 5.2.8, 5.2.9, 5.2.10, 5.2.11, 5.2.12, 5.2.13, 5.2.14, 5.2.15, 5.2.16, 5.2.17)
dependency-test	UNKNOWN STEP	2026-08-19T11:41:15.6675686Z ERROR: No matching distribution found for django==99.99.99
dependency-test	UNKNOWN STEP	2026-08-19T11:41:15.7115523Z ##[error]Process completed with exit code 1.
dependency-test	UNKNOWN STEP	2026-08-19T11:41:15.7265877Z Node 20 is being deprecated. This workflow is running with Node 24 by default. If you need to temporarily use Node 20, you can set the ACTIONS_ALLOW_USE_UNSECURE_NODE_VERSION=true environment variable. For more information see: https://github.blog/changelog/2025-09-19-deprecation-of-node-20-on-github-actions-runners/
dependency-test	UNKNOWN STEP	2026-08-19T11:41:15.7267143Z Post job cleanup.
dependency-test	UNKNOWN STEP	2026-08-19T11:41:15.8124387Z [command]/usr/bin/git version
dependency-test	UNKNOWN STEP	2026-08-19T11:41:15.8201207Z git version 2.54.0
dependency-test	UNKNOWN STEP	2026-08-19T11:41:15.8242406Z Temporarily overriding HOME='/home/runner/work/_temp/95abe3ab-4553-4d3a-9dcb-1ecb89cf9b09' before making global git config changes
dependency-test	UNKNOWN STEP	2026-08-19T11:41:15.8243850Z Adding repository directory to the temporary git global config as a safe directory
dependency-test	UNKNOWN STEP	2026-08-19T11:41:15.8249222Z [command]/usr/bin/git config --global --add safe.directory /home/runner/work/dependency-error-repo/dependency-error-repo
dependency-test	UNKNOWN STEP	2026-08-19T11:41:15.8292013Z [command]/usr/bin/git config --local --name-only --get-regexp core\.sshCommand
dependency-test	UNKNOWN STEP	2026-08-19T11:41:15.8328136Z [command]/usr/bin/git submodule foreach --recursive sh -c "git config --local --name-only --get-regexp 'core\.sshCommand' && git config --local --unset-all 'core.sshCommand' || :"
dependency-test	UNKNOWN STEP	2026-08-19T11:41:15.8604185Z [command]/usr/bin/git config --local --name-only --get-regexp http\.https\:\/\/github\.com\/\.extraheader
dependency-test	UNKNOWN STEP	2026-08-19T11:41:15.8633649Z http.https://github.com/.extraheader
dependency-test	UNKNOWN STEP	2026-08-19T11:41:15.8646747Z [command]/usr/bin/git config --local --unset-all http.https://github.com/.extraheader
dependency-test	UNKNOWN STEP	2026-08-19T11:41:15.8696361Z [command]/usr/bin/git submodule foreach --recursive sh -c "git config --local --name-only --get-regexp 'http\.https\:\/\/github\.com\/\.extraheader' && git config --local --unset-all 'http.https://github.com/.extraheader' || :"
dependency-test	UNKNOWN STEP	2026-08-19T11:41:15.9012668Z [command]/usr/bin/git config --local --name-only --get-regexp ^includeIf\.gitdir:
dependency-test	UNKNOWN STEP	2026-08-19T11:41:15.9061312Z [command]/usr/bin/git submodule foreach --recursive git config --local --show-origin --name-only --get-regexp remote.origin.url
dependency-test	UNKNOWN STEP	2026-08-19T11:41:15.9467250Z Cleaning up orphan processes
dependency-test	UNKNOWN STEP	2026-08-19T11:41:15.9763336Z ##[warning]Node.js 20 is deprecated. The following actions target Node.js 20 but are being forced to run on Node.js 24: actions/checkout@v4, actions/setup-python@v5. For more information see: https://github.blog/changelog/2025-09-19-deprecation-of-node-20-on-github-actions-runners/