dependency-test	UNKNOWN STEP	﻿2026-08-19T11:39:09.1287166Z Current runner version: '2.336.0'
dependency-test	UNKNOWN STEP	2026-08-19T11:39:09.1312868Z ##[group]Runner Image Provisioner
dependency-test	UNKNOWN STEP	2026-08-19T11:39:09.1313724Z Hosted Compute Agent
dependency-test	UNKNOWN STEP	2026-08-19T11:39:09.1314363Z Version: 20260729.566
dependency-test	UNKNOWN STEP	2026-08-19T11:39:09.1315058Z Commit: cf7153fe6e25b664e8693c24944bf2b00355d109
dependency-test	UNKNOWN STEP	2026-08-19T11:39:09.1315796Z Build Date: 2026-07-29T19:17:02Z
dependency-test	UNKNOWN STEP	2026-08-19T11:39:09.1316468Z Worker ID: {43a187b9-d444-4b25-ab3c-507116a2ff98}
dependency-test	UNKNOWN STEP	2026-08-19T11:39:09.1317263Z Azure Region: eastus
dependency-test	UNKNOWN STEP	2026-08-19T11:39:09.1317884Z ##[endgroup]
dependency-test	UNKNOWN STEP	2026-08-19T11:39:09.1319242Z ##[group]Operating System
dependency-test	UNKNOWN STEP	2026-08-19T11:39:09.1320196Z Ubuntu
dependency-test	UNKNOWN STEP	2026-08-19T11:39:09.1320740Z 24.04.4
dependency-test	UNKNOWN STEP	2026-08-19T11:39:09.1321351Z LTS
dependency-test	UNKNOWN STEP	2026-08-19T11:39:09.1321914Z ##[endgroup]
dependency-test	UNKNOWN STEP	2026-08-19T11:39:09.1322499Z ##[group]Runner Image
dependency-test	UNKNOWN STEP	2026-08-19T11:39:09.1323135Z Image: ubuntu-24.04
dependency-test	UNKNOWN STEP	2026-08-19T11:39:09.1323720Z Version: 20260810.271.1
dependency-test	UNKNOWN STEP	2026-08-19T11:39:09.1325072Z Included Software: https://github.com/actions/runner-images/blob/ubuntu24/20260810.271/images/ubuntu/Ubuntu2404-Readme.md
dependency-test	UNKNOWN STEP	2026-08-19T11:39:09.1326679Z Image Release: https://github.com/actions/runner-images/releases/tag/ubuntu24%2F20260810.271
dependency-test	UNKNOWN STEP	2026-08-19T11:39:09.1327665Z ##[endgroup]
dependency-test	UNKNOWN STEP	2026-08-19T11:39:09.1328807Z ##[group]GITHUB_TOKEN Permissions
dependency-test	UNKNOWN STEP	2026-08-19T11:39:09.1331307Z Contents: read
dependency-test	UNKNOWN STEP	2026-08-19T11:39:09.1331952Z Metadata: read
dependency-test	UNKNOWN STEP	2026-08-19T11:39:09.1332638Z Packages: read
dependency-test	UNKNOWN STEP	2026-08-19T11:39:09.1333259Z ##[endgroup]
dependency-test	UNKNOWN STEP	2026-08-19T11:39:09.1336704Z Secret source: Actions
dependency-test	UNKNOWN STEP	2026-08-19T11:39:09.1337969Z Prepare workflow directory
dependency-test	UNKNOWN STEP	2026-08-19T11:39:09.1655323Z Prepare all required actions
dependency-test	UNKNOWN STEP	2026-08-19T11:39:09.1702489Z Getting action download info
dependency-test	UNKNOWN STEP	2026-08-19T11:39:09.3667648Z Download action repository 'actions/checkout@v4' (SHA:11d5960a326750d5838078e36cf38b85af677262)
dependency-test	UNKNOWN STEP	2026-08-19T11:39:09.4854360Z Download action repository 'actions/setup-python@v5' (SHA:a26af69be951a213d495a4c3e4e4022e16d87065)
dependency-test	UNKNOWN STEP	2026-08-19T11:39:09.6671947Z Complete job name: dependency-test
dependency-test	UNKNOWN STEP	2026-08-19T11:39:09.7397900Z Node 20 is being deprecated. This workflow is running with Node 24 by default. If you need to temporarily use Node 20, you can set the ACTIONS_ALLOW_USE_UNSECURE_NODE_VERSION=true environment variable. For more information see: https://github.blog/changelog/2025-09-19-deprecation-of-node-20-on-github-actions-runners/
dependency-test	UNKNOWN STEP	2026-08-19T11:39:09.7406983Z ##[group]Run actions/checkout@v4
dependency-test	UNKNOWN STEP	2026-08-19T11:39:09.7407664Z with:
dependency-test	UNKNOWN STEP	2026-08-19T11:39:09.7408140Z   repository: DhruvHegde/dependency-error-repo
dependency-test	UNKNOWN STEP	2026-08-19T11:39:09.7412191Z   token: ***
dependency-test	UNKNOWN STEP	2026-08-19T11:39:09.7412632Z   ssh-strict: true
dependency-test	UNKNOWN STEP	2026-08-19T11:39:09.7413067Z   ssh-user: git
dependency-test	UNKNOWN STEP	2026-08-19T11:39:09.7413501Z   persist-credentials: true
dependency-test	UNKNOWN STEP	2026-08-19T11:39:09.7413973Z   clean: true
dependency-test	UNKNOWN STEP	2026-08-19T11:39:09.7414408Z   sparse-checkout-cone-mode: true
dependency-test	UNKNOWN STEP	2026-08-19T11:39:09.7414906Z   fetch-depth: 1
dependency-test	UNKNOWN STEP	2026-08-19T11:39:09.7415323Z   fetch-tags: false
dependency-test	UNKNOWN STEP	2026-08-19T11:39:09.7415754Z   show-progress: true
dependency-test	UNKNOWN STEP	2026-08-19T11:39:09.7416186Z   lfs: false
dependency-test	UNKNOWN STEP	2026-08-19T11:39:09.7416632Z   submodules: false
dependency-test	UNKNOWN STEP	2026-08-19T11:39:09.7417072Z   set-safe-directory: true
dependency-test	UNKNOWN STEP	2026-08-19T11:39:09.7417567Z   allow-unsafe-pr-checkout: false
dependency-test	UNKNOWN STEP	2026-08-19T11:39:09.7418290Z ##[endgroup]
dependency-test	UNKNOWN STEP	2026-08-19T11:39:09.8441753Z Syncing repository: DhruvHegde/dependency-error-repo
dependency-test	UNKNOWN STEP	2026-08-19T11:39:09.8443938Z ##[group]Getting Git version info
dependency-test	UNKNOWN STEP	2026-08-19T11:39:09.8444869Z Working directory is '/home/runner/work/dependency-error-repo/dependency-error-repo'
dependency-test	UNKNOWN STEP	2026-08-19T11:39:09.8446208Z [command]/usr/bin/git version
dependency-test	UNKNOWN STEP	2026-08-19T11:39:09.8490098Z git version 2.54.0
dependency-test	UNKNOWN STEP	2026-08-19T11:39:09.8511029Z ##[endgroup]
dependency-test	UNKNOWN STEP	2026-08-19T11:39:09.8526729Z Temporarily overriding HOME='/home/runner/work/_temp/309aa6bc-10f5-4ec5-9b67-209878899402' before making global git config changes
dependency-test	UNKNOWN STEP	2026-08-19T11:39:09.8528940Z Adding repository directory to the temporary git global config as a safe directory
dependency-test	UNKNOWN STEP	2026-08-19T11:39:09.8531881Z [command]/usr/bin/git config --global --add safe.directory /home/runner/work/dependency-error-repo/dependency-error-repo
dependency-test	UNKNOWN STEP	2026-08-19T11:39:09.8586008Z Deleting the contents of '/home/runner/work/dependency-error-repo/dependency-error-repo'
dependency-test	UNKNOWN STEP	2026-08-19T11:39:09.8596408Z ##[group]Initializing the repository
dependency-test	UNKNOWN STEP	2026-08-19T11:39:09.8602872Z [command]/usr/bin/git init /home/runner/work/dependency-error-repo/dependency-error-repo
dependency-test	UNKNOWN STEP	2026-08-19T11:39:09.8678409Z hint: Using 'master' as the name for the initial branch. This default branch name
dependency-test	UNKNOWN STEP	2026-08-19T11:39:09.8680136Z hint: will change to "main" in Git 3.0. To configure the initial branch name
dependency-test	UNKNOWN STEP	2026-08-19T11:39:09.8681260Z hint: to use in all of your new repositories, which will suppress this warning,
dependency-test	UNKNOWN STEP	2026-08-19T11:39:09.8681999Z hint: call:
dependency-test	UNKNOWN STEP	2026-08-19T11:39:09.8682394Z hint:
dependency-test	UNKNOWN STEP	2026-08-19T11:39:09.8682895Z hint: 	git config --global init.defaultBranch <name>
dependency-test	UNKNOWN STEP	2026-08-19T11:39:09.8683506Z hint:
dependency-test	UNKNOWN STEP	2026-08-19T11:39:09.8684341Z hint: Names commonly chosen instead of 'master' are 'main', 'trunk' and
dependency-test	UNKNOWN STEP	2026-08-19T11:39:09.8685761Z hint: 'development'. The just-created branch can be renamed via this command:
dependency-test	UNKNOWN STEP	2026-08-19T11:39:09.8686868Z hint:
dependency-test	UNKNOWN STEP	2026-08-19T11:39:09.8687279Z hint: 	git branch -m <name>
dependency-test	UNKNOWN STEP	2026-08-19T11:39:09.8687752Z hint:
dependency-test	UNKNOWN STEP	2026-08-19T11:39:09.8688680Z hint: Disable this message with "git config set advice.defaultBranchName false"
dependency-test	UNKNOWN STEP	2026-08-19T11:39:09.8690666Z Initialized empty Git repository in /home/runner/work/dependency-error-repo/dependency-error-repo/.git/
dependency-test	UNKNOWN STEP	2026-08-19T11:39:09.8696602Z [command]/usr/bin/git remote add origin https://github.com/DhruvHegde/dependency-error-repo
dependency-test	UNKNOWN STEP	2026-08-19T11:39:09.8737822Z ##[endgroup]
dependency-test	UNKNOWN STEP	2026-08-19T11:39:09.8738710Z ##[group]Disabling automatic garbage collection
dependency-test	UNKNOWN STEP	2026-08-19T11:39:09.8741580Z [command]/usr/bin/git config --local gc.auto 0
dependency-test	UNKNOWN STEP	2026-08-19T11:39:09.8773605Z ##[endgroup]
dependency-test	UNKNOWN STEP	2026-08-19T11:39:09.8774466Z ##[group]Setting up auth
dependency-test	UNKNOWN STEP	2026-08-19T11:39:09.8780955Z [command]/usr/bin/git config --local --name-only --get-regexp core\.sshCommand
dependency-test	UNKNOWN STEP	2026-08-19T11:39:09.8819379Z [command]/usr/bin/git submodule foreach --recursive sh -c "git config --local --name-only --get-regexp 'core\.sshCommand' && git config --local --unset-all 'core.sshCommand' || :"
dependency-test	UNKNOWN STEP	2026-08-19T11:39:09.9175177Z [command]/usr/bin/git config --local --name-only --get-regexp http\.https\:\/\/github\.com\/\.extraheader
dependency-test	UNKNOWN STEP	2026-08-19T11:39:09.9204028Z [command]/usr/bin/git submodule foreach --recursive sh -c "git config --local --name-only --get-regexp 'http\.https\:\/\/github\.com\/\.extraheader' && git config --local --unset-all 'http.https://github.com/.extraheader' || :"
dependency-test	UNKNOWN STEP	2026-08-19T11:39:09.9462047Z [command]/usr/bin/git config --local --name-only --get-regexp ^includeIf\.gitdir:
dependency-test	UNKNOWN STEP	2026-08-19T11:39:09.9501332Z [command]/usr/bin/git submodule foreach --recursive git config --local --show-origin --name-only --get-regexp remote.origin.url
dependency-test	UNKNOWN STEP	2026-08-19T11:39:09.9740722Z [command]/usr/bin/git config --local http.https://github.com/.extraheader AUTHORIZATION: basic ***
dependency-test	UNKNOWN STEP	2026-08-19T11:39:09.9780553Z ##[endgroup]
dependency-test	UNKNOWN STEP	2026-08-19T11:39:09.9781726Z ##[group]Fetching the repository
dependency-test	UNKNOWN STEP	2026-08-19T11:39:09.9792056Z [command]/usr/bin/git -c protocol.version=2 fetch --no-tags --prune --no-recurse-submodules --depth=1 origin +32b82e748682f4eec0ddfe4591dbcd5e2838c574:refs/remotes/origin/feature/test-failures
dependency-test	UNKNOWN STEP	2026-08-19T11:39:10.2064116Z From https://github.com/DhruvHegde/dependency-error-repo
dependency-test	UNKNOWN STEP	2026-08-19T11:39:10.2065827Z  * [new ref]         32b82e748682f4eec0ddfe4591dbcd5e2838c574 -> origin/feature/test-failures
dependency-test	UNKNOWN STEP	2026-08-19T11:39:10.2101952Z ##[endgroup]
dependency-test	UNKNOWN STEP	2026-08-19T11:39:10.2102852Z ##[group]Determining the checkout info
dependency-test	UNKNOWN STEP	2026-08-19T11:39:10.2104192Z ##[endgroup]
dependency-test	UNKNOWN STEP	2026-08-19T11:39:10.2110511Z [command]/usr/bin/git sparse-checkout disable
dependency-test	UNKNOWN STEP	2026-08-19T11:39:10.2159061Z [command]/usr/bin/git config --local --unset-all extensions.worktreeConfig
dependency-test	UNKNOWN STEP	2026-08-19T11:39:10.2194090Z ##[group]Checking out the ref
dependency-test	UNKNOWN STEP	2026-08-19T11:39:10.2198306Z [command]/usr/bin/git checkout --progress --force -B feature/test-failures refs/remotes/origin/feature/test-failures
dependency-test	UNKNOWN STEP	2026-08-19T11:39:10.2264181Z Switched to a new branch 'feature/test-failures'
dependency-test	UNKNOWN STEP	2026-08-19T11:39:10.2266957Z branch 'feature/test-failures' set up to track 'origin/feature/test-failures'.
dependency-test	UNKNOWN STEP	2026-08-19T11:39:10.2313677Z ##[endgroup]
dependency-test	UNKNOWN STEP	2026-08-19T11:39:10.2318268Z [command]/usr/bin/git log -1 --format=%H
dependency-test	UNKNOWN STEP	2026-08-19T11:39:10.2348124Z 32b82e748682f4eec0ddfe4591dbcd5e2838c574
dependency-test	UNKNOWN STEP	2026-08-19T11:39:10.2634074Z Node 20 is being deprecated. This workflow is running with Node 24 by default. If you need to temporarily use Node 20, you can set the ACTIONS_ALLOW_USE_UNSECURE_NODE_VERSION=true environment variable. For more information see: https://github.blog/changelog/2025-09-19-deprecation-of-node-20-on-github-actions-runners/
dependency-test	UNKNOWN STEP	2026-08-19T11:39:10.2636662Z ##[group]Run actions/setup-python@v5
dependency-test	UNKNOWN STEP	2026-08-19T11:39:10.2637175Z with:
dependency-test	UNKNOWN STEP	2026-08-19T11:39:10.2637574Z   python-version: 3.11
dependency-test	UNKNOWN STEP	2026-08-19T11:39:10.2638036Z   check-latest: false
dependency-test	UNKNOWN STEP	2026-08-19T11:39:10.2641956Z   token: ***
dependency-test	UNKNOWN STEP	2026-08-19T11:39:10.2642389Z   update-environment: true
dependency-test	UNKNOWN STEP	2026-08-19T11:39:10.2642877Z   allow-prereleases: false
dependency-test	UNKNOWN STEP	2026-08-19T11:39:10.2643338Z   freethreaded: false
dependency-test	UNKNOWN STEP	2026-08-19T11:39:10.2643770Z ##[endgroup]
dependency-test	UNKNOWN STEP	2026-08-19T11:39:10.3957702Z ##[group]Installed versions
dependency-test	UNKNOWN STEP	2026-08-19T11:39:10.4035492Z (node:2235) [DEP0040] DeprecationWarning: The `punycode` module is deprecated. Please use a userland alternative instead.
dependency-test	UNKNOWN STEP	2026-08-19T11:39:10.4037428Z (Use `node --trace-deprecation ...` to show where the warning was created)
dependency-test	UNKNOWN STEP	2026-08-19T11:39:10.4038593Z Successfully set up CPython (3.11.15)
dependency-test	UNKNOWN STEP	2026-08-19T11:39:10.4040015Z ##[endgroup]
dependency-test	UNKNOWN STEP	2026-08-19T11:39:10.4248089Z ##[group]Run python -m pip install --upgrade pip
dependency-test	UNKNOWN STEP	2026-08-19T11:39:10.4248871Z ^[[36;1mpython -m pip install --upgrade pip^[[0m
dependency-test	UNKNOWN STEP	2026-08-19T11:39:10.4249511Z ^[[36;1mpip install -r requirements.txt^[[0m
dependency-test	UNKNOWN STEP	2026-08-19T11:39:10.4301878Z shell: /usr/bin/bash -e {0}
dependency-test	UNKNOWN STEP	2026-08-19T11:39:10.4302458Z env:
dependency-test	UNKNOWN STEP	2026-08-19T11:39:10.4302987Z   pythonLocation: /opt/hostedtoolcache/Python/3.11.15/x64
dependency-test	UNKNOWN STEP	2026-08-19T11:39:10.4303784Z   PKG_CONFIG_PATH: /opt/hostedtoolcache/Python/3.11.15/x64/lib/pkgconfig
dependency-test	UNKNOWN STEP	2026-08-19T11:39:10.4304565Z   Python_ROOT_DIR: /opt/hostedtoolcache/Python/3.11.15/x64
dependency-test	UNKNOWN STEP	2026-08-19T11:39:10.4305270Z   Python2_ROOT_DIR: /opt/hostedtoolcache/Python/3.11.15/x64
dependency-test	UNKNOWN STEP	2026-08-19T11:39:10.4306024Z   Python3_ROOT_DIR: /opt/hostedtoolcache/Python/3.11.15/x64
dependency-test	UNKNOWN STEP	2026-08-19T11:39:10.4306853Z   LD_LIBRARY_PATH: /opt/hostedtoolcache/Python/3.11.15/x64/lib
dependency-test	UNKNOWN STEP	2026-08-19T11:39:10.4307839Z ##[endgroup]
dependency-test	UNKNOWN STEP	2026-08-19T11:39:10.9977957Z Requirement already satisfied: pip in /opt/hostedtoolcache/Python/3.11.15/x64/lib/python3.11/site-packages (26.2.1)
dependency-test	UNKNOWN STEP	2026-08-19T11:39:11.5563813Z ERROR: Ignored the following yanked versions: 4.2.12, 5.0.5
dependency-test	UNKNOWN STEP	2026-08-19T11:39:11.5567912Z ERROR: Ignored the following versions that require a different python version: 6.0 Requires-Python >=3.12; 6.0.1 Requires-Python >=3.12; 6.0.2 Requires-Python >=3.12; 6.0.3 Requires-Python >=3.12; 6.0.4 Requires-Python >=3.12; 6.0.5 Requires-Python >=3.12; 6.0.6 Requires-Python >=3.12; 6.0.7 Requires-Python >=3.12; 6.0.8 Requires-Python >=3.12; 6.0a1 Requires-Python >=3.12; 6.0b1 Requires-Python >=3.12; 6.0rc1 Requires-Python >=3.12; 6.1 Requires-Python >=3.12; 6.1a1 Requires-Python >=3.12; 6.1b1 Requires-Python >=3.12; 6.1rc1 Requires-Python >=3.12
dependency-test	UNKNOWN STEP	2026-08-19T11:39:11.5583835Z ERROR: Could not find a version that satisfies the requirement django==99.99.99 (from versions: 1.1.3, 1.1.4, 1.2, 1.2.1, 1.2.2, 1.2.3, 1.2.4, 1.2.5, 1.2.6, 1.2.7, 1.3, 1.3.1, 1.3.2, 1.3.3, 1.3.4, 1.3.5, 1.3.6, 1.3.7, 1.4, 1.4.1, 1.4.2, 1.4.3, 1.4.4, 1.4.5, 1.4.6, 1.4.7, 1.4.8, 1.4.9, 1.4.10, 1.4.11, 1.4.12, 1.4.13, 1.4.14, 1.4.15, 1.4.16, 1.4.17, 1.4.18, 1.4.19, 1.4.20, 1.4.21, 1.4.22, 1.5, 1.5.1, 1.5.2, 1.5.3, 1.5.4, 1.5.5, 1.5.6, 1.5.7, 1.5.8, 1.5.9, 1.5.10, 1.5.11, 1.5.12, 1.6, 1.6.1, 1.6.2, 1.6.3, 1.6.4, 1.6.5, 1.6.6, 1.6.7, 1.6.8, 1.6.9, 1.6.10, 1.6.11, 1.7, 1.7.1, 1.7.2, 1.7.3, 1.7.4, 1.7.5, 1.7.6, 1.7.7, 1.7.8, 1.7.9, 1.7.10, 1.7.11, 1.8a1, 1.8b1, 1.8b2, 1.8rc1, 1.8, 1.8.1, 1.8.2, 1.8.3, 1.8.4, 1.8.5, 1.8.6, 1.8.7, 1.8.8, 1.8.9, 1.8.10, 1.8.11, 1.8.12, 1.8.13, 1.8.14, 1.8.15, 1.8.16, 1.8.17, 1.8.18, 1.8.19, 1.9a1, 1.9b1, 1.9rc1, 1.9rc2, 1.9, 1.9.1, 1.9.2, 1.9.3, 1.9.4, 1.9.5, 1.9.6, 1.9.7, 1.9.8, 1.9.9, 1.9.10, 1.9.11, 1.9.12, 1.9.13, 1.10a1, 1.10b1, 1.10rc1, 1.10, 1.10.1, 1.10.2, 1.10.3, 1.10.4, 1.10.5, 1.10.6, 1.10.7, 1.10.8, 1.11a1, 1.11b1, 1.11rc1, 1.11, 1.11.1, 1.11.2, 1.11.3, 1.11.4, 1.11.5, 1.11.6, 1.11.7, 1.11.8, 1.11.9, 1.11.10, 1.11.11, 1.11.12, 1.11.13, 1.11.14, 1.11.15, 1.11.16, 1.11.17, 1.11.18, 1.11.20, 1.11.21, 1.11.22, 1.11.23, 1.11.24, 1.11.25, 1.11.26, 1.11.27, 1.11.28, 1.11.29, 2.0a1, 2.0b1, 2.0rc1, 2.0, 2.0.1, 2.0.2, 2.0.3, 2.0.4, 2.0.5, 2.0.6, 2.0.7, 2.0.8, 2.0.9, 2.0.10, 2.0.12, 2.0.13, 2.1a1, 2.1b1, 2.1rc1, 2.1, 2.1.1, 2.1.2, 2.1.3, 2.1.4, 2.1.5, 2.1.7, 2.1.8, 2.1.9, 2.1.10, 2.1.11, 2.1.12, 2.1.13, 2.1.14, 2.1.15, 2.2a1, 2.2b1, 2.2rc1, 2.2, 2.2.1, 2.2.2, 2.2.3, 2.2.4, 2.2.5, 2.2.6, 2.2.7, 2.2.8, 2.2.9, 2.2.10, 2.2.11, 2.2.12, 2.2.13, 2.2.14, 2.2.15, 2.2.16, 2.2.17, 2.2.18, 2.2.19, 2.2.20, 2.2.21, 2.2.22, 2.2.23, 2.2.24, 2.2.25, 2.2.26, 2.2.27, 2.2.28, 3.0a1, 3.0b1, 3.0rc1, 3.0, 3.0.1, 3.0.2, 3.0.3, 3.0.4, 3.0.5, 3.0.6, 3.0.7, 3.0.8, 3.0.9, 3.0.10, 3.0.11, 3.0.12, 3.0.13, 3.0.14, 3.1a1, 3.1b1, 3.1rc1, 3.1, 3.1.1, 3.1.2, 3.1.3, 3.1.4, 3.1.5, 3.1.6, 3.1.7, 3.1.8, 3.1.9, 3.1.10, 3.1.11, 3.1.12, 3.1.13, 3.1.14, 3.2a1, 3.2b1, 3.2rc1, 3.2, 3.2.1, 3.2.2, 3.2.3, 3.2.4, 3.2.5, 3.2.6, 3.2.7, 3.2.8, 3.2.9, 3.2.10, 3.2.11, 3.2.12, 3.2.13, 3.2.14, 3.2.15, 3.2.16, 3.2.17, 3.2.18, 3.2.19, 3.2.20, 3.2.21, 3.2.22, 3.2.23, 3.2.24, 3.2.25, 4.0a1, 4.0b1, 4.0rc1, 4.0, 4.0.1, 4.0.2, 4.0.3, 4.0.4, 4.0.5, 4.0.6, 4.0.7, 4.0.8, 4.0.9, 4.0.10, 4.1a1, 4.1b1, 4.1rc1, 4.1, 4.1.1, 4.1.2, 4.1.3, 4.1.4, 4.1.5, 4.1.6, 4.1.7, 4.1.8, 4.1.9, 4.1.10, 4.1.11, 4.1.12, 4.1.13, 4.2a1, 4.2b1, 4.2rc1, 4.2, 4.2.1, 4.2.2, 4.2.3, 4.2.4, 4.2.5, 4.2.6, 4.2.7, 4.2.8, 4.2.9, 4.2.10, 4.2.11, 4.2.13, 4.2.14, 4.2.15, 4.2.16, 4.2.17, 4.2.18, 4.2.19, 4.2.20, 4.2.21, 4.2.22, 4.2.23, 4.2.24, 4.2.25, 4.2.26, 4.2.27, 4.2.28, 4.2.29, 4.2.30, 5.0a1, 5.0b1, 5.0rc1, 5.0, 5.0.1, 5.0.2, 5.0.3, 5.0.4, 5.0.6, 5.0.7, 5.0.8, 5.0.9, 5.0.10, 5.0.11, 5.0.12, 5.0.13, 5.0.14, 5.1a1, 5.1b1, 5.1rc1, 5.1, 5.1.1, 5.1.2, 5.1.3, 5.1.4, 5.1.5, 5.1.6, 5.1.7, 5.1.8, 5.1.9, 5.1.10, 5.1.11, 5.1.12, 5.1.13, 5.1.14, 5.1.15, 5.2a1, 5.2b1, 5.2rc1, 5.2, 5.2.1, 5.2.2, 5.2.3, 5.2.4, 5.2.5, 5.2.6, 5.2.7, 5.2.8, 5.2.9, 5.2.10, 5.2.11, 5.2.12, 5.2.13, 5.2.14, 5.2.15, 5.2.16, 5.2.17)
dependency-test	UNKNOWN STEP	2026-08-19T11:39:11.5595956Z ERROR: No matching distribution found for django==99.99.99
dependency-test	UNKNOWN STEP	2026-08-19T11:39:11.5971344Z ##[error]Process completed with exit code 1.
dependency-test	UNKNOWN STEP	2026-08-19T11:39:11.6124976Z Node 20 is being deprecated. This workflow is running with Node 24 by default. If you need to temporarily use Node 20, you can set the ACTIONS_ALLOW_USE_UNSECURE_NODE_VERSION=true environment variable. For more information see: https://github.blog/changelog/2025-09-19-deprecation-of-node-20-on-github-actions-runners/
dependency-test	UNKNOWN STEP	2026-08-19T11:39:11.6126333Z Post job cleanup.
dependency-test	UNKNOWN STEP	2026-08-19T11:39:11.6980706Z [command]/usr/bin/git version
dependency-test	UNKNOWN STEP	2026-08-19T11:39:11.7040894Z git version 2.54.0
dependency-test	UNKNOWN STEP	2026-08-19T11:39:11.7079221Z Temporarily overriding HOME='/home/runner/work/_temp/0ffdcf83-b667-44e1-9911-70096185dca0' before making global git config changes
dependency-test	UNKNOWN STEP	2026-08-19T11:39:11.7080924Z Adding repository directory to the temporary git global config as a safe directory
dependency-test	UNKNOWN STEP	2026-08-19T11:39:11.7084766Z [command]/usr/bin/git config --global --add safe.directory /home/runner/work/dependency-error-repo/dependency-error-repo
dependency-test	UNKNOWN STEP	2026-08-19T11:39:11.7128289Z [command]/usr/bin/git config --local --name-only --get-regexp core\.sshCommand
dependency-test	UNKNOWN STEP	2026-08-19T11:39:11.7165427Z [command]/usr/bin/git submodule foreach --recursive sh -c "git config --local --name-only --get-regexp 'core\.sshCommand' && git config --local --unset-all 'core.sshCommand' || :"
dependency-test	UNKNOWN STEP	2026-08-19T11:39:11.7436685Z [command]/usr/bin/git config --local --name-only --get-regexp http\.https\:\/\/github\.com\/\.extraheader
dependency-test	UNKNOWN STEP	2026-08-19T11:39:11.7465859Z http.https://github.com/.extraheader
dependency-test	UNKNOWN STEP	2026-08-19T11:39:11.7477287Z [command]/usr/bin/git config --local --unset-all http.https://github.com/.extraheader
dependency-test	UNKNOWN STEP	2026-08-19T11:39:11.7522609Z [command]/usr/bin/git submodule foreach --recursive sh -c "git config --local --name-only --get-regexp 'http\.https\:\/\/github\.com\/\.extraheader' && git config --local --unset-all 'http.https://github.com/.extraheader' || :"
dependency-test	UNKNOWN STEP	2026-08-19T11:39:11.7791048Z [command]/usr/bin/git config --local --name-only --get-regexp ^includeIf\.gitdir:
dependency-test	UNKNOWN STEP	2026-08-19T11:39:11.7831493Z [command]/usr/bin/git submodule foreach --recursive git config --local --show-origin --name-only --get-regexp remote.origin.url
dependency-test	UNKNOWN STEP	2026-08-19T11:39:11.8246814Z Cleaning up orphan processes
dependency-test	UNKNOWN STEP	2026-08-19T11:39:11.8592131Z ##[warning]Node.js 20 is deprecated. The following actions target Node.js 20 but are being forced to run on Node.js 24: actions/checkout@v4, actions/setup-python@v5. For more information see: https://github.blog/changelog/2025-09-19-deprecation-of-node-20-on-github-actions-runners/