dependency-test	UNKNOWN STEP	﻿2026-08-19T11:43:36.2294253Z Current runner version: '2.336.0'
dependency-test	UNKNOWN STEP	2026-08-19T11:43:36.2318707Z ##[group]Runner Image Provisioner
dependency-test	UNKNOWN STEP	2026-08-19T11:43:36.2319605Z Hosted Compute Agent
dependency-test	UNKNOWN STEP	2026-08-19T11:43:36.2320177Z Version: 20260729.566
dependency-test	UNKNOWN STEP	2026-08-19T11:43:36.2320901Z Commit: cf7153fe6e25b664e8693c24944bf2b00355d109
dependency-test	UNKNOWN STEP	2026-08-19T11:43:36.2321677Z Build Date: 2026-07-29T19:17:02Z
dependency-test	UNKNOWN STEP	2026-08-19T11:43:36.2322446Z Worker ID: {804d6622-252b-4e06-9bf3-cd13ee968dc0}
dependency-test	UNKNOWN STEP	2026-08-19T11:43:36.2323445Z Azure Region: westus
dependency-test	UNKNOWN STEP	2026-08-19T11:43:36.2324033Z ##[endgroup]
dependency-test	UNKNOWN STEP	2026-08-19T11:43:36.2325588Z ##[group]Operating System
dependency-test	UNKNOWN STEP	2026-08-19T11:43:36.2326248Z Ubuntu
dependency-test	UNKNOWN STEP	2026-08-19T11:43:36.2326825Z 24.04.4
dependency-test	UNKNOWN STEP	2026-08-19T11:43:36.2327397Z LTS
dependency-test	UNKNOWN STEP	2026-08-19T11:43:36.2327880Z ##[endgroup]
dependency-test	UNKNOWN STEP	2026-08-19T11:43:36.2328526Z ##[group]Runner Image
dependency-test	UNKNOWN STEP	2026-08-19T11:43:36.2329167Z Image: ubuntu-24.04
dependency-test	UNKNOWN STEP	2026-08-19T11:43:36.2329722Z Version: 20260810.271.1
dependency-test	UNKNOWN STEP	2026-08-19T11:43:36.2331025Z Included Software: https://github.com/actions/runner-images/blob/ubuntu24/20260810.271/images/ubuntu/Ubuntu2404-Readme.md
dependency-test	UNKNOWN STEP	2026-08-19T11:43:36.2332614Z Image Release: https://github.com/actions/runner-images/releases/tag/ubuntu24%2F20260810.271
dependency-test	UNKNOWN STEP	2026-08-19T11:43:36.2334124Z ##[endgroup]
dependency-test	UNKNOWN STEP	2026-08-19T11:43:36.2335457Z ##[group]GITHUB_TOKEN Permissions
dependency-test	UNKNOWN STEP	2026-08-19T11:43:36.2337395Z Contents: read
dependency-test	UNKNOWN STEP	2026-08-19T11:43:36.2337992Z Metadata: read
dependency-test	UNKNOWN STEP	2026-08-19T11:43:36.2338637Z Packages: read
dependency-test	UNKNOWN STEP	2026-08-19T11:43:36.2339237Z ##[endgroup]
dependency-test	UNKNOWN STEP	2026-08-19T11:43:36.2341210Z Secret source: Actions
dependency-test	UNKNOWN STEP	2026-08-19T11:43:36.2342429Z Prepare workflow directory
dependency-test	UNKNOWN STEP	2026-08-19T11:43:36.2677217Z Prepare all required actions
dependency-test	UNKNOWN STEP	2026-08-19T11:43:36.2728401Z Getting action download info
dependency-test	UNKNOWN STEP	2026-08-19T11:43:36.6187926Z Download action repository 'actions/checkout@v4' (SHA:11d5960a326750d5838078e36cf38b85af677262)
dependency-test	UNKNOWN STEP	2026-08-19T11:43:36.7632429Z Download action repository 'actions/setup-python@v5' (SHA:a26af69be951a213d495a4c3e4e4022e16d87065)
dependency-test	UNKNOWN STEP	2026-08-19T11:43:36.9418427Z Complete job name: dependency-test
dependency-test	UNKNOWN STEP	2026-08-19T11:43:37.0172319Z Node 20 is being deprecated. This workflow is running with Node 24 by default. If you need to temporarily use Node 20, you can set the ACTIONS_ALLOW_USE_UNSECURE_NODE_VERSION=true environment variable. For more information see: https://github.blog/changelog/2025-09-19-deprecation-of-node-20-on-github-actions-runners/
dependency-test	UNKNOWN STEP	2026-08-19T11:43:37.0181456Z ##[group]Run actions/checkout@v4
dependency-test	UNKNOWN STEP	2026-08-19T11:43:37.0182210Z with:
dependency-test	UNKNOWN STEP	2026-08-19T11:43:37.0182707Z   repository: DhruvHegde/dependency-error-repo
dependency-test	UNKNOWN STEP	2026-08-19T11:43:37.0186724Z   token: ***
dependency-test	UNKNOWN STEP	2026-08-19T11:43:37.0187168Z   ssh-strict: true
dependency-test	UNKNOWN STEP	2026-08-19T11:43:37.0187618Z   ssh-user: git
dependency-test	UNKNOWN STEP	2026-08-19T11:43:37.0188069Z   persist-credentials: true
dependency-test	UNKNOWN STEP	2026-08-19T11:43:37.0188568Z   clean: true
dependency-test	UNKNOWN STEP	2026-08-19T11:43:37.0189020Z   sparse-checkout-cone-mode: true
dependency-test	UNKNOWN STEP	2026-08-19T11:43:37.0189547Z   fetch-depth: 1
dependency-test	UNKNOWN STEP	2026-08-19T11:43:37.0189992Z   fetch-tags: false
dependency-test	UNKNOWN STEP	2026-08-19T11:43:37.0190437Z   show-progress: true
dependency-test	UNKNOWN STEP	2026-08-19T11:43:37.0190885Z   lfs: false
dependency-test	UNKNOWN STEP	2026-08-19T11:43:37.0191333Z   submodules: false
dependency-test	UNKNOWN STEP	2026-08-19T11:43:37.0191790Z   set-safe-directory: true
dependency-test	UNKNOWN STEP	2026-08-19T11:43:37.0192309Z   allow-unsafe-pr-checkout: false
dependency-test	UNKNOWN STEP	2026-08-19T11:43:37.0193103Z ##[endgroup]
dependency-test	UNKNOWN STEP	2026-08-19T11:43:37.1205780Z Syncing repository: DhruvHegde/dependency-error-repo
dependency-test	UNKNOWN STEP	2026-08-19T11:43:37.1208597Z ##[group]Getting Git version info
dependency-test	UNKNOWN STEP	2026-08-19T11:43:37.1209973Z Working directory is '/home/runner/work/dependency-error-repo/dependency-error-repo'
dependency-test	UNKNOWN STEP	2026-08-19T11:43:37.1211892Z [command]/usr/bin/git version
dependency-test	UNKNOWN STEP	2026-08-19T11:43:37.1258190Z git version 2.54.0
dependency-test	UNKNOWN STEP	2026-08-19T11:43:37.1332339Z ##[endgroup]
dependency-test	UNKNOWN STEP	2026-08-19T11:43:37.1341228Z Temporarily overriding HOME='/home/runner/work/_temp/bd34f865-54f6-49f0-977c-cdaff7c1d291' before making global git config changes
dependency-test	UNKNOWN STEP	2026-08-19T11:43:37.1343842Z Adding repository directory to the temporary git global config as a safe directory
dependency-test	UNKNOWN STEP	2026-08-19T11:43:37.1346806Z [command]/usr/bin/git config --global --add safe.directory /home/runner/work/dependency-error-repo/dependency-error-repo
dependency-test	UNKNOWN STEP	2026-08-19T11:43:37.1399363Z Deleting the contents of '/home/runner/work/dependency-error-repo/dependency-error-repo'
dependency-test	UNKNOWN STEP	2026-08-19T11:43:37.1404592Z ##[group]Initializing the repository
dependency-test	UNKNOWN STEP	2026-08-19T11:43:37.1410527Z [command]/usr/bin/git init /home/runner/work/dependency-error-repo/dependency-error-repo
dependency-test	UNKNOWN STEP	2026-08-19T11:43:37.1523581Z hint: Using 'master' as the name for the initial branch. This default branch name
dependency-test	UNKNOWN STEP	2026-08-19T11:43:37.1525155Z hint: will change to "main" in Git 3.0. To configure the initial branch name
dependency-test	UNKNOWN STEP	2026-08-19T11:43:37.1526435Z hint: to use in all of your new repositories, which will suppress this warning,
dependency-test	UNKNOWN STEP	2026-08-19T11:43:37.1527423Z hint: call:
dependency-test	UNKNOWN STEP	2026-08-19T11:43:37.1527946Z hint:
dependency-test	UNKNOWN STEP	2026-08-19T11:43:37.1528611Z hint: 	git config --global init.defaultBranch <name>
dependency-test	UNKNOWN STEP	2026-08-19T11:43:37.1529429Z hint:
dependency-test	UNKNOWN STEP	2026-08-19T11:43:37.1530191Z hint: Names commonly chosen instead of 'master' are 'main', 'trunk' and
dependency-test	UNKNOWN STEP	2026-08-19T11:43:37.1531499Z hint: 'development'. The just-created branch can be renamed via this command:
dependency-test	UNKNOWN STEP	2026-08-19T11:43:37.1532420Z hint:
dependency-test	UNKNOWN STEP	2026-08-19T11:43:37.1532960Z hint: 	git branch -m <name>
dependency-test	UNKNOWN STEP	2026-08-19T11:43:37.1533836Z hint:
dependency-test	UNKNOWN STEP	2026-08-19T11:43:37.1534606Z hint: Disable this message with "git config set advice.defaultBranchName false"
dependency-test	UNKNOWN STEP	2026-08-19T11:43:37.1540914Z Initialized empty Git repository in /home/runner/work/dependency-error-repo/dependency-error-repo/.git/
dependency-test	UNKNOWN STEP	2026-08-19T11:43:37.1551701Z [command]/usr/bin/git remote add origin https://github.com/DhruvHegde/dependency-error-repo
dependency-test	UNKNOWN STEP	2026-08-19T11:43:37.1602829Z ##[endgroup]
dependency-test	UNKNOWN STEP	2026-08-19T11:43:37.1603887Z ##[group]Disabling automatic garbage collection
dependency-test	UNKNOWN STEP	2026-08-19T11:43:37.1608368Z [command]/usr/bin/git config --local gc.auto 0
dependency-test	UNKNOWN STEP	2026-08-19T11:43:37.1642915Z ##[endgroup]
dependency-test	UNKNOWN STEP	2026-08-19T11:43:37.1644402Z ##[group]Setting up auth
dependency-test	UNKNOWN STEP	2026-08-19T11:43:37.1651421Z [command]/usr/bin/git config --local --name-only --get-regexp core\.sshCommand
dependency-test	UNKNOWN STEP	2026-08-19T11:43:37.1689006Z [command]/usr/bin/git submodule foreach --recursive sh -c "git config --local --name-only --get-regexp 'core\.sshCommand' && git config --local --unset-all 'core.sshCommand' || :"
dependency-test	UNKNOWN STEP	2026-08-19T11:43:37.2111082Z [command]/usr/bin/git config --local --name-only --get-regexp http\.https\:\/\/github\.com\/\.extraheader
dependency-test	UNKNOWN STEP	2026-08-19T11:43:37.2153883Z [command]/usr/bin/git submodule foreach --recursive sh -c "git config --local --name-only --get-regexp 'http\.https\:\/\/github\.com\/\.extraheader' && git config --local --unset-all 'http.https://github.com/.extraheader' || :"
dependency-test	UNKNOWN STEP	2026-08-19T11:43:37.2400102Z [command]/usr/bin/git config --local --name-only --get-regexp ^includeIf\.gitdir:
dependency-test	UNKNOWN STEP	2026-08-19T11:43:37.2439644Z [command]/usr/bin/git submodule foreach --recursive git config --local --show-origin --name-only --get-regexp remote.origin.url
dependency-test	UNKNOWN STEP	2026-08-19T11:43:37.2678152Z [command]/usr/bin/git config --local http.https://github.com/.extraheader AUTHORIZATION: basic ***
dependency-test	UNKNOWN STEP	2026-08-19T11:43:37.2721972Z ##[endgroup]
dependency-test	UNKNOWN STEP	2026-08-19T11:43:37.2722915Z ##[group]Fetching the repository
dependency-test	UNKNOWN STEP	2026-08-19T11:43:37.2732553Z [command]/usr/bin/git -c protocol.version=2 fetch --no-tags --prune --no-recurse-submodules --depth=1 origin +321b76c2c34c18fd36e42a11b6bddfd2269284bd:refs/remotes/origin/feature/test-failures
dependency-test	UNKNOWN STEP	2026-08-19T11:43:37.6968914Z From https://github.com/DhruvHegde/dependency-error-repo
dependency-test	UNKNOWN STEP	2026-08-19T11:43:37.6971667Z  * [new ref]         321b76c2c34c18fd36e42a11b6bddfd2269284bd -> origin/feature/test-failures
dependency-test	UNKNOWN STEP	2026-08-19T11:43:37.7006178Z ##[endgroup]
dependency-test	UNKNOWN STEP	2026-08-19T11:43:37.7007515Z ##[group]Determining the checkout info
dependency-test	UNKNOWN STEP	2026-08-19T11:43:37.7009773Z ##[endgroup]
dependency-test	UNKNOWN STEP	2026-08-19T11:43:37.7016617Z [command]/usr/bin/git sparse-checkout disable
dependency-test	UNKNOWN STEP	2026-08-19T11:43:37.7066703Z [command]/usr/bin/git config --local --unset-all extensions.worktreeConfig
dependency-test	UNKNOWN STEP	2026-08-19T11:43:37.7098506Z ##[group]Checking out the ref
dependency-test	UNKNOWN STEP	2026-08-19T11:43:37.7105432Z [command]/usr/bin/git checkout --progress --force -B feature/test-failures refs/remotes/origin/feature/test-failures
dependency-test	UNKNOWN STEP	2026-08-19T11:43:37.7170793Z Switched to a new branch 'feature/test-failures'
dependency-test	UNKNOWN STEP	2026-08-19T11:43:37.7173912Z branch 'feature/test-failures' set up to track 'origin/feature/test-failures'.
dependency-test	UNKNOWN STEP	2026-08-19T11:43:37.7180175Z ##[endgroup]
dependency-test	UNKNOWN STEP	2026-08-19T11:43:37.7223813Z [command]/usr/bin/git log -1 --format=%H
dependency-test	UNKNOWN STEP	2026-08-19T11:43:37.7250424Z 321b76c2c34c18fd36e42a11b6bddfd2269284bd
dependency-test	UNKNOWN STEP	2026-08-19T11:43:37.7545762Z Node 20 is being deprecated. This workflow is running with Node 24 by default. If you need to temporarily use Node 20, you can set the ACTIONS_ALLOW_USE_UNSECURE_NODE_VERSION=true environment variable. For more information see: https://github.blog/changelog/2025-09-19-deprecation-of-node-20-on-github-actions-runners/
dependency-test	UNKNOWN STEP	2026-08-19T11:43:37.7548415Z ##[group]Run actions/setup-python@v5
dependency-test	UNKNOWN STEP	2026-08-19T11:43:37.7548940Z with:
dependency-test	UNKNOWN STEP	2026-08-19T11:43:37.7549343Z   python-version: 3.11
dependency-test	UNKNOWN STEP	2026-08-19T11:43:37.7549800Z   check-latest: false
dependency-test	UNKNOWN STEP	2026-08-19T11:43:37.7553559Z   token: ***
dependency-test	UNKNOWN STEP	2026-08-19T11:43:37.7554015Z   update-environment: true
dependency-test	UNKNOWN STEP	2026-08-19T11:43:37.7554512Z   allow-prereleases: false
dependency-test	UNKNOWN STEP	2026-08-19T11:43:37.7554991Z   freethreaded: false
dependency-test	UNKNOWN STEP	2026-08-19T11:43:37.7555433Z ##[endgroup]
dependency-test	UNKNOWN STEP	2026-08-19T11:43:37.8878308Z ##[group]Installed versions
dependency-test	UNKNOWN STEP	2026-08-19T11:43:37.8970666Z (node:2195) [DEP0040] DeprecationWarning: The `punycode` module is deprecated. Please use a userland alternative instead.
dependency-test	UNKNOWN STEP	2026-08-19T11:43:37.8972377Z (Use `node --trace-deprecation ...` to show where the warning was created)
dependency-test	UNKNOWN STEP	2026-08-19T11:43:37.8974051Z Successfully set up CPython (3.11.15)
dependency-test	UNKNOWN STEP	2026-08-19T11:43:37.8975474Z ##[endgroup]
dependency-test	UNKNOWN STEP	2026-08-19T11:43:37.9175447Z ##[group]Run python -m pip install --upgrade pip
dependency-test	UNKNOWN STEP	2026-08-19T11:43:37.9176605Z ^[[36;1mpython -m pip install --upgrade pip^[[0m
dependency-test	UNKNOWN STEP	2026-08-19T11:43:37.9177578Z ^[[36;1mpip install -r requirements.txt^[[0m
dependency-test	UNKNOWN STEP	2026-08-19T11:43:37.9240887Z shell: /usr/bin/bash -e {0}
dependency-test	UNKNOWN STEP	2026-08-19T11:43:37.9241674Z env:
dependency-test	UNKNOWN STEP	2026-08-19T11:43:37.9242453Z   pythonLocation: /opt/hostedtoolcache/Python/3.11.15/x64
dependency-test	UNKNOWN STEP	2026-08-19T11:43:37.9244051Z   PKG_CONFIG_PATH: /opt/hostedtoolcache/Python/3.11.15/x64/lib/pkgconfig
dependency-test	UNKNOWN STEP	2026-08-19T11:43:37.9245377Z   Python_ROOT_DIR: /opt/hostedtoolcache/Python/3.11.15/x64
dependency-test	UNKNOWN STEP	2026-08-19T11:43:37.9246603Z   Python2_ROOT_DIR: /opt/hostedtoolcache/Python/3.11.15/x64
dependency-test	UNKNOWN STEP	2026-08-19T11:43:37.9247842Z   Python3_ROOT_DIR: /opt/hostedtoolcache/Python/3.11.15/x64
dependency-test	UNKNOWN STEP	2026-08-19T11:43:37.9249073Z   LD_LIBRARY_PATH: /opt/hostedtoolcache/Python/3.11.15/x64/lib
dependency-test	UNKNOWN STEP	2026-08-19T11:43:37.9250126Z ##[endgroup]
dependency-test	UNKNOWN STEP	2026-08-19T11:43:41.2813851Z Requirement already satisfied: pip in /opt/hostedtoolcache/Python/3.11.15/x64/lib/python3.11/site-packages (26.2.1)
dependency-test	UNKNOWN STEP	2026-08-19T11:43:42.5162140Z ERROR: Ignored the following yanked versions: 4.2.12, 5.0.5
dependency-test	UNKNOWN STEP	2026-08-19T11:43:42.5166731Z ERROR: Ignored the following versions that require a different python version: 6.0 Requires-Python >=3.12; 6.0.1 Requires-Python >=3.12; 6.0.2 Requires-Python >=3.12; 6.0.3 Requires-Python >=3.12; 6.0.4 Requires-Python >=3.12; 6.0.5 Requires-Python >=3.12; 6.0.6 Requires-Python >=3.12; 6.0.7 Requires-Python >=3.12; 6.0.8 Requires-Python >=3.12; 6.0a1 Requires-Python >=3.12; 6.0b1 Requires-Python >=3.12; 6.0rc1 Requires-Python >=3.12; 6.1 Requires-Python >=3.12; 6.1a1 Requires-Python >=3.12; 6.1b1 Requires-Python >=3.12; 6.1rc1 Requires-Python >=3.12
dependency-test	UNKNOWN STEP	2026-08-19T11:43:42.5182783Z ERROR: Could not find a version that satisfies the requirement django==99.99.99 (from versions: 1.1.3, 1.1.4, 1.2, 1.2.1, 1.2.2, 1.2.3, 1.2.4, 1.2.5, 1.2.6, 1.2.7, 1.3, 1.3.1, 1.3.2, 1.3.3, 1.3.4, 1.3.5, 1.3.6, 1.3.7, 1.4, 1.4.1, 1.4.2, 1.4.3, 1.4.4, 1.4.5, 1.4.6, 1.4.7, 1.4.8, 1.4.9, 1.4.10, 1.4.11, 1.4.12, 1.4.13, 1.4.14, 1.4.15, 1.4.16, 1.4.17, 1.4.18, 1.4.19, 1.4.20, 1.4.21, 1.4.22, 1.5, 1.5.1, 1.5.2, 1.5.3, 1.5.4, 1.5.5, 1.5.6, 1.5.7, 1.5.8, 1.5.9, 1.5.10, 1.5.11, 1.5.12, 1.6, 1.6.1, 1.6.2, 1.6.3, 1.6.4, 1.6.5, 1.6.6, 1.6.7, 1.6.8, 1.6.9, 1.6.10, 1.6.11, 1.7, 1.7.1, 1.7.2, 1.7.3, 1.7.4, 1.7.5, 1.7.6, 1.7.7, 1.7.8, 1.7.9, 1.7.10, 1.7.11, 1.8a1, 1.8b1, 1.8b2, 1.8rc1, 1.8, 1.8.1, 1.8.2, 1.8.3, 1.8.4, 1.8.5, 1.8.6, 1.8.7, 1.8.8, 1.8.9, 1.8.10, 1.8.11, 1.8.12, 1.8.13, 1.8.14, 1.8.15, 1.8.16, 1.8.17, 1.8.18, 1.8.19, 1.9a1, 1.9b1, 1.9rc1, 1.9rc2, 1.9, 1.9.1, 1.9.2, 1.9.3, 1.9.4, 1.9.5, 1.9.6, 1.9.7, 1.9.8, 1.9.9, 1.9.10, 1.9.11, 1.9.12, 1.9.13, 1.10a1, 1.10b1, 1.10rc1, 1.10, 1.10.1, 1.10.2, 1.10.3, 1.10.4, 1.10.5, 1.10.6, 1.10.7, 1.10.8, 1.11a1, 1.11b1, 1.11rc1, 1.11, 1.11.1, 1.11.2, 1.11.3, 1.11.4, 1.11.5, 1.11.6, 1.11.7, 1.11.8, 1.11.9, 1.11.10, 1.11.11, 1.11.12, 1.11.13, 1.11.14, 1.11.15, 1.11.16, 1.11.17, 1.11.18, 1.11.20, 1.11.21, 1.11.22, 1.11.23, 1.11.24, 1.11.25, 1.11.26, 1.11.27, 1.11.28, 1.11.29, 2.0a1, 2.0b1, 2.0rc1, 2.0, 2.0.1, 2.0.2, 2.0.3, 2.0.4, 2.0.5, 2.0.6, 2.0.7, 2.0.8, 2.0.9, 2.0.10, 2.0.12, 2.0.13, 2.1a1, 2.1b1, 2.1rc1, 2.1, 2.1.1, 2.1.2, 2.1.3, 2.1.4, 2.1.5, 2.1.7, 2.1.8, 2.1.9, 2.1.10, 2.1.11, 2.1.12, 2.1.13, 2.1.14, 2.1.15, 2.2a1, 2.2b1, 2.2rc1, 2.2, 2.2.1, 2.2.2, 2.2.3, 2.2.4, 2.2.5, 2.2.6, 2.2.7, 2.2.8, 2.2.9, 2.2.10, 2.2.11, 2.2.12, 2.2.13, 2.2.14, 2.2.15, 2.2.16, 2.2.17, 2.2.18, 2.2.19, 2.2.20, 2.2.21, 2.2.22, 2.2.23, 2.2.24, 2.2.25, 2.2.26, 2.2.27, 2.2.28, 3.0a1, 3.0b1, 3.0rc1, 3.0, 3.0.1, 3.0.2, 3.0.3, 3.0.4, 3.0.5, 3.0.6, 3.0.7, 3.0.8, 3.0.9, 3.0.10, 3.0.11, 3.0.12, 3.0.13, 3.0.14, 3.1a1, 3.1b1, 3.1rc1, 3.1, 3.1.1, 3.1.2, 3.1.3, 3.1.4, 3.1.5, 3.1.6, 3.1.7, 3.1.8, 3.1.9, 3.1.10, 3.1.11, 3.1.12, 3.1.13, 3.1.14, 3.2a1, 3.2b1, 3.2rc1, 3.2, 3.2.1, 3.2.2, 3.2.3, 3.2.4, 3.2.5, 3.2.6, 3.2.7, 3.2.8, 3.2.9, 3.2.10, 3.2.11, 3.2.12, 3.2.13, 3.2.14, 3.2.15, 3.2.16, 3.2.17, 3.2.18, 3.2.19, 3.2.20, 3.2.21, 3.2.22, 3.2.23, 3.2.24, 3.2.25, 4.0a1, 4.0b1, 4.0rc1, 4.0, 4.0.1, 4.0.2, 4.0.3, 4.0.4, 4.0.5, 4.0.6, 4.0.7, 4.0.8, 4.0.9, 4.0.10, 4.1a1, 4.1b1, 4.1rc1, 4.1, 4.1.1, 4.1.2, 4.1.3, 4.1.4, 4.1.5, 4.1.6, 4.1.7, 4.1.8, 4.1.9, 4.1.10, 4.1.11, 4.1.12, 4.1.13, 4.2a1, 4.2b1, 4.2rc1, 4.2, 4.2.1, 4.2.2, 4.2.3, 4.2.4, 4.2.5, 4.2.6, 4.2.7, 4.2.8, 4.2.9, 4.2.10, 4.2.11, 4.2.13, 4.2.14, 4.2.15, 4.2.16, 4.2.17, 4.2.18, 4.2.19, 4.2.20, 4.2.21, 4.2.22, 4.2.23, 4.2.24, 4.2.25, 4.2.26, 4.2.27, 4.2.28, 4.2.29, 4.2.30, 5.0a1, 5.0b1, 5.0rc1, 5.0, 5.0.1, 5.0.2, 5.0.3, 5.0.4, 5.0.6, 5.0.7, 5.0.8, 5.0.9, 5.0.10, 5.0.11, 5.0.12, 5.0.13, 5.0.14, 5.1a1, 5.1b1, 5.1rc1, 5.1, 5.1.1, 5.1.2, 5.1.3, 5.1.4, 5.1.5, 5.1.6, 5.1.7, 5.1.8, 5.1.9, 5.1.10, 5.1.11, 5.1.12, 5.1.13, 5.1.14, 5.1.15, 5.2a1, 5.2b1, 5.2rc1, 5.2, 5.2.1, 5.2.2, 5.2.3, 5.2.4, 5.2.5, 5.2.6, 5.2.7, 5.2.8, 5.2.9, 5.2.10, 5.2.11, 5.2.12, 5.2.13, 5.2.14, 5.2.15, 5.2.16, 5.2.17)
dependency-test	UNKNOWN STEP	2026-08-19T11:43:42.5195120Z ERROR: No matching distribution found for django==99.99.99
dependency-test	UNKNOWN STEP	2026-08-19T11:43:42.5547338Z ##[error]Process completed with exit code 1.
dependency-test	UNKNOWN STEP	2026-08-19T11:43:42.5707659Z Node 20 is being deprecated. This workflow is running with Node 24 by default. If you need to temporarily use Node 20, you can set the ACTIONS_ALLOW_USE_UNSECURE_NODE_VERSION=true environment variable. For more information see: https://github.blog/changelog/2025-09-19-deprecation-of-node-20-on-github-actions-runners/
dependency-test	UNKNOWN STEP	2026-08-19T11:43:42.5709010Z Post job cleanup.
dependency-test	UNKNOWN STEP	2026-08-19T11:43:42.6567978Z [command]/usr/bin/git version
dependency-test	UNKNOWN STEP	2026-08-19T11:43:42.6641606Z git version 2.54.0
dependency-test	UNKNOWN STEP	2026-08-19T11:43:42.6680833Z Temporarily overriding HOME='/home/runner/work/_temp/c559013d-83df-4e5d-b3b1-6b52394d352f' before making global git config changes
dependency-test	UNKNOWN STEP	2026-08-19T11:43:42.6682642Z Adding repository directory to the temporary git global config as a safe directory
dependency-test	UNKNOWN STEP	2026-08-19T11:43:42.6686767Z [command]/usr/bin/git config --global --add safe.directory /home/runner/work/dependency-error-repo/dependency-error-repo
dependency-test	UNKNOWN STEP	2026-08-19T11:43:42.6725207Z [command]/usr/bin/git config --local --name-only --get-regexp core\.sshCommand
dependency-test	UNKNOWN STEP	2026-08-19T11:43:42.6766667Z [command]/usr/bin/git submodule foreach --recursive sh -c "git config --local --name-only --get-regexp 'core\.sshCommand' && git config --local --unset-all 'core.sshCommand' || :"
dependency-test	UNKNOWN STEP	2026-08-19T11:43:42.7021350Z [command]/usr/bin/git config --local --name-only --get-regexp http\.https\:\/\/github\.com\/\.extraheader
dependency-test	UNKNOWN STEP	2026-08-19T11:43:42.7050276Z http.https://github.com/.extraheader
dependency-test	UNKNOWN STEP	2026-08-19T11:43:42.7061108Z [command]/usr/bin/git config --local --unset-all http.https://github.com/.extraheader
dependency-test	UNKNOWN STEP	2026-08-19T11:43:42.7099905Z [command]/usr/bin/git submodule foreach --recursive sh -c "git config --local --name-only --get-regexp 'http\.https\:\/\/github\.com\/\.extraheader' && git config --local --unset-all 'http.https://github.com/.extraheader' || :"
dependency-test	UNKNOWN STEP	2026-08-19T11:43:42.7375339Z [command]/usr/bin/git config --local --name-only --get-regexp ^includeIf\.gitdir:
dependency-test	UNKNOWN STEP	2026-08-19T11:43:42.7425688Z [command]/usr/bin/git submodule foreach --recursive git config --local --show-origin --name-only --get-regexp remote.origin.url
dependency-test	UNKNOWN STEP	2026-08-19T11:43:42.7801889Z Cleaning up orphan processes
dependency-test	UNKNOWN STEP	2026-08-19T11:43:42.8084680Z ##[warning]Node.js 20 is deprecated. The following actions target Node.js 20 but are being forced to run on Node.js 24: actions/checkout@v4, actions/setup-python@v5. For more information see: https://github.blog/changelog/2025-09-19-deprecation-of-node-20-on-github-actions-runners/