timeout-test	UNKNOWN STEP	﻿2026-08-27T06:17:01.1959477Z Current runner version: '2.336.0'
timeout-test	UNKNOWN STEP	2026-08-27T06:17:01.1986476Z ##[group]Runner Image Provisioner
timeout-test	UNKNOWN STEP	2026-08-27T06:17:01.1987637Z Hosted Compute Agent
timeout-test	UNKNOWN STEP	2026-08-27T06:17:01.1988698Z Version: 20260819.586
timeout-test	UNKNOWN STEP	2026-08-27T06:17:01.1989785Z Commit: 3cc4a88dfa507ef76119ad1bb3eccc6378bb2b76
timeout-test	UNKNOWN STEP	2026-08-27T06:17:01.1990930Z Build Date: 2026-08-18T23:20:18Z
timeout-test	UNKNOWN STEP	2026-08-27T06:17:01.1992001Z Worker ID: {92d01415-c5d7-44c9-99cc-cfc508f8a3e3}
timeout-test	UNKNOWN STEP	2026-08-27T06:17:01.1993110Z Azure Region: eastus2
timeout-test	UNKNOWN STEP	2026-08-27T06:17:01.1994048Z ##[endgroup]
timeout-test	UNKNOWN STEP	2026-08-27T06:17:01.1996343Z ##[group]Operating System
timeout-test	UNKNOWN STEP	2026-08-27T06:17:01.1997318Z Ubuntu
timeout-test	UNKNOWN STEP	2026-08-27T06:17:01.1998219Z 24.04.4
timeout-test	UNKNOWN STEP	2026-08-27T06:17:01.1998983Z LTS
timeout-test	UNKNOWN STEP	2026-08-27T06:17:01.1999950Z ##[endgroup]
timeout-test	UNKNOWN STEP	2026-08-27T06:17:01.2000843Z ##[group]Runner Image
timeout-test	UNKNOWN STEP	2026-08-27T06:17:01.2001761Z Image: ubuntu-24.04
timeout-test	UNKNOWN STEP	2026-08-27T06:17:01.2002733Z Version: 20260823.283.1
timeout-test	UNKNOWN STEP	2026-08-27T06:17:01.2004545Z Included Software: https://github.com/actions/runner-images/blob/ubuntu24/20260823.283/images/ubuntu/Ubuntu2404-Readme.md
timeout-test	UNKNOWN STEP	2026-08-27T06:17:01.2007873Z Image Release: https://github.com/actions/runner-images/releases/tag/ubuntu24%2F20260823.283
timeout-test	UNKNOWN STEP	2026-08-27T06:17:01.2009273Z ##[endgroup]
timeout-test	UNKNOWN STEP	2026-08-27T06:17:01.2011185Z ##[group]GITHUB_TOKEN Permissions
timeout-test	UNKNOWN STEP	2026-08-27T06:17:01.2014086Z Contents: read
timeout-test	UNKNOWN STEP	2026-08-27T06:17:01.2015387Z Metadata: read
timeout-test	UNKNOWN STEP	2026-08-27T06:17:01.2016298Z Packages: read
timeout-test	UNKNOWN STEP	2026-08-27T06:17:01.2017204Z ##[endgroup]
timeout-test	UNKNOWN STEP	2026-08-27T06:17:01.2020063Z Secret source: Actions
timeout-test	UNKNOWN STEP	2026-08-27T06:17:01.2021828Z Prepare workflow directory
timeout-test	UNKNOWN STEP	2026-08-27T06:17:01.2471991Z Prepare all required actions
timeout-test	UNKNOWN STEP	2026-08-27T06:17:01.2538730Z Getting action download info
timeout-test	UNKNOWN STEP	2026-08-27T06:17:01.4522333Z Download action repository 'actions/checkout@v4' (SHA:11d5960a326750d5838078e36cf38b85af677262)
timeout-test	UNKNOWN STEP	2026-08-27T06:17:01.5548205Z Download action repository 'actions/setup-python@v5' (SHA:a26af69be951a213d495a4c3e4e4022e16d87065)
timeout-test	UNKNOWN STEP	2026-08-27T06:17:01.7383731Z Complete job name: timeout-test
timeout-test	UNKNOWN STEP	2026-08-27T06:17:01.8104698Z Node 20 is being deprecated. This workflow is running with Node 24 by default. If you need to temporarily use Node 20, you can set the ACTIONS_ALLOW_USE_UNSECURE_NODE_VERSION=true environment variable. For more information see: https://github.blog/changelog/2025-09-19-deprecation-of-node-20-on-github-actions-runners/
timeout-test	UNKNOWN STEP	2026-08-27T06:17:01.8113862Z ##[group]Run actions/checkout@v4
timeout-test	UNKNOWN STEP	2026-08-27T06:17:01.8114568Z with:
timeout-test	UNKNOWN STEP	2026-08-27T06:17:01.8115377Z   repository: DhruvHegde/dependency-error-repo
timeout-test	UNKNOWN STEP	2026-08-27T06:17:01.8119788Z   token: ***
timeout-test	UNKNOWN STEP	2026-08-27T06:17:01.8120235Z   ssh-strict: true
timeout-test	UNKNOWN STEP	2026-08-27T06:17:01.8120684Z   ssh-user: git
timeout-test	UNKNOWN STEP	2026-08-27T06:17:01.8121135Z   persist-credentials: true
timeout-test	UNKNOWN STEP	2026-08-27T06:17:01.8121623Z   clean: true
timeout-test	UNKNOWN STEP	2026-08-27T06:17:01.8122075Z   sparse-checkout-cone-mode: true
timeout-test	UNKNOWN STEP	2026-08-27T06:17:01.8122593Z   fetch-depth: 1
timeout-test	UNKNOWN STEP	2026-08-27T06:17:01.8123021Z   fetch-tags: false
timeout-test	UNKNOWN STEP	2026-08-27T06:17:01.8123466Z   show-progress: true
timeout-test	UNKNOWN STEP	2026-08-27T06:17:01.8123912Z   lfs: false
timeout-test	UNKNOWN STEP	2026-08-27T06:17:01.8124373Z   submodules: false
timeout-test	UNKNOWN STEP	2026-08-27T06:17:01.8124817Z   set-safe-directory: true
timeout-test	UNKNOWN STEP	2026-08-27T06:17:01.8125444Z   allow-unsafe-pr-checkout: false
timeout-test	UNKNOWN STEP	2026-08-27T06:17:01.8126240Z ##[endgroup]
timeout-test	UNKNOWN STEP	2026-08-27T06:17:01.9160801Z Syncing repository: DhruvHegde/dependency-error-repo
timeout-test	UNKNOWN STEP	2026-08-27T06:17:01.9163692Z ##[group]Getting Git version info
timeout-test	UNKNOWN STEP	2026-08-27T06:17:01.9165311Z Working directory is '/home/runner/work/dependency-error-repo/dependency-error-repo'
timeout-test	UNKNOWN STEP	2026-08-27T06:17:01.9167183Z [command]/usr/bin/git version
timeout-test	UNKNOWN STEP	2026-08-27T06:17:01.9228764Z git version 2.55.0
timeout-test	UNKNOWN STEP	2026-08-27T06:17:01.9249533Z ##[endgroup]
timeout-test	UNKNOWN STEP	2026-08-27T06:17:01.9264302Z Temporarily overriding HOME='/home/runner/work/_temp/4b30c24c-5e15-4e64-8bf0-db10288839d6' before making global git config changes
timeout-test	UNKNOWN STEP	2026-08-27T06:17:01.9266868Z Adding repository directory to the temporary git global config as a safe directory
timeout-test	UNKNOWN STEP	2026-08-27T06:17:01.9272915Z [command]/usr/bin/git config --global --add safe.directory /home/runner/work/dependency-error-repo/dependency-error-repo
timeout-test	UNKNOWN STEP	2026-08-27T06:17:01.9326882Z Deleting the contents of '/home/runner/work/dependency-error-repo/dependency-error-repo'
timeout-test	UNKNOWN STEP	2026-08-27T06:17:01.9330387Z ##[group]Initializing the repository
timeout-test	UNKNOWN STEP	2026-08-27T06:17:01.9336070Z [command]/usr/bin/git init /home/runner/work/dependency-error-repo/dependency-error-repo
timeout-test	UNKNOWN STEP	2026-08-27T06:17:01.9453032Z hint: Using 'master' as the name for the initial branch. This default branch name
timeout-test	UNKNOWN STEP	2026-08-27T06:17:01.9455886Z hint: will change to "main" in Git 3.0. To configure the initial branch name
timeout-test	UNKNOWN STEP	2026-08-27T06:17:01.9457398Z hint: to use in all of your new repositories, which will suppress this warning,
timeout-test	UNKNOWN STEP	2026-08-27T06:17:01.9458584Z hint: call:
timeout-test	UNKNOWN STEP	2026-08-27T06:17:01.9459230Z hint:
timeout-test	UNKNOWN STEP	2026-08-27T06:17:01.9460026Z hint: 	git config --global init.defaultBranch <name>
timeout-test	UNKNOWN STEP	2026-08-27T06:17:01.9460987Z hint:
timeout-test	UNKNOWN STEP	2026-08-27T06:17:01.9462490Z hint: Names commonly chosen instead of 'master' are 'main', 'trunk' and
timeout-test	UNKNOWN STEP	2026-08-27T06:17:01.9464165Z hint: 'development'. The just-created branch can be renamed via this command:
timeout-test	UNKNOWN STEP	2026-08-27T06:17:01.9465489Z hint:
timeout-test	UNKNOWN STEP	2026-08-27T06:17:01.9466167Z hint: 	git branch -m <name>
timeout-test	UNKNOWN STEP	2026-08-27T06:17:01.9466961Z hint:
timeout-test	UNKNOWN STEP	2026-08-27T06:17:01.9467970Z hint: Disable this message with "git config set advice.defaultBranchName false"
timeout-test	UNKNOWN STEP	2026-08-27T06:17:01.9469342Z Initialized empty Git repository in /home/runner/work/dependency-error-repo/dependency-error-repo/.git/
timeout-test	UNKNOWN STEP	2026-08-27T06:17:01.9471258Z [command]/usr/bin/git remote add origin https://github.com/DhruvHegde/dependency-error-repo
timeout-test	UNKNOWN STEP	2026-08-27T06:17:01.9514707Z ##[endgroup]
timeout-test	UNKNOWN STEP	2026-08-27T06:17:01.9515866Z ##[group]Disabling automatic garbage collection
timeout-test	UNKNOWN STEP	2026-08-27T06:17:01.9519765Z [command]/usr/bin/git config --local gc.auto 0
timeout-test	UNKNOWN STEP	2026-08-27T06:17:01.9551382Z ##[endgroup]
timeout-test	UNKNOWN STEP	2026-08-27T06:17:01.9559402Z ##[group]Setting up auth
timeout-test	UNKNOWN STEP	2026-08-27T06:17:01.9560191Z [command]/usr/bin/git config --local --name-only --get-regexp core\.sshCommand
timeout-test	UNKNOWN STEP	2026-08-27T06:17:01.9596342Z [command]/usr/bin/git submodule foreach --recursive sh -c "git config --local --name-only --get-regexp 'core\.sshCommand' && git config --local --unset-all 'core.sshCommand' || :"
timeout-test	UNKNOWN STEP	2026-08-27T06:17:01.9962123Z [command]/usr/bin/git config --local --name-only --get-regexp http\.https\:\/\/github\.com\/\.extraheader
timeout-test	UNKNOWN STEP	2026-08-27T06:17:02.0008357Z [command]/usr/bin/git submodule foreach --recursive sh -c "git config --local --name-only --get-regexp 'http\.https\:\/\/github\.com\/\.extraheader' && git config --local --unset-all 'http.https://github.com/.extraheader' || :"
timeout-test	UNKNOWN STEP	2026-08-27T06:17:02.0255279Z [command]/usr/bin/git config --local --name-only --get-regexp ^includeIf\.gitdir:
timeout-test	UNKNOWN STEP	2026-08-27T06:17:02.0294364Z [command]/usr/bin/git submodule foreach --recursive git config --local --show-origin --name-only --get-regexp remote.origin.url
timeout-test	UNKNOWN STEP	2026-08-27T06:17:02.0566715Z [command]/usr/bin/git config --local http.https://github.com/.extraheader AUTHORIZATION: basic ***
timeout-test	UNKNOWN STEP	2026-08-27T06:17:02.0607585Z ##[endgroup]
timeout-test	UNKNOWN STEP	2026-08-27T06:17:02.0608787Z ##[group]Fetching the repository
timeout-test	UNKNOWN STEP	2026-08-27T06:17:02.0618527Z [command]/usr/bin/git -c protocol.version=2 fetch --no-tags --prune --no-recurse-submodules --depth=1 origin +d1247740f74b1a89536e681339f8fde9972e4ad0:refs/remotes/origin/feature/timeout-errors
timeout-test	UNKNOWN STEP	2026-08-27T06:17:02.3086066Z From https://github.com/DhruvHegde/dependency-error-repo
timeout-test	UNKNOWN STEP	2026-08-27T06:17:02.3088028Z  * [new ref]         d1247740f74b1a89536e681339f8fde9972e4ad0 -> origin/feature/timeout-errors
timeout-test	UNKNOWN STEP	2026-08-27T06:17:02.3091973Z ##[endgroup]
timeout-test	UNKNOWN STEP	2026-08-27T06:17:02.3093696Z ##[group]Determining the checkout info
timeout-test	UNKNOWN STEP	2026-08-27T06:17:02.3095954Z ##[endgroup]
timeout-test	UNKNOWN STEP	2026-08-27T06:17:02.3101647Z [command]/usr/bin/git sparse-checkout disable
timeout-test	UNKNOWN STEP	2026-08-27T06:17:02.3153864Z [command]/usr/bin/git config --local --unset-all extensions.worktreeConfig
timeout-test	UNKNOWN STEP	2026-08-27T06:17:02.3188653Z ##[group]Checking out the ref
timeout-test	UNKNOWN STEP	2026-08-27T06:17:02.3193473Z [command]/usr/bin/git checkout --progress --force -B feature/timeout-errors refs/remotes/origin/feature/timeout-errors
timeout-test	UNKNOWN STEP	2026-08-27T06:17:02.3265385Z Switched to a new branch 'feature/timeout-errors'
timeout-test	UNKNOWN STEP	2026-08-27T06:17:02.3271743Z branch 'feature/timeout-errors' set up to track 'origin/feature/timeout-errors'.
timeout-test	UNKNOWN STEP	2026-08-27T06:17:02.3276478Z ##[endgroup]
timeout-test	UNKNOWN STEP	2026-08-27T06:17:02.3319569Z [command]/usr/bin/git log -1 --format=%H
timeout-test	UNKNOWN STEP	2026-08-27T06:17:02.3348388Z d1247740f74b1a89536e681339f8fde9972e4ad0
timeout-test	UNKNOWN STEP	2026-08-27T06:17:02.3644058Z Node 20 is being deprecated. This workflow is running with Node 24 by default. If you need to temporarily use Node 20, you can set the ACTIONS_ALLOW_USE_UNSECURE_NODE_VERSION=true environment variable. For more information see: https://github.blog/changelog/2025-09-19-deprecation-of-node-20-on-github-actions-runners/
timeout-test	UNKNOWN STEP	2026-08-27T06:17:02.3647513Z ##[group]Run actions/setup-python@v5
timeout-test	UNKNOWN STEP	2026-08-27T06:17:02.3648109Z with:
timeout-test	UNKNOWN STEP	2026-08-27T06:17:02.3648566Z   python-version: 3.11
timeout-test	UNKNOWN STEP	2026-08-27T06:17:02.3649069Z   check-latest: false
timeout-test	UNKNOWN STEP	2026-08-27T06:17:02.3653490Z   token: ***
timeout-test	UNKNOWN STEP	2026-08-27T06:17:02.3653982Z   update-environment: true
timeout-test	UNKNOWN STEP	2026-08-27T06:17:02.3654527Z   allow-prereleases: false
timeout-test	UNKNOWN STEP	2026-08-27T06:17:02.3655170Z   freethreaded: false
timeout-test	UNKNOWN STEP	2026-08-27T06:17:02.3655664Z ##[endgroup]
timeout-test	UNKNOWN STEP	2026-08-27T06:17:02.4976090Z ##[group]Installed versions
timeout-test	UNKNOWN STEP	2026-08-27T06:17:02.5055238Z (node:2254) [DEP0040] DeprecationWarning: The `punycode` module is deprecated. Please use a userland alternative instead.
timeout-test	UNKNOWN STEP	2026-08-27T06:17:02.5057292Z (Use `node --trace-deprecation ...` to show where the warning was created)
timeout-test	UNKNOWN STEP	2026-08-27T06:17:02.5058662Z Successfully set up CPython (3.11.16)
timeout-test	UNKNOWN STEP	2026-08-27T06:17:02.5060144Z ##[endgroup]
timeout-test	UNKNOWN STEP	2026-08-27T06:17:02.5250408Z ##[group]Run python -m pip install --upgrade pip
timeout-test	UNKNOWN STEP	2026-08-27T06:17:02.5251353Z ^[[36;1mpython -m pip install --upgrade pip^[[0m
timeout-test	UNKNOWN STEP	2026-08-27T06:17:02.5252045Z ^[[36;1mpip install pytest^[[0m
timeout-test	UNKNOWN STEP	2026-08-27T06:17:02.5322222Z shell: /usr/bin/bash -e {0}
timeout-test	UNKNOWN STEP	2026-08-27T06:17:02.5323153Z env:
timeout-test	UNKNOWN STEP	2026-08-27T06:17:02.5324089Z   pythonLocation: /opt/hostedtoolcache/Python/3.11.16/x64
timeout-test	UNKNOWN STEP	2026-08-27T06:17:02.5325876Z   PKG_CONFIG_PATH: /opt/hostedtoolcache/Python/3.11.16/x64/lib/pkgconfig
timeout-test	UNKNOWN STEP	2026-08-27T06:17:02.5327394Z   Python_ROOT_DIR: /opt/hostedtoolcache/Python/3.11.16/x64
timeout-test	UNKNOWN STEP	2026-08-27T06:17:02.5328755Z   Python2_ROOT_DIR: /opt/hostedtoolcache/Python/3.11.16/x64
timeout-test	UNKNOWN STEP	2026-08-27T06:17:02.5330203Z   Python3_ROOT_DIR: /opt/hostedtoolcache/Python/3.11.16/x64
timeout-test	UNKNOWN STEP	2026-08-27T06:17:02.5331766Z   LD_LIBRARY_PATH: /opt/hostedtoolcache/Python/3.11.16/x64/lib
timeout-test	UNKNOWN STEP	2026-08-27T06:17:02.5333068Z ##[endgroup]
timeout-test	UNKNOWN STEP	2026-08-27T06:17:03.1314026Z Requirement already satisfied: pip in /opt/hostedtoolcache/Python/3.11.16/x64/lib/python3.11/site-packages (26.2.1)
timeout-test	UNKNOWN STEP	2026-08-27T06:17:03.6917025Z Collecting pytest
timeout-test	UNKNOWN STEP	2026-08-27T06:17:03.7557917Z   Downloading pytest-9.1.1-py3-none-any.whl.metadata (7.6 kB)
timeout-test	UNKNOWN STEP	2026-08-27T06:17:03.7718839Z Collecting iniconfig>=1.0.1 (from pytest)
timeout-test	UNKNOWN STEP	2026-08-27T06:17:03.7791147Z   Downloading iniconfig-2.3.0-py3-none-any.whl.metadata (2.5 kB)
timeout-test	UNKNOWN STEP	2026-08-27T06:17:03.7971375Z Collecting packaging>=22 (from pytest)
timeout-test	UNKNOWN STEP	2026-08-27T06:17:03.8042447Z   Downloading packaging-26.3-py3-none-any.whl.metadata (3.5 kB)
timeout-test	UNKNOWN STEP	2026-08-27T06:17:03.8190759Z Collecting pluggy<2,>=1.5 (from pytest)
timeout-test	UNKNOWN STEP	2026-08-27T06:17:03.8262106Z   Downloading pluggy-1.6.0-py3-none-any.whl.metadata (4.8 kB)
timeout-test	UNKNOWN STEP	2026-08-27T06:17:03.8477224Z Collecting pygments>=2.7.2 (from pytest)
timeout-test	UNKNOWN STEP	2026-08-27T06:17:03.8548494Z   Downloading pygments-2.21.0-py3-none-any.whl.metadata (2.5 kB)
timeout-test	UNKNOWN STEP	2026-08-27T06:17:03.8661553Z Downloading pytest-9.1.1-py3-none-any.whl (386 kB)
timeout-test	UNKNOWN STEP	2026-08-27T06:17:03.9006049Z Downloading pluggy-1.6.0-py3-none-any.whl (20 kB)
timeout-test	UNKNOWN STEP	2026-08-27T06:17:03.9093423Z Downloading iniconfig-2.3.0-py3-none-any.whl (7.5 kB)
timeout-test	UNKNOWN STEP	2026-08-27T06:17:03.9180867Z Downloading packaging-26.3-py3-none-any.whl (129 kB)
timeout-test	UNKNOWN STEP	2026-08-27T06:17:03.9298324Z Downloading pygments-2.21.0-py3-none-any.whl (1.3 MB)
timeout-test	UNKNOWN STEP	2026-08-27T06:17:03.9721096Z    ━━━━━━━━━━━━━━━━━━━━━━━━━━━━━━━━━━━━━━━━ 1.3/1.3 MB 30.4 MB/s  0:00:00
timeout-test	UNKNOWN STEP	2026-08-27T06:17:04.0174724Z Installing collected packages: pygments, pluggy, packaging, iniconfig, pytest
timeout-test	UNKNOWN STEP	2026-08-27T06:17:05.0261681Z 
timeout-test	UNKNOWN STEP	2026-08-27T06:17:05.0270278Z Successfully installed iniconfig-2.3.0 packaging-26.3 pluggy-1.6.0 pygments-2.21.0 pytest-9.1.1
timeout-test	UNKNOWN STEP	2026-08-27T06:17:05.0780870Z ##[group]Run pytest test_app.py
timeout-test	UNKNOWN STEP	2026-08-27T06:17:05.0781229Z ^[[36;1mpytest test_app.py^[[0m
timeout-test	UNKNOWN STEP	2026-08-27T06:17:05.0823890Z shell: /usr/bin/bash -e {0}
timeout-test	UNKNOWN STEP	2026-08-27T06:17:05.0824172Z env:
timeout-test	UNKNOWN STEP	2026-08-27T06:17:05.0824463Z   pythonLocation: /opt/hostedtoolcache/Python/3.11.16/x64
timeout-test	UNKNOWN STEP	2026-08-27T06:17:05.0824927Z   PKG_CONFIG_PATH: /opt/hostedtoolcache/Python/3.11.16/x64/lib/pkgconfig
timeout-test	UNKNOWN STEP	2026-08-27T06:17:05.0825538Z   Python_ROOT_DIR: /opt/hostedtoolcache/Python/3.11.16/x64
timeout-test	UNKNOWN STEP	2026-08-27T06:17:05.0825925Z   Python2_ROOT_DIR: /opt/hostedtoolcache/Python/3.11.16/x64
timeout-test	UNKNOWN STEP	2026-08-27T06:17:05.0826329Z   Python3_ROOT_DIR: /opt/hostedtoolcache/Python/3.11.16/x64
timeout-test	UNKNOWN STEP	2026-08-27T06:17:05.0826719Z   LD_LIBRARY_PATH: /opt/hostedtoolcache/Python/3.11.16/x64/lib
timeout-test	UNKNOWN STEP	2026-08-27T06:17:05.0827048Z ##[endgroup]
timeout-test	UNKNOWN STEP	2026-08-27T06:17:05.3189257Z ============================= test session starts ==============================
timeout-test	UNKNOWN STEP	2026-08-27T06:17:05.3189787Z platform linux -- Python 3.11.16, pytest-9.1.1, pluggy-1.6.0
timeout-test	UNKNOWN STEP	2026-08-27T06:17:05.3190372Z rootdir: /home/runner/work/dependency-error-repo/dependency-error-repo
timeout-test	UNKNOWN STEP	2026-08-27T06:17:05.3190777Z collected 1 item
timeout-test	UNKNOWN STEP	2026-08-27T06:17:05.3190922Z 
timeout-test	UNKNOWN STEP	2026-08-27T06:18:17.5858135Z ##[error]The action 'Run Tests' has timed out after 1 minutes.
timeout-test	UNKNOWN STEP	2026-08-27T06:18:17.5998559Z Node 20 is being deprecated. This workflow is running with Node 24 by default. If you need to temporarily use Node 20, you can set the ACTIONS_ALLOW_USE_UNSECURE_NODE_VERSION=true environment variable. For more information see: https://github.blog/changelog/2025-09-19-deprecation-of-node-20-on-github-actions-runners/
timeout-test	UNKNOWN STEP	2026-08-27T06:18:17.5999756Z Post job cleanup.
timeout-test	UNKNOWN STEP	2026-08-27T06:18:17.6847789Z [command]/usr/bin/git version
timeout-test	UNKNOWN STEP	2026-08-27T06:18:17.6923597Z git version 2.55.0
timeout-test	UNKNOWN STEP	2026-08-27T06:18:17.6964780Z Temporarily overriding HOME='/home/runner/work/_temp/096945e9-c349-449a-b2d9-bc2d4ca0cf60' before making global git config changes
timeout-test	UNKNOWN STEP	2026-08-27T06:18:17.6966271Z Adding repository directory to the temporary git global config as a safe directory
timeout-test	UNKNOWN STEP	2026-08-27T06:18:17.6973245Z [command]/usr/bin/git config --global --add safe.directory /home/runner/work/dependency-error-repo/dependency-error-repo
timeout-test	UNKNOWN STEP	2026-08-27T06:18:17.7014445Z [command]/usr/bin/git config --local --name-only --get-regexp core\.sshCommand
timeout-test	UNKNOWN STEP	2026-08-27T06:18:17.7050350Z [command]/usr/bin/git submodule foreach --recursive sh -c "git config --local --name-only --get-regexp 'core\.sshCommand' && git config --local --unset-all 'core.sshCommand' || :"
timeout-test	UNKNOWN STEP	2026-08-27T06:18:17.7319357Z [command]/usr/bin/git config --local --name-only --get-regexp http\.https\:\/\/github\.com\/\.extraheader
timeout-test	UNKNOWN STEP	2026-08-27T06:18:17.7349077Z http.https://github.com/.extraheader
timeout-test	UNKNOWN STEP	2026-08-27T06:18:17.7360145Z [command]/usr/bin/git config --local --unset-all http.https://github.com/.extraheader
timeout-test	UNKNOWN STEP	2026-08-27T06:18:17.7394964Z [command]/usr/bin/git submodule foreach --recursive sh -c "git config --local --name-only --get-regexp 'http\.https\:\/\/github\.com\/\.extraheader' && git config --local --unset-all 'http.https://github.com/.extraheader' || :"
timeout-test	UNKNOWN STEP	2026-08-27T06:18:17.7671066Z [command]/usr/bin/git config --local --name-only --get-regexp ^includeIf\.gitdir:
timeout-test	UNKNOWN STEP	2026-08-27T06:18:17.7710485Z [command]/usr/bin/git submodule foreach --recursive git config --local --show-origin --name-only --get-regexp remote.origin.url
timeout-test	UNKNOWN STEP	2026-08-27T06:18:17.8141371Z Cleaning up orphan processes
timeout-test	UNKNOWN STEP	2026-08-27T06:18:17.8444127Z Terminate orphan process: pid (2313) (pytest)
timeout-test	UNKNOWN STEP	2026-08-27T06:18:17.8452437Z ##[warning]Node.js 20 is deprecated. The following actions target Node.js 20 but are being forced to run on Node.js 24: actions/checkout@v4, actions/setup-python@v5. For more information see: https://github.blog/changelog/2025-09-19-deprecation-of-node-20-on-github-actions-runners/