timeout-test	Set up job	﻿2026-08-27T04:56:21.4611091Z Current runner version: '2.336.0'
timeout-test	Set up job	2026-08-27T04:56:21.4632356Z ##[group]Runner Image Provisioner
timeout-test	Set up job	2026-08-27T04:56:21.4633162Z Hosted Compute Agent
timeout-test	Set up job	2026-08-27T04:56:21.4633654Z Version: 20260729.566
timeout-test	Set up job	2026-08-27T04:56:21.4634203Z Commit: cf7153fe6e25b664e8693c24944bf2b00355d109
timeout-test	Set up job	2026-08-27T04:56:21.4634859Z Build Date: 2026-07-29T19:17:02Z
timeout-test	Set up job	2026-08-27T04:56:21.4635422Z Worker ID: {47df6c8d-5b7e-46b6-a373-e325dc939a41}
timeout-test	Set up job	2026-08-27T04:56:21.4636065Z Azure Region: westus3
timeout-test	Set up job	2026-08-27T04:56:21.4636590Z ##[endgroup]
timeout-test	Set up job	2026-08-27T04:56:21.4637698Z ##[group]Operating System
timeout-test	Set up job	2026-08-27T04:56:21.4638427Z Ubuntu
timeout-test	Set up job	2026-08-27T04:56:21.4638869Z 24.04.4
timeout-test	Set up job	2026-08-27T04:56:21.4639340Z LTS
timeout-test	Set up job	2026-08-27T04:56:21.4639783Z ##[endgroup]
timeout-test	Set up job	2026-08-27T04:56:21.4640229Z ##[group]Runner Image
timeout-test	Set up job	2026-08-27T04:56:21.4640813Z Image: ubuntu-24.04
timeout-test	Set up job	2026-08-27T04:56:21.4641284Z Version: 20260816.277.1
timeout-test	Set up job	2026-08-27T04:56:21.4642165Z Included Software: https://github.com/actions/runner-images/blob/ubuntu24/20260816.277/images/ubuntu/Ubuntu2404-Readme.md
timeout-test	Set up job	2026-08-27T04:56:21.4643873Z Image Release: https://github.com/actions/runner-images/releases/tag/ubuntu24%2F20260816.277
timeout-test	Set up job	2026-08-27T04:56:21.4644781Z ##[endgroup]
timeout-test	Set up job	2026-08-27T04:56:21.4645778Z ##[group]GITHUB_TOKEN Permissions
timeout-test	Set up job	2026-08-27T04:56:21.4647565Z Contents: read
timeout-test	Set up job	2026-08-27T04:56:21.4648108Z Metadata: read
timeout-test	Set up job	2026-08-27T04:56:21.4648969Z Packages: read
timeout-test	Set up job	2026-08-27T04:56:21.4649440Z ##[endgroup]
timeout-test	Set up job	2026-08-27T04:56:21.4651422Z Secret source: Actions
timeout-test	Set up job	2026-08-27T04:56:21.4652368Z Prepare workflow directory
timeout-test	Set up job	2026-08-27T04:56:21.5958881Z Prepare all required actions
timeout-test	Set up job	2026-08-27T04:56:21.5997183Z Getting action download info
timeout-test	Set up job	2026-08-27T04:56:21.8609342Z Download action repository 'actions/checkout@v4' (SHA:11d5960a326750d5838078e36cf38b85af677262)
timeout-test	Set up job	2026-08-27T04:56:22.0983539Z Download action repository 'actions/setup-python@v5' (SHA:a26af69be951a213d495a4c3e4e4022e16d87065)
timeout-test	Set up job	2026-08-27T04:56:22.5783363Z Complete job name: timeout-test
timeout-test	Checkout Repository	﻿2026-08-27T04:56:22.6389955Z Node 20 is being deprecated. This workflow is running with Node 24 by default. If you need to temporarily use Node 20, you can set the ACTIONS_ALLOW_USE_UNSECURE_NODE_VERSION=true environment variable. For more information see: https://github.blog/changelog/2025-09-19-deprecation-of-node-20-on-github-actions-runners/
timeout-test	Checkout Repository	2026-08-27T04:56:22.6397219Z ##[group]Run actions/checkout@v4
timeout-test	Checkout Repository	2026-08-27T04:56:22.6397840Z with:
timeout-test	Checkout Repository	2026-08-27T04:56:22.6398441Z   repository: DhruvHegde/dependency-error-repo
timeout-test	Checkout Repository	2026-08-27T04:56:22.6401966Z   token: ***
timeout-test	Checkout Repository	2026-08-27T04:56:22.6402371Z   ssh-strict: true
timeout-test	Checkout Repository	2026-08-27T04:56:22.6402765Z   ssh-user: git
timeout-test	Checkout Repository	2026-08-27T04:56:22.6403158Z   persist-credentials: true
timeout-test	Checkout Repository	2026-08-27T04:56:22.6403590Z   clean: true
timeout-test	Checkout Repository	2026-08-27T04:56:22.6403983Z   sparse-checkout-cone-mode: true
timeout-test	Checkout Repository	2026-08-27T04:56:22.6404437Z   fetch-depth: 1
timeout-test	Checkout Repository	2026-08-27T04:56:22.6404810Z   fetch-tags: false
timeout-test	Checkout Repository	2026-08-27T04:56:22.6405203Z   show-progress: true
timeout-test	Checkout Repository	2026-08-27T04:56:22.6405597Z   lfs: false
timeout-test	Checkout Repository	2026-08-27T04:56:22.6405991Z   submodules: false
timeout-test	Checkout Repository	2026-08-27T04:56:22.6406439Z   set-safe-directory: true
timeout-test	Checkout Repository	2026-08-27T04:56:22.6406881Z   allow-unsafe-pr-checkout: false
timeout-test	Checkout Repository	2026-08-27T04:56:22.6407490Z ##[endgroup]
timeout-test	Checkout Repository	2026-08-27T04:56:22.7207189Z Syncing repository: DhruvHegde/dependency-error-repo
timeout-test	Checkout Repository	2026-08-27T04:56:22.7209594Z ##[group]Getting Git version info
timeout-test	Checkout Repository	2026-08-27T04:56:22.7210755Z Working directory is '/home/runner/work/dependency-error-repo/dependency-error-repo'
timeout-test	Checkout Repository	2026-08-27T04:56:22.7212411Z [command]/usr/bin/git version
timeout-test	Checkout Repository	2026-08-27T04:56:22.7607730Z git version 2.55.0
timeout-test	Checkout Repository	2026-08-27T04:56:22.7624698Z ##[endgroup]
timeout-test	Checkout Repository	2026-08-27T04:56:22.7637440Z Temporarily overriding HOME='/home/runner/work/_temp/9f689544-2e1e-4a31-aa02-a3567eb801c2' before making global git config changes
timeout-test	Checkout Repository	2026-08-27T04:56:22.7639512Z Adding repository directory to the temporary git global config as a safe directory
timeout-test	Checkout Repository	2026-08-27T04:56:22.7642990Z [command]/usr/bin/git config --global --add safe.directory /home/runner/work/dependency-error-repo/dependency-error-repo
timeout-test	Checkout Repository	2026-08-27T04:56:22.7684775Z Deleting the contents of '/home/runner/work/dependency-error-repo/dependency-error-repo'
timeout-test	Checkout Repository	2026-08-27T04:56:22.7687824Z ##[group]Initializing the repository
timeout-test	Checkout Repository	2026-08-27T04:56:22.7692009Z [command]/usr/bin/git init /home/runner/work/dependency-error-repo/dependency-error-repo
timeout-test	Checkout Repository	2026-08-27T04:56:22.7762841Z hint: Using 'master' as the name for the initial branch. This default branch name
timeout-test	Checkout Repository	2026-08-27T04:56:22.7764315Z hint: will change to "main" in Git 3.0. To configure the initial branch name
timeout-test	Checkout Repository	2026-08-27T04:56:22.7765639Z hint: to use in all of your new repositories, which will suppress this warning,
timeout-test	Checkout Repository	2026-08-27T04:56:22.7766674Z hint: call:
timeout-test	Checkout Repository	2026-08-27T04:56:22.7767236Z hint:
timeout-test	Checkout Repository	2026-08-27T04:56:22.7768033Z hint: 	git config --global init.defaultBranch <name>
timeout-test	Checkout Repository	2026-08-27T04:56:22.7769025Z hint:
timeout-test	Checkout Repository	2026-08-27T04:56:22.7769943Z hint: Names commonly chosen instead of 'master' are 'main', 'trunk' and
timeout-test	Checkout Repository	2026-08-27T04:56:22.7771230Z hint: 'development'. The just-created branch can be renamed via this command:
timeout-test	Checkout Repository	2026-08-27T04:56:22.7772312Z hint:
timeout-test	Checkout Repository	2026-08-27T04:56:22.7772875Z hint: 	git branch -m <name>
timeout-test	Checkout Repository	2026-08-27T04:56:22.7773293Z hint:
timeout-test	Checkout Repository	2026-08-27T04:56:22.7773817Z hint: Disable this message with "git config set advice.defaultBranchName false"
timeout-test	Checkout Repository	2026-08-27T04:56:22.7774786Z Initialized empty Git repository in /home/runner/work/dependency-error-repo/dependency-error-repo/.git/
timeout-test	Checkout Repository	2026-08-27T04:56:22.7777062Z [command]/usr/bin/git remote add origin https://github.com/DhruvHegde/dependency-error-repo
timeout-test	Checkout Repository	2026-08-27T04:56:22.7811429Z ##[endgroup]
timeout-test	Checkout Repository	2026-08-27T04:56:22.7812484Z ##[group]Disabling automatic garbage collection
timeout-test	Checkout Repository	2026-08-27T04:56:22.7814502Z [command]/usr/bin/git config --local gc.auto 0
timeout-test	Checkout Repository	2026-08-27T04:56:22.7843674Z ##[endgroup]
timeout-test	Checkout Repository	2026-08-27T04:56:22.7844636Z ##[group]Setting up auth
timeout-test	Checkout Repository	2026-08-27T04:56:22.7848387Z [command]/usr/bin/git config --local --name-only --get-regexp core\.sshCommand
timeout-test	Checkout Repository	2026-08-27T04:56:22.7878567Z [command]/usr/bin/git submodule foreach --recursive sh -c "git config --local --name-only --get-regexp 'core\.sshCommand' && git config --local --unset-all 'core.sshCommand' || :"
timeout-test	Checkout Repository	2026-08-27T04:56:22.8142313Z [command]/usr/bin/git config --local --name-only --get-regexp http\.https\:\/\/github\.com\/\.extraheader
timeout-test	Checkout Repository	2026-08-27T04:56:22.8173132Z [command]/usr/bin/git submodule foreach --recursive sh -c "git config --local --name-only --get-regexp 'http\.https\:\/\/github\.com\/\.extraheader' && git config --local --unset-all 'http.https://github.com/.extraheader' || :"
timeout-test	Checkout Repository	2026-08-27T04:56:22.8360898Z [command]/usr/bin/git config --local --name-only --get-regexp ^includeIf\.gitdir:
timeout-test	Checkout Repository	2026-08-27T04:56:22.8390937Z [command]/usr/bin/git submodule foreach --recursive git config --local --show-origin --name-only --get-regexp remote.origin.url
timeout-test	Checkout Repository	2026-08-27T04:56:22.8613930Z [command]/usr/bin/git config --local http.https://github.com/.extraheader AUTHORIZATION: basic ***
timeout-test	Checkout Repository	2026-08-27T04:56:22.8646743Z ##[endgroup]
timeout-test	Checkout Repository	2026-08-27T04:56:22.8647883Z ##[group]Fetching the repository
timeout-test	Checkout Repository	2026-08-27T04:56:22.8655675Z [command]/usr/bin/git -c protocol.version=2 fetch --no-tags --prune --no-recurse-submodules --depth=1 origin +e10cf5c7b3529f94b682acf2e12bbf46719f5d69:refs/remotes/origin/feature/timeout-errors
timeout-test	Checkout Repository	2026-08-27T04:56:23.2966914Z From https://github.com/DhruvHegde/dependency-error-repo
timeout-test	Checkout Repository	2026-08-27T04:56:23.2969084Z  * [new ref]         e10cf5c7b3529f94b682acf2e12bbf46719f5d69 -> origin/feature/timeout-errors
timeout-test	Checkout Repository	2026-08-27T04:56:23.2973127Z ##[endgroup]
timeout-test	Checkout Repository	2026-08-27T04:56:23.2974175Z ##[group]Determining the checkout info
timeout-test	Checkout Repository	2026-08-27T04:56:23.2975430Z ##[endgroup]
timeout-test	Checkout Repository	2026-08-27T04:56:23.2976257Z [command]/usr/bin/git sparse-checkout disable
timeout-test	Checkout Repository	2026-08-27T04:56:23.3020210Z [command]/usr/bin/git config --local --unset-all extensions.worktreeConfig
timeout-test	Checkout Repository	2026-08-27T04:56:23.3046909Z ##[group]Checking out the ref
timeout-test	Checkout Repository	2026-08-27T04:56:23.3050193Z [command]/usr/bin/git checkout --progress --force -B feature/timeout-errors refs/remotes/origin/feature/timeout-errors
timeout-test	Checkout Repository	2026-08-27T04:56:23.3104164Z Switched to a new branch 'feature/timeout-errors'
timeout-test	Checkout Repository	2026-08-27T04:56:23.3108786Z branch 'feature/timeout-errors' set up to track 'origin/feature/timeout-errors'.
timeout-test	Checkout Repository	2026-08-27T04:56:23.3113436Z ##[endgroup]
timeout-test	Checkout Repository	2026-08-27T04:56:23.3145752Z [command]/usr/bin/git log -1 --format=%H
timeout-test	Checkout Repository	2026-08-27T04:56:23.3169276Z e10cf5c7b3529f94b682acf2e12bbf46719f5d69
timeout-test	Setup Python	﻿2026-08-27T04:56:23.3471176Z Node 20 is being deprecated. This workflow is running with Node 24 by default. If you need to temporarily use Node 20, you can set the ACTIONS_ALLOW_USE_UNSECURE_NODE_VERSION=true environment variable. For more information see: https://github.blog/changelog/2025-09-19-deprecation-of-node-20-on-github-actions-runners/
timeout-test	Setup Python	2026-08-27T04:56:23.3475891Z ##[group]Run actions/setup-python@v5
timeout-test	Setup Python	2026-08-27T04:56:23.3476823Z with:
timeout-test	Setup Python	2026-08-27T04:56:23.3477517Z   python-version: 3.11
timeout-test	Setup Python	2026-08-27T04:56:23.3478417Z   check-latest: false
timeout-test	Setup Python	2026-08-27T04:56:23.3486008Z   token: ***
timeout-test	Setup Python	2026-08-27T04:56:23.3486755Z   update-environment: true
timeout-test	Setup Python	2026-08-27T04:56:23.3487612Z   allow-prereleases: false
timeout-test	Setup Python	2026-08-27T04:56:23.3488545Z   freethreaded: false
timeout-test	Setup Python	2026-08-27T04:56:23.3489306Z ##[endgroup]
timeout-test	Setup Python	2026-08-27T04:56:23.4530393Z ##[group]Installed versions
timeout-test	Setup Python	2026-08-27T04:56:23.4598945Z (node:2083) [DEP0040] DeprecationWarning: The `punycode` module is deprecated. Please use a userland alternative instead.
timeout-test	Setup Python	2026-08-27T04:56:23.4601638Z (Use `node --trace-deprecation ...` to show where the warning was created)
timeout-test	Setup Python	2026-08-27T04:56:23.4603065Z Successfully set up CPython (3.11.16)
timeout-test	Setup Python	2026-08-27T04:56:23.4604489Z ##[endgroup]
timeout-test	Install Test Dependencies	﻿2026-08-27T04:56:23.4768020Z ##[group]Run python -m pip install --upgrade pip
timeout-test	Install Test Dependencies	2026-08-27T04:56:23.4769510Z ^[[36;1mpython -m pip install --upgrade pip^[[0m
timeout-test	Install Test Dependencies	2026-08-27T04:56:23.4770529Z ^[[36;1mpip install pytest^[[0m
timeout-test	Install Test Dependencies	2026-08-27T04:56:23.4889393Z shell: /usr/bin/bash -e {0}
timeout-test	Install Test Dependencies	2026-08-27T04:56:23.4890365Z env:
timeout-test	Install Test Dependencies	2026-08-27T04:56:23.4891257Z   pythonLocation: /opt/hostedtoolcache/Python/3.11.16/x64
timeout-test	Install Test Dependencies	2026-08-27T04:56:23.4892695Z   PKG_CONFIG_PATH: /opt/hostedtoolcache/Python/3.11.16/x64/lib/pkgconfig
timeout-test	Install Test Dependencies	2026-08-27T04:56:23.4894127Z   Python_ROOT_DIR: /opt/hostedtoolcache/Python/3.11.16/x64
timeout-test	Install Test Dependencies	2026-08-27T04:56:23.4895414Z   Python2_ROOT_DIR: /opt/hostedtoolcache/Python/3.11.16/x64
timeout-test	Install Test Dependencies	2026-08-27T04:56:23.4896812Z   Python3_ROOT_DIR: /opt/hostedtoolcache/Python/3.11.16/x64
timeout-test	Install Test Dependencies	2026-08-27T04:56:23.4898381Z   LD_LIBRARY_PATH: /opt/hostedtoolcache/Python/3.11.16/x64/lib
timeout-test	Install Test Dependencies	2026-08-27T04:56:23.4899509Z ##[endgroup]
timeout-test	Install Test Dependencies	2026-08-27T04:56:25.8058988Z Requirement already satisfied: pip in /opt/hostedtoolcache/Python/3.11.16/x64/lib/python3.11/site-packages (26.2.1)
timeout-test	Install Test Dependencies	2026-08-27T04:56:26.4227573Z Collecting pytest
timeout-test	Install Test Dependencies	2026-08-27T04:56:26.4816100Z   Downloading pytest-9.1.1-py3-none-any.whl.metadata (7.6 kB)
timeout-test	Install Test Dependencies	2026-08-27T04:56:26.4924695Z Collecting iniconfig>=1.0.1 (from pytest)
timeout-test	Install Test Dependencies	2026-08-27T04:56:26.5027153Z   Downloading iniconfig-2.3.0-py3-none-any.whl.metadata (2.5 kB)
timeout-test	Install Test Dependencies	2026-08-27T04:56:26.5148698Z Collecting packaging>=22 (from pytest)
timeout-test	Install Test Dependencies	2026-08-27T04:56:26.5250208Z   Downloading packaging-26.3-py3-none-any.whl.metadata (3.5 kB)
timeout-test	Install Test Dependencies	2026-08-27T04:56:26.5351820Z Collecting pluggy<2,>=1.5 (from pytest)
timeout-test	Install Test Dependencies	2026-08-27T04:56:26.5454302Z   Downloading pluggy-1.6.0-py3-none-any.whl.metadata (4.8 kB)
timeout-test	Install Test Dependencies	2026-08-27T04:56:26.5597644Z Collecting pygments>=2.7.2 (from pytest)
timeout-test	Install Test Dependencies	2026-08-27T04:56:26.5698938Z   Downloading pygments-2.21.0-py3-none-any.whl.metadata (2.5 kB)
timeout-test	Install Test Dependencies	2026-08-27T04:56:26.5837132Z Downloading pytest-9.1.1-py3-none-any.whl (386 kB)
timeout-test	Install Test Dependencies	2026-08-27T04:56:26.6700031Z Downloading pluggy-1.6.0-py3-none-any.whl (20 kB)
timeout-test	Install Test Dependencies	2026-08-27T04:56:26.6819300Z Downloading iniconfig-2.3.0-py3-none-any.whl (7.5 kB)
timeout-test	Install Test Dependencies	2026-08-27T04:56:26.6937950Z Downloading packaging-26.3-py3-none-any.whl (129 kB)
timeout-test	Install Test Dependencies	2026-08-27T04:56:26.7074672Z Downloading pygments-2.21.0-py3-none-any.whl (1.3 MB)
timeout-test	Install Test Dependencies	2026-08-27T04:56:26.7442049Z    ━━━━━━━━━━━━━━━━━━━━━━━━━━━━━━━━━━━━━━━━ 1.3/1.3 MB 38.2 MB/s  0:00:00
timeout-test	Install Test Dependencies	2026-08-27T04:56:26.7835082Z Installing collected packages: pygments, pluggy, packaging, iniconfig, pytest
timeout-test	Install Test Dependencies	2026-08-27T04:56:27.5531219Z 
timeout-test	Install Test Dependencies	2026-08-27T04:56:27.5539029Z Successfully installed iniconfig-2.3.0 packaging-26.3 pluggy-1.6.0 pygments-2.21.0 pytest-9.1.1
timeout-test	Run Tests	﻿2026-08-27T04:56:27.5968965Z ##[group]Run pytest test_app.py
timeout-test	Run Tests	2026-08-27T04:56:27.5969273Z ^[[36;1mpytest test_app.py^[[0m
timeout-test	Run Tests	2026-08-27T04:56:27.6002339Z shell: /usr/bin/bash -e {0}
timeout-test	Run Tests	2026-08-27T04:56:27.6002560Z env:
timeout-test	Run Tests	2026-08-27T04:56:27.6002781Z   pythonLocation: /opt/hostedtoolcache/Python/3.11.16/x64
timeout-test	Run Tests	2026-08-27T04:56:27.6003153Z   PKG_CONFIG_PATH: /opt/hostedtoolcache/Python/3.11.16/x64/lib/pkgconfig
timeout-test	Run Tests	2026-08-27T04:56:27.6003512Z   Python_ROOT_DIR: /opt/hostedtoolcache/Python/3.11.16/x64
timeout-test	Run Tests	2026-08-27T04:56:27.6003825Z   Python2_ROOT_DIR: /opt/hostedtoolcache/Python/3.11.16/x64
timeout-test	Run Tests	2026-08-27T04:56:27.6004120Z   Python3_ROOT_DIR: /opt/hostedtoolcache/Python/3.11.16/x64
timeout-test	Run Tests	2026-08-27T04:56:27.6004449Z   LD_LIBRARY_PATH: /opt/hostedtoolcache/Python/3.11.16/x64/lib
timeout-test	Run Tests	2026-08-27T04:56:27.6004717Z ##[endgroup]
timeout-test	Run Tests	2026-08-27T04:56:28.0448386Z ============================= test session starts ==============================
timeout-test	Run Tests	2026-08-27T04:56:28.0449193Z platform linux -- Python 3.11.16, pytest-9.1.1, pluggy-1.6.0
timeout-test	Run Tests	2026-08-27T04:56:28.0449588Z rootdir: /home/runner/work/dependency-error-repo/dependency-error-repo
timeout-test	Run Tests	2026-08-27T04:56:28.0450206Z collected 1 item
timeout-test	Run Tests	2026-08-27T04:56:28.0450384Z 
timeout-test	Run Tests	2026-08-27T04:57:40.1004614Z ##[error]The action 'Run Tests' has timed out after 1 minutes.
timeout-test	Post Checkout Repository	﻿2026-08-27T04:57:40.1109660Z Node 20 is being deprecated. This workflow is running with Node 24 by default. If you need to temporarily use Node 20, you can set the ACTIONS_ALLOW_USE_UNSECURE_NODE_VERSION=true environment variable. For more information see: https://github.blog/changelog/2025-09-19-deprecation-of-node-20-on-github-actions-runners/
timeout-test	Post Checkout Repository	2026-08-27T04:57:40.1110608Z Post job cleanup.
timeout-test	Post Checkout Repository	2026-08-27T04:57:40.1772385Z [command]/usr/bin/git version
timeout-test	Post Checkout Repository	2026-08-27T04:57:40.1840349Z git version 2.55.0
timeout-test	Post Checkout Repository	2026-08-27T04:57:40.1871395Z Temporarily overriding HOME='/home/runner/work/_temp/485e249f-8718-4cc4-8aab-a311345d583d' before making global git config changes
timeout-test	Post Checkout Repository	2026-08-27T04:57:40.1872232Z Adding repository directory to the temporary git global config as a safe directory
timeout-test	Post Checkout Repository	2026-08-27T04:57:40.1875909Z [command]/usr/bin/git config --global --add safe.directory /home/runner/work/dependency-error-repo/dependency-error-repo
timeout-test	Post Checkout Repository	2026-08-27T04:57:40.1907344Z [command]/usr/bin/git config --local --name-only --get-regexp core\.sshCommand
timeout-test	Post Checkout Repository	2026-08-27T04:57:40.1935196Z [command]/usr/bin/git submodule foreach --recursive sh -c "git config --local --name-only --get-regexp 'core\.sshCommand' && git config --local --unset-all 'core.sshCommand' || :"
timeout-test	Post Checkout Repository	2026-08-27T04:57:40.2143832Z [command]/usr/bin/git config --local --name-only --get-regexp http\.https\:\/\/github\.com\/\.extraheader
timeout-test	Post Checkout Repository	2026-08-27T04:57:40.2167525Z http.https://github.com/.extraheader
timeout-test	Post Checkout Repository	2026-08-27T04:57:40.2183620Z [command]/usr/bin/git config --local --unset-all http.https://github.com/.extraheader
timeout-test	Post Checkout Repository	2026-08-27T04:57:40.2220056Z [command]/usr/bin/git submodule foreach --recursive sh -c "git config --local --name-only --get-regexp 'http\.https\:\/\/github\.com\/\.extraheader' && git config --local --unset-all 'http.https://github.com/.extraheader' || :"
timeout-test	Post Checkout Repository	2026-08-27T04:57:40.2424405Z [command]/usr/bin/git config --local --name-only --get-regexp ^includeIf\.gitdir:
timeout-test	Post Checkout Repository	2026-08-27T04:57:40.2455737Z [command]/usr/bin/git submodule foreach --recursive git config --local --show-origin --name-only --get-regexp remote.origin.url
timeout-test	Complete job	﻿2026-08-27T04:57:40.2796917Z Cleaning up orphan processes
timeout-test	Complete job	2026-08-27T04:57:40.3056723Z Terminate orphan process: pid (2142) (pytest)
timeout-test	Complete job	2026-08-27T04:57:40.3063042Z ##[warning]Node.js 20 is deprecated. The following actions target Node.js 20 but are being forced to run on Node.js 24: actions/checkout@v4, actions/setup-python@v5. For more information see: https://github.blog/changelog/2025-09-19-deprecation-of-node-20-on-github-actions-runners/