timeout-test	Set up job	﻿2026-08-27T04:42:17.4510856Z Current runner version: '2.336.0'
timeout-test	Set up job	2026-08-27T04:42:17.4533971Z ##[group]Runner Image Provisioner
timeout-test	Set up job	2026-08-27T04:42:17.4534760Z Hosted Compute Agent
timeout-test	Set up job	2026-08-27T04:42:17.4535309Z Version: 20260729.566
timeout-test	Set up job	2026-08-27T04:42:17.4535818Z Commit: cf7153fe6e25b664e8693c24944bf2b00355d109
timeout-test	Set up job	2026-08-27T04:42:17.4536386Z Build Date: 2026-07-29T19:17:02Z
timeout-test	Set up job	2026-08-27T04:42:17.4537280Z Worker ID: {6df55249-456c-4f49-ab23-e2ac4f392750}
timeout-test	Set up job	2026-08-27T04:42:17.4537861Z Azure Region: westus
timeout-test	Set up job	2026-08-27T04:42:17.4538371Z ##[endgroup]
timeout-test	Set up job	2026-08-27T04:42:17.4539560Z ##[group]Operating System
timeout-test	Set up job	2026-08-27T04:42:17.4540065Z Ubuntu
timeout-test	Set up job	2026-08-27T04:42:17.4540582Z 24.04.4
timeout-test	Set up job	2026-08-27T04:42:17.4541035Z LTS
timeout-test	Set up job	2026-08-27T04:42:17.4541484Z ##[endgroup]
timeout-test	Set up job	2026-08-27T04:42:17.4541949Z ##[group]Runner Image
timeout-test	Set up job	2026-08-27T04:42:17.4542446Z Image: ubuntu-24.04
timeout-test	Set up job	2026-08-27T04:42:17.4542981Z Version: 20260816.277.1
timeout-test	Set up job	2026-08-27T04:42:17.4543824Z Included Software: https://github.com/actions/runner-images/blob/ubuntu24/20260816.277/images/ubuntu/Ubuntu2404-Readme.md
timeout-test	Set up job	2026-08-27T04:42:17.4545310Z Image Release: https://github.com/actions/runner-images/releases/tag/ubuntu24%2F20260816.277
timeout-test	Set up job	2026-08-27T04:42:17.4546445Z ##[endgroup]
timeout-test	Set up job	2026-08-27T04:42:17.4547658Z ##[group]GITHUB_TOKEN Permissions
timeout-test	Set up job	2026-08-27T04:42:17.4549489Z Contents: read
timeout-test	Set up job	2026-08-27T04:42:17.4550005Z Metadata: read
timeout-test	Set up job	2026-08-27T04:42:17.4550467Z Packages: read
timeout-test	Set up job	2026-08-27T04:42:17.4550993Z ##[endgroup]
timeout-test	Set up job	2026-08-27T04:42:17.4553032Z Secret source: Actions
timeout-test	Set up job	2026-08-27T04:42:17.4554002Z Prepare workflow directory
timeout-test	Set up job	2026-08-27T04:42:17.5677016Z Prepare all required actions
timeout-test	Set up job	2026-08-27T04:42:17.5715903Z Getting action download info
timeout-test	Set up job	2026-08-27T04:42:17.8726776Z Download action repository 'actions/checkout@v4' (SHA:11d5960a326750d5838078e36cf38b85af677262)
timeout-test	Set up job	2026-08-27T04:42:18.0443383Z Download action repository 'actions/setup-python@v5' (SHA:a26af69be951a213d495a4c3e4e4022e16d87065)
timeout-test	Set up job	2026-08-27T04:42:18.2043103Z Complete job name: timeout-test
timeout-test	Checkout Repository	﻿2026-08-27T04:42:18.2651168Z Node 20 is being deprecated. This workflow is running with Node 24 by default. If you need to temporarily use Node 20, you can set the ACTIONS_ALLOW_USE_UNSECURE_NODE_VERSION=true environment variable. For more information see: https://github.blog/changelog/2025-09-19-deprecation-of-node-20-on-github-actions-runners/
timeout-test	Checkout Repository	2026-08-27T04:42:18.2658764Z ##[group]Run actions/checkout@v4
timeout-test	Checkout Repository	2026-08-27T04:42:18.2659336Z with:
timeout-test	Checkout Repository	2026-08-27T04:42:18.2659731Z   repository: DhruvHegde/dependency-error-repo
timeout-test	Checkout Repository	2026-08-27T04:42:18.2663121Z   token: ***
timeout-test	Checkout Repository	2026-08-27T04:42:18.2663474Z   ssh-strict: true
timeout-test	Checkout Repository	2026-08-27T04:42:18.2663831Z   ssh-user: git
timeout-test	Checkout Repository	2026-08-27T04:42:18.2664181Z   persist-credentials: true
timeout-test	Checkout Repository	2026-08-27T04:42:18.2664573Z   clean: true
timeout-test	Checkout Repository	2026-08-27T04:42:18.2664927Z   sparse-checkout-cone-mode: true
timeout-test	Checkout Repository	2026-08-27T04:42:18.2665347Z   fetch-depth: 1
timeout-test	Checkout Repository	2026-08-27T04:42:18.2665685Z   fetch-tags: false
timeout-test	Checkout Repository	2026-08-27T04:42:18.2666033Z   show-progress: true
timeout-test	Checkout Repository	2026-08-27T04:42:18.2666384Z   lfs: false
timeout-test	Checkout Repository	2026-08-27T04:42:18.2666712Z   submodules: false
timeout-test	Checkout Repository	2026-08-27T04:42:18.2667282Z   set-safe-directory: true
timeout-test	Checkout Repository	2026-08-27T04:42:18.2667690Z   allow-unsafe-pr-checkout: false
timeout-test	Checkout Repository	2026-08-27T04:42:18.2668241Z ##[endgroup]
timeout-test	Checkout Repository	2026-08-27T04:42:18.3492560Z Syncing repository: DhruvHegde/dependency-error-repo
timeout-test	Checkout Repository	2026-08-27T04:42:18.3494292Z ##[group]Getting Git version info
timeout-test	Checkout Repository	2026-08-27T04:42:18.3494969Z Working directory is '/home/runner/work/dependency-error-repo/dependency-error-repo'
timeout-test	Checkout Repository	2026-08-27T04:42:18.3495951Z [command]/usr/bin/git version
timeout-test	Checkout Repository	2026-08-27T04:42:18.3549575Z git version 2.55.0
timeout-test	Checkout Repository	2026-08-27T04:42:18.3566453Z ##[endgroup]
timeout-test	Checkout Repository	2026-08-27T04:42:18.3586645Z Temporarily overriding HOME='/home/runner/work/_temp/0d0f9dab-b59d-422e-816b-c5f18f078381' before making global git config changes
timeout-test	Checkout Repository	2026-08-27T04:42:18.3588613Z Adding repository directory to the temporary git global config as a safe directory
timeout-test	Checkout Repository	2026-08-27T04:42:18.3591763Z [command]/usr/bin/git config --global --add safe.directory /home/runner/work/dependency-error-repo/dependency-error-repo
timeout-test	Checkout Repository	2026-08-27T04:42:18.3639456Z Deleting the contents of '/home/runner/work/dependency-error-repo/dependency-error-repo'
timeout-test	Checkout Repository	2026-08-27T04:42:18.3643577Z ##[group]Initializing the repository
timeout-test	Checkout Repository	2026-08-27T04:42:18.3647892Z [command]/usr/bin/git init /home/runner/work/dependency-error-repo/dependency-error-repo
timeout-test	Checkout Repository	2026-08-27T04:42:18.3730630Z hint: Using 'master' as the name for the initial branch. This default branch name
timeout-test	Checkout Repository	2026-08-27T04:42:18.3732477Z hint: will change to "main" in Git 3.0. To configure the initial branch name
timeout-test	Checkout Repository	2026-08-27T04:42:18.3733828Z hint: to use in all of your new repositories, which will suppress this warning,
timeout-test	Checkout Repository	2026-08-27T04:42:18.3734932Z hint: call:
timeout-test	Checkout Repository	2026-08-27T04:42:18.3735581Z hint:
timeout-test	Checkout Repository	2026-08-27T04:42:18.3736363Z hint: 	git config --global init.defaultBranch <name>
timeout-test	Checkout Repository	2026-08-27T04:42:18.3737425Z hint:
timeout-test	Checkout Repository	2026-08-27T04:42:18.3738263Z hint: Names commonly chosen instead of 'master' are 'main', 'trunk' and
timeout-test	Checkout Repository	2026-08-27T04:42:18.3739675Z hint: 'development'. The just-created branch can be renamed via this command:
timeout-test	Checkout Repository	2026-08-27T04:42:18.3740894Z hint:
timeout-test	Checkout Repository	2026-08-27T04:42:18.3741560Z hint: 	git branch -m <name>
timeout-test	Checkout Repository	2026-08-27T04:42:18.3742259Z hint:
timeout-test	Checkout Repository	2026-08-27T04:42:18.3743153Z hint: Disable this message with "git config set advice.defaultBranchName false"
timeout-test	Checkout Repository	2026-08-27T04:42:18.3744842Z Initialized empty Git repository in /home/runner/work/dependency-error-repo/dependency-error-repo/.git/
timeout-test	Checkout Repository	2026-08-27T04:42:18.3748092Z [command]/usr/bin/git remote add origin https://github.com/DhruvHegde/dependency-error-repo
timeout-test	Checkout Repository	2026-08-27T04:42:18.4318468Z ##[endgroup]
timeout-test	Checkout Repository	2026-08-27T04:42:18.4319186Z ##[group]Disabling automatic garbage collection
timeout-test	Checkout Repository	2026-08-27T04:42:18.4322473Z [command]/usr/bin/git config --local gc.auto 0
timeout-test	Checkout Repository	2026-08-27T04:42:18.4354008Z ##[endgroup]
timeout-test	Checkout Repository	2026-08-27T04:42:18.4354636Z ##[group]Setting up auth
timeout-test	Checkout Repository	2026-08-27T04:42:18.4359496Z [command]/usr/bin/git config --local --name-only --get-regexp core\.sshCommand
timeout-test	Checkout Repository	2026-08-27T04:42:18.4388869Z [command]/usr/bin/git submodule foreach --recursive sh -c "git config --local --name-only --get-regexp 'core\.sshCommand' && git config --local --unset-all 'core.sshCommand' || :"
timeout-test	Checkout Repository	2026-08-27T04:42:18.4679759Z [command]/usr/bin/git config --local --name-only --get-regexp http\.https\:\/\/github\.com\/\.extraheader
timeout-test	Checkout Repository	2026-08-27T04:42:18.4710596Z [command]/usr/bin/git submodule foreach --recursive sh -c "git config --local --name-only --get-regexp 'http\.https\:\/\/github\.com\/\.extraheader' && git config --local --unset-all 'http.https://github.com/.extraheader' || :"
timeout-test	Checkout Repository	2026-08-27T04:42:18.4903967Z [command]/usr/bin/git config --local --name-only --get-regexp ^includeIf\.gitdir:
timeout-test	Checkout Repository	2026-08-27T04:42:18.4935012Z [command]/usr/bin/git submodule foreach --recursive git config --local --show-origin --name-only --get-regexp remote.origin.url
timeout-test	Checkout Repository	2026-08-27T04:42:18.5137893Z [command]/usr/bin/git config --local http.https://github.com/.extraheader AUTHORIZATION: basic ***
timeout-test	Checkout Repository	2026-08-27T04:42:18.5176731Z ##[endgroup]
timeout-test	Checkout Repository	2026-08-27T04:42:18.5178118Z ##[group]Fetching the repository
timeout-test	Checkout Repository	2026-08-27T04:42:18.5187015Z [command]/usr/bin/git -c protocol.version=2 fetch --no-tags --prune --no-recurse-submodules --depth=1 origin +1a7c6f8587e5352a31a6af494f499cf789492fc7:refs/remotes/origin/feature/timeout-errors
timeout-test	Checkout Repository	2026-08-27T04:42:18.8904141Z From https://github.com/DhruvHegde/dependency-error-repo
timeout-test	Checkout Repository	2026-08-27T04:42:18.8905153Z  * [new ref]         1a7c6f8587e5352a31a6af494f499cf789492fc7 -> origin/feature/timeout-errors
timeout-test	Checkout Repository	2026-08-27T04:42:18.8908727Z ##[endgroup]
timeout-test	Checkout Repository	2026-08-27T04:42:18.8909373Z ##[group]Determining the checkout info
timeout-test	Checkout Repository	2026-08-27T04:42:18.8911757Z ##[endgroup]
timeout-test	Checkout Repository	2026-08-27T04:42:18.8917764Z [command]/usr/bin/git sparse-checkout disable
timeout-test	Checkout Repository	2026-08-27T04:42:18.8961451Z [command]/usr/bin/git config --local --unset-all extensions.worktreeConfig
timeout-test	Checkout Repository	2026-08-27T04:42:18.8988978Z ##[group]Checking out the ref
timeout-test	Checkout Repository	2026-08-27T04:42:18.8993609Z [command]/usr/bin/git checkout --progress --force -B feature/timeout-errors refs/remotes/origin/feature/timeout-errors
timeout-test	Checkout Repository	2026-08-27T04:42:18.9052491Z Switched to a new branch 'feature/timeout-errors'
timeout-test	Checkout Repository	2026-08-27T04:42:18.9056767Z branch 'feature/timeout-errors' set up to track 'origin/feature/timeout-errors'.
timeout-test	Checkout Repository	2026-08-27T04:42:18.9061849Z ##[endgroup]
timeout-test	Checkout Repository	2026-08-27T04:42:18.9100577Z [command]/usr/bin/git log -1 --format=%H
timeout-test	Checkout Repository	2026-08-27T04:42:18.9124887Z 1a7c6f8587e5352a31a6af494f499cf789492fc7
timeout-test	Setup Python	﻿2026-08-27T04:42:18.9359376Z Node 20 is being deprecated. This workflow is running with Node 24 by default. If you need to temporarily use Node 20, you can set the ACTIONS_ALLOW_USE_UNSECURE_NODE_VERSION=true environment variable. For more information see: https://github.blog/changelog/2025-09-19-deprecation-of-node-20-on-github-actions-runners/
timeout-test	Setup Python	2026-08-27T04:42:18.9361512Z ##[group]Run actions/setup-python@v5
timeout-test	Setup Python	2026-08-27T04:42:18.9361927Z with:
timeout-test	Setup Python	2026-08-27T04:42:18.9362251Z   python-version: 3.11
timeout-test	Setup Python	2026-08-27T04:42:18.9362608Z   check-latest: false
timeout-test	Setup Python	2026-08-27T04:42:18.9365762Z   token: ***
timeout-test	Setup Python	2026-08-27T04:42:18.9366101Z   update-environment: true
timeout-test	Setup Python	2026-08-27T04:42:18.9366489Z   allow-prereleases: false
timeout-test	Setup Python	2026-08-27T04:42:18.9366964Z   freethreaded: false
timeout-test	Setup Python	2026-08-27T04:42:18.9367309Z ##[endgroup]
timeout-test	Setup Python	2026-08-27T04:42:19.0436130Z ##[group]Installed versions
timeout-test	Setup Python	2026-08-27T04:42:19.0588051Z (node:1968) [DEP0040] DeprecationWarning: The `punycode` module is deprecated. Please use a userland alternative instead.
timeout-test	Setup Python	2026-08-27T04:42:19.0589208Z (Use `node --trace-deprecation ...` to show where the warning was created)
timeout-test	Setup Python	2026-08-27T04:42:19.0590247Z Successfully set up CPython (3.11.16)
timeout-test	Setup Python	2026-08-27T04:42:19.0591255Z ##[endgroup]
timeout-test	Install Test Dependencies	﻿2026-08-27T04:42:19.0783937Z ##[group]Run python -m pip install --upgrade pip
timeout-test	Install Test Dependencies	2026-08-27T04:42:19.0784869Z ^[[36;1mpython -m pip install --upgrade pip^[[0m
timeout-test	Install Test Dependencies	2026-08-27T04:42:19.0785604Z ^[[36;1mpip install pytest^[[0m
timeout-test	Install Test Dependencies	2026-08-27T04:42:19.0845250Z shell: /usr/bin/bash -e {0}
timeout-test	Install Test Dependencies	2026-08-27T04:42:19.0845955Z env:
timeout-test	Install Test Dependencies	2026-08-27T04:42:19.0846644Z   pythonLocation: /opt/hostedtoolcache/Python/3.11.16/x64
timeout-test	Install Test Dependencies	2026-08-27T04:42:19.0847870Z   PKG_CONFIG_PATH: /opt/hostedtoolcache/Python/3.11.16/x64/lib/pkgconfig
timeout-test	Install Test Dependencies	2026-08-27T04:42:19.0848856Z   Python_ROOT_DIR: /opt/hostedtoolcache/Python/3.11.16/x64
timeout-test	Install Test Dependencies	2026-08-27T04:42:19.0849735Z   Python2_ROOT_DIR: /opt/hostedtoolcache/Python/3.11.16/x64
timeout-test	Install Test Dependencies	2026-08-27T04:42:19.0850664Z   Python3_ROOT_DIR: /opt/hostedtoolcache/Python/3.11.16/x64
timeout-test	Install Test Dependencies	2026-08-27T04:42:19.0851611Z   LD_LIBRARY_PATH: /opt/hostedtoolcache/Python/3.11.16/x64/lib
timeout-test	Install Test Dependencies	2026-08-27T04:42:19.0852410Z ##[endgroup]
timeout-test	Install Test Dependencies	2026-08-27T04:42:19.9731855Z Requirement already satisfied: pip in /opt/hostedtoolcache/Python/3.11.16/x64/lib/python3.11/site-packages (26.2.1)
timeout-test	Install Test Dependencies	2026-08-27T04:42:20.8227738Z Collecting pytest
timeout-test	Install Test Dependencies	2026-08-27T04:42:20.9180729Z   Downloading pytest-9.1.1-py3-none-any.whl.metadata (7.6 kB)
timeout-test	Install Test Dependencies	2026-08-27T04:42:20.9291468Z Collecting iniconfig>=1.0.1 (from pytest)
timeout-test	Install Test Dependencies	2026-08-27T04:42:20.9509014Z   Downloading iniconfig-2.3.0-py3-none-any.whl.metadata (2.5 kB)
timeout-test	Install Test Dependencies	2026-08-27T04:42:20.9636495Z Collecting packaging>=22 (from pytest)
timeout-test	Install Test Dependencies	2026-08-27T04:42:20.9854835Z   Downloading packaging-26.3-py3-none-any.whl.metadata (3.5 kB)
timeout-test	Install Test Dependencies	2026-08-27T04:42:21.0165464Z Collecting pluggy<2,>=1.5 (from pytest)
timeout-test	Install Test Dependencies	2026-08-27T04:42:21.0381975Z   Downloading pluggy-1.6.0-py3-none-any.whl.metadata (4.8 kB)
timeout-test	Install Test Dependencies	2026-08-27T04:42:21.0543874Z Collecting pygments>=2.7.2 (from pytest)
timeout-test	Install Test Dependencies	2026-08-27T04:42:21.0762918Z   Downloading pygments-2.21.0-py3-none-any.whl.metadata (2.5 kB)
timeout-test	Install Test Dependencies	2026-08-27T04:42:21.1060949Z Downloading pytest-9.1.1-py3-none-any.whl (386 kB)
timeout-test	Install Test Dependencies	2026-08-27T04:42:21.2082689Z Downloading pluggy-1.6.0-py3-none-any.whl (20 kB)
timeout-test	Install Test Dependencies	2026-08-27T04:42:21.2324057Z Downloading iniconfig-2.3.0-py3-none-any.whl (7.5 kB)
timeout-test	Install Test Dependencies	2026-08-27T04:42:21.2565683Z Downloading packaging-26.3-py3-none-any.whl (129 kB)
timeout-test	Install Test Dependencies	2026-08-27T04:42:21.2842928Z Downloading pygments-2.21.0-py3-none-any.whl (1.3 MB)
timeout-test	Install Test Dependencies	2026-08-27T04:42:21.3399792Z    ━━━━━━━━━━━━━━━━━━━━━━━━━━━━━━━━━━━━━━━━ 1.3/1.3 MB 20.8 MB/s  0:00:00
timeout-test	Install Test Dependencies	2026-08-27T04:42:21.3861065Z Installing collected packages: pygments, pluggy, packaging, iniconfig, pytest
timeout-test	Install Test Dependencies	2026-08-27T04:42:22.1894678Z 
timeout-test	Install Test Dependencies	2026-08-27T04:42:22.1902870Z Successfully installed iniconfig-2.3.0 packaging-26.3 pluggy-1.6.0 pygments-2.21.0 pytest-9.1.1
timeout-test	Run Tests	﻿2026-08-27T04:42:22.2421662Z ##[group]Run pytest test_app.py
timeout-test	Run Tests	2026-08-27T04:42:22.2421962Z ^[[36;1mpytest test_app.py^[[0m
timeout-test	Run Tests	2026-08-27T04:42:22.2456659Z shell: /usr/bin/bash -e {0}
timeout-test	Run Tests	2026-08-27T04:42:22.2456964Z env:
timeout-test	Run Tests	2026-08-27T04:42:22.2457188Z   pythonLocation: /opt/hostedtoolcache/Python/3.11.16/x64
timeout-test	Run Tests	2026-08-27T04:42:22.2457543Z   PKG_CONFIG_PATH: /opt/hostedtoolcache/Python/3.11.16/x64/lib/pkgconfig
timeout-test	Run Tests	2026-08-27T04:42:22.2457889Z   Python_ROOT_DIR: /opt/hostedtoolcache/Python/3.11.16/x64
timeout-test	Run Tests	2026-08-27T04:42:22.2458196Z   Python2_ROOT_DIR: /opt/hostedtoolcache/Python/3.11.16/x64
timeout-test	Run Tests	2026-08-27T04:42:22.2458494Z   Python3_ROOT_DIR: /opt/hostedtoolcache/Python/3.11.16/x64
timeout-test	Run Tests	2026-08-27T04:42:22.2458818Z   LD_LIBRARY_PATH: /opt/hostedtoolcache/Python/3.11.16/x64/lib
timeout-test	Run Tests	2026-08-27T04:42:22.2459110Z ##[endgroup]
timeout-test	Run Tests	2026-08-27T04:42:22.5553998Z ============================= test session starts ==============================
timeout-test	Run Tests	2026-08-27T04:42:22.5554678Z platform linux -- Python 3.11.16, pytest-9.1.1, pluggy-1.6.0
timeout-test	Run Tests	2026-08-27T04:42:22.5555073Z rootdir: /home/runner/work/dependency-error-repo/dependency-error-repo
timeout-test	Run Tests	2026-08-27T04:42:22.5555473Z collected 1 item
timeout-test	Run Tests	2026-08-27T04:42:22.5555590Z 
timeout-test	Run Tests	2026-08-27T04:43:34.7464616Z ##[error]The action 'Run Tests' has timed out after 1 minutes.
timeout-test	Post Checkout Repository	﻿2026-08-27T04:43:34.7574531Z Node 20 is being deprecated. This workflow is running with Node 24 by default. If you need to temporarily use Node 20, you can set the ACTIONS_ALLOW_USE_UNSECURE_NODE_VERSION=true environment variable. For more information see: https://github.blog/changelog/2025-09-19-deprecation-of-node-20-on-github-actions-runners/
timeout-test	Post Checkout Repository	2026-08-27T04:43:34.7575485Z Post job cleanup.
timeout-test	Post Checkout Repository	2026-08-27T04:43:34.8290418Z [command]/usr/bin/git version
timeout-test	Post Checkout Repository	2026-08-27T04:43:34.8328528Z git version 2.55.0
timeout-test	Post Checkout Repository	2026-08-27T04:43:34.8359764Z Temporarily overriding HOME='/home/runner/work/_temp/e13e2bf3-99bc-4bb2-a81c-3a3b90d32bb8' before making global git config changes
timeout-test	Post Checkout Repository	2026-08-27T04:43:34.8361226Z Adding repository directory to the temporary git global config as a safe directory
timeout-test	Post Checkout Repository	2026-08-27T04:43:34.8365373Z [command]/usr/bin/git config --global --add safe.directory /home/runner/work/dependency-error-repo/dependency-error-repo
timeout-test	Post Checkout Repository	2026-08-27T04:43:34.8403235Z [command]/usr/bin/git config --local --name-only --get-regexp core\.sshCommand
timeout-test	Post Checkout Repository	2026-08-27T04:43:34.8435855Z [command]/usr/bin/git submodule foreach --recursive sh -c "git config --local --name-only --get-regexp 'core\.sshCommand' && git config --local --unset-all 'core.sshCommand' || :"
timeout-test	Post Checkout Repository	2026-08-27T04:43:34.8657881Z [command]/usr/bin/git config --local --name-only --get-regexp http\.https\:\/\/github\.com\/\.extraheader
timeout-test	Post Checkout Repository	2026-08-27T04:43:34.8681998Z http.https://github.com/.extraheader
timeout-test	Post Checkout Repository	2026-08-27T04:43:34.8691464Z [command]/usr/bin/git config --local --unset-all http.https://github.com/.extraheader
timeout-test	Post Checkout Repository	2026-08-27T04:43:34.8726521Z [command]/usr/bin/git submodule foreach --recursive sh -c "git config --local --name-only --get-regexp 'http\.https\:\/\/github\.com\/\.extraheader' && git config --local --unset-all 'http.https://github.com/.extraheader' || :"
timeout-test	Post Checkout Repository	2026-08-27T04:43:34.8983376Z [command]/usr/bin/git config --local --name-only --get-regexp ^includeIf\.gitdir:
timeout-test	Post Checkout Repository	2026-08-27T04:43:34.9023026Z [command]/usr/bin/git submodule foreach --recursive git config --local --show-origin --name-only --get-regexp remote.origin.url
timeout-test	Complete job	﻿2026-08-27T04:43:34.9388598Z Cleaning up orphan processes
timeout-test	Complete job	2026-08-27T04:43:34.9656156Z Terminate orphan process: pid (2026) (pytest)
timeout-test	Complete job	2026-08-27T04:43:34.9665425Z ##[warning]Node.js 20 is deprecated. The following actions target Node.js 20 but are being forced to run on Node.js 24: actions/checkout@v4, actions/setup-python@v5. For more information see: https://github.blog/changelog/2025-09-19-deprecation-of-node-20-on-github-actions-runners/