timeout-test	Set up job	﻿2026-08-27T05:08:30.0357596Z Current runner version: '2.336.0'
timeout-test	Set up job	2026-08-27T05:08:30.0385559Z ##[group]Runner Image Provisioner
timeout-test	Set up job	2026-08-27T05:08:30.0386475Z Hosted Compute Agent
timeout-test	Set up job	2026-08-27T05:08:30.0387081Z Version: 20260729.566
timeout-test	Set up job	2026-08-27T05:08:30.0387867Z Commit: cf7153fe6e25b664e8693c24944bf2b00355d109
timeout-test	Set up job	2026-08-27T05:08:30.0388608Z Build Date: 2026-07-29T19:17:02Z
timeout-test	Set up job	2026-08-27T05:08:30.0389520Z Worker ID: {84514a14-dae4-4d5d-b474-a5645b413b46}
timeout-test	Set up job	2026-08-27T05:08:30.0390277Z Azure Region: centralus
timeout-test	Set up job	2026-08-27T05:08:30.0391179Z ##[endgroup]
timeout-test	Set up job	2026-08-27T05:08:30.0392812Z ##[group]Operating System
timeout-test	Set up job	2026-08-27T05:08:30.0393476Z Ubuntu
timeout-test	Set up job	2026-08-27T05:08:30.0394084Z 24.04.4
timeout-test	Set up job	2026-08-27T05:08:30.0394650Z LTS
timeout-test	Set up job	2026-08-27T05:08:30.0395188Z ##[endgroup]
timeout-test	Set up job	2026-08-27T05:08:30.0395851Z ##[group]Runner Image
timeout-test	Set up job	2026-08-27T05:08:30.0396475Z Image: ubuntu-24.04
timeout-test	Set up job	2026-08-27T05:08:30.0397043Z Version: 20260816.277.1
timeout-test	Set up job	2026-08-27T05:08:30.0398210Z Included Software: https://github.com/actions/runner-images/blob/ubuntu24/20260816.277/images/ubuntu/Ubuntu2404-Readme.md
timeout-test	Set up job	2026-08-27T05:08:30.0400766Z Image Release: https://github.com/actions/runner-images/releases/tag/ubuntu24%2F20260816.277
timeout-test	Set up job	2026-08-27T05:08:30.0401789Z ##[endgroup]
timeout-test	Set up job	2026-08-27T05:08:30.0403110Z ##[group]GITHUB_TOKEN Permissions
timeout-test	Set up job	2026-08-27T05:08:30.0405350Z Contents: read
timeout-test	Set up job	2026-08-27T05:08:30.0406024Z Metadata: read
timeout-test	Set up job	2026-08-27T05:08:30.0406763Z Packages: read
timeout-test	Set up job	2026-08-27T05:08:30.0407348Z ##[endgroup]
timeout-test	Set up job	2026-08-27T05:08:30.0409827Z Secret source: Actions
timeout-test	Set up job	2026-08-27T05:08:30.0411261Z Prepare workflow directory
timeout-test	Set up job	2026-08-27T05:08:30.0758360Z Prepare all required actions
timeout-test	Set up job	2026-08-27T05:08:30.0826726Z Getting action download info
timeout-test	Set up job	2026-08-27T05:08:30.3293168Z Download action repository 'actions/checkout@v4' (SHA:11d5960a326750d5838078e36cf38b85af677262)
timeout-test	Set up job	2026-08-27T05:08:30.4194496Z Download action repository 'actions/setup-python@v5' (SHA:a26af69be951a213d495a4c3e4e4022e16d87065)
timeout-test	Set up job	2026-08-27T05:08:30.6087448Z Complete job name: timeout-test
timeout-test	Checkout Repository	﻿2026-08-27T05:08:30.6835192Z Node 20 is being deprecated. This workflow is running with Node 24 by default. If you need to temporarily use Node 20, you can set the ACTIONS_ALLOW_USE_UNSECURE_NODE_VERSION=true environment variable. For more information see: https://github.blog/changelog/2025-09-19-deprecation-of-node-20-on-github-actions-runners/
timeout-test	Checkout Repository	2026-08-27T05:08:30.6844250Z ##[group]Run actions/checkout@v4
timeout-test	Checkout Repository	2026-08-27T05:08:30.6844967Z with:
timeout-test	Checkout Repository	2026-08-27T05:08:30.6845469Z   repository: DhruvHegde/dependency-error-repo
timeout-test	Checkout Repository	2026-08-27T05:08:30.6849524Z   token: ***
timeout-test	Checkout Repository	2026-08-27T05:08:30.6849975Z   ssh-strict: true
timeout-test	Checkout Repository	2026-08-27T05:08:30.6850577Z   ssh-user: git
timeout-test	Checkout Repository	2026-08-27T05:08:30.6851039Z   persist-credentials: true
timeout-test	Checkout Repository	2026-08-27T05:08:30.6851534Z   clean: true
timeout-test	Checkout Repository	2026-08-27T05:08:30.6851989Z   sparse-checkout-cone-mode: true
timeout-test	Checkout Repository	2026-08-27T05:08:30.6852530Z   fetch-depth: 1
timeout-test	Checkout Repository	2026-08-27T05:08:30.6852989Z   fetch-tags: false
timeout-test	Checkout Repository	2026-08-27T05:08:30.6853447Z   show-progress: true
timeout-test	Checkout Repository	2026-08-27T05:08:30.6853896Z   lfs: false
timeout-test	Checkout Repository	2026-08-27T05:08:30.6854309Z   submodules: false
timeout-test	Checkout Repository	2026-08-27T05:08:30.6854833Z   set-safe-directory: true
timeout-test	Checkout Repository	2026-08-27T05:08:30.6855351Z   allow-unsafe-pr-checkout: false
timeout-test	Checkout Repository	2026-08-27T05:08:30.6856077Z ##[endgroup]
timeout-test	Checkout Repository	2026-08-27T05:08:30.7939807Z Syncing repository: DhruvHegde/dependency-error-repo
timeout-test	Checkout Repository	2026-08-27T05:08:30.7942871Z ##[group]Getting Git version info
timeout-test	Checkout Repository	2026-08-27T05:08:30.7944258Z Working directory is '/home/runner/work/dependency-error-repo/dependency-error-repo'
timeout-test	Checkout Repository	2026-08-27T05:08:30.7946175Z [command]/usr/bin/git version
timeout-test	Checkout Repository	2026-08-27T05:08:30.7974445Z git version 2.55.0
timeout-test	Checkout Repository	2026-08-27T05:08:30.8027585Z ##[endgroup]
timeout-test	Checkout Repository	2026-08-27T05:08:30.8048881Z Temporarily overriding HOME='/home/runner/work/_temp/f9fda7f9-b21e-461d-8c90-fd299aa0f9b5' before making global git config changes
timeout-test	Checkout Repository	2026-08-27T05:08:30.8052184Z Adding repository directory to the temporary git global config as a safe directory
timeout-test	Checkout Repository	2026-08-27T05:08:30.8054551Z [command]/usr/bin/git config --global --add safe.directory /home/runner/work/dependency-error-repo/dependency-error-repo
timeout-test	Checkout Repository	2026-08-27T05:08:30.8106088Z Deleting the contents of '/home/runner/work/dependency-error-repo/dependency-error-repo'
timeout-test	Checkout Repository	2026-08-27T05:08:30.8111564Z ##[group]Initializing the repository
timeout-test	Checkout Repository	2026-08-27T05:08:30.8117577Z [command]/usr/bin/git init /home/runner/work/dependency-error-repo/dependency-error-repo
timeout-test	Checkout Repository	2026-08-27T05:08:30.8195543Z hint: Using 'master' as the name for the initial branch. This default branch name
timeout-test	Checkout Repository	2026-08-27T05:08:30.8197240Z hint: will change to "main" in Git 3.0. To configure the initial branch name
timeout-test	Checkout Repository	2026-08-27T05:08:30.8198726Z hint: to use in all of your new repositories, which will suppress this warning,
timeout-test	Checkout Repository	2026-08-27T05:08:30.8199831Z hint: call:
timeout-test	Checkout Repository	2026-08-27T05:08:30.8200607Z hint:
timeout-test	Checkout Repository	2026-08-27T05:08:30.8201390Z hint: 	git config --global init.defaultBranch <name>
timeout-test	Checkout Repository	2026-08-27T05:08:30.8202341Z hint:
timeout-test	Checkout Repository	2026-08-27T05:08:30.8203213Z hint: Names commonly chosen instead of 'master' are 'main', 'trunk' and
timeout-test	Checkout Repository	2026-08-27T05:08:30.8204561Z hint: 'development'. The just-created branch can be renamed via this command:
timeout-test	Checkout Repository	2026-08-27T05:08:30.8205586Z hint:
timeout-test	Checkout Repository	2026-08-27T05:08:30.8206205Z hint: 	git branch -m <name>
timeout-test	Checkout Repository	2026-08-27T05:08:30.8206941Z hint:
timeout-test	Checkout Repository	2026-08-27T05:08:30.8207904Z hint: Disable this message with "git config set advice.defaultBranchName false"
timeout-test	Checkout Repository	2026-08-27T05:08:30.8209696Z Initialized empty Git repository in /home/runner/work/dependency-error-repo/dependency-error-repo/.git/
timeout-test	Checkout Repository	2026-08-27T05:08:30.8212297Z [command]/usr/bin/git remote add origin https://github.com/DhruvHegde/dependency-error-repo
timeout-test	Checkout Repository	2026-08-27T05:08:30.8259622Z ##[endgroup]
timeout-test	Checkout Repository	2026-08-27T05:08:30.8260969Z ##[group]Disabling automatic garbage collection
timeout-test	Checkout Repository	2026-08-27T05:08:30.8264512Z [command]/usr/bin/git config --local gc.auto 0
timeout-test	Checkout Repository	2026-08-27T05:08:30.8299969Z ##[endgroup]
timeout-test	Checkout Repository	2026-08-27T05:08:30.8301022Z ##[group]Setting up auth
timeout-test	Checkout Repository	2026-08-27T05:08:30.8307969Z [command]/usr/bin/git config --local --name-only --get-regexp core\.sshCommand
timeout-test	Checkout Repository	2026-08-27T05:08:30.8344307Z [command]/usr/bin/git submodule foreach --recursive sh -c "git config --local --name-only --get-regexp 'core\.sshCommand' && git config --local --unset-all 'core.sshCommand' || :"
timeout-test	Checkout Repository	2026-08-27T05:08:30.8699999Z [command]/usr/bin/git config --local --name-only --get-regexp http\.https\:\/\/github\.com\/\.extraheader
timeout-test	Checkout Repository	2026-08-27T05:08:30.8746629Z [command]/usr/bin/git submodule foreach --recursive sh -c "git config --local --name-only --get-regexp 'http\.https\:\/\/github\.com\/\.extraheader' && git config --local --unset-all 'http.https://github.com/.extraheader' || :"
timeout-test	Checkout Repository	2026-08-27T05:08:30.9009266Z [command]/usr/bin/git config --local --name-only --get-regexp ^includeIf\.gitdir:
timeout-test	Checkout Repository	2026-08-27T05:08:30.9134583Z [command]/usr/bin/git submodule foreach --recursive git config --local --show-origin --name-only --get-regexp remote.origin.url
timeout-test	Checkout Repository	2026-08-27T05:08:30.9325359Z [command]/usr/bin/git config --local http.https://github.com/.extraheader AUTHORIZATION: basic ***
timeout-test	Checkout Repository	2026-08-27T05:08:30.9368922Z ##[endgroup]
timeout-test	Checkout Repository	2026-08-27T05:08:30.9371427Z ##[group]Fetching the repository
timeout-test	Checkout Repository	2026-08-27T05:08:30.9379822Z [command]/usr/bin/git -c protocol.version=2 fetch --no-tags --prune --no-recurse-submodules --depth=1 origin +4ec80459411202c98e96fe9021322c90bf014108:refs/remotes/origin/feature/timeout-errors
timeout-test	Checkout Repository	2026-08-27T05:08:31.2283034Z From https://github.com/DhruvHegde/dependency-error-repo
timeout-test	Checkout Repository	2026-08-27T05:08:31.2285741Z  * [new ref]         4ec80459411202c98e96fe9021322c90bf014108 -> origin/feature/timeout-errors
timeout-test	Checkout Repository	2026-08-27T05:08:31.2290095Z ##[endgroup]
timeout-test	Checkout Repository	2026-08-27T05:08:31.2292217Z ##[group]Determining the checkout info
timeout-test	Checkout Repository	2026-08-27T05:08:31.2293940Z ##[endgroup]
timeout-test	Checkout Repository	2026-08-27T05:08:31.2298225Z [command]/usr/bin/git sparse-checkout disable
timeout-test	Checkout Repository	2026-08-27T05:08:31.2351908Z [command]/usr/bin/git config --local --unset-all extensions.worktreeConfig
timeout-test	Checkout Repository	2026-08-27T05:08:31.2390903Z ##[group]Checking out the ref
timeout-test	Checkout Repository	2026-08-27T05:08:31.2405164Z [command]/usr/bin/git checkout --progress --force -B feature/timeout-errors refs/remotes/origin/feature/timeout-errors
timeout-test	Checkout Repository	2026-08-27T05:08:31.2476170Z Switched to a new branch 'feature/timeout-errors'
timeout-test	Checkout Repository	2026-08-27T05:08:31.2480694Z branch 'feature/timeout-errors' set up to track 'origin/feature/timeout-errors'.
timeout-test	Checkout Repository	2026-08-27T05:08:31.2488885Z ##[endgroup]
timeout-test	Checkout Repository	2026-08-27T05:08:31.2534112Z [command]/usr/bin/git log -1 --format=%H
timeout-test	Checkout Repository	2026-08-27T05:08:31.2564351Z 4ec80459411202c98e96fe9021322c90bf014108
timeout-test	Setup Python	﻿2026-08-27T05:08:31.2946933Z Node 20 is being deprecated. This workflow is running with Node 24 by default. If you need to temporarily use Node 20, you can set the ACTIONS_ALLOW_USE_UNSECURE_NODE_VERSION=true environment variable. For more information see: https://github.blog/changelog/2025-09-19-deprecation-of-node-20-on-github-actions-runners/
timeout-test	Setup Python	2026-08-27T05:08:31.2952586Z ##[group]Run actions/setup-python@v5
timeout-test	Setup Python	2026-08-27T05:08:31.2953644Z with:
timeout-test	Setup Python	2026-08-27T05:08:31.2954448Z   python-version: 3.11
timeout-test	Setup Python	2026-08-27T05:08:31.2955350Z   check-latest: false
timeout-test	Setup Python	2026-08-27T05:08:31.2964713Z   token: ***
timeout-test	Setup Python	2026-08-27T05:08:31.2965555Z   update-environment: true
timeout-test	Setup Python	2026-08-27T05:08:31.2966546Z   allow-prereleases: false
timeout-test	Setup Python	2026-08-27T05:08:31.2967512Z   freethreaded: false
timeout-test	Setup Python	2026-08-27T05:08:31.2968373Z ##[endgroup]
timeout-test	Setup Python	2026-08-27T05:08:31.4350852Z ##[group]Installed versions
timeout-test	Setup Python	2026-08-27T05:08:31.4430926Z (node:2312) [DEP0040] DeprecationWarning: The `punycode` module is deprecated. Please use a userland alternative instead.
timeout-test	Setup Python	2026-08-27T05:08:31.4434649Z (Use `node --trace-deprecation ...` to show where the warning was created)
timeout-test	Setup Python	2026-08-27T05:08:31.4437044Z Successfully set up CPython (3.11.16)
timeout-test	Setup Python	2026-08-27T05:08:31.4439443Z ##[endgroup]
timeout-test	Install Test Dependencies	﻿2026-08-27T05:08:31.4647253Z ##[group]Run python -m pip install --upgrade pip
timeout-test	Install Test Dependencies	2026-08-27T05:08:31.4648752Z ^[[36;1mpython -m pip install --upgrade pip^[[0m
timeout-test	Install Test Dependencies	2026-08-27T05:08:31.4649946Z ^[[36;1mpip install pytest^[[0m
timeout-test	Install Test Dependencies	2026-08-27T05:08:31.4716064Z shell: /usr/bin/bash -e {0}
timeout-test	Install Test Dependencies	2026-08-27T05:08:31.4717161Z env:
timeout-test	Install Test Dependencies	2026-08-27T05:08:31.4718157Z   pythonLocation: /opt/hostedtoolcache/Python/3.11.16/x64
timeout-test	Install Test Dependencies	2026-08-27T05:08:31.4719825Z   PKG_CONFIG_PATH: /opt/hostedtoolcache/Python/3.11.16/x64/lib/pkgconfig
timeout-test	Install Test Dependencies	2026-08-27T05:08:31.4721778Z   Python_ROOT_DIR: /opt/hostedtoolcache/Python/3.11.16/x64
timeout-test	Install Test Dependencies	2026-08-27T05:08:31.4723310Z   Python2_ROOT_DIR: /opt/hostedtoolcache/Python/3.11.16/x64
timeout-test	Install Test Dependencies	2026-08-27T05:08:31.4724861Z   Python3_ROOT_DIR: /opt/hostedtoolcache/Python/3.11.16/x64
timeout-test	Install Test Dependencies	2026-08-27T05:08:31.4728062Z   LD_LIBRARY_PATH: /opt/hostedtoolcache/Python/3.11.16/x64/lib
timeout-test	Install Test Dependencies	2026-08-27T05:08:31.4730240Z ##[endgroup]
timeout-test	Install Test Dependencies	2026-08-27T05:08:32.0304286Z Requirement already satisfied: pip in /opt/hostedtoolcache/Python/3.11.16/x64/lib/python3.11/site-packages (26.2.1)
timeout-test	Install Test Dependencies	2026-08-27T05:08:32.6322147Z Collecting pytest
timeout-test	Install Test Dependencies	2026-08-27T05:08:32.7126377Z   Downloading pytest-9.1.1-py3-none-any.whl.metadata (7.6 kB)
timeout-test	Install Test Dependencies	2026-08-27T05:08:32.7327772Z Collecting iniconfig>=1.0.1 (from pytest)
timeout-test	Install Test Dependencies	2026-08-27T05:08:32.7441785Z   Downloading iniconfig-2.3.0-py3-none-any.whl.metadata (2.5 kB)
timeout-test	Install Test Dependencies	2026-08-27T05:08:32.7669350Z Collecting packaging>=22 (from pytest)
timeout-test	Install Test Dependencies	2026-08-27T05:08:32.7779475Z   Downloading packaging-26.3-py3-none-any.whl.metadata (3.5 kB)
timeout-test	Install Test Dependencies	2026-08-27T05:08:32.7974782Z Collecting pluggy<2,>=1.5 (from pytest)
timeout-test	Install Test Dependencies	2026-08-27T05:08:32.8084753Z   Downloading pluggy-1.6.0-py3-none-any.whl.metadata (4.8 kB)
timeout-test	Install Test Dependencies	2026-08-27T05:08:32.8342110Z Collecting pygments>=2.7.2 (from pytest)
timeout-test	Install Test Dependencies	2026-08-27T05:08:32.8452612Z   Downloading pygments-2.21.0-py3-none-any.whl.metadata (2.5 kB)
timeout-test	Install Test Dependencies	2026-08-27T05:08:32.8605587Z Downloading pytest-9.1.1-py3-none-any.whl (386 kB)
timeout-test	Install Test Dependencies	2026-08-27T05:08:32.9120608Z Downloading pluggy-1.6.0-py3-none-any.whl (20 kB)
timeout-test	Install Test Dependencies	2026-08-27T05:08:32.9265729Z Downloading iniconfig-2.3.0-py3-none-any.whl (7.5 kB)
timeout-test	Install Test Dependencies	2026-08-27T05:08:32.9403904Z Downloading packaging-26.3-py3-none-any.whl (129 kB)
timeout-test	Install Test Dependencies	2026-08-27T05:08:32.9544396Z Downloading pygments-2.21.0-py3-none-any.whl (1.3 MB)
timeout-test	Install Test Dependencies	2026-08-27T05:08:32.9877518Z    ━━━━━━━━━━━━━━━━━━━━━━━━━━━━━━━━━━━━━━━━ 1.3/1.3 MB 45.2 MB/s  0:00:00
timeout-test	Install Test Dependencies	2026-08-27T05:08:33.0348506Z Installing collected packages: pygments, pluggy, packaging, iniconfig, pytest
timeout-test	Install Test Dependencies	2026-08-27T05:08:34.0247567Z 
timeout-test	Install Test Dependencies	2026-08-27T05:08:34.0257624Z Successfully installed iniconfig-2.3.0 packaging-26.3 pluggy-1.6.0 pygments-2.21.0 pytest-9.1.1
timeout-test	Run Tests	﻿2026-08-27T05:08:34.0852559Z ##[group]Run pytest test_app.py
timeout-test	Run Tests	2026-08-27T05:08:34.0852914Z ^[[36;1mpytest test_app.py^[[0m
timeout-test	Run Tests	2026-08-27T05:08:34.0896782Z shell: /usr/bin/bash -e {0}
timeout-test	Run Tests	2026-08-27T05:08:34.0897085Z env:
timeout-test	Run Tests	2026-08-27T05:08:34.0897377Z   pythonLocation: /opt/hostedtoolcache/Python/3.11.16/x64
timeout-test	Run Tests	2026-08-27T05:08:34.0897834Z   PKG_CONFIG_PATH: /opt/hostedtoolcache/Python/3.11.16/x64/lib/pkgconfig
timeout-test	Run Tests	2026-08-27T05:08:34.0898271Z   Python_ROOT_DIR: /opt/hostedtoolcache/Python/3.11.16/x64
timeout-test	Run Tests	2026-08-27T05:08:34.0898660Z   Python2_ROOT_DIR: /opt/hostedtoolcache/Python/3.11.16/x64
timeout-test	Run Tests	2026-08-27T05:08:34.0899056Z   Python3_ROOT_DIR: /opt/hostedtoolcache/Python/3.11.16/x64
timeout-test	Run Tests	2026-08-27T05:08:34.0899440Z   LD_LIBRARY_PATH: /opt/hostedtoolcache/Python/3.11.16/x64/lib
timeout-test	Run Tests	2026-08-27T05:08:34.0899812Z ##[endgroup]
timeout-test	Run Tests	2026-08-27T05:08:34.3808341Z ============================= test session starts ==============================
timeout-test	Run Tests	2026-08-27T05:09:46.5902745Z platform linux -- Python 3.11.16, pytest-9.1.1, pluggy-1.6.0
timeout-test	Run Tests	2026-08-27T05:09:46.5903359Z rootdir: /home/runner/work/dependency-error-repo/dependency-error-repo
timeout-test	Run Tests	2026-08-27T05:09:46.5903882Z collected 1 item
timeout-test	Run Tests	2026-08-27T05:09:46.5904011Z 
timeout-test	Run Tests	2026-08-27T05:09:46.5924319Z ##[error]The action 'Run Tests' has timed out after 1 minutes.
timeout-test	Post Checkout Repository	﻿2026-08-27T05:09:46.6065949Z Node 20 is being deprecated. This workflow is running with Node 24 by default. If you need to temporarily use Node 20, you can set the ACTIONS_ALLOW_USE_UNSECURE_NODE_VERSION=true environment variable. For more information see: https://github.blog/changelog/2025-09-19-deprecation-of-node-20-on-github-actions-runners/
timeout-test	Post Checkout Repository	2026-08-27T05:09:46.6067116Z Post job cleanup.
timeout-test	Post Checkout Repository	2026-08-27T05:09:46.6947005Z [command]/usr/bin/git version
timeout-test	Post Checkout Repository	2026-08-27T05:09:46.6991188Z git version 2.55.0
timeout-test	Post Checkout Repository	2026-08-27T05:09:46.7032787Z Temporarily overriding HOME='/home/runner/work/_temp/f28a09b7-65c8-45cd-a5f7-5cca393a062a' before making global git config changes
timeout-test	Post Checkout Repository	2026-08-27T05:09:46.7033819Z Adding repository directory to the temporary git global config as a safe directory
timeout-test	Post Checkout Repository	2026-08-27T05:09:46.7038638Z [command]/usr/bin/git config --global --add safe.directory /home/runner/work/dependency-error-repo/dependency-error-repo
timeout-test	Post Checkout Repository	2026-08-27T05:09:46.7079722Z [command]/usr/bin/git config --local --name-only --get-regexp core\.sshCommand
timeout-test	Post Checkout Repository	2026-08-27T05:09:46.7116725Z [command]/usr/bin/git submodule foreach --recursive sh -c "git config --local --name-only --get-regexp 'core\.sshCommand' && git config --local --unset-all 'core.sshCommand' || :"
timeout-test	Post Checkout Repository	2026-08-27T05:09:46.7393924Z [command]/usr/bin/git config --local --name-only --get-regexp http\.https\:\/\/github\.com\/\.extraheader
timeout-test	Post Checkout Repository	2026-08-27T05:09:46.7422908Z http.https://github.com/.extraheader
timeout-test	Post Checkout Repository	2026-08-27T05:09:46.7434539Z [command]/usr/bin/git config --local --unset-all http.https://github.com/.extraheader
timeout-test	Post Checkout Repository	2026-08-27T05:09:46.7469991Z [command]/usr/bin/git submodule foreach --recursive sh -c "git config --local --name-only --get-regexp 'http\.https\:\/\/github\.com\/\.extraheader' && git config --local --unset-all 'http.https://github.com/.extraheader' || :"
timeout-test	Post Checkout Repository	2026-08-27T05:09:46.7753272Z [command]/usr/bin/git config --local --name-only --get-regexp ^includeIf\.gitdir:
timeout-test	Post Checkout Repository	2026-08-27T05:09:46.7794358Z [command]/usr/bin/git submodule foreach --recursive git config --local --show-origin --name-only --get-regexp remote.origin.url
timeout-test	Complete job	﻿2026-08-27T05:09:46.8248840Z Cleaning up orphan processes
timeout-test	Complete job	2026-08-27T05:09:46.8546548Z Terminate orphan process: pid (2370) (pytest)
timeout-test	Complete job	2026-08-27T05:09:46.8555624Z ##[warning]Node.js 20 is deprecated. The following actions target Node.js 20 but are being forced to run on Node.js 24: actions/checkout@v4, actions/setup-python@v5. For more information see: https://github.blog/changelog/2025-09-19-deprecation-of-node-20-on-github-actions-runners/