timeout-test	UNKNOWN STEP	﻿2026-08-27T06:23:32.6268593Z Current runner version: '2.336.0'
timeout-test	UNKNOWN STEP	2026-08-27T06:23:32.6293677Z ##[group]Runner Image Provisioner
timeout-test	UNKNOWN STEP	2026-08-27T06:23:32.6294547Z Hosted Compute Agent
timeout-test	UNKNOWN STEP	2026-08-27T06:23:32.6295266Z Version: 20260729.566
timeout-test	UNKNOWN STEP	2026-08-27T06:23:32.6295931Z Commit: cf7153fe6e25b664e8693c24944bf2b00355d109
timeout-test	UNKNOWN STEP	2026-08-27T06:23:32.6296813Z Build Date: 2026-07-29T19:17:02Z
timeout-test	UNKNOWN STEP	2026-08-27T06:23:32.6297547Z Worker ID: {ac899400-2bdf-48b8-b83d-88bb2a212989}
timeout-test	UNKNOWN STEP	2026-08-27T06:23:32.6298292Z Azure Region: westus3
timeout-test	UNKNOWN STEP	2026-08-27T06:23:32.6299120Z ##[endgroup]
timeout-test	UNKNOWN STEP	2026-08-27T06:23:32.6300473Z ##[group]Operating System
timeout-test	UNKNOWN STEP	2026-08-27T06:23:32.6301144Z Ubuntu
timeout-test	UNKNOWN STEP	2026-08-27T06:23:32.6301792Z 24.04.4
timeout-test	UNKNOWN STEP	2026-08-27T06:23:32.6302331Z LTS
timeout-test	UNKNOWN STEP	2026-08-27T06:23:32.6302904Z ##[endgroup]
timeout-test	UNKNOWN STEP	2026-08-27T06:23:32.6303507Z ##[group]Runner Image
timeout-test	UNKNOWN STEP	2026-08-27T06:23:32.6304190Z Image: ubuntu-24.04
timeout-test	UNKNOWN STEP	2026-08-27T06:23:32.6304854Z Version: 20260816.277.1
timeout-test	UNKNOWN STEP	2026-08-27T06:23:32.6306138Z Included Software: https://github.com/actions/runner-images/blob/ubuntu24/20260816.277/images/ubuntu/Ubuntu2404-Readme.md
timeout-test	UNKNOWN STEP	2026-08-27T06:23:32.6307768Z Image Release: https://github.com/actions/runner-images/releases/tag/ubuntu24%2F20260816.277
timeout-test	UNKNOWN STEP	2026-08-27T06:23:32.6309458Z ##[endgroup]
timeout-test	UNKNOWN STEP	2026-08-27T06:23:32.6310653Z ##[group]GITHUB_TOKEN Permissions
timeout-test	UNKNOWN STEP	2026-08-27T06:23:32.6312933Z Contents: read
timeout-test	UNKNOWN STEP	2026-08-27T06:23:32.6313545Z Metadata: read
timeout-test	UNKNOWN STEP	2026-08-27T06:23:32.6314150Z Packages: read
timeout-test	UNKNOWN STEP	2026-08-27T06:23:32.6314808Z ##[endgroup]
timeout-test	UNKNOWN STEP	2026-08-27T06:23:32.6317191Z Secret source: Actions
timeout-test	UNKNOWN STEP	2026-08-27T06:23:32.6318355Z Prepare workflow directory
timeout-test	UNKNOWN STEP	2026-08-27T06:23:32.6696859Z Prepare all required actions
timeout-test	UNKNOWN STEP	2026-08-27T06:23:32.6744715Z Getting action download info
timeout-test	UNKNOWN STEP	2026-08-27T06:23:32.9614530Z Download action repository 'actions/checkout@v4' (SHA:11d5960a326750d5838078e36cf38b85af677262)
timeout-test	UNKNOWN STEP	2026-08-27T06:23:33.0523371Z Download action repository 'actions/setup-python@v5' (SHA:a26af69be951a213d495a4c3e4e4022e16d87065)
timeout-test	UNKNOWN STEP	2026-08-27T06:23:33.2367659Z Complete job name: timeout-test
timeout-test	UNKNOWN STEP	2026-08-27T06:23:33.3093775Z Node 20 is being deprecated. This workflow is running with Node 24 by default. If you need to temporarily use Node 20, you can set the ACTIONS_ALLOW_USE_UNSECURE_NODE_VERSION=true environment variable. For more information see: https://github.blog/changelog/2025-09-19-deprecation-of-node-20-on-github-actions-runners/
timeout-test	UNKNOWN STEP	2026-08-27T06:23:33.3102593Z ##[group]Run actions/checkout@v4
timeout-test	UNKNOWN STEP	2026-08-27T06:23:33.3103285Z with:
timeout-test	UNKNOWN STEP	2026-08-27T06:23:33.3103788Z   repository: DhruvHegde/dependency-error-repo
timeout-test	UNKNOWN STEP	2026-08-27T06:23:33.3107585Z   token: ***
timeout-test	UNKNOWN STEP	2026-08-27T06:23:33.3108039Z   ssh-strict: true
timeout-test	UNKNOWN STEP	2026-08-27T06:23:33.3108507Z   ssh-user: git
timeout-test	UNKNOWN STEP	2026-08-27T06:23:33.3109192Z   persist-credentials: true
timeout-test	UNKNOWN STEP	2026-08-27T06:23:33.3109691Z   clean: true
timeout-test	UNKNOWN STEP	2026-08-27T06:23:33.3110147Z   sparse-checkout-cone-mode: true
timeout-test	UNKNOWN STEP	2026-08-27T06:23:33.3110665Z   fetch-depth: 1
timeout-test	UNKNOWN STEP	2026-08-27T06:23:33.3111100Z   fetch-tags: false
timeout-test	UNKNOWN STEP	2026-08-27T06:23:33.3111539Z   show-progress: true
timeout-test	UNKNOWN STEP	2026-08-27T06:23:33.3111982Z   lfs: false
timeout-test	UNKNOWN STEP	2026-08-27T06:23:33.3112443Z   submodules: false
timeout-test	UNKNOWN STEP	2026-08-27T06:23:33.3112897Z   set-safe-directory: true
timeout-test	UNKNOWN STEP	2026-08-27T06:23:33.3113407Z   allow-unsafe-pr-checkout: false
timeout-test	UNKNOWN STEP	2026-08-27T06:23:33.3114115Z ##[endgroup]
timeout-test	UNKNOWN STEP	2026-08-27T06:23:33.4145713Z Syncing repository: DhruvHegde/dependency-error-repo
timeout-test	UNKNOWN STEP	2026-08-27T06:23:33.4148504Z ##[group]Getting Git version info
timeout-test	UNKNOWN STEP	2026-08-27T06:23:33.4150232Z Working directory is '/home/runner/work/dependency-error-repo/dependency-error-repo'
timeout-test	UNKNOWN STEP	2026-08-27T06:23:33.4152392Z [command]/usr/bin/git version
timeout-test	UNKNOWN STEP	2026-08-27T06:23:33.4166506Z git version 2.55.0
timeout-test	UNKNOWN STEP	2026-08-27T06:23:33.4186948Z ##[endgroup]
timeout-test	UNKNOWN STEP	2026-08-27T06:23:33.4200961Z Temporarily overriding HOME='/home/runner/work/_temp/1d42b177-2b62-4c88-9cee-208a599b4452' before making global git config changes
timeout-test	UNKNOWN STEP	2026-08-27T06:23:33.4203269Z Adding repository directory to the temporary git global config as a safe directory
timeout-test	UNKNOWN STEP	2026-08-27T06:23:33.4205762Z [command]/usr/bin/git config --global --add safe.directory /home/runner/work/dependency-error-repo/dependency-error-repo
timeout-test	UNKNOWN STEP	2026-08-27T06:23:33.4249372Z Deleting the contents of '/home/runner/work/dependency-error-repo/dependency-error-repo'
timeout-test	UNKNOWN STEP	2026-08-27T06:23:33.4253063Z ##[group]Initializing the repository
timeout-test	UNKNOWN STEP	2026-08-27T06:23:33.4257806Z [command]/usr/bin/git init /home/runner/work/dependency-error-repo/dependency-error-repo
timeout-test	UNKNOWN STEP	2026-08-27T06:23:33.4340064Z hint: Using 'master' as the name for the initial branch. This default branch name
timeout-test	UNKNOWN STEP	2026-08-27T06:23:33.4341962Z hint: will change to "main" in Git 3.0. To configure the initial branch name
timeout-test	UNKNOWN STEP	2026-08-27T06:23:33.4344149Z hint: to use in all of your new repositories, which will suppress this warning,
timeout-test	UNKNOWN STEP	2026-08-27T06:23:33.4345375Z hint: call:
timeout-test	UNKNOWN STEP	2026-08-27T06:23:33.4346029Z hint:
timeout-test	UNKNOWN STEP	2026-08-27T06:23:33.4346851Z hint: 	git config --global init.defaultBranch <name>
timeout-test	UNKNOWN STEP	2026-08-27T06:23:33.4347833Z hint:
timeout-test	UNKNOWN STEP	2026-08-27T06:23:33.4349016Z hint: Names commonly chosen instead of 'master' are 'main', 'trunk' and
timeout-test	UNKNOWN STEP	2026-08-27T06:23:33.4350524Z hint: 'development'. The just-created branch can be renamed via this command:
timeout-test	UNKNOWN STEP	2026-08-27T06:23:33.4351703Z hint:
timeout-test	UNKNOWN STEP	2026-08-27T06:23:33.4352377Z hint: 	git branch -m <name>
timeout-test	UNKNOWN STEP	2026-08-27T06:23:33.4353175Z hint:
timeout-test	UNKNOWN STEP	2026-08-27T06:23:33.4354189Z hint: Disable this message with "git config set advice.defaultBranchName false"
timeout-test	UNKNOWN STEP	2026-08-27T06:23:33.4356081Z Initialized empty Git repository in /home/runner/work/dependency-error-repo/dependency-error-repo/.git/
timeout-test	UNKNOWN STEP	2026-08-27T06:23:33.4359378Z [command]/usr/bin/git remote add origin https://github.com/DhruvHegde/dependency-error-repo
timeout-test	UNKNOWN STEP	2026-08-27T06:23:33.4403418Z ##[endgroup]
timeout-test	UNKNOWN STEP	2026-08-27T06:23:33.4404618Z ##[group]Disabling automatic garbage collection
timeout-test	UNKNOWN STEP	2026-08-27T06:23:33.4409099Z [command]/usr/bin/git config --local gc.auto 0
timeout-test	UNKNOWN STEP	2026-08-27T06:23:33.4443562Z ##[endgroup]
timeout-test	UNKNOWN STEP	2026-08-27T06:23:33.4444694Z ##[group]Setting up auth
timeout-test	UNKNOWN STEP	2026-08-27T06:23:33.4451164Z [command]/usr/bin/git config --local --name-only --get-regexp core\.sshCommand
timeout-test	UNKNOWN STEP	2026-08-27T06:23:33.4486833Z [command]/usr/bin/git submodule foreach --recursive sh -c "git config --local --name-only --get-regexp 'core\.sshCommand' && git config --local --unset-all 'core.sshCommand' || :"
timeout-test	UNKNOWN STEP	2026-08-27T06:23:33.4865901Z [command]/usr/bin/git config --local --name-only --get-regexp http\.https\:\/\/github\.com\/\.extraheader
timeout-test	UNKNOWN STEP	2026-08-27T06:23:33.4906390Z [command]/usr/bin/git submodule foreach --recursive sh -c "git config --local --name-only --get-regexp 'http\.https\:\/\/github\.com\/\.extraheader' && git config --local --unset-all 'http.https://github.com/.extraheader' || :"
timeout-test	UNKNOWN STEP	2026-08-27T06:23:33.5165283Z [command]/usr/bin/git config --local --name-only --get-regexp ^includeIf\.gitdir:
timeout-test	UNKNOWN STEP	2026-08-27T06:23:33.5203891Z [command]/usr/bin/git submodule foreach --recursive git config --local --show-origin --name-only --get-regexp remote.origin.url
timeout-test	UNKNOWN STEP	2026-08-27T06:23:33.5446767Z [command]/usr/bin/git config --local http.https://github.com/.extraheader AUTHORIZATION: basic ***
timeout-test	UNKNOWN STEP	2026-08-27T06:23:33.5488161Z ##[endgroup]
timeout-test	UNKNOWN STEP	2026-08-27T06:23:33.5489494Z ##[group]Fetching the repository
timeout-test	UNKNOWN STEP	2026-08-27T06:23:33.5498550Z [command]/usr/bin/git -c protocol.version=2 fetch --no-tags --prune --no-recurse-submodules --depth=1 origin +691bc51479272a5235ae8ea286a8c202e4034c36:refs/remotes/origin/feature/timeout-errors
timeout-test	UNKNOWN STEP	2026-08-27T06:23:33.9570123Z From https://github.com/DhruvHegde/dependency-error-repo
timeout-test	UNKNOWN STEP	2026-08-27T06:23:33.9571225Z  * [new ref]         691bc51479272a5235ae8ea286a8c202e4034c36 -> origin/feature/timeout-errors
timeout-test	UNKNOWN STEP	2026-08-27T06:23:33.9574730Z ##[endgroup]
timeout-test	UNKNOWN STEP	2026-08-27T06:23:33.9575481Z ##[group]Determining the checkout info
timeout-test	UNKNOWN STEP	2026-08-27T06:23:33.9577539Z ##[endgroup]
timeout-test	UNKNOWN STEP	2026-08-27T06:23:33.9584539Z [command]/usr/bin/git sparse-checkout disable
timeout-test	UNKNOWN STEP	2026-08-27T06:23:33.9635681Z [command]/usr/bin/git config --local --unset-all extensions.worktreeConfig
timeout-test	UNKNOWN STEP	2026-08-27T06:23:33.9669562Z ##[group]Checking out the ref
timeout-test	UNKNOWN STEP	2026-08-27T06:23:33.9674425Z [command]/usr/bin/git checkout --progress --force -B feature/timeout-errors refs/remotes/origin/feature/timeout-errors
timeout-test	UNKNOWN STEP	2026-08-27T06:23:33.9742936Z Switched to a new branch 'feature/timeout-errors'
timeout-test	UNKNOWN STEP	2026-08-27T06:23:33.9748031Z branch 'feature/timeout-errors' set up to track 'origin/feature/timeout-errors'.
timeout-test	UNKNOWN STEP	2026-08-27T06:23:33.9753423Z ##[endgroup]
timeout-test	UNKNOWN STEP	2026-08-27T06:23:33.9797664Z [command]/usr/bin/git log -1 --format=%H
timeout-test	UNKNOWN STEP	2026-08-27T06:23:33.9826675Z 691bc51479272a5235ae8ea286a8c202e4034c36
timeout-test	UNKNOWN STEP	2026-08-27T06:23:34.0114459Z Node 20 is being deprecated. This workflow is running with Node 24 by default. If you need to temporarily use Node 20, you can set the ACTIONS_ALLOW_USE_UNSECURE_NODE_VERSION=true environment variable. For more information see: https://github.blog/changelog/2025-09-19-deprecation-of-node-20-on-github-actions-runners/
timeout-test	UNKNOWN STEP	2026-08-27T06:23:34.0117348Z ##[group]Run actions/setup-python@v5
timeout-test	UNKNOWN STEP	2026-08-27T06:23:34.0117870Z with:
timeout-test	UNKNOWN STEP	2026-08-27T06:23:34.0118274Z   python-version: 3.11
timeout-test	UNKNOWN STEP	2026-08-27T06:23:34.0118875Z   check-latest: false
timeout-test	UNKNOWN STEP	2026-08-27T06:23:34.0122537Z   token: ***
timeout-test	UNKNOWN STEP	2026-08-27T06:23:34.0122977Z   update-environment: true
timeout-test	UNKNOWN STEP	2026-08-27T06:23:34.0123464Z   allow-prereleases: false
timeout-test	UNKNOWN STEP	2026-08-27T06:23:34.0123934Z   freethreaded: false
timeout-test	UNKNOWN STEP	2026-08-27T06:23:34.0124376Z ##[endgroup]
timeout-test	UNKNOWN STEP	2026-08-27T06:23:34.1448953Z ##[group]Installed versions
timeout-test	UNKNOWN STEP	2026-08-27T06:23:34.1529559Z (node:2303) [DEP0040] DeprecationWarning: The `punycode` module is deprecated. Please use a userland alternative instead.
timeout-test	UNKNOWN STEP	2026-08-27T06:23:34.1531218Z (Use `node --trace-deprecation ...` to show where the warning was created)
timeout-test	UNKNOWN STEP	2026-08-27T06:23:34.1532409Z Successfully set up CPython (3.11.16)
timeout-test	UNKNOWN STEP	2026-08-27T06:23:34.1533725Z ##[endgroup]
timeout-test	UNKNOWN STEP	2026-08-27T06:23:34.1734867Z ##[group]Run python -m pip install --upgrade pip
timeout-test	UNKNOWN STEP	2026-08-27T06:23:34.1735654Z ^[[36;1mpython -m pip install --upgrade pip^[[0m
timeout-test	UNKNOWN STEP	2026-08-27T06:23:34.1736293Z ^[[36;1mpip install pytest^[[0m
timeout-test	UNKNOWN STEP	2026-08-27T06:23:34.1791136Z shell: /usr/bin/bash -e {0}
timeout-test	UNKNOWN STEP	2026-08-27T06:23:34.1791672Z env:
timeout-test	UNKNOWN STEP	2026-08-27T06:23:34.1792196Z   pythonLocation: /opt/hostedtoolcache/Python/3.11.16/x64
timeout-test	UNKNOWN STEP	2026-08-27T06:23:34.1793003Z   PKG_CONFIG_PATH: /opt/hostedtoolcache/Python/3.11.16/x64/lib/pkgconfig
timeout-test	UNKNOWN STEP	2026-08-27T06:23:34.1793803Z   Python_ROOT_DIR: /opt/hostedtoolcache/Python/3.11.16/x64
timeout-test	UNKNOWN STEP	2026-08-27T06:23:34.1794532Z   Python2_ROOT_DIR: /opt/hostedtoolcache/Python/3.11.16/x64
timeout-test	UNKNOWN STEP	2026-08-27T06:23:34.1795305Z   Python3_ROOT_DIR: /opt/hostedtoolcache/Python/3.11.16/x64
timeout-test	UNKNOWN STEP	2026-08-27T06:23:34.1796036Z   LD_LIBRARY_PATH: /opt/hostedtoolcache/Python/3.11.16/x64/lib
timeout-test	UNKNOWN STEP	2026-08-27T06:23:34.1796668Z ##[endgroup]
timeout-test	UNKNOWN STEP	2026-08-27T06:23:34.6870290Z Requirement already satisfied: pip in /opt/hostedtoolcache/Python/3.11.16/x64/lib/python3.11/site-packages (26.2.1)
timeout-test	UNKNOWN STEP	2026-08-27T06:23:35.2220359Z Collecting pytest
timeout-test	UNKNOWN STEP	2026-08-27T06:23:35.2681652Z   Downloading pytest-9.1.1-py3-none-any.whl.metadata (7.6 kB)
timeout-test	UNKNOWN STEP	2026-08-27T06:23:35.2800470Z Collecting iniconfig>=1.0.1 (from pytest)
timeout-test	UNKNOWN STEP	2026-08-27T06:23:35.2836121Z   Downloading iniconfig-2.3.0-py3-none-any.whl.metadata (2.5 kB)
timeout-test	UNKNOWN STEP	2026-08-27T06:23:35.2965548Z Collecting packaging>=22 (from pytest)
timeout-test	UNKNOWN STEP	2026-08-27T06:23:35.3006805Z   Downloading packaging-26.3-py3-none-any.whl.metadata (3.5 kB)
timeout-test	UNKNOWN STEP	2026-08-27T06:23:35.3120953Z Collecting pluggy<2,>=1.5 (from pytest)
timeout-test	UNKNOWN STEP	2026-08-27T06:23:35.3156173Z   Downloading pluggy-1.6.0-py3-none-any.whl.metadata (4.8 kB)
timeout-test	UNKNOWN STEP	2026-08-27T06:23:35.3318419Z Collecting pygments>=2.7.2 (from pytest)
timeout-test	UNKNOWN STEP	2026-08-27T06:23:35.3357617Z   Downloading pygments-2.21.0-py3-none-any.whl.metadata (2.5 kB)
timeout-test	UNKNOWN STEP	2026-08-27T06:23:35.3440841Z Downloading pytest-9.1.1-py3-none-any.whl (386 kB)
timeout-test	UNKNOWN STEP	2026-08-27T06:23:35.3656380Z Downloading pluggy-1.6.0-py3-none-any.whl (20 kB)
timeout-test	UNKNOWN STEP	2026-08-27T06:23:35.3713701Z Downloading iniconfig-2.3.0-py3-none-any.whl (7.5 kB)
timeout-test	UNKNOWN STEP	2026-08-27T06:23:35.3767888Z Downloading packaging-26.3-py3-none-any.whl (129 kB)
timeout-test	UNKNOWN STEP	2026-08-27T06:23:35.3833373Z Downloading pygments-2.21.0-py3-none-any.whl (1.3 MB)
timeout-test	UNKNOWN STEP	2026-08-27T06:23:35.3952056Z    ━━━━━━━━━━━━━━━━━━━━━━━━━━━━━━━━━━━━━━━━ 1.3/1.3 MB 130.9 MB/s  0:00:00
timeout-test	UNKNOWN STEP	2026-08-27T06:23:35.4393296Z Installing collected packages: pygments, pluggy, packaging, iniconfig, pytest
timeout-test	UNKNOWN STEP	2026-08-27T06:23:36.4043712Z 
timeout-test	UNKNOWN STEP	2026-08-27T06:23:36.4053417Z Successfully installed iniconfig-2.3.0 packaging-26.3 pluggy-1.6.0 pygments-2.21.0 pytest-9.1.1
timeout-test	UNKNOWN STEP	2026-08-27T06:23:36.4565477Z ##[group]Run pytest test_app.py
timeout-test	UNKNOWN STEP	2026-08-27T06:23:36.4565867Z ^[[36;1mpytest test_app.py^[[0m
timeout-test	UNKNOWN STEP	2026-08-27T06:23:36.4608969Z shell: /usr/bin/bash -e {0}
timeout-test	UNKNOWN STEP	2026-08-27T06:23:36.4609295Z env:
timeout-test	UNKNOWN STEP	2026-08-27T06:23:36.4609633Z   pythonLocation: /opt/hostedtoolcache/Python/3.11.16/x64
timeout-test	UNKNOWN STEP	2026-08-27T06:23:36.4610131Z   PKG_CONFIG_PATH: /opt/hostedtoolcache/Python/3.11.16/x64/lib/pkgconfig
timeout-test	UNKNOWN STEP	2026-08-27T06:23:36.4610619Z   Python_ROOT_DIR: /opt/hostedtoolcache/Python/3.11.16/x64
timeout-test	UNKNOWN STEP	2026-08-27T06:23:36.4611066Z   Python2_ROOT_DIR: /opt/hostedtoolcache/Python/3.11.16/x64
timeout-test	UNKNOWN STEP	2026-08-27T06:23:36.4611515Z   Python3_ROOT_DIR: /opt/hostedtoolcache/Python/3.11.16/x64
timeout-test	UNKNOWN STEP	2026-08-27T06:23:36.4611973Z   LD_LIBRARY_PATH: /opt/hostedtoolcache/Python/3.11.16/x64/lib
timeout-test	UNKNOWN STEP	2026-08-27T06:23:36.4612362Z ##[endgroup]
timeout-test	UNKNOWN STEP	2026-08-27T06:23:36.8281455Z ============================= test session starts ==============================
timeout-test	UNKNOWN STEP	2026-08-27T06:23:36.8282379Z platform linux -- Python 3.11.16, pytest-9.1.1, pluggy-1.6.0
timeout-test	UNKNOWN STEP	2026-08-27T06:23:36.8283373Z rootdir: /home/runner/work/dependency-error-repo/dependency-error-repo
timeout-test	UNKNOWN STEP	2026-08-27T06:23:36.8284068Z collected 1 item
timeout-test	UNKNOWN STEP	2026-08-27T06:23:36.8284295Z 
timeout-test	UNKNOWN STEP	2026-08-27T06:24:48.9639179Z ##[error]The action 'Run Tests' has timed out after 1 minutes.
timeout-test	UNKNOWN STEP	2026-08-27T06:24:48.9772488Z Node 20 is being deprecated. This workflow is running with Node 24 by default. If you need to temporarily use Node 20, you can set the ACTIONS_ALLOW_USE_UNSECURE_NODE_VERSION=true environment variable. For more information see: https://github.blog/changelog/2025-09-19-deprecation-of-node-20-on-github-actions-runners/
timeout-test	UNKNOWN STEP	2026-08-27T06:24:48.9773730Z Post job cleanup.
timeout-test	UNKNOWN STEP	2026-08-27T06:24:49.0625676Z [command]/usr/bin/git version
timeout-test	UNKNOWN STEP	2026-08-27T06:24:49.0669759Z git version 2.55.0
timeout-test	UNKNOWN STEP	2026-08-27T06:24:49.0705916Z Temporarily overriding HOME='/home/runner/work/_temp/94f1c242-ac22-480d-abbc-8e3e8be94619' before making global git config changes
timeout-test	UNKNOWN STEP	2026-08-27T06:24:49.0708158Z Adding repository directory to the temporary git global config as a safe directory
timeout-test	UNKNOWN STEP	2026-08-27T06:24:49.0712382Z [command]/usr/bin/git config --global --add safe.directory /home/runner/work/dependency-error-repo/dependency-error-repo
timeout-test	UNKNOWN STEP	2026-08-27T06:24:49.0754771Z [command]/usr/bin/git config --local --name-only --get-regexp core\.sshCommand
timeout-test	UNKNOWN STEP	2026-08-27T06:24:49.0805865Z [command]/usr/bin/git submodule foreach --recursive sh -c "git config --local --name-only --get-regexp 'core\.sshCommand' && git config --local --unset-all 'core.sshCommand' || :"
timeout-test	UNKNOWN STEP	2026-08-27T06:24:49.1091678Z [command]/usr/bin/git config --local --name-only --get-regexp http\.https\:\/\/github\.com\/\.extraheader
timeout-test	UNKNOWN STEP	2026-08-27T06:24:49.1112477Z http.https://github.com/.extraheader
timeout-test	UNKNOWN STEP	2026-08-27T06:24:49.1122998Z [command]/usr/bin/git config --local --unset-all http.https://github.com/.extraheader
timeout-test	UNKNOWN STEP	2026-08-27T06:24:49.1157258Z [command]/usr/bin/git submodule foreach --recursive sh -c "git config --local --name-only --get-regexp 'http\.https\:\/\/github\.com\/\.extraheader' && git config --local --unset-all 'http.https://github.com/.extraheader' || :"
timeout-test	UNKNOWN STEP	2026-08-27T06:24:49.1420545Z [command]/usr/bin/git config --local --name-only --get-regexp ^includeIf\.gitdir:
timeout-test	UNKNOWN STEP	2026-08-27T06:24:49.1459145Z [command]/usr/bin/git submodule foreach --recursive git config --local --show-origin --name-only --get-regexp remote.origin.url
timeout-test	UNKNOWN STEP	2026-08-27T06:24:49.1875568Z Cleaning up orphan processes
timeout-test	UNKNOWN STEP	2026-08-27T06:24:49.2197476Z Terminate orphan process: pid (2361) (pytest)
timeout-test	UNKNOWN STEP	2026-08-27T06:24:49.2214427Z ##[warning]Node.js 20 is deprecated. The following actions target Node.js 20 but are being forced to run on Node.js 24: actions/checkout@v4, actions/setup-python@v5. For more information see: https://github.blog/changelog/2025-09-19-deprecation-of-node-20-on-github-actions-runners/