timeout-test	Set up job	﻿2026-08-27T04:50:40.5107870Z Current runner version: '2.336.0'
timeout-test	Set up job	2026-08-27T04:50:40.5142550Z ##[group]Runner Image Provisioner
timeout-test	Set up job	2026-08-27T04:50:40.5143628Z Hosted Compute Agent
timeout-test	Set up job	2026-08-27T04:50:40.5144492Z Version: 20260819.586
timeout-test	Set up job	2026-08-27T04:50:40.5145607Z Commit: 3cc4a88dfa507ef76119ad1bb3eccc6378bb2b76
timeout-test	Set up job	2026-08-27T04:50:40.5146550Z Build Date: 2026-08-18T23:20:18Z
timeout-test	Set up job	2026-08-27T04:50:40.5147542Z Worker ID: {b9bcf7e5-ff35-42dd-b838-5de9187e9ec3}
timeout-test	Set up job	2026-08-27T04:50:40.5148479Z Azure Region: eastus2
timeout-test	Set up job	2026-08-27T04:50:40.5149201Z ##[endgroup]
timeout-test	Set up job	2026-08-27T04:50:40.5150896Z ##[group]Operating System
timeout-test	Set up job	2026-08-27T04:50:40.5151687Z Ubuntu
timeout-test	Set up job	2026-08-27T04:50:40.5152438Z 24.04.4
timeout-test	Set up job	2026-08-27T04:50:40.5153095Z LTS
timeout-test	Set up job	2026-08-27T04:50:40.5153844Z ##[endgroup]
timeout-test	Set up job	2026-08-27T04:50:40.5154709Z ##[group]Runner Image
timeout-test	Set up job	2026-08-27T04:50:40.5155462Z Image: ubuntu-24.04
timeout-test	Set up job	2026-08-27T04:50:40.5156270Z Version: 20260823.283.1
timeout-test	Set up job	2026-08-27T04:50:40.5157657Z Included Software: https://github.com/actions/runner-images/blob/ubuntu24/20260823.283/images/ubuntu/Ubuntu2404-Readme.md
timeout-test	Set up job	2026-08-27T04:50:40.5160465Z Image Release: https://github.com/actions/runner-images/releases/tag/ubuntu24%2F20260823.283
timeout-test	Set up job	2026-08-27T04:50:40.5161824Z ##[endgroup]
timeout-test	Set up job	2026-08-27T04:50:40.5163327Z ##[group]GITHUB_TOKEN Permissions
timeout-test	Set up job	2026-08-27T04:50:40.5166386Z Contents: read
timeout-test	Set up job	2026-08-27T04:50:40.5167304Z Metadata: read
timeout-test	Set up job	2026-08-27T04:50:40.5168083Z Packages: read
timeout-test	Set up job	2026-08-27T04:50:40.5168844Z ##[endgroup]
timeout-test	Set up job	2026-08-27T04:50:40.5171309Z Secret source: Actions
timeout-test	Set up job	2026-08-27T04:50:40.5172982Z Prepare workflow directory
timeout-test	Set up job	2026-08-27T04:50:40.5516544Z Prepare all required actions
timeout-test	Set up job	2026-08-27T04:50:40.5567217Z Getting action download info
timeout-test	Set up job	2026-08-27T04:50:40.7578411Z Download action repository 'actions/checkout@v4' (SHA:11d5960a326750d5838078e36cf38b85af677262)
timeout-test	Set up job	2026-08-27T04:50:40.8766821Z Download action repository 'actions/setup-python@v5' (SHA:a26af69be951a213d495a4c3e4e4022e16d87065)
timeout-test	Set up job	2026-08-27T04:50:41.0631815Z Complete job name: timeout-test
timeout-test	Checkout Repository	﻿2026-08-27T04:50:41.1373225Z Node 20 is being deprecated. This workflow is running with Node 24 by default. If you need to temporarily use Node 20, you can set the ACTIONS_ALLOW_USE_UNSECURE_NODE_VERSION=true environment variable. For more information see: https://github.blog/changelog/2025-09-19-deprecation-of-node-20-on-github-actions-runners/
timeout-test	Checkout Repository	2026-08-27T04:50:41.1382637Z ##[group]Run actions/checkout@v4
timeout-test	Checkout Repository	2026-08-27T04:50:41.1383397Z with:
timeout-test	Checkout Repository	2026-08-27T04:50:41.1383918Z   repository: DhruvHegde/dependency-error-repo
timeout-test	Checkout Repository	2026-08-27T04:50:41.1388687Z   token: ***
timeout-test	Checkout Repository	2026-08-27T04:50:41.1389144Z   ssh-strict: true
timeout-test	Checkout Repository	2026-08-27T04:50:41.1389614Z   ssh-user: git
timeout-test	Checkout Repository	2026-08-27T04:50:41.1390129Z   persist-credentials: true
timeout-test	Checkout Repository	2026-08-27T04:50:41.1390649Z   clean: true
timeout-test	Checkout Repository	2026-08-27T04:50:41.1391130Z   sparse-checkout-cone-mode: true
timeout-test	Checkout Repository	2026-08-27T04:50:41.1391680Z   fetch-depth: 1
timeout-test	Checkout Repository	2026-08-27T04:50:41.1392142Z   fetch-tags: false
timeout-test	Checkout Repository	2026-08-27T04:50:41.1392608Z   show-progress: true
timeout-test	Checkout Repository	2026-08-27T04:50:41.1393077Z   lfs: false
timeout-test	Checkout Repository	2026-08-27T04:50:41.1393522Z   submodules: false
timeout-test	Checkout Repository	2026-08-27T04:50:41.1394051Z   set-safe-directory: true
timeout-test	Checkout Repository	2026-08-27T04:50:41.1394701Z   allow-unsafe-pr-checkout: false
timeout-test	Checkout Repository	2026-08-27T04:50:41.1395467Z ##[endgroup]
timeout-test	Checkout Repository	2026-08-27T04:50:41.2462715Z Syncing repository: DhruvHegde/dependency-error-repo
timeout-test	Checkout Repository	2026-08-27T04:50:41.2465760Z ##[group]Getting Git version info
timeout-test	Checkout Repository	2026-08-27T04:50:41.2467220Z Working directory is '/home/runner/work/dependency-error-repo/dependency-error-repo'
timeout-test	Checkout Repository	2026-08-27T04:50:41.2469227Z [command]/usr/bin/git version
timeout-test	Checkout Repository	2026-08-27T04:50:41.2507930Z git version 2.55.0
timeout-test	Checkout Repository	2026-08-27T04:50:41.2530307Z ##[endgroup]
timeout-test	Checkout Repository	2026-08-27T04:50:41.2545574Z Temporarily overriding HOME='/home/runner/work/_temp/9dd29382-c964-4b4d-94f3-1a5d29f143fc' before making global git config changes
timeout-test	Checkout Repository	2026-08-27T04:50:41.2548096Z Adding repository directory to the temporary git global config as a safe directory
timeout-test	Checkout Repository	2026-08-27T04:50:41.2551941Z [command]/usr/bin/git config --global --add safe.directory /home/runner/work/dependency-error-repo/dependency-error-repo
timeout-test	Checkout Repository	2026-08-27T04:50:41.2602750Z Deleting the contents of '/home/runner/work/dependency-error-repo/dependency-error-repo'
timeout-test	Checkout Repository	2026-08-27T04:50:41.2612190Z ##[group]Initializing the repository
timeout-test	Checkout Repository	2026-08-27T04:50:41.2615822Z [command]/usr/bin/git init /home/runner/work/dependency-error-repo/dependency-error-repo
timeout-test	Checkout Repository	2026-08-27T04:50:41.2699057Z hint: Using 'master' as the name for the initial branch. This default branch name
timeout-test	Checkout Repository	2026-08-27T04:50:41.2700991Z hint: will change to "main" in Git 3.0. To configure the initial branch name
timeout-test	Checkout Repository	2026-08-27T04:50:41.2703047Z hint: to use in all of your new repositories, which will suppress this warning,
timeout-test	Checkout Repository	2026-08-27T04:50:41.2704757Z hint: call:
timeout-test	Checkout Repository	2026-08-27T04:50:41.2706404Z hint:
timeout-test	Checkout Repository	2026-08-27T04:50:41.2707687Z hint: 	git config --global init.defaultBranch <name>
timeout-test	Checkout Repository	2026-08-27T04:50:41.2708910Z hint:
timeout-test	Checkout Repository	2026-08-27T04:50:41.2710102Z hint: Names commonly chosen instead of 'master' are 'main', 'trunk' and
timeout-test	Checkout Repository	2026-08-27T04:50:41.2712721Z hint: 'development'. The just-created branch can be renamed via this command:
timeout-test	Checkout Repository	2026-08-27T04:50:41.2714308Z hint:
timeout-test	Checkout Repository	2026-08-27T04:50:41.2715362Z hint: 	git branch -m <name>
timeout-test	Checkout Repository	2026-08-27T04:50:41.2716404Z hint:
timeout-test	Checkout Repository	2026-08-27T04:50:41.2717685Z hint: Disable this message with "git config set advice.defaultBranchName false"
timeout-test	Checkout Repository	2026-08-27T04:50:41.2720266Z Initialized empty Git repository in /home/runner/work/dependency-error-repo/dependency-error-repo/.git/
timeout-test	Checkout Repository	2026-08-27T04:50:41.2724422Z [command]/usr/bin/git remote add origin https://github.com/DhruvHegde/dependency-error-repo
timeout-test	Checkout Repository	2026-08-27T04:50:41.2765344Z ##[endgroup]
timeout-test	Checkout Repository	2026-08-27T04:50:41.2766669Z ##[group]Disabling automatic garbage collection
timeout-test	Checkout Repository	2026-08-27T04:50:41.2770295Z [command]/usr/bin/git config --local gc.auto 0
timeout-test	Checkout Repository	2026-08-27T04:50:41.2805718Z ##[endgroup]
timeout-test	Checkout Repository	2026-08-27T04:50:41.2806939Z ##[group]Setting up auth
timeout-test	Checkout Repository	2026-08-27T04:50:41.2813652Z [command]/usr/bin/git config --local --name-only --get-regexp core\.sshCommand
timeout-test	Checkout Repository	2026-08-27T04:50:41.2854211Z [command]/usr/bin/git submodule foreach --recursive sh -c "git config --local --name-only --get-regexp 'core\.sshCommand' && git config --local --unset-all 'core.sshCommand' || :"
timeout-test	Checkout Repository	2026-08-27T04:50:41.3219691Z [command]/usr/bin/git config --local --name-only --get-regexp http\.https\:\/\/github\.com\/\.extraheader
timeout-test	Checkout Repository	2026-08-27T04:50:41.3263099Z [command]/usr/bin/git submodule foreach --recursive sh -c "git config --local --name-only --get-regexp 'http\.https\:\/\/github\.com\/\.extraheader' && git config --local --unset-all 'http.https://github.com/.extraheader' || :"
timeout-test	Checkout Repository	2026-08-27T04:50:41.3530024Z [command]/usr/bin/git config --local --name-only --get-regexp ^includeIf\.gitdir:
timeout-test	Checkout Repository	2026-08-27T04:50:41.3572784Z [command]/usr/bin/git submodule foreach --recursive git config --local --show-origin --name-only --get-regexp remote.origin.url
timeout-test	Checkout Repository	2026-08-27T04:50:41.3820719Z [command]/usr/bin/git config --local http.https://github.com/.extraheader AUTHORIZATION: basic ***
timeout-test	Checkout Repository	2026-08-27T04:50:41.3863382Z ##[endgroup]
timeout-test	Checkout Repository	2026-08-27T04:50:41.3864294Z ##[group]Fetching the repository
timeout-test	Checkout Repository	2026-08-27T04:50:41.3874824Z [command]/usr/bin/git -c protocol.version=2 fetch --no-tags --prune --no-recurse-submodules --depth=1 origin +b6341695981192d88e8bbd18f4abb89608910d2a:refs/remotes/origin/feature/timeout-errors
timeout-test	Checkout Repository	2026-08-27T04:50:41.6257555Z From https://github.com/DhruvHegde/dependency-error-repo
timeout-test	Checkout Repository	2026-08-27T04:50:41.6259664Z  * [new ref]         b6341695981192d88e8bbd18f4abb89608910d2a -> origin/feature/timeout-errors
timeout-test	Checkout Repository	2026-08-27T04:50:41.6263329Z ##[endgroup]
timeout-test	Checkout Repository	2026-08-27T04:50:41.6265033Z ##[group]Determining the checkout info
timeout-test	Checkout Repository	2026-08-27T04:50:41.6266747Z ##[endgroup]
timeout-test	Checkout Repository	2026-08-27T04:50:41.6273662Z [command]/usr/bin/git sparse-checkout disable
timeout-test	Checkout Repository	2026-08-27T04:50:41.6333960Z [command]/usr/bin/git config --local --unset-all extensions.worktreeConfig
timeout-test	Checkout Repository	2026-08-27T04:50:41.6372108Z ##[group]Checking out the ref
timeout-test	Checkout Repository	2026-08-27T04:50:41.6378261Z [command]/usr/bin/git checkout --progress --force -B feature/timeout-errors refs/remotes/origin/feature/timeout-errors
timeout-test	Checkout Repository	2026-08-27T04:50:41.6451121Z Switched to a new branch 'feature/timeout-errors'
timeout-test	Checkout Repository	2026-08-27T04:50:41.6456534Z branch 'feature/timeout-errors' set up to track 'origin/feature/timeout-errors'.
timeout-test	Checkout Repository	2026-08-27T04:50:41.6462117Z ##[endgroup]
timeout-test	Checkout Repository	2026-08-27T04:50:41.6506540Z [command]/usr/bin/git log -1 --format=%H
timeout-test	Checkout Repository	2026-08-27T04:50:41.6536187Z b6341695981192d88e8bbd18f4abb89608910d2a
timeout-test	Setup Python	﻿2026-08-27T04:50:41.6850235Z Node 20 is being deprecated. This workflow is running with Node 24 by default. If you need to temporarily use Node 20, you can set the ACTIONS_ALLOW_USE_UNSECURE_NODE_VERSION=true environment variable. For more information see: https://github.blog/changelog/2025-09-19-deprecation-of-node-20-on-github-actions-runners/
timeout-test	Setup Python	2026-08-27T04:50:41.6853289Z ##[group]Run actions/setup-python@v5
timeout-test	Setup Python	2026-08-27T04:50:41.6853886Z with:
timeout-test	Setup Python	2026-08-27T04:50:41.6854345Z   python-version: 3.11
timeout-test	Setup Python	2026-08-27T04:50:41.6855140Z   check-latest: false
timeout-test	Setup Python	2026-08-27T04:50:41.6859312Z   token: ***
timeout-test	Setup Python	2026-08-27T04:50:41.6859785Z   update-environment: true
timeout-test	Setup Python	2026-08-27T04:50:41.6860326Z   allow-prereleases: false
timeout-test	Setup Python	2026-08-27T04:50:41.6860853Z   freethreaded: false
timeout-test	Setup Python	2026-08-27T04:50:41.6861343Z ##[endgroup]
timeout-test	Setup Python	2026-08-27T04:50:41.8254311Z ##[group]Installed versions
timeout-test	Setup Python	2026-08-27T04:50:41.8338241Z (node:2274) [DEP0040] DeprecationWarning: The `punycode` module is deprecated. Please use a userland alternative instead.
timeout-test	Setup Python	2026-08-27T04:50:41.8339892Z (Use `node --trace-deprecation ...` to show where the warning was created)
timeout-test	Setup Python	2026-08-27T04:50:41.8341378Z Successfully set up CPython (3.11.16)
timeout-test	Setup Python	2026-08-27T04:50:41.8342880Z ##[endgroup]
timeout-test	Install Test Dependencies	﻿2026-08-27T04:50:41.8530198Z ##[group]Run python -m pip install --upgrade pip
timeout-test	Install Test Dependencies	2026-08-27T04:50:41.8531247Z ^[[36;1mpython -m pip install --upgrade pip^[[0m
timeout-test	Install Test Dependencies	2026-08-27T04:50:41.8531923Z ^[[36;1mpip install pytest^[[0m
timeout-test	Install Test Dependencies	2026-08-27T04:50:41.8590957Z shell: /usr/bin/bash -e {0}
timeout-test	Install Test Dependencies	2026-08-27T04:50:41.8591688Z env:
timeout-test	Install Test Dependencies	2026-08-27T04:50:41.8592290Z   pythonLocation: /opt/hostedtoolcache/Python/3.11.16/x64
timeout-test	Install Test Dependencies	2026-08-27T04:50:41.8593206Z   PKG_CONFIG_PATH: /opt/hostedtoolcache/Python/3.11.16/x64/lib/pkgconfig
timeout-test	Install Test Dependencies	2026-08-27T04:50:41.8594125Z   Python_ROOT_DIR: /opt/hostedtoolcache/Python/3.11.16/x64
timeout-test	Install Test Dependencies	2026-08-27T04:50:41.8595369Z   Python2_ROOT_DIR: /opt/hostedtoolcache/Python/3.11.16/x64
timeout-test	Install Test Dependencies	2026-08-27T04:50:41.8596469Z   Python3_ROOT_DIR: /opt/hostedtoolcache/Python/3.11.16/x64
timeout-test	Install Test Dependencies	2026-08-27T04:50:41.8597834Z   LD_LIBRARY_PATH: /opt/hostedtoolcache/Python/3.11.16/x64/lib
timeout-test	Install Test Dependencies	2026-08-27T04:50:41.8599009Z ##[endgroup]
timeout-test	Install Test Dependencies	2026-08-27T04:50:42.4192805Z Requirement already satisfied: pip in /opt/hostedtoolcache/Python/3.11.16/x64/lib/python3.11/site-packages (26.2.1)
timeout-test	Install Test Dependencies	2026-08-27T04:50:43.0041621Z Collecting pytest
timeout-test	Install Test Dependencies	2026-08-27T04:50:43.0693734Z   Downloading pytest-9.1.1-py3-none-any.whl.metadata (7.6 kB)
timeout-test	Install Test Dependencies	2026-08-27T04:50:43.0896545Z Collecting iniconfig>=1.0.1 (from pytest)
timeout-test	Install Test Dependencies	2026-08-27T04:50:43.0984097Z   Downloading iniconfig-2.3.0-py3-none-any.whl.metadata (2.5 kB)
timeout-test	Install Test Dependencies	2026-08-27T04:50:43.1171791Z Collecting packaging>=22 (from pytest)
timeout-test	Install Test Dependencies	2026-08-27T04:50:43.1250550Z   Downloading packaging-26.3-py3-none-any.whl.metadata (3.5 kB)
timeout-test	Install Test Dependencies	2026-08-27T04:50:43.1404398Z Collecting pluggy<2,>=1.5 (from pytest)
timeout-test	Install Test Dependencies	2026-08-27T04:50:43.1479939Z   Downloading pluggy-1.6.0-py3-none-any.whl.metadata (4.8 kB)
timeout-test	Install Test Dependencies	2026-08-27T04:50:43.1683391Z Collecting pygments>=2.7.2 (from pytest)
timeout-test	Install Test Dependencies	2026-08-27T04:50:43.1765554Z   Downloading pygments-2.21.0-py3-none-any.whl.metadata (2.5 kB)
timeout-test	Install Test Dependencies	2026-08-27T04:50:43.1913402Z Downloading pytest-9.1.1-py3-none-any.whl (386 kB)
timeout-test	Install Test Dependencies	2026-08-27T04:50:43.2267799Z Downloading pluggy-1.6.0-py3-none-any.whl (20 kB)
timeout-test	Install Test Dependencies	2026-08-27T04:50:43.2362448Z Downloading iniconfig-2.3.0-py3-none-any.whl (7.5 kB)
timeout-test	Install Test Dependencies	2026-08-27T04:50:43.2454315Z Downloading packaging-26.3-py3-none-any.whl (129 kB)
timeout-test	Install Test Dependencies	2026-08-27T04:50:43.2551482Z Downloading pygments-2.21.0-py3-none-any.whl (1.3 MB)
timeout-test	Install Test Dependencies	2026-08-27T04:50:43.2759535Z    ━━━━━━━━━━━━━━━━━━━━━━━━━━━━━━━━━━━━━━━━ 1.3/1.3 MB 55.2 MB/s  0:00:00
timeout-test	Install Test Dependencies	2026-08-27T04:50:43.3224118Z Installing collected packages: pygments, pluggy, packaging, iniconfig, pytest
timeout-test	Install Test Dependencies	2026-08-27T04:50:44.3146205Z 
timeout-test	Install Test Dependencies	2026-08-27T04:50:44.3155511Z Successfully installed iniconfig-2.3.0 packaging-26.3 pluggy-1.6.0 pygments-2.21.0 pytest-9.1.1
timeout-test	Run Tests	﻿2026-08-27T04:50:44.3844805Z ##[group]Run pytest test_app.py
timeout-test	Run Tests	2026-08-27T04:50:44.3845226Z ^[[36;1mpytest test_app.py^[[0m
timeout-test	Run Tests	2026-08-27T04:50:44.3889701Z shell: /usr/bin/bash -e {0}
timeout-test	Run Tests	2026-08-27T04:50:44.3890005Z env:
timeout-test	Run Tests	2026-08-27T04:50:44.3890298Z   pythonLocation: /opt/hostedtoolcache/Python/3.11.16/x64
timeout-test	Run Tests	2026-08-27T04:50:44.3890763Z   PKG_CONFIG_PATH: /opt/hostedtoolcache/Python/3.11.16/x64/lib/pkgconfig
timeout-test	Run Tests	2026-08-27T04:50:44.3891208Z   Python_ROOT_DIR: /opt/hostedtoolcache/Python/3.11.16/x64
timeout-test	Run Tests	2026-08-27T04:50:44.3891603Z   Python2_ROOT_DIR: /opt/hostedtoolcache/Python/3.11.16/x64
timeout-test	Run Tests	2026-08-27T04:50:44.3892027Z   Python3_ROOT_DIR: /opt/hostedtoolcache/Python/3.11.16/x64
timeout-test	Run Tests	2026-08-27T04:50:44.3892418Z   LD_LIBRARY_PATH: /opt/hostedtoolcache/Python/3.11.16/x64/lib
timeout-test	Run Tests	2026-08-27T04:50:44.3892787Z ##[endgroup]
timeout-test	Run Tests	2026-08-27T04:50:44.6227685Z ============================= test session starts ==============================
timeout-test	Run Tests	2026-08-27T04:50:44.6228347Z platform linux -- Python 3.11.16, pytest-9.1.1, pluggy-1.6.0
timeout-test	Run Tests	2026-08-27T04:50:44.6228860Z rootdir: /home/runner/work/dependency-error-repo/dependency-error-repo
timeout-test	Run Tests	2026-08-27T04:50:44.6229350Z collected 1 item
timeout-test	Run Tests	2026-08-27T04:50:44.6229503Z 
timeout-test	Run Tests	2026-08-27T04:51:56.8913870Z ##[error]The action 'Run Tests' has timed out after 1 minutes.
timeout-test	Post Checkout Repository	﻿2026-08-27T04:51:56.9056473Z Node 20 is being deprecated. This workflow is running with Node 24 by default. If you need to temporarily use Node 20, you can set the ACTIONS_ALLOW_USE_UNSECURE_NODE_VERSION=true environment variable. For more information see: https://github.blog/changelog/2025-09-19-deprecation-of-node-20-on-github-actions-runners/
timeout-test	Post Checkout Repository	2026-08-27T04:51:56.9057675Z Post job cleanup.
timeout-test	Post Checkout Repository	2026-08-27T04:51:56.9903857Z [command]/usr/bin/git version
timeout-test	Post Checkout Repository	2026-08-27T04:51:56.9979902Z git version 2.55.0
timeout-test	Post Checkout Repository	2026-08-27T04:51:57.0019191Z Temporarily overriding HOME='/home/runner/work/_temp/5e184dcb-b520-450a-bc19-19d66fabd7df' before making global git config changes
timeout-test	Post Checkout Repository	2026-08-27T04:51:57.0020527Z Adding repository directory to the temporary git global config as a safe directory
timeout-test	Post Checkout Repository	2026-08-27T04:51:57.0025657Z [command]/usr/bin/git config --global --add safe.directory /home/runner/work/dependency-error-repo/dependency-error-repo
timeout-test	Post Checkout Repository	2026-08-27T04:51:57.0068411Z [command]/usr/bin/git config --local --name-only --get-regexp core\.sshCommand
timeout-test	Post Checkout Repository	2026-08-27T04:51:57.0107190Z [command]/usr/bin/git submodule foreach --recursive sh -c "git config --local --name-only --get-regexp 'core\.sshCommand' && git config --local --unset-all 'core.sshCommand' || :"
timeout-test	Post Checkout Repository	2026-08-27T04:51:57.0381934Z [command]/usr/bin/git config --local --name-only --get-regexp http\.https\:\/\/github\.com\/\.extraheader
timeout-test	Post Checkout Repository	2026-08-27T04:51:57.0411346Z http.https://github.com/.extraheader
timeout-test	Post Checkout Repository	2026-08-27T04:51:57.0428193Z [command]/usr/bin/git config --local --unset-all http.https://github.com/.extraheader
timeout-test	Post Checkout Repository	2026-08-27T04:51:57.0467837Z [command]/usr/bin/git submodule foreach --recursive sh -c "git config --local --name-only --get-regexp 'http\.https\:\/\/github\.com\/\.extraheader' && git config --local --unset-all 'http.https://github.com/.extraheader' || :"
timeout-test	Post Checkout Repository	2026-08-27T04:51:57.0743721Z [command]/usr/bin/git config --local --name-only --get-regexp ^includeIf\.gitdir:
timeout-test	Post Checkout Repository	2026-08-27T04:51:57.0787010Z [command]/usr/bin/git submodule foreach --recursive git config --local --show-origin --name-only --get-regexp remote.origin.url
timeout-test	Complete job	﻿2026-08-27T04:51:57.1265791Z Cleaning up orphan processes
timeout-test	Complete job	2026-08-27T04:51:57.1553953Z Terminate orphan process: pid (2333) (pytest)
timeout-test	Complete job	2026-08-27T04:51:57.1572401Z ##[warning]Node.js 20 is deprecated. The following actions target Node.js 20 but are being forced to run on Node.js 24: actions/checkout@v4, actions/setup-python@v5. For more information see: https://github.blog/changelog/2025-09-19-deprecation-of-node-20-on-github-actions-runners/