timeout-test	UNKNOWN STEP	﻿2026-08-27T06:13:08.2060437Z Current runner version: '2.336.0'
timeout-test	UNKNOWN STEP	2026-08-27T06:13:08.2086246Z ##[group]Runner Image Provisioner
timeout-test	UNKNOWN STEP	2026-08-27T06:13:08.2087157Z Hosted Compute Agent
timeout-test	UNKNOWN STEP	2026-08-27T06:13:08.2087921Z Version: 20260729.566
timeout-test	UNKNOWN STEP	2026-08-27T06:13:08.2088581Z Commit: cf7153fe6e25b664e8693c24944bf2b00355d109
timeout-test	UNKNOWN STEP	2026-08-27T06:13:08.2089310Z Build Date: 2026-07-29T19:17:02Z
timeout-test	UNKNOWN STEP	2026-08-27T06:13:08.2090096Z Worker ID: {cf8f4130-f771-4446-86fd-bf4e5f65286b}
timeout-test	UNKNOWN STEP	2026-08-27T06:13:08.2090840Z Azure Region: northcentralus
timeout-test	UNKNOWN STEP	2026-08-27T06:13:08.2091876Z ##[endgroup]
timeout-test	UNKNOWN STEP	2026-08-27T06:13:08.2093319Z ##[group]Operating System
timeout-test	UNKNOWN STEP	2026-08-27T06:13:08.2093965Z Ubuntu
timeout-test	UNKNOWN STEP	2026-08-27T06:13:08.2094637Z 24.04.4
timeout-test	UNKNOWN STEP	2026-08-27T06:13:08.2095180Z LTS
timeout-test	UNKNOWN STEP	2026-08-27T06:13:08.2095786Z ##[endgroup]
timeout-test	UNKNOWN STEP	2026-08-27T06:13:08.2096375Z ##[group]Runner Image
timeout-test	UNKNOWN STEP	2026-08-27T06:13:08.2096996Z Image: ubuntu-24.04
timeout-test	UNKNOWN STEP	2026-08-27T06:13:08.2097625Z Version: 20260816.277.1
timeout-test	UNKNOWN STEP	2026-08-27T06:13:08.2098919Z Included Software: https://github.com/actions/runner-images/blob/ubuntu24/20260816.277/images/ubuntu/Ubuntu2404-Readme.md
timeout-test	UNKNOWN STEP	2026-08-27T06:13:08.2100997Z Image Release: https://github.com/actions/runner-images/releases/tag/ubuntu24%2F20260816.277
timeout-test	UNKNOWN STEP	2026-08-27T06:13:08.2102323Z ##[endgroup]
timeout-test	UNKNOWN STEP	2026-08-27T06:13:08.2103637Z ##[group]GITHUB_TOKEN Permissions
timeout-test	UNKNOWN STEP	2026-08-27T06:13:08.2105715Z Contents: read
timeout-test	UNKNOWN STEP	2026-08-27T06:13:08.2106442Z Metadata: read
timeout-test	UNKNOWN STEP	2026-08-27T06:13:08.2107030Z Packages: read
timeout-test	UNKNOWN STEP	2026-08-27T06:13:08.2107646Z ##[endgroup]
timeout-test	UNKNOWN STEP	2026-08-27T06:13:08.2109784Z Secret source: Actions
timeout-test	UNKNOWN STEP	2026-08-27T06:13:08.2110995Z Prepare workflow directory
timeout-test	UNKNOWN STEP	2026-08-27T06:13:08.2566313Z Prepare all required actions
timeout-test	UNKNOWN STEP	2026-08-27T06:13:08.2636423Z Getting action download info
timeout-test	UNKNOWN STEP	2026-08-27T06:13:08.5044839Z Download action repository 'actions/checkout@v4' (SHA:11d5960a326750d5838078e36cf38b85af677262)
timeout-test	UNKNOWN STEP	2026-08-27T06:13:09.0408460Z Download action repository 'actions/setup-python@v5' (SHA:a26af69be951a213d495a4c3e4e4022e16d87065)
timeout-test	UNKNOWN STEP	2026-08-27T06:13:09.7272376Z Complete job name: timeout-test
timeout-test	UNKNOWN STEP	2026-08-27T06:13:09.8219363Z Node 20 is being deprecated. This workflow is running with Node 24 by default. If you need to temporarily use Node 20, you can set the ACTIONS_ALLOW_USE_UNSECURE_NODE_VERSION=true environment variable. For more information see: https://github.blog/changelog/2025-09-19-deprecation-of-node-20-on-github-actions-runners/
timeout-test	UNKNOWN STEP	2026-08-27T06:13:09.8230793Z ##[group]Run actions/checkout@v4
timeout-test	UNKNOWN STEP	2026-08-27T06:13:09.8232450Z with:
timeout-test	UNKNOWN STEP	2026-08-27T06:13:09.8233409Z   repository: DhruvHegde/dependency-error-repo
timeout-test	UNKNOWN STEP	2026-08-27T06:13:09.8242214Z   token: ***
timeout-test	UNKNOWN STEP	2026-08-27T06:13:09.8243067Z   ssh-strict: true
timeout-test	UNKNOWN STEP	2026-08-27T06:13:09.8243934Z   ssh-user: git
timeout-test	UNKNOWN STEP	2026-08-27T06:13:09.8244801Z   persist-credentials: true
timeout-test	UNKNOWN STEP	2026-08-27T06:13:09.8245777Z   clean: true
timeout-test	UNKNOWN STEP	2026-08-27T06:13:09.8246663Z   sparse-checkout-cone-mode: true
timeout-test	UNKNOWN STEP	2026-08-27T06:13:09.8247702Z   fetch-depth: 1
timeout-test	UNKNOWN STEP	2026-08-27T06:13:09.8248568Z   fetch-tags: false
timeout-test	UNKNOWN STEP	2026-08-27T06:13:09.8249436Z   show-progress: true
timeout-test	UNKNOWN STEP	2026-08-27T06:13:09.8250318Z   lfs: false
timeout-test	UNKNOWN STEP	2026-08-27T06:13:09.8251324Z   submodules: false
timeout-test	UNKNOWN STEP	2026-08-27T06:13:09.8252231Z   set-safe-directory: true
timeout-test	UNKNOWN STEP	2026-08-27T06:13:09.8253247Z   allow-unsafe-pr-checkout: false
timeout-test	UNKNOWN STEP	2026-08-27T06:13:09.8254607Z ##[endgroup]
timeout-test	UNKNOWN STEP	2026-08-27T06:13:09.9305275Z Syncing repository: DhruvHegde/dependency-error-repo
timeout-test	UNKNOWN STEP	2026-08-27T06:13:09.9309162Z ##[group]Getting Git version info
timeout-test	UNKNOWN STEP	2026-08-27T06:13:09.9311785Z Working directory is '/home/runner/work/dependency-error-repo/dependency-error-repo'
timeout-test	UNKNOWN STEP	2026-08-27T06:13:09.9315343Z [command]/usr/bin/git version
timeout-test	UNKNOWN STEP	2026-08-27T06:13:10.2214636Z git version 2.55.0
timeout-test	UNKNOWN STEP	2026-08-27T06:13:10.2267655Z ##[endgroup]
timeout-test	UNKNOWN STEP	2026-08-27T06:13:10.2283598Z Temporarily overriding HOME='/home/runner/work/_temp/b5374af1-1492-4fa9-8a04-8fdae12538b2' before making global git config changes
timeout-test	UNKNOWN STEP	2026-08-27T06:13:10.2286571Z Adding repository directory to the temporary git global config as a safe directory
timeout-test	UNKNOWN STEP	2026-08-27T06:13:10.2290069Z [command]/usr/bin/git config --global --add safe.directory /home/runner/work/dependency-error-repo/dependency-error-repo
timeout-test	UNKNOWN STEP	2026-08-27T06:13:10.2342316Z Deleting the contents of '/home/runner/work/dependency-error-repo/dependency-error-repo'
timeout-test	UNKNOWN STEP	2026-08-27T06:13:10.2345993Z ##[group]Initializing the repository
timeout-test	UNKNOWN STEP	2026-08-27T06:13:10.2351688Z [command]/usr/bin/git init /home/runner/work/dependency-error-repo/dependency-error-repo
timeout-test	UNKNOWN STEP	2026-08-27T06:13:10.2429401Z hint: Using 'master' as the name for the initial branch. This default branch name
timeout-test	UNKNOWN STEP	2026-08-27T06:13:10.2432139Z hint: will change to "main" in Git 3.0. To configure the initial branch name
timeout-test	UNKNOWN STEP	2026-08-27T06:13:10.2440180Z hint: to use in all of your new repositories, which will suppress this warning,
timeout-test	UNKNOWN STEP	2026-08-27T06:13:10.2442126Z hint: call:
timeout-test	UNKNOWN STEP	2026-08-27T06:13:10.2443188Z hint:
timeout-test	UNKNOWN STEP	2026-08-27T06:13:10.2444233Z hint: 	git config --global init.defaultBranch <name>
timeout-test	UNKNOWN STEP	2026-08-27T06:13:10.2445672Z hint:
timeout-test	UNKNOWN STEP	2026-08-27T06:13:10.2447119Z hint: Names commonly chosen instead of 'master' are 'main', 'trunk' and
timeout-test	UNKNOWN STEP	2026-08-27T06:13:10.2449535Z hint: 'development'. The just-created branch can be renamed via this command:
timeout-test	UNKNOWN STEP	2026-08-27T06:13:10.2451479Z hint:
timeout-test	UNKNOWN STEP	2026-08-27T06:13:10.2452486Z hint: 	git branch -m <name>
timeout-test	UNKNOWN STEP	2026-08-27T06:13:10.2453500Z hint:
timeout-test	UNKNOWN STEP	2026-08-27T06:13:10.2454955Z hint: Disable this message with "git config set advice.defaultBranchName false"
timeout-test	UNKNOWN STEP	2026-08-27T06:13:10.2457484Z Initialized empty Git repository in /home/runner/work/dependency-error-repo/dependency-error-repo/.git/
timeout-test	UNKNOWN STEP	2026-08-27T06:13:10.2460784Z [command]/usr/bin/git remote add origin https://github.com/DhruvHegde/dependency-error-repo
timeout-test	UNKNOWN STEP	2026-08-27T06:13:10.2502202Z ##[endgroup]
timeout-test	UNKNOWN STEP	2026-08-27T06:13:10.2504046Z ##[group]Disabling automatic garbage collection
timeout-test	UNKNOWN STEP	2026-08-27T06:13:10.2507441Z [command]/usr/bin/git config --local gc.auto 0
timeout-test	UNKNOWN STEP	2026-08-27T06:13:10.2543843Z ##[endgroup]
timeout-test	UNKNOWN STEP	2026-08-27T06:13:10.2545216Z ##[group]Setting up auth
timeout-test	UNKNOWN STEP	2026-08-27T06:13:10.2550074Z [command]/usr/bin/git config --local --name-only --get-regexp core\.sshCommand
timeout-test	UNKNOWN STEP	2026-08-27T06:13:10.2589840Z [command]/usr/bin/git submodule foreach --recursive sh -c "git config --local --name-only --get-regexp 'core\.sshCommand' && git config --local --unset-all 'core.sshCommand' || :"
timeout-test	UNKNOWN STEP	2026-08-27T06:13:10.2925299Z [command]/usr/bin/git config --local --name-only --get-regexp http\.https\:\/\/github\.com\/\.extraheader
timeout-test	UNKNOWN STEP	2026-08-27T06:13:10.2967151Z [command]/usr/bin/git submodule foreach --recursive sh -c "git config --local --name-only --get-regexp 'http\.https\:\/\/github\.com\/\.extraheader' && git config --local --unset-all 'http.https://github.com/.extraheader' || :"
timeout-test	UNKNOWN STEP	2026-08-27T06:13:10.3208528Z [command]/usr/bin/git config --local --name-only --get-regexp ^includeIf\.gitdir:
timeout-test	UNKNOWN STEP	2026-08-27T06:13:10.3247413Z [command]/usr/bin/git submodule foreach --recursive git config --local --show-origin --name-only --get-regexp remote.origin.url
timeout-test	UNKNOWN STEP	2026-08-27T06:13:10.3502283Z [command]/usr/bin/git config --local http.https://github.com/.extraheader AUTHORIZATION: basic ***
timeout-test	UNKNOWN STEP	2026-08-27T06:13:10.3543401Z ##[endgroup]
timeout-test	UNKNOWN STEP	2026-08-27T06:13:10.3552547Z ##[group]Fetching the repository
timeout-test	UNKNOWN STEP	2026-08-27T06:13:10.3555133Z [command]/usr/bin/git -c protocol.version=2 fetch --no-tags --prune --no-recurse-submodules --depth=1 origin +a8b197eee5c423701b19ca229316777c44debf12:refs/remotes/origin/feature/timeout-errors
timeout-test	UNKNOWN STEP	2026-08-27T06:13:10.6209045Z From https://github.com/DhruvHegde/dependency-error-repo
timeout-test	UNKNOWN STEP	2026-08-27T06:13:10.6211452Z  * [new ref]         a8b197eee5c423701b19ca229316777c44debf12 -> origin/feature/timeout-errors
timeout-test	UNKNOWN STEP	2026-08-27T06:13:10.6215687Z ##[endgroup]
timeout-test	UNKNOWN STEP	2026-08-27T06:13:10.6216794Z ##[group]Determining the checkout info
timeout-test	UNKNOWN STEP	2026-08-27T06:13:10.6217858Z ##[endgroup]
timeout-test	UNKNOWN STEP	2026-08-27T06:13:10.6222247Z [command]/usr/bin/git sparse-checkout disable
timeout-test	UNKNOWN STEP	2026-08-27T06:13:10.6272974Z [command]/usr/bin/git config --local --unset-all extensions.worktreeConfig
timeout-test	UNKNOWN STEP	2026-08-27T06:13:10.6311365Z ##[group]Checking out the ref
timeout-test	UNKNOWN STEP	2026-08-27T06:13:10.6313115Z [command]/usr/bin/git checkout --progress --force -B feature/timeout-errors refs/remotes/origin/feature/timeout-errors
timeout-test	UNKNOWN STEP	2026-08-27T06:13:10.6378915Z Switched to a new branch 'feature/timeout-errors'
timeout-test	UNKNOWN STEP	2026-08-27T06:13:10.6385267Z branch 'feature/timeout-errors' set up to track 'origin/feature/timeout-errors'.
timeout-test	UNKNOWN STEP	2026-08-27T06:13:10.6389763Z ##[endgroup]
timeout-test	UNKNOWN STEP	2026-08-27T06:13:10.6431665Z [command]/usr/bin/git log -1 --format=%H
timeout-test	UNKNOWN STEP	2026-08-27T06:13:10.6460155Z a8b197eee5c423701b19ca229316777c44debf12
timeout-test	UNKNOWN STEP	2026-08-27T06:13:10.6784011Z Node 20 is being deprecated. This workflow is running with Node 24 by default. If you need to temporarily use Node 20, you can set the ACTIONS_ALLOW_USE_UNSECURE_NODE_VERSION=true environment variable. For more information see: https://github.blog/changelog/2025-09-19-deprecation-of-node-20-on-github-actions-runners/
timeout-test	UNKNOWN STEP	2026-08-27T06:13:10.6788016Z ##[group]Run actions/setup-python@v5
timeout-test	UNKNOWN STEP	2026-08-27T06:13:10.6788639Z with:
timeout-test	UNKNOWN STEP	2026-08-27T06:13:10.6789061Z   python-version: 3.11
timeout-test	UNKNOWN STEP	2026-08-27T06:13:10.6789561Z   check-latest: false
timeout-test	UNKNOWN STEP	2026-08-27T06:13:10.6796354Z   token: ***
timeout-test	UNKNOWN STEP	2026-08-27T06:13:10.6796810Z   update-environment: true
timeout-test	UNKNOWN STEP	2026-08-27T06:13:10.6797359Z   allow-prereleases: false
timeout-test	UNKNOWN STEP	2026-08-27T06:13:10.6797885Z   freethreaded: false
timeout-test	UNKNOWN STEP	2026-08-27T06:13:10.6798354Z ##[endgroup]
timeout-test	UNKNOWN STEP	2026-08-27T06:13:10.8130983Z ##[group]Installed versions
timeout-test	UNKNOWN STEP	2026-08-27T06:13:10.8216245Z (node:2297) [DEP0040] DeprecationWarning: The `punycode` module is deprecated. Please use a userland alternative instead.
timeout-test	UNKNOWN STEP	2026-08-27T06:13:10.8219152Z (Use `node --trace-deprecation ...` to show where the warning was created)
timeout-test	UNKNOWN STEP	2026-08-27T06:13:10.8220526Z Successfully set up CPython (3.11.16)
timeout-test	UNKNOWN STEP	2026-08-27T06:13:10.8222365Z ##[endgroup]
timeout-test	UNKNOWN STEP	2026-08-27T06:13:10.8467502Z ##[group]Run python -m pip install --upgrade pip
timeout-test	UNKNOWN STEP	2026-08-27T06:13:10.8468897Z ^[[36;1mpython -m pip install --upgrade pip^[[0m
timeout-test	UNKNOWN STEP	2026-08-27T06:13:10.8469993Z ^[[36;1mpip install pytest^[[0m
timeout-test	UNKNOWN STEP	2026-08-27T06:13:10.8537635Z shell: /usr/bin/bash -e {0}
timeout-test	UNKNOWN STEP	2026-08-27T06:13:10.8538460Z env:
timeout-test	UNKNOWN STEP	2026-08-27T06:13:10.8539515Z   pythonLocation: /opt/hostedtoolcache/Python/3.11.16/x64
timeout-test	UNKNOWN STEP	2026-08-27T06:13:10.8541343Z   PKG_CONFIG_PATH: /opt/hostedtoolcache/Python/3.11.16/x64/lib/pkgconfig
timeout-test	UNKNOWN STEP	2026-08-27T06:13:10.8543031Z   Python_ROOT_DIR: /opt/hostedtoolcache/Python/3.11.16/x64
timeout-test	UNKNOWN STEP	2026-08-27T06:13:10.8544501Z   Python2_ROOT_DIR: /opt/hostedtoolcache/Python/3.11.16/x64
timeout-test	UNKNOWN STEP	2026-08-27T06:13:10.8546010Z   Python3_ROOT_DIR: /opt/hostedtoolcache/Python/3.11.16/x64
timeout-test	UNKNOWN STEP	2026-08-27T06:13:10.8547514Z   LD_LIBRARY_PATH: /opt/hostedtoolcache/Python/3.11.16/x64/lib
timeout-test	UNKNOWN STEP	2026-08-27T06:13:10.8548734Z ##[endgroup]
timeout-test	UNKNOWN STEP	2026-08-27T06:13:13.6466050Z Requirement already satisfied: pip in /opt/hostedtoolcache/Python/3.11.16/x64/lib/python3.11/site-packages (26.2.1)
timeout-test	UNKNOWN STEP	2026-08-27T06:13:14.8119141Z Collecting pytest
timeout-test	UNKNOWN STEP	2026-08-27T06:13:14.8574812Z   Downloading pytest-9.1.1-py3-none-any.whl.metadata (7.6 kB)
timeout-test	UNKNOWN STEP	2026-08-27T06:13:14.8695213Z Collecting iniconfig>=1.0.1 (from pytest)
timeout-test	UNKNOWN STEP	2026-08-27T06:13:14.8730029Z   Downloading iniconfig-2.3.0-py3-none-any.whl.metadata (2.5 kB)
timeout-test	UNKNOWN STEP	2026-08-27T06:13:14.8867195Z Collecting packaging>=22 (from pytest)
timeout-test	UNKNOWN STEP	2026-08-27T06:13:14.8901007Z   Downloading packaging-26.3-py3-none-any.whl.metadata (3.5 kB)
timeout-test	UNKNOWN STEP	2026-08-27T06:13:14.9019428Z Collecting pluggy<2,>=1.5 (from pytest)
timeout-test	UNKNOWN STEP	2026-08-27T06:13:14.9054008Z   Downloading pluggy-1.6.0-py3-none-any.whl.metadata (4.8 kB)
timeout-test	UNKNOWN STEP	2026-08-27T06:13:14.9219097Z Collecting pygments>=2.7.2 (from pytest)
timeout-test	UNKNOWN STEP	2026-08-27T06:13:14.9251664Z   Downloading pygments-2.21.0-py3-none-any.whl.metadata (2.5 kB)
timeout-test	UNKNOWN STEP	2026-08-27T06:13:14.9325626Z Downloading pytest-9.1.1-py3-none-any.whl (386 kB)
timeout-test	UNKNOWN STEP	2026-08-27T06:13:14.9531988Z Downloading pluggy-1.6.0-py3-none-any.whl (20 kB)
timeout-test	UNKNOWN STEP	2026-08-27T06:13:14.9581847Z Downloading iniconfig-2.3.0-py3-none-any.whl (7.5 kB)
timeout-test	UNKNOWN STEP	2026-08-27T06:13:14.9633843Z Downloading packaging-26.3-py3-none-any.whl (129 kB)
timeout-test	UNKNOWN STEP	2026-08-27T06:13:14.9689688Z Downloading pygments-2.21.0-py3-none-any.whl (1.3 MB)
timeout-test	UNKNOWN STEP	2026-08-27T06:13:14.9788103Z    ━━━━━━━━━━━━━━━━━━━━━━━━━━━━━━━━━━━━━━━━ 1.3/1.3 MB 163.5 MB/s  0:00:00
timeout-test	UNKNOWN STEP	2026-08-27T06:13:15.0305978Z Installing collected packages: pygments, pluggy, packaging, iniconfig, pytest
timeout-test	UNKNOWN STEP	2026-08-27T06:13:16.0020679Z 
timeout-test	UNKNOWN STEP	2026-08-27T06:13:16.0032821Z Successfully installed iniconfig-2.3.0 packaging-26.3 pluggy-1.6.0 pygments-2.21.0 pytest-9.1.1
timeout-test	UNKNOWN STEP	2026-08-27T06:13:16.0565642Z ##[group]Run pytest test_app.py
timeout-test	UNKNOWN STEP	2026-08-27T06:13:16.0565976Z ^[[36;1mpytest test_app.py^[[0m
timeout-test	UNKNOWN STEP	2026-08-27T06:13:16.0607156Z shell: /usr/bin/bash -e {0}
timeout-test	UNKNOWN STEP	2026-08-27T06:13:16.0607426Z env:
timeout-test	UNKNOWN STEP	2026-08-27T06:13:16.0607710Z   pythonLocation: /opt/hostedtoolcache/Python/3.11.16/x64
timeout-test	UNKNOWN STEP	2026-08-27T06:13:16.0608153Z   PKG_CONFIG_PATH: /opt/hostedtoolcache/Python/3.11.16/x64/lib/pkgconfig
timeout-test	UNKNOWN STEP	2026-08-27T06:13:16.0608572Z   Python_ROOT_DIR: /opt/hostedtoolcache/Python/3.11.16/x64
timeout-test	UNKNOWN STEP	2026-08-27T06:13:16.0608958Z   Python2_ROOT_DIR: /opt/hostedtoolcache/Python/3.11.16/x64
timeout-test	UNKNOWN STEP	2026-08-27T06:13:16.0609346Z   Python3_ROOT_DIR: /opt/hostedtoolcache/Python/3.11.16/x64
timeout-test	UNKNOWN STEP	2026-08-27T06:13:16.0609750Z   LD_LIBRARY_PATH: /opt/hostedtoolcache/Python/3.11.16/x64/lib
timeout-test	UNKNOWN STEP	2026-08-27T06:13:16.0610086Z ##[endgroup]
timeout-test	UNKNOWN STEP	2026-08-27T06:13:16.5033113Z ============================= test session starts ==============================
timeout-test	UNKNOWN STEP	2026-08-27T06:13:16.5033754Z platform linux -- Python 3.11.16, pytest-9.1.1, pluggy-1.6.0
timeout-test	UNKNOWN STEP	2026-08-27T06:13:16.5034309Z rootdir: /home/runner/work/dependency-error-repo/dependency-error-repo
timeout-test	UNKNOWN STEP	2026-08-27T06:13:16.5034711Z collected 1 item
timeout-test	UNKNOWN STEP	2026-08-27T06:13:16.5034836Z 
timeout-test	UNKNOWN STEP	2026-08-27T06:14:28.5629786Z ##[error]The action 'Run Tests' has timed out after 1 minutes.
timeout-test	UNKNOWN STEP	2026-08-27T06:14:28.5764601Z Node 20 is being deprecated. This workflow is running with Node 24 by default. If you need to temporarily use Node 20, you can set the ACTIONS_ALLOW_USE_UNSECURE_NODE_VERSION=true environment variable. For more information see: https://github.blog/changelog/2025-09-19-deprecation-of-node-20-on-github-actions-runners/
timeout-test	UNKNOWN STEP	2026-08-27T06:14:28.5765784Z Post job cleanup.
timeout-test	UNKNOWN STEP	2026-08-27T06:14:28.6633796Z [command]/usr/bin/git version
timeout-test	UNKNOWN STEP	2026-08-27T06:14:28.6676450Z git version 2.55.0
timeout-test	UNKNOWN STEP	2026-08-27T06:14:28.6715511Z Temporarily overriding HOME='/home/runner/work/_temp/6279163f-ef1a-4376-adc5-421b43a8a231' before making global git config changes
timeout-test	UNKNOWN STEP	2026-08-27T06:14:28.6716855Z Adding repository directory to the temporary git global config as a safe directory
timeout-test	UNKNOWN STEP	2026-08-27T06:14:28.6721799Z [command]/usr/bin/git config --global --add safe.directory /home/runner/work/dependency-error-repo/dependency-error-repo
timeout-test	UNKNOWN STEP	2026-08-27T06:14:28.6762123Z [command]/usr/bin/git config --local --name-only --get-regexp core\.sshCommand
timeout-test	UNKNOWN STEP	2026-08-27T06:14:28.6800452Z [command]/usr/bin/git submodule foreach --recursive sh -c "git config --local --name-only --get-regexp 'core\.sshCommand' && git config --local --unset-all 'core.sshCommand' || :"
timeout-test	UNKNOWN STEP	2026-08-27T06:14:28.7071681Z [command]/usr/bin/git config --local --name-only --get-regexp http\.https\:\/\/github\.com\/\.extraheader
timeout-test	UNKNOWN STEP	2026-08-27T06:14:28.7106472Z http.https://github.com/.extraheader
timeout-test	UNKNOWN STEP	2026-08-27T06:14:28.7117871Z [command]/usr/bin/git config --local --unset-all http.https://github.com/.extraheader
timeout-test	UNKNOWN STEP	2026-08-27T06:14:28.7155807Z [command]/usr/bin/git submodule foreach --recursive sh -c "git config --local --name-only --get-regexp 'http\.https\:\/\/github\.com\/\.extraheader' && git config --local --unset-all 'http.https://github.com/.extraheader' || :"
timeout-test	UNKNOWN STEP	2026-08-27T06:14:28.7435803Z [command]/usr/bin/git config --local --name-only --get-regexp ^includeIf\.gitdir:
timeout-test	UNKNOWN STEP	2026-08-27T06:14:28.7477572Z [command]/usr/bin/git submodule foreach --recursive git config --local --show-origin --name-only --get-regexp remote.origin.url
timeout-test	UNKNOWN STEP	2026-08-27T06:14:28.7900322Z Cleaning up orphan processes
timeout-test	UNKNOWN STEP	2026-08-27T06:14:28.8205975Z Terminate orphan process: pid (2354) (pytest)
timeout-test	UNKNOWN STEP	2026-08-27T06:14:28.8221775Z ##[warning]Node.js 20 is deprecated. The following actions target Node.js 20 but are being forced to run on Node.js 24: actions/checkout@v4, actions/setup-python@v5. For more information see: https://github.blog/changelog/2025-09-19-deprecation-of-node-20-on-github-actions-runners/