timeout-test	UNKNOWN STEP	﻿2026-08-27T06:19:29.0195751Z Current runner version: '2.336.0'
timeout-test	UNKNOWN STEP	2026-08-27T06:19:29.0233248Z ##[group]Runner Image Provisioner
timeout-test	UNKNOWN STEP	2026-08-27T06:19:29.0234768Z Hosted Compute Agent
timeout-test	UNKNOWN STEP	2026-08-27T06:19:29.0235730Z Version: 20260729.566
timeout-test	UNKNOWN STEP	2026-08-27T06:19:29.0236877Z Commit: cf7153fe6e25b664e8693c24944bf2b00355d109
timeout-test	UNKNOWN STEP	2026-08-27T06:19:29.0238139Z Build Date: 2026-07-29T19:17:02Z
timeout-test	UNKNOWN STEP	2026-08-27T06:19:29.0239341Z Worker ID: {ad1bbc53-7e8c-44db-aaf8-6618887fdfc5}
timeout-test	UNKNOWN STEP	2026-08-27T06:19:29.0240592Z Azure Region: eastus
timeout-test	UNKNOWN STEP	2026-08-27T06:19:29.0241646Z ##[endgroup]
timeout-test	UNKNOWN STEP	2026-08-27T06:19:29.0244286Z ##[group]Operating System
timeout-test	UNKNOWN STEP	2026-08-27T06:19:29.0245386Z Ubuntu
timeout-test	UNKNOWN STEP	2026-08-27T06:19:29.0246363Z 24.04.4
timeout-test	UNKNOWN STEP	2026-08-27T06:19:29.0247206Z LTS
timeout-test	UNKNOWN STEP	2026-08-27T06:19:29.0248025Z ##[endgroup]
timeout-test	UNKNOWN STEP	2026-08-27T06:19:29.0249023Z ##[group]Runner Image
timeout-test	UNKNOWN STEP	2026-08-27T06:19:29.0250041Z Image: ubuntu-24.04
timeout-test	UNKNOWN STEP	2026-08-27T06:19:29.0251022Z Version: 20260816.277.1
timeout-test	UNKNOWN STEP	2026-08-27T06:19:29.0253687Z Included Software: https://github.com/actions/runner-images/blob/ubuntu24/20260816.277/images/ubuntu/Ubuntu2404-Readme.md
timeout-test	UNKNOWN STEP	2026-08-27T06:19:29.0256666Z Image Release: https://github.com/actions/runner-images/releases/tag/ubuntu24%2F20260816.277
timeout-test	UNKNOWN STEP	2026-08-27T06:19:29.0258427Z ##[endgroup]
timeout-test	UNKNOWN STEP	2026-08-27T06:19:29.0260526Z ##[group]GITHUB_TOKEN Permissions
timeout-test	UNKNOWN STEP	2026-08-27T06:19:29.0263654Z Contents: read
timeout-test	UNKNOWN STEP	2026-08-27T06:19:29.0264862Z Metadata: read
timeout-test	UNKNOWN STEP	2026-08-27T06:19:29.0265853Z Packages: read
timeout-test	UNKNOWN STEP	2026-08-27T06:19:29.0266828Z ##[endgroup]
timeout-test	UNKNOWN STEP	2026-08-27T06:19:29.0269873Z Secret source: Actions
timeout-test	UNKNOWN STEP	2026-08-27T06:19:29.0271959Z Prepare workflow directory
timeout-test	UNKNOWN STEP	2026-08-27T06:19:29.0743013Z Prepare all required actions
timeout-test	UNKNOWN STEP	2026-08-27T06:19:29.0813347Z Getting action download info
timeout-test	UNKNOWN STEP	2026-08-27T06:19:29.3161915Z Download action repository 'actions/checkout@v4' (SHA:11d5960a326750d5838078e36cf38b85af677262)
timeout-test	UNKNOWN STEP	2026-08-27T06:19:29.4381009Z Download action repository 'actions/setup-python@v5' (SHA:a26af69be951a213d495a4c3e4e4022e16d87065)
timeout-test	UNKNOWN STEP	2026-08-27T06:19:29.6292624Z Complete job name: timeout-test
timeout-test	UNKNOWN STEP	2026-08-27T06:19:29.7037744Z Node 20 is being deprecated. This workflow is running with Node 24 by default. If you need to temporarily use Node 20, you can set the ACTIONS_ALLOW_USE_UNSECURE_NODE_VERSION=true environment variable. For more information see: https://github.blog/changelog/2025-09-19-deprecation-of-node-20-on-github-actions-runners/
timeout-test	UNKNOWN STEP	2026-08-27T06:19:29.7046279Z ##[group]Run actions/checkout@v4
timeout-test	UNKNOWN STEP	2026-08-27T06:19:29.7047025Z with:
timeout-test	UNKNOWN STEP	2026-08-27T06:19:29.7047524Z   repository: DhruvHegde/dependency-error-repo
timeout-test	UNKNOWN STEP	2026-08-27T06:19:29.7051319Z   token: ***
timeout-test	UNKNOWN STEP	2026-08-27T06:19:29.7051757Z   ssh-strict: true
timeout-test	UNKNOWN STEP	2026-08-27T06:19:29.7052205Z   ssh-user: git
timeout-test	UNKNOWN STEP	2026-08-27T06:19:29.7052652Z   persist-credentials: true
timeout-test	UNKNOWN STEP	2026-08-27T06:19:29.7053158Z   clean: true
timeout-test	UNKNOWN STEP	2026-08-27T06:19:29.7053598Z   sparse-checkout-cone-mode: true
timeout-test	UNKNOWN STEP	2026-08-27T06:19:29.7054312Z   fetch-depth: 1
timeout-test	UNKNOWN STEP	2026-08-27T06:19:29.7054751Z   fetch-tags: false
timeout-test	UNKNOWN STEP	2026-08-27T06:19:29.7055199Z   show-progress: true
timeout-test	UNKNOWN STEP	2026-08-27T06:19:29.7055674Z   lfs: false
timeout-test	UNKNOWN STEP	2026-08-27T06:19:29.7056133Z   submodules: false
timeout-test	UNKNOWN STEP	2026-08-27T06:19:29.7056599Z   set-safe-directory: true
timeout-test	UNKNOWN STEP	2026-08-27T06:19:29.7057120Z   allow-unsafe-pr-checkout: false
timeout-test	UNKNOWN STEP	2026-08-27T06:19:29.7057974Z ##[endgroup]
timeout-test	UNKNOWN STEP	2026-08-27T06:19:29.8047626Z Syncing repository: DhruvHegde/dependency-error-repo
timeout-test	UNKNOWN STEP	2026-08-27T06:19:29.8049864Z ##[group]Getting Git version info
timeout-test	UNKNOWN STEP	2026-08-27T06:19:29.8050937Z Working directory is '/home/runner/work/dependency-error-repo/dependency-error-repo'
timeout-test	UNKNOWN STEP	2026-08-27T06:19:29.8052296Z [command]/usr/bin/git version
timeout-test	UNKNOWN STEP	2026-08-27T06:19:29.8108328Z git version 2.55.0
timeout-test	UNKNOWN STEP	2026-08-27T06:19:29.8131307Z ##[endgroup]
timeout-test	UNKNOWN STEP	2026-08-27T06:19:29.8147091Z Temporarily overriding HOME='/home/runner/work/_temp/ad7db97f-6454-476a-88c9-ad40b30b9b9e' before making global git config changes
timeout-test	UNKNOWN STEP	2026-08-27T06:19:29.8148496Z Adding repository directory to the temporary git global config as a safe directory
timeout-test	UNKNOWN STEP	2026-08-27T06:19:29.8154685Z [command]/usr/bin/git config --global --add safe.directory /home/runner/work/dependency-error-repo/dependency-error-repo
timeout-test	UNKNOWN STEP	2026-08-27T06:19:29.8208594Z Deleting the contents of '/home/runner/work/dependency-error-repo/dependency-error-repo'
timeout-test	UNKNOWN STEP	2026-08-27T06:19:29.8212974Z ##[group]Initializing the repository
timeout-test	UNKNOWN STEP	2026-08-27T06:19:29.8219717Z [command]/usr/bin/git init /home/runner/work/dependency-error-repo/dependency-error-repo
timeout-test	UNKNOWN STEP	2026-08-27T06:19:29.8478937Z hint: Using 'master' as the name for the initial branch. This default branch name
timeout-test	UNKNOWN STEP	2026-08-27T06:19:29.8480870Z hint: will change to "main" in Git 3.0. To configure the initial branch name
timeout-test	UNKNOWN STEP	2026-08-27T06:19:29.8481967Z hint: to use in all of your new repositories, which will suppress this warning,
timeout-test	UNKNOWN STEP	2026-08-27T06:19:29.8482812Z hint: call:
timeout-test	UNKNOWN STEP	2026-08-27T06:19:29.8483267Z hint:
timeout-test	UNKNOWN STEP	2026-08-27T06:19:29.8484037Z hint: 	git config --global init.defaultBranch <name>
timeout-test	UNKNOWN STEP	2026-08-27T06:19:29.8484810Z hint:
timeout-test	UNKNOWN STEP	2026-08-27T06:19:29.8485429Z hint: Names commonly chosen instead of 'master' are 'main', 'trunk' and
timeout-test	UNKNOWN STEP	2026-08-27T06:19:29.8486512Z hint: 'development'. The just-created branch can be renamed via this command:
timeout-test	UNKNOWN STEP	2026-08-27T06:19:29.8487314Z hint:
timeout-test	UNKNOWN STEP	2026-08-27T06:19:29.8487761Z hint: 	git branch -m <name>
timeout-test	UNKNOWN STEP	2026-08-27T06:19:29.8488274Z hint:
timeout-test	UNKNOWN STEP	2026-08-27T06:19:29.8488939Z hint: Disable this message with "git config set advice.defaultBranchName false"
timeout-test	UNKNOWN STEP	2026-08-27T06:19:29.8495581Z Initialized empty Git repository in /home/runner/work/dependency-error-repo/dependency-error-repo/.git/
timeout-test	UNKNOWN STEP	2026-08-27T06:19:29.8507527Z [command]/usr/bin/git remote add origin https://github.com/DhruvHegde/dependency-error-repo
timeout-test	UNKNOWN STEP	2026-08-27T06:19:29.8593723Z ##[endgroup]
timeout-test	UNKNOWN STEP	2026-08-27T06:19:29.8595183Z ##[group]Disabling automatic garbage collection
timeout-test	UNKNOWN STEP	2026-08-27T06:19:29.8598242Z [command]/usr/bin/git config --local gc.auto 0
timeout-test	UNKNOWN STEP	2026-08-27T06:19:29.8631422Z ##[endgroup]
timeout-test	UNKNOWN STEP	2026-08-27T06:19:29.8632164Z ##[group]Setting up auth
timeout-test	UNKNOWN STEP	2026-08-27T06:19:29.8639360Z [command]/usr/bin/git config --local --name-only --get-regexp core\.sshCommand
timeout-test	UNKNOWN STEP	2026-08-27T06:19:29.8676976Z [command]/usr/bin/git submodule foreach --recursive sh -c "git config --local --name-only --get-regexp 'core\.sshCommand' && git config --local --unset-all 'core.sshCommand' || :"
timeout-test	UNKNOWN STEP	2026-08-27T06:19:29.9044509Z [command]/usr/bin/git config --local --name-only --get-regexp http\.https\:\/\/github\.com\/\.extraheader
timeout-test	UNKNOWN STEP	2026-08-27T06:19:29.9079821Z [command]/usr/bin/git submodule foreach --recursive sh -c "git config --local --name-only --get-regexp 'http\.https\:\/\/github\.com\/\.extraheader' && git config --local --unset-all 'http.https://github.com/.extraheader' || :"
timeout-test	UNKNOWN STEP	2026-08-27T06:19:29.9302281Z [command]/usr/bin/git config --local --name-only --get-regexp ^includeIf\.gitdir:
timeout-test	UNKNOWN STEP	2026-08-27T06:19:29.9339503Z [command]/usr/bin/git submodule foreach --recursive git config --local --show-origin --name-only --get-regexp remote.origin.url
timeout-test	UNKNOWN STEP	2026-08-27T06:19:29.9560675Z [command]/usr/bin/git config --local http.https://github.com/.extraheader AUTHORIZATION: basic ***
timeout-test	UNKNOWN STEP	2026-08-27T06:19:29.9597540Z ##[endgroup]
timeout-test	UNKNOWN STEP	2026-08-27T06:19:29.9598433Z ##[group]Fetching the repository
timeout-test	UNKNOWN STEP	2026-08-27T06:19:29.9607764Z [command]/usr/bin/git -c protocol.version=2 fetch --no-tags --prune --no-recurse-submodules --depth=1 origin +9a88ec78404808144a343b5e4a1cc681b808a05b:refs/remotes/origin/feature/timeout-errors
timeout-test	UNKNOWN STEP	2026-08-27T06:19:30.2011897Z From https://github.com/DhruvHegde/dependency-error-repo
timeout-test	UNKNOWN STEP	2026-08-27T06:19:30.2014079Z  * [new ref]         9a88ec78404808144a343b5e4a1cc681b808a05b -> origin/feature/timeout-errors
timeout-test	UNKNOWN STEP	2026-08-27T06:19:30.2018039Z ##[endgroup]
timeout-test	UNKNOWN STEP	2026-08-27T06:19:30.2019194Z ##[group]Determining the checkout info
timeout-test	UNKNOWN STEP	2026-08-27T06:19:30.2021104Z ##[endgroup]
timeout-test	UNKNOWN STEP	2026-08-27T06:19:30.2027610Z [command]/usr/bin/git sparse-checkout disable
timeout-test	UNKNOWN STEP	2026-08-27T06:19:30.2080073Z [command]/usr/bin/git config --local --unset-all extensions.worktreeConfig
timeout-test	UNKNOWN STEP	2026-08-27T06:19:30.2112454Z ##[group]Checking out the ref
timeout-test	UNKNOWN STEP	2026-08-27T06:19:30.2118169Z [command]/usr/bin/git checkout --progress --force -B feature/timeout-errors refs/remotes/origin/feature/timeout-errors
timeout-test	UNKNOWN STEP	2026-08-27T06:19:30.2187560Z Switched to a new branch 'feature/timeout-errors'
timeout-test	UNKNOWN STEP	2026-08-27T06:19:30.2193200Z branch 'feature/timeout-errors' set up to track 'origin/feature/timeout-errors'.
timeout-test	UNKNOWN STEP	2026-08-27T06:19:30.2197645Z ##[endgroup]
timeout-test	UNKNOWN STEP	2026-08-27T06:19:30.2240119Z [command]/usr/bin/git log -1 --format=%H
timeout-test	UNKNOWN STEP	2026-08-27T06:19:30.2266879Z 9a88ec78404808144a343b5e4a1cc681b808a05b
timeout-test	UNKNOWN STEP	2026-08-27T06:19:30.2547022Z Node 20 is being deprecated. This workflow is running with Node 24 by default. If you need to temporarily use Node 20, you can set the ACTIONS_ALLOW_USE_UNSECURE_NODE_VERSION=true environment variable. For more information see: https://github.blog/changelog/2025-09-19-deprecation-of-node-20-on-github-actions-runners/
timeout-test	UNKNOWN STEP	2026-08-27T06:19:30.2549877Z ##[group]Run actions/setup-python@v5
timeout-test	UNKNOWN STEP	2026-08-27T06:19:30.2550432Z with:
timeout-test	UNKNOWN STEP	2026-08-27T06:19:30.2550846Z   python-version: 3.11
timeout-test	UNKNOWN STEP	2026-08-27T06:19:30.2551324Z   check-latest: false
timeout-test	UNKNOWN STEP	2026-08-27T06:19:30.2555124Z   token: ***
timeout-test	UNKNOWN STEP	2026-08-27T06:19:30.2555588Z   update-environment: true
timeout-test	UNKNOWN STEP	2026-08-27T06:19:30.2556088Z   allow-prereleases: false
timeout-test	UNKNOWN STEP	2026-08-27T06:19:30.2556570Z   freethreaded: false
timeout-test	UNKNOWN STEP	2026-08-27T06:19:30.2557015Z ##[endgroup]
timeout-test	UNKNOWN STEP	2026-08-27T06:19:30.3828455Z ##[group]Installed versions
timeout-test	UNKNOWN STEP	2026-08-27T06:19:30.3922270Z (node:2321) [DEP0040] DeprecationWarning: The `punycode` module is deprecated. Please use a userland alternative instead.
timeout-test	UNKNOWN STEP	2026-08-27T06:19:30.3924641Z (Use `node --trace-deprecation ...` to show where the warning was created)
timeout-test	UNKNOWN STEP	2026-08-27T06:19:30.3925998Z Successfully set up CPython (3.11.16)
timeout-test	UNKNOWN STEP	2026-08-27T06:19:30.3927479Z ##[endgroup]
timeout-test	UNKNOWN STEP	2026-08-27T06:19:30.4121029Z ##[group]Run python -m pip install --upgrade pip
timeout-test	UNKNOWN STEP	2026-08-27T06:19:30.4122226Z ^[[36;1mpython -m pip install --upgrade pip^[[0m
timeout-test	UNKNOWN STEP	2026-08-27T06:19:30.4123201Z ^[[36;1mpip install pytest^[[0m
timeout-test	UNKNOWN STEP	2026-08-27T06:19:30.4188781Z shell: /usr/bin/bash -e {0}
timeout-test	UNKNOWN STEP	2026-08-27T06:19:30.4189604Z env:
timeout-test	UNKNOWN STEP	2026-08-27T06:19:30.4190422Z   pythonLocation: /opt/hostedtoolcache/Python/3.11.16/x64
timeout-test	UNKNOWN STEP	2026-08-27T06:19:30.4191758Z   PKG_CONFIG_PATH: /opt/hostedtoolcache/Python/3.11.16/x64/lib/pkgconfig
timeout-test	UNKNOWN STEP	2026-08-27T06:19:30.4193089Z   Python_ROOT_DIR: /opt/hostedtoolcache/Python/3.11.16/x64
timeout-test	UNKNOWN STEP	2026-08-27T06:19:30.4194586Z   Python2_ROOT_DIR: /opt/hostedtoolcache/Python/3.11.16/x64
timeout-test	UNKNOWN STEP	2026-08-27T06:19:30.4195810Z   Python3_ROOT_DIR: /opt/hostedtoolcache/Python/3.11.16/x64
timeout-test	UNKNOWN STEP	2026-08-27T06:19:30.4197024Z   LD_LIBRARY_PATH: /opt/hostedtoolcache/Python/3.11.16/x64/lib
timeout-test	UNKNOWN STEP	2026-08-27T06:19:30.4198066Z ##[endgroup]
timeout-test	UNKNOWN STEP	2026-08-27T06:19:31.0951231Z Requirement already satisfied: pip in /opt/hostedtoolcache/Python/3.11.16/x64/lib/python3.11/site-packages (26.2.1)
timeout-test	UNKNOWN STEP	2026-08-27T06:19:31.6546238Z Collecting pytest
timeout-test	UNKNOWN STEP	2026-08-27T06:19:31.7105586Z   Downloading pytest-9.1.1-py3-none-any.whl.metadata (7.6 kB)
timeout-test	UNKNOWN STEP	2026-08-27T06:19:31.7239671Z Collecting iniconfig>=1.0.1 (from pytest)
timeout-test	UNKNOWN STEP	2026-08-27T06:19:31.7276683Z   Downloading iniconfig-2.3.0-py3-none-any.whl.metadata (2.5 kB)
timeout-test	UNKNOWN STEP	2026-08-27T06:19:31.7430747Z Collecting packaging>=22 (from pytest)
timeout-test	UNKNOWN STEP	2026-08-27T06:19:31.7468150Z   Downloading packaging-26.3-py3-none-any.whl.metadata (3.5 kB)
timeout-test	UNKNOWN STEP	2026-08-27T06:19:31.7671066Z Collecting pluggy<2,>=1.5 (from pytest)
timeout-test	UNKNOWN STEP	2026-08-27T06:19:31.7705194Z   Downloading pluggy-1.6.0-py3-none-any.whl.metadata (4.8 kB)
timeout-test	UNKNOWN STEP	2026-08-27T06:19:31.7886907Z Collecting pygments>=2.7.2 (from pytest)
timeout-test	UNKNOWN STEP	2026-08-27T06:19:31.7921476Z   Downloading pygments-2.21.0-py3-none-any.whl.metadata (2.5 kB)
timeout-test	UNKNOWN STEP	2026-08-27T06:19:31.8000536Z Downloading pytest-9.1.1-py3-none-any.whl (386 kB)
timeout-test	UNKNOWN STEP	2026-08-27T06:19:31.8182156Z Downloading pluggy-1.6.0-py3-none-any.whl (20 kB)
timeout-test	UNKNOWN STEP	2026-08-27T06:19:31.8234624Z Downloading iniconfig-2.3.0-py3-none-any.whl (7.5 kB)
timeout-test	UNKNOWN STEP	2026-08-27T06:19:31.8286656Z Downloading packaging-26.3-py3-none-any.whl (129 kB)
timeout-test	UNKNOWN STEP	2026-08-27T06:19:31.8346345Z Downloading pygments-2.21.0-py3-none-any.whl (1.3 MB)
timeout-test	UNKNOWN STEP	2026-08-27T06:19:31.8521287Z    ━━━━━━━━━━━━━━━━━━━━━━━━━━━━━━━━━━━━━━━━ 1.3/1.3 MB 81.5 MB/s  0:00:00
timeout-test	UNKNOWN STEP	2026-08-27T06:19:31.8965412Z Installing collected packages: pygments, pluggy, packaging, iniconfig, pytest
timeout-test	UNKNOWN STEP	2026-08-27T06:19:32.8734246Z 
timeout-test	UNKNOWN STEP	2026-08-27T06:19:32.8743418Z Successfully installed iniconfig-2.3.0 packaging-26.3 pluggy-1.6.0 pygments-2.21.0 pytest-9.1.1
timeout-test	UNKNOWN STEP	2026-08-27T06:19:32.9219796Z ##[group]Run pytest test_app.py
timeout-test	UNKNOWN STEP	2026-08-27T06:19:32.9220215Z ^[[36;1mpytest test_app.py^[[0m
timeout-test	UNKNOWN STEP	2026-08-27T06:19:32.9259012Z shell: /usr/bin/bash -e {0}
timeout-test	UNKNOWN STEP	2026-08-27T06:19:32.9259323Z env:
timeout-test	UNKNOWN STEP	2026-08-27T06:19:32.9259646Z   pythonLocation: /opt/hostedtoolcache/Python/3.11.16/x64
timeout-test	UNKNOWN STEP	2026-08-27T06:19:32.9260142Z   PKG_CONFIG_PATH: /opt/hostedtoolcache/Python/3.11.16/x64/lib/pkgconfig
timeout-test	UNKNOWN STEP	2026-08-27T06:19:32.9260632Z   Python_ROOT_DIR: /opt/hostedtoolcache/Python/3.11.16/x64
timeout-test	UNKNOWN STEP	2026-08-27T06:19:32.9261072Z   Python2_ROOT_DIR: /opt/hostedtoolcache/Python/3.11.16/x64
timeout-test	UNKNOWN STEP	2026-08-27T06:19:32.9261518Z   Python3_ROOT_DIR: /opt/hostedtoolcache/Python/3.11.16/x64
timeout-test	UNKNOWN STEP	2026-08-27T06:19:32.9261981Z   LD_LIBRARY_PATH: /opt/hostedtoolcache/Python/3.11.16/x64/lib
timeout-test	UNKNOWN STEP	2026-08-27T06:19:32.9262360Z ##[endgroup]
timeout-test	UNKNOWN STEP	2026-08-27T06:19:33.1548792Z ============================= test session starts ==============================
timeout-test	UNKNOWN STEP	2026-08-27T06:19:33.1549345Z platform linux -- Python 3.11.16, pytest-9.1.1, pluggy-1.6.0
timeout-test	UNKNOWN STEP	2026-08-27T06:19:33.1549947Z rootdir: /home/runner/work/dependency-error-repo/dependency-error-repo
timeout-test	UNKNOWN STEP	2026-08-27T06:19:33.1550345Z collected 1 item
timeout-test	UNKNOWN STEP	2026-08-27T06:19:33.1550492Z 
timeout-test	UNKNOWN STEP	2026-08-27T06:20:45.4273030Z ##[error]The action 'Run Tests' has timed out after 1 minutes.
timeout-test	UNKNOWN STEP	2026-08-27T06:20:45.4409748Z Node 20 is being deprecated. This workflow is running with Node 24 by default. If you need to temporarily use Node 20, you can set the ACTIONS_ALLOW_USE_UNSECURE_NODE_VERSION=true environment variable. For more information see: https://github.blog/changelog/2025-09-19-deprecation-of-node-20-on-github-actions-runners/
timeout-test	UNKNOWN STEP	2026-08-27T06:20:45.4411015Z Post job cleanup.
timeout-test	UNKNOWN STEP	2026-08-27T06:20:45.5254900Z [command]/usr/bin/git version
timeout-test	UNKNOWN STEP	2026-08-27T06:20:45.5298191Z git version 2.55.0
timeout-test	UNKNOWN STEP	2026-08-27T06:20:45.5336157Z Temporarily overriding HOME='/home/runner/work/_temp/acf2bc3f-8634-4bce-aa8e-ea301fc0a097' before making global git config changes
timeout-test	UNKNOWN STEP	2026-08-27T06:20:45.5337634Z Adding repository directory to the temporary git global config as a safe directory
timeout-test	UNKNOWN STEP	2026-08-27T06:20:45.5341050Z [command]/usr/bin/git config --global --add safe.directory /home/runner/work/dependency-error-repo/dependency-error-repo
timeout-test	UNKNOWN STEP	2026-08-27T06:20:45.5381240Z [command]/usr/bin/git config --local --name-only --get-regexp core\.sshCommand
timeout-test	UNKNOWN STEP	2026-08-27T06:20:45.5416581Z [command]/usr/bin/git submodule foreach --recursive sh -c "git config --local --name-only --get-regexp 'core\.sshCommand' && git config --local --unset-all 'core.sshCommand' || :"
timeout-test	UNKNOWN STEP	2026-08-27T06:20:45.5695885Z [command]/usr/bin/git config --local --name-only --get-regexp http\.https\:\/\/github\.com\/\.extraheader
timeout-test	UNKNOWN STEP	2026-08-27T06:20:45.5742227Z http.https://github.com/.extraheader
timeout-test	UNKNOWN STEP	2026-08-27T06:20:45.5754887Z [command]/usr/bin/git config --local --unset-all http.https://github.com/.extraheader
timeout-test	UNKNOWN STEP	2026-08-27T06:20:45.5801540Z [command]/usr/bin/git submodule foreach --recursive sh -c "git config --local --name-only --get-regexp 'http\.https\:\/\/github\.com\/\.extraheader' && git config --local --unset-all 'http.https://github.com/.extraheader' || :"
timeout-test	UNKNOWN STEP	2026-08-27T06:20:45.6064343Z [command]/usr/bin/git config --local --name-only --get-regexp ^includeIf\.gitdir:
timeout-test	UNKNOWN STEP	2026-08-27T06:20:45.6103172Z [command]/usr/bin/git submodule foreach --recursive git config --local --show-origin --name-only --get-regexp remote.origin.url
timeout-test	UNKNOWN STEP	2026-08-27T06:20:45.6498303Z Cleaning up orphan processes
timeout-test	UNKNOWN STEP	2026-08-27T06:20:45.6810062Z Terminate orphan process: pid (2379) (pytest)
timeout-test	UNKNOWN STEP	2026-08-27T06:20:45.6821335Z ##[warning]Node.js 20 is deprecated. The following actions target Node.js 20 but are being forced to run on Node.js 24: actions/checkout@v4, actions/setup-python@v5. For more information see: https://github.blog/changelog/2025-09-19-deprecation-of-node-20-on-github-actions-runners/