timeout-test	Set up job	﻿2026-08-27T05:13:34.3968527Z Current runner version: '2.336.0'
timeout-test	Set up job	2026-08-27T05:13:34.3994529Z ##[group]Runner Image Provisioner
timeout-test	Set up job	2026-08-27T05:13:34.3995523Z Hosted Compute Agent
timeout-test	Set up job	2026-08-27T05:13:34.3996254Z Version: 20260819.586
timeout-test	Set up job	2026-08-27T05:13:34.3996969Z Commit: 3cc4a88dfa507ef76119ad1bb3eccc6378bb2b76
timeout-test	Set up job	2026-08-27T05:13:34.3997810Z Build Date: 2026-08-18T23:20:18Z
timeout-test	Set up job	2026-08-27T05:13:34.3998534Z Worker ID: {bcd5c2b9-3009-4c59-b0d1-69f11be23b15}
timeout-test	Set up job	2026-08-27T05:13:34.3999266Z Azure Region: eastus
timeout-test	Set up job	2026-08-27T05:13:34.3999953Z ##[endgroup]
timeout-test	Set up job	2026-08-27T05:13:34.4001468Z ##[group]Operating System
timeout-test	Set up job	2026-08-27T05:13:34.4002938Z Ubuntu
timeout-test	Set up job	2026-08-27T05:13:34.4003614Z 24.04.4
timeout-test	Set up job	2026-08-27T05:13:34.4004162Z LTS
timeout-test	Set up job	2026-08-27T05:13:34.4004811Z ##[endgroup]
timeout-test	Set up job	2026-08-27T05:13:34.4005379Z ##[group]Runner Image
timeout-test	Set up job	2026-08-27T05:13:34.4006039Z Image: ubuntu-24.04
timeout-test	Set up job	2026-08-27T05:13:34.4006645Z Version: 20260823.283.1
timeout-test	Set up job	2026-08-27T05:13:34.4007730Z Included Software: https://github.com/actions/runner-images/blob/ubuntu24/20260823.283/images/ubuntu/Ubuntu2404-Readme.md
timeout-test	Set up job	2026-08-27T05:13:34.4010115Z Image Release: https://github.com/actions/runner-images/releases/tag/ubuntu24%2F20260823.283
timeout-test	Set up job	2026-08-27T05:13:34.4011195Z ##[endgroup]
timeout-test	Set up job	2026-08-27T05:13:34.4012566Z ##[group]GITHUB_TOKEN Permissions
timeout-test	Set up job	2026-08-27T05:13:34.4015026Z Contents: read
timeout-test	Set up job	2026-08-27T05:13:34.4015661Z Metadata: read
timeout-test	Set up job	2026-08-27T05:13:34.4016215Z Packages: read
timeout-test	Set up job	2026-08-27T05:13:34.4016846Z ##[endgroup]
timeout-test	Set up job	2026-08-27T05:13:34.4019329Z Secret source: Actions
timeout-test	Set up job	2026-08-27T05:13:34.4020848Z Prepare workflow directory
timeout-test	Set up job	2026-08-27T05:13:34.4359807Z Prepare all required actions
timeout-test	Set up job	2026-08-27T05:13:34.4408530Z Getting action download info
timeout-test	Set up job	2026-08-27T05:13:34.6465102Z Download action repository 'actions/checkout@v4' (SHA:11d5960a326750d5838078e36cf38b85af677262)
timeout-test	Set up job	2026-08-27T05:13:34.7657679Z Download action repository 'actions/setup-python@v5' (SHA:a26af69be951a213d495a4c3e4e4022e16d87065)
timeout-test	Set up job	2026-08-27T05:13:34.9527193Z Complete job name: timeout-test
timeout-test	Checkout Repository	﻿2026-08-27T05:13:35.0280815Z Node 20 is being deprecated. This workflow is running with Node 24 by default. If you need to temporarily use Node 20, you can set the ACTIONS_ALLOW_USE_UNSECURE_NODE_VERSION=true environment variable. For more information see: https://github.blog/changelog/2025-09-19-deprecation-of-node-20-on-github-actions-runners/
timeout-test	Checkout Repository	2026-08-27T05:13:35.0289969Z ##[group]Run actions/checkout@v4
timeout-test	Checkout Repository	2026-08-27T05:13:35.0290745Z with:
timeout-test	Checkout Repository	2026-08-27T05:13:35.0291261Z   repository: DhruvHegde/dependency-error-repo
timeout-test	Checkout Repository	2026-08-27T05:13:35.0295515Z   token: ***
timeout-test	Checkout Repository	2026-08-27T05:13:35.0295969Z   ssh-strict: true
timeout-test	Checkout Repository	2026-08-27T05:13:35.0296417Z   ssh-user: git
timeout-test	Checkout Repository	2026-08-27T05:13:35.0296870Z   persist-credentials: true
timeout-test	Checkout Repository	2026-08-27T05:13:35.0297362Z   clean: true
timeout-test	Checkout Repository	2026-08-27T05:13:35.0297817Z   sparse-checkout-cone-mode: true
timeout-test	Checkout Repository	2026-08-27T05:13:35.0298346Z   fetch-depth: 1
timeout-test	Checkout Repository	2026-08-27T05:13:35.0298781Z   fetch-tags: false
timeout-test	Checkout Repository	2026-08-27T05:13:35.0299234Z   show-progress: true
timeout-test	Checkout Repository	2026-08-27T05:13:35.0299673Z   lfs: false
timeout-test	Checkout Repository	2026-08-27T05:13:35.0300084Z   submodules: false
timeout-test	Checkout Repository	2026-08-27T05:13:35.0300579Z   set-safe-directory: true
timeout-test	Checkout Repository	2026-08-27T05:13:35.0301090Z   allow-unsafe-pr-checkout: false
timeout-test	Checkout Repository	2026-08-27T05:13:35.0301896Z ##[endgroup]
timeout-test	Checkout Repository	2026-08-27T05:13:35.1335598Z Syncing repository: DhruvHegde/dependency-error-repo
timeout-test	Checkout Repository	2026-08-27T05:13:35.1338301Z ##[group]Getting Git version info
timeout-test	Checkout Repository	2026-08-27T05:13:35.1339705Z Working directory is '/home/runner/work/dependency-error-repo/dependency-error-repo'
timeout-test	Checkout Repository	2026-08-27T05:13:35.1341664Z [command]/usr/bin/git version
timeout-test	Checkout Repository	2026-08-27T05:13:35.1408951Z git version 2.55.0
timeout-test	Checkout Repository	2026-08-27T05:13:35.1465980Z ##[endgroup]
timeout-test	Checkout Repository	2026-08-27T05:13:35.1483643Z Temporarily overriding HOME='/home/runner/work/_temp/26c5c6cb-ab16-4f82-a1ca-af94a39c40e5' before making global git config changes
timeout-test	Checkout Repository	2026-08-27T05:13:35.1486212Z Adding repository directory to the temporary git global config as a safe directory
timeout-test	Checkout Repository	2026-08-27T05:13:35.1490287Z [command]/usr/bin/git config --global --add safe.directory /home/runner/work/dependency-error-repo/dependency-error-repo
timeout-test	Checkout Repository	2026-08-27T05:13:35.1551282Z Deleting the contents of '/home/runner/work/dependency-error-repo/dependency-error-repo'
timeout-test	Checkout Repository	2026-08-27T05:13:35.1555615Z ##[group]Initializing the repository
timeout-test	Checkout Repository	2026-08-27T05:13:35.1561059Z [command]/usr/bin/git init /home/runner/work/dependency-error-repo/dependency-error-repo
timeout-test	Checkout Repository	2026-08-27T05:13:35.1679541Z hint: Using 'master' as the name for the initial branch. This default branch name
timeout-test	Checkout Repository	2026-08-27T05:13:35.1681389Z hint: will change to "main" in Git 3.0. To configure the initial branch name
timeout-test	Checkout Repository	2026-08-27T05:13:35.1683307Z hint: to use in all of your new repositories, which will suppress this warning,
timeout-test	Checkout Repository	2026-08-27T05:13:35.1684520Z hint: call:
timeout-test	Checkout Repository	2026-08-27T05:13:35.1685156Z hint:
timeout-test	Checkout Repository	2026-08-27T05:13:35.1685951Z hint: 	git config --global init.defaultBranch <name>
timeout-test	Checkout Repository	2026-08-27T05:13:35.1686970Z hint:
timeout-test	Checkout Repository	2026-08-27T05:13:35.1687969Z hint: Names commonly chosen instead of 'master' are 'main', 'trunk' and
timeout-test	Checkout Repository	2026-08-27T05:13:35.1689517Z hint: 'development'. The just-created branch can be renamed via this command:
timeout-test	Checkout Repository	2026-08-27T05:13:35.1690785Z hint:
timeout-test	Checkout Repository	2026-08-27T05:13:35.1691491Z hint: 	git branch -m <name>
timeout-test	Checkout Repository	2026-08-27T05:13:35.1692773Z hint:
timeout-test	Checkout Repository	2026-08-27T05:13:35.1693833Z hint: Disable this message with "git config set advice.defaultBranchName false"
timeout-test	Checkout Repository	2026-08-27T05:13:35.1695742Z Initialized empty Git repository in /home/runner/work/dependency-error-repo/dependency-error-repo/.git/
timeout-test	Checkout Repository	2026-08-27T05:13:35.1701496Z [command]/usr/bin/git remote add origin https://github.com/DhruvHegde/dependency-error-repo
timeout-test	Checkout Repository	2026-08-27T05:13:35.1751691Z ##[endgroup]
timeout-test	Checkout Repository	2026-08-27T05:13:35.1753309Z ##[group]Disabling automatic garbage collection
timeout-test	Checkout Repository	2026-08-27T05:13:35.1766805Z [command]/usr/bin/git config --local gc.auto 0
timeout-test	Checkout Repository	2026-08-27T05:13:35.1802163Z ##[endgroup]
timeout-test	Checkout Repository	2026-08-27T05:13:35.1804004Z ##[group]Setting up auth
timeout-test	Checkout Repository	2026-08-27T05:13:35.1810835Z [command]/usr/bin/git config --local --name-only --get-regexp core\.sshCommand
timeout-test	Checkout Repository	2026-08-27T05:13:35.1848962Z [command]/usr/bin/git submodule foreach --recursive sh -c "git config --local --name-only --get-regexp 'core\.sshCommand' && git config --local --unset-all 'core.sshCommand' || :"
timeout-test	Checkout Repository	2026-08-27T05:13:35.2254249Z [command]/usr/bin/git config --local --name-only --get-regexp http\.https\:\/\/github\.com\/\.extraheader
timeout-test	Checkout Repository	2026-08-27T05:13:35.2278568Z [command]/usr/bin/git submodule foreach --recursive sh -c "git config --local --name-only --get-regexp 'http\.https\:\/\/github\.com\/\.extraheader' && git config --local --unset-all 'http.https://github.com/.extraheader' || :"
timeout-test	Checkout Repository	2026-08-27T05:13:35.2507817Z [command]/usr/bin/git config --local --name-only --get-regexp ^includeIf\.gitdir:
timeout-test	Checkout Repository	2026-08-27T05:13:35.2545366Z [command]/usr/bin/git submodule foreach --recursive git config --local --show-origin --name-only --get-regexp remote.origin.url
timeout-test	Checkout Repository	2026-08-27T05:13:35.2770561Z [command]/usr/bin/git config --local http.https://github.com/.extraheader AUTHORIZATION: basic ***
timeout-test	Checkout Repository	2026-08-27T05:13:35.2809968Z ##[endgroup]
timeout-test	Checkout Repository	2026-08-27T05:13:35.2811350Z ##[group]Fetching the repository
timeout-test	Checkout Repository	2026-08-27T05:13:35.2822653Z [command]/usr/bin/git -c protocol.version=2 fetch --no-tags --prune --no-recurse-submodules --depth=1 origin +488b6f049f1c707f3a7c2a23a6bd378dd400a832:refs/remotes/origin/feature/timeout-errors
timeout-test	Checkout Repository	2026-08-27T05:13:35.5021496Z From https://github.com/DhruvHegde/dependency-error-repo
timeout-test	Checkout Repository	2026-08-27T05:13:35.5023433Z  * [new ref]         488b6f049f1c707f3a7c2a23a6bd378dd400a832 -> origin/feature/timeout-errors
timeout-test	Checkout Repository	2026-08-27T05:13:35.5029764Z ##[endgroup]
timeout-test	Checkout Repository	2026-08-27T05:13:35.5030855Z ##[group]Determining the checkout info
timeout-test	Checkout Repository	2026-08-27T05:13:35.5034099Z ##[endgroup]
timeout-test	Checkout Repository	2026-08-27T05:13:35.5043187Z [command]/usr/bin/git sparse-checkout disable
timeout-test	Checkout Repository	2026-08-27T05:13:35.5103610Z [command]/usr/bin/git config --local --unset-all extensions.worktreeConfig
timeout-test	Checkout Repository	2026-08-27T05:13:35.5139747Z ##[group]Checking out the ref
timeout-test	Checkout Repository	2026-08-27T05:13:35.5145842Z [command]/usr/bin/git checkout --progress --force -B feature/timeout-errors refs/remotes/origin/feature/timeout-errors
timeout-test	Checkout Repository	2026-08-27T05:13:35.5220556Z Switched to a new branch 'feature/timeout-errors'
timeout-test	Checkout Repository	2026-08-27T05:13:35.5226669Z branch 'feature/timeout-errors' set up to track 'origin/feature/timeout-errors'.
timeout-test	Checkout Repository	2026-08-27T05:13:35.5232923Z ##[endgroup]
timeout-test	Checkout Repository	2026-08-27T05:13:35.5277062Z [command]/usr/bin/git log -1 --format=%H
timeout-test	Checkout Repository	2026-08-27T05:13:35.5305322Z 488b6f049f1c707f3a7c2a23a6bd378dd400a832
timeout-test	Setup Python	﻿2026-08-27T05:13:35.5610277Z Node 20 is being deprecated. This workflow is running with Node 24 by default. If you need to temporarily use Node 20, you can set the ACTIONS_ALLOW_USE_UNSECURE_NODE_VERSION=true environment variable. For more information see: https://github.blog/changelog/2025-09-19-deprecation-of-node-20-on-github-actions-runners/
timeout-test	Setup Python	2026-08-27T05:13:35.5613493Z ##[group]Run actions/setup-python@v5
timeout-test	Setup Python	2026-08-27T05:13:35.5614087Z with:
timeout-test	Setup Python	2026-08-27T05:13:35.5614531Z   python-version: 3.11
timeout-test	Setup Python	2026-08-27T05:13:35.5615027Z   check-latest: false
timeout-test	Setup Python	2026-08-27T05:13:35.5619138Z   token: ***
timeout-test	Setup Python	2026-08-27T05:13:35.5619627Z   update-environment: true
timeout-test	Setup Python	2026-08-27T05:13:35.5620163Z   allow-prereleases: false
timeout-test	Setup Python	2026-08-27T05:13:35.5620687Z   freethreaded: false
timeout-test	Setup Python	2026-08-27T05:13:35.5621162Z ##[endgroup]
timeout-test	Setup Python	2026-08-27T05:13:35.7019487Z ##[group]Installed versions
timeout-test	Setup Python	2026-08-27T05:13:35.7111531Z (node:2206) [DEP0040] DeprecationWarning: The `punycode` module is deprecated. Please use a userland alternative instead.
timeout-test	Setup Python	2026-08-27T05:13:35.7113203Z (Use `node --trace-deprecation ...` to show where the warning was created)
timeout-test	Setup Python	2026-08-27T05:13:35.7114683Z Successfully set up CPython (3.11.16)
timeout-test	Setup Python	2026-08-27T05:13:35.7116099Z ##[endgroup]
timeout-test	Install Test Dependencies	﻿2026-08-27T05:13:35.7332053Z ##[group]Run python -m pip install --upgrade pip
timeout-test	Install Test Dependencies	2026-08-27T05:13:35.7333440Z ^[[36;1mpython -m pip install --upgrade pip^[[0m
timeout-test	Install Test Dependencies	2026-08-27T05:13:35.7334152Z ^[[36;1mpip install pytest^[[0m
timeout-test	Install Test Dependencies	2026-08-27T05:13:35.7396674Z shell: /usr/bin/bash -e {0}
timeout-test	Install Test Dependencies	2026-08-27T05:13:35.7397661Z env:
timeout-test	Install Test Dependencies	2026-08-27T05:13:35.7398561Z   pythonLocation: /opt/hostedtoolcache/Python/3.11.16/x64
timeout-test	Install Test Dependencies	2026-08-27T05:13:35.7400015Z   PKG_CONFIG_PATH: /opt/hostedtoolcache/Python/3.11.16/x64/lib/pkgconfig
timeout-test	Install Test Dependencies	2026-08-27T05:13:35.7401484Z   Python_ROOT_DIR: /opt/hostedtoolcache/Python/3.11.16/x64
timeout-test	Install Test Dependencies	2026-08-27T05:13:35.7403118Z   Python2_ROOT_DIR: /opt/hostedtoolcache/Python/3.11.16/x64
timeout-test	Install Test Dependencies	2026-08-27T05:13:35.7404624Z   Python3_ROOT_DIR: /opt/hostedtoolcache/Python/3.11.16/x64
timeout-test	Install Test Dependencies	2026-08-27T05:13:35.7406068Z   LD_LIBRARY_PATH: /opt/hostedtoolcache/Python/3.11.16/x64/lib
timeout-test	Install Test Dependencies	2026-08-27T05:13:35.7407223Z ##[endgroup]
timeout-test	Install Test Dependencies	2026-08-27T05:13:36.4288645Z Requirement already satisfied: pip in /opt/hostedtoolcache/Python/3.11.16/x64/lib/python3.11/site-packages (26.2.1)
timeout-test	Install Test Dependencies	2026-08-27T05:13:37.3341817Z Collecting pytest
timeout-test	Install Test Dependencies	2026-08-27T05:13:37.3906266Z   Downloading pytest-9.1.1-py3-none-any.whl.metadata (7.6 kB)
timeout-test	Install Test Dependencies	2026-08-27T05:13:37.4349460Z Collecting iniconfig>=1.0.1 (from pytest)
timeout-test	Install Test Dependencies	2026-08-27T05:13:37.4388003Z   Downloading iniconfig-2.3.0-py3-none-any.whl.metadata (2.5 kB)
timeout-test	Install Test Dependencies	2026-08-27T05:13:37.4807398Z Collecting packaging>=22 (from pytest)
timeout-test	Install Test Dependencies	2026-08-27T05:13:37.4844898Z   Downloading packaging-26.3-py3-none-any.whl.metadata (3.5 kB)
timeout-test	Install Test Dependencies	2026-08-27T05:13:37.6659841Z Collecting pluggy<2,>=1.5 (from pytest)
timeout-test	Install Test Dependencies	2026-08-27T05:13:37.6714433Z   Downloading pluggy-1.6.0-py3-none-any.whl.metadata (4.8 kB)
timeout-test	Install Test Dependencies	2026-08-27T05:13:37.8756295Z Collecting pygments>=2.7.2 (from pytest)
timeout-test	Install Test Dependencies	2026-08-27T05:13:37.8795345Z   Downloading pygments-2.21.0-py3-none-any.whl.metadata (2.5 kB)
timeout-test	Install Test Dependencies	2026-08-27T05:13:37.9164255Z Downloading pytest-9.1.1-py3-none-any.whl (386 kB)
timeout-test	Install Test Dependencies	2026-08-27T05:13:37.9596309Z Downloading pluggy-1.6.0-py3-none-any.whl (20 kB)
timeout-test	Install Test Dependencies	2026-08-27T05:13:37.9684763Z Downloading iniconfig-2.3.0-py3-none-any.whl (7.5 kB)
timeout-test	Install Test Dependencies	2026-08-27T05:13:38.0099655Z Downloading packaging-26.3-py3-none-any.whl (129 kB)
timeout-test	Install Test Dependencies	2026-08-27T05:13:38.1686474Z Downloading pygments-2.21.0-py3-none-any.whl (1.3 MB)
timeout-test	Install Test Dependencies	2026-08-27T05:13:38.2095691Z    ━━━━━━━━━━━━━━━━━━━━━━━━━━━━━━━━━━━━━━━━ 1.3/1.3 MB 27.1 MB/s  0:00:00
timeout-test	Install Test Dependencies	2026-08-27T05:13:38.2651055Z Installing collected packages: pygments, pluggy, packaging, iniconfig, pytest
timeout-test	Install Test Dependencies	2026-08-27T05:13:39.2511990Z 
timeout-test	Install Test Dependencies	2026-08-27T05:13:39.2522993Z Successfully installed iniconfig-2.3.0 packaging-26.3 pluggy-1.6.0 pygments-2.21.0 pytest-9.1.1
timeout-test	Run Tests	﻿2026-08-27T05:13:39.3015709Z ##[group]Run pytest test_app.py
timeout-test	Run Tests	2026-08-27T05:13:39.3016080Z ^[[36;1mpytest test_app.py^[[0m
timeout-test	Run Tests	2026-08-27T05:13:39.3055947Z shell: /usr/bin/bash -e {0}
timeout-test	Run Tests	2026-08-27T05:13:39.3056216Z env:
timeout-test	Run Tests	2026-08-27T05:13:39.3056493Z   pythonLocation: /opt/hostedtoolcache/Python/3.11.16/x64
timeout-test	Run Tests	2026-08-27T05:13:39.3056941Z   PKG_CONFIG_PATH: /opt/hostedtoolcache/Python/3.11.16/x64/lib/pkgconfig
timeout-test	Run Tests	2026-08-27T05:13:39.3057372Z   Python_ROOT_DIR: /opt/hostedtoolcache/Python/3.11.16/x64
timeout-test	Run Tests	2026-08-27T05:13:39.3057757Z   Python2_ROOT_DIR: /opt/hostedtoolcache/Python/3.11.16/x64
timeout-test	Run Tests	2026-08-27T05:13:39.3058139Z   Python3_ROOT_DIR: /opt/hostedtoolcache/Python/3.11.16/x64
timeout-test	Run Tests	2026-08-27T05:13:39.3058547Z   LD_LIBRARY_PATH: /opt/hostedtoolcache/Python/3.11.16/x64/lib
timeout-test	Run Tests	2026-08-27T05:13:39.3058916Z ##[endgroup]
timeout-test	Run Tests	2026-08-27T05:13:39.5351575Z ============================= test session starts ==============================
timeout-test	Run Tests	2026-08-27T05:13:39.5352259Z platform linux -- Python 3.11.16, pytest-9.1.1, pluggy-1.6.0
timeout-test	Run Tests	2026-08-27T05:13:39.5353114Z rootdir: /home/runner/work/dependency-error-repo/dependency-error-repo
timeout-test	Run Tests	2026-08-27T05:13:39.5353575Z collected 1 item
timeout-test	Run Tests	2026-08-27T05:13:39.5353715Z 
timeout-test	Run Tests	2026-08-27T05:14:51.8091066Z ##[error]The action 'Run Tests' has timed out after 1 minutes.
timeout-test	Post Checkout Repository	﻿2026-08-27T05:14:51.8230401Z Node 20 is being deprecated. This workflow is running with Node 24 by default. If you need to temporarily use Node 20, you can set the ACTIONS_ALLOW_USE_UNSECURE_NODE_VERSION=true environment variable. For more information see: https://github.blog/changelog/2025-09-19-deprecation-of-node-20-on-github-actions-runners/
timeout-test	Post Checkout Repository	2026-08-27T05:14:51.8231684Z Post job cleanup.
timeout-test	Post Checkout Repository	2026-08-27T05:14:51.9095763Z [command]/usr/bin/git version
timeout-test	Post Checkout Repository	2026-08-27T05:14:51.9143360Z git version 2.55.0
timeout-test	Post Checkout Repository	2026-08-27T05:14:51.9184082Z Temporarily overriding HOME='/home/runner/work/_temp/5ff10a22-ffa4-4d35-9620-fe65d7d8f712' before making global git config changes
timeout-test	Post Checkout Repository	2026-08-27T05:14:51.9185789Z Adding repository directory to the temporary git global config as a safe directory
timeout-test	Post Checkout Repository	2026-08-27T05:14:51.9190903Z [command]/usr/bin/git config --global --add safe.directory /home/runner/work/dependency-error-repo/dependency-error-repo
timeout-test	Post Checkout Repository	2026-08-27T05:14:51.9233502Z [command]/usr/bin/git config --local --name-only --get-regexp core\.sshCommand
timeout-test	Post Checkout Repository	2026-08-27T05:14:51.9273057Z [command]/usr/bin/git submodule foreach --recursive sh -c "git config --local --name-only --get-regexp 'core\.sshCommand' && git config --local --unset-all 'core.sshCommand' || :"
timeout-test	Post Checkout Repository	2026-08-27T05:14:51.9534282Z [command]/usr/bin/git config --local --name-only --get-regexp http\.https\:\/\/github\.com\/\.extraheader
timeout-test	Post Checkout Repository	2026-08-27T05:14:51.9567800Z http.https://github.com/.extraheader
timeout-test	Post Checkout Repository	2026-08-27T05:14:51.9581447Z [command]/usr/bin/git config --local --unset-all http.https://github.com/.extraheader
timeout-test	Post Checkout Repository	2026-08-27T05:14:51.9624502Z [command]/usr/bin/git submodule foreach --recursive sh -c "git config --local --name-only --get-regexp 'http\.https\:\/\/github\.com\/\.extraheader' && git config --local --unset-all 'http.https://github.com/.extraheader' || :"
timeout-test	Post Checkout Repository	2026-08-27T05:14:51.9914322Z [command]/usr/bin/git config --local --name-only --get-regexp ^includeIf\.gitdir:
timeout-test	Post Checkout Repository	2026-08-27T05:14:51.9960169Z [command]/usr/bin/git submodule foreach --recursive git config --local --show-origin --name-only --get-regexp remote.origin.url
timeout-test	Complete job	﻿2026-08-27T05:14:52.0381671Z Cleaning up orphan processes
timeout-test	Complete job	2026-08-27T05:14:52.0716980Z Terminate orphan process: pid (2264) (pytest)
timeout-test	Complete job	2026-08-27T05:14:52.0846135Z ##[warning]Node.js 20 is deprecated. The following actions target Node.js 20 but are being forced to run on Node.js 24: actions/checkout@v4, actions/setup-python@v5. For more information see: https://github.blog/changelog/2025-09-19-deprecation-of-node-20-on-github-actions-runners/