timeout-test	Set up job	﻿2026-08-27T06:36:34.0756197Z Current runner version: '2.336.0'
timeout-test	Set up job	2026-08-27T06:36:34.0778052Z ##[group]Runner Image Provisioner
timeout-test	Set up job	2026-08-27T06:36:34.0778770Z Hosted Compute Agent
timeout-test	Set up job	2026-08-27T06:36:34.0779323Z Version: 20260819.586
timeout-test	Set up job	2026-08-27T06:36:34.0779855Z Commit: 3cc4a88dfa507ef76119ad1bb3eccc6378bb2b76
timeout-test	Set up job	2026-08-27T06:36:34.0780649Z Build Date: 2026-08-18T23:20:18Z
timeout-test	Set up job	2026-08-27T06:36:34.0781313Z Worker ID: {3d50aaf3-a60d-4fe0-ae43-3d260cc3484c}
timeout-test	Set up job	2026-08-27T06:36:34.0781894Z Azure Region: westus
timeout-test	Set up job	2026-08-27T06:36:34.0782400Z ##[endgroup]
timeout-test	Set up job	2026-08-27T06:36:34.0783529Z ##[group]Operating System
timeout-test	Set up job	2026-08-27T06:36:34.0784057Z Ubuntu
timeout-test	Set up job	2026-08-27T06:36:34.0784575Z 24.04.4
timeout-test	Set up job	2026-08-27T06:36:34.0784996Z LTS
timeout-test	Set up job	2026-08-27T06:36:34.0785445Z ##[endgroup]
timeout-test	Set up job	2026-08-27T06:36:34.0785942Z ##[group]Runner Image
timeout-test	Set up job	2026-08-27T06:36:34.0786462Z Image: ubuntu-24.04
timeout-test	Set up job	2026-08-27T06:36:34.0787005Z Version: 20260823.283.1
timeout-test	Set up job	2026-08-27T06:36:34.0787864Z Included Software: https://github.com/actions/runner-images/blob/ubuntu24/20260823.283/images/ubuntu/Ubuntu2404-Readme.md
timeout-test	Set up job	2026-08-27T06:36:34.0789246Z Image Release: https://github.com/actions/runner-images/releases/tag/ubuntu24%2F20260823.283
timeout-test	Set up job	2026-08-27T06:36:34.0790533Z ##[endgroup]
timeout-test	Set up job	2026-08-27T06:36:34.0791484Z ##[group]GITHUB_TOKEN Permissions
timeout-test	Set up job	2026-08-27T06:36:34.0793298Z Contents: read
timeout-test	Set up job	2026-08-27T06:36:34.0793814Z Metadata: read
timeout-test	Set up job	2026-08-27T06:36:34.0794293Z Packages: read
timeout-test	Set up job	2026-08-27T06:36:34.0794815Z ##[endgroup]
timeout-test	Set up job	2026-08-27T06:36:34.0796839Z Secret source: Actions
timeout-test	Set up job	2026-08-27T06:36:34.0797796Z Prepare workflow directory
timeout-test	Set up job	2026-08-27T06:36:34.1060396Z Prepare all required actions
timeout-test	Set up job	2026-08-27T06:36:34.1099083Z Getting action download info
timeout-test	Set up job	2026-08-27T06:36:34.4244666Z Download action repository 'actions/checkout@v4' (SHA:11d5960a326750d5838078e36cf38b85af677262)
timeout-test	Set up job	2026-08-27T06:36:34.6684672Z Download action repository 'actions/setup-python@v5' (SHA:a26af69be951a213d495a4c3e4e4022e16d87065)
timeout-test	Set up job	2026-08-27T06:36:35.0253005Z Complete job name: timeout-test
timeout-test	Checkout Repository	﻿2026-08-27T06:36:35.0858326Z Node 20 is being deprecated. This workflow is running with Node 24 by default. If you need to temporarily use Node 20, you can set the ACTIONS_ALLOW_USE_UNSECURE_NODE_VERSION=true environment variable. For more information see: https://github.blog/changelog/2025-09-19-deprecation-of-node-20-on-github-actions-runners/
timeout-test	Checkout Repository	2026-08-27T06:36:35.0865505Z ##[group]Run actions/checkout@v4
timeout-test	Checkout Repository	2026-08-27T06:36:35.0866068Z with:
timeout-test	Checkout Repository	2026-08-27T06:36:35.0866458Z   repository: DhruvHegde/dependency-error-repo
timeout-test	Checkout Repository	2026-08-27T06:36:35.0869497Z   token: ***
timeout-test	Checkout Repository	2026-08-27T06:36:35.0869849Z   ssh-strict: true
timeout-test	Checkout Repository	2026-08-27T06:36:35.0870335Z   ssh-user: git
timeout-test	Checkout Repository	2026-08-27T06:36:35.0870703Z   persist-credentials: true
timeout-test	Checkout Repository	2026-08-27T06:36:35.0871092Z   clean: true
timeout-test	Checkout Repository	2026-08-27T06:36:35.0871445Z   sparse-checkout-cone-mode: true
timeout-test	Checkout Repository	2026-08-27T06:36:35.0871854Z   fetch-depth: 1
timeout-test	Checkout Repository	2026-08-27T06:36:35.0872197Z   fetch-tags: false
timeout-test	Checkout Repository	2026-08-27T06:36:35.0872552Z   show-progress: true
timeout-test	Checkout Repository	2026-08-27T06:36:35.0872900Z   lfs: false
timeout-test	Checkout Repository	2026-08-27T06:36:35.0873225Z   submodules: false
timeout-test	Checkout Repository	2026-08-27T06:36:35.0873638Z   set-safe-directory: true
timeout-test	Checkout Repository	2026-08-27T06:36:35.0874040Z   allow-unsafe-pr-checkout: false
timeout-test	Checkout Repository	2026-08-27T06:36:35.0874636Z ##[endgroup]
timeout-test	Checkout Repository	2026-08-27T06:36:35.1736940Z Syncing repository: DhruvHegde/dependency-error-repo
timeout-test	Checkout Repository	2026-08-27T06:36:35.1739128Z ##[group]Getting Git version info
timeout-test	Checkout Repository	2026-08-27T06:36:35.1740464Z Working directory is '/home/runner/work/dependency-error-repo/dependency-error-repo'
timeout-test	Checkout Repository	2026-08-27T06:36:35.1741976Z [command]/usr/bin/git version
timeout-test	Checkout Repository	2026-08-27T06:36:35.1797623Z git version 2.55.0
timeout-test	Checkout Repository	2026-08-27T06:36:35.1821081Z ##[endgroup]
timeout-test	Checkout Repository	2026-08-27T06:36:35.1840219Z Temporarily overriding HOME='/home/runner/work/_temp/af4182f4-f536-404f-bae4-a2ed4b81815a' before making global git config changes
timeout-test	Checkout Repository	2026-08-27T06:36:35.1842263Z Adding repository directory to the temporary git global config as a safe directory
timeout-test	Checkout Repository	2026-08-27T06:36:35.1847410Z [command]/usr/bin/git config --global --add safe.directory /home/runner/work/dependency-error-repo/dependency-error-repo
timeout-test	Checkout Repository	2026-08-27T06:36:35.1913104Z Deleting the contents of '/home/runner/work/dependency-error-repo/dependency-error-repo'
timeout-test	Checkout Repository	2026-08-27T06:36:35.1925226Z ##[group]Initializing the repository
timeout-test	Checkout Repository	2026-08-27T06:36:35.1932610Z [command]/usr/bin/git init /home/runner/work/dependency-error-repo/dependency-error-repo
timeout-test	Checkout Repository	2026-08-27T06:36:35.2546647Z hint: Using 'master' as the name for the initial branch. This default branch name
timeout-test	Checkout Repository	2026-08-27T06:36:35.2547863Z hint: will change to "main" in Git 3.0. To configure the initial branch name
timeout-test	Checkout Repository	2026-08-27T06:36:35.2548669Z hint: to use in all of your new repositories, which will suppress this warning,
timeout-test	Checkout Repository	2026-08-27T06:36:35.2549635Z hint: call:
timeout-test	Checkout Repository	2026-08-27T06:36:35.2550310Z hint:
timeout-test	Checkout Repository	2026-08-27T06:36:35.2550990Z hint: 	git config --global init.defaultBranch <name>
timeout-test	Checkout Repository	2026-08-27T06:36:35.2551678Z hint:
timeout-test	Checkout Repository	2026-08-27T06:36:35.2552407Z hint: Names commonly chosen instead of 'master' are 'main', 'trunk' and
timeout-test	Checkout Repository	2026-08-27T06:36:35.2553280Z hint: 'development'. The just-created branch can be renamed via this command:
timeout-test	Checkout Repository	2026-08-27T06:36:35.2553938Z hint:
timeout-test	Checkout Repository	2026-08-27T06:36:35.2554276Z hint: 	git branch -m <name>
timeout-test	Checkout Repository	2026-08-27T06:36:35.2554669Z hint:
timeout-test	Checkout Repository	2026-08-27T06:36:35.2555161Z hint: Disable this message with "git config set advice.defaultBranchName false"
timeout-test	Checkout Repository	2026-08-27T06:36:35.2556514Z Initialized empty Git repository in /home/runner/work/dependency-error-repo/dependency-error-repo/.git/
timeout-test	Checkout Repository	2026-08-27T06:36:35.2559244Z [command]/usr/bin/git remote add origin https://github.com/DhruvHegde/dependency-error-repo
timeout-test	Checkout Repository	2026-08-27T06:36:35.2696836Z ##[endgroup]
timeout-test	Checkout Repository	2026-08-27T06:36:35.2697511Z ##[group]Disabling automatic garbage collection
timeout-test	Checkout Repository	2026-08-27T06:36:35.2700456Z [command]/usr/bin/git config --local gc.auto 0
timeout-test	Checkout Repository	2026-08-27T06:36:35.2728911Z ##[endgroup]
timeout-test	Checkout Repository	2026-08-27T06:36:35.2729528Z ##[group]Setting up auth
timeout-test	Checkout Repository	2026-08-27T06:36:35.2734536Z [command]/usr/bin/git config --local --name-only --get-regexp core\.sshCommand
timeout-test	Checkout Repository	2026-08-27T06:36:35.2795273Z [command]/usr/bin/git submodule foreach --recursive sh -c "git config --local --name-only --get-regexp 'core\.sshCommand' && git config --local --unset-all 'core.sshCommand' || :"
timeout-test	Checkout Repository	2026-08-27T06:36:35.3258072Z [command]/usr/bin/git config --local --name-only --get-regexp http\.https\:\/\/github\.com\/\.extraheader
timeout-test	Checkout Repository	2026-08-27T06:36:35.3289982Z [command]/usr/bin/git submodule foreach --recursive sh -c "git config --local --name-only --get-regexp 'http\.https\:\/\/github\.com\/\.extraheader' && git config --local --unset-all 'http.https://github.com/.extraheader' || :"
timeout-test	Checkout Repository	2026-08-27T06:36:35.3486542Z [command]/usr/bin/git config --local --name-only --get-regexp ^includeIf\.gitdir:
timeout-test	Checkout Repository	2026-08-27T06:36:35.3518121Z [command]/usr/bin/git submodule foreach --recursive git config --local --show-origin --name-only --get-regexp remote.origin.url
timeout-test	Checkout Repository	2026-08-27T06:36:35.3713851Z [command]/usr/bin/git config --local http.https://github.com/.extraheader AUTHORIZATION: basic ***
timeout-test	Checkout Repository	2026-08-27T06:36:35.3749843Z ##[endgroup]
timeout-test	Checkout Repository	2026-08-27T06:36:35.3750957Z ##[group]Fetching the repository
timeout-test	Checkout Repository	2026-08-27T06:36:35.3758001Z [command]/usr/bin/git -c protocol.version=2 fetch --no-tags --prune --no-recurse-submodules --depth=1 origin +6cf8118b6ea9fbd34c3f4d2aa2b2e1164eb612b8:refs/remotes/origin/feature/timeout-errors
timeout-test	Checkout Repository	2026-08-27T06:36:35.8126424Z From https://github.com/DhruvHegde/dependency-error-repo
timeout-test	Checkout Repository	2026-08-27T06:36:35.8127916Z  * [new ref]         6cf8118b6ea9fbd34c3f4d2aa2b2e1164eb612b8 -> origin/feature/timeout-errors
timeout-test	Checkout Repository	2026-08-27T06:36:35.8130721Z ##[endgroup]
timeout-test	Checkout Repository	2026-08-27T06:36:35.8131774Z ##[group]Determining the checkout info
timeout-test	Checkout Repository	2026-08-27T06:36:35.8133019Z ##[endgroup]
timeout-test	Checkout Repository	2026-08-27T06:36:35.8138229Z [command]/usr/bin/git sparse-checkout disable
timeout-test	Checkout Repository	2026-08-27T06:36:35.8183287Z [command]/usr/bin/git config --local --unset-all extensions.worktreeConfig
timeout-test	Checkout Repository	2026-08-27T06:36:35.8211766Z ##[group]Checking out the ref
timeout-test	Checkout Repository	2026-08-27T06:36:35.8216192Z [command]/usr/bin/git checkout --progress --force -B feature/timeout-errors refs/remotes/origin/feature/timeout-errors
timeout-test	Checkout Repository	2026-08-27T06:36:35.9239751Z Switched to a new branch 'feature/timeout-errors'
timeout-test	Checkout Repository	2026-08-27T06:36:35.9245371Z branch 'feature/timeout-errors' set up to track 'origin/feature/timeout-errors'.
timeout-test	Checkout Repository	2026-08-27T06:36:35.9250531Z ##[endgroup]
timeout-test	Checkout Repository	2026-08-27T06:36:35.9293462Z [command]/usr/bin/git log -1 --format=%H
timeout-test	Checkout Repository	2026-08-27T06:36:35.9320930Z 6cf8118b6ea9fbd34c3f4d2aa2b2e1164eb612b8
timeout-test	Setup Python	﻿2026-08-27T06:36:35.9606501Z Node 20 is being deprecated. This workflow is running with Node 24 by default. If you need to temporarily use Node 20, you can set the ACTIONS_ALLOW_USE_UNSECURE_NODE_VERSION=true environment variable. For more information see: https://github.blog/changelog/2025-09-19-deprecation-of-node-20-on-github-actions-runners/
timeout-test	Setup Python	2026-08-27T06:36:35.9610646Z ##[group]Run actions/setup-python@v5
timeout-test	Setup Python	2026-08-27T06:36:35.9611278Z with:
timeout-test	Setup Python	2026-08-27T06:36:35.9611702Z   python-version: 3.11
timeout-test	Setup Python	2026-08-27T06:36:35.9612216Z   check-latest: false
timeout-test	Setup Python	2026-08-27T06:36:35.9618695Z   token: ***
timeout-test	Setup Python	2026-08-27T06:36:35.9619144Z   update-environment: true
timeout-test	Setup Python	2026-08-27T06:36:35.9619703Z   allow-prereleases: false
timeout-test	Setup Python	2026-08-27T06:36:35.9620338Z   freethreaded: false
timeout-test	Setup Python	2026-08-27T06:36:35.9620821Z ##[endgroup]
timeout-test	Setup Python	2026-08-27T06:36:36.0751092Z ##[group]Installed versions
timeout-test	Setup Python	2026-08-27T06:36:36.0817613Z (node:2051) [DEP0040] DeprecationWarning: The `punycode` module is deprecated. Please use a userland alternative instead.
timeout-test	Setup Python	2026-08-27T06:36:36.0820181Z (Use `node --trace-deprecation ...` to show where the warning was created)
timeout-test	Setup Python	2026-08-27T06:36:36.0821772Z Successfully set up CPython (3.11.16)
timeout-test	Setup Python	2026-08-27T06:36:36.0823218Z ##[endgroup]
timeout-test	Install Test Dependencies	﻿2026-08-27T06:36:36.0997343Z ##[group]Run python -m pip install --upgrade pip
timeout-test	Install Test Dependencies	2026-08-27T06:36:36.0998353Z ^[[36;1mpython -m pip install --upgrade pip^[[0m
timeout-test	Install Test Dependencies	2026-08-27T06:36:36.0999104Z ^[[36;1mpip install pytest^[[0m
timeout-test	Install Test Dependencies	2026-08-27T06:36:36.1051291Z shell: /usr/bin/bash -e {0}
timeout-test	Install Test Dependencies	2026-08-27T06:36:36.1051983Z env:
timeout-test	Install Test Dependencies	2026-08-27T06:36:36.1052581Z   pythonLocation: /opt/hostedtoolcache/Python/3.11.16/x64
timeout-test	Install Test Dependencies	2026-08-27T06:36:36.1053688Z   PKG_CONFIG_PATH: /opt/hostedtoolcache/Python/3.11.16/x64/lib/pkgconfig
timeout-test	Install Test Dependencies	2026-08-27T06:36:36.1055165Z   Python_ROOT_DIR: /opt/hostedtoolcache/Python/3.11.16/x64
timeout-test	Install Test Dependencies	2026-08-27T06:36:36.1056611Z   Python2_ROOT_DIR: /opt/hostedtoolcache/Python/3.11.16/x64
timeout-test	Install Test Dependencies	2026-08-27T06:36:36.1058202Z   Python3_ROOT_DIR: /opt/hostedtoolcache/Python/3.11.16/x64
timeout-test	Install Test Dependencies	2026-08-27T06:36:36.1059563Z   LD_LIBRARY_PATH: /opt/hostedtoolcache/Python/3.11.16/x64/lib
timeout-test	Install Test Dependencies	2026-08-27T06:36:36.1060895Z ##[endgroup]
timeout-test	Install Test Dependencies	2026-08-27T06:36:37.2032807Z Requirement already satisfied: pip in /opt/hostedtoolcache/Python/3.11.16/x64/lib/python3.11/site-packages (26.2.1)
timeout-test	Install Test Dependencies	2026-08-27T06:36:37.7381541Z Collecting pytest
timeout-test	Install Test Dependencies	2026-08-27T06:36:37.8086937Z   Downloading pytest-9.1.1-py3-none-any.whl.metadata (7.6 kB)
timeout-test	Install Test Dependencies	2026-08-27T06:36:37.8300644Z Collecting iniconfig>=1.0.1 (from pytest)
timeout-test	Install Test Dependencies	2026-08-27T06:36:37.8424980Z   Downloading iniconfig-2.3.0-py3-none-any.whl.metadata (2.5 kB)
timeout-test	Install Test Dependencies	2026-08-27T06:36:38.0005078Z Collecting packaging>=22 (from pytest)
timeout-test	Install Test Dependencies	2026-08-27T06:36:38.0129546Z   Downloading packaging-26.3-py3-none-any.whl.metadata (3.5 kB)
timeout-test	Install Test Dependencies	2026-08-27T06:36:38.0334840Z Collecting pluggy<2,>=1.5 (from pytest)
timeout-test	Install Test Dependencies	2026-08-27T06:36:38.0457594Z   Downloading pluggy-1.6.0-py3-none-any.whl.metadata (4.8 kB)
timeout-test	Install Test Dependencies	2026-08-27T06:36:38.0717022Z Collecting pygments>=2.7.2 (from pytest)
timeout-test	Install Test Dependencies	2026-08-27T06:36:38.0836904Z   Downloading pygments-2.21.0-py3-none-any.whl.metadata (2.5 kB)
timeout-test	Install Test Dependencies	2026-08-27T06:36:38.1004196Z Downloading pytest-9.1.1-py3-none-any.whl (386 kB)
timeout-test	Install Test Dependencies	2026-08-27T06:36:38.2956568Z Downloading pluggy-1.6.0-py3-none-any.whl (20 kB)
timeout-test	Install Test Dependencies	2026-08-27T06:36:38.3990450Z Downloading iniconfig-2.3.0-py3-none-any.whl (7.5 kB)
timeout-test	Install Test Dependencies	2026-08-27T06:36:38.4761646Z Downloading packaging-26.3-py3-none-any.whl (129 kB)
timeout-test	Install Test Dependencies	2026-08-27T06:36:38.4912066Z Downloading pygments-2.21.0-py3-none-any.whl (1.3 MB)
timeout-test	Install Test Dependencies	2026-08-27T06:36:38.5325360Z    ━━━━━━━━━━━━━━━━━━━━━━━━━━━━━━━━━━━━━━━━ 1.3/1.3 MB 26.9 MB/s  0:00:00
timeout-test	Install Test Dependencies	2026-08-27T06:36:38.5770533Z Installing collected packages: pygments, pluggy, packaging, iniconfig, pytest
timeout-test	Install Test Dependencies	2026-08-27T06:36:39.3934181Z 
timeout-test	Install Test Dependencies	2026-08-27T06:36:39.3951322Z Successfully installed iniconfig-2.3.0 packaging-26.3 pluggy-1.6.0 pygments-2.21.0 pytest-9.1.1
timeout-test	Run Tests	﻿2026-08-27T06:36:39.4527625Z ##[group]Run pytest test_app.py
timeout-test	Run Tests	2026-08-27T06:36:39.4527928Z ^[[36;1mpytest test_app.py^[[0m
timeout-test	Run Tests	2026-08-27T06:36:39.4563738Z shell: /usr/bin/bash -e {0}
timeout-test	Run Tests	2026-08-27T06:36:39.4563973Z env:
timeout-test	Run Tests	2026-08-27T06:36:39.4564198Z   pythonLocation: /opt/hostedtoolcache/Python/3.11.16/x64
timeout-test	Run Tests	2026-08-27T06:36:39.4564546Z   PKG_CONFIG_PATH: /opt/hostedtoolcache/Python/3.11.16/x64/lib/pkgconfig
timeout-test	Run Tests	2026-08-27T06:36:39.4564884Z   Python_ROOT_DIR: /opt/hostedtoolcache/Python/3.11.16/x64
timeout-test	Run Tests	2026-08-27T06:36:39.4565192Z   Python2_ROOT_DIR: /opt/hostedtoolcache/Python/3.11.16/x64
timeout-test	Run Tests	2026-08-27T06:36:39.4565496Z   Python3_ROOT_DIR: /opt/hostedtoolcache/Python/3.11.16/x64
timeout-test	Run Tests	2026-08-27T06:36:39.4565834Z   LD_LIBRARY_PATH: /opt/hostedtoolcache/Python/3.11.16/x64/lib
timeout-test	Run Tests	2026-08-27T06:36:39.4566107Z ##[endgroup]
timeout-test	Run Tests	2026-08-27T06:36:40.0319506Z ============================= test session starts ==============================
timeout-test	Run Tests	2026-08-27T06:36:40.0320334Z platform linux -- Python 3.11.16, pytest-9.1.1, pluggy-1.6.0
timeout-test	Run Tests	2026-08-27T06:36:40.0320908Z rootdir: /home/runner/work/dependency-error-repo/dependency-error-repo
timeout-test	Run Tests	2026-08-27T06:36:40.0321355Z collected 1 item
timeout-test	Run Tests	2026-08-27T06:36:40.0321471Z 
timeout-test	Run Tests	2026-08-27T06:37:51.9585853Z ##[error]The action 'Run Tests' has timed out after 1 minutes.
timeout-test	Post Checkout Repository	﻿2026-08-27T06:37:51.9701021Z Node 20 is being deprecated. This workflow is running with Node 24 by default. If you need to temporarily use Node 20, you can set the ACTIONS_ALLOW_USE_UNSECURE_NODE_VERSION=true environment variable. For more information see: https://github.blog/changelog/2025-09-19-deprecation-of-node-20-on-github-actions-runners/
timeout-test	Post Checkout Repository	2026-08-27T06:37:51.9701987Z Post job cleanup.
timeout-test	Post Checkout Repository	2026-08-27T06:37:52.0409633Z [command]/usr/bin/git version
timeout-test	Post Checkout Repository	2026-08-27T06:37:52.0445532Z git version 2.55.0
timeout-test	Post Checkout Repository	2026-08-27T06:37:52.0474523Z Temporarily overriding HOME='/home/runner/work/_temp/57239315-3b8f-4d12-8fb4-69df5ae8c6ab' before making global git config changes
timeout-test	Post Checkout Repository	2026-08-27T06:37:52.0475550Z Adding repository directory to the temporary git global config as a safe directory
timeout-test	Post Checkout Repository	2026-08-27T06:37:52.0480397Z [command]/usr/bin/git config --global --add safe.directory /home/runner/work/dependency-error-repo/dependency-error-repo
timeout-test	Post Checkout Repository	2026-08-27T06:37:52.0514447Z [command]/usr/bin/git config --local --name-only --get-regexp core\.sshCommand
timeout-test	Post Checkout Repository	2026-08-27T06:37:52.0546158Z [command]/usr/bin/git submodule foreach --recursive sh -c "git config --local --name-only --get-regexp 'core\.sshCommand' && git config --local --unset-all 'core.sshCommand' || :"
timeout-test	Post Checkout Repository	2026-08-27T06:37:52.0761624Z [command]/usr/bin/git config --local --name-only --get-regexp http\.https\:\/\/github\.com\/\.extraheader
timeout-test	Post Checkout Repository	2026-08-27T06:37:52.0786810Z http.https://github.com/.extraheader
timeout-test	Post Checkout Repository	2026-08-27T06:37:52.0795883Z [command]/usr/bin/git config --local --unset-all http.https://github.com/.extraheader
timeout-test	Post Checkout Repository	2026-08-27T06:37:52.0826041Z [command]/usr/bin/git submodule foreach --recursive sh -c "git config --local --name-only --get-regexp 'http\.https\:\/\/github\.com\/\.extraheader' && git config --local --unset-all 'http.https://github.com/.extraheader' || :"
timeout-test	Post Checkout Repository	2026-08-27T06:37:52.1052011Z [command]/usr/bin/git config --local --name-only --get-regexp ^includeIf\.gitdir:
timeout-test	Post Checkout Repository	2026-08-27T06:37:52.1091498Z [command]/usr/bin/git submodule foreach --recursive git config --local --show-origin --name-only --get-regexp remote.origin.url
timeout-test	Complete job	﻿2026-08-27T06:37:52.1431493Z Cleaning up orphan processes
timeout-test	Complete job	2026-08-27T06:37:52.1660714Z Terminate orphan process: pid (2109) (pytest)
timeout-test	Complete job	2026-08-27T06:37:52.1668658Z ##[warning]Node.js 20 is deprecated. The following actions target Node.js 20 but are being forced to run on Node.js 24: actions/checkout@v4, actions/setup-python@v5. For more information see: https://github.blog/changelog/2025-09-19-deprecation-of-node-20-on-github-actions-runners/