timeout-test	UNKNOWN STEP	﻿2026-08-27T06:13:13.7452203Z Current runner version: '2.336.0'
timeout-test	UNKNOWN STEP	2026-08-27T06:13:13.7479088Z ##[group]Runner Image Provisioner
timeout-test	UNKNOWN STEP	2026-08-27T06:13:13.7480364Z Hosted Compute Agent
timeout-test	UNKNOWN STEP	2026-08-27T06:13:13.7481018Z Version: 20260729.566
timeout-test	UNKNOWN STEP	2026-08-27T06:13:13.7481701Z Commit: cf7153fe6e25b664e8693c24944bf2b00355d109
timeout-test	UNKNOWN STEP	2026-08-27T06:13:13.7482570Z Build Date: 2026-07-29T19:17:02Z
timeout-test	UNKNOWN STEP	2026-08-27T06:13:13.7483359Z Worker ID: {23fdaba9-acb0-44cf-b623-6c85136bf7f3}
timeout-test	UNKNOWN STEP	2026-08-27T06:13:13.7484107Z Azure Region: eastus
timeout-test	UNKNOWN STEP	2026-08-27T06:13:13.7484795Z ##[endgroup]
timeout-test	UNKNOWN STEP	2026-08-27T06:13:13.7486266Z ##[group]Operating System
timeout-test	UNKNOWN STEP	2026-08-27T06:13:13.7487086Z Ubuntu
timeout-test	UNKNOWN STEP	2026-08-27T06:13:13.7487683Z 24.04.4
timeout-test	UNKNOWN STEP	2026-08-27T06:13:13.7488262Z LTS
timeout-test	UNKNOWN STEP	2026-08-27T06:13:13.7488831Z ##[endgroup]
timeout-test	UNKNOWN STEP	2026-08-27T06:13:13.7489738Z ##[group]Runner Image
timeout-test	UNKNOWN STEP	2026-08-27T06:13:13.7490467Z Image: ubuntu-24.04
timeout-test	UNKNOWN STEP	2026-08-27T06:13:13.7491128Z Version: 20260816.277.1
timeout-test	UNKNOWN STEP	2026-08-27T06:13:13.7492953Z Included Software: https://github.com/actions/runner-images/blob/ubuntu24/20260816.277/images/ubuntu/Ubuntu2404-Readme.md
timeout-test	UNKNOWN STEP	2026-08-27T06:13:13.7494682Z Image Release: https://github.com/actions/runner-images/releases/tag/ubuntu24%2F20260816.277
timeout-test	UNKNOWN STEP	2026-08-27T06:13:13.7496002Z ##[endgroup]
timeout-test	UNKNOWN STEP	2026-08-27T06:13:13.7498087Z ##[group]GITHUB_TOKEN Permissions
timeout-test	UNKNOWN STEP	2026-08-27T06:13:13.7501138Z Contents: read
timeout-test	UNKNOWN STEP	2026-08-27T06:13:13.7502007Z Metadata: read
timeout-test	UNKNOWN STEP	2026-08-27T06:13:13.7502792Z Packages: read
timeout-test	UNKNOWN STEP	2026-08-27T06:13:13.7503751Z ##[endgroup]
timeout-test	UNKNOWN STEP	2026-08-27T06:13:13.7506381Z Secret source: Actions
timeout-test	UNKNOWN STEP	2026-08-27T06:13:13.7507963Z Prepare workflow directory
timeout-test	UNKNOWN STEP	2026-08-27T06:13:13.8376230Z Prepare all required actions
timeout-test	UNKNOWN STEP	2026-08-27T06:13:13.8446454Z Getting action download info
timeout-test	UNKNOWN STEP	2026-08-27T06:13:13.9989105Z Download action repository 'actions/checkout@v4' (SHA:11d5960a326750d5838078e36cf38b85af677262)
timeout-test	UNKNOWN STEP	2026-08-27T06:13:14.7941228Z Download action repository 'actions/setup-python@v5' (SHA:a26af69be951a213d495a4c3e4e4022e16d87065)
timeout-test	UNKNOWN STEP	2026-08-27T06:13:14.9956161Z Complete job name: timeout-test
timeout-test	UNKNOWN STEP	2026-08-27T06:13:15.0950027Z Node 20 is being deprecated. This workflow is running with Node 24 by default. If you need to temporarily use Node 20, you can set the ACTIONS_ALLOW_USE_UNSECURE_NODE_VERSION=true environment variable. For more information see: https://github.blog/changelog/2025-09-19-deprecation-of-node-20-on-github-actions-runners/
timeout-test	UNKNOWN STEP	2026-08-27T06:13:15.0963057Z ##[group]Run actions/checkout@v4
timeout-test	UNKNOWN STEP	2026-08-27T06:13:15.0964997Z with:
timeout-test	UNKNOWN STEP	2026-08-27T06:13:15.0966445Z   repository: DhruvHegde/dependency-error-repo
timeout-test	UNKNOWN STEP	2026-08-27T06:13:15.0976213Z   token: ***
timeout-test	UNKNOWN STEP	2026-08-27T06:13:15.0977159Z   ssh-strict: true
timeout-test	UNKNOWN STEP	2026-08-27T06:13:15.0978093Z   ssh-user: git
timeout-test	UNKNOWN STEP	2026-08-27T06:13:15.0979033Z   persist-credentials: true
timeout-test	UNKNOWN STEP	2026-08-27T06:13:15.0980274Z   clean: true
timeout-test	UNKNOWN STEP	2026-08-27T06:13:15.0981215Z   sparse-checkout-cone-mode: true
timeout-test	UNKNOWN STEP	2026-08-27T06:13:15.0982328Z   fetch-depth: 1
timeout-test	UNKNOWN STEP	2026-08-27T06:13:15.0983244Z   fetch-tags: false
timeout-test	UNKNOWN STEP	2026-08-27T06:13:15.0984197Z   show-progress: true
timeout-test	UNKNOWN STEP	2026-08-27T06:13:15.0985192Z   lfs: false
timeout-test	UNKNOWN STEP	2026-08-27T06:13:15.0986131Z   submodules: false
timeout-test	UNKNOWN STEP	2026-08-27T06:13:15.0987097Z   set-safe-directory: true
timeout-test	UNKNOWN STEP	2026-08-27T06:13:15.0988176Z   allow-unsafe-pr-checkout: false
timeout-test	UNKNOWN STEP	2026-08-27T06:13:15.0989909Z ##[endgroup]
timeout-test	UNKNOWN STEP	2026-08-27T06:13:15.2084868Z Syncing repository: DhruvHegde/dependency-error-repo
timeout-test	UNKNOWN STEP	2026-08-27T06:13:15.2087852Z ##[group]Getting Git version info
timeout-test	UNKNOWN STEP	2026-08-27T06:13:15.2089973Z Working directory is '/home/runner/work/dependency-error-repo/dependency-error-repo'
timeout-test	UNKNOWN STEP	2026-08-27T06:13:15.2092475Z [command]/usr/bin/git version
timeout-test	UNKNOWN STEP	2026-08-27T06:13:15.2133282Z git version 2.55.0
timeout-test	UNKNOWN STEP	2026-08-27T06:13:15.2200376Z ##[endgroup]
timeout-test	UNKNOWN STEP	2026-08-27T06:13:15.2216583Z Temporarily overriding HOME='/home/runner/work/_temp/9bae62b1-d928-4f0f-9dbf-9033ed813bec' before making global git config changes
timeout-test	UNKNOWN STEP	2026-08-27T06:13:15.2219805Z Adding repository directory to the temporary git global config as a safe directory
timeout-test	UNKNOWN STEP	2026-08-27T06:13:15.2223314Z [command]/usr/bin/git config --global --add safe.directory /home/runner/work/dependency-error-repo/dependency-error-repo
timeout-test	UNKNOWN STEP	2026-08-27T06:13:15.2279528Z Deleting the contents of '/home/runner/work/dependency-error-repo/dependency-error-repo'
timeout-test	UNKNOWN STEP	2026-08-27T06:13:15.2283273Z ##[group]Initializing the repository
timeout-test	UNKNOWN STEP	2026-08-27T06:13:15.2288912Z [command]/usr/bin/git init /home/runner/work/dependency-error-repo/dependency-error-repo
timeout-test	UNKNOWN STEP	2026-08-27T06:13:15.2379599Z hint: Using 'master' as the name for the initial branch. This default branch name
timeout-test	UNKNOWN STEP	2026-08-27T06:13:15.2382271Z hint: will change to "main" in Git 3.0. To configure the initial branch name
timeout-test	UNKNOWN STEP	2026-08-27T06:13:15.2384815Z hint: to use in all of your new repositories, which will suppress this warning,
timeout-test	UNKNOWN STEP	2026-08-27T06:13:15.2386386Z hint: call:
timeout-test	UNKNOWN STEP	2026-08-27T06:13:15.2387374Z hint:
timeout-test	UNKNOWN STEP	2026-08-27T06:13:15.2388777Z hint: 	git config --global init.defaultBranch <name>
timeout-test	UNKNOWN STEP	2026-08-27T06:13:15.2390528Z hint:
timeout-test	UNKNOWN STEP	2026-08-27T06:13:15.2391729Z hint: Names commonly chosen instead of 'master' are 'main', 'trunk' and
timeout-test	UNKNOWN STEP	2026-08-27T06:13:15.2393821Z hint: 'development'. The just-created branch can be renamed via this command:
timeout-test	UNKNOWN STEP	2026-08-27T06:13:15.2395375Z hint:
timeout-test	UNKNOWN STEP	2026-08-27T06:13:15.2396251Z hint: 	git branch -m <name>
timeout-test	UNKNOWN STEP	2026-08-27T06:13:15.2397733Z hint:
timeout-test	UNKNOWN STEP	2026-08-27T06:13:15.2399775Z hint: Disable this message with "git config set advice.defaultBranchName false"
timeout-test	UNKNOWN STEP	2026-08-27T06:13:15.2403291Z Initialized empty Git repository in /home/runner/work/dependency-error-repo/dependency-error-repo/.git/
timeout-test	UNKNOWN STEP	2026-08-27T06:13:15.2409202Z [command]/usr/bin/git remote add origin https://github.com/DhruvHegde/dependency-error-repo
timeout-test	UNKNOWN STEP	2026-08-27T06:13:15.2442899Z ##[endgroup]
timeout-test	UNKNOWN STEP	2026-08-27T06:13:15.2444645Z ##[group]Disabling automatic garbage collection
timeout-test	UNKNOWN STEP	2026-08-27T06:13:15.2446618Z [command]/usr/bin/git config --local gc.auto 0
timeout-test	UNKNOWN STEP	2026-08-27T06:13:15.2479761Z ##[endgroup]
timeout-test	UNKNOWN STEP	2026-08-27T06:13:15.2481269Z ##[group]Setting up auth
timeout-test	UNKNOWN STEP	2026-08-27T06:13:15.2486987Z [command]/usr/bin/git config --local --name-only --get-regexp core\.sshCommand
timeout-test	UNKNOWN STEP	2026-08-27T06:13:15.2523574Z [command]/usr/bin/git submodule foreach --recursive sh -c "git config --local --name-only --get-regexp 'core\.sshCommand' && git config --local --unset-all 'core.sshCommand' || :"
timeout-test	UNKNOWN STEP	2026-08-27T06:13:15.2930764Z [command]/usr/bin/git config --local --name-only --get-regexp http\.https\:\/\/github\.com\/\.extraheader
timeout-test	UNKNOWN STEP	2026-08-27T06:13:15.2975273Z [command]/usr/bin/git submodule foreach --recursive sh -c "git config --local --name-only --get-regexp 'http\.https\:\/\/github\.com\/\.extraheader' && git config --local --unset-all 'http.https://github.com/.extraheader' || :"
timeout-test	UNKNOWN STEP	2026-08-27T06:13:15.3225640Z [command]/usr/bin/git config --local --name-only --get-regexp ^includeIf\.gitdir:
timeout-test	UNKNOWN STEP	2026-08-27T06:13:15.3264287Z [command]/usr/bin/git submodule foreach --recursive git config --local --show-origin --name-only --get-regexp remote.origin.url
timeout-test	UNKNOWN STEP	2026-08-27T06:13:15.3507185Z [command]/usr/bin/git config --local http.https://github.com/.extraheader AUTHORIZATION: basic ***
timeout-test	UNKNOWN STEP	2026-08-27T06:13:15.3549455Z ##[endgroup]
timeout-test	UNKNOWN STEP	2026-08-27T06:13:15.3551069Z ##[group]Fetching the repository
timeout-test	UNKNOWN STEP	2026-08-27T06:13:15.3560140Z [command]/usr/bin/git -c protocol.version=2 fetch --no-tags --prune --no-recurse-submodules --depth=1 origin +5653c220875f5131cb76b41e19b3fb16b9528afe:refs/remotes/origin/feature/timeout-errors
timeout-test	UNKNOWN STEP	2026-08-27T06:13:15.5917107Z From https://github.com/DhruvHegde/dependency-error-repo
timeout-test	UNKNOWN STEP	2026-08-27T06:13:15.5919582Z  * [new ref]         5653c220875f5131cb76b41e19b3fb16b9528afe -> origin/feature/timeout-errors
timeout-test	UNKNOWN STEP	2026-08-27T06:13:15.5924632Z ##[endgroup]
timeout-test	UNKNOWN STEP	2026-08-27T06:13:15.5926950Z ##[group]Determining the checkout info
timeout-test	UNKNOWN STEP	2026-08-27T06:13:15.5928819Z ##[endgroup]
timeout-test	UNKNOWN STEP	2026-08-27T06:13:15.5930581Z [command]/usr/bin/git sparse-checkout disable
timeout-test	UNKNOWN STEP	2026-08-27T06:13:15.5980955Z [command]/usr/bin/git config --local --unset-all extensions.worktreeConfig
timeout-test	UNKNOWN STEP	2026-08-27T06:13:15.6019219Z ##[group]Checking out the ref
timeout-test	UNKNOWN STEP	2026-08-27T06:13:15.6021607Z [command]/usr/bin/git checkout --progress --force -B feature/timeout-errors refs/remotes/origin/feature/timeout-errors
timeout-test	UNKNOWN STEP	2026-08-27T06:13:15.6104801Z Switched to a new branch 'feature/timeout-errors'
timeout-test	UNKNOWN STEP	2026-08-27T06:13:15.6107623Z branch 'feature/timeout-errors' set up to track 'origin/feature/timeout-errors'.
timeout-test	UNKNOWN STEP	2026-08-27T06:13:15.6113144Z ##[endgroup]
timeout-test	UNKNOWN STEP	2026-08-27T06:13:15.6154726Z [command]/usr/bin/git log -1 --format=%H
timeout-test	UNKNOWN STEP	2026-08-27T06:13:15.6184133Z 5653c220875f5131cb76b41e19b3fb16b9528afe
timeout-test	UNKNOWN STEP	2026-08-27T06:13:15.6518540Z Node 20 is being deprecated. This workflow is running with Node 24 by default. If you need to temporarily use Node 20, you can set the ACTIONS_ALLOW_USE_UNSECURE_NODE_VERSION=true environment variable. For more information see: https://github.blog/changelog/2025-09-19-deprecation-of-node-20-on-github-actions-runners/
timeout-test	UNKNOWN STEP	2026-08-27T06:13:15.6522838Z ##[group]Run actions/setup-python@v5
timeout-test	UNKNOWN STEP	2026-08-27T06:13:15.6523833Z with:
timeout-test	UNKNOWN STEP	2026-08-27T06:13:15.6524620Z   python-version: 3.11
timeout-test	UNKNOWN STEP	2026-08-27T06:13:15.6525515Z   check-latest: false
timeout-test	UNKNOWN STEP	2026-08-27T06:13:15.6532522Z   token: ***
timeout-test	UNKNOWN STEP	2026-08-27T06:13:15.6533419Z   update-environment: true
timeout-test	UNKNOWN STEP	2026-08-27T06:13:15.6534369Z   allow-prereleases: false
timeout-test	UNKNOWN STEP	2026-08-27T06:13:15.6535285Z   freethreaded: false
timeout-test	UNKNOWN STEP	2026-08-27T06:13:15.6536144Z ##[endgroup]
timeout-test	UNKNOWN STEP	2026-08-27T06:13:15.8044716Z ##[group]Installed versions
timeout-test	UNKNOWN STEP	2026-08-27T06:13:15.8127001Z (node:2304) [DEP0040] DeprecationWarning: The `punycode` module is deprecated. Please use a userland alternative instead.
timeout-test	UNKNOWN STEP	2026-08-27T06:13:15.8130465Z (Use `node --trace-deprecation ...` to show where the warning was created)
timeout-test	UNKNOWN STEP	2026-08-27T06:13:15.8132579Z Successfully set up CPython (3.11.16)
timeout-test	UNKNOWN STEP	2026-08-27T06:13:15.8134976Z ##[endgroup]
timeout-test	UNKNOWN STEP	2026-08-27T06:13:15.8361970Z ##[group]Run python -m pip install --upgrade pip
timeout-test	UNKNOWN STEP	2026-08-27T06:13:15.8363911Z ^[[36;1mpython -m pip install --upgrade pip^[[0m
timeout-test	UNKNOWN STEP	2026-08-27T06:13:15.8365620Z ^[[36;1mpip install pytest^[[0m
timeout-test	UNKNOWN STEP	2026-08-27T06:13:15.8542784Z shell: /usr/bin/bash -e {0}
timeout-test	UNKNOWN STEP	2026-08-27T06:13:15.8544301Z env:
timeout-test	UNKNOWN STEP	2026-08-27T06:13:15.8545629Z   pythonLocation: /opt/hostedtoolcache/Python/3.11.16/x64
timeout-test	UNKNOWN STEP	2026-08-27T06:13:15.8547609Z   PKG_CONFIG_PATH: /opt/hostedtoolcache/Python/3.11.16/x64/lib/pkgconfig
timeout-test	UNKNOWN STEP	2026-08-27T06:13:15.8550000Z   Python_ROOT_DIR: /opt/hostedtoolcache/Python/3.11.16/x64
timeout-test	UNKNOWN STEP	2026-08-27T06:13:15.8551683Z   Python2_ROOT_DIR: /opt/hostedtoolcache/Python/3.11.16/x64
timeout-test	UNKNOWN STEP	2026-08-27T06:13:15.8553484Z   Python3_ROOT_DIR: /opt/hostedtoolcache/Python/3.11.16/x64
timeout-test	UNKNOWN STEP	2026-08-27T06:13:15.8555474Z   LD_LIBRARY_PATH: /opt/hostedtoolcache/Python/3.11.16/x64/lib
timeout-test	UNKNOWN STEP	2026-08-27T06:13:15.8557272Z ##[endgroup]
timeout-test	UNKNOWN STEP	2026-08-27T06:13:16.4546875Z Requirement already satisfied: pip in /opt/hostedtoolcache/Python/3.11.16/x64/lib/python3.11/site-packages (26.2.1)
timeout-test	UNKNOWN STEP	2026-08-27T06:13:17.0219574Z Collecting pytest
timeout-test	UNKNOWN STEP	2026-08-27T06:13:17.0707372Z   Downloading pytest-9.1.1-py3-none-any.whl.metadata (7.6 kB)
timeout-test	UNKNOWN STEP	2026-08-27T06:13:17.0833127Z Collecting iniconfig>=1.0.1 (from pytest)
timeout-test	UNKNOWN STEP	2026-08-27T06:13:17.0867040Z   Downloading iniconfig-2.3.0-py3-none-any.whl.metadata (2.5 kB)
timeout-test	UNKNOWN STEP	2026-08-27T06:13:17.0997203Z Collecting packaging>=22 (from pytest)
timeout-test	UNKNOWN STEP	2026-08-27T06:13:17.1030778Z   Downloading packaging-26.3-py3-none-any.whl.metadata (3.5 kB)
timeout-test	UNKNOWN STEP	2026-08-27T06:13:17.1140555Z Collecting pluggy<2,>=1.5 (from pytest)
timeout-test	UNKNOWN STEP	2026-08-27T06:13:17.1172798Z   Downloading pluggy-1.6.0-py3-none-any.whl.metadata (4.8 kB)
timeout-test	UNKNOWN STEP	2026-08-27T06:13:17.1329546Z Collecting pygments>=2.7.2 (from pytest)
timeout-test	UNKNOWN STEP	2026-08-27T06:13:17.1359195Z   Downloading pygments-2.21.0-py3-none-any.whl.metadata (2.5 kB)
timeout-test	UNKNOWN STEP	2026-08-27T06:13:17.1436244Z Downloading pytest-9.1.1-py3-none-any.whl (386 kB)
timeout-test	UNKNOWN STEP	2026-08-27T06:13:17.1629706Z Downloading pluggy-1.6.0-py3-none-any.whl (20 kB)
timeout-test	UNKNOWN STEP	2026-08-27T06:13:17.1683955Z Downloading iniconfig-2.3.0-py3-none-any.whl (7.5 kB)
timeout-test	UNKNOWN STEP	2026-08-27T06:13:17.1738586Z Downloading packaging-26.3-py3-none-any.whl (129 kB)
timeout-test	UNKNOWN STEP	2026-08-27T06:13:17.1795684Z Downloading pygments-2.21.0-py3-none-any.whl (1.3 MB)
timeout-test	UNKNOWN STEP	2026-08-27T06:13:17.1890843Z    ━━━━━━━━━━━━━━━━━━━━━━━━━━━━━━━━━━━━━━━━ 1.3/1.3 MB 167.7 MB/s  0:00:00
timeout-test	UNKNOWN STEP	2026-08-27T06:13:17.2360744Z Installing collected packages: pygments, pluggy, packaging, iniconfig, pytest
timeout-test	UNKNOWN STEP	2026-08-27T06:13:18.2280917Z 
timeout-test	UNKNOWN STEP	2026-08-27T06:13:18.2290938Z Successfully installed iniconfig-2.3.0 packaging-26.3 pluggy-1.6.0 pygments-2.21.0 pytest-9.1.1
timeout-test	UNKNOWN STEP	2026-08-27T06:13:18.2849181Z ##[group]Run pytest test_app.py
timeout-test	UNKNOWN STEP	2026-08-27T06:13:18.2849820Z ^[[36;1mpytest test_app.py^[[0m
timeout-test	UNKNOWN STEP	2026-08-27T06:13:18.2891704Z shell: /usr/bin/bash -e {0}
timeout-test	UNKNOWN STEP	2026-08-27T06:13:18.2891990Z env:
timeout-test	UNKNOWN STEP	2026-08-27T06:13:18.2892301Z   pythonLocation: /opt/hostedtoolcache/Python/3.11.16/x64
timeout-test	UNKNOWN STEP	2026-08-27T06:13:18.2892766Z   PKG_CONFIG_PATH: /opt/hostedtoolcache/Python/3.11.16/x64/lib/pkgconfig
timeout-test	UNKNOWN STEP	2026-08-27T06:13:18.2893213Z   Python_ROOT_DIR: /opt/hostedtoolcache/Python/3.11.16/x64
timeout-test	UNKNOWN STEP	2026-08-27T06:13:18.2893621Z   Python2_ROOT_DIR: /opt/hostedtoolcache/Python/3.11.16/x64
timeout-test	UNKNOWN STEP	2026-08-27T06:13:18.2894055Z   Python3_ROOT_DIR: /opt/hostedtoolcache/Python/3.11.16/x64
timeout-test	UNKNOWN STEP	2026-08-27T06:13:18.2894483Z   LD_LIBRARY_PATH: /opt/hostedtoolcache/Python/3.11.16/x64/lib
timeout-test	UNKNOWN STEP	2026-08-27T06:13:18.2894834Z ##[endgroup]
timeout-test	UNKNOWN STEP	2026-08-27T06:13:18.6709904Z ============================= test session starts ==============================
timeout-test	UNKNOWN STEP	2026-08-27T06:13:18.6710915Z platform linux -- Python 3.11.16, pytest-9.1.1, pluggy-1.6.0
timeout-test	UNKNOWN STEP	2026-08-27T06:13:18.6711591Z rootdir: /home/runner/work/dependency-error-repo/dependency-error-repo
timeout-test	UNKNOWN STEP	2026-08-27T06:13:18.6712066Z collected 1 item
timeout-test	UNKNOWN STEP	2026-08-27T06:13:18.6712242Z 
timeout-test	UNKNOWN STEP	2026-08-27T06:14:30.7928449Z ##[error]The action 'Run Tests' has timed out after 1 minutes.
timeout-test	UNKNOWN STEP	2026-08-27T06:14:30.8067383Z Node 20 is being deprecated. This workflow is running with Node 24 by default. If you need to temporarily use Node 20, you can set the ACTIONS_ALLOW_USE_UNSECURE_NODE_VERSION=true environment variable. For more information see: https://github.blog/changelog/2025-09-19-deprecation-of-node-20-on-github-actions-runners/
timeout-test	UNKNOWN STEP	2026-08-27T06:14:30.8068568Z Post job cleanup.
timeout-test	UNKNOWN STEP	2026-08-27T06:14:30.8987283Z [command]/usr/bin/git version
timeout-test	UNKNOWN STEP	2026-08-27T06:14:30.9032073Z git version 2.55.0
timeout-test	UNKNOWN STEP	2026-08-27T06:14:30.9072709Z Temporarily overriding HOME='/home/runner/work/_temp/99a8715f-a1ed-4b7d-88f1-9d6feef80ef4' before making global git config changes
timeout-test	UNKNOWN STEP	2026-08-27T06:14:30.9074113Z Adding repository directory to the temporary git global config as a safe directory
timeout-test	UNKNOWN STEP	2026-08-27T06:14:30.9075344Z [command]/usr/bin/git config --global --add safe.directory /home/runner/work/dependency-error-repo/dependency-error-repo
timeout-test	UNKNOWN STEP	2026-08-27T06:14:30.9117287Z [command]/usr/bin/git config --local --name-only --get-regexp core\.sshCommand
timeout-test	UNKNOWN STEP	2026-08-27T06:14:30.9157585Z [command]/usr/bin/git submodule foreach --recursive sh -c "git config --local --name-only --get-regexp 'core\.sshCommand' && git config --local --unset-all 'core.sshCommand' || :"
timeout-test	UNKNOWN STEP	2026-08-27T06:14:30.9435882Z [command]/usr/bin/git config --local --name-only --get-regexp http\.https\:\/\/github\.com\/\.extraheader
timeout-test	UNKNOWN STEP	2026-08-27T06:14:30.9467848Z http.https://github.com/.extraheader
timeout-test	UNKNOWN STEP	2026-08-27T06:14:30.9485095Z [command]/usr/bin/git config --local --unset-all http.https://github.com/.extraheader
timeout-test	UNKNOWN STEP	2026-08-27T06:14:30.9525670Z [command]/usr/bin/git submodule foreach --recursive sh -c "git config --local --name-only --get-regexp 'http\.https\:\/\/github\.com\/\.extraheader' && git config --local --unset-all 'http.https://github.com/.extraheader' || :"
timeout-test	UNKNOWN STEP	2026-08-27T06:14:30.9803399Z [command]/usr/bin/git config --local --name-only --get-regexp ^includeIf\.gitdir:
timeout-test	UNKNOWN STEP	2026-08-27T06:14:30.9848288Z [command]/usr/bin/git submodule foreach --recursive git config --local --show-origin --name-only --get-regexp remote.origin.url
timeout-test	UNKNOWN STEP	2026-08-27T06:14:31.0273280Z Cleaning up orphan processes
timeout-test	UNKNOWN STEP	2026-08-27T06:14:31.0591273Z Terminate orphan process: pid (2362) (pytest)
timeout-test	UNKNOWN STEP	2026-08-27T06:14:31.0636477Z ##[warning]Node.js 20 is deprecated. The following actions target Node.js 20 but are being forced to run on Node.js 24: actions/checkout@v4, actions/setup-python@v5. For more information see: https://github.blog/changelog/2025-09-19-deprecation-of-node-20-on-github-actions-runners/