timeout-test	UNKNOWN STEP	﻿2026-08-27T06:24:56.9778929Z Current runner version: '2.336.0'
timeout-test	UNKNOWN STEP	2026-08-27T06:24:56.9802896Z ##[group]Runner Image Provisioner
timeout-test	UNKNOWN STEP	2026-08-27T06:24:56.9803846Z Hosted Compute Agent
timeout-test	UNKNOWN STEP	2026-08-27T06:24:56.9804419Z Version: 20260819.586
timeout-test	UNKNOWN STEP	2026-08-27T06:24:56.9805135Z Commit: 3cc4a88dfa507ef76119ad1bb3eccc6378bb2b76
timeout-test	UNKNOWN STEP	2026-08-27T06:24:56.9805850Z Build Date: 2026-08-18T23:20:18Z
timeout-test	UNKNOWN STEP	2026-08-27T06:24:56.9806502Z Worker ID: {e4eef87c-9447-4afe-8f24-a8584b29ee7f}
timeout-test	UNKNOWN STEP	2026-08-27T06:24:56.9807225Z Azure Region: westus3
timeout-test	UNKNOWN STEP	2026-08-27T06:24:56.9807817Z ##[endgroup]
timeout-test	UNKNOWN STEP	2026-08-27T06:24:56.9809138Z ##[group]Operating System
timeout-test	UNKNOWN STEP	2026-08-27T06:24:56.9809754Z Ubuntu
timeout-test	UNKNOWN STEP	2026-08-27T06:24:56.9810431Z 24.04.4
timeout-test	UNKNOWN STEP	2026-08-27T06:24:56.9810975Z LTS
timeout-test	UNKNOWN STEP	2026-08-27T06:24:56.9811478Z ##[endgroup]
timeout-test	UNKNOWN STEP	2026-08-27T06:24:56.9812077Z ##[group]Runner Image
timeout-test	UNKNOWN STEP	2026-08-27T06:24:56.9812665Z Image: ubuntu-24.04
timeout-test	UNKNOWN STEP	2026-08-27T06:24:56.9813282Z Version: 20260823.283.1
timeout-test	UNKNOWN STEP	2026-08-27T06:24:56.9814543Z Included Software: https://github.com/actions/runner-images/blob/ubuntu24/20260823.283/images/ubuntu/Ubuntu2404-Readme.md
timeout-test	UNKNOWN STEP	2026-08-27T06:24:56.9816369Z Image Release: https://github.com/actions/runner-images/releases/tag/ubuntu24%2F20260823.283
timeout-test	UNKNOWN STEP	2026-08-27T06:24:56.9817329Z ##[endgroup]
timeout-test	UNKNOWN STEP	2026-08-27T06:24:56.9818453Z ##[group]GITHUB_TOKEN Permissions
timeout-test	UNKNOWN STEP	2026-08-27T06:24:56.9820875Z Contents: read
timeout-test	UNKNOWN STEP	2026-08-27T06:24:56.9821478Z Metadata: read
timeout-test	UNKNOWN STEP	2026-08-27T06:24:56.9822039Z Packages: read
timeout-test	UNKNOWN STEP	2026-08-27T06:24:56.9822572Z ##[endgroup]
timeout-test	UNKNOWN STEP	2026-08-27T06:24:56.9824842Z Secret source: Actions
timeout-test	UNKNOWN STEP	2026-08-27T06:24:56.9825941Z Prepare workflow directory
timeout-test	UNKNOWN STEP	2026-08-27T06:24:57.0142914Z Prepare all required actions
timeout-test	UNKNOWN STEP	2026-08-27T06:24:57.0195877Z Getting action download info
timeout-test	UNKNOWN STEP	2026-08-27T06:24:57.3139472Z Download action repository 'actions/checkout@v4' (SHA:11d5960a326750d5838078e36cf38b85af677262)
timeout-test	UNKNOWN STEP	2026-08-27T06:24:57.4385813Z Download action repository 'actions/setup-python@v5' (SHA:a26af69be951a213d495a4c3e4e4022e16d87065)
timeout-test	UNKNOWN STEP	2026-08-27T06:24:57.5975351Z Complete job name: timeout-test
timeout-test	UNKNOWN STEP	2026-08-27T06:24:57.6632147Z Node 20 is being deprecated. This workflow is running with Node 24 by default. If you need to temporarily use Node 20, you can set the ACTIONS_ALLOW_USE_UNSECURE_NODE_VERSION=true environment variable. For more information see: https://github.blog/changelog/2025-09-19-deprecation-of-node-20-on-github-actions-runners/
timeout-test	UNKNOWN STEP	2026-08-27T06:24:57.6640957Z ##[group]Run actions/checkout@v4
timeout-test	UNKNOWN STEP	2026-08-27T06:24:57.6641700Z with:
timeout-test	UNKNOWN STEP	2026-08-27T06:24:57.6642368Z   repository: DhruvHegde/dependency-error-repo
timeout-test	UNKNOWN STEP	2026-08-27T06:24:57.6646430Z   token: ***
timeout-test	UNKNOWN STEP	2026-08-27T06:24:57.6646924Z   ssh-strict: true
timeout-test	UNKNOWN STEP	2026-08-27T06:24:57.6647459Z   ssh-user: git
timeout-test	UNKNOWN STEP	2026-08-27T06:24:57.6647976Z   persist-credentials: true
timeout-test	UNKNOWN STEP	2026-08-27T06:24:57.6648529Z   clean: true
timeout-test	UNKNOWN STEP	2026-08-27T06:24:57.6649107Z   sparse-checkout-cone-mode: true
timeout-test	UNKNOWN STEP	2026-08-27T06:24:57.6649688Z   fetch-depth: 1
timeout-test	UNKNOWN STEP	2026-08-27T06:24:57.6650196Z   fetch-tags: false
timeout-test	UNKNOWN STEP	2026-08-27T06:24:57.6650870Z   show-progress: true
timeout-test	UNKNOWN STEP	2026-08-27T06:24:57.6651391Z   lfs: false
timeout-test	UNKNOWN STEP	2026-08-27T06:24:57.6652034Z   submodules: false
timeout-test	UNKNOWN STEP	2026-08-27T06:24:57.6652531Z   set-safe-directory: true
timeout-test	UNKNOWN STEP	2026-08-27T06:24:57.6653139Z   allow-unsafe-pr-checkout: false
timeout-test	UNKNOWN STEP	2026-08-27T06:24:57.6653892Z ##[endgroup]
timeout-test	UNKNOWN STEP	2026-08-27T06:24:57.7654081Z Syncing repository: DhruvHegde/dependency-error-repo
timeout-test	UNKNOWN STEP	2026-08-27T06:24:57.7656981Z ##[group]Getting Git version info
timeout-test	UNKNOWN STEP	2026-08-27T06:24:57.7658369Z Working directory is '/home/runner/work/dependency-error-repo/dependency-error-repo'
timeout-test	UNKNOWN STEP	2026-08-27T06:24:57.7660547Z [command]/usr/bin/git version
timeout-test	UNKNOWN STEP	2026-08-27T06:24:57.7796989Z git version 2.55.0
timeout-test	UNKNOWN STEP	2026-08-27T06:24:57.7814989Z ##[endgroup]
timeout-test	UNKNOWN STEP	2026-08-27T06:24:57.7827434Z Temporarily overriding HOME='/home/runner/work/_temp/de934115-26e6-411a-a571-9442e66f5c85' before making global git config changes
timeout-test	UNKNOWN STEP	2026-08-27T06:24:57.7829529Z Adding repository directory to the temporary git global config as a safe directory
timeout-test	UNKNOWN STEP	2026-08-27T06:24:57.7832237Z [command]/usr/bin/git config --global --add safe.directory /home/runner/work/dependency-error-repo/dependency-error-repo
timeout-test	UNKNOWN STEP	2026-08-27T06:24:57.7883562Z Deleting the contents of '/home/runner/work/dependency-error-repo/dependency-error-repo'
timeout-test	UNKNOWN STEP	2026-08-27T06:24:57.7886243Z ##[group]Initializing the repository
timeout-test	UNKNOWN STEP	2026-08-27T06:24:57.7889780Z [command]/usr/bin/git init /home/runner/work/dependency-error-repo/dependency-error-repo
timeout-test	UNKNOWN STEP	2026-08-27T06:24:57.7999745Z hint: Using 'master' as the name for the initial branch. This default branch name
timeout-test	UNKNOWN STEP	2026-08-27T06:24:57.8001736Z hint: will change to "main" in Git 3.0. To configure the initial branch name
timeout-test	UNKNOWN STEP	2026-08-27T06:24:57.8003253Z hint: to use in all of your new repositories, which will suppress this warning,
timeout-test	UNKNOWN STEP	2026-08-27T06:24:57.8004580Z hint: call:
timeout-test	UNKNOWN STEP	2026-08-27T06:24:57.8005273Z hint:
timeout-test	UNKNOWN STEP	2026-08-27T06:24:57.8006138Z hint: 	git config --global init.defaultBranch <name>
timeout-test	UNKNOWN STEP	2026-08-27T06:24:57.8007083Z hint:
timeout-test	UNKNOWN STEP	2026-08-27T06:24:57.8007967Z hint: Names commonly chosen instead of 'master' are 'main', 'trunk' and
timeout-test	UNKNOWN STEP	2026-08-27T06:24:57.8009432Z hint: 'development'. The just-created branch can be renamed via this command:
timeout-test	UNKNOWN STEP	2026-08-27T06:24:57.8010904Z hint:
timeout-test	UNKNOWN STEP	2026-08-27T06:24:57.8011601Z hint: 	git branch -m <name>
timeout-test	UNKNOWN STEP	2026-08-27T06:24:57.8012227Z hint:
timeout-test	UNKNOWN STEP	2026-08-27T06:24:57.8012956Z hint: Disable this message with "git config set advice.defaultBranchName false"
timeout-test	UNKNOWN STEP	2026-08-27T06:24:57.8014149Z Initialized empty Git repository in /home/runner/work/dependency-error-repo/dependency-error-repo/.git/
timeout-test	UNKNOWN STEP	2026-08-27T06:24:57.8020864Z [command]/usr/bin/git remote add origin https://github.com/DhruvHegde/dependency-error-repo
timeout-test	UNKNOWN STEP	2026-08-27T06:24:57.8062545Z ##[endgroup]
timeout-test	UNKNOWN STEP	2026-08-27T06:24:57.8063897Z ##[group]Disabling automatic garbage collection
timeout-test	UNKNOWN STEP	2026-08-27T06:24:57.8066616Z [command]/usr/bin/git config --local gc.auto 0
timeout-test	UNKNOWN STEP	2026-08-27T06:24:57.8093846Z ##[endgroup]
timeout-test	UNKNOWN STEP	2026-08-27T06:24:57.8095008Z ##[group]Setting up auth
timeout-test	UNKNOWN STEP	2026-08-27T06:24:57.8099689Z [command]/usr/bin/git config --local --name-only --get-regexp core\.sshCommand
timeout-test	UNKNOWN STEP	2026-08-27T06:24:57.8129977Z [command]/usr/bin/git submodule foreach --recursive sh -c "git config --local --name-only --get-regexp 'core\.sshCommand' && git config --local --unset-all 'core.sshCommand' || :"
timeout-test	UNKNOWN STEP	2026-08-27T06:24:57.8479328Z [command]/usr/bin/git config --local --name-only --get-regexp http\.https\:\/\/github\.com\/\.extraheader
timeout-test	UNKNOWN STEP	2026-08-27T06:24:57.8510057Z [command]/usr/bin/git submodule foreach --recursive sh -c "git config --local --name-only --get-regexp 'http\.https\:\/\/github\.com\/\.extraheader' && git config --local --unset-all 'http.https://github.com/.extraheader' || :"
timeout-test	UNKNOWN STEP	2026-08-27T06:24:57.8705469Z [command]/usr/bin/git config --local --name-only --get-regexp ^includeIf\.gitdir:
timeout-test	UNKNOWN STEP	2026-08-27T06:24:57.8735678Z [command]/usr/bin/git submodule foreach --recursive git config --local --show-origin --name-only --get-regexp remote.origin.url
timeout-test	UNKNOWN STEP	2026-08-27T06:24:57.8918378Z [command]/usr/bin/git config --local http.https://github.com/.extraheader AUTHORIZATION: basic ***
timeout-test	UNKNOWN STEP	2026-08-27T06:24:57.8949371Z ##[endgroup]
timeout-test	UNKNOWN STEP	2026-08-27T06:24:57.8950538Z ##[group]Fetching the repository
timeout-test	UNKNOWN STEP	2026-08-27T06:24:57.8959371Z [command]/usr/bin/git -c protocol.version=2 fetch --no-tags --prune --no-recurse-submodules --depth=1 origin +269f3a19b4bfec630a23eaa452c0e6573838ff38:refs/remotes/origin/feature/timeout-errors
timeout-test	UNKNOWN STEP	2026-08-27T06:24:58.3111947Z From https://github.com/DhruvHegde/dependency-error-repo
timeout-test	UNKNOWN STEP	2026-08-27T06:24:58.3113259Z  * [new ref]         269f3a19b4bfec630a23eaa452c0e6573838ff38 -> origin/feature/timeout-errors
timeout-test	UNKNOWN STEP	2026-08-27T06:24:58.3116473Z ##[endgroup]
timeout-test	UNKNOWN STEP	2026-08-27T06:24:58.3117425Z ##[group]Determining the checkout info
timeout-test	UNKNOWN STEP	2026-08-27T06:24:58.3119052Z ##[endgroup]
timeout-test	UNKNOWN STEP	2026-08-27T06:24:58.3127521Z [command]/usr/bin/git sparse-checkout disable
timeout-test	UNKNOWN STEP	2026-08-27T06:24:58.3174842Z [command]/usr/bin/git config --local --unset-all extensions.worktreeConfig
timeout-test	UNKNOWN STEP	2026-08-27T06:24:58.3202553Z ##[group]Checking out the ref
timeout-test	UNKNOWN STEP	2026-08-27T06:24:58.3208389Z [command]/usr/bin/git checkout --progress --force -B feature/timeout-errors refs/remotes/origin/feature/timeout-errors
timeout-test	UNKNOWN STEP	2026-08-27T06:24:58.3266903Z Switched to a new branch 'feature/timeout-errors'
timeout-test	UNKNOWN STEP	2026-08-27T06:24:58.3271343Z branch 'feature/timeout-errors' set up to track 'origin/feature/timeout-errors'.
timeout-test	UNKNOWN STEP	2026-08-27T06:24:58.3275226Z ##[endgroup]
timeout-test	UNKNOWN STEP	2026-08-27T06:24:58.3310136Z [command]/usr/bin/git log -1 --format=%H
timeout-test	UNKNOWN STEP	2026-08-27T06:24:58.3330868Z 269f3a19b4bfec630a23eaa452c0e6573838ff38
timeout-test	UNKNOWN STEP	2026-08-27T06:24:58.3591477Z Node 20 is being deprecated. This workflow is running with Node 24 by default. If you need to temporarily use Node 20, you can set the ACTIONS_ALLOW_USE_UNSECURE_NODE_VERSION=true environment variable. For more information see: https://github.blog/changelog/2025-09-19-deprecation-of-node-20-on-github-actions-runners/
timeout-test	UNKNOWN STEP	2026-08-27T06:24:58.3594000Z ##[group]Run actions/setup-python@v5
timeout-test	UNKNOWN STEP	2026-08-27T06:24:58.3594604Z with:
timeout-test	UNKNOWN STEP	2026-08-27T06:24:58.3595104Z   python-version: 3.11
timeout-test	UNKNOWN STEP	2026-08-27T06:24:58.3595624Z   check-latest: false
timeout-test	UNKNOWN STEP	2026-08-27T06:24:58.3599556Z   token: ***
timeout-test	UNKNOWN STEP	2026-08-27T06:24:58.3600044Z   update-environment: true
timeout-test	UNKNOWN STEP	2026-08-27T06:24:58.3600841Z   allow-prereleases: false
timeout-test	UNKNOWN STEP	2026-08-27T06:24:58.3601414Z   freethreaded: false
timeout-test	UNKNOWN STEP	2026-08-27T06:24:58.3601959Z ##[endgroup]
timeout-test	UNKNOWN STEP	2026-08-27T06:24:58.4899517Z ##[group]Installed versions
timeout-test	UNKNOWN STEP	2026-08-27T06:24:58.4985776Z (node:2004) [DEP0040] DeprecationWarning: The `punycode` module is deprecated. Please use a userland alternative instead.
timeout-test	UNKNOWN STEP	2026-08-27T06:24:58.4987613Z (Use `node --trace-deprecation ...` to show where the warning was created)
timeout-test	UNKNOWN STEP	2026-08-27T06:24:58.4988643Z Successfully set up CPython (3.11.16)
timeout-test	UNKNOWN STEP	2026-08-27T06:24:58.4989636Z ##[endgroup]
timeout-test	UNKNOWN STEP	2026-08-27T06:24:58.5143203Z ##[group]Run python -m pip install --upgrade pip
timeout-test	UNKNOWN STEP	2026-08-27T06:24:58.5144066Z ^[[36;1mpython -m pip install --upgrade pip^[[0m
timeout-test	UNKNOWN STEP	2026-08-27T06:24:58.5144721Z ^[[36;1mpip install pytest^[[0m
timeout-test	UNKNOWN STEP	2026-08-27T06:24:58.5187255Z shell: /usr/bin/bash -e {0}
timeout-test	UNKNOWN STEP	2026-08-27T06:24:58.5188123Z env:
timeout-test	UNKNOWN STEP	2026-08-27T06:24:58.5188709Z   pythonLocation: /opt/hostedtoolcache/Python/3.11.16/x64
timeout-test	UNKNOWN STEP	2026-08-27T06:24:58.5189606Z   PKG_CONFIG_PATH: /opt/hostedtoolcache/Python/3.11.16/x64/lib/pkgconfig
timeout-test	UNKNOWN STEP	2026-08-27T06:24:58.5190787Z   Python_ROOT_DIR: /opt/hostedtoolcache/Python/3.11.16/x64
timeout-test	UNKNOWN STEP	2026-08-27T06:24:58.5191586Z   Python2_ROOT_DIR: /opt/hostedtoolcache/Python/3.11.16/x64
timeout-test	UNKNOWN STEP	2026-08-27T06:24:58.5192404Z   Python3_ROOT_DIR: /opt/hostedtoolcache/Python/3.11.16/x64
timeout-test	UNKNOWN STEP	2026-08-27T06:24:58.5193207Z   LD_LIBRARY_PATH: /opt/hostedtoolcache/Python/3.11.16/x64/lib
timeout-test	UNKNOWN STEP	2026-08-27T06:24:58.5193942Z ##[endgroup]
timeout-test	UNKNOWN STEP	2026-08-27T06:24:59.2905063Z Requirement already satisfied: pip in /opt/hostedtoolcache/Python/3.11.16/x64/lib/python3.11/site-packages (26.2.1)
timeout-test	UNKNOWN STEP	2026-08-27T06:24:59.9038163Z Collecting pytest
timeout-test	UNKNOWN STEP	2026-08-27T06:24:59.9888570Z   Downloading pytest-9.1.1-py3-none-any.whl.metadata (7.6 kB)
timeout-test	UNKNOWN STEP	2026-08-27T06:25:00.0028832Z Collecting iniconfig>=1.0.1 (from pytest)
timeout-test	UNKNOWN STEP	2026-08-27T06:25:00.0148853Z   Downloading iniconfig-2.3.0-py3-none-any.whl.metadata (2.5 kB)
timeout-test	UNKNOWN STEP	2026-08-27T06:25:00.0338644Z Collecting packaging>=22 (from pytest)
timeout-test	UNKNOWN STEP	2026-08-27T06:25:00.0455044Z   Downloading packaging-26.3-py3-none-any.whl.metadata (3.5 kB)
timeout-test	UNKNOWN STEP	2026-08-27T06:25:00.0578437Z Collecting pluggy<2,>=1.5 (from pytest)
timeout-test	UNKNOWN STEP	2026-08-27T06:25:00.0684060Z   Downloading pluggy-1.6.0-py3-none-any.whl.metadata (4.8 kB)
timeout-test	UNKNOWN STEP	2026-08-27T06:25:00.1079074Z Collecting pygments>=2.7.2 (from pytest)
timeout-test	UNKNOWN STEP	2026-08-27T06:25:00.1184173Z   Downloading pygments-2.21.0-py3-none-any.whl.metadata (2.5 kB)
timeout-test	UNKNOWN STEP	2026-08-27T06:25:00.1334637Z Downloading pytest-9.1.1-py3-none-any.whl (386 kB)
timeout-test	UNKNOWN STEP	2026-08-27T06:25:00.1821409Z Downloading pluggy-1.6.0-py3-none-any.whl (20 kB)
timeout-test	UNKNOWN STEP	2026-08-27T06:25:00.1948971Z Downloading iniconfig-2.3.0-py3-none-any.whl (7.5 kB)
timeout-test	UNKNOWN STEP	2026-08-27T06:25:00.2076272Z Downloading packaging-26.3-py3-none-any.whl (129 kB)
timeout-test	UNKNOWN STEP	2026-08-27T06:25:00.2217389Z Downloading pygments-2.21.0-py3-none-any.whl (1.3 MB)
timeout-test	UNKNOWN STEP	2026-08-27T06:25:00.2748581Z    ━━━━━━━━━━━━━━━━━━━━━━━━━━━━━━━━━━━━━━━━ 1.3/1.3 MB 20.3 MB/s  0:00:00
timeout-test	UNKNOWN STEP	2026-08-27T06:25:00.3245929Z Installing collected packages: pygments, pluggy, packaging, iniconfig, pytest
timeout-test	UNKNOWN STEP	2026-08-27T06:25:01.1249264Z 
timeout-test	UNKNOWN STEP	2026-08-27T06:25:01.1260096Z Successfully installed iniconfig-2.3.0 packaging-26.3 pluggy-1.6.0 pygments-2.21.0 pytest-9.1.1
timeout-test	UNKNOWN STEP	2026-08-27T06:25:01.1884864Z ##[group]Run pytest test_app.py
timeout-test	UNKNOWN STEP	2026-08-27T06:25:01.1885289Z ^[[36;1mpytest test_app.py^[[0m
timeout-test	UNKNOWN STEP	2026-08-27T06:25:01.1911479Z shell: /usr/bin/bash -e {0}
timeout-test	UNKNOWN STEP	2026-08-27T06:25:01.1911900Z env:
timeout-test	UNKNOWN STEP	2026-08-27T06:25:01.1912268Z   pythonLocation: /opt/hostedtoolcache/Python/3.11.16/x64
timeout-test	UNKNOWN STEP	2026-08-27T06:25:01.1912767Z   PKG_CONFIG_PATH: /opt/hostedtoolcache/Python/3.11.16/x64/lib/pkgconfig
timeout-test	UNKNOWN STEP	2026-08-27T06:25:01.1913304Z   Python_ROOT_DIR: /opt/hostedtoolcache/Python/3.11.16/x64
timeout-test	UNKNOWN STEP	2026-08-27T06:25:01.1913816Z   Python2_ROOT_DIR: /opt/hostedtoolcache/Python/3.11.16/x64
timeout-test	UNKNOWN STEP	2026-08-27T06:25:01.1914324Z   Python3_ROOT_DIR: /opt/hostedtoolcache/Python/3.11.16/x64
timeout-test	UNKNOWN STEP	2026-08-27T06:25:01.1914816Z   LD_LIBRARY_PATH: /opt/hostedtoolcache/Python/3.11.16/x64/lib
timeout-test	UNKNOWN STEP	2026-08-27T06:25:01.1915205Z ##[endgroup]
timeout-test	UNKNOWN STEP	2026-08-27T06:25:01.5831600Z ============================= test session starts ==============================
timeout-test	UNKNOWN STEP	2026-08-27T06:25:01.5832442Z platform linux -- Python 3.11.16, pytest-9.1.1, pluggy-1.6.0
timeout-test	UNKNOWN STEP	2026-08-27T06:25:01.5833120Z rootdir: /home/runner/work/dependency-error-repo/dependency-error-repo
timeout-test	UNKNOWN STEP	2026-08-27T06:25:01.5833653Z collected 1 item
timeout-test	UNKNOWN STEP	2026-08-27T06:25:01.5833837Z 
timeout-test	UNKNOWN STEP	2026-08-27T06:26:13.6945603Z ##[error]The action 'Run Tests' has timed out after 1 minutes.
timeout-test	UNKNOWN STEP	2026-08-27T06:26:13.7087132Z Node 20 is being deprecated. This workflow is running with Node 24 by default. If you need to temporarily use Node 20, you can set the ACTIONS_ALLOW_USE_UNSECURE_NODE_VERSION=true environment variable. For more information see: https://github.blog/changelog/2025-09-19-deprecation-of-node-20-on-github-actions-runners/
timeout-test	UNKNOWN STEP	2026-08-27T06:26:13.7088418Z Post job cleanup.
timeout-test	UNKNOWN STEP	2026-08-27T06:26:13.7922918Z [command]/usr/bin/git version
timeout-test	UNKNOWN STEP	2026-08-27T06:26:13.7960846Z git version 2.55.0
timeout-test	UNKNOWN STEP	2026-08-27T06:26:13.7993962Z Temporarily overriding HOME='/home/runner/work/_temp/a4d06079-2350-4005-b2db-f10e5a597d57' before making global git config changes
timeout-test	UNKNOWN STEP	2026-08-27T06:26:13.7995548Z Adding repository directory to the temporary git global config as a safe directory
timeout-test	UNKNOWN STEP	2026-08-27T06:26:13.8000226Z [command]/usr/bin/git config --global --add safe.directory /home/runner/work/dependency-error-repo/dependency-error-repo
timeout-test	UNKNOWN STEP	2026-08-27T06:26:13.8036690Z [command]/usr/bin/git config --local --name-only --get-regexp core\.sshCommand
timeout-test	UNKNOWN STEP	2026-08-27T06:26:13.8068172Z [command]/usr/bin/git submodule foreach --recursive sh -c "git config --local --name-only --get-regexp 'core\.sshCommand' && git config --local --unset-all 'core.sshCommand' || :"
timeout-test	UNKNOWN STEP	2026-08-27T06:26:13.8273773Z [command]/usr/bin/git config --local --name-only --get-regexp http\.https\:\/\/github\.com\/\.extraheader
timeout-test	UNKNOWN STEP	2026-08-27T06:26:13.8296620Z http.https://github.com/.extraheader
timeout-test	UNKNOWN STEP	2026-08-27T06:26:13.8307492Z [command]/usr/bin/git config --local --unset-all http.https://github.com/.extraheader
timeout-test	UNKNOWN STEP	2026-08-27T06:26:13.8339995Z [command]/usr/bin/git submodule foreach --recursive sh -c "git config --local --name-only --get-regexp 'http\.https\:\/\/github\.com\/\.extraheader' && git config --local --unset-all 'http.https://github.com/.extraheader' || :"
timeout-test	UNKNOWN STEP	2026-08-27T06:26:13.8561136Z [command]/usr/bin/git config --local --name-only --get-regexp ^includeIf\.gitdir:
timeout-test	UNKNOWN STEP	2026-08-27T06:26:13.8605711Z [command]/usr/bin/git submodule foreach --recursive git config --local --show-origin --name-only --get-regexp remote.origin.url
timeout-test	UNKNOWN STEP	2026-08-27T06:26:13.8971675Z Cleaning up orphan processes
timeout-test	UNKNOWN STEP	2026-08-27T06:26:13.9284966Z Terminate orphan process: pid (2076) (pytest)
timeout-test	UNKNOWN STEP	2026-08-27T06:26:13.9295259Z ##[warning]Node.js 20 is deprecated. The following actions target Node.js 20 but are being forced to run on Node.js 24: actions/checkout@v4, actions/setup-python@v5. For more information see: https://github.blog/changelog/2025-09-19-deprecation-of-node-20-on-github-actions-runners/