timeout-test	Set up job	﻿2026-08-27T04:31:39.7729398Z Current runner version: '2.336.0'
timeout-test	Set up job	2026-08-27T04:31:39.7756645Z ##[group]Runner Image Provisioner
timeout-test	Set up job	2026-08-27T04:31:39.7757728Z Hosted Compute Agent
timeout-test	Set up job	2026-08-27T04:31:39.7758394Z Version: 20260819.586
timeout-test	Set up job	2026-08-27T04:31:39.7759127Z Commit: 3cc4a88dfa507ef76119ad1bb3eccc6378bb2b76
timeout-test	Set up job	2026-08-27T04:31:39.7760005Z Build Date: 2026-08-18T23:20:18Z
timeout-test	Set up job	2026-08-27T04:31:39.7760748Z Worker ID: {0f79b0e5-40ec-4d19-937d-c3015ab68970}
timeout-test	Set up job	2026-08-27T04:31:39.7761643Z Azure Region: eastus2
timeout-test	Set up job	2026-08-27T04:31:39.7762281Z ##[endgroup]
timeout-test	Set up job	2026-08-27T04:31:39.7763780Z ##[group]Operating System
timeout-test	Set up job	2026-08-27T04:31:39.7764818Z Ubuntu
timeout-test	Set up job	2026-08-27T04:31:39.7765393Z 24.04.4
timeout-test	Set up job	2026-08-27T04:31:39.7766050Z LTS
timeout-test	Set up job	2026-08-27T04:31:39.7766620Z ##[endgroup]
timeout-test	Set up job	2026-08-27T04:31:39.7767202Z ##[group]Runner Image
timeout-test	Set up job	2026-08-27T04:31:39.7768237Z Image: ubuntu-24.04
timeout-test	Set up job	2026-08-27T04:31:39.7768954Z Version: 20260823.283.1
timeout-test	Set up job	2026-08-27T04:31:39.7770320Z Included Software: https://github.com/actions/runner-images/blob/ubuntu24/20260823.283/images/ubuntu/Ubuntu2404-Readme.md
timeout-test	Set up job	2026-08-27T04:31:39.7773404Z Image Release: https://github.com/actions/runner-images/releases/tag/ubuntu24%2F20260823.283
timeout-test	Set up job	2026-08-27T04:31:39.7774862Z ##[endgroup]
timeout-test	Set up job	2026-08-27T04:31:39.7776796Z ##[group]GITHUB_TOKEN Permissions
timeout-test	Set up job	2026-08-27T04:31:39.7779718Z Contents: read
timeout-test	Set up job	2026-08-27T04:31:39.7780465Z Metadata: read
timeout-test	Set up job	2026-08-27T04:31:39.7781102Z Packages: read
timeout-test	Set up job	2026-08-27T04:31:39.7781703Z ##[endgroup]
timeout-test	Set up job	2026-08-27T04:31:39.7784034Z Secret source: Actions
timeout-test	Set up job	2026-08-27T04:31:39.7785657Z Prepare workflow directory
timeout-test	Set up job	2026-08-27T04:31:39.8122591Z Prepare all required actions
timeout-test	Set up job	2026-08-27T04:31:39.8173593Z Getting action download info
timeout-test	Set up job	2026-08-27T04:31:40.0237906Z Download action repository 'actions/checkout@v4' (SHA:11d5960a326750d5838078e36cf38b85af677262)
timeout-test	Set up job	2026-08-27T04:31:40.1362784Z Download action repository 'actions/setup-python@v5' (SHA:a26af69be951a213d495a4c3e4e4022e16d87065)
timeout-test	Set up job	2026-08-27T04:31:40.3212324Z Complete job name: timeout-test
timeout-test	Checkout Repository	﻿2026-08-27T04:31:40.3954913Z Node 20 is being deprecated. This workflow is running with Node 24 by default. If you need to temporarily use Node 20, you can set the ACTIONS_ALLOW_USE_UNSECURE_NODE_VERSION=true environment variable. For more information see: https://github.blog/changelog/2025-09-19-deprecation-of-node-20-on-github-actions-runners/
timeout-test	Checkout Repository	2026-08-27T04:31:40.3963826Z ##[group]Run actions/checkout@v4
timeout-test	Checkout Repository	2026-08-27T04:31:40.3965055Z with:
timeout-test	Checkout Repository	2026-08-27T04:31:40.3965590Z   repository: DhruvHegde/dependency-error-repo
timeout-test	Checkout Repository	2026-08-27T04:31:40.3970289Z   token: ***
timeout-test	Checkout Repository	2026-08-27T04:31:40.3970758Z   ssh-strict: true
timeout-test	Checkout Repository	2026-08-27T04:31:40.3971233Z   ssh-user: git
timeout-test	Checkout Repository	2026-08-27T04:31:40.3971711Z   persist-credentials: true
timeout-test	Checkout Repository	2026-08-27T04:31:40.3972233Z   clean: true
timeout-test	Checkout Repository	2026-08-27T04:31:40.3972702Z   sparse-checkout-cone-mode: true
timeout-test	Checkout Repository	2026-08-27T04:31:40.3973267Z   fetch-depth: 1
timeout-test	Checkout Repository	2026-08-27T04:31:40.3973719Z   fetch-tags: false
timeout-test	Checkout Repository	2026-08-27T04:31:40.3974371Z   show-progress: true
timeout-test	Checkout Repository	2026-08-27T04:31:40.3974846Z   lfs: false
timeout-test	Checkout Repository	2026-08-27T04:31:40.3975285Z   submodules: false
timeout-test	Checkout Repository	2026-08-27T04:31:40.3975816Z   set-safe-directory: true
timeout-test	Checkout Repository	2026-08-27T04:31:40.3976360Z   allow-unsafe-pr-checkout: false
timeout-test	Checkout Repository	2026-08-27T04:31:40.3977106Z ##[endgroup]
timeout-test	Checkout Repository	2026-08-27T04:31:40.5040336Z Syncing repository: DhruvHegde/dependency-error-repo
timeout-test	Checkout Repository	2026-08-27T04:31:40.5043087Z ##[group]Getting Git version info
timeout-test	Checkout Repository	2026-08-27T04:31:40.5044688Z Working directory is '/home/runner/work/dependency-error-repo/dependency-error-repo'
timeout-test	Checkout Repository	2026-08-27T04:31:40.5046713Z [command]/usr/bin/git version
timeout-test	Checkout Repository	2026-08-27T04:31:40.5085835Z git version 2.55.0
timeout-test	Checkout Repository	2026-08-27T04:31:40.5107455Z ##[endgroup]
timeout-test	Checkout Repository	2026-08-27T04:31:40.5122422Z Temporarily overriding HOME='/home/runner/work/_temp/7d398132-e60b-4d3f-a85e-578d89d60e9d' before making global git config changes
timeout-test	Checkout Repository	2026-08-27T04:31:40.5125040Z Adding repository directory to the temporary git global config as a safe directory
timeout-test	Checkout Repository	2026-08-27T04:31:40.5128279Z [command]/usr/bin/git config --global --add safe.directory /home/runner/work/dependency-error-repo/dependency-error-repo
timeout-test	Checkout Repository	2026-08-27T04:31:40.5179224Z Deleting the contents of '/home/runner/work/dependency-error-repo/dependency-error-repo'
timeout-test	Checkout Repository	2026-08-27T04:31:40.5185672Z ##[group]Initializing the repository
timeout-test	Checkout Repository	2026-08-27T04:31:40.5189665Z [command]/usr/bin/git init /home/runner/work/dependency-error-repo/dependency-error-repo
timeout-test	Checkout Repository	2026-08-27T04:31:40.5275471Z hint: Using 'master' as the name for the initial branch. This default branch name
timeout-test	Checkout Repository	2026-08-27T04:31:40.5277485Z hint: will change to "main" in Git 3.0. To configure the initial branch name
timeout-test	Checkout Repository	2026-08-27T04:31:40.5279419Z hint: to use in all of your new repositories, which will suppress this warning,
timeout-test	Checkout Repository	2026-08-27T04:31:40.5280931Z hint: call:
timeout-test	Checkout Repository	2026-08-27T04:31:40.5281760Z hint:
timeout-test	Checkout Repository	2026-08-27T04:31:40.5282764Z hint: 	git config --global init.defaultBranch <name>
timeout-test	Checkout Repository	2026-08-27T04:31:40.5284003Z hint:
timeout-test	Checkout Repository	2026-08-27T04:31:40.5285353Z hint: Names commonly chosen instead of 'master' are 'main', 'trunk' and
timeout-test	Checkout Repository	2026-08-27T04:31:40.5287126Z hint: 'development'. The just-created branch can be renamed via this command:
timeout-test	Checkout Repository	2026-08-27T04:31:40.5288646Z hint:
timeout-test	Checkout Repository	2026-08-27T04:31:40.5289571Z hint: 	git branch -m <name>
timeout-test	Checkout Repository	2026-08-27T04:31:40.5290584Z hint:
timeout-test	Checkout Repository	2026-08-27T04:31:40.5291818Z hint: Disable this message with "git config set advice.defaultBranchName false"
timeout-test	Checkout Repository	2026-08-27T04:31:40.5294142Z Initialized empty Git repository in /home/runner/work/dependency-error-repo/dependency-error-repo/.git/
timeout-test	Checkout Repository	2026-08-27T04:31:40.5297872Z [command]/usr/bin/git remote add origin https://github.com/DhruvHegde/dependency-error-repo
timeout-test	Checkout Repository	2026-08-27T04:31:40.5347692Z ##[endgroup]
timeout-test	Checkout Repository	2026-08-27T04:31:40.5349104Z ##[group]Disabling automatic garbage collection
timeout-test	Checkout Repository	2026-08-27T04:31:40.5350149Z [command]/usr/bin/git config --local gc.auto 0
timeout-test	Checkout Repository	2026-08-27T04:31:40.5399797Z ##[endgroup]
timeout-test	Checkout Repository	2026-08-27T04:31:40.5400929Z ##[group]Setting up auth
timeout-test	Checkout Repository	2026-08-27T04:31:40.5402084Z [command]/usr/bin/git config --local --name-only --get-regexp core\.sshCommand
timeout-test	Checkout Repository	2026-08-27T04:31:40.5425993Z [command]/usr/bin/git submodule foreach --recursive sh -c "git config --local --name-only --get-regexp 'core\.sshCommand' && git config --local --unset-all 'core.sshCommand' || :"
timeout-test	Checkout Repository	2026-08-27T04:31:40.5795081Z [command]/usr/bin/git config --local --name-only --get-regexp http\.https\:\/\/github\.com\/\.extraheader
timeout-test	Checkout Repository	2026-08-27T04:31:40.5840121Z [command]/usr/bin/git submodule foreach --recursive sh -c "git config --local --name-only --get-regexp 'http\.https\:\/\/github\.com\/\.extraheader' && git config --local --unset-all 'http.https://github.com/.extraheader' || :"
timeout-test	Checkout Repository	2026-08-27T04:31:40.6106309Z [command]/usr/bin/git config --local --name-only --get-regexp ^includeIf\.gitdir:
timeout-test	Checkout Repository	2026-08-27T04:31:40.6145689Z [command]/usr/bin/git submodule foreach --recursive git config --local --show-origin --name-only --get-regexp remote.origin.url
timeout-test	Checkout Repository	2026-08-27T04:31:40.6390830Z [command]/usr/bin/git config --local http.https://github.com/.extraheader AUTHORIZATION: basic ***
timeout-test	Checkout Repository	2026-08-27T04:31:40.6513490Z ##[endgroup]
timeout-test	Checkout Repository	2026-08-27T04:31:40.6516660Z ##[group]Fetching the repository
timeout-test	Checkout Repository	2026-08-27T04:31:40.6519063Z [command]/usr/bin/git -c protocol.version=2 fetch --no-tags --prune --no-recurse-submodules --depth=1 origin +71df8b835acf21e9b93906fdab491e08b198fbd9:refs/remotes/origin/feature/timeout-errors
timeout-test	Checkout Repository	2026-08-27T04:31:40.8928797Z From https://github.com/DhruvHegde/dependency-error-repo
timeout-test	Checkout Repository	2026-08-27T04:31:40.8930955Z  * [new ref]         71df8b835acf21e9b93906fdab491e08b198fbd9 -> origin/feature/timeout-errors
timeout-test	Checkout Repository	2026-08-27T04:31:40.8936116Z ##[endgroup]
timeout-test	Checkout Repository	2026-08-27T04:31:40.8937668Z ##[group]Determining the checkout info
timeout-test	Checkout Repository	2026-08-27T04:31:40.8939178Z ##[endgroup]
timeout-test	Checkout Repository	2026-08-27T04:31:40.8944517Z [command]/usr/bin/git sparse-checkout disable
timeout-test	Checkout Repository	2026-08-27T04:31:40.8996976Z [command]/usr/bin/git config --local --unset-all extensions.worktreeConfig
timeout-test	Checkout Repository	2026-08-27T04:31:40.9032480Z ##[group]Checking out the ref
timeout-test	Checkout Repository	2026-08-27T04:31:40.9038770Z [command]/usr/bin/git checkout --progress --force -B feature/timeout-errors refs/remotes/origin/feature/timeout-errors
timeout-test	Checkout Repository	2026-08-27T04:31:40.9109609Z Switched to a new branch 'feature/timeout-errors'
timeout-test	Checkout Repository	2026-08-27T04:31:40.9116096Z branch 'feature/timeout-errors' set up to track 'origin/feature/timeout-errors'.
timeout-test	Checkout Repository	2026-08-27T04:31:40.9121903Z ##[endgroup]
timeout-test	Checkout Repository	2026-08-27T04:31:40.9163098Z [command]/usr/bin/git log -1 --format=%H
timeout-test	Checkout Repository	2026-08-27T04:31:40.9191850Z 71df8b835acf21e9b93906fdab491e08b198fbd9
timeout-test	Setup Python	﻿2026-08-27T04:31:40.9561372Z Node 20 is being deprecated. This workflow is running with Node 24 by default. If you need to temporarily use Node 20, you can set the ACTIONS_ALLOW_USE_UNSECURE_NODE_VERSION=true environment variable. For more information see: https://github.blog/changelog/2025-09-19-deprecation-of-node-20-on-github-actions-runners/
timeout-test	Setup Python	2026-08-27T04:31:40.9567055Z ##[group]Run actions/setup-python@v5
timeout-test	Setup Python	2026-08-27T04:31:40.9568095Z with:
timeout-test	Setup Python	2026-08-27T04:31:40.9568860Z   python-version: 3.11
timeout-test	Setup Python	2026-08-27T04:31:40.9569750Z   check-latest: false
timeout-test	Setup Python	2026-08-27T04:31:40.9579634Z   token: ***
timeout-test	Setup Python	2026-08-27T04:31:40.9580452Z   update-environment: true
timeout-test	Setup Python	2026-08-27T04:31:40.9581433Z   allow-prereleases: false
timeout-test	Setup Python	2026-08-27T04:31:40.9582375Z   freethreaded: false
timeout-test	Setup Python	2026-08-27T04:31:40.9583216Z ##[endgroup]
timeout-test	Setup Python	2026-08-27T04:31:41.0963146Z ##[group]Installed versions
timeout-test	Setup Python	2026-08-27T04:31:41.1091206Z (node:2225) [DEP0040] DeprecationWarning: The `punycode` module is deprecated. Please use a userland alternative instead.
timeout-test	Setup Python	2026-08-27T04:31:41.1094369Z (Use `node --trace-deprecation ...` to show where the warning was created)
timeout-test	Setup Python	2026-08-27T04:31:41.1097086Z Successfully set up CPython (3.11.16)
timeout-test	Setup Python	2026-08-27T04:31:41.1099600Z ##[endgroup]
timeout-test	Install Test Dependencies	﻿2026-08-27T04:31:41.1288725Z ##[group]Run python -m pip install --upgrade pip
timeout-test	Install Test Dependencies	2026-08-27T04:31:41.1290266Z ^[[36;1mpython -m pip install --upgrade pip^[[0m
timeout-test	Install Test Dependencies	2026-08-27T04:31:41.1291499Z ^[[36;1mpip install pytest^[[0m
timeout-test	Install Test Dependencies	2026-08-27T04:31:41.1360350Z shell: /usr/bin/bash -e {0}
timeout-test	Install Test Dependencies	2026-08-27T04:31:41.1361520Z env:
timeout-test	Install Test Dependencies	2026-08-27T04:31:41.1362572Z   pythonLocation: /opt/hostedtoolcache/Python/3.11.16/x64
timeout-test	Install Test Dependencies	2026-08-27T04:31:41.1364587Z   PKG_CONFIG_PATH: /opt/hostedtoolcache/Python/3.11.16/x64/lib/pkgconfig
timeout-test	Install Test Dependencies	2026-08-27T04:31:41.1366379Z   Python_ROOT_DIR: /opt/hostedtoolcache/Python/3.11.16/x64
timeout-test	Install Test Dependencies	2026-08-27T04:31:41.1368702Z   Python2_ROOT_DIR: /opt/hostedtoolcache/Python/3.11.16/x64
timeout-test	Install Test Dependencies	2026-08-27T04:31:41.1371070Z   Python3_ROOT_DIR: /opt/hostedtoolcache/Python/3.11.16/x64
timeout-test	Install Test Dependencies	2026-08-27T04:31:41.1373344Z   LD_LIBRARY_PATH: /opt/hostedtoolcache/Python/3.11.16/x64/lib
timeout-test	Install Test Dependencies	2026-08-27T04:31:41.1375453Z ##[endgroup]
timeout-test	Install Test Dependencies	2026-08-27T04:31:41.6898179Z Requirement already satisfied: pip in /opt/hostedtoolcache/Python/3.11.16/x64/lib/python3.11/site-packages (26.2.1)
timeout-test	Install Test Dependencies	2026-08-27T04:31:42.2647265Z Collecting pytest
timeout-test	Install Test Dependencies	2026-08-27T04:31:42.3280499Z   Downloading pytest-9.1.1-py3-none-any.whl.metadata (7.6 kB)
timeout-test	Install Test Dependencies	2026-08-27T04:31:42.3465070Z Collecting iniconfig>=1.0.1 (from pytest)
timeout-test	Install Test Dependencies	2026-08-27T04:31:42.3539762Z   Downloading iniconfig-2.3.0-py3-none-any.whl.metadata (2.5 kB)
timeout-test	Install Test Dependencies	2026-08-27T04:31:42.3717825Z Collecting packaging>=22 (from pytest)
timeout-test	Install Test Dependencies	2026-08-27T04:31:42.3792833Z   Downloading packaging-26.3-py3-none-any.whl.metadata (3.5 kB)
timeout-test	Install Test Dependencies	2026-08-27T04:31:42.3941677Z Collecting pluggy<2,>=1.5 (from pytest)
timeout-test	Install Test Dependencies	2026-08-27T04:31:42.4028998Z   Downloading pluggy-1.6.0-py3-none-any.whl.metadata (4.8 kB)
timeout-test	Install Test Dependencies	2026-08-27T04:31:42.4237206Z Collecting pygments>=2.7.2 (from pytest)
timeout-test	Install Test Dependencies	2026-08-27T04:31:42.4309250Z   Downloading pygments-2.21.0-py3-none-any.whl.metadata (2.5 kB)
timeout-test	Install Test Dependencies	2026-08-27T04:31:42.4426430Z Downloading pytest-9.1.1-py3-none-any.whl (386 kB)
timeout-test	Install Test Dependencies	2026-08-27T04:31:42.4809113Z Downloading pluggy-1.6.0-py3-none-any.whl (20 kB)
timeout-test	Install Test Dependencies	2026-08-27T04:31:42.4906229Z Downloading iniconfig-2.3.0-py3-none-any.whl (7.5 kB)
timeout-test	Install Test Dependencies	2026-08-27T04:31:42.4994965Z Downloading packaging-26.3-py3-none-any.whl (129 kB)
timeout-test	Install Test Dependencies	2026-08-27T04:31:42.5094507Z Downloading pygments-2.21.0-py3-none-any.whl (1.3 MB)
timeout-test	Install Test Dependencies	2026-08-27T04:31:42.5302985Z    ━━━━━━━━━━━━━━━━━━━━━━━━━━━━━━━━━━━━━━━━ 1.3/1.3 MB 73.6 MB/s  0:00:00
timeout-test	Install Test Dependencies	2026-08-27T04:31:42.5746900Z Installing collected packages: pygments, pluggy, packaging, iniconfig, pytest
timeout-test	Install Test Dependencies	2026-08-27T04:31:43.5632602Z 
timeout-test	Install Test Dependencies	2026-08-27T04:31:43.5642225Z Successfully installed iniconfig-2.3.0 packaging-26.3 pluggy-1.6.0 pygments-2.21.0 pytest-9.1.1
timeout-test	Run Tests	﻿2026-08-27T04:31:43.6170679Z ##[group]Run pytest test_app.py
timeout-test	Run Tests	2026-08-27T04:31:43.6171044Z ^[[36;1mpytest test_app.py^[[0m
timeout-test	Run Tests	2026-08-27T04:31:43.6215547Z shell: /usr/bin/bash -e {0}
timeout-test	Run Tests	2026-08-27T04:31:43.6215831Z env:
timeout-test	Run Tests	2026-08-27T04:31:43.6216121Z   pythonLocation: /opt/hostedtoolcache/Python/3.11.16/x64
timeout-test	Run Tests	2026-08-27T04:31:43.6216577Z   PKG_CONFIG_PATH: /opt/hostedtoolcache/Python/3.11.16/x64/lib/pkgconfig
timeout-test	Run Tests	2026-08-27T04:31:43.6217006Z   Python_ROOT_DIR: /opt/hostedtoolcache/Python/3.11.16/x64
timeout-test	Run Tests	2026-08-27T04:31:43.6217405Z   Python2_ROOT_DIR: /opt/hostedtoolcache/Python/3.11.16/x64
timeout-test	Run Tests	2026-08-27T04:31:43.6217794Z   Python3_ROOT_DIR: /opt/hostedtoolcache/Python/3.11.16/x64
timeout-test	Run Tests	2026-08-27T04:31:43.6218185Z   LD_LIBRARY_PATH: /opt/hostedtoolcache/Python/3.11.16/x64/lib
timeout-test	Run Tests	2026-08-27T04:31:43.6218572Z ##[endgroup]
timeout-test	Run Tests	2026-08-27T04:31:43.9771353Z ============================= test session starts ==============================
timeout-test	Run Tests	2026-08-27T04:31:43.9772471Z platform linux -- Python 3.11.16, pytest-9.1.1, pluggy-1.6.0
timeout-test	Run Tests	2026-08-27T04:31:43.9773127Z rootdir: /home/runner/work/dependency-error-repo/dependency-error-repo
timeout-test	Run Tests	2026-08-27T04:31:43.9773611Z collected 1 item
timeout-test	Run Tests	2026-08-27T04:31:43.9773752Z 
timeout-test	Run Tests	2026-08-27T04:32:56.1224921Z ##[error]The action 'Run Tests' has timed out after 1 minutes.
timeout-test	Post Checkout Repository	﻿2026-08-27T04:32:56.1366922Z Node 20 is being deprecated. This workflow is running with Node 24 by default. If you need to temporarily use Node 20, you can set the ACTIONS_ALLOW_USE_UNSECURE_NODE_VERSION=true environment variable. For more information see: https://github.blog/changelog/2025-09-19-deprecation-of-node-20-on-github-actions-runners/
timeout-test	Post Checkout Repository	2026-08-27T04:32:56.1368105Z Post job cleanup.
timeout-test	Post Checkout Repository	2026-08-27T04:32:56.2309881Z [command]/usr/bin/git version
timeout-test	Post Checkout Repository	2026-08-27T04:32:56.2343275Z git version 2.55.0
timeout-test	Post Checkout Repository	2026-08-27T04:32:56.2380224Z Temporarily overriding HOME='/home/runner/work/_temp/0e005fdb-7afa-4bf4-b483-0a023f0ee94c' before making global git config changes
timeout-test	Post Checkout Repository	2026-08-27T04:32:56.2381858Z Adding repository directory to the temporary git global config as a safe directory
timeout-test	Post Checkout Repository	2026-08-27T04:32:56.2386682Z [command]/usr/bin/git config --global --add safe.directory /home/runner/work/dependency-error-repo/dependency-error-repo
timeout-test	Post Checkout Repository	2026-08-27T04:32:56.2466038Z [command]/usr/bin/git config --local --name-only --get-regexp core\.sshCommand
timeout-test	Post Checkout Repository	2026-08-27T04:32:56.2487270Z [command]/usr/bin/git submodule foreach --recursive sh -c "git config --local --name-only --get-regexp 'core\.sshCommand' && git config --local --unset-all 'core.sshCommand' || :"
timeout-test	Post Checkout Repository	2026-08-27T04:32:56.2757583Z [command]/usr/bin/git config --local --name-only --get-regexp http\.https\:\/\/github\.com\/\.extraheader
timeout-test	Post Checkout Repository	2026-08-27T04:32:56.2789278Z http.https://github.com/.extraheader
timeout-test	Post Checkout Repository	2026-08-27T04:32:56.2801836Z [command]/usr/bin/git config --local --unset-all http.https://github.com/.extraheader
timeout-test	Post Checkout Repository	2026-08-27T04:32:56.2840163Z [command]/usr/bin/git submodule foreach --recursive sh -c "git config --local --name-only --get-regexp 'http\.https\:\/\/github\.com\/\.extraheader' && git config --local --unset-all 'http.https://github.com/.extraheader' || :"
timeout-test	Post Checkout Repository	2026-08-27T04:32:56.3139154Z [command]/usr/bin/git config --local --name-only --get-regexp ^includeIf\.gitdir:
timeout-test	Post Checkout Repository	2026-08-27T04:32:56.3177284Z [command]/usr/bin/git submodule foreach --recursive git config --local --show-origin --name-only --get-regexp remote.origin.url
timeout-test	Complete job	﻿2026-08-27T04:32:56.3591826Z Cleaning up orphan processes
timeout-test	Complete job	2026-08-27T04:32:56.3885545Z Terminate orphan process: pid (2283) (pytest)
timeout-test	Complete job	2026-08-27T04:32:56.3893477Z ##[warning]Node.js 20 is deprecated. The following actions target Node.js 20 but are being forced to run on Node.js 24: actions/checkout@v4, actions/setup-python@v5. For more information see: https://github.blog/changelog/2025-09-19-deprecation-of-node-20-on-github-actions-runners/