timeout-test	Set up job	﻿2026-08-27T04:45:04.5656088Z Current runner version: '2.336.0'
timeout-test	Set up job	2026-08-27T04:45:04.5682342Z ##[group]Runner Image Provisioner
timeout-test	Set up job	2026-08-27T04:45:04.5683355Z Hosted Compute Agent
timeout-test	Set up job	2026-08-27T04:45:04.5684001Z Version: 20260729.566
timeout-test	Set up job	2026-08-27T04:45:04.5684714Z Commit: cf7153fe6e25b664e8693c24944bf2b00355d109
timeout-test	Set up job	2026-08-27T04:45:04.5685535Z Build Date: 2026-07-29T19:17:02Z
timeout-test	Set up job	2026-08-27T04:45:04.5686252Z Worker ID: {179500ec-07c3-4dd6-a118-c4d158bd7096}
timeout-test	Set up job	2026-08-27T04:45:04.5687058Z Azure Region: westcentralus
timeout-test	Set up job	2026-08-27T04:45:04.5687753Z ##[endgroup]
timeout-test	Set up job	2026-08-27T04:45:04.5689287Z ##[group]Operating System
timeout-test	Set up job	2026-08-27T04:45:04.5690415Z Ubuntu
timeout-test	Set up job	2026-08-27T04:45:04.5691005Z 24.04.4
timeout-test	Set up job	2026-08-27T04:45:04.5691709Z LTS
timeout-test	Set up job	2026-08-27T04:45:04.5692262Z ##[endgroup]
timeout-test	Set up job	2026-08-27T04:45:04.5692832Z ##[group]Runner Image
timeout-test	Set up job	2026-08-27T04:45:04.5693564Z Image: ubuntu-24.04
timeout-test	Set up job	2026-08-27T04:45:04.5694171Z Version: 20260816.277.1
timeout-test	Set up job	2026-08-27T04:45:04.5695316Z Included Software: https://github.com/actions/runner-images/blob/ubuntu24/20260816.277/images/ubuntu/Ubuntu2404-Readme.md
timeout-test	Set up job	2026-08-27T04:45:04.5697457Z Image Release: https://github.com/actions/runner-images/releases/tag/ubuntu24%2F20260816.277
timeout-test	Set up job	2026-08-27T04:45:04.5698605Z ##[endgroup]
timeout-test	Set up job	2026-08-27T04:45:04.5700072Z ##[group]GITHUB_TOKEN Permissions
timeout-test	Set up job	2026-08-27T04:45:04.5702355Z Contents: read
timeout-test	Set up job	2026-08-27T04:45:04.5703096Z Metadata: read
timeout-test	Set up job	2026-08-27T04:45:04.5703813Z Packages: read
timeout-test	Set up job	2026-08-27T04:45:04.5704428Z ##[endgroup]
timeout-test	Set up job	2026-08-27T04:45:04.5706875Z Secret source: Actions
timeout-test	Set up job	2026-08-27T04:45:04.5708094Z Prepare workflow directory
timeout-test	Set up job	2026-08-27T04:45:04.6063940Z Prepare all required actions
timeout-test	Set up job	2026-08-27T04:45:04.6111467Z Getting action download info
timeout-test	Set up job	2026-08-27T04:45:04.9052616Z Download action repository 'actions/checkout@v4' (SHA:11d5960a326750d5838078e36cf38b85af677262)
timeout-test	Set up job	2026-08-27T04:45:05.0208905Z Download action repository 'actions/setup-python@v5' (SHA:a26af69be951a213d495a4c3e4e4022e16d87065)
timeout-test	Set up job	2026-08-27T04:45:05.2051691Z Complete job name: timeout-test
timeout-test	Checkout Repository	﻿2026-08-27T04:45:05.2833843Z Node 20 is being deprecated. This workflow is running with Node 24 by default. If you need to temporarily use Node 20, you can set the ACTIONS_ALLOW_USE_UNSECURE_NODE_VERSION=true environment variable. For more information see: https://github.blog/changelog/2025-09-19-deprecation-of-node-20-on-github-actions-runners/
timeout-test	Checkout Repository	2026-08-27T04:45:05.2843224Z ##[group]Run actions/checkout@v4
timeout-test	Checkout Repository	2026-08-27T04:45:05.2844017Z with:
timeout-test	Checkout Repository	2026-08-27T04:45:05.2844552Z   repository: DhruvHegde/dependency-error-repo
timeout-test	Checkout Repository	2026-08-27T04:45:05.2848385Z   token: ***
timeout-test	Checkout Repository	2026-08-27T04:45:05.2848856Z   ssh-strict: true
timeout-test	Checkout Repository	2026-08-27T04:45:05.2849324Z   ssh-user: git
timeout-test	Checkout Repository	2026-08-27T04:45:05.2849984Z   persist-credentials: true
timeout-test	Checkout Repository	2026-08-27T04:45:05.2850528Z   clean: true
timeout-test	Checkout Repository	2026-08-27T04:45:05.2851011Z   sparse-checkout-cone-mode: true
timeout-test	Checkout Repository	2026-08-27T04:45:05.2851577Z   fetch-depth: 1
timeout-test	Checkout Repository	2026-08-27T04:45:05.2852049Z   fetch-tags: false
timeout-test	Checkout Repository	2026-08-27T04:45:05.2852528Z   show-progress: true
timeout-test	Checkout Repository	2026-08-27T04:45:05.2853007Z   lfs: false
timeout-test	Checkout Repository	2026-08-27T04:45:05.2853444Z   submodules: false
timeout-test	Checkout Repository	2026-08-27T04:45:05.2853962Z   set-safe-directory: true
timeout-test	Checkout Repository	2026-08-27T04:45:05.2854511Z   allow-unsafe-pr-checkout: false
timeout-test	Checkout Repository	2026-08-27T04:45:05.2855315Z ##[endgroup]
timeout-test	Checkout Repository	2026-08-27T04:45:05.3866015Z Syncing repository: DhruvHegde/dependency-error-repo
timeout-test	Checkout Repository	2026-08-27T04:45:05.3868763Z ##[group]Getting Git version info
timeout-test	Checkout Repository	2026-08-27T04:45:05.3870395Z Working directory is '/home/runner/work/dependency-error-repo/dependency-error-repo'
timeout-test	Checkout Repository	2026-08-27T04:45:05.3872313Z [command]/usr/bin/git version
timeout-test	Checkout Repository	2026-08-27T04:45:05.3968405Z git version 2.55.0
timeout-test	Checkout Repository	2026-08-27T04:45:05.4024349Z ##[endgroup]
timeout-test	Checkout Repository	2026-08-27T04:45:05.4043958Z Temporarily overriding HOME='/home/runner/work/_temp/82d1ffeb-9e28-414a-ab6f-2b4ed1ec95da' before making global git config changes
timeout-test	Checkout Repository	2026-08-27T04:45:05.4046917Z Adding repository directory to the temporary git global config as a safe directory
timeout-test	Checkout Repository	2026-08-27T04:45:05.4050861Z [command]/usr/bin/git config --global --add safe.directory /home/runner/work/dependency-error-repo/dependency-error-repo
timeout-test	Checkout Repository	2026-08-27T04:45:05.4110997Z Deleting the contents of '/home/runner/work/dependency-error-repo/dependency-error-repo'
timeout-test	Checkout Repository	2026-08-27T04:45:05.4117362Z ##[group]Initializing the repository
timeout-test	Checkout Repository	2026-08-27T04:45:05.4123504Z [command]/usr/bin/git init /home/runner/work/dependency-error-repo/dependency-error-repo
timeout-test	Checkout Repository	2026-08-27T04:45:05.4272546Z hint: Using 'master' as the name for the initial branch. This default branch name
timeout-test	Checkout Repository	2026-08-27T04:45:05.4274992Z hint: will change to "main" in Git 3.0. To configure the initial branch name
timeout-test	Checkout Repository	2026-08-27T04:45:05.4276908Z hint: to use in all of your new repositories, which will suppress this warning,
timeout-test	Checkout Repository	2026-08-27T04:45:05.4278438Z hint: call:
timeout-test	Checkout Repository	2026-08-27T04:45:05.4280080Z hint:
timeout-test	Checkout Repository	2026-08-27T04:45:05.4281358Z hint: 	git config --global init.defaultBranch <name>
timeout-test	Checkout Repository	2026-08-27T04:45:05.4282740Z hint:
timeout-test	Checkout Repository	2026-08-27T04:45:05.4284020Z hint: Names commonly chosen instead of 'master' are 'main', 'trunk' and
timeout-test	Checkout Repository	2026-08-27T04:45:05.4285397Z hint: 'development'. The just-created branch can be renamed via this command:
timeout-test	Checkout Repository	2026-08-27T04:45:05.4286602Z hint:
timeout-test	Checkout Repository	2026-08-27T04:45:05.4287581Z hint: 	git branch -m <name>
timeout-test	Checkout Repository	2026-08-27T04:45:05.4288452Z hint:
timeout-test	Checkout Repository	2026-08-27T04:45:05.4289480Z hint: Disable this message with "git config set advice.defaultBranchName false"
timeout-test	Checkout Repository	2026-08-27T04:45:05.4291619Z Initialized empty Git repository in /home/runner/work/dependency-error-repo/dependency-error-repo/.git/
timeout-test	Checkout Repository	2026-08-27T04:45:05.4293727Z [command]/usr/bin/git remote add origin https://github.com/DhruvHegde/dependency-error-repo
timeout-test	Checkout Repository	2026-08-27T04:45:05.4335815Z ##[endgroup]
timeout-test	Checkout Repository	2026-08-27T04:45:05.4337156Z ##[group]Disabling automatic garbage collection
timeout-test	Checkout Repository	2026-08-27T04:45:05.4339414Z [command]/usr/bin/git config --local gc.auto 0
timeout-test	Checkout Repository	2026-08-27T04:45:05.4388025Z ##[endgroup]
timeout-test	Checkout Repository	2026-08-27T04:45:05.4389252Z ##[group]Setting up auth
timeout-test	Checkout Repository	2026-08-27T04:45:05.4394388Z [command]/usr/bin/git config --local --name-only --get-regexp core\.sshCommand
timeout-test	Checkout Repository	2026-08-27T04:45:05.4433803Z [command]/usr/bin/git submodule foreach --recursive sh -c "git config --local --name-only --get-regexp 'core\.sshCommand' && git config --local --unset-all 'core.sshCommand' || :"
timeout-test	Checkout Repository	2026-08-27T04:45:05.4883280Z [command]/usr/bin/git config --local --name-only --get-regexp http\.https\:\/\/github\.com\/\.extraheader
timeout-test	Checkout Repository	2026-08-27T04:45:05.4921666Z [command]/usr/bin/git submodule foreach --recursive sh -c "git config --local --name-only --get-regexp 'http\.https\:\/\/github\.com\/\.extraheader' && git config --local --unset-all 'http.https://github.com/.extraheader' || :"
timeout-test	Checkout Repository	2026-08-27T04:45:05.5149896Z [command]/usr/bin/git config --local --name-only --get-regexp ^includeIf\.gitdir:
timeout-test	Checkout Repository	2026-08-27T04:45:05.5187577Z [command]/usr/bin/git submodule foreach --recursive git config --local --show-origin --name-only --get-regexp remote.origin.url
timeout-test	Checkout Repository	2026-08-27T04:45:05.5429130Z [command]/usr/bin/git config --local http.https://github.com/.extraheader AUTHORIZATION: basic ***
timeout-test	Checkout Repository	2026-08-27T04:45:05.5468673Z ##[endgroup]
timeout-test	Checkout Repository	2026-08-27T04:45:05.5469909Z ##[group]Fetching the repository
timeout-test	Checkout Repository	2026-08-27T04:45:05.5479374Z [command]/usr/bin/git -c protocol.version=2 fetch --no-tags --prune --no-recurse-submodules --depth=1 origin +6290c0a6e50491e0131cc9c951ff1c844f745431:refs/remotes/origin/feature/timeout-errors
timeout-test	Checkout Repository	2026-08-27T04:45:05.9708016Z From https://github.com/DhruvHegde/dependency-error-repo
timeout-test	Checkout Repository	2026-08-27T04:45:05.9709173Z  * [new ref]         6290c0a6e50491e0131cc9c951ff1c844f745431 -> origin/feature/timeout-errors
timeout-test	Checkout Repository	2026-08-27T04:45:05.9713288Z ##[endgroup]
timeout-test	Checkout Repository	2026-08-27T04:45:05.9714074Z ##[group]Determining the checkout info
timeout-test	Checkout Repository	2026-08-27T04:45:05.9716021Z ##[endgroup]
timeout-test	Checkout Repository	2026-08-27T04:45:05.9722379Z [command]/usr/bin/git sparse-checkout disable
timeout-test	Checkout Repository	2026-08-27T04:45:05.9778545Z [command]/usr/bin/git config --local --unset-all extensions.worktreeConfig
timeout-test	Checkout Repository	2026-08-27T04:45:05.9810324Z ##[group]Checking out the ref
timeout-test	Checkout Repository	2026-08-27T04:45:05.9815173Z [command]/usr/bin/git checkout --progress --force -B feature/timeout-errors refs/remotes/origin/feature/timeout-errors
timeout-test	Checkout Repository	2026-08-27T04:45:05.9887703Z Switched to a new branch 'feature/timeout-errors'
timeout-test	Checkout Repository	2026-08-27T04:45:05.9894257Z branch 'feature/timeout-errors' set up to track 'origin/feature/timeout-errors'.
timeout-test	Checkout Repository	2026-08-27T04:45:05.9899469Z ##[endgroup]
timeout-test	Checkout Repository	2026-08-27T04:45:05.9942741Z [command]/usr/bin/git log -1 --format=%H
timeout-test	Checkout Repository	2026-08-27T04:45:05.9968979Z 6290c0a6e50491e0131cc9c951ff1c844f745431
timeout-test	Setup Python	﻿2026-08-27T04:45:06.0255531Z Node 20 is being deprecated. This workflow is running with Node 24 by default. If you need to temporarily use Node 20, you can set the ACTIONS_ALLOW_USE_UNSECURE_NODE_VERSION=true environment variable. For more information see: https://github.blog/changelog/2025-09-19-deprecation-of-node-20-on-github-actions-runners/
timeout-test	Setup Python	2026-08-27T04:45:06.0258228Z ##[group]Run actions/setup-python@v5
timeout-test	Setup Python	2026-08-27T04:45:06.0258785Z with:
timeout-test	Setup Python	2026-08-27T04:45:06.0259202Z   python-version: 3.11
timeout-test	Setup Python	2026-08-27T04:45:06.0260021Z   check-latest: false
timeout-test	Setup Python	2026-08-27T04:45:06.0263724Z   token: ***
timeout-test	Setup Python	2026-08-27T04:45:06.0264174Z   update-environment: true
timeout-test	Setup Python	2026-08-27T04:45:06.0264716Z   allow-prereleases: false
timeout-test	Setup Python	2026-08-27T04:45:06.0265222Z   freethreaded: false
timeout-test	Setup Python	2026-08-27T04:45:06.0265693Z ##[endgroup]
timeout-test	Setup Python	2026-08-27T04:45:06.1631164Z ##[group]Installed versions
timeout-test	Setup Python	2026-08-27T04:45:06.1733848Z (node:2322) [DEP0040] DeprecationWarning: The `punycode` module is deprecated. Please use a userland alternative instead.
timeout-test	Setup Python	2026-08-27T04:45:06.1736245Z (Use `node --trace-deprecation ...` to show where the warning was created)
timeout-test	Setup Python	2026-08-27T04:45:06.1737974Z Successfully set up CPython (3.11.16)
timeout-test	Setup Python	2026-08-27T04:45:06.1739597Z ##[endgroup]
timeout-test	Install Test Dependencies	﻿2026-08-27T04:45:06.1964569Z ##[group]Run python -m pip install --upgrade pip
timeout-test	Install Test Dependencies	2026-08-27T04:45:06.1965884Z ^[[36;1mpython -m pip install --upgrade pip^[[0m
timeout-test	Install Test Dependencies	2026-08-27T04:45:06.1967145Z ^[[36;1mpip install pytest^[[0m
timeout-test	Install Test Dependencies	2026-08-27T04:45:06.2037165Z shell: /usr/bin/bash -e {0}
timeout-test	Install Test Dependencies	2026-08-27T04:45:06.2039151Z env:
timeout-test	Install Test Dependencies	2026-08-27T04:45:06.2040305Z   pythonLocation: /opt/hostedtoolcache/Python/3.11.16/x64
timeout-test	Install Test Dependencies	2026-08-27T04:45:06.2041880Z   PKG_CONFIG_PATH: /opt/hostedtoolcache/Python/3.11.16/x64/lib/pkgconfig
timeout-test	Install Test Dependencies	2026-08-27T04:45:06.2043425Z   Python_ROOT_DIR: /opt/hostedtoolcache/Python/3.11.16/x64
timeout-test	Install Test Dependencies	2026-08-27T04:45:06.2044789Z   Python2_ROOT_DIR: /opt/hostedtoolcache/Python/3.11.16/x64
timeout-test	Install Test Dependencies	2026-08-27T04:45:06.2046248Z   Python3_ROOT_DIR: /opt/hostedtoolcache/Python/3.11.16/x64
timeout-test	Install Test Dependencies	2026-08-27T04:45:06.2048448Z   LD_LIBRARY_PATH: /opt/hostedtoolcache/Python/3.11.16/x64/lib
timeout-test	Install Test Dependencies	2026-08-27T04:45:06.2050374Z ##[endgroup]
timeout-test	Install Test Dependencies	2026-08-27T04:45:06.9684380Z Requirement already satisfied: pip in /opt/hostedtoolcache/Python/3.11.16/x64/lib/python3.11/site-packages (26.2.1)
timeout-test	Install Test Dependencies	2026-08-27T04:45:07.6621764Z Collecting pytest
timeout-test	Install Test Dependencies	2026-08-27T04:45:07.7785585Z   Downloading pytest-9.1.1-py3-none-any.whl.metadata (7.6 kB)
timeout-test	Install Test Dependencies	2026-08-27T04:45:07.8075121Z Collecting iniconfig>=1.0.1 (from pytest)
timeout-test	Install Test Dependencies	2026-08-27T04:45:07.8271192Z   Downloading iniconfig-2.3.0-py3-none-any.whl.metadata (2.5 kB)
timeout-test	Install Test Dependencies	2026-08-27T04:45:07.8592335Z Collecting packaging>=22 (from pytest)
timeout-test	Install Test Dependencies	2026-08-27T04:45:07.8787086Z   Downloading packaging-26.3-py3-none-any.whl.metadata (3.5 kB)
timeout-test	Install Test Dependencies	2026-08-27T04:45:07.9091614Z Collecting pluggy<2,>=1.5 (from pytest)
timeout-test	Install Test Dependencies	2026-08-27T04:45:07.9288484Z   Downloading pluggy-1.6.0-py3-none-any.whl.metadata (4.8 kB)
timeout-test	Install Test Dependencies	2026-08-27T04:45:07.9658400Z Collecting pygments>=2.7.2 (from pytest)
timeout-test	Install Test Dependencies	2026-08-27T04:45:07.9851552Z   Downloading pygments-2.21.0-py3-none-any.whl.metadata (2.5 kB)
timeout-test	Install Test Dependencies	2026-08-27T04:45:08.0106214Z Downloading pytest-9.1.1-py3-none-any.whl (386 kB)
timeout-test	Install Test Dependencies	2026-08-27T04:45:08.1008896Z Downloading pluggy-1.6.0-py3-none-any.whl (20 kB)
timeout-test	Install Test Dependencies	2026-08-27T04:45:08.1223986Z Downloading iniconfig-2.3.0-py3-none-any.whl (7.5 kB)
timeout-test	Install Test Dependencies	2026-08-27T04:45:08.1447550Z Downloading packaging-26.3-py3-none-any.whl (129 kB)
timeout-test	Install Test Dependencies	2026-08-27T04:45:08.1685693Z Downloading pygments-2.21.0-py3-none-any.whl (1.3 MB)
timeout-test	Install Test Dependencies	2026-08-27T04:45:08.2277587Z    ━━━━━━━━━━━━━━━━━━━━━━━━━━━━━━━━━━━━━━━━ 1.3/1.3 MB 19.1 MB/s  0:00:00
timeout-test	Install Test Dependencies	2026-08-27T04:45:08.2778185Z Installing collected packages: pygments, pluggy, packaging, iniconfig, pytest
timeout-test	Install Test Dependencies	2026-08-27T04:45:09.2518041Z 
timeout-test	Install Test Dependencies	2026-08-27T04:45:09.2529173Z Successfully installed iniconfig-2.3.0 packaging-26.3 pluggy-1.6.0 pygments-2.21.0 pytest-9.1.1
timeout-test	Run Tests	﻿2026-08-27T04:45:09.3086991Z ##[group]Run pytest test_app.py
timeout-test	Run Tests	2026-08-27T04:45:09.3087346Z ^[[36;1mpytest test_app.py^[[0m
timeout-test	Run Tests	2026-08-27T04:45:09.3126902Z shell: /usr/bin/bash -e {0}
timeout-test	Run Tests	2026-08-27T04:45:09.3127181Z env:
timeout-test	Run Tests	2026-08-27T04:45:09.3127463Z   pythonLocation: /opt/hostedtoolcache/Python/3.11.16/x64
timeout-test	Run Tests	2026-08-27T04:45:09.3127909Z   PKG_CONFIG_PATH: /opt/hostedtoolcache/Python/3.11.16/x64/lib/pkgconfig
timeout-test	Run Tests	2026-08-27T04:45:09.3128376Z   Python_ROOT_DIR: /opt/hostedtoolcache/Python/3.11.16/x64
timeout-test	Run Tests	2026-08-27T04:45:09.3128770Z   Python2_ROOT_DIR: /opt/hostedtoolcache/Python/3.11.16/x64
timeout-test	Run Tests	2026-08-27T04:45:09.3129171Z   Python3_ROOT_DIR: /opt/hostedtoolcache/Python/3.11.16/x64
timeout-test	Run Tests	2026-08-27T04:45:09.3129567Z   LD_LIBRARY_PATH: /opt/hostedtoolcache/Python/3.11.16/x64/lib
timeout-test	Run Tests	2026-08-27T04:45:09.3130186Z ##[endgroup]
timeout-test	Run Tests	2026-08-27T04:45:09.5474730Z ============================= test session starts ==============================
timeout-test	Run Tests	2026-08-27T04:45:09.5475409Z platform linux -- Python 3.11.16, pytest-9.1.1, pluggy-1.6.0
timeout-test	Run Tests	2026-08-27T04:45:09.5476206Z rootdir: /home/runner/work/dependency-error-repo/dependency-error-repo
timeout-test	Run Tests	2026-08-27T04:45:09.5476830Z collected 1 item
timeout-test	Run Tests	2026-08-27T04:45:09.5477006Z 
timeout-test	Run Tests	2026-08-27T04:46:21.8144163Z ##[error]The action 'Run Tests' has timed out after 1 minutes.
timeout-test	Post Checkout Repository	﻿2026-08-27T04:46:21.8285884Z Node 20 is being deprecated. This workflow is running with Node 24 by default. If you need to temporarily use Node 20, you can set the ACTIONS_ALLOW_USE_UNSECURE_NODE_VERSION=true environment variable. For more information see: https://github.blog/changelog/2025-09-19-deprecation-of-node-20-on-github-actions-runners/
timeout-test	Post Checkout Repository	2026-08-27T04:46:21.8287184Z Post job cleanup.
timeout-test	Post Checkout Repository	2026-08-27T04:46:21.9213098Z [command]/usr/bin/git version
timeout-test	Post Checkout Repository	2026-08-27T04:46:21.9264918Z git version 2.55.0
timeout-test	Post Checkout Repository	2026-08-27T04:46:21.9312962Z Temporarily overriding HOME='/home/runner/work/_temp/d2f827be-a964-4dd2-a4ee-b8021830eeb2' before making global git config changes
timeout-test	Post Checkout Repository	2026-08-27T04:46:21.9314871Z Adding repository directory to the temporary git global config as a safe directory
timeout-test	Post Checkout Repository	2026-08-27T04:46:21.9320259Z [command]/usr/bin/git config --global --add safe.directory /home/runner/work/dependency-error-repo/dependency-error-repo
timeout-test	Post Checkout Repository	2026-08-27T04:46:21.9371791Z [command]/usr/bin/git config --local --name-only --get-regexp core\.sshCommand
timeout-test	Post Checkout Repository	2026-08-27T04:46:21.9420668Z [command]/usr/bin/git submodule foreach --recursive sh -c "git config --local --name-only --get-regexp 'core\.sshCommand' && git config --local --unset-all 'core.sshCommand' || :"
timeout-test	Post Checkout Repository	2026-08-27T04:46:21.9702114Z [command]/usr/bin/git config --local --name-only --get-regexp http\.https\:\/\/github\.com\/\.extraheader
timeout-test	Post Checkout Repository	2026-08-27T04:46:21.9733672Z http.https://github.com/.extraheader
timeout-test	Post Checkout Repository	2026-08-27T04:46:21.9748700Z [command]/usr/bin/git config --local --unset-all http.https://github.com/.extraheader
timeout-test	Post Checkout Repository	2026-08-27T04:46:21.9791504Z [command]/usr/bin/git submodule foreach --recursive sh -c "git config --local --name-only --get-regexp 'http\.https\:\/\/github\.com\/\.extraheader' && git config --local --unset-all 'http.https://github.com/.extraheader' || :"
timeout-test	Post Checkout Repository	2026-08-27T04:46:22.0064780Z [command]/usr/bin/git config --local --name-only --get-regexp ^includeIf\.gitdir:
timeout-test	Post Checkout Repository	2026-08-27T04:46:22.0110934Z [command]/usr/bin/git submodule foreach --recursive git config --local --show-origin --name-only --get-regexp remote.origin.url
timeout-test	Complete job	﻿2026-08-27T04:46:22.0557607Z Cleaning up orphan processes
timeout-test	Complete job	2026-08-27T04:46:22.0889857Z Terminate orphan process: pid (2381) (pytest)
timeout-test	Complete job	2026-08-27T04:46:22.0900492Z ##[warning]Node.js 20 is deprecated. The following actions target Node.js 20 but are being forced to run on Node.js 24: actions/checkout@v4, actions/setup-python@v5. For more information see: https://github.blog/changelog/2025-09-19-deprecation-of-node-20-on-github-actions-runners/