timeout-test	UNKNOWN STEP	﻿2026-08-27T06:12:22.4911831Z Current runner version: '2.336.0'
timeout-test	UNKNOWN STEP	2026-08-27T06:12:22.4931815Z ##[group]Runner Image Provisioner
timeout-test	UNKNOWN STEP	2026-08-27T06:12:22.4932677Z Hosted Compute Agent
timeout-test	UNKNOWN STEP	2026-08-27T06:12:22.4933192Z Version: 20260729.566
timeout-test	UNKNOWN STEP	2026-08-27T06:12:22.4933764Z Commit: cf7153fe6e25b664e8693c24944bf2b00355d109
timeout-test	UNKNOWN STEP	2026-08-27T06:12:22.4934358Z Build Date: 2026-07-29T19:17:02Z
timeout-test	UNKNOWN STEP	2026-08-27T06:12:22.4934902Z Worker ID: {35e01b76-7e43-493d-9fbd-0a6a79900bc5}
timeout-test	UNKNOWN STEP	2026-08-27T06:12:22.4935586Z Azure Region: westus3
timeout-test	UNKNOWN STEP	2026-08-27T06:12:22.4936090Z ##[endgroup]
timeout-test	UNKNOWN STEP	2026-08-27T06:12:22.4937224Z ##[group]Operating System
timeout-test	UNKNOWN STEP	2026-08-27T06:12:22.4937742Z Ubuntu
timeout-test	UNKNOWN STEP	2026-08-27T06:12:22.4938163Z 24.04.4
timeout-test	UNKNOWN STEP	2026-08-27T06:12:22.4938651Z LTS
timeout-test	UNKNOWN STEP	2026-08-27T06:12:22.4939112Z ##[endgroup]
timeout-test	UNKNOWN STEP	2026-08-27T06:12:22.4939636Z ##[group]Runner Image
timeout-test	UNKNOWN STEP	2026-08-27T06:12:22.4940140Z Image: ubuntu-24.04
timeout-test	UNKNOWN STEP	2026-08-27T06:12:22.4940609Z Version: 20260816.277.1
timeout-test	UNKNOWN STEP	2026-08-27T06:12:22.4941674Z Included Software: https://github.com/actions/runner-images/blob/ubuntu24/20260816.277/images/ubuntu/Ubuntu2404-Readme.md
timeout-test	UNKNOWN STEP	2026-08-27T06:12:22.4943358Z Image Release: https://github.com/actions/runner-images/releases/tag/ubuntu24%2F20260816.277
timeout-test	UNKNOWN STEP	2026-08-27T06:12:22.4944179Z ##[endgroup]
timeout-test	UNKNOWN STEP	2026-08-27T06:12:22.4945183Z ##[group]GITHUB_TOKEN Permissions
timeout-test	UNKNOWN STEP	2026-08-27T06:12:22.4946965Z Contents: read
timeout-test	UNKNOWN STEP	2026-08-27T06:12:22.4947445Z Metadata: read
timeout-test	UNKNOWN STEP	2026-08-27T06:12:22.4947991Z Packages: read
timeout-test	UNKNOWN STEP	2026-08-27T06:12:22.4948454Z ##[endgroup]
timeout-test	UNKNOWN STEP	2026-08-27T06:12:22.4950455Z Secret source: Actions
timeout-test	UNKNOWN STEP	2026-08-27T06:12:22.4951356Z Prepare workflow directory
timeout-test	UNKNOWN STEP	2026-08-27T06:12:22.5221422Z Prepare all required actions
timeout-test	UNKNOWN STEP	2026-08-27T06:12:22.5276000Z Getting action download info
timeout-test	UNKNOWN STEP	2026-08-27T06:12:22.7919550Z Download action repository 'actions/checkout@v4' (SHA:11d5960a326750d5838078e36cf38b85af677262)
timeout-test	UNKNOWN STEP	2026-08-27T06:12:22.9271711Z Download action repository 'actions/setup-python@v5' (SHA:a26af69be951a213d495a4c3e4e4022e16d87065)
timeout-test	UNKNOWN STEP	2026-08-27T06:12:23.0721676Z Complete job name: timeout-test
timeout-test	UNKNOWN STEP	2026-08-27T06:12:23.1339702Z Node 20 is being deprecated. This workflow is running with Node 24 by default. If you need to temporarily use Node 20, you can set the ACTIONS_ALLOW_USE_UNSECURE_NODE_VERSION=true environment variable. For more information see: https://github.blog/changelog/2025-09-19-deprecation-of-node-20-on-github-actions-runners/
timeout-test	UNKNOWN STEP	2026-08-27T06:12:23.1347055Z ##[group]Run actions/checkout@v4
timeout-test	UNKNOWN STEP	2026-08-27T06:12:23.1347607Z with:
timeout-test	UNKNOWN STEP	2026-08-27T06:12:23.1347999Z   repository: DhruvHegde/dependency-error-repo
timeout-test	UNKNOWN STEP	2026-08-27T06:12:23.1350975Z   token: ***
timeout-test	UNKNOWN STEP	2026-08-27T06:12:23.1351326Z   ssh-strict: true
timeout-test	UNKNOWN STEP	2026-08-27T06:12:23.1351679Z   ssh-user: git
timeout-test	UNKNOWN STEP	2026-08-27T06:12:23.1352031Z   persist-credentials: true
timeout-test	UNKNOWN STEP	2026-08-27T06:12:23.1352745Z   clean: true
timeout-test	UNKNOWN STEP	2026-08-27T06:12:23.1353105Z   sparse-checkout-cone-mode: true
timeout-test	UNKNOWN STEP	2026-08-27T06:12:23.1353515Z   fetch-depth: 1
timeout-test	UNKNOWN STEP	2026-08-27T06:12:23.1353861Z   fetch-tags: false
timeout-test	UNKNOWN STEP	2026-08-27T06:12:23.1354217Z   show-progress: true
timeout-test	UNKNOWN STEP	2026-08-27T06:12:23.1354568Z   lfs: false
timeout-test	UNKNOWN STEP	2026-08-27T06:12:23.1354937Z   submodules: false
timeout-test	UNKNOWN STEP	2026-08-27T06:12:23.1355286Z   set-safe-directory: true
timeout-test	UNKNOWN STEP	2026-08-27T06:12:23.1355688Z   allow-unsafe-pr-checkout: false
timeout-test	UNKNOWN STEP	2026-08-27T06:12:23.1356285Z ##[endgroup]
timeout-test	UNKNOWN STEP	2026-08-27T06:12:23.2179128Z Syncing repository: DhruvHegde/dependency-error-repo
timeout-test	UNKNOWN STEP	2026-08-27T06:12:23.2181154Z ##[group]Getting Git version info
timeout-test	UNKNOWN STEP	2026-08-27T06:12:23.2182398Z Working directory is '/home/runner/work/dependency-error-repo/dependency-error-repo'
timeout-test	UNKNOWN STEP	2026-08-27T06:12:23.2183893Z [command]/usr/bin/git version
timeout-test	UNKNOWN STEP	2026-08-27T06:12:23.2230669Z git version 2.55.0
timeout-test	UNKNOWN STEP	2026-08-27T06:12:23.2247562Z ##[endgroup]
timeout-test	UNKNOWN STEP	2026-08-27T06:12:23.2260431Z Temporarily overriding HOME='/home/runner/work/_temp/c5b1c69f-3ae3-4cc9-8351-7b34992f8a80' before making global git config changes
timeout-test	UNKNOWN STEP	2026-08-27T06:12:23.2265165Z Adding repository directory to the temporary git global config as a safe directory
timeout-test	UNKNOWN STEP	2026-08-27T06:12:23.2266414Z [command]/usr/bin/git config --global --add safe.directory /home/runner/work/dependency-error-repo/dependency-error-repo
timeout-test	UNKNOWN STEP	2026-08-27T06:12:23.2310656Z Deleting the contents of '/home/runner/work/dependency-error-repo/dependency-error-repo'
timeout-test	UNKNOWN STEP	2026-08-27T06:12:23.2313425Z ##[group]Initializing the repository
timeout-test	UNKNOWN STEP	2026-08-27T06:12:23.2317745Z [command]/usr/bin/git init /home/runner/work/dependency-error-repo/dependency-error-repo
timeout-test	UNKNOWN STEP	2026-08-27T06:12:23.2416036Z hint: Using 'master' as the name for the initial branch. This default branch name
timeout-test	UNKNOWN STEP	2026-08-27T06:12:23.2416920Z hint: will change to "main" in Git 3.0. To configure the initial branch name
timeout-test	UNKNOWN STEP	2026-08-27T06:12:23.2418074Z hint: to use in all of your new repositories, which will suppress this warning,
timeout-test	UNKNOWN STEP	2026-08-27T06:12:23.2419018Z hint: call:
timeout-test	UNKNOWN STEP	2026-08-27T06:12:23.2419355Z hint:
timeout-test	UNKNOWN STEP	2026-08-27T06:12:23.2419992Z hint: 	git config --global init.defaultBranch <name>
timeout-test	UNKNOWN STEP	2026-08-27T06:12:23.2420744Z hint:
timeout-test	UNKNOWN STEP	2026-08-27T06:12:23.2421474Z hint: Names commonly chosen instead of 'master' are 'main', 'trunk' and
timeout-test	UNKNOWN STEP	2026-08-27T06:12:23.2422816Z hint: 'development'. The just-created branch can be renamed via this command:
timeout-test	UNKNOWN STEP	2026-08-27T06:12:23.2423732Z hint:
timeout-test	UNKNOWN STEP	2026-08-27T06:12:23.2424265Z hint: 	git branch -m <name>
timeout-test	UNKNOWN STEP	2026-08-27T06:12:23.2424871Z hint:
timeout-test	UNKNOWN STEP	2026-08-27T06:12:23.2425876Z hint: Disable this message with "git config set advice.defaultBranchName false"
timeout-test	UNKNOWN STEP	2026-08-27T06:12:23.2427283Z Initialized empty Git repository in /home/runner/work/dependency-error-repo/dependency-error-repo/.git/
timeout-test	UNKNOWN STEP	2026-08-27T06:12:23.2430021Z [command]/usr/bin/git remote add origin https://github.com/DhruvHegde/dependency-error-repo
timeout-test	UNKNOWN STEP	2026-08-27T06:12:23.2470256Z ##[endgroup]
timeout-test	UNKNOWN STEP	2026-08-27T06:12:23.2471294Z ##[group]Disabling automatic garbage collection
timeout-test	UNKNOWN STEP	2026-08-27T06:12:23.2473431Z [command]/usr/bin/git config --local gc.auto 0
timeout-test	UNKNOWN STEP	2026-08-27T06:12:23.2500138Z ##[endgroup]
timeout-test	UNKNOWN STEP	2026-08-27T06:12:23.2501188Z ##[group]Setting up auth
timeout-test	UNKNOWN STEP	2026-08-27T06:12:23.2506863Z [command]/usr/bin/git config --local --name-only --get-regexp core\.sshCommand
timeout-test	UNKNOWN STEP	2026-08-27T06:12:23.2536802Z [command]/usr/bin/git submodule foreach --recursive sh -c "git config --local --name-only --get-regexp 'core\.sshCommand' && git config --local --unset-all 'core.sshCommand' || :"
timeout-test	UNKNOWN STEP	2026-08-27T06:12:23.2859880Z [command]/usr/bin/git config --local --name-only --get-regexp http\.https\:\/\/github\.com\/\.extraheader
timeout-test	UNKNOWN STEP	2026-08-27T06:12:23.2892420Z [command]/usr/bin/git submodule foreach --recursive sh -c "git config --local --name-only --get-regexp 'http\.https\:\/\/github\.com\/\.extraheader' && git config --local --unset-all 'http.https://github.com/.extraheader' || :"
timeout-test	UNKNOWN STEP	2026-08-27T06:12:23.3081161Z [command]/usr/bin/git config --local --name-only --get-regexp ^includeIf\.gitdir:
timeout-test	UNKNOWN STEP	2026-08-27T06:12:23.3111149Z [command]/usr/bin/git submodule foreach --recursive git config --local --show-origin --name-only --get-regexp remote.origin.url
timeout-test	UNKNOWN STEP	2026-08-27T06:12:23.3299697Z [command]/usr/bin/git config --local http.https://github.com/.extraheader AUTHORIZATION: basic ***
timeout-test	UNKNOWN STEP	2026-08-27T06:12:23.3331685Z ##[endgroup]
timeout-test	UNKNOWN STEP	2026-08-27T06:12:23.3332429Z ##[group]Fetching the repository
timeout-test	UNKNOWN STEP	2026-08-27T06:12:23.3339410Z [command]/usr/bin/git -c protocol.version=2 fetch --no-tags --prune --no-recurse-submodules --depth=1 origin +caf76d17cd4ae049b523f60707ad1b20476b5349:refs/remotes/origin/feature/timeout-errors
timeout-test	UNKNOWN STEP	2026-08-27T06:12:23.8424242Z From https://github.com/DhruvHegde/dependency-error-repo
timeout-test	UNKNOWN STEP	2026-08-27T06:12:23.8425687Z  * [new ref]         caf76d17cd4ae049b523f60707ad1b20476b5349 -> origin/feature/timeout-errors
timeout-test	UNKNOWN STEP	2026-08-27T06:12:23.8428236Z ##[endgroup]
timeout-test	UNKNOWN STEP	2026-08-27T06:12:23.8429283Z ##[group]Determining the checkout info
timeout-test	UNKNOWN STEP	2026-08-27T06:12:23.8430475Z ##[endgroup]
timeout-test	UNKNOWN STEP	2026-08-27T06:12:23.8434915Z [command]/usr/bin/git sparse-checkout disable
timeout-test	UNKNOWN STEP	2026-08-27T06:12:23.8478050Z [command]/usr/bin/git config --local --unset-all extensions.worktreeConfig
timeout-test	UNKNOWN STEP	2026-08-27T06:12:23.8504493Z ##[group]Checking out the ref
timeout-test	UNKNOWN STEP	2026-08-27T06:12:23.8508300Z [command]/usr/bin/git checkout --progress --force -B feature/timeout-errors refs/remotes/origin/feature/timeout-errors
timeout-test	UNKNOWN STEP	2026-08-27T06:12:23.8572174Z Switched to a new branch 'feature/timeout-errors'
timeout-test	UNKNOWN STEP	2026-08-27T06:12:23.8577029Z branch 'feature/timeout-errors' set up to track 'origin/feature/timeout-errors'.
timeout-test	UNKNOWN STEP	2026-08-27T06:12:23.8581350Z ##[endgroup]
timeout-test	UNKNOWN STEP	2026-08-27T06:12:23.8615540Z [command]/usr/bin/git log -1 --format=%H
timeout-test	UNKNOWN STEP	2026-08-27T06:12:23.8638337Z caf76d17cd4ae049b523f60707ad1b20476b5349
timeout-test	UNKNOWN STEP	2026-08-27T06:12:23.8876034Z Node 20 is being deprecated. This workflow is running with Node 24 by default. If you need to temporarily use Node 20, you can set the ACTIONS_ALLOW_USE_UNSECURE_NODE_VERSION=true environment variable. For more information see: https://github.blog/changelog/2025-09-19-deprecation-of-node-20-on-github-actions-runners/
timeout-test	UNKNOWN STEP	2026-08-27T06:12:23.8878224Z ##[group]Run actions/setup-python@v5
timeout-test	UNKNOWN STEP	2026-08-27T06:12:23.8878684Z with:
timeout-test	UNKNOWN STEP	2026-08-27T06:12:23.8879040Z   python-version: 3.11
timeout-test	UNKNOWN STEP	2026-08-27T06:12:23.8879437Z   check-latest: false
timeout-test	UNKNOWN STEP	2026-08-27T06:12:23.8882645Z   token: ***
timeout-test	UNKNOWN STEP	2026-08-27T06:12:23.8883017Z   update-environment: true
timeout-test	UNKNOWN STEP	2026-08-27T06:12:23.8883440Z   allow-prereleases: false
timeout-test	UNKNOWN STEP	2026-08-27T06:12:23.8883852Z   freethreaded: false
timeout-test	UNKNOWN STEP	2026-08-27T06:12:23.8884229Z ##[endgroup]
timeout-test	UNKNOWN STEP	2026-08-27T06:12:23.9912532Z ##[group]Installed versions
timeout-test	UNKNOWN STEP	2026-08-27T06:12:23.9981598Z (node:2102) [DEP0040] DeprecationWarning: The `punycode` module is deprecated. Please use a userland alternative instead.
timeout-test	UNKNOWN STEP	2026-08-27T06:12:23.9983307Z (Use `node --trace-deprecation ...` to show where the warning was created)
timeout-test	UNKNOWN STEP	2026-08-27T06:12:23.9984162Z Successfully set up CPython (3.11.16)
timeout-test	UNKNOWN STEP	2026-08-27T06:12:23.9985049Z ##[endgroup]
timeout-test	UNKNOWN STEP	2026-08-27T06:12:24.0165522Z ##[group]Run python -m pip install --upgrade pip
timeout-test	UNKNOWN STEP	2026-08-27T06:12:24.0166258Z ^[[36;1mpython -m pip install --upgrade pip^[[0m
timeout-test	UNKNOWN STEP	2026-08-27T06:12:24.0166805Z ^[[36;1mpip install pytest^[[0m
timeout-test	UNKNOWN STEP	2026-08-27T06:12:24.0270053Z shell: /usr/bin/bash -e {0}
timeout-test	UNKNOWN STEP	2026-08-27T06:12:24.0270574Z env:
timeout-test	UNKNOWN STEP	2026-08-27T06:12:24.0271048Z   pythonLocation: /opt/hostedtoolcache/Python/3.11.16/x64
timeout-test	UNKNOWN STEP	2026-08-27T06:12:24.0271754Z   PKG_CONFIG_PATH: /opt/hostedtoolcache/Python/3.11.16/x64/lib/pkgconfig
timeout-test	UNKNOWN STEP	2026-08-27T06:12:24.0272641Z   Python_ROOT_DIR: /opt/hostedtoolcache/Python/3.11.16/x64
timeout-test	UNKNOWN STEP	2026-08-27T06:12:24.0273268Z   Python2_ROOT_DIR: /opt/hostedtoolcache/Python/3.11.16/x64
timeout-test	UNKNOWN STEP	2026-08-27T06:12:24.0333087Z   Python3_ROOT_DIR: /opt/hostedtoolcache/Python/3.11.16/x64
timeout-test	UNKNOWN STEP	2026-08-27T06:12:24.0334308Z   LD_LIBRARY_PATH: /opt/hostedtoolcache/Python/3.11.16/x64/lib
timeout-test	UNKNOWN STEP	2026-08-27T06:12:24.0335180Z ##[endgroup]
timeout-test	UNKNOWN STEP	2026-08-27T06:12:26.1360960Z Requirement already satisfied: pip in /opt/hostedtoolcache/Python/3.11.16/x64/lib/python3.11/site-packages (26.2.1)
timeout-test	UNKNOWN STEP	2026-08-27T06:12:26.9401700Z Collecting pytest
timeout-test	UNKNOWN STEP	2026-08-27T06:12:26.9798356Z   Downloading pytest-9.1.1-py3-none-any.whl.metadata (7.6 kB)
timeout-test	UNKNOWN STEP	2026-08-27T06:12:27.1113280Z Collecting iniconfig>=1.0.1 (from pytest)
timeout-test	UNKNOWN STEP	2026-08-27T06:12:27.1145300Z   Downloading iniconfig-2.3.0-py3-none-any.whl.metadata (2.5 kB)
timeout-test	UNKNOWN STEP	2026-08-27T06:12:27.2463754Z Collecting packaging>=22 (from pytest)
timeout-test	UNKNOWN STEP	2026-08-27T06:12:27.2502252Z   Downloading packaging-26.3-py3-none-any.whl.metadata (3.5 kB)
timeout-test	UNKNOWN STEP	2026-08-27T06:12:27.5723330Z Collecting pluggy<2,>=1.5 (from pytest)
timeout-test	UNKNOWN STEP	2026-08-27T06:12:27.5756864Z   Downloading pluggy-1.6.0-py3-none-any.whl.metadata (4.8 kB)
timeout-test	UNKNOWN STEP	2026-08-27T06:12:27.8646871Z Collecting pygments>=2.7.2 (from pytest)
timeout-test	UNKNOWN STEP	2026-08-27T06:12:27.8678867Z   Downloading pygments-2.21.0-py3-none-any.whl.metadata (2.5 kB)
timeout-test	UNKNOWN STEP	2026-08-27T06:12:27.9267666Z Downloading pytest-9.1.1-py3-none-any.whl (386 kB)
timeout-test	UNKNOWN STEP	2026-08-27T06:12:27.9719978Z Downloading pluggy-1.6.0-py3-none-any.whl (20 kB)
timeout-test	UNKNOWN STEP	2026-08-27T06:12:28.0017811Z Downloading iniconfig-2.3.0-py3-none-any.whl (7.5 kB)
timeout-test	UNKNOWN STEP	2026-08-27T06:12:28.0318635Z Downloading packaging-26.3-py3-none-any.whl (129 kB)
timeout-test	UNKNOWN STEP	2026-08-27T06:12:28.0711826Z Downloading pygments-2.21.0-py3-none-any.whl (1.3 MB)
timeout-test	UNKNOWN STEP	2026-08-27T06:12:28.1294112Z    ━━━━━━━━━━━━━━━━━━━━━━━━━━━━━━━━━━━━━━━━ 1.3/1.3 MB 18.3 MB/s  0:00:00
timeout-test	UNKNOWN STEP	2026-08-27T06:12:28.1694646Z Installing collected packages: pygments, pluggy, packaging, iniconfig, pytest
timeout-test	UNKNOWN STEP	2026-08-27T06:12:29.6389789Z 
timeout-test	UNKNOWN STEP	2026-08-27T06:12:29.6413922Z Successfully installed iniconfig-2.3.0 packaging-26.3 pluggy-1.6.0 pygments-2.21.0 pytest-9.1.1
timeout-test	UNKNOWN STEP	2026-08-27T06:12:29.6844051Z ##[group]Run pytest test_app.py
timeout-test	UNKNOWN STEP	2026-08-27T06:12:29.6844327Z ^[[36;1mpytest test_app.py^[[0m
timeout-test	UNKNOWN STEP	2026-08-27T06:12:29.6879036Z shell: /usr/bin/bash -e {0}
timeout-test	UNKNOWN STEP	2026-08-27T06:12:29.6879265Z env:
timeout-test	UNKNOWN STEP	2026-08-27T06:12:29.6879499Z   pythonLocation: /opt/hostedtoolcache/Python/3.11.16/x64
timeout-test	UNKNOWN STEP	2026-08-27T06:12:29.6879849Z   PKG_CONFIG_PATH: /opt/hostedtoolcache/Python/3.11.16/x64/lib/pkgconfig
timeout-test	UNKNOWN STEP	2026-08-27T06:12:29.6880195Z   Python_ROOT_DIR: /opt/hostedtoolcache/Python/3.11.16/x64
timeout-test	UNKNOWN STEP	2026-08-27T06:12:29.6880516Z   Python2_ROOT_DIR: /opt/hostedtoolcache/Python/3.11.16/x64
timeout-test	UNKNOWN STEP	2026-08-27T06:12:29.6880823Z   Python3_ROOT_DIR: /opt/hostedtoolcache/Python/3.11.16/x64
timeout-test	UNKNOWN STEP	2026-08-27T06:12:29.6881159Z   LD_LIBRARY_PATH: /opt/hostedtoolcache/Python/3.11.16/x64/lib
timeout-test	UNKNOWN STEP	2026-08-27T06:12:29.6881431Z ##[endgroup]
timeout-test	UNKNOWN STEP	2026-08-27T06:12:30.4973904Z ============================= test session starts ==============================
timeout-test	UNKNOWN STEP	2026-08-27T06:12:30.4974463Z platform linux -- Python 3.11.16, pytest-9.1.1, pluggy-1.6.0
timeout-test	UNKNOWN STEP	2026-08-27T06:12:30.4974945Z rootdir: /home/runner/work/dependency-error-repo/dependency-error-repo
timeout-test	UNKNOWN STEP	2026-08-27T06:12:30.4975290Z collected 1 item
timeout-test	UNKNOWN STEP	2026-08-27T06:12:30.4975416Z 
timeout-test	UNKNOWN STEP	2026-08-27T06:13:42.1920533Z ##[error]The action 'Run Tests' has timed out after 1 minutes.
timeout-test	UNKNOWN STEP	2026-08-27T06:13:42.2034390Z Node 20 is being deprecated. This workflow is running with Node 24 by default. If you need to temporarily use Node 20, you can set the ACTIONS_ALLOW_USE_UNSECURE_NODE_VERSION=true environment variable. For more information see: https://github.blog/changelog/2025-09-19-deprecation-of-node-20-on-github-actions-runners/
timeout-test	UNKNOWN STEP	2026-08-27T06:13:42.2035344Z Post job cleanup.
timeout-test	UNKNOWN STEP	2026-08-27T06:13:42.2707500Z [command]/usr/bin/git version
timeout-test	UNKNOWN STEP	2026-08-27T06:13:42.2775646Z git version 2.55.0
timeout-test	UNKNOWN STEP	2026-08-27T06:13:42.2806471Z Temporarily overriding HOME='/home/runner/work/_temp/afb4f289-7a85-4c87-80a0-feacadfe6568' before making global git config changes
timeout-test	UNKNOWN STEP	2026-08-27T06:13:42.2807457Z Adding repository directory to the temporary git global config as a safe directory
timeout-test	UNKNOWN STEP	2026-08-27T06:13:42.2810788Z [command]/usr/bin/git config --global --add safe.directory /home/runner/work/dependency-error-repo/dependency-error-repo
timeout-test	UNKNOWN STEP	2026-08-27T06:13:42.2842626Z [command]/usr/bin/git config --local --name-only --get-regexp core\.sshCommand
timeout-test	UNKNOWN STEP	2026-08-27T06:13:42.2871176Z [command]/usr/bin/git submodule foreach --recursive sh -c "git config --local --name-only --get-regexp 'core\.sshCommand' && git config --local --unset-all 'core.sshCommand' || :"
timeout-test	UNKNOWN STEP	2026-08-27T06:13:42.3084637Z [command]/usr/bin/git config --local --name-only --get-regexp http\.https\:\/\/github\.com\/\.extraheader
timeout-test	UNKNOWN STEP	2026-08-27T06:13:42.3326647Z http.https://github.com/.extraheader
timeout-test	UNKNOWN STEP	2026-08-27T06:13:42.3336690Z [command]/usr/bin/git config --local --unset-all http.https://github.com/.extraheader
timeout-test	UNKNOWN STEP	2026-08-27T06:13:42.3378367Z [command]/usr/bin/git submodule foreach --recursive sh -c "git config --local --name-only --get-regexp 'http\.https\:\/\/github\.com\/\.extraheader' && git config --local --unset-all 'http.https://github.com/.extraheader' || :"
timeout-test	UNKNOWN STEP	2026-08-27T06:13:42.3580907Z [command]/usr/bin/git config --local --name-only --get-regexp ^includeIf\.gitdir:
timeout-test	UNKNOWN STEP	2026-08-27T06:13:42.3611325Z [command]/usr/bin/git submodule foreach --recursive git config --local --show-origin --name-only --get-regexp remote.origin.url
timeout-test	UNKNOWN STEP	2026-08-27T06:13:42.3932398Z Cleaning up orphan processes
timeout-test	UNKNOWN STEP	2026-08-27T06:13:42.4176114Z Terminate orphan process: pid (2161) (pytest)
timeout-test	UNKNOWN STEP	2026-08-27T06:13:42.4215445Z ##[warning]Node.js 20 is deprecated. The following actions target Node.js 20 but are being forced to run on Node.js 24: actions/checkout@v4, actions/setup-python@v5. For more information see: https://github.blog/changelog/2025-09-19-deprecation-of-node-20-on-github-actions-runners/