timeout-test	UNKNOWN STEP	﻿2026-08-27T06:14:17.7323281Z Current runner version: '2.336.0'
timeout-test	UNKNOWN STEP	2026-08-27T06:14:17.7348442Z ##[group]Runner Image Provisioner
timeout-test	UNKNOWN STEP	2026-08-27T06:14:17.7349340Z Hosted Compute Agent
timeout-test	UNKNOWN STEP	2026-08-27T06:14:17.7350071Z Version: 20260729.566
timeout-test	UNKNOWN STEP	2026-08-27T06:14:17.7350735Z Commit: cf7153fe6e25b664e8693c24944bf2b00355d109
timeout-test	UNKNOWN STEP	2026-08-27T06:14:17.7351462Z Build Date: 2026-07-29T19:17:02Z
timeout-test	UNKNOWN STEP	2026-08-27T06:14:17.7352212Z Worker ID: {1aed12c4-ff1f-4401-8fa5-2c036c4deca6}
timeout-test	UNKNOWN STEP	2026-08-27T06:14:17.7352923Z Azure Region: westus2
timeout-test	UNKNOWN STEP	2026-08-27T06:14:17.7353542Z ##[endgroup]
timeout-test	UNKNOWN STEP	2026-08-27T06:14:17.7355061Z ##[group]Operating System
timeout-test	UNKNOWN STEP	2026-08-27T06:14:17.7356022Z Ubuntu
timeout-test	UNKNOWN STEP	2026-08-27T06:14:17.7356650Z 24.04.4
timeout-test	UNKNOWN STEP	2026-08-27T06:14:17.7357177Z LTS
timeout-test	UNKNOWN STEP	2026-08-27T06:14:17.7357741Z ##[endgroup]
timeout-test	UNKNOWN STEP	2026-08-27T06:14:17.7358361Z ##[group]Runner Image
timeout-test	UNKNOWN STEP	2026-08-27T06:14:17.7358957Z Image: ubuntu-24.04
timeout-test	UNKNOWN STEP	2026-08-27T06:14:17.7359554Z Version: 20260816.277.1
timeout-test	UNKNOWN STEP	2026-08-27T06:14:17.7360851Z Included Software: https://github.com/actions/runner-images/blob/ubuntu24/20260816.277/images/ubuntu/Ubuntu2404-Readme.md
timeout-test	UNKNOWN STEP	2026-08-27T06:14:17.7362827Z Image Release: https://github.com/actions/runner-images/releases/tag/ubuntu24%2F20260816.277
timeout-test	UNKNOWN STEP	2026-08-27T06:14:17.7363823Z ##[endgroup]
timeout-test	UNKNOWN STEP	2026-08-27T06:14:17.7365077Z ##[group]GITHUB_TOKEN Permissions
timeout-test	UNKNOWN STEP	2026-08-27T06:14:17.7367592Z Contents: read
timeout-test	UNKNOWN STEP	2026-08-27T06:14:17.7368300Z Metadata: read
timeout-test	UNKNOWN STEP	2026-08-27T06:14:17.7368894Z Packages: read
timeout-test	UNKNOWN STEP	2026-08-27T06:14:17.7369453Z ##[endgroup]
timeout-test	UNKNOWN STEP	2026-08-27T06:14:17.7371887Z Secret source: Actions
timeout-test	UNKNOWN STEP	2026-08-27T06:14:17.7373095Z Prepare workflow directory
timeout-test	UNKNOWN STEP	2026-08-27T06:14:17.7721832Z Prepare all required actions
timeout-test	UNKNOWN STEP	2026-08-27T06:14:17.7795810Z Getting action download info
timeout-test	UNKNOWN STEP	2026-08-27T06:14:18.1219719Z Download action repository 'actions/checkout@v4' (SHA:11d5960a326750d5838078e36cf38b85af677262)
timeout-test	UNKNOWN STEP	2026-08-27T06:14:18.2595760Z Download action repository 'actions/setup-python@v5' (SHA:a26af69be951a213d495a4c3e4e4022e16d87065)
timeout-test	UNKNOWN STEP	2026-08-27T06:14:18.4392116Z Complete job name: timeout-test
timeout-test	UNKNOWN STEP	2026-08-27T06:14:18.5141222Z Node 20 is being deprecated. This workflow is running with Node 24 by default. If you need to temporarily use Node 20, you can set the ACTIONS_ALLOW_USE_UNSECURE_NODE_VERSION=true environment variable. For more information see: https://github.blog/changelog/2025-09-19-deprecation-of-node-20-on-github-actions-runners/
timeout-test	UNKNOWN STEP	2026-08-27T06:14:18.5150372Z ##[group]Run actions/checkout@v4
timeout-test	UNKNOWN STEP	2026-08-27T06:14:18.5151135Z with:
timeout-test	UNKNOWN STEP	2026-08-27T06:14:18.5151706Z   repository: DhruvHegde/dependency-error-repo
timeout-test	UNKNOWN STEP	2026-08-27T06:14:18.5155773Z   token: ***
timeout-test	UNKNOWN STEP	2026-08-27T06:14:18.5156228Z   ssh-strict: true
timeout-test	UNKNOWN STEP	2026-08-27T06:14:18.5156676Z   ssh-user: git
timeout-test	UNKNOWN STEP	2026-08-27T06:14:18.5157127Z   persist-credentials: true
timeout-test	UNKNOWN STEP	2026-08-27T06:14:18.5157617Z   clean: true
timeout-test	UNKNOWN STEP	2026-08-27T06:14:18.5158076Z   sparse-checkout-cone-mode: true
timeout-test	UNKNOWN STEP	2026-08-27T06:14:18.5158611Z   fetch-depth: 1
timeout-test	UNKNOWN STEP	2026-08-27T06:14:18.5159064Z   fetch-tags: false
timeout-test	UNKNOWN STEP	2026-08-27T06:14:18.5159513Z   show-progress: true
timeout-test	UNKNOWN STEP	2026-08-27T06:14:18.5159966Z   lfs: false
timeout-test	UNKNOWN STEP	2026-08-27T06:14:18.5160449Z   submodules: false
timeout-test	UNKNOWN STEP	2026-08-27T06:14:18.5160904Z   set-safe-directory: true
timeout-test	UNKNOWN STEP	2026-08-27T06:14:18.5161418Z   allow-unsafe-pr-checkout: false
timeout-test	UNKNOWN STEP	2026-08-27T06:14:18.5162225Z ##[endgroup]
timeout-test	UNKNOWN STEP	2026-08-27T06:14:18.6175420Z Syncing repository: DhruvHegde/dependency-error-repo
timeout-test	UNKNOWN STEP	2026-08-27T06:14:18.6178139Z ##[group]Getting Git version info
timeout-test	UNKNOWN STEP	2026-08-27T06:14:18.6179077Z Working directory is '/home/runner/work/dependency-error-repo/dependency-error-repo'
timeout-test	UNKNOWN STEP	2026-08-27T06:14:18.6196335Z [command]/usr/bin/git version
timeout-test	UNKNOWN STEP	2026-08-27T06:14:18.6338590Z git version 2.55.0
timeout-test	UNKNOWN STEP	2026-08-27T06:14:18.6396132Z ##[endgroup]
timeout-test	UNKNOWN STEP	2026-08-27T06:14:18.6411852Z Temporarily overriding HOME='/home/runner/work/_temp/827590b4-5598-4635-8dce-c25a0f99eb60' before making global git config changes
timeout-test	UNKNOWN STEP	2026-08-27T06:14:18.6414139Z Adding repository directory to the temporary git global config as a safe directory
timeout-test	UNKNOWN STEP	2026-08-27T06:14:18.6418378Z [command]/usr/bin/git config --global --add safe.directory /home/runner/work/dependency-error-repo/dependency-error-repo
timeout-test	UNKNOWN STEP	2026-08-27T06:14:18.6475283Z Deleting the contents of '/home/runner/work/dependency-error-repo/dependency-error-repo'
timeout-test	UNKNOWN STEP	2026-08-27T06:14:18.6479320Z ##[group]Initializing the repository
timeout-test	UNKNOWN STEP	2026-08-27T06:14:18.6484396Z [command]/usr/bin/git init /home/runner/work/dependency-error-repo/dependency-error-repo
timeout-test	UNKNOWN STEP	2026-08-27T06:14:18.6619980Z hint: Using 'master' as the name for the initial branch. This default branch name
timeout-test	UNKNOWN STEP	2026-08-27T06:14:18.6621736Z hint: will change to "main" in Git 3.0. To configure the initial branch name
timeout-test	UNKNOWN STEP	2026-08-27T06:14:18.6623259Z hint: to use in all of your new repositories, which will suppress this warning,
timeout-test	UNKNOWN STEP	2026-08-27T06:14:18.6624456Z hint: call:
timeout-test	UNKNOWN STEP	2026-08-27T06:14:18.6625088Z hint:
timeout-test	UNKNOWN STEP	2026-08-27T06:14:18.6626243Z hint: 	git config --global init.defaultBranch <name>
timeout-test	UNKNOWN STEP	2026-08-27T06:14:18.6627275Z hint:
timeout-test	UNKNOWN STEP	2026-08-27T06:14:18.6628197Z hint: Names commonly chosen instead of 'master' are 'main', 'trunk' and
timeout-test	UNKNOWN STEP	2026-08-27T06:14:18.6629729Z hint: 'development'. The just-created branch can be renamed via this command:
timeout-test	UNKNOWN STEP	2026-08-27T06:14:18.6630964Z hint:
timeout-test	UNKNOWN STEP	2026-08-27T06:14:18.6631784Z hint: 	git branch -m <name>
timeout-test	UNKNOWN STEP	2026-08-27T06:14:18.6632594Z hint:
timeout-test	UNKNOWN STEP	2026-08-27T06:14:18.6633599Z hint: Disable this message with "git config set advice.defaultBranchName false"
timeout-test	UNKNOWN STEP	2026-08-27T06:14:18.6635924Z Initialized empty Git repository in /home/runner/work/dependency-error-repo/dependency-error-repo/.git/
timeout-test	UNKNOWN STEP	2026-08-27T06:14:18.6639217Z [command]/usr/bin/git remote add origin https://github.com/DhruvHegde/dependency-error-repo
timeout-test	UNKNOWN STEP	2026-08-27T06:14:18.6692409Z ##[endgroup]
timeout-test	UNKNOWN STEP	2026-08-27T06:14:18.6693375Z ##[group]Disabling automatic garbage collection
timeout-test	UNKNOWN STEP	2026-08-27T06:14:18.6697163Z [command]/usr/bin/git config --local gc.auto 0
timeout-test	UNKNOWN STEP	2026-08-27T06:14:18.6730627Z ##[endgroup]
timeout-test	UNKNOWN STEP	2026-08-27T06:14:18.6731817Z ##[group]Setting up auth
timeout-test	UNKNOWN STEP	2026-08-27T06:14:18.6738959Z [command]/usr/bin/git config --local --name-only --get-regexp core\.sshCommand
timeout-test	UNKNOWN STEP	2026-08-27T06:14:18.6773876Z [command]/usr/bin/git submodule foreach --recursive sh -c "git config --local --name-only --get-regexp 'core\.sshCommand' && git config --local --unset-all 'core.sshCommand' || :"
timeout-test	UNKNOWN STEP	2026-08-27T06:14:18.7212564Z [command]/usr/bin/git config --local --name-only --get-regexp http\.https\:\/\/github\.com\/\.extraheader
timeout-test	UNKNOWN STEP	2026-08-27T06:14:18.7252100Z [command]/usr/bin/git submodule foreach --recursive sh -c "git config --local --name-only --get-regexp 'http\.https\:\/\/github\.com\/\.extraheader' && git config --local --unset-all 'http.https://github.com/.extraheader' || :"
timeout-test	UNKNOWN STEP	2026-08-27T06:14:18.7476703Z [command]/usr/bin/git config --local --name-only --get-regexp ^includeIf\.gitdir:
timeout-test	UNKNOWN STEP	2026-08-27T06:14:18.7512039Z [command]/usr/bin/git submodule foreach --recursive git config --local --show-origin --name-only --get-regexp remote.origin.url
timeout-test	UNKNOWN STEP	2026-08-27T06:14:18.7738435Z [command]/usr/bin/git config --local http.https://github.com/.extraheader AUTHORIZATION: basic ***
timeout-test	UNKNOWN STEP	2026-08-27T06:14:18.7778197Z ##[endgroup]
timeout-test	UNKNOWN STEP	2026-08-27T06:14:18.7778999Z ##[group]Fetching the repository
timeout-test	UNKNOWN STEP	2026-08-27T06:14:18.7788322Z [command]/usr/bin/git -c protocol.version=2 fetch --no-tags --prune --no-recurse-submodules --depth=1 origin +b51e998cbdc4ae401c5cc6c590278ecdc2f80b05:refs/remotes/origin/feature/timeout-errors
timeout-test	UNKNOWN STEP	2026-08-27T06:14:19.1504480Z From https://github.com/DhruvHegde/dependency-error-repo
timeout-test	UNKNOWN STEP	2026-08-27T06:14:19.1506153Z  * [new ref]         b51e998cbdc4ae401c5cc6c590278ecdc2f80b05 -> origin/feature/timeout-errors
timeout-test	UNKNOWN STEP	2026-08-27T06:14:19.1510320Z ##[endgroup]
timeout-test	UNKNOWN STEP	2026-08-27T06:14:19.1511111Z ##[group]Determining the checkout info
timeout-test	UNKNOWN STEP	2026-08-27T06:14:19.1513355Z ##[endgroup]
timeout-test	UNKNOWN STEP	2026-08-27T06:14:19.1520264Z [command]/usr/bin/git sparse-checkout disable
timeout-test	UNKNOWN STEP	2026-08-27T06:14:19.1576442Z [command]/usr/bin/git config --local --unset-all extensions.worktreeConfig
timeout-test	UNKNOWN STEP	2026-08-27T06:14:19.1608616Z ##[group]Checking out the ref
timeout-test	UNKNOWN STEP	2026-08-27T06:14:19.1615627Z [command]/usr/bin/git checkout --progress --force -B feature/timeout-errors refs/remotes/origin/feature/timeout-errors
timeout-test	UNKNOWN STEP	2026-08-27T06:14:19.1691040Z Switched to a new branch 'feature/timeout-errors'
timeout-test	UNKNOWN STEP	2026-08-27T06:14:19.1698118Z branch 'feature/timeout-errors' set up to track 'origin/feature/timeout-errors'.
timeout-test	UNKNOWN STEP	2026-08-27T06:14:19.1704216Z ##[endgroup]
timeout-test	UNKNOWN STEP	2026-08-27T06:14:19.1747561Z [command]/usr/bin/git log -1 --format=%H
timeout-test	UNKNOWN STEP	2026-08-27T06:14:19.1773648Z b51e998cbdc4ae401c5cc6c590278ecdc2f80b05
timeout-test	UNKNOWN STEP	2026-08-27T06:14:19.2057696Z Node 20 is being deprecated. This workflow is running with Node 24 by default. If you need to temporarily use Node 20, you can set the ACTIONS_ALLOW_USE_UNSECURE_NODE_VERSION=true environment variable. For more information see: https://github.blog/changelog/2025-09-19-deprecation-of-node-20-on-github-actions-runners/
timeout-test	UNKNOWN STEP	2026-08-27T06:14:19.2060636Z ##[group]Run actions/setup-python@v5
timeout-test	UNKNOWN STEP	2026-08-27T06:14:19.2061210Z with:
timeout-test	UNKNOWN STEP	2026-08-27T06:14:19.2061640Z   python-version: 3.11
timeout-test	UNKNOWN STEP	2026-08-27T06:14:19.2062121Z   check-latest: false
timeout-test	UNKNOWN STEP	2026-08-27T06:14:19.2066058Z   token: ***
timeout-test	UNKNOWN STEP	2026-08-27T06:14:19.2066534Z   update-environment: true
timeout-test	UNKNOWN STEP	2026-08-27T06:14:19.2067051Z   allow-prereleases: false
timeout-test	UNKNOWN STEP	2026-08-27T06:14:19.2067546Z   freethreaded: false
timeout-test	UNKNOWN STEP	2026-08-27T06:14:19.2068003Z ##[endgroup]
timeout-test	UNKNOWN STEP	2026-08-27T06:14:19.3393607Z ##[group]Installed versions
timeout-test	UNKNOWN STEP	2026-08-27T06:14:19.3491133Z (node:2280) [DEP0040] DeprecationWarning: The `punycode` module is deprecated. Please use a userland alternative instead.
timeout-test	UNKNOWN STEP	2026-08-27T06:14:19.3493123Z (Use `node --trace-deprecation ...` to show where the warning was created)
timeout-test	UNKNOWN STEP	2026-08-27T06:14:19.3494244Z Successfully set up CPython (3.11.16)
timeout-test	UNKNOWN STEP	2026-08-27T06:14:19.3495480Z ##[endgroup]
timeout-test	UNKNOWN STEP	2026-08-27T06:14:19.3674164Z ##[group]Run python -m pip install --upgrade pip
timeout-test	UNKNOWN STEP	2026-08-27T06:14:19.3674964Z ^[[36;1mpython -m pip install --upgrade pip^[[0m
timeout-test	UNKNOWN STEP	2026-08-27T06:14:19.3676010Z ^[[36;1mpip install pytest^[[0m
timeout-test	UNKNOWN STEP	2026-08-27T06:14:19.3736157Z shell: /usr/bin/bash -e {0}
timeout-test	UNKNOWN STEP	2026-08-27T06:14:19.3736705Z env:
timeout-test	UNKNOWN STEP	2026-08-27T06:14:19.3737233Z   pythonLocation: /opt/hostedtoolcache/Python/3.11.16/x64
timeout-test	UNKNOWN STEP	2026-08-27T06:14:19.3738615Z   PKG_CONFIG_PATH: /opt/hostedtoolcache/Python/3.11.16/x64/lib/pkgconfig
timeout-test	UNKNOWN STEP	2026-08-27T06:14:19.3740308Z   Python_ROOT_DIR: /opt/hostedtoolcache/Python/3.11.16/x64
timeout-test	UNKNOWN STEP	2026-08-27T06:14:19.3741534Z   Python2_ROOT_DIR: /opt/hostedtoolcache/Python/3.11.16/x64
timeout-test	UNKNOWN STEP	2026-08-27T06:14:19.3742754Z   Python3_ROOT_DIR: /opt/hostedtoolcache/Python/3.11.16/x64
timeout-test	UNKNOWN STEP	2026-08-27T06:14:19.3744008Z   LD_LIBRARY_PATH: /opt/hostedtoolcache/Python/3.11.16/x64/lib
timeout-test	UNKNOWN STEP	2026-08-27T06:14:19.3745083Z ##[endgroup]
timeout-test	UNKNOWN STEP	2026-08-27T06:14:21.0523687Z Requirement already satisfied: pip in /opt/hostedtoolcache/Python/3.11.16/x64/lib/python3.11/site-packages (26.2.1)
timeout-test	UNKNOWN STEP	2026-08-27T06:14:21.7326511Z Collecting pytest
timeout-test	UNKNOWN STEP	2026-08-27T06:14:21.7998090Z   Downloading pytest-9.1.1-py3-none-any.whl.metadata (7.6 kB)
timeout-test	UNKNOWN STEP	2026-08-27T06:14:21.8175629Z Collecting iniconfig>=1.0.1 (from pytest)
timeout-test	UNKNOWN STEP	2026-08-27T06:14:21.8256285Z   Downloading iniconfig-2.3.0-py3-none-any.whl.metadata (2.5 kB)
timeout-test	UNKNOWN STEP	2026-08-27T06:14:21.8449389Z Collecting packaging>=22 (from pytest)
timeout-test	UNKNOWN STEP	2026-08-27T06:14:21.8529534Z   Downloading packaging-26.3-py3-none-any.whl.metadata (3.5 kB)
timeout-test	UNKNOWN STEP	2026-08-27T06:14:21.8696051Z Collecting pluggy<2,>=1.5 (from pytest)
timeout-test	UNKNOWN STEP	2026-08-27T06:14:21.8771941Z   Downloading pluggy-1.6.0-py3-none-any.whl.metadata (4.8 kB)
timeout-test	UNKNOWN STEP	2026-08-27T06:14:21.9007626Z Collecting pygments>=2.7.2 (from pytest)
timeout-test	UNKNOWN STEP	2026-08-27T06:14:21.9082167Z   Downloading pygments-2.21.0-py3-none-any.whl.metadata (2.5 kB)
timeout-test	UNKNOWN STEP	2026-08-27T06:14:21.9207325Z Downloading pytest-9.1.1-py3-none-any.whl (386 kB)
timeout-test	UNKNOWN STEP	2026-08-27T06:14:21.9650587Z Downloading pluggy-1.6.0-py3-none-any.whl (20 kB)
timeout-test	UNKNOWN STEP	2026-08-27T06:14:21.9747976Z Downloading iniconfig-2.3.0-py3-none-any.whl (7.5 kB)
timeout-test	UNKNOWN STEP	2026-08-27T06:14:21.9844011Z Downloading packaging-26.3-py3-none-any.whl (129 kB)
timeout-test	UNKNOWN STEP	2026-08-27T06:14:22.0008771Z Downloading pygments-2.21.0-py3-none-any.whl (1.3 MB)
timeout-test	UNKNOWN STEP	2026-08-27T06:14:22.0655842Z    ━━━━━━━━━━━━━━━━━━━━━━━━━━━━━━━━━━━━━━━━ 1.3/1.3 MB 20.5 MB/s  0:00:00
timeout-test	UNKNOWN STEP	2026-08-27T06:14:22.1156806Z Installing collected packages: pygments, pluggy, packaging, iniconfig, pytest
timeout-test	UNKNOWN STEP	2026-08-27T06:14:23.0653771Z 
timeout-test	UNKNOWN STEP	2026-08-27T06:14:23.0664280Z Successfully installed iniconfig-2.3.0 packaging-26.3 pluggy-1.6.0 pygments-2.21.0 pytest-9.1.1
timeout-test	UNKNOWN STEP	2026-08-27T06:14:23.1192551Z ##[group]Run pytest test_app.py
timeout-test	UNKNOWN STEP	2026-08-27T06:14:23.1192909Z ^[[36;1mpytest test_app.py^[[0m
timeout-test	UNKNOWN STEP	2026-08-27T06:14:23.1231878Z shell: /usr/bin/bash -e {0}
timeout-test	UNKNOWN STEP	2026-08-27T06:14:23.1232142Z env:
timeout-test	UNKNOWN STEP	2026-08-27T06:14:23.1232415Z   pythonLocation: /opt/hostedtoolcache/Python/3.11.16/x64
timeout-test	UNKNOWN STEP	2026-08-27T06:14:23.1232866Z   PKG_CONFIG_PATH: /opt/hostedtoolcache/Python/3.11.16/x64/lib/pkgconfig
timeout-test	UNKNOWN STEP	2026-08-27T06:14:23.1233311Z   Python_ROOT_DIR: /opt/hostedtoolcache/Python/3.11.16/x64
timeout-test	UNKNOWN STEP	2026-08-27T06:14:23.1233727Z   Python2_ROOT_DIR: /opt/hostedtoolcache/Python/3.11.16/x64
timeout-test	UNKNOWN STEP	2026-08-27T06:14:23.1234120Z   Python3_ROOT_DIR: /opt/hostedtoolcache/Python/3.11.16/x64
timeout-test	UNKNOWN STEP	2026-08-27T06:14:23.1234545Z   LD_LIBRARY_PATH: /opt/hostedtoolcache/Python/3.11.16/x64/lib
timeout-test	UNKNOWN STEP	2026-08-27T06:14:23.1234898Z ##[endgroup]
timeout-test	UNKNOWN STEP	2026-08-27T06:14:23.5032791Z ============================= test session starts ==============================
timeout-test	UNKNOWN STEP	2026-08-27T06:14:23.5033985Z platform linux -- Python 3.11.16, pytest-9.1.1, pluggy-1.6.0
timeout-test	UNKNOWN STEP	2026-08-27T06:15:35.6252085Z rootdir: /home/runner/work/dependency-error-repo/dependency-error-repo
timeout-test	UNKNOWN STEP	2026-08-27T06:15:35.6252773Z collected 1 item
timeout-test	UNKNOWN STEP	2026-08-27T06:15:35.6252981Z 
timeout-test	UNKNOWN STEP	2026-08-27T06:15:35.6271106Z ##[error]The action 'Run Tests' has timed out after 1 minutes.
timeout-test	UNKNOWN STEP	2026-08-27T06:15:35.6409042Z Node 20 is being deprecated. This workflow is running with Node 24 by default. If you need to temporarily use Node 20, you can set the ACTIONS_ALLOW_USE_UNSECURE_NODE_VERSION=true environment variable. For more information see: https://github.blog/changelog/2025-09-19-deprecation-of-node-20-on-github-actions-runners/
timeout-test	UNKNOWN STEP	2026-08-27T06:15:35.6410314Z Post job cleanup.
timeout-test	UNKNOWN STEP	2026-08-27T06:15:35.7295409Z [command]/usr/bin/git version
timeout-test	UNKNOWN STEP	2026-08-27T06:15:35.7337110Z git version 2.55.0
timeout-test	UNKNOWN STEP	2026-08-27T06:15:35.7379597Z Temporarily overriding HOME='/home/runner/work/_temp/59407420-6c86-44f4-a416-9ee361275320' before making global git config changes
timeout-test	UNKNOWN STEP	2026-08-27T06:15:35.7381542Z Adding repository directory to the temporary git global config as a safe directory
timeout-test	UNKNOWN STEP	2026-08-27T06:15:35.7386942Z [command]/usr/bin/git config --global --add safe.directory /home/runner/work/dependency-error-repo/dependency-error-repo
timeout-test	UNKNOWN STEP	2026-08-27T06:15:35.7427380Z [command]/usr/bin/git config --local --name-only --get-regexp core\.sshCommand
timeout-test	UNKNOWN STEP	2026-08-27T06:15:35.7463790Z [command]/usr/bin/git submodule foreach --recursive sh -c "git config --local --name-only --get-regexp 'core\.sshCommand' && git config --local --unset-all 'core.sshCommand' || :"
timeout-test	UNKNOWN STEP	2026-08-27T06:15:35.7790280Z [command]/usr/bin/git config --local --name-only --get-regexp http\.https\:\/\/github\.com\/\.extraheader
timeout-test	UNKNOWN STEP	2026-08-27T06:15:35.7791365Z http.https://github.com/.extraheader
timeout-test	UNKNOWN STEP	2026-08-27T06:15:35.7793185Z [command]/usr/bin/git config --local --unset-all http.https://github.com/.extraheader
timeout-test	UNKNOWN STEP	2026-08-27T06:15:35.7814875Z [command]/usr/bin/git submodule foreach --recursive sh -c "git config --local --name-only --get-regexp 'http\.https\:\/\/github\.com\/\.extraheader' && git config --local --unset-all 'http.https://github.com/.extraheader' || :"
timeout-test	UNKNOWN STEP	2026-08-27T06:15:35.8078772Z [command]/usr/bin/git config --local --name-only --get-regexp ^includeIf\.gitdir:
timeout-test	UNKNOWN STEP	2026-08-27T06:15:35.8117416Z [command]/usr/bin/git submodule foreach --recursive git config --local --show-origin --name-only --get-regexp remote.origin.url
timeout-test	UNKNOWN STEP	2026-08-27T06:15:35.8524797Z Cleaning up orphan processes
timeout-test	UNKNOWN STEP	2026-08-27T06:15:35.8852626Z Terminate orphan process: pid (2339) (pytest)
timeout-test	UNKNOWN STEP	2026-08-27T06:15:35.8981055Z ##[warning]Node.js 20 is deprecated. The following actions target Node.js 20 but are being forced to run on Node.js 24: actions/checkout@v4, actions/setup-python@v5. For more information see: https://github.blog/changelog/2025-09-19-deprecation-of-node-20-on-github-actions-runners/