timeout-test	UNKNOWN STEP	﻿2026-08-27T06:17:08.2613691Z Current runner version: '2.336.0'
timeout-test	UNKNOWN STEP	2026-08-27T06:17:08.2639448Z ##[group]Runner Image Provisioner
timeout-test	UNKNOWN STEP	2026-08-27T06:17:08.2640428Z Hosted Compute Agent
timeout-test	UNKNOWN STEP	2026-08-27T06:17:08.2641099Z Version: 20260729.566
timeout-test	UNKNOWN STEP	2026-08-27T06:17:08.2641853Z Commit: cf7153fe6e25b664e8693c24944bf2b00355d109
timeout-test	UNKNOWN STEP	2026-08-27T06:17:08.2642612Z Build Date: 2026-07-29T19:17:02Z
timeout-test	UNKNOWN STEP	2026-08-27T06:17:08.2643314Z Worker ID: {b13508b4-d7b9-48e8-9163-4eec63a32002}
timeout-test	UNKNOWN STEP	2026-08-27T06:17:08.2644355Z Azure Region: westcentralus
timeout-test	UNKNOWN STEP	2026-08-27T06:17:08.2644990Z ##[endgroup]
timeout-test	UNKNOWN STEP	2026-08-27T06:17:08.2646535Z ##[group]Operating System
timeout-test	UNKNOWN STEP	2026-08-27T06:17:08.2647247Z Ubuntu
timeout-test	UNKNOWN STEP	2026-08-27T06:17:08.2647807Z 24.04.4
timeout-test	UNKNOWN STEP	2026-08-27T06:17:08.2648395Z LTS
timeout-test	UNKNOWN STEP	2026-08-27T06:17:08.2648981Z ##[endgroup]
timeout-test	UNKNOWN STEP	2026-08-27T06:17:08.2649580Z ##[group]Runner Image
timeout-test	UNKNOWN STEP	2026-08-27T06:17:08.2650258Z Image: ubuntu-24.04
timeout-test	UNKNOWN STEP	2026-08-27T06:17:08.2650846Z Version: 20260816.277.1
timeout-test	UNKNOWN STEP	2026-08-27T06:17:08.2652335Z Included Software: https://github.com/actions/runner-images/blob/ubuntu24/20260816.277/images/ubuntu/Ubuntu2404-Readme.md
timeout-test	UNKNOWN STEP	2026-08-27T06:17:08.2654596Z Image Release: https://github.com/actions/runner-images/releases/tag/ubuntu24%2F20260816.277
timeout-test	UNKNOWN STEP	2026-08-27T06:17:08.2655624Z ##[endgroup]
timeout-test	UNKNOWN STEP	2026-08-27T06:17:08.2656901Z ##[group]GITHUB_TOKEN Permissions
timeout-test	UNKNOWN STEP	2026-08-27T06:17:08.2659115Z Contents: read
timeout-test	UNKNOWN STEP	2026-08-27T06:17:08.2659742Z Metadata: read
timeout-test	UNKNOWN STEP	2026-08-27T06:17:08.2660478Z Packages: read
timeout-test	UNKNOWN STEP	2026-08-27T06:17:08.2661054Z ##[endgroup]
timeout-test	UNKNOWN STEP	2026-08-27T06:17:08.2663466Z Secret source: Actions
timeout-test	UNKNOWN STEP	2026-08-27T06:17:08.2664904Z Prepare workflow directory
timeout-test	UNKNOWN STEP	2026-08-27T06:17:08.3008243Z Prepare all required actions
timeout-test	UNKNOWN STEP	2026-08-27T06:17:08.3057118Z Getting action download info
timeout-test	UNKNOWN STEP	2026-08-27T06:17:08.6094473Z Download action repository 'actions/checkout@v4' (SHA:11d5960a326750d5838078e36cf38b85af677262)
timeout-test	UNKNOWN STEP	2026-08-27T06:17:08.7525676Z Download action repository 'actions/setup-python@v5' (SHA:a26af69be951a213d495a4c3e4e4022e16d87065)
timeout-test	UNKNOWN STEP	2026-08-27T06:17:08.9378178Z Complete job name: timeout-test
timeout-test	UNKNOWN STEP	2026-08-27T06:17:09.0108426Z Node 20 is being deprecated. This workflow is running with Node 24 by default. If you need to temporarily use Node 20, you can set the ACTIONS_ALLOW_USE_UNSECURE_NODE_VERSION=true environment variable. For more information see: https://github.blog/changelog/2025-09-19-deprecation-of-node-20-on-github-actions-runners/
timeout-test	UNKNOWN STEP	2026-08-27T06:17:09.0117294Z ##[group]Run actions/checkout@v4
timeout-test	UNKNOWN STEP	2026-08-27T06:17:09.0117992Z with:
timeout-test	UNKNOWN STEP	2026-08-27T06:17:09.0118494Z   repository: DhruvHegde/dependency-error-repo
timeout-test	UNKNOWN STEP	2026-08-27T06:17:09.0122310Z   token: ***
timeout-test	UNKNOWN STEP	2026-08-27T06:17:09.0122756Z   ssh-strict: true
timeout-test	UNKNOWN STEP	2026-08-27T06:17:09.0123211Z   ssh-user: git
timeout-test	UNKNOWN STEP	2026-08-27T06:17:09.0123667Z   persist-credentials: true
timeout-test	UNKNOWN STEP	2026-08-27T06:17:09.0124337Z   clean: true
timeout-test	UNKNOWN STEP	2026-08-27T06:17:09.0124800Z   sparse-checkout-cone-mode: true
timeout-test	UNKNOWN STEP	2026-08-27T06:17:09.0125341Z   fetch-depth: 1
timeout-test	UNKNOWN STEP	2026-08-27T06:17:09.0125784Z   fetch-tags: false
timeout-test	UNKNOWN STEP	2026-08-27T06:17:09.0126234Z   show-progress: true
timeout-test	UNKNOWN STEP	2026-08-27T06:17:09.0126685Z   lfs: false
timeout-test	UNKNOWN STEP	2026-08-27T06:17:09.0127150Z   submodules: false
timeout-test	UNKNOWN STEP	2026-08-27T06:17:09.0127613Z   set-safe-directory: true
timeout-test	UNKNOWN STEP	2026-08-27T06:17:09.0128139Z   allow-unsafe-pr-checkout: false
timeout-test	UNKNOWN STEP	2026-08-27T06:17:09.0128886Z ##[endgroup]
timeout-test	UNKNOWN STEP	2026-08-27T06:17:09.1152042Z Syncing repository: DhruvHegde/dependency-error-repo
timeout-test	UNKNOWN STEP	2026-08-27T06:17:09.1154814Z ##[group]Getting Git version info
timeout-test	UNKNOWN STEP	2026-08-27T06:17:09.1156160Z Working directory is '/home/runner/work/dependency-error-repo/dependency-error-repo'
timeout-test	UNKNOWN STEP	2026-08-27T06:17:09.1158019Z [command]/usr/bin/git version
timeout-test	UNKNOWN STEP	2026-08-27T06:17:09.1186757Z git version 2.55.0
timeout-test	UNKNOWN STEP	2026-08-27T06:17:09.1240725Z ##[endgroup]
timeout-test	UNKNOWN STEP	2026-08-27T06:17:09.1256078Z Temporarily overriding HOME='/home/runner/work/_temp/7bac63bc-e50e-4441-9bdd-3e13871d9385' before making global git config changes
timeout-test	UNKNOWN STEP	2026-08-27T06:17:09.1258525Z Adding repository directory to the temporary git global config as a safe directory
timeout-test	UNKNOWN STEP	2026-08-27T06:17:09.1261778Z [command]/usr/bin/git config --global --add safe.directory /home/runner/work/dependency-error-repo/dependency-error-repo
timeout-test	UNKNOWN STEP	2026-08-27T06:17:09.1317392Z Deleting the contents of '/home/runner/work/dependency-error-repo/dependency-error-repo'
timeout-test	UNKNOWN STEP	2026-08-27T06:17:09.1321636Z ##[group]Initializing the repository
timeout-test	UNKNOWN STEP	2026-08-27T06:17:09.1327481Z [command]/usr/bin/git init /home/runner/work/dependency-error-repo/dependency-error-repo
timeout-test	UNKNOWN STEP	2026-08-27T06:17:09.1418768Z hint: Using 'master' as the name for the initial branch. This default branch name
timeout-test	UNKNOWN STEP	2026-08-27T06:17:09.1420372Z hint: will change to "main" in Git 3.0. To configure the initial branch name
timeout-test	UNKNOWN STEP	2026-08-27T06:17:09.1421841Z hint: to use in all of your new repositories, which will suppress this warning,
timeout-test	UNKNOWN STEP	2026-08-27T06:17:09.1422998Z hint: call:
timeout-test	UNKNOWN STEP	2026-08-27T06:17:09.1423630Z hint:
timeout-test	UNKNOWN STEP	2026-08-27T06:17:09.1425974Z hint: 	git config --global init.defaultBranch <name>
timeout-test	UNKNOWN STEP	2026-08-27T06:17:09.1426982Z hint:
timeout-test	UNKNOWN STEP	2026-08-27T06:17:09.1427867Z hint: Names commonly chosen instead of 'master' are 'main', 'trunk' and
timeout-test	UNKNOWN STEP	2026-08-27T06:17:09.1429405Z hint: 'development'. The just-created branch can be renamed via this command:
timeout-test	UNKNOWN STEP	2026-08-27T06:17:09.1430577Z hint:
timeout-test	UNKNOWN STEP	2026-08-27T06:17:09.1431209Z hint: 	git branch -m <name>
timeout-test	UNKNOWN STEP	2026-08-27T06:17:09.1431959Z hint:
timeout-test	UNKNOWN STEP	2026-08-27T06:17:09.1432792Z hint: Disable this message with "git config set advice.defaultBranchName false"
timeout-test	UNKNOWN STEP	2026-08-27T06:17:09.1435089Z Initialized empty Git repository in /home/runner/work/dependency-error-repo/dependency-error-repo/.git/
timeout-test	UNKNOWN STEP	2026-08-27T06:17:09.1438060Z [command]/usr/bin/git remote add origin https://github.com/DhruvHegde/dependency-error-repo
timeout-test	UNKNOWN STEP	2026-08-27T06:17:09.1473287Z ##[endgroup]
timeout-test	UNKNOWN STEP	2026-08-27T06:17:09.1474706Z ##[group]Disabling automatic garbage collection
timeout-test	UNKNOWN STEP	2026-08-27T06:17:09.1478086Z [command]/usr/bin/git config --local gc.auto 0
timeout-test	UNKNOWN STEP	2026-08-27T06:17:09.1512984Z ##[endgroup]
timeout-test	UNKNOWN STEP	2026-08-27T06:17:09.1514327Z ##[group]Setting up auth
timeout-test	UNKNOWN STEP	2026-08-27T06:17:09.1519481Z [command]/usr/bin/git config --local --name-only --get-regexp core\.sshCommand
timeout-test	UNKNOWN STEP	2026-08-27T06:17:09.1554768Z [command]/usr/bin/git submodule foreach --recursive sh -c "git config --local --name-only --get-regexp 'core\.sshCommand' && git config --local --unset-all 'core.sshCommand' || :"
timeout-test	UNKNOWN STEP	2026-08-27T06:17:09.1914488Z [command]/usr/bin/git config --local --name-only --get-regexp http\.https\:\/\/github\.com\/\.extraheader
timeout-test	UNKNOWN STEP	2026-08-27T06:17:09.1966987Z [command]/usr/bin/git submodule foreach --recursive sh -c "git config --local --name-only --get-regexp 'http\.https\:\/\/github\.com\/\.extraheader' && git config --local --unset-all 'http.https://github.com/.extraheader' || :"
timeout-test	UNKNOWN STEP	2026-08-27T06:17:09.2212015Z [command]/usr/bin/git config --local --name-only --get-regexp ^includeIf\.gitdir:
timeout-test	UNKNOWN STEP	2026-08-27T06:17:09.2252267Z [command]/usr/bin/git submodule foreach --recursive git config --local --show-origin --name-only --get-regexp remote.origin.url
timeout-test	UNKNOWN STEP	2026-08-27T06:17:09.2514096Z [command]/usr/bin/git config --local http.https://github.com/.extraheader AUTHORIZATION: basic ***
timeout-test	UNKNOWN STEP	2026-08-27T06:17:09.2556047Z ##[endgroup]
timeout-test	UNKNOWN STEP	2026-08-27T06:17:09.2557167Z ##[group]Fetching the repository
timeout-test	UNKNOWN STEP	2026-08-27T06:17:09.2565962Z [command]/usr/bin/git -c protocol.version=2 fetch --no-tags --prune --no-recurse-submodules --depth=1 origin +4dc16a2fe745787bd473918721a135373401f46b:refs/remotes/origin/feature/timeout-errors
timeout-test	UNKNOWN STEP	2026-08-27T06:17:09.7016630Z From https://github.com/DhruvHegde/dependency-error-repo
timeout-test	UNKNOWN STEP	2026-08-27T06:17:09.7017731Z  * [new ref]         4dc16a2fe745787bd473918721a135373401f46b -> origin/feature/timeout-errors
timeout-test	UNKNOWN STEP	2026-08-27T06:17:09.7020898Z ##[endgroup]
timeout-test	UNKNOWN STEP	2026-08-27T06:17:09.7021941Z ##[group]Determining the checkout info
timeout-test	UNKNOWN STEP	2026-08-27T06:17:09.7023126Z ##[endgroup]
timeout-test	UNKNOWN STEP	2026-08-27T06:17:09.7029255Z [command]/usr/bin/git sparse-checkout disable
timeout-test	UNKNOWN STEP	2026-08-27T06:17:09.7078795Z [command]/usr/bin/git config --local --unset-all extensions.worktreeConfig
timeout-test	UNKNOWN STEP	2026-08-27T06:17:09.7112468Z ##[group]Checking out the ref
timeout-test	UNKNOWN STEP	2026-08-27T06:17:09.7117179Z [command]/usr/bin/git checkout --progress --force -B feature/timeout-errors refs/remotes/origin/feature/timeout-errors
timeout-test	UNKNOWN STEP	2026-08-27T06:17:09.7184930Z Switched to a new branch 'feature/timeout-errors'
timeout-test	UNKNOWN STEP	2026-08-27T06:17:09.7189665Z branch 'feature/timeout-errors' set up to track 'origin/feature/timeout-errors'.
timeout-test	UNKNOWN STEP	2026-08-27T06:17:09.7194360Z ##[endgroup]
timeout-test	UNKNOWN STEP	2026-08-27T06:17:09.7238756Z [command]/usr/bin/git log -1 --format=%H
timeout-test	UNKNOWN STEP	2026-08-27T06:17:09.7268461Z 4dc16a2fe745787bd473918721a135373401f46b
timeout-test	UNKNOWN STEP	2026-08-27T06:17:09.7555144Z Node 20 is being deprecated. This workflow is running with Node 24 by default. If you need to temporarily use Node 20, you can set the ACTIONS_ALLOW_USE_UNSECURE_NODE_VERSION=true environment variable. For more information see: https://github.blog/changelog/2025-09-19-deprecation-of-node-20-on-github-actions-runners/
timeout-test	UNKNOWN STEP	2026-08-27T06:17:09.7557762Z ##[group]Run actions/setup-python@v5
timeout-test	UNKNOWN STEP	2026-08-27T06:17:09.7558288Z with:
timeout-test	UNKNOWN STEP	2026-08-27T06:17:09.7558714Z   python-version: 3.11
timeout-test	UNKNOWN STEP	2026-08-27T06:17:09.7559183Z   check-latest: false
timeout-test	UNKNOWN STEP	2026-08-27T06:17:09.7562890Z   token: ***
timeout-test	UNKNOWN STEP	2026-08-27T06:17:09.7563329Z   update-environment: true
timeout-test	UNKNOWN STEP	2026-08-27T06:17:09.7563819Z   allow-prereleases: false
timeout-test	UNKNOWN STEP	2026-08-27T06:17:09.7564401Z   freethreaded: false
timeout-test	UNKNOWN STEP	2026-08-27T06:17:09.7564844Z ##[endgroup]
timeout-test	UNKNOWN STEP	2026-08-27T06:17:09.8865215Z ##[group]Installed versions
timeout-test	UNKNOWN STEP	2026-08-27T06:17:09.8941192Z (node:2311) [DEP0040] DeprecationWarning: The `punycode` module is deprecated. Please use a userland alternative instead.
timeout-test	UNKNOWN STEP	2026-08-27T06:17:09.8942666Z (Use `node --trace-deprecation ...` to show where the warning was created)
timeout-test	UNKNOWN STEP	2026-08-27T06:17:09.8943841Z Successfully set up CPython (3.11.16)
timeout-test	UNKNOWN STEP	2026-08-27T06:17:09.8945341Z ##[endgroup]
timeout-test	UNKNOWN STEP	2026-08-27T06:17:09.9172416Z ##[group]Run python -m pip install --upgrade pip
timeout-test	UNKNOWN STEP	2026-08-27T06:17:09.9173220Z ^[[36;1mpython -m pip install --upgrade pip^[[0m
timeout-test	UNKNOWN STEP	2026-08-27T06:17:09.9173845Z ^[[36;1mpip install pytest^[[0m
timeout-test	UNKNOWN STEP	2026-08-27T06:17:09.9230245Z shell: /usr/bin/bash -e {0}
timeout-test	UNKNOWN STEP	2026-08-27T06:17:09.9231026Z env:
timeout-test	UNKNOWN STEP	2026-08-27T06:17:09.9231831Z   pythonLocation: /opt/hostedtoolcache/Python/3.11.16/x64
timeout-test	UNKNOWN STEP	2026-08-27T06:17:09.9233157Z   PKG_CONFIG_PATH: /opt/hostedtoolcache/Python/3.11.16/x64/lib/pkgconfig
timeout-test	UNKNOWN STEP	2026-08-27T06:17:09.9234361Z   Python_ROOT_DIR: /opt/hostedtoolcache/Python/3.11.16/x64
timeout-test	UNKNOWN STEP	2026-08-27T06:17:09.9235146Z   Python2_ROOT_DIR: /opt/hostedtoolcache/Python/3.11.16/x64
timeout-test	UNKNOWN STEP	2026-08-27T06:17:09.9236244Z   Python3_ROOT_DIR: /opt/hostedtoolcache/Python/3.11.16/x64
timeout-test	UNKNOWN STEP	2026-08-27T06:17:09.9237254Z   LD_LIBRARY_PATH: /opt/hostedtoolcache/Python/3.11.16/x64/lib
timeout-test	UNKNOWN STEP	2026-08-27T06:17:09.9238265Z ##[endgroup]
timeout-test	UNKNOWN STEP	2026-08-27T06:17:10.4436682Z Requirement already satisfied: pip in /opt/hostedtoolcache/Python/3.11.16/x64/lib/python3.11/site-packages (26.2.1)
timeout-test	UNKNOWN STEP	2026-08-27T06:17:11.1692252Z Collecting pytest
timeout-test	UNKNOWN STEP	2026-08-27T06:17:11.2695843Z   Downloading pytest-9.1.1-py3-none-any.whl.metadata (7.6 kB)
timeout-test	UNKNOWN STEP	2026-08-27T06:17:11.2968718Z Collecting iniconfig>=1.0.1 (from pytest)
timeout-test	UNKNOWN STEP	2026-08-27T06:17:11.3159419Z   Downloading iniconfig-2.3.0-py3-none-any.whl.metadata (2.5 kB)
timeout-test	UNKNOWN STEP	2026-08-27T06:17:11.3449807Z Collecting packaging>=22 (from pytest)
timeout-test	UNKNOWN STEP	2026-08-27T06:17:11.3641370Z   Downloading packaging-26.3-py3-none-any.whl.metadata (3.5 kB)
timeout-test	UNKNOWN STEP	2026-08-27T06:17:11.3915466Z Collecting pluggy<2,>=1.5 (from pytest)
timeout-test	UNKNOWN STEP	2026-08-27T06:17:11.4109337Z   Downloading pluggy-1.6.0-py3-none-any.whl.metadata (4.8 kB)
timeout-test	UNKNOWN STEP	2026-08-27T06:17:11.4451112Z Collecting pygments>=2.7.2 (from pytest)
timeout-test	UNKNOWN STEP	2026-08-27T06:17:11.4644949Z   Downloading pygments-2.21.0-py3-none-any.whl.metadata (2.5 kB)
timeout-test	UNKNOWN STEP	2026-08-27T06:17:11.4880730Z Downloading pytest-9.1.1-py3-none-any.whl (386 kB)
timeout-test	UNKNOWN STEP	2026-08-27T06:17:11.5726326Z Downloading pluggy-1.6.0-py3-none-any.whl (20 kB)
timeout-test	UNKNOWN STEP	2026-08-27T06:17:11.5933129Z Downloading iniconfig-2.3.0-py3-none-any.whl (7.5 kB)
timeout-test	UNKNOWN STEP	2026-08-27T06:17:11.6140045Z Downloading packaging-26.3-py3-none-any.whl (129 kB)
timeout-test	UNKNOWN STEP	2026-08-27T06:17:11.6374602Z Downloading pygments-2.21.0-py3-none-any.whl (1.3 MB)
timeout-test	UNKNOWN STEP	2026-08-27T06:17:11.6971633Z    ━━━━━━━━━━━━━━━━━━━━━━━━━━━━━━━━━━━━━━━━ 1.3/1.3 MB 24.9 MB/s  0:00:00
timeout-test	UNKNOWN STEP	2026-08-27T06:17:11.7430323Z Installing collected packages: pygments, pluggy, packaging, iniconfig, pytest
timeout-test	UNKNOWN STEP	2026-08-27T06:17:12.7203387Z 
timeout-test	UNKNOWN STEP	2026-08-27T06:17:12.7212334Z Successfully installed iniconfig-2.3.0 packaging-26.3 pluggy-1.6.0 pygments-2.21.0 pytest-9.1.1
timeout-test	UNKNOWN STEP	2026-08-27T06:17:12.7787494Z ##[group]Run pytest test_app.py
timeout-test	UNKNOWN STEP	2026-08-27T06:17:12.7787893Z ^[[36;1mpytest test_app.py^[[0m
timeout-test	UNKNOWN STEP	2026-08-27T06:17:12.7830832Z shell: /usr/bin/bash -e {0}
timeout-test	UNKNOWN STEP	2026-08-27T06:17:12.7831161Z env:
timeout-test	UNKNOWN STEP	2026-08-27T06:17:12.7831486Z   pythonLocation: /opt/hostedtoolcache/Python/3.11.16/x64
timeout-test	UNKNOWN STEP	2026-08-27T06:17:12.7831996Z   PKG_CONFIG_PATH: /opt/hostedtoolcache/Python/3.11.16/x64/lib/pkgconfig
timeout-test	UNKNOWN STEP	2026-08-27T06:17:12.7832470Z   Python_ROOT_DIR: /opt/hostedtoolcache/Python/3.11.16/x64
timeout-test	UNKNOWN STEP	2026-08-27T06:17:12.7832915Z   Python2_ROOT_DIR: /opt/hostedtoolcache/Python/3.11.16/x64
timeout-test	UNKNOWN STEP	2026-08-27T06:17:12.7833347Z   Python3_ROOT_DIR: /opt/hostedtoolcache/Python/3.11.16/x64
timeout-test	UNKNOWN STEP	2026-08-27T06:17:12.7833815Z   LD_LIBRARY_PATH: /opt/hostedtoolcache/Python/3.11.16/x64/lib
timeout-test	UNKNOWN STEP	2026-08-27T06:17:12.7834371Z ##[endgroup]
timeout-test	UNKNOWN STEP	2026-08-27T06:17:13.0082681Z ============================= test session starts ==============================
timeout-test	UNKNOWN STEP	2026-08-27T06:17:13.0083900Z platform linux -- Python 3.11.16, pytest-9.1.1, pluggy-1.6.0
timeout-test	UNKNOWN STEP	2026-08-27T06:17:13.0085428Z rootdir: /home/runner/work/dependency-error-repo/dependency-error-repo
timeout-test	UNKNOWN STEP	2026-08-27T06:17:13.0086153Z collected 1 item
timeout-test	UNKNOWN STEP	2026-08-27T06:17:13.0086346Z 
timeout-test	UNKNOWN STEP	2026-08-27T06:18:25.2824855Z ##[error]The action 'Run Tests' has timed out after 1 minutes.
timeout-test	UNKNOWN STEP	2026-08-27T06:18:25.2956559Z Node 20 is being deprecated. This workflow is running with Node 24 by default. If you need to temporarily use Node 20, you can set the ACTIONS_ALLOW_USE_UNSECURE_NODE_VERSION=true environment variable. For more information see: https://github.blog/changelog/2025-09-19-deprecation-of-node-20-on-github-actions-runners/
timeout-test	UNKNOWN STEP	2026-08-27T06:18:25.2957782Z Post job cleanup.
timeout-test	UNKNOWN STEP	2026-08-27T06:18:25.3989801Z [command]/usr/bin/git version
timeout-test	UNKNOWN STEP	2026-08-27T06:18:25.3992613Z git version 2.55.0
timeout-test	UNKNOWN STEP	2026-08-27T06:18:25.3998663Z Temporarily overriding HOME='/home/runner/work/_temp/fbe1719b-c995-4451-a980-edeee32ad629' before making global git config changes
timeout-test	UNKNOWN STEP	2026-08-27T06:18:25.4000083Z Adding repository directory to the temporary git global config as a safe directory
timeout-test	UNKNOWN STEP	2026-08-27T06:18:25.4006070Z [command]/usr/bin/git config --global --add safe.directory /home/runner/work/dependency-error-repo/dependency-error-repo
timeout-test	UNKNOWN STEP	2026-08-27T06:18:25.4008691Z [command]/usr/bin/git config --local --name-only --get-regexp core\.sshCommand
timeout-test	UNKNOWN STEP	2026-08-27T06:18:25.4013624Z [command]/usr/bin/git submodule foreach --recursive sh -c "git config --local --name-only --get-regexp 'core\.sshCommand' && git config --local --unset-all 'core.sshCommand' || :"
timeout-test	UNKNOWN STEP	2026-08-27T06:18:25.4279042Z [command]/usr/bin/git config --local --name-only --get-regexp http\.https\:\/\/github\.com\/\.extraheader
timeout-test	UNKNOWN STEP	2026-08-27T06:18:25.4340033Z http.https://github.com/.extraheader
timeout-test	UNKNOWN STEP	2026-08-27T06:18:25.4351648Z [command]/usr/bin/git config --local --unset-all http.https://github.com/.extraheader
timeout-test	UNKNOWN STEP	2026-08-27T06:18:25.4391573Z [command]/usr/bin/git submodule foreach --recursive sh -c "git config --local --name-only --get-regexp 'http\.https\:\/\/github\.com\/\.extraheader' && git config --local --unset-all 'http.https://github.com/.extraheader' || :"
timeout-test	UNKNOWN STEP	2026-08-27T06:18:25.4667348Z [command]/usr/bin/git config --local --name-only --get-regexp ^includeIf\.gitdir:
timeout-test	UNKNOWN STEP	2026-08-27T06:18:25.4707929Z [command]/usr/bin/git submodule foreach --recursive git config --local --show-origin --name-only --get-regexp remote.origin.url
timeout-test	UNKNOWN STEP	2026-08-27T06:18:25.5129394Z Cleaning up orphan processes
timeout-test	UNKNOWN STEP	2026-08-27T06:18:25.5445448Z Terminate orphan process: pid (2370) (pytest)
timeout-test	UNKNOWN STEP	2026-08-27T06:18:25.5454769Z ##[warning]Node.js 20 is deprecated. The following actions target Node.js 20 but are being forced to run on Node.js 24: actions/checkout@v4, actions/setup-python@v5. For more information see: https://github.blog/changelog/2025-09-19-deprecation-of-node-20-on-github-actions-runners/