timeout-test	Set up job	﻿2026-08-27T06:37:54.5694136Z Current runner version: '2.336.0'
timeout-test	Set up job	2026-08-27T06:37:54.5721138Z ##[group]Runner Image Provisioner
timeout-test	Set up job	2026-08-27T06:37:54.5722044Z Hosted Compute Agent
timeout-test	Set up job	2026-08-27T06:37:54.5722765Z Version: 20260819.586
timeout-test	Set up job	2026-08-27T06:37:54.5723438Z Commit: 3cc4a88dfa507ef76119ad1bb3eccc6378bb2b76
timeout-test	Set up job	2026-08-27T06:37:54.5724176Z Build Date: 2026-08-18T23:20:18Z
timeout-test	Set up job	2026-08-27T06:37:54.5725120Z Worker ID: {e773f581-10f8-4874-acc6-b6342c93ca82}
timeout-test	Set up job	2026-08-27T06:37:54.5725947Z Azure Region: westus2
timeout-test	Set up job	2026-08-27T06:37:54.5726653Z ##[endgroup]
timeout-test	Set up job	2026-08-27T06:37:54.5728201Z ##[group]Operating System
timeout-test	Set up job	2026-08-27T06:37:54.5728897Z Ubuntu
timeout-test	Set up job	2026-08-27T06:37:54.5729575Z 24.04.4
timeout-test	Set up job	2026-08-27T06:37:54.5730153Z LTS
timeout-test	Set up job	2026-08-27T06:37:54.5730747Z ##[endgroup]
timeout-test	Set up job	2026-08-27T06:37:54.5731426Z ##[group]Runner Image
timeout-test	Set up job	2026-08-27T06:37:54.5732036Z Image: ubuntu-24.04
timeout-test	Set up job	2026-08-27T06:37:54.5732633Z Version: 20260823.283.1
timeout-test	Set up job	2026-08-27T06:37:54.5733710Z Included Software: https://github.com/actions/runner-images/blob/ubuntu24/20260823.283/images/ubuntu/Ubuntu2404-Readme.md
timeout-test	Set up job	2026-08-27T06:37:54.5735993Z Image Release: https://github.com/actions/runner-images/releases/tag/ubuntu24%2F20260823.283
timeout-test	Set up job	2026-08-27T06:37:54.5737433Z ##[endgroup]
timeout-test	Set up job	2026-08-27T06:37:54.5738731Z ##[group]GITHUB_TOKEN Permissions
timeout-test	Set up job	2026-08-27T06:37:54.5741052Z Contents: read
timeout-test	Set up job	2026-08-27T06:37:54.5741796Z Metadata: read
timeout-test	Set up job	2026-08-27T06:37:54.5742376Z Packages: read
timeout-test	Set up job	2026-08-27T06:37:54.5743027Z ##[endgroup]
timeout-test	Set up job	2026-08-27T06:37:54.5745705Z Secret source: Actions
timeout-test	Set up job	2026-08-27T06:37:54.5747035Z Prepare workflow directory
timeout-test	Set up job	2026-08-27T06:37:54.6158459Z Prepare all required actions
timeout-test	Set up job	2026-08-27T06:37:54.6209218Z Getting action download info
timeout-test	Set up job	2026-08-27T06:37:54.9756484Z Download action repository 'actions/checkout@v4' (SHA:11d5960a326750d5838078e36cf38b85af677262)
timeout-test	Set up job	2026-08-27T06:37:55.1159906Z Download action repository 'actions/setup-python@v5' (SHA:a26af69be951a213d495a4c3e4e4022e16d87065)
timeout-test	Set up job	2026-08-27T06:37:55.3065931Z Complete job name: timeout-test
timeout-test	Checkout Repository	﻿2026-08-27T06:37:55.3978560Z Node 20 is being deprecated. This workflow is running with Node 24 by default. If you need to temporarily use Node 20, you can set the ACTIONS_ALLOW_USE_UNSECURE_NODE_VERSION=true environment variable. For more information see: https://github.blog/changelog/2025-09-19-deprecation-of-node-20-on-github-actions-runners/
timeout-test	Checkout Repository	2026-08-27T06:37:55.3988735Z ##[group]Run actions/checkout@v4
timeout-test	Checkout Repository	2026-08-27T06:37:55.3989839Z with:
timeout-test	Checkout Repository	2026-08-27T06:37:55.3990382Z   repository: DhruvHegde/dependency-error-repo
timeout-test	Checkout Repository	2026-08-27T06:37:55.3994354Z   token: ***
timeout-test	Checkout Repository	2026-08-27T06:37:55.3994834Z   ssh-strict: true
timeout-test	Checkout Repository	2026-08-27T06:37:55.3995520Z   ssh-user: git
timeout-test	Checkout Repository	2026-08-27T06:37:55.3995989Z   persist-credentials: true
timeout-test	Checkout Repository	2026-08-27T06:37:55.3996494Z   clean: true
timeout-test	Checkout Repository	2026-08-27T06:37:55.3997050Z   sparse-checkout-cone-mode: true
timeout-test	Checkout Repository	2026-08-27T06:37:55.3997910Z   fetch-depth: 1
timeout-test	Checkout Repository	2026-08-27T06:37:55.3998458Z   fetch-tags: false
timeout-test	Checkout Repository	2026-08-27T06:37:55.3998914Z   show-progress: true
timeout-test	Checkout Repository	2026-08-27T06:37:55.3999376Z   lfs: false
timeout-test	Checkout Repository	2026-08-27T06:37:55.3999799Z   submodules: false
timeout-test	Checkout Repository	2026-08-27T06:37:55.4000310Z   set-safe-directory: true
timeout-test	Checkout Repository	2026-08-27T06:37:55.4000833Z   allow-unsafe-pr-checkout: false
timeout-test	Checkout Repository	2026-08-27T06:37:55.4001683Z ##[endgroup]
timeout-test	Checkout Repository	2026-08-27T06:37:55.5049575Z Syncing repository: DhruvHegde/dependency-error-repo
timeout-test	Checkout Repository	2026-08-27T06:37:55.5052507Z ##[group]Getting Git version info
timeout-test	Checkout Repository	2026-08-27T06:37:55.5054158Z Working directory is '/home/runner/work/dependency-error-repo/dependency-error-repo'
timeout-test	Checkout Repository	2026-08-27T06:37:55.5056450Z [command]/usr/bin/git version
timeout-test	Checkout Repository	2026-08-27T06:37:55.5197707Z git version 2.55.0
timeout-test	Checkout Repository	2026-08-27T06:37:55.5220264Z ##[endgroup]
timeout-test	Checkout Repository	2026-08-27T06:37:55.5242425Z Temporarily overriding HOME='/home/runner/work/_temp/b00abf12-acdc-45b1-b7ff-6e8f4bc8dae7' before making global git config changes
timeout-test	Checkout Repository	2026-08-27T06:37:55.5243901Z Adding repository directory to the temporary git global config as a safe directory
timeout-test	Checkout Repository	2026-08-27T06:37:55.5245462Z [command]/usr/bin/git config --global --add safe.directory /home/runner/work/dependency-error-repo/dependency-error-repo
timeout-test	Checkout Repository	2026-08-27T06:37:55.5305400Z Deleting the contents of '/home/runner/work/dependency-error-repo/dependency-error-repo'
timeout-test	Checkout Repository	2026-08-27T06:37:55.5309173Z ##[group]Initializing the repository
timeout-test	Checkout Repository	2026-08-27T06:37:55.5314689Z [command]/usr/bin/git init /home/runner/work/dependency-error-repo/dependency-error-repo
timeout-test	Checkout Repository	2026-08-27T06:37:55.5449239Z hint: Using 'master' as the name for the initial branch. This default branch name
timeout-test	Checkout Repository	2026-08-27T06:37:55.5451416Z hint: will change to "main" in Git 3.0. To configure the initial branch name
timeout-test	Checkout Repository	2026-08-27T06:37:55.5453386Z hint: to use in all of your new repositories, which will suppress this warning,
timeout-test	Checkout Repository	2026-08-27T06:37:55.5455116Z hint: call:
timeout-test	Checkout Repository	2026-08-27T06:37:55.5456069Z hint:
timeout-test	Checkout Repository	2026-08-27T06:37:55.5457126Z hint: 	git config --global init.defaultBranch <name>
timeout-test	Checkout Repository	2026-08-27T06:37:55.5458536Z hint:
timeout-test	Checkout Repository	2026-08-27T06:37:55.5460027Z hint: Names commonly chosen instead of 'master' are 'main', 'trunk' and
timeout-test	Checkout Repository	2026-08-27T06:37:55.5461992Z hint: 'development'. The just-created branch can be renamed via this command:
timeout-test	Checkout Repository	2026-08-27T06:37:55.5463601Z hint:
timeout-test	Checkout Repository	2026-08-27T06:37:55.5464636Z hint: 	git branch -m <name>
timeout-test	Checkout Repository	2026-08-27T06:37:55.5465963Z hint:
timeout-test	Checkout Repository	2026-08-27T06:37:55.5467255Z hint: Disable this message with "git config set advice.defaultBranchName false"
timeout-test	Checkout Repository	2026-08-27T06:37:55.5469584Z Initialized empty Git repository in /home/runner/work/dependency-error-repo/dependency-error-repo/.git/
timeout-test	Checkout Repository	2026-08-27T06:37:55.5473810Z [command]/usr/bin/git remote add origin https://github.com/DhruvHegde/dependency-error-repo
timeout-test	Checkout Repository	2026-08-27T06:37:55.5542277Z ##[endgroup]
timeout-test	Checkout Repository	2026-08-27T06:37:55.5543667Z ##[group]Disabling automatic garbage collection
timeout-test	Checkout Repository	2026-08-27T06:37:55.5546904Z [command]/usr/bin/git config --local gc.auto 0
timeout-test	Checkout Repository	2026-08-27T06:37:55.5585770Z ##[endgroup]
timeout-test	Checkout Repository	2026-08-27T06:37:55.5587169Z ##[group]Setting up auth
timeout-test	Checkout Repository	2026-08-27T06:37:55.5594236Z [command]/usr/bin/git config --local --name-only --get-regexp core\.sshCommand
timeout-test	Checkout Repository	2026-08-27T06:37:55.5630164Z [command]/usr/bin/git submodule foreach --recursive sh -c "git config --local --name-only --get-regexp 'core\.sshCommand' && git config --local --unset-all 'core.sshCommand' || :"
timeout-test	Checkout Repository	2026-08-27T06:37:55.6169451Z [command]/usr/bin/git config --local --name-only --get-regexp http\.https\:\/\/github\.com\/\.extraheader
timeout-test	Checkout Repository	2026-08-27T06:37:55.6199316Z [command]/usr/bin/git submodule foreach --recursive sh -c "git config --local --name-only --get-regexp 'http\.https\:\/\/github\.com\/\.extraheader' && git config --local --unset-all 'http.https://github.com/.extraheader' || :"
timeout-test	Checkout Repository	2026-08-27T06:37:55.6466974Z [command]/usr/bin/git config --local --name-only --get-regexp ^includeIf\.gitdir:
timeout-test	Checkout Repository	2026-08-27T06:37:55.6510309Z [command]/usr/bin/git submodule foreach --recursive git config --local --show-origin --name-only --get-regexp remote.origin.url
timeout-test	Checkout Repository	2026-08-27T06:37:55.6793457Z [command]/usr/bin/git config --local http.https://github.com/.extraheader AUTHORIZATION: basic ***
timeout-test	Checkout Repository	2026-08-27T06:37:55.6841132Z ##[endgroup]
timeout-test	Checkout Repository	2026-08-27T06:37:55.6842853Z ##[group]Fetching the repository
timeout-test	Checkout Repository	2026-08-27T06:37:55.6855343Z [command]/usr/bin/git -c protocol.version=2 fetch --no-tags --prune --no-recurse-submodules --depth=1 origin +134be4ca072cade73e7f68dfcb763334d3cb268c:refs/remotes/origin/feature/timeout-errors
timeout-test	Checkout Repository	2026-08-27T06:37:56.0514676Z From https://github.com/DhruvHegde/dependency-error-repo
timeout-test	Checkout Repository	2026-08-27T06:37:56.0517787Z  * [new ref]         134be4ca072cade73e7f68dfcb763334d3cb268c -> origin/feature/timeout-errors
timeout-test	Checkout Repository	2026-08-27T06:37:56.0521764Z ##[endgroup]
timeout-test	Checkout Repository	2026-08-27T06:37:56.0523525Z ##[group]Determining the checkout info
timeout-test	Checkout Repository	2026-08-27T06:37:56.0525780Z ##[endgroup]
timeout-test	Checkout Repository	2026-08-27T06:37:56.0532496Z [command]/usr/bin/git sparse-checkout disable
timeout-test	Checkout Repository	2026-08-27T06:37:56.0601604Z [command]/usr/bin/git config --local --unset-all extensions.worktreeConfig
timeout-test	Checkout Repository	2026-08-27T06:37:56.0641846Z ##[group]Checking out the ref
timeout-test	Checkout Repository	2026-08-27T06:37:56.0643775Z [command]/usr/bin/git checkout --progress --force -B feature/timeout-errors refs/remotes/origin/feature/timeout-errors
timeout-test	Checkout Repository	2026-08-27T06:37:56.0739886Z Switched to a new branch 'feature/timeout-errors'
timeout-test	Checkout Repository	2026-08-27T06:37:56.0745381Z branch 'feature/timeout-errors' set up to track 'origin/feature/timeout-errors'.
timeout-test	Checkout Repository	2026-08-27T06:37:56.0751242Z ##[endgroup]
timeout-test	Checkout Repository	2026-08-27T06:37:56.0859494Z [command]/usr/bin/git log -1 --format=%H
timeout-test	Checkout Repository	2026-08-27T06:37:56.0907694Z 134be4ca072cade73e7f68dfcb763334d3cb268c
timeout-test	Setup Python	﻿2026-08-27T06:37:56.1202653Z Node 20 is being deprecated. This workflow is running with Node 24 by default. If you need to temporarily use Node 20, you can set the ACTIONS_ALLOW_USE_UNSECURE_NODE_VERSION=true environment variable. For more information see: https://github.blog/changelog/2025-09-19-deprecation-of-node-20-on-github-actions-runners/
timeout-test	Setup Python	2026-08-27T06:37:56.1205572Z ##[group]Run actions/setup-python@v5
timeout-test	Setup Python	2026-08-27T06:37:56.1206173Z with:
timeout-test	Setup Python	2026-08-27T06:37:56.1206607Z   python-version: 3.11
timeout-test	Setup Python	2026-08-27T06:37:56.1207076Z   check-latest: false
timeout-test	Setup Python	2026-08-27T06:37:56.1211022Z   token: ***
timeout-test	Setup Python	2026-08-27T06:37:56.1211469Z   update-environment: true
timeout-test	Setup Python	2026-08-27T06:37:56.1211978Z   allow-prereleases: false
timeout-test	Setup Python	2026-08-27T06:37:56.1212466Z   freethreaded: false
timeout-test	Setup Python	2026-08-27T06:37:56.1212914Z ##[endgroup]
timeout-test	Setup Python	2026-08-27T06:37:56.2594872Z ##[group]Installed versions
timeout-test	Setup Python	2026-08-27T06:37:56.2695995Z (node:2222) [DEP0040] DeprecationWarning: The `punycode` module is deprecated. Please use a userland alternative instead.
timeout-test	Setup Python	2026-08-27T06:37:56.2698755Z (Use `node --trace-deprecation ...` to show where the warning was created)
timeout-test	Setup Python	2026-08-27T06:37:56.2700413Z Successfully set up CPython (3.11.16)
timeout-test	Setup Python	2026-08-27T06:37:56.2702239Z ##[endgroup]
timeout-test	Install Test Dependencies	﻿2026-08-27T06:37:56.2919548Z ##[group]Run python -m pip install --upgrade pip
timeout-test	Install Test Dependencies	2026-08-27T06:37:56.2920386Z ^[[36;1mpython -m pip install --upgrade pip^[[0m
timeout-test	Install Test Dependencies	2026-08-27T06:37:56.2921056Z ^[[36;1mpip install pytest^[[0m
timeout-test	Install Test Dependencies	2026-08-27T06:37:56.2983108Z shell: /usr/bin/bash -e {0}
timeout-test	Install Test Dependencies	2026-08-27T06:37:56.2984029Z env:
timeout-test	Install Test Dependencies	2026-08-27T06:37:56.2985180Z   pythonLocation: /opt/hostedtoolcache/Python/3.11.16/x64
timeout-test	Install Test Dependencies	2026-08-27T06:37:56.2986576Z   PKG_CONFIG_PATH: /opt/hostedtoolcache/Python/3.11.16/x64/lib/pkgconfig
timeout-test	Install Test Dependencies	2026-08-27T06:37:56.2988121Z   Python_ROOT_DIR: /opt/hostedtoolcache/Python/3.11.16/x64
timeout-test	Install Test Dependencies	2026-08-27T06:37:56.2990071Z   Python2_ROOT_DIR: /opt/hostedtoolcache/Python/3.11.16/x64
timeout-test	Install Test Dependencies	2026-08-27T06:37:56.3084196Z   Python3_ROOT_DIR: /opt/hostedtoolcache/Python/3.11.16/x64
timeout-test	Install Test Dependencies	2026-08-27T06:37:56.3086475Z   LD_LIBRARY_PATH: /opt/hostedtoolcache/Python/3.11.16/x64/lib
timeout-test	Install Test Dependencies	2026-08-27T06:37:56.3087710Z ##[endgroup]
timeout-test	Install Test Dependencies	2026-08-27T06:37:57.0925961Z Requirement already satisfied: pip in /opt/hostedtoolcache/Python/3.11.16/x64/lib/python3.11/site-packages (26.2.1)
timeout-test	Install Test Dependencies	2026-08-27T06:37:57.7227759Z Collecting pytest
timeout-test	Install Test Dependencies	2026-08-27T06:37:57.7806850Z   Downloading pytest-9.1.1-py3-none-any.whl.metadata (7.6 kB)
timeout-test	Install Test Dependencies	2026-08-27T06:37:57.7985371Z Collecting iniconfig>=1.0.1 (from pytest)
timeout-test	Install Test Dependencies	2026-08-27T06:37:57.8057412Z   Downloading iniconfig-2.3.0-py3-none-any.whl.metadata (2.5 kB)
timeout-test	Install Test Dependencies	2026-08-27T06:37:57.8348454Z Collecting packaging>=22 (from pytest)
timeout-test	Install Test Dependencies	2026-08-27T06:37:57.8432221Z   Downloading packaging-26.3-py3-none-any.whl.metadata (3.5 kB)
timeout-test	Install Test Dependencies	2026-08-27T06:37:57.8656971Z Collecting pluggy<2,>=1.5 (from pytest)
timeout-test	Install Test Dependencies	2026-08-27T06:37:57.8738639Z   Downloading pluggy-1.6.0-py3-none-any.whl.metadata (4.8 kB)
timeout-test	Install Test Dependencies	2026-08-27T06:37:57.9091653Z Collecting pygments>=2.7.2 (from pytest)
timeout-test	Install Test Dependencies	2026-08-27T06:37:57.9153613Z   Downloading pygments-2.21.0-py3-none-any.whl.metadata (2.5 kB)
timeout-test	Install Test Dependencies	2026-08-27T06:37:57.9284290Z Downloading pytest-9.1.1-py3-none-any.whl (386 kB)
timeout-test	Install Test Dependencies	2026-08-27T06:37:57.9607428Z Downloading pluggy-1.6.0-py3-none-any.whl (20 kB)
timeout-test	Install Test Dependencies	2026-08-27T06:37:57.9696735Z Downloading iniconfig-2.3.0-py3-none-any.whl (7.5 kB)
timeout-test	Install Test Dependencies	2026-08-27T06:37:57.9790879Z Downloading packaging-26.3-py3-none-any.whl (129 kB)
timeout-test	Install Test Dependencies	2026-08-27T06:37:57.9887346Z Downloading pygments-2.21.0-py3-none-any.whl (1.3 MB)
timeout-test	Install Test Dependencies	2026-08-27T06:37:58.0115686Z    ━━━━━━━━━━━━━━━━━━━━━━━━━━━━━━━━━━━━━━━━ 1.3/1.3 MB 64.1 MB/s  0:00:00
timeout-test	Install Test Dependencies	2026-08-27T06:37:58.0606984Z Installing collected packages: pygments, pluggy, packaging, iniconfig, pytest
timeout-test	Install Test Dependencies	2026-08-27T06:37:59.0429448Z 
timeout-test	Install Test Dependencies	2026-08-27T06:37:59.0468736Z Successfully installed iniconfig-2.3.0 packaging-26.3 pluggy-1.6.0 pygments-2.21.0 pytest-9.1.1
timeout-test	Run Tests	﻿2026-08-27T06:37:59.1034015Z ##[group]Run pytest test_app.py
timeout-test	Run Tests	2026-08-27T06:37:59.1034444Z ^[[36;1mpytest test_app.py^[[0m
timeout-test	Run Tests	2026-08-27T06:37:59.1075337Z shell: /usr/bin/bash -e {0}
timeout-test	Run Tests	2026-08-27T06:37:59.1075675Z env:
timeout-test	Run Tests	2026-08-27T06:37:59.1075999Z   pythonLocation: /opt/hostedtoolcache/Python/3.11.16/x64
timeout-test	Run Tests	2026-08-27T06:37:59.1076504Z   PKG_CONFIG_PATH: /opt/hostedtoolcache/Python/3.11.16/x64/lib/pkgconfig
timeout-test	Run Tests	2026-08-27T06:37:59.1077003Z   Python_ROOT_DIR: /opt/hostedtoolcache/Python/3.11.16/x64
timeout-test	Run Tests	2026-08-27T06:37:59.1077444Z   Python2_ROOT_DIR: /opt/hostedtoolcache/Python/3.11.16/x64
timeout-test	Run Tests	2026-08-27T06:37:59.1077911Z   Python3_ROOT_DIR: /opt/hostedtoolcache/Python/3.11.16/x64
timeout-test	Run Tests	2026-08-27T06:37:59.1078377Z   LD_LIBRARY_PATH: /opt/hostedtoolcache/Python/3.11.16/x64/lib
timeout-test	Run Tests	2026-08-27T06:37:59.1078758Z ##[endgroup]
timeout-test	Run Tests	2026-08-27T06:37:59.5170358Z ============================= test session starts ==============================
timeout-test	Run Tests	2026-08-27T06:37:59.5171453Z platform linux -- Python 3.11.16, pytest-9.1.1, pluggy-1.6.0
timeout-test	Run Tests	2026-08-27T06:37:59.5172326Z rootdir: /home/runner/work/dependency-error-repo/dependency-error-repo
timeout-test	Run Tests	2026-08-27T06:37:59.5172984Z collected 1 item
timeout-test	Run Tests	2026-08-27T06:37:59.5173167Z 
timeout-test	Run Tests	2026-08-27T06:39:11.6080329Z ##[error]The action 'Run Tests' has timed out after 1 minutes.
timeout-test	Post Checkout Repository	﻿2026-08-27T06:39:11.6234146Z Node 20 is being deprecated. This workflow is running with Node 24 by default. If you need to temporarily use Node 20, you can set the ACTIONS_ALLOW_USE_UNSECURE_NODE_VERSION=true environment variable. For more information see: https://github.blog/changelog/2025-09-19-deprecation-of-node-20-on-github-actions-runners/
timeout-test	Post Checkout Repository	2026-08-27T06:39:11.6235729Z Post job cleanup.
timeout-test	Post Checkout Repository	2026-08-27T06:39:11.7099419Z [command]/usr/bin/git version
timeout-test	Post Checkout Repository	2026-08-27T06:39:11.7146971Z git version 2.55.0
timeout-test	Post Checkout Repository	2026-08-27T06:39:11.7221827Z Temporarily overriding HOME='/home/runner/work/_temp/839a0aaa-083a-41df-a3ba-a929e59ef9c8' before making global git config changes
timeout-test	Post Checkout Repository	2026-08-27T06:39:11.7223708Z Adding repository directory to the temporary git global config as a safe directory
timeout-test	Post Checkout Repository	2026-08-27T06:39:11.7231421Z [command]/usr/bin/git config --global --add safe.directory /home/runner/work/dependency-error-repo/dependency-error-repo
timeout-test	Post Checkout Repository	2026-08-27T06:39:11.7283020Z [command]/usr/bin/git config --local --name-only --get-regexp core\.sshCommand
timeout-test	Post Checkout Repository	2026-08-27T06:39:11.7325799Z [command]/usr/bin/git submodule foreach --recursive sh -c "git config --local --name-only --get-regexp 'core\.sshCommand' && git config --local --unset-all 'core.sshCommand' || :"
timeout-test	Post Checkout Repository	2026-08-27T06:39:11.7617383Z [command]/usr/bin/git config --local --name-only --get-regexp http\.https\:\/\/github\.com\/\.extraheader
timeout-test	Post Checkout Repository	2026-08-27T06:39:11.7672258Z http.https://github.com/.extraheader
timeout-test	Post Checkout Repository	2026-08-27T06:39:11.7686232Z [command]/usr/bin/git config --local --unset-all http.https://github.com/.extraheader
timeout-test	Post Checkout Repository	2026-08-27T06:39:11.7755918Z [command]/usr/bin/git submodule foreach --recursive sh -c "git config --local --name-only --get-regexp 'http\.https\:\/\/github\.com\/\.extraheader' && git config --local --unset-all 'http.https://github.com/.extraheader' || :"
timeout-test	Post Checkout Repository	2026-08-27T06:39:11.8027431Z [command]/usr/bin/git config --local --name-only --get-regexp ^includeIf\.gitdir:
timeout-test	Post Checkout Repository	2026-08-27T06:39:11.8081947Z [command]/usr/bin/git submodule foreach --recursive git config --local --show-origin --name-only --get-regexp remote.origin.url
timeout-test	Complete job	﻿2026-08-27T06:39:11.8472963Z Cleaning up orphan processes
timeout-test	Complete job	2026-08-27T06:39:11.8803697Z Terminate orphan process: pid (2282) (pytest)
timeout-test	Complete job	2026-08-27T06:39:11.8850148Z ##[warning]Node.js 20 is deprecated. The following actions target Node.js 20 but are being forced to run on Node.js 24: actions/checkout@v4, actions/setup-python@v5. For more information see: https://github.blog/changelog/2025-09-19-deprecation-of-node-20-on-github-actions-runners/