timeout-test	Set up job	﻿2026-08-27T05:01:24.2483317Z Current runner version: '2.336.0'
timeout-test	Set up job	2026-08-27T05:01:24.2508640Z ##[group]Runner Image Provisioner
timeout-test	Set up job	2026-08-27T05:01:24.2509535Z Hosted Compute Agent
timeout-test	Set up job	2026-08-27T05:01:24.2510152Z Version: 20260729.566
timeout-test	Set up job	2026-08-27T05:01:24.2510862Z Commit: cf7153fe6e25b664e8693c24944bf2b00355d109
timeout-test	Set up job	2026-08-27T05:01:24.2511649Z Build Date: 2026-07-29T19:17:02Z
timeout-test	Set up job	2026-08-27T05:01:24.2512448Z Worker ID: {40850d8f-43c3-4f5a-bbf5-c9bc629bbf5b}
timeout-test	Set up job	2026-08-27T05:01:24.2513192Z Azure Region: eastus
timeout-test	Set up job	2026-08-27T05:01:24.2513777Z ##[endgroup]
timeout-test	Set up job	2026-08-27T05:01:24.2515158Z ##[group]Operating System
timeout-test	Set up job	2026-08-27T05:01:24.2515882Z Ubuntu
timeout-test	Set up job	2026-08-27T05:01:24.2516418Z 24.04.4
timeout-test	Set up job	2026-08-27T05:01:24.2517042Z LTS
timeout-test	Set up job	2026-08-27T05:01:24.2517583Z ##[endgroup]
timeout-test	Set up job	2026-08-27T05:01:24.2518771Z ##[group]Runner Image
timeout-test	Set up job	2026-08-27T05:01:24.2519456Z Image: ubuntu-24.04
timeout-test	Set up job	2026-08-27T05:01:24.2520560Z Version: 20260816.277.1
timeout-test	Set up job	2026-08-27T05:01:24.2521670Z Included Software: https://github.com/actions/runner-images/blob/ubuntu24/20260816.277/images/ubuntu/Ubuntu2404-Readme.md
timeout-test	Set up job	2026-08-27T05:01:24.2523549Z Image Release: https://github.com/actions/runner-images/releases/tag/ubuntu24%2F20260816.277
timeout-test	Set up job	2026-08-27T05:01:24.2524585Z ##[endgroup]
timeout-test	Set up job	2026-08-27T05:01:24.2525823Z ##[group]GITHUB_TOKEN Permissions
timeout-test	Set up job	2026-08-27T05:01:24.2528391Z Contents: read
timeout-test	Set up job	2026-08-27T05:01:24.2529135Z Metadata: read
timeout-test	Set up job	2026-08-27T05:01:24.2529726Z Packages: read
timeout-test	Set up job	2026-08-27T05:01:24.2530292Z ##[endgroup]
timeout-test	Set up job	2026-08-27T05:01:24.2532468Z Secret source: Actions
timeout-test	Set up job	2026-08-27T05:01:24.2533837Z Prepare workflow directory
timeout-test	Set up job	2026-08-27T05:01:24.2854098Z Prepare all required actions
timeout-test	Set up job	2026-08-27T05:01:24.2901888Z Getting action download info
timeout-test	Set up job	2026-08-27T05:01:24.4929267Z Download action repository 'actions/checkout@v4' (SHA:11d5960a326750d5838078e36cf38b85af677262)
timeout-test	Set up job	2026-08-27T05:01:24.6095626Z Download action repository 'actions/setup-python@v5' (SHA:a26af69be951a213d495a4c3e4e4022e16d87065)
timeout-test	Set up job	2026-08-27T05:01:24.7945421Z Complete job name: timeout-test
timeout-test	Checkout Repository	﻿2026-08-27T05:01:24.8668467Z Node 20 is being deprecated. This workflow is running with Node 24 by default. If you need to temporarily use Node 20, you can set the ACTIONS_ALLOW_USE_UNSECURE_NODE_VERSION=true environment variable. For more information see: https://github.blog/changelog/2025-09-19-deprecation-of-node-20-on-github-actions-runners/
timeout-test	Checkout Repository	2026-08-27T05:01:24.8677092Z ##[group]Run actions/checkout@v4
timeout-test	Checkout Repository	2026-08-27T05:01:24.8677801Z with:
timeout-test	Checkout Repository	2026-08-27T05:01:24.8678939Z   repository: DhruvHegde/dependency-error-repo
timeout-test	Checkout Repository	2026-08-27T05:01:24.8682972Z   token: ***
timeout-test	Checkout Repository	2026-08-27T05:01:24.8683422Z   ssh-strict: true
timeout-test	Checkout Repository	2026-08-27T05:01:24.8683869Z   ssh-user: git
timeout-test	Checkout Repository	2026-08-27T05:01:24.8684321Z   persist-credentials: true
timeout-test	Checkout Repository	2026-08-27T05:01:24.8684844Z   clean: true
timeout-test	Checkout Repository	2026-08-27T05:01:24.8685288Z   sparse-checkout-cone-mode: true
timeout-test	Checkout Repository	2026-08-27T05:01:24.8685806Z   fetch-depth: 1
timeout-test	Checkout Repository	2026-08-27T05:01:24.8686242Z   fetch-tags: false
timeout-test	Checkout Repository	2026-08-27T05:01:24.8686688Z   show-progress: true
timeout-test	Checkout Repository	2026-08-27T05:01:24.8687128Z   lfs: false
timeout-test	Checkout Repository	2026-08-27T05:01:24.8687537Z   submodules: false
timeout-test	Checkout Repository	2026-08-27T05:01:24.8688163Z   set-safe-directory: true
timeout-test	Checkout Repository	2026-08-27T05:01:24.8688686Z   allow-unsafe-pr-checkout: false
timeout-test	Checkout Repository	2026-08-27T05:01:24.8689470Z ##[endgroup]
timeout-test	Checkout Repository	2026-08-27T05:01:24.9681224Z Syncing repository: DhruvHegde/dependency-error-repo
timeout-test	Checkout Repository	2026-08-27T05:01:24.9683124Z ##[group]Getting Git version info
timeout-test	Checkout Repository	2026-08-27T05:01:24.9683983Z Working directory is '/home/runner/work/dependency-error-repo/dependency-error-repo'
timeout-test	Checkout Repository	2026-08-27T05:01:24.9685189Z [command]/usr/bin/git version
timeout-test	Checkout Repository	2026-08-27T05:01:24.9748576Z git version 2.55.0
timeout-test	Checkout Repository	2026-08-27T05:01:24.9800800Z ##[endgroup]
timeout-test	Checkout Repository	2026-08-27T05:01:24.9819838Z Temporarily overriding HOME='/home/runner/work/_temp/bc65eff6-dab5-4d4c-b68a-ec8a85b5e9d0' before making global git config changes
timeout-test	Checkout Repository	2026-08-27T05:01:24.9821663Z Adding repository directory to the temporary git global config as a safe directory
timeout-test	Checkout Repository	2026-08-27T05:01:24.9826550Z [command]/usr/bin/git config --global --add safe.directory /home/runner/work/dependency-error-repo/dependency-error-repo
timeout-test	Checkout Repository	2026-08-27T05:01:24.9874557Z Deleting the contents of '/home/runner/work/dependency-error-repo/dependency-error-repo'
timeout-test	Checkout Repository	2026-08-27T05:01:24.9880431Z ##[group]Initializing the repository
timeout-test	Checkout Repository	2026-08-27T05:01:24.9884876Z [command]/usr/bin/git init /home/runner/work/dependency-error-repo/dependency-error-repo
timeout-test	Checkout Repository	2026-08-27T05:01:24.9960362Z hint: Using 'master' as the name for the initial branch. This default branch name
timeout-test	Checkout Repository	2026-08-27T05:01:24.9962173Z hint: will change to "main" in Git 3.0. To configure the initial branch name
timeout-test	Checkout Repository	2026-08-27T05:01:24.9963805Z hint: to use in all of your new repositories, which will suppress this warning,
timeout-test	Checkout Repository	2026-08-27T05:01:24.9965330Z hint: call:
timeout-test	Checkout Repository	2026-08-27T05:01:24.9966184Z hint:
timeout-test	Checkout Repository	2026-08-27T05:01:24.9967136Z hint: 	git config --global init.defaultBranch <name>
timeout-test	Checkout Repository	2026-08-27T05:01:24.9968114Z hint:
timeout-test	Checkout Repository	2026-08-27T05:01:24.9968918Z hint: Names commonly chosen instead of 'master' are 'main', 'trunk' and
timeout-test	Checkout Repository	2026-08-27T05:01:24.9970001Z hint: 'development'. The just-created branch can be renamed via this command:
timeout-test	Checkout Repository	2026-08-27T05:01:24.9970901Z hint:
timeout-test	Checkout Repository	2026-08-27T05:01:24.9971593Z hint: 	git branch -m <name>
timeout-test	Checkout Repository	2026-08-27T05:01:24.9973096Z hint:
timeout-test	Checkout Repository	2026-08-27T05:01:24.9973927Z hint: Disable this message with "git config set advice.defaultBranchName false"
timeout-test	Checkout Repository	2026-08-27T05:01:24.9975319Z Initialized empty Git repository in /home/runner/work/dependency-error-repo/dependency-error-repo/.git/
timeout-test	Checkout Repository	2026-08-27T05:01:24.9977607Z [command]/usr/bin/git remote add origin https://github.com/DhruvHegde/dependency-error-repo
timeout-test	Checkout Repository	2026-08-27T05:01:25.0025751Z ##[endgroup]
timeout-test	Checkout Repository	2026-08-27T05:01:25.0026543Z ##[group]Disabling automatic garbage collection
timeout-test	Checkout Repository	2026-08-27T05:01:25.0030457Z [command]/usr/bin/git config --local gc.auto 0
timeout-test	Checkout Repository	2026-08-27T05:01:25.0063796Z ##[endgroup]
timeout-test	Checkout Repository	2026-08-27T05:01:25.0064742Z ##[group]Setting up auth
timeout-test	Checkout Repository	2026-08-27T05:01:25.0071293Z [command]/usr/bin/git config --local --name-only --get-regexp core\.sshCommand
timeout-test	Checkout Repository	2026-08-27T05:01:25.0106475Z [command]/usr/bin/git submodule foreach --recursive sh -c "git config --local --name-only --get-regexp 'core\.sshCommand' && git config --local --unset-all 'core.sshCommand' || :"
timeout-test	Checkout Repository	2026-08-27T05:01:25.0456334Z [command]/usr/bin/git config --local --name-only --get-regexp http\.https\:\/\/github\.com\/\.extraheader
timeout-test	Checkout Repository	2026-08-27T05:01:25.0498685Z [command]/usr/bin/git submodule foreach --recursive sh -c "git config --local --name-only --get-regexp 'http\.https\:\/\/github\.com\/\.extraheader' && git config --local --unset-all 'http.https://github.com/.extraheader' || :"
timeout-test	Checkout Repository	2026-08-27T05:01:25.0760022Z [command]/usr/bin/git config --local --name-only --get-regexp ^includeIf\.gitdir:
timeout-test	Checkout Repository	2026-08-27T05:01:25.0798620Z [command]/usr/bin/git submodule foreach --recursive git config --local --show-origin --name-only --get-regexp remote.origin.url
timeout-test	Checkout Repository	2026-08-27T05:01:25.1040001Z [command]/usr/bin/git config --local http.https://github.com/.extraheader AUTHORIZATION: basic ***
timeout-test	Checkout Repository	2026-08-27T05:01:25.1081046Z ##[endgroup]
timeout-test	Checkout Repository	2026-08-27T05:01:25.1081936Z ##[group]Fetching the repository
timeout-test	Checkout Repository	2026-08-27T05:01:25.1091068Z [command]/usr/bin/git -c protocol.version=2 fetch --no-tags --prune --no-recurse-submodules --depth=1 origin +5573c6b6a5443f5a6a40a905bf9f2bd054977945:refs/remotes/origin/feature/timeout-errors
timeout-test	Checkout Repository	2026-08-27T05:01:25.3318736Z From https://github.com/DhruvHegde/dependency-error-repo
timeout-test	Checkout Repository	2026-08-27T05:01:25.3320741Z  * [new ref]         5573c6b6a5443f5a6a40a905bf9f2bd054977945 -> origin/feature/timeout-errors
timeout-test	Checkout Repository	2026-08-27T05:01:25.3324061Z ##[endgroup]
timeout-test	Checkout Repository	2026-08-27T05:01:25.3325484Z ##[group]Determining the checkout info
timeout-test	Checkout Repository	2026-08-27T05:01:25.3327616Z ##[endgroup]
timeout-test	Checkout Repository	2026-08-27T05:01:25.3334419Z [command]/usr/bin/git sparse-checkout disable
timeout-test	Checkout Repository	2026-08-27T05:01:25.3386793Z [command]/usr/bin/git config --local --unset-all extensions.worktreeConfig
timeout-test	Checkout Repository	2026-08-27T05:01:25.3421893Z ##[group]Checking out the ref
timeout-test	Checkout Repository	2026-08-27T05:01:25.3427775Z [command]/usr/bin/git checkout --progress --force -B feature/timeout-errors refs/remotes/origin/feature/timeout-errors
timeout-test	Checkout Repository	2026-08-27T05:01:25.3495139Z Switched to a new branch 'feature/timeout-errors'
timeout-test	Checkout Repository	2026-08-27T05:01:25.3500391Z branch 'feature/timeout-errors' set up to track 'origin/feature/timeout-errors'.
timeout-test	Checkout Repository	2026-08-27T05:01:25.3507201Z ##[endgroup]
timeout-test	Checkout Repository	2026-08-27T05:01:25.3560863Z [command]/usr/bin/git log -1 --format=%H
timeout-test	Checkout Repository	2026-08-27T05:01:25.3589233Z 5573c6b6a5443f5a6a40a905bf9f2bd054977945
timeout-test	Setup Python	﻿2026-08-27T05:01:25.3893047Z Node 20 is being deprecated. This workflow is running with Node 24 by default. If you need to temporarily use Node 20, you can set the ACTIONS_ALLOW_USE_UNSECURE_NODE_VERSION=true environment variable. For more information see: https://github.blog/changelog/2025-09-19-deprecation-of-node-20-on-github-actions-runners/
timeout-test	Setup Python	2026-08-27T05:01:25.3896274Z ##[group]Run actions/setup-python@v5
timeout-test	Setup Python	2026-08-27T05:01:25.3896864Z with:
timeout-test	Setup Python	2026-08-27T05:01:25.3897316Z   python-version: 3.11
timeout-test	Setup Python	2026-08-27T05:01:25.3897823Z   check-latest: false
timeout-test	Setup Python	2026-08-27T05:01:25.3902153Z   token: ***
timeout-test	Setup Python	2026-08-27T05:01:25.3902627Z   update-environment: true
timeout-test	Setup Python	2026-08-27T05:01:25.3903164Z   allow-prereleases: false
timeout-test	Setup Python	2026-08-27T05:01:25.3903691Z   freethreaded: false
timeout-test	Setup Python	2026-08-27T05:01:25.3904176Z ##[endgroup]
timeout-test	Setup Python	2026-08-27T05:01:25.5209240Z ##[group]Installed versions
timeout-test	Setup Python	2026-08-27T05:01:25.5297640Z (node:2297) [DEP0040] DeprecationWarning: The `punycode` module is deprecated. Please use a userland alternative instead.
timeout-test	Setup Python	2026-08-27T05:01:25.5300171Z (Use `node --trace-deprecation ...` to show where the warning was created)
timeout-test	Setup Python	2026-08-27T05:01:25.5301492Z Successfully set up CPython (3.11.16)
timeout-test	Setup Python	2026-08-27T05:01:25.5302825Z ##[endgroup]
timeout-test	Install Test Dependencies	﻿2026-08-27T05:01:25.5502656Z ##[group]Run python -m pip install --upgrade pip
timeout-test	Install Test Dependencies	2026-08-27T05:01:25.5503900Z ^[[36;1mpython -m pip install --upgrade pip^[[0m
timeout-test	Install Test Dependencies	2026-08-27T05:01:25.5504865Z ^[[36;1mpip install pytest^[[0m
timeout-test	Install Test Dependencies	2026-08-27T05:01:25.5560865Z shell: /usr/bin/bash -e {0}
timeout-test	Install Test Dependencies	2026-08-27T05:01:25.5561921Z env:
timeout-test	Install Test Dependencies	2026-08-27T05:01:25.5562878Z   pythonLocation: /opt/hostedtoolcache/Python/3.11.16/x64
timeout-test	Install Test Dependencies	2026-08-27T05:01:25.5564524Z   PKG_CONFIG_PATH: /opt/hostedtoolcache/Python/3.11.16/x64/lib/pkgconfig
timeout-test	Install Test Dependencies	2026-08-27T05:01:25.5566199Z   Python_ROOT_DIR: /opt/hostedtoolcache/Python/3.11.16/x64
timeout-test	Install Test Dependencies	2026-08-27T05:01:25.5567473Z   Python2_ROOT_DIR: /opt/hostedtoolcache/Python/3.11.16/x64
timeout-test	Install Test Dependencies	2026-08-27T05:01:25.5569105Z   Python3_ROOT_DIR: /opt/hostedtoolcache/Python/3.11.16/x64
timeout-test	Install Test Dependencies	2026-08-27T05:01:25.5570386Z   LD_LIBRARY_PATH: /opt/hostedtoolcache/Python/3.11.16/x64/lib
timeout-test	Install Test Dependencies	2026-08-27T05:01:25.5571414Z ##[endgroup]
timeout-test	Install Test Dependencies	2026-08-27T05:01:28.4965576Z Requirement already satisfied: pip in /opt/hostedtoolcache/Python/3.11.16/x64/lib/python3.11/site-packages (26.2.1)
timeout-test	Install Test Dependencies	2026-08-27T05:01:29.1533548Z Collecting pytest
timeout-test	Install Test Dependencies	2026-08-27T05:01:29.2138722Z   Downloading pytest-9.1.1-py3-none-any.whl.metadata (7.6 kB)
timeout-test	Install Test Dependencies	2026-08-27T05:01:29.2261174Z Collecting iniconfig>=1.0.1 (from pytest)
timeout-test	Install Test Dependencies	2026-08-27T05:01:29.2311408Z   Downloading iniconfig-2.3.0-py3-none-any.whl.metadata (2.5 kB)
timeout-test	Install Test Dependencies	2026-08-27T05:01:29.2454362Z Collecting packaging>=22 (from pytest)
timeout-test	Install Test Dependencies	2026-08-27T05:01:29.2486425Z   Downloading packaging-26.3-py3-none-any.whl.metadata (3.5 kB)
timeout-test	Install Test Dependencies	2026-08-27T05:01:29.2600887Z Collecting pluggy<2,>=1.5 (from pytest)
timeout-test	Install Test Dependencies	2026-08-27T05:01:29.2634861Z   Downloading pluggy-1.6.0-py3-none-any.whl.metadata (4.8 kB)
timeout-test	Install Test Dependencies	2026-08-27T05:01:29.2797220Z Collecting pygments>=2.7.2 (from pytest)
timeout-test	Install Test Dependencies	2026-08-27T05:01:29.2836996Z   Downloading pygments-2.21.0-py3-none-any.whl.metadata (2.5 kB)
timeout-test	Install Test Dependencies	2026-08-27T05:01:29.2910564Z Downloading pytest-9.1.1-py3-none-any.whl (386 kB)
timeout-test	Install Test Dependencies	2026-08-27T05:01:29.3087247Z Downloading pluggy-1.6.0-py3-none-any.whl (20 kB)
timeout-test	Install Test Dependencies	2026-08-27T05:01:29.3139652Z Downloading iniconfig-2.3.0-py3-none-any.whl (7.5 kB)
timeout-test	Install Test Dependencies	2026-08-27T05:01:29.3203279Z Downloading packaging-26.3-py3-none-any.whl (129 kB)
timeout-test	Install Test Dependencies	2026-08-27T05:01:29.3264016Z Downloading pygments-2.21.0-py3-none-any.whl (1.3 MB)
timeout-test	Install Test Dependencies	2026-08-27T05:01:29.3363223Z    ━━━━━━━━━━━━━━━━━━━━━━━━━━━━━━━━━━━━━━━━ 1.3/1.3 MB 158.3 MB/s  0:00:00
timeout-test	Install Test Dependencies	2026-08-27T05:01:29.3810955Z Installing collected packages: pygments, pluggy, packaging, iniconfig, pytest
timeout-test	Install Test Dependencies	2026-08-27T05:01:30.3764109Z 
timeout-test	Install Test Dependencies	2026-08-27T05:01:30.3775352Z Successfully installed iniconfig-2.3.0 packaging-26.3 pluggy-1.6.0 pygments-2.21.0 pytest-9.1.1
timeout-test	Run Tests	﻿2026-08-27T05:01:30.4293817Z ##[group]Run pytest test_app.py
timeout-test	Run Tests	2026-08-27T05:01:30.4294169Z ^[[36;1mpytest test_app.py^[[0m
timeout-test	Run Tests	2026-08-27T05:01:30.4336584Z shell: /usr/bin/bash -e {0}
timeout-test	Run Tests	2026-08-27T05:01:30.4336861Z env:
timeout-test	Run Tests	2026-08-27T05:01:30.4337148Z   pythonLocation: /opt/hostedtoolcache/Python/3.11.16/x64
timeout-test	Run Tests	2026-08-27T05:01:30.4337602Z   PKG_CONFIG_PATH: /opt/hostedtoolcache/Python/3.11.16/x64/lib/pkgconfig
timeout-test	Run Tests	2026-08-27T05:01:30.4338169Z   Python_ROOT_DIR: /opt/hostedtoolcache/Python/3.11.16/x64
timeout-test	Run Tests	2026-08-27T05:01:30.4338568Z   Python2_ROOT_DIR: /opt/hostedtoolcache/Python/3.11.16/x64
timeout-test	Run Tests	2026-08-27T05:01:30.4338953Z   Python3_ROOT_DIR: /opt/hostedtoolcache/Python/3.11.16/x64
timeout-test	Run Tests	2026-08-27T05:01:30.4339364Z   LD_LIBRARY_PATH: /opt/hostedtoolcache/Python/3.11.16/x64/lib
timeout-test	Run Tests	2026-08-27T05:01:30.4339701Z ##[endgroup]
timeout-test	Run Tests	2026-08-27T05:01:30.8581377Z ============================= test session starts ==============================
timeout-test	Run Tests	2026-08-27T05:01:30.8582316Z platform linux -- Python 3.11.16, pytest-9.1.1, pluggy-1.6.0
timeout-test	Run Tests	2026-08-27T05:01:30.8583096Z rootdir: /home/runner/work/dependency-error-repo/dependency-error-repo
timeout-test	Run Tests	2026-08-27T05:01:30.8583716Z collected 1 item
timeout-test	Run Tests	2026-08-27T05:01:30.8583858Z 
timeout-test	Run Tests	2026-08-27T05:02:42.9334013Z ##[error]The action 'Run Tests' has timed out after 1 minutes.
timeout-test	Post Checkout Repository	﻿2026-08-27T05:02:42.9472798Z Node 20 is being deprecated. This workflow is running with Node 24 by default. If you need to temporarily use Node 20, you can set the ACTIONS_ALLOW_USE_UNSECURE_NODE_VERSION=true environment variable. For more information see: https://github.blog/changelog/2025-09-19-deprecation-of-node-20-on-github-actions-runners/
timeout-test	Post Checkout Repository	2026-08-27T05:02:42.9473961Z Post job cleanup.
timeout-test	Post Checkout Repository	2026-08-27T05:02:43.0303874Z [command]/usr/bin/git version
timeout-test	Post Checkout Repository	2026-08-27T05:02:43.0346605Z git version 2.55.0
timeout-test	Post Checkout Repository	2026-08-27T05:02:43.0382456Z Temporarily overriding HOME='/home/runner/work/_temp/e83a0977-385d-42e5-8e21-b0b8e57c8d5b' before making global git config changes
timeout-test	Post Checkout Repository	2026-08-27T05:02:43.0383773Z Adding repository directory to the temporary git global config as a safe directory
timeout-test	Post Checkout Repository	2026-08-27T05:02:43.0388644Z [command]/usr/bin/git config --global --add safe.directory /home/runner/work/dependency-error-repo/dependency-error-repo
timeout-test	Post Checkout Repository	2026-08-27T05:02:43.0429466Z [command]/usr/bin/git config --local --name-only --get-regexp core\.sshCommand
timeout-test	Post Checkout Repository	2026-08-27T05:02:43.0465700Z [command]/usr/bin/git submodule foreach --recursive sh -c "git config --local --name-only --get-regexp 'core\.sshCommand' && git config --local --unset-all 'core.sshCommand' || :"
timeout-test	Post Checkout Repository	2026-08-27T05:02:43.0773504Z [command]/usr/bin/git config --local --name-only --get-regexp http\.https\:\/\/github\.com\/\.extraheader
timeout-test	Post Checkout Repository	2026-08-27T05:02:43.0809432Z http.https://github.com/.extraheader
timeout-test	Post Checkout Repository	2026-08-27T05:02:43.0821769Z [command]/usr/bin/git config --local --unset-all http.https://github.com/.extraheader
timeout-test	Post Checkout Repository	2026-08-27T05:02:43.0864529Z [command]/usr/bin/git submodule foreach --recursive sh -c "git config --local --name-only --get-regexp 'http\.https\:\/\/github\.com\/\.extraheader' && git config --local --unset-all 'http.https://github.com/.extraheader' || :"
timeout-test	Post Checkout Repository	2026-08-27T05:02:43.1139745Z [command]/usr/bin/git config --local --name-only --get-regexp ^includeIf\.gitdir:
timeout-test	Post Checkout Repository	2026-08-27T05:02:43.1182201Z [command]/usr/bin/git submodule foreach --recursive git config --local --show-origin --name-only --get-regexp remote.origin.url
timeout-test	Complete job	﻿2026-08-27T05:02:43.1610938Z Cleaning up orphan processes
timeout-test	Complete job	2026-08-27T05:02:43.1936262Z Terminate orphan process: pid (2357) (pytest)
timeout-test	Complete job	2026-08-27T05:02:43.1943721Z ##[warning]Node.js 20 is deprecated. The following actions target Node.js 20 but are being forced to run on Node.js 24: actions/checkout@v4, actions/setup-python@v5. For more information see: https://github.blog/changelog/2025-09-19-deprecation-of-node-20-on-github-actions-runners/