timeout-test	UNKNOWN STEP	﻿2026-08-27T06:18:20.8713406Z Current runner version: '2.336.0'
timeout-test	UNKNOWN STEP	2026-08-27T06:18:20.8740036Z ##[group]Runner Image Provisioner
timeout-test	UNKNOWN STEP	2026-08-27T06:18:20.8741119Z Hosted Compute Agent
timeout-test	UNKNOWN STEP	2026-08-27T06:18:20.8741784Z Version: 20260819.586
timeout-test	UNKNOWN STEP	2026-08-27T06:18:20.8742517Z Commit: 3cc4a88dfa507ef76119ad1bb3eccc6378bb2b76
timeout-test	UNKNOWN STEP	2026-08-27T06:18:20.8743282Z Build Date: 2026-08-18T23:20:18Z
timeout-test	UNKNOWN STEP	2026-08-27T06:18:20.8744343Z Worker ID: {f926d95d-d7f7-4731-ae50-d0b5cbb2c132}
timeout-test	UNKNOWN STEP	2026-08-27T06:18:20.8745213Z Azure Region: eastus2
timeout-test	UNKNOWN STEP	2026-08-27T06:18:20.8745819Z ##[endgroup]
timeout-test	UNKNOWN STEP	2026-08-27T06:18:20.8747290Z ##[group]Operating System
timeout-test	UNKNOWN STEP	2026-08-27T06:18:20.8747953Z Ubuntu
timeout-test	UNKNOWN STEP	2026-08-27T06:18:20.8748509Z 24.04.4
timeout-test	UNKNOWN STEP	2026-08-27T06:18:20.8749161Z LTS
timeout-test	UNKNOWN STEP	2026-08-27T06:18:20.8749705Z ##[endgroup]
timeout-test	UNKNOWN STEP	2026-08-27T06:18:20.8750258Z ##[group]Runner Image
timeout-test	UNKNOWN STEP	2026-08-27T06:18:20.8750998Z Image: ubuntu-24.04
timeout-test	UNKNOWN STEP	2026-08-27T06:18:20.8751596Z Version: 20260823.283.1
timeout-test	UNKNOWN STEP	2026-08-27T06:18:20.8753013Z Included Software: https://github.com/actions/runner-images/blob/ubuntu24/20260823.283/images/ubuntu/Ubuntu2404-Readme.md
timeout-test	UNKNOWN STEP	2026-08-27T06:18:20.8755151Z Image Release: https://github.com/actions/runner-images/releases/tag/ubuntu24%2F20260823.283
timeout-test	UNKNOWN STEP	2026-08-27T06:18:20.8756186Z ##[endgroup]
timeout-test	UNKNOWN STEP	2026-08-27T06:18:20.8757831Z ##[group]GITHUB_TOKEN Permissions
timeout-test	UNKNOWN STEP	2026-08-27T06:18:20.8760125Z Contents: read
timeout-test	UNKNOWN STEP	2026-08-27T06:18:20.8760831Z Metadata: read
timeout-test	UNKNOWN STEP	2026-08-27T06:18:20.8761446Z Packages: read
timeout-test	UNKNOWN STEP	2026-08-27T06:18:20.8762015Z ##[endgroup]
timeout-test	UNKNOWN STEP	2026-08-27T06:18:20.8764752Z Secret source: Actions
timeout-test	UNKNOWN STEP	2026-08-27T06:18:20.8766145Z Prepare workflow directory
timeout-test	UNKNOWN STEP	2026-08-27T06:18:20.9096398Z Prepare all required actions
timeout-test	UNKNOWN STEP	2026-08-27T06:18:20.9144145Z Getting action download info
timeout-test	UNKNOWN STEP	2026-08-27T06:18:21.1307585Z Download action repository 'actions/checkout@v4' (SHA:11d5960a326750d5838078e36cf38b85af677262)
timeout-test	UNKNOWN STEP	2026-08-27T06:18:21.2504337Z Download action repository 'actions/setup-python@v5' (SHA:a26af69be951a213d495a4c3e4e4022e16d87065)
timeout-test	UNKNOWN STEP	2026-08-27T06:18:21.4400993Z Complete job name: timeout-test
timeout-test	UNKNOWN STEP	2026-08-27T06:18:21.5136281Z Node 20 is being deprecated. This workflow is running with Node 24 by default. If you need to temporarily use Node 20, you can set the ACTIONS_ALLOW_USE_UNSECURE_NODE_VERSION=true environment variable. For more information see: https://github.blog/changelog/2025-09-19-deprecation-of-node-20-on-github-actions-runners/
timeout-test	UNKNOWN STEP	2026-08-27T06:18:21.5145223Z ##[group]Run actions/checkout@v4
timeout-test	UNKNOWN STEP	2026-08-27T06:18:21.5145923Z with:
timeout-test	UNKNOWN STEP	2026-08-27T06:18:21.5146427Z   repository: DhruvHegde/dependency-error-repo
timeout-test	UNKNOWN STEP	2026-08-27T06:18:21.5150412Z   token: ***
timeout-test	UNKNOWN STEP	2026-08-27T06:18:21.5150858Z   ssh-strict: true
timeout-test	UNKNOWN STEP	2026-08-27T06:18:21.5151311Z   ssh-user: git
timeout-test	UNKNOWN STEP	2026-08-27T06:18:21.5151768Z   persist-credentials: true
timeout-test	UNKNOWN STEP	2026-08-27T06:18:21.5152258Z   clean: true
timeout-test	UNKNOWN STEP	2026-08-27T06:18:21.5152710Z   sparse-checkout-cone-mode: true
timeout-test	UNKNOWN STEP	2026-08-27T06:18:21.5153232Z   fetch-depth: 1
timeout-test	UNKNOWN STEP	2026-08-27T06:18:21.5153828Z   fetch-tags: false
timeout-test	UNKNOWN STEP	2026-08-27T06:18:21.5154277Z   show-progress: true
timeout-test	UNKNOWN STEP	2026-08-27T06:18:21.5154727Z   lfs: false
timeout-test	UNKNOWN STEP	2026-08-27T06:18:21.5155194Z   submodules: false
timeout-test	UNKNOWN STEP	2026-08-27T06:18:21.5155656Z   set-safe-directory: true
timeout-test	UNKNOWN STEP	2026-08-27T06:18:21.5156167Z   allow-unsafe-pr-checkout: false
timeout-test	UNKNOWN STEP	2026-08-27T06:18:21.5156863Z ##[endgroup]
timeout-test	UNKNOWN STEP	2026-08-27T06:18:21.6195317Z Syncing repository: DhruvHegde/dependency-error-repo
timeout-test	UNKNOWN STEP	2026-08-27T06:18:21.6197467Z ##[group]Getting Git version info
timeout-test	UNKNOWN STEP	2026-08-27T06:18:21.6198625Z Working directory is '/home/runner/work/dependency-error-repo/dependency-error-repo'
timeout-test	UNKNOWN STEP	2026-08-27T06:18:21.6200322Z [command]/usr/bin/git version
timeout-test	UNKNOWN STEP	2026-08-27T06:18:21.6211851Z git version 2.55.0
timeout-test	UNKNOWN STEP	2026-08-27T06:18:21.6234626Z ##[endgroup]
timeout-test	UNKNOWN STEP	2026-08-27T06:18:21.6249772Z Temporarily overriding HOME='/home/runner/work/_temp/3b159d80-4ed8-42cc-b31b-9827ed322af5' before making global git config changes
timeout-test	UNKNOWN STEP	2026-08-27T06:18:21.6251348Z Adding repository directory to the temporary git global config as a safe directory
timeout-test	UNKNOWN STEP	2026-08-27T06:18:21.6255235Z [command]/usr/bin/git config --global --add safe.directory /home/runner/work/dependency-error-repo/dependency-error-repo
timeout-test	UNKNOWN STEP	2026-08-27T06:18:21.6303996Z Deleting the contents of '/home/runner/work/dependency-error-repo/dependency-error-repo'
timeout-test	UNKNOWN STEP	2026-08-27T06:18:21.6310199Z ##[group]Initializing the repository
timeout-test	UNKNOWN STEP	2026-08-27T06:18:21.6315277Z [command]/usr/bin/git init /home/runner/work/dependency-error-repo/dependency-error-repo
timeout-test	UNKNOWN STEP	2026-08-27T06:18:21.6410875Z hint: Using 'master' as the name for the initial branch. This default branch name
timeout-test	UNKNOWN STEP	2026-08-27T06:18:21.6412491Z hint: will change to "main" in Git 3.0. To configure the initial branch name
timeout-test	UNKNOWN STEP	2026-08-27T06:18:21.6414166Z hint: to use in all of your new repositories, which will suppress this warning,
timeout-test	UNKNOWN STEP	2026-08-27T06:18:21.6415322Z hint: call:
timeout-test	UNKNOWN STEP	2026-08-27T06:18:21.6415949Z hint:
timeout-test	UNKNOWN STEP	2026-08-27T06:18:21.6416753Z hint: 	git config --global init.defaultBranch <name>
timeout-test	UNKNOWN STEP	2026-08-27T06:18:21.6417709Z hint:
timeout-test	UNKNOWN STEP	2026-08-27T06:18:21.6418595Z hint: Names commonly chosen instead of 'master' are 'main', 'trunk' and
timeout-test	UNKNOWN STEP	2026-08-27T06:18:21.6420137Z hint: 'development'. The just-created branch can be renamed via this command:
timeout-test	UNKNOWN STEP	2026-08-27T06:18:21.6421335Z hint:
timeout-test	UNKNOWN STEP	2026-08-27T06:18:21.6421993Z hint: 	git branch -m <name>
timeout-test	UNKNOWN STEP	2026-08-27T06:18:21.6422736Z hint:
timeout-test	UNKNOWN STEP	2026-08-27T06:18:21.6423854Z hint: Disable this message with "git config set advice.defaultBranchName false"
timeout-test	UNKNOWN STEP	2026-08-27T06:18:21.6425698Z Initialized empty Git repository in /home/runner/work/dependency-error-repo/dependency-error-repo/.git/
timeout-test	UNKNOWN STEP	2026-08-27T06:18:21.6428788Z [command]/usr/bin/git remote add origin https://github.com/DhruvHegde/dependency-error-repo
timeout-test	UNKNOWN STEP	2026-08-27T06:18:21.6474300Z ##[endgroup]
timeout-test	UNKNOWN STEP	2026-08-27T06:18:21.6475516Z ##[group]Disabling automatic garbage collection
timeout-test	UNKNOWN STEP	2026-08-27T06:18:21.6478752Z [command]/usr/bin/git config --local gc.auto 0
timeout-test	UNKNOWN STEP	2026-08-27T06:18:21.6512124Z ##[endgroup]
timeout-test	UNKNOWN STEP	2026-08-27T06:18:21.6513255Z ##[group]Setting up auth
timeout-test	UNKNOWN STEP	2026-08-27T06:18:21.6520824Z [command]/usr/bin/git config --local --name-only --get-regexp core\.sshCommand
timeout-test	UNKNOWN STEP	2026-08-27T06:18:21.6557721Z [command]/usr/bin/git submodule foreach --recursive sh -c "git config --local --name-only --get-regexp 'core\.sshCommand' && git config --local --unset-all 'core.sshCommand' || :"
timeout-test	UNKNOWN STEP	2026-08-27T06:18:21.6949313Z [command]/usr/bin/git config --local --name-only --get-regexp http\.https\:\/\/github\.com\/\.extraheader
timeout-test	UNKNOWN STEP	2026-08-27T06:18:21.6992945Z [command]/usr/bin/git submodule foreach --recursive sh -c "git config --local --name-only --get-regexp 'http\.https\:\/\/github\.com\/\.extraheader' && git config --local --unset-all 'http.https://github.com/.extraheader' || :"
timeout-test	UNKNOWN STEP	2026-08-27T06:18:21.7251560Z [command]/usr/bin/git config --local --name-only --get-regexp ^includeIf\.gitdir:
timeout-test	UNKNOWN STEP	2026-08-27T06:18:21.7292673Z [command]/usr/bin/git submodule foreach --recursive git config --local --show-origin --name-only --get-regexp remote.origin.url
timeout-test	UNKNOWN STEP	2026-08-27T06:18:21.7534026Z [command]/usr/bin/git config --local http.https://github.com/.extraheader AUTHORIZATION: basic ***
timeout-test	UNKNOWN STEP	2026-08-27T06:18:21.7575577Z ##[endgroup]
timeout-test	UNKNOWN STEP	2026-08-27T06:18:21.7576382Z ##[group]Fetching the repository
timeout-test	UNKNOWN STEP	2026-08-27T06:18:21.7586994Z [command]/usr/bin/git -c protocol.version=2 fetch --no-tags --prune --no-recurse-submodules --depth=1 origin +91575c981badb1184671e227227cc688a8e5e10a:refs/remotes/origin/feature/timeout-errors
timeout-test	UNKNOWN STEP	2026-08-27T06:18:22.0007372Z From https://github.com/DhruvHegde/dependency-error-repo
timeout-test	UNKNOWN STEP	2026-08-27T06:18:22.0008513Z  * [new ref]         91575c981badb1184671e227227cc688a8e5e10a -> origin/feature/timeout-errors
timeout-test	UNKNOWN STEP	2026-08-27T06:18:22.0012279Z ##[endgroup]
timeout-test	UNKNOWN STEP	2026-08-27T06:18:22.0013196Z ##[group]Determining the checkout info
timeout-test	UNKNOWN STEP	2026-08-27T06:18:22.0015197Z ##[endgroup]
timeout-test	UNKNOWN STEP	2026-08-27T06:18:22.0021111Z [command]/usr/bin/git sparse-checkout disable
timeout-test	UNKNOWN STEP	2026-08-27T06:18:22.0074630Z [command]/usr/bin/git config --local --unset-all extensions.worktreeConfig
timeout-test	UNKNOWN STEP	2026-08-27T06:18:22.0108494Z ##[group]Checking out the ref
timeout-test	UNKNOWN STEP	2026-08-27T06:18:22.0114289Z [command]/usr/bin/git checkout --progress --force -B feature/timeout-errors refs/remotes/origin/feature/timeout-errors
timeout-test	UNKNOWN STEP	2026-08-27T06:18:22.0184399Z Switched to a new branch 'feature/timeout-errors'
timeout-test	UNKNOWN STEP	2026-08-27T06:18:22.0189556Z branch 'feature/timeout-errors' set up to track 'origin/feature/timeout-errors'.
timeout-test	UNKNOWN STEP	2026-08-27T06:18:22.0194273Z ##[endgroup]
timeout-test	UNKNOWN STEP	2026-08-27T06:18:22.0236623Z [command]/usr/bin/git log -1 --format=%H
timeout-test	UNKNOWN STEP	2026-08-27T06:18:22.0264387Z 91575c981badb1184671e227227cc688a8e5e10a
timeout-test	UNKNOWN STEP	2026-08-27T06:18:22.0544931Z Node 20 is being deprecated. This workflow is running with Node 24 by default. If you need to temporarily use Node 20, you can set the ACTIONS_ALLOW_USE_UNSECURE_NODE_VERSION=true environment variable. For more information see: https://github.blog/changelog/2025-09-19-deprecation-of-node-20-on-github-actions-runners/
timeout-test	UNKNOWN STEP	2026-08-27T06:18:22.0547962Z ##[group]Run actions/setup-python@v5
timeout-test	UNKNOWN STEP	2026-08-27T06:18:22.0548536Z with:
timeout-test	UNKNOWN STEP	2026-08-27T06:18:22.0548942Z   python-version: 3.11
timeout-test	UNKNOWN STEP	2026-08-27T06:18:22.0549398Z   check-latest: false
timeout-test	UNKNOWN STEP	2026-08-27T06:18:22.0553215Z   token: ***
timeout-test	UNKNOWN STEP	2026-08-27T06:18:22.0553822Z   update-environment: true
timeout-test	UNKNOWN STEP	2026-08-27T06:18:22.0554319Z   allow-prereleases: false
timeout-test	UNKNOWN STEP	2026-08-27T06:18:22.0554811Z   freethreaded: false
timeout-test	UNKNOWN STEP	2026-08-27T06:18:22.0555259Z ##[endgroup]
timeout-test	UNKNOWN STEP	2026-08-27T06:18:22.1873001Z ##[group]Installed versions
timeout-test	UNKNOWN STEP	2026-08-27T06:18:22.1948971Z (node:2221) [DEP0040] DeprecationWarning: The `punycode` module is deprecated. Please use a userland alternative instead.
timeout-test	UNKNOWN STEP	2026-08-27T06:18:22.1950360Z (Use `node --trace-deprecation ...` to show where the warning was created)
timeout-test	UNKNOWN STEP	2026-08-27T06:18:22.1951538Z Successfully set up CPython (3.11.16)
timeout-test	UNKNOWN STEP	2026-08-27T06:18:22.1952812Z ##[endgroup]
timeout-test	UNKNOWN STEP	2026-08-27T06:18:22.2130687Z ##[group]Run python -m pip install --upgrade pip
timeout-test	UNKNOWN STEP	2026-08-27T06:18:22.2131479Z ^[[36;1mpython -m pip install --upgrade pip^[[0m
timeout-test	UNKNOWN STEP	2026-08-27T06:18:22.2132106Z ^[[36;1mpip install pytest^[[0m
timeout-test	UNKNOWN STEP	2026-08-27T06:18:22.2188135Z shell: /usr/bin/bash -e {0}
timeout-test	UNKNOWN STEP	2026-08-27T06:18:22.2188683Z env:
timeout-test	UNKNOWN STEP	2026-08-27T06:18:22.2189215Z   pythonLocation: /opt/hostedtoolcache/Python/3.11.16/x64
timeout-test	UNKNOWN STEP	2026-08-27T06:18:22.2190046Z   PKG_CONFIG_PATH: /opt/hostedtoolcache/Python/3.11.16/x64/lib/pkgconfig
timeout-test	UNKNOWN STEP	2026-08-27T06:18:22.2190890Z   Python_ROOT_DIR: /opt/hostedtoolcache/Python/3.11.16/x64
timeout-test	UNKNOWN STEP	2026-08-27T06:18:22.2191649Z   Python2_ROOT_DIR: /opt/hostedtoolcache/Python/3.11.16/x64
timeout-test	UNKNOWN STEP	2026-08-27T06:18:22.2192437Z   Python3_ROOT_DIR: /opt/hostedtoolcache/Python/3.11.16/x64
timeout-test	UNKNOWN STEP	2026-08-27T06:18:22.2193177Z   LD_LIBRARY_PATH: /opt/hostedtoolcache/Python/3.11.16/x64/lib
timeout-test	UNKNOWN STEP	2026-08-27T06:18:22.2194179Z ##[endgroup]
timeout-test	UNKNOWN STEP	2026-08-27T06:18:22.7776273Z Requirement already satisfied: pip in /opt/hostedtoolcache/Python/3.11.16/x64/lib/python3.11/site-packages (26.2.1)
timeout-test	UNKNOWN STEP	2026-08-27T06:18:23.7728561Z Collecting pytest
timeout-test	UNKNOWN STEP	2026-08-27T06:18:23.8305093Z   Downloading pytest-9.1.1-py3-none-any.whl.metadata (7.6 kB)
timeout-test	UNKNOWN STEP	2026-08-27T06:18:24.0045181Z Collecting iniconfig>=1.0.1 (from pytest)
timeout-test	UNKNOWN STEP	2026-08-27T06:18:24.0216140Z   Downloading iniconfig-2.3.0-py3-none-any.whl.metadata (2.5 kB)
timeout-test	UNKNOWN STEP	2026-08-27T06:18:24.6195557Z Collecting packaging>=22 (from pytest)
timeout-test	UNKNOWN STEP	2026-08-27T06:18:24.6270002Z   Downloading packaging-26.3-py3-none-any.whl.metadata (3.5 kB)
timeout-test	UNKNOWN STEP	2026-08-27T06:18:24.6418792Z Collecting pluggy<2,>=1.5 (from pytest)
timeout-test	UNKNOWN STEP	2026-08-27T06:18:24.6496398Z   Downloading pluggy-1.6.0-py3-none-any.whl.metadata (4.8 kB)
timeout-test	UNKNOWN STEP	2026-08-27T06:18:24.6723375Z Collecting pygments>=2.7.2 (from pytest)
timeout-test	UNKNOWN STEP	2026-08-27T06:18:24.6797940Z   Downloading pygments-2.21.0-py3-none-any.whl.metadata (2.5 kB)
timeout-test	UNKNOWN STEP	2026-08-27T06:18:24.6914014Z Downloading pytest-9.1.1-py3-none-any.whl (386 kB)
timeout-test	UNKNOWN STEP	2026-08-27T06:18:24.7247955Z Downloading pluggy-1.6.0-py3-none-any.whl (20 kB)
timeout-test	UNKNOWN STEP	2026-08-27T06:18:24.7341046Z Downloading iniconfig-2.3.0-py3-none-any.whl (7.5 kB)
timeout-test	UNKNOWN STEP	2026-08-27T06:18:24.7432590Z Downloading packaging-26.3-py3-none-any.whl (129 kB)
timeout-test	UNKNOWN STEP	2026-08-27T06:18:24.7550306Z Downloading pygments-2.21.0-py3-none-any.whl (1.3 MB)
timeout-test	UNKNOWN STEP	2026-08-27T06:18:24.7974201Z    ━━━━━━━━━━━━━━━━━━━━━━━━━━━━━━━━━━━━━━━━ 1.3/1.3 MB 30.7 MB/s  0:00:00
timeout-test	UNKNOWN STEP	2026-08-27T06:18:24.8419926Z Installing collected packages: pygments, pluggy, packaging, iniconfig, pytest
timeout-test	UNKNOWN STEP	2026-08-27T06:18:25.8469664Z 
timeout-test	UNKNOWN STEP	2026-08-27T06:18:25.8479184Z Successfully installed iniconfig-2.3.0 packaging-26.3 pluggy-1.6.0 pygments-2.21.0 pytest-9.1.1
timeout-test	UNKNOWN STEP	2026-08-27T06:18:25.9047837Z ##[group]Run pytest test_app.py
timeout-test	UNKNOWN STEP	2026-08-27T06:18:25.9048186Z ^[[36;1mpytest test_app.py^[[0m
timeout-test	UNKNOWN STEP	2026-08-27T06:18:25.9091629Z shell: /usr/bin/bash -e {0}
timeout-test	UNKNOWN STEP	2026-08-27T06:18:25.9091899Z env:
timeout-test	UNKNOWN STEP	2026-08-27T06:18:25.9092221Z   pythonLocation: /opt/hostedtoolcache/Python/3.11.16/x64
timeout-test	UNKNOWN STEP	2026-08-27T06:18:25.9092698Z   PKG_CONFIG_PATH: /opt/hostedtoolcache/Python/3.11.16/x64/lib/pkgconfig
timeout-test	UNKNOWN STEP	2026-08-27T06:18:25.9093138Z   Python_ROOT_DIR: /opt/hostedtoolcache/Python/3.11.16/x64
timeout-test	UNKNOWN STEP	2026-08-27T06:18:25.9093741Z   Python2_ROOT_DIR: /opt/hostedtoolcache/Python/3.11.16/x64
timeout-test	UNKNOWN STEP	2026-08-27T06:18:25.9094180Z   Python3_ROOT_DIR: /opt/hostedtoolcache/Python/3.11.16/x64
timeout-test	UNKNOWN STEP	2026-08-27T06:18:25.9094607Z   LD_LIBRARY_PATH: /opt/hostedtoolcache/Python/3.11.16/x64/lib
timeout-test	UNKNOWN STEP	2026-08-27T06:18:25.9094958Z ##[endgroup]
timeout-test	UNKNOWN STEP	2026-08-27T06:18:26.1372101Z ============================= test session starts ==============================
timeout-test	UNKNOWN STEP	2026-08-27T06:18:26.1372933Z platform linux -- Python 3.11.16, pytest-9.1.1, pluggy-1.6.0
timeout-test	UNKNOWN STEP	2026-08-27T06:18:26.1373968Z rootdir: /home/runner/work/dependency-error-repo/dependency-error-repo
timeout-test	UNKNOWN STEP	2026-08-27T06:18:26.1374601Z collected 1 item
timeout-test	UNKNOWN STEP	2026-08-27T06:18:26.1374828Z 
timeout-test	UNKNOWN STEP	2026-08-27T06:19:38.4109422Z ##[error]The action 'Run Tests' has timed out after 1 minutes.
timeout-test	UNKNOWN STEP	2026-08-27T06:19:38.4243373Z Node 20 is being deprecated. This workflow is running with Node 24 by default. If you need to temporarily use Node 20, you can set the ACTIONS_ALLOW_USE_UNSECURE_NODE_VERSION=true environment variable. For more information see: https://github.blog/changelog/2025-09-19-deprecation-of-node-20-on-github-actions-runners/
timeout-test	UNKNOWN STEP	2026-08-27T06:19:38.4244831Z Post job cleanup.
timeout-test	UNKNOWN STEP	2026-08-27T06:19:38.5127523Z [command]/usr/bin/git version
timeout-test	UNKNOWN STEP	2026-08-27T06:19:38.5170420Z git version 2.55.0
timeout-test	UNKNOWN STEP	2026-08-27T06:19:38.5208720Z Temporarily overriding HOME='/home/runner/work/_temp/a389af61-8e76-4871-bc7b-6671530b8694' before making global git config changes
timeout-test	UNKNOWN STEP	2026-08-27T06:19:38.5210112Z Adding repository directory to the temporary git global config as a safe directory
timeout-test	UNKNOWN STEP	2026-08-27T06:19:38.5215183Z [command]/usr/bin/git config --global --add safe.directory /home/runner/work/dependency-error-repo/dependency-error-repo
timeout-test	UNKNOWN STEP	2026-08-27T06:19:38.5259102Z [command]/usr/bin/git config --local --name-only --get-regexp core\.sshCommand
timeout-test	UNKNOWN STEP	2026-08-27T06:19:38.5296317Z [command]/usr/bin/git submodule foreach --recursive sh -c "git config --local --name-only --get-regexp 'core\.sshCommand' && git config --local --unset-all 'core.sshCommand' || :"
timeout-test	UNKNOWN STEP	2026-08-27T06:19:38.5571936Z [command]/usr/bin/git config --local --name-only --get-regexp http\.https\:\/\/github\.com\/\.extraheader
timeout-test	UNKNOWN STEP	2026-08-27T06:19:38.5603162Z http.https://github.com/.extraheader
timeout-test	UNKNOWN STEP	2026-08-27T06:19:38.5616880Z [command]/usr/bin/git config --local --unset-all http.https://github.com/.extraheader
timeout-test	UNKNOWN STEP	2026-08-27T06:19:38.5652169Z [command]/usr/bin/git submodule foreach --recursive sh -c "git config --local --name-only --get-regexp 'http\.https\:\/\/github\.com\/\.extraheader' && git config --local --unset-all 'http.https://github.com/.extraheader' || :"
timeout-test	UNKNOWN STEP	2026-08-27T06:19:38.5915678Z [command]/usr/bin/git config --local --name-only --get-regexp ^includeIf\.gitdir:
timeout-test	UNKNOWN STEP	2026-08-27T06:19:38.5955686Z [command]/usr/bin/git submodule foreach --recursive git config --local --show-origin --name-only --get-regexp remote.origin.url
timeout-test	UNKNOWN STEP	2026-08-27T06:19:38.6373852Z Cleaning up orphan processes
timeout-test	UNKNOWN STEP	2026-08-27T06:19:38.6677470Z Terminate orphan process: pid (2280) (pytest)
timeout-test	UNKNOWN STEP	2026-08-27T06:19:38.6686498Z ##[warning]Node.js 20 is deprecated. The following actions target Node.js 20 but are being forced to run on Node.js 24: actions/checkout@v4, actions/setup-python@v5. For more information see: https://github.blog/changelog/2025-09-19-deprecation-of-node-20-on-github-actions-runners/