timeout-test	Set up job	﻿2026-08-27T05:04:02.1667349Z Current runner version: '2.336.0'
timeout-test	Set up job	2026-08-27T05:04:02.1694116Z ##[group]Runner Image Provisioner
timeout-test	Set up job	2026-08-27T05:04:02.1695087Z Hosted Compute Agent
timeout-test	Set up job	2026-08-27T05:04:02.1695707Z Version: 20260729.566
timeout-test	Set up job	2026-08-27T05:04:02.1696346Z Commit: cf7153fe6e25b664e8693c24944bf2b00355d109
timeout-test	Set up job	2026-08-27T05:04:02.1697188Z Build Date: 2026-07-29T19:17:02Z
timeout-test	Set up job	2026-08-27T05:04:02.1697880Z Worker ID: {e20c3bfa-2764-4344-9705-1311feb9dcb7}
timeout-test	Set up job	2026-08-27T05:04:02.1698638Z Azure Region: northcentralus
timeout-test	Set up job	2026-08-27T05:04:02.1699278Z ##[endgroup]
timeout-test	Set up job	2026-08-27T05:04:02.1700722Z ##[group]Operating System
timeout-test	Set up job	2026-08-27T05:04:02.1701552Z Ubuntu
timeout-test	Set up job	2026-08-27T05:04:02.1702351Z 24.04.4
timeout-test	Set up job	2026-08-27T05:04:02.1702951Z LTS
timeout-test	Set up job	2026-08-27T05:04:02.1703502Z ##[endgroup]
timeout-test	Set up job	2026-08-27T05:04:02.1704060Z ##[group]Runner Image
timeout-test	Set up job	2026-08-27T05:04:02.1704757Z Image: ubuntu-24.04
timeout-test	Set up job	2026-08-27T05:04:02.1705335Z Version: 20260816.277.1
timeout-test	Set up job	2026-08-27T05:04:02.1706401Z Included Software: https://github.com/actions/runner-images/blob/ubuntu24/20260816.277/images/ubuntu/Ubuntu2404-Readme.md
timeout-test	Set up job	2026-08-27T05:04:02.1708628Z Image Release: https://github.com/actions/runner-images/releases/tag/ubuntu24%2F20260816.277
timeout-test	Set up job	2026-08-27T05:04:02.1709720Z ##[endgroup]
timeout-test	Set up job	2026-08-27T05:04:02.1710968Z ##[group]GITHUB_TOKEN Permissions
timeout-test	Set up job	2026-08-27T05:04:02.1713161Z Contents: read
timeout-test	Set up job	2026-08-27T05:04:02.1713810Z Metadata: read
timeout-test	Set up job	2026-08-27T05:04:02.1714524Z Packages: read
timeout-test	Set up job	2026-08-27T05:04:02.1715089Z ##[endgroup]
timeout-test	Set up job	2026-08-27T05:04:02.1717232Z Secret source: Actions
timeout-test	Set up job	2026-08-27T05:04:02.1718338Z Prepare workflow directory
timeout-test	Set up job	2026-08-27T05:04:02.2073453Z Prepare all required actions
timeout-test	Set up job	2026-08-27T05:04:02.2124084Z Getting action download info
timeout-test	Set up job	2026-08-27T05:04:02.4523423Z Download action repository 'actions/checkout@v4' (SHA:11d5960a326750d5838078e36cf38b85af677262)
timeout-test	Set up job	2026-08-27T05:04:02.5697920Z Download action repository 'actions/setup-python@v5' (SHA:a26af69be951a213d495a4c3e4e4022e16d87065)
timeout-test	Set up job	2026-08-27T05:04:02.7576994Z Complete job name: timeout-test
timeout-test	Checkout Repository	﻿2026-08-27T05:04:02.8337498Z Node 20 is being deprecated. This workflow is running with Node 24 by default. If you need to temporarily use Node 20, you can set the ACTIONS_ALLOW_USE_UNSECURE_NODE_VERSION=true environment variable. For more information see: https://github.blog/changelog/2025-09-19-deprecation-of-node-20-on-github-actions-runners/
timeout-test	Checkout Repository	2026-08-27T05:04:02.8346724Z ##[group]Run actions/checkout@v4
timeout-test	Checkout Repository	2026-08-27T05:04:02.8347531Z with:
timeout-test	Checkout Repository	2026-08-27T05:04:02.8348087Z   repository: DhruvHegde/dependency-error-repo
timeout-test	Checkout Repository	2026-08-27T05:04:02.8352111Z   token: ***
timeout-test	Checkout Repository	2026-08-27T05:04:02.8352859Z   ssh-strict: true
timeout-test	Checkout Repository	2026-08-27T05:04:02.8353327Z   ssh-user: git
timeout-test	Checkout Repository	2026-08-27T05:04:02.8353795Z   persist-credentials: true
timeout-test	Checkout Repository	2026-08-27T05:04:02.8354330Z   clean: true
timeout-test	Checkout Repository	2026-08-27T05:04:02.8354805Z   sparse-checkout-cone-mode: true
timeout-test	Checkout Repository	2026-08-27T05:04:02.8355355Z   fetch-depth: 1
timeout-test	Checkout Repository	2026-08-27T05:04:02.8355807Z   fetch-tags: false
timeout-test	Checkout Repository	2026-08-27T05:04:02.8356303Z   show-progress: true
timeout-test	Checkout Repository	2026-08-27T05:04:02.8356772Z   lfs: false
timeout-test	Checkout Repository	2026-08-27T05:04:02.8357205Z   submodules: false
timeout-test	Checkout Repository	2026-08-27T05:04:02.8357726Z   set-safe-directory: true
timeout-test	Checkout Repository	2026-08-27T05:04:02.8358257Z   allow-unsafe-pr-checkout: false
timeout-test	Checkout Repository	2026-08-27T05:04:02.8359068Z ##[endgroup]
timeout-test	Checkout Repository	2026-08-27T05:04:02.9371852Z Syncing repository: DhruvHegde/dependency-error-repo
timeout-test	Checkout Repository	2026-08-27T05:04:02.9375159Z ##[group]Getting Git version info
timeout-test	Checkout Repository	2026-08-27T05:04:02.9376558Z Working directory is '/home/runner/work/dependency-error-repo/dependency-error-repo'
timeout-test	Checkout Repository	2026-08-27T05:04:02.9378476Z [command]/usr/bin/git version
timeout-test	Checkout Repository	2026-08-27T05:04:02.9499152Z git version 2.55.0
timeout-test	Checkout Repository	2026-08-27T05:04:02.9556873Z ##[endgroup]
timeout-test	Checkout Repository	2026-08-27T05:04:02.9573673Z Temporarily overriding HOME='/home/runner/work/_temp/fab84433-4ef2-4693-af8b-7f6c6969785c' before making global git config changes
timeout-test	Checkout Repository	2026-08-27T05:04:02.9576493Z Adding repository directory to the temporary git global config as a safe directory
timeout-test	Checkout Repository	2026-08-27T05:04:02.9580968Z [command]/usr/bin/git config --global --add safe.directory /home/runner/work/dependency-error-repo/dependency-error-repo
timeout-test	Checkout Repository	2026-08-27T05:04:02.9634925Z Deleting the contents of '/home/runner/work/dependency-error-repo/dependency-error-repo'
timeout-test	Checkout Repository	2026-08-27T05:04:02.9640147Z ##[group]Initializing the repository
timeout-test	Checkout Repository	2026-08-27T05:04:02.9646214Z [command]/usr/bin/git init /home/runner/work/dependency-error-repo/dependency-error-repo
timeout-test	Checkout Repository	2026-08-27T05:04:02.9798263Z hint: Using 'master' as the name for the initial branch. This default branch name
timeout-test	Checkout Repository	2026-08-27T05:04:02.9799944Z hint: will change to "main" in Git 3.0. To configure the initial branch name
timeout-test	Checkout Repository	2026-08-27T05:04:02.9800960Z hint: to use in all of your new repositories, which will suppress this warning,
timeout-test	Checkout Repository	2026-08-27T05:04:02.9801720Z hint: call:
timeout-test	Checkout Repository	2026-08-27T05:04:02.9802405Z hint:
timeout-test	Checkout Repository	2026-08-27T05:04:02.9802997Z hint: 	git config --global init.defaultBranch <name>
timeout-test	Checkout Repository	2026-08-27T05:04:02.9803647Z hint:
timeout-test	Checkout Repository	2026-08-27T05:04:02.9804251Z hint: Names commonly chosen instead of 'master' are 'main', 'trunk' and
timeout-test	Checkout Repository	2026-08-27T05:04:02.9805204Z hint: 'development'. The just-created branch can be renamed via this command:
timeout-test	Checkout Repository	2026-08-27T05:04:02.9806006Z hint:
timeout-test	Checkout Repository	2026-08-27T05:04:02.9806443Z hint: 	git branch -m <name>
timeout-test	Checkout Repository	2026-08-27T05:04:02.9806951Z hint:
timeout-test	Checkout Repository	2026-08-27T05:04:02.9807593Z hint: Disable this message with "git config set advice.defaultBranchName false"
timeout-test	Checkout Repository	2026-08-27T05:04:02.9813911Z Initialized empty Git repository in /home/runner/work/dependency-error-repo/dependency-error-repo/.git/
timeout-test	Checkout Repository	2026-08-27T05:04:02.9830727Z [command]/usr/bin/git remote add origin https://github.com/DhruvHegde/dependency-error-repo
timeout-test	Checkout Repository	2026-08-27T05:04:02.9886460Z ##[endgroup]
timeout-test	Checkout Repository	2026-08-27T05:04:02.9887778Z ##[group]Disabling automatic garbage collection
timeout-test	Checkout Repository	2026-08-27T05:04:02.9891057Z [command]/usr/bin/git config --local gc.auto 0
timeout-test	Checkout Repository	2026-08-27T05:04:02.9924065Z ##[endgroup]
timeout-test	Checkout Repository	2026-08-27T05:04:02.9925395Z ##[group]Setting up auth
timeout-test	Checkout Repository	2026-08-27T05:04:02.9943553Z [command]/usr/bin/git config --local --name-only --get-regexp core\.sshCommand
timeout-test	Checkout Repository	2026-08-27T05:04:02.9967424Z [command]/usr/bin/git submodule foreach --recursive sh -c "git config --local --name-only --get-regexp 'core\.sshCommand' && git config --local --unset-all 'core.sshCommand' || :"
timeout-test	Checkout Repository	2026-08-27T05:04:03.0360086Z [command]/usr/bin/git config --local --name-only --get-regexp http\.https\:\/\/github\.com\/\.extraheader
timeout-test	Checkout Repository	2026-08-27T05:04:03.0396381Z [command]/usr/bin/git submodule foreach --recursive sh -c "git config --local --name-only --get-regexp 'http\.https\:\/\/github\.com\/\.extraheader' && git config --local --unset-all 'http.https://github.com/.extraheader' || :"
timeout-test	Checkout Repository	2026-08-27T05:04:03.0624342Z [command]/usr/bin/git config --local --name-only --get-regexp ^includeIf\.gitdir:
timeout-test	Checkout Repository	2026-08-27T05:04:03.0661186Z [command]/usr/bin/git submodule foreach --recursive git config --local --show-origin --name-only --get-regexp remote.origin.url
timeout-test	Checkout Repository	2026-08-27T05:04:03.0893454Z [command]/usr/bin/git config --local http.https://github.com/.extraheader AUTHORIZATION: basic ***
timeout-test	Checkout Repository	2026-08-27T05:04:03.0932572Z ##[endgroup]
timeout-test	Checkout Repository	2026-08-27T05:04:03.0933639Z ##[group]Fetching the repository
timeout-test	Checkout Repository	2026-08-27T05:04:03.0943565Z [command]/usr/bin/git -c protocol.version=2 fetch --no-tags --prune --no-recurse-submodules --depth=1 origin +c43e60540785844778e762a7f5d7cff9717f6761:refs/remotes/origin/feature/timeout-errors
timeout-test	Checkout Repository	2026-08-27T05:04:03.3877458Z From https://github.com/DhruvHegde/dependency-error-repo
timeout-test	Checkout Repository	2026-08-27T05:04:03.3878726Z  * [new ref]         c43e60540785844778e762a7f5d7cff9717f6761 -> origin/feature/timeout-errors
timeout-test	Checkout Repository	2026-08-27T05:04:03.3882818Z ##[endgroup]
timeout-test	Checkout Repository	2026-08-27T05:04:03.3883841Z ##[group]Determining the checkout info
timeout-test	Checkout Repository	2026-08-27T05:04:03.3885543Z ##[endgroup]
timeout-test	Checkout Repository	2026-08-27T05:04:03.3893168Z [command]/usr/bin/git sparse-checkout disable
timeout-test	Checkout Repository	2026-08-27T05:04:03.3945692Z [command]/usr/bin/git config --local --unset-all extensions.worktreeConfig
timeout-test	Checkout Repository	2026-08-27T05:04:03.3978452Z ##[group]Checking out the ref
timeout-test	Checkout Repository	2026-08-27T05:04:03.3983309Z [command]/usr/bin/git checkout --progress --force -B feature/timeout-errors refs/remotes/origin/feature/timeout-errors
timeout-test	Checkout Repository	2026-08-27T05:04:03.4051633Z Switched to a new branch 'feature/timeout-errors'
timeout-test	Checkout Repository	2026-08-27T05:04:03.4058962Z branch 'feature/timeout-errors' set up to track 'origin/feature/timeout-errors'.
timeout-test	Checkout Repository	2026-08-27T05:04:03.4063938Z ##[endgroup]
timeout-test	Checkout Repository	2026-08-27T05:04:03.4113284Z [command]/usr/bin/git log -1 --format=%H
timeout-test	Checkout Repository	2026-08-27T05:04:03.4140087Z c43e60540785844778e762a7f5d7cff9717f6761
timeout-test	Setup Python	﻿2026-08-27T05:04:03.4424875Z Node 20 is being deprecated. This workflow is running with Node 24 by default. If you need to temporarily use Node 20, you can set the ACTIONS_ALLOW_USE_UNSECURE_NODE_VERSION=true environment variable. For more information see: https://github.blog/changelog/2025-09-19-deprecation-of-node-20-on-github-actions-runners/
timeout-test	Setup Python	2026-08-27T05:04:03.4427823Z ##[group]Run actions/setup-python@v5
timeout-test	Setup Python	2026-08-27T05:04:03.4428378Z with:
timeout-test	Setup Python	2026-08-27T05:04:03.4428793Z   python-version: 3.11
timeout-test	Setup Python	2026-08-27T05:04:03.4429275Z   check-latest: false
timeout-test	Setup Python	2026-08-27T05:04:03.4433347Z   token: ***
timeout-test	Setup Python	2026-08-27T05:04:03.4433815Z   update-environment: true
timeout-test	Setup Python	2026-08-27T05:04:03.4434325Z   allow-prereleases: false
timeout-test	Setup Python	2026-08-27T05:04:03.4434810Z   freethreaded: false
timeout-test	Setup Python	2026-08-27T05:04:03.4435272Z ##[endgroup]
timeout-test	Setup Python	2026-08-27T05:04:03.5742914Z ##[group]Installed versions
timeout-test	Setup Python	2026-08-27T05:04:03.5835062Z (node:2306) [DEP0040] DeprecationWarning: The `punycode` module is deprecated. Please use a userland alternative instead.
timeout-test	Setup Python	2026-08-27T05:04:03.5836547Z (Use `node --trace-deprecation ...` to show where the warning was created)
timeout-test	Setup Python	2026-08-27T05:04:03.5838037Z Successfully set up CPython (3.11.16)
timeout-test	Setup Python	2026-08-27T05:04:03.5839116Z ##[endgroup]
timeout-test	Install Test Dependencies	﻿2026-08-27T05:04:03.6014244Z ##[group]Run python -m pip install --upgrade pip
timeout-test	Install Test Dependencies	2026-08-27T05:04:03.6015063Z ^[[36;1mpython -m pip install --upgrade pip^[[0m
timeout-test	Install Test Dependencies	2026-08-27T05:04:03.6015698Z ^[[36;1mpip install pytest^[[0m
timeout-test	Install Test Dependencies	2026-08-27T05:04:03.6074648Z shell: /usr/bin/bash -e {0}
timeout-test	Install Test Dependencies	2026-08-27T05:04:03.6075377Z env:
timeout-test	Install Test Dependencies	2026-08-27T05:04:03.6076236Z   pythonLocation: /opt/hostedtoolcache/Python/3.11.16/x64
timeout-test	Install Test Dependencies	2026-08-27T05:04:03.6077586Z   PKG_CONFIG_PATH: /opt/hostedtoolcache/Python/3.11.16/x64/lib/pkgconfig
timeout-test	Install Test Dependencies	2026-08-27T05:04:03.6078926Z   Python_ROOT_DIR: /opt/hostedtoolcache/Python/3.11.16/x64
timeout-test	Install Test Dependencies	2026-08-27T05:04:03.6080148Z   Python2_ROOT_DIR: /opt/hostedtoolcache/Python/3.11.16/x64
timeout-test	Install Test Dependencies	2026-08-27T05:04:03.6081472Z   Python3_ROOT_DIR: /opt/hostedtoolcache/Python/3.11.16/x64
timeout-test	Install Test Dependencies	2026-08-27T05:04:03.6083017Z   LD_LIBRARY_PATH: /opt/hostedtoolcache/Python/3.11.16/x64/lib
timeout-test	Install Test Dependencies	2026-08-27T05:04:03.6084138Z ##[endgroup]
timeout-test	Install Test Dependencies	2026-08-27T05:04:05.4059227Z Requirement already satisfied: pip in /opt/hostedtoolcache/Python/3.11.16/x64/lib/python3.11/site-packages (26.2.1)
timeout-test	Install Test Dependencies	2026-08-27T05:04:06.0804834Z Collecting pytest
timeout-test	Install Test Dependencies	2026-08-27T05:04:06.1277053Z   Downloading pytest-9.1.1-py3-none-any.whl.metadata (7.6 kB)
timeout-test	Install Test Dependencies	2026-08-27T05:04:06.1410402Z Collecting iniconfig>=1.0.1 (from pytest)
timeout-test	Install Test Dependencies	2026-08-27T05:04:06.1448138Z   Downloading iniconfig-2.3.0-py3-none-any.whl.metadata (2.5 kB)
timeout-test	Install Test Dependencies	2026-08-27T05:04:06.1605346Z Collecting packaging>=22 (from pytest)
timeout-test	Install Test Dependencies	2026-08-27T05:04:06.1641228Z   Downloading packaging-26.3-py3-none-any.whl.metadata (3.5 kB)
timeout-test	Install Test Dependencies	2026-08-27T05:04:06.1765424Z Collecting pluggy<2,>=1.5 (from pytest)
timeout-test	Install Test Dependencies	2026-08-27T05:04:06.1800931Z   Downloading pluggy-1.6.0-py3-none-any.whl.metadata (4.8 kB)
timeout-test	Install Test Dependencies	2026-08-27T05:04:06.1986401Z Collecting pygments>=2.7.2 (from pytest)
timeout-test	Install Test Dependencies	2026-08-27T05:04:06.2021482Z   Downloading pygments-2.21.0-py3-none-any.whl.metadata (2.5 kB)
timeout-test	Install Test Dependencies	2026-08-27T05:04:06.2108110Z Downloading pytest-9.1.1-py3-none-any.whl (386 kB)
timeout-test	Install Test Dependencies	2026-08-27T05:04:06.2320025Z Downloading pluggy-1.6.0-py3-none-any.whl (20 kB)
timeout-test	Install Test Dependencies	2026-08-27T05:04:06.2380316Z Downloading iniconfig-2.3.0-py3-none-any.whl (7.5 kB)
timeout-test	Install Test Dependencies	2026-08-27T05:04:06.2443883Z Downloading packaging-26.3-py3-none-any.whl (129 kB)
timeout-test	Install Test Dependencies	2026-08-27T05:04:06.2509043Z Downloading pygments-2.21.0-py3-none-any.whl (1.3 MB)
timeout-test	Install Test Dependencies	2026-08-27T05:04:06.2631650Z    ━━━━━━━━━━━━━━━━━━━━━━━━━━━━━━━━━━━━━━━━ 1.3/1.3 MB 126.7 MB/s  0:00:00
timeout-test	Install Test Dependencies	2026-08-27T05:04:06.3134344Z Installing collected packages: pygments, pluggy, packaging, iniconfig, pytest
timeout-test	Install Test Dependencies	2026-08-27T05:04:07.2848568Z 
timeout-test	Install Test Dependencies	2026-08-27T05:04:07.2858825Z Successfully installed iniconfig-2.3.0 packaging-26.3 pluggy-1.6.0 pygments-2.21.0 pytest-9.1.1
timeout-test	Run Tests	﻿2026-08-27T05:04:07.3371359Z ##[group]Run pytest test_app.py
timeout-test	Run Tests	2026-08-27T05:04:07.3371775Z ^[[36;1mpytest test_app.py^[[0m
timeout-test	Run Tests	2026-08-27T05:04:07.3410875Z shell: /usr/bin/bash -e {0}
timeout-test	Run Tests	2026-08-27T05:04:07.3411184Z env:
timeout-test	Run Tests	2026-08-27T05:04:07.3411498Z   pythonLocation: /opt/hostedtoolcache/Python/3.11.16/x64
timeout-test	Run Tests	2026-08-27T05:04:07.3411999Z   PKG_CONFIG_PATH: /opt/hostedtoolcache/Python/3.11.16/x64/lib/pkgconfig
timeout-test	Run Tests	2026-08-27T05:04:07.3412701Z   Python_ROOT_DIR: /opt/hostedtoolcache/Python/3.11.16/x64
timeout-test	Run Tests	2026-08-27T05:04:07.3413147Z   Python2_ROOT_DIR: /opt/hostedtoolcache/Python/3.11.16/x64
timeout-test	Run Tests	2026-08-27T05:04:07.3413591Z   Python3_ROOT_DIR: /opt/hostedtoolcache/Python/3.11.16/x64
timeout-test	Run Tests	2026-08-27T05:04:07.3414053Z   LD_LIBRARY_PATH: /opt/hostedtoolcache/Python/3.11.16/x64/lib
timeout-test	Run Tests	2026-08-27T05:04:07.3414427Z ##[endgroup]
timeout-test	Run Tests	2026-08-27T05:04:07.7770669Z ============================= test session starts ==============================
timeout-test	Run Tests	2026-08-27T05:04:07.7771612Z platform linux -- Python 3.11.16, pytest-9.1.1, pluggy-1.6.0
timeout-test	Run Tests	2026-08-27T05:04:07.7773098Z rootdir: /home/runner/work/dependency-error-repo/dependency-error-repo
timeout-test	Run Tests	2026-08-27T05:04:07.7783545Z collected 1 item
timeout-test	Run Tests	2026-08-27T05:04:07.7783839Z 
timeout-test	Run Tests	2026-08-27T05:05:19.8428348Z ##[error]The action 'Run Tests' has timed out after 1 minutes.
timeout-test	Post Checkout Repository	﻿2026-08-27T05:05:19.8567608Z Node 20 is being deprecated. This workflow is running with Node 24 by default. If you need to temporarily use Node 20, you can set the ACTIONS_ALLOW_USE_UNSECURE_NODE_VERSION=true environment variable. For more information see: https://github.blog/changelog/2025-09-19-deprecation-of-node-20-on-github-actions-runners/
timeout-test	Post Checkout Repository	2026-08-27T05:05:19.8568905Z Post job cleanup.
timeout-test	Post Checkout Repository	2026-08-27T05:05:19.9469996Z [command]/usr/bin/git version
timeout-test	Post Checkout Repository	2026-08-27T05:05:19.9470635Z git version 2.55.0
timeout-test	Post Checkout Repository	2026-08-27T05:05:19.9505364Z Temporarily overriding HOME='/home/runner/work/_temp/9bf21f53-df84-4f3b-b7c1-4d651397c0ca' before making global git config changes
timeout-test	Post Checkout Repository	2026-08-27T05:05:19.9507361Z Adding repository directory to the temporary git global config as a safe directory
timeout-test	Post Checkout Repository	2026-08-27T05:05:19.9511882Z [command]/usr/bin/git config --global --add safe.directory /home/runner/work/dependency-error-repo/dependency-error-repo
timeout-test	Post Checkout Repository	2026-08-27T05:05:19.9551998Z [command]/usr/bin/git config --local --name-only --get-regexp core\.sshCommand
timeout-test	Post Checkout Repository	2026-08-27T05:05:19.9589266Z [command]/usr/bin/git submodule foreach --recursive sh -c "git config --local --name-only --get-regexp 'core\.sshCommand' && git config --local --unset-all 'core.sshCommand' || :"
timeout-test	Post Checkout Repository	2026-08-27T05:05:19.9874338Z [command]/usr/bin/git config --local --name-only --get-regexp http\.https\:\/\/github\.com\/\.extraheader
timeout-test	Post Checkout Repository	2026-08-27T05:05:19.9904114Z http.https://github.com/.extraheader
timeout-test	Post Checkout Repository	2026-08-27T05:05:19.9916132Z [command]/usr/bin/git config --local --unset-all http.https://github.com/.extraheader
timeout-test	Post Checkout Repository	2026-08-27T05:05:19.9949643Z [command]/usr/bin/git submodule foreach --recursive sh -c "git config --local --name-only --get-regexp 'http\.https\:\/\/github\.com\/\.extraheader' && git config --local --unset-all 'http.https://github.com/.extraheader' || :"
timeout-test	Post Checkout Repository	2026-08-27T05:05:20.0265826Z [command]/usr/bin/git config --local --name-only --get-regexp ^includeIf\.gitdir:
timeout-test	Post Checkout Repository	2026-08-27T05:05:20.0290429Z [command]/usr/bin/git submodule foreach --recursive git config --local --show-origin --name-only --get-regexp remote.origin.url
timeout-test	Complete job	﻿2026-08-27T05:05:20.0704111Z Cleaning up orphan processes
timeout-test	Complete job	2026-08-27T05:05:20.1006660Z Terminate orphan process: pid (2364) (pytest)
timeout-test	Complete job	2026-08-27T05:05:20.1016288Z ##[warning]Node.js 20 is deprecated. The following actions target Node.js 20 but are being forced to run on Node.js 24: actions/checkout@v4, actions/setup-python@v5. For more information see: https://github.blog/changelog/2025-09-19-deprecation-of-node-20-on-github-actions-runners/