timeout-test	UNKNOWN STEP	﻿2026-08-27T06:20:30.3724625Z Current runner version: '2.336.0'
timeout-test	UNKNOWN STEP	2026-08-27T06:20:30.3760684Z ##[group]Runner Image Provisioner
timeout-test	UNKNOWN STEP	2026-08-27T06:20:30.3761996Z Hosted Compute Agent
timeout-test	UNKNOWN STEP	2026-08-27T06:20:30.3762990Z Version: 20260729.566
timeout-test	UNKNOWN STEP	2026-08-27T06:20:30.3764087Z Commit: cf7153fe6e25b664e8693c24944bf2b00355d109
timeout-test	UNKNOWN STEP	2026-08-27T06:20:30.3765328Z Build Date: 2026-07-29T19:17:02Z
timeout-test	UNKNOWN STEP	2026-08-27T06:20:30.3766524Z Worker ID: {65a92987-ca3b-4bec-91a0-c76a29771dc9}
timeout-test	UNKNOWN STEP	2026-08-27T06:20:30.3767780Z Azure Region: eastus
timeout-test	UNKNOWN STEP	2026-08-27T06:20:30.3768760Z ##[endgroup]
timeout-test	UNKNOWN STEP	2026-08-27T06:20:30.3771388Z ##[group]Operating System
timeout-test	UNKNOWN STEP	2026-08-27T06:20:30.3772569Z Ubuntu
timeout-test	UNKNOWN STEP	2026-08-27T06:20:30.3773475Z 24.04.4
timeout-test	UNKNOWN STEP	2026-08-27T06:20:30.3774370Z LTS
timeout-test	UNKNOWN STEP	2026-08-27T06:20:30.3775786Z ##[endgroup]
timeout-test	UNKNOWN STEP	2026-08-27T06:20:30.3776790Z ##[group]Runner Image
timeout-test	UNKNOWN STEP	2026-08-27T06:20:30.3777882Z Image: ubuntu-24.04
timeout-test	UNKNOWN STEP	2026-08-27T06:20:30.3778878Z Version: 20260816.277.1
timeout-test	UNKNOWN STEP	2026-08-27T06:20:30.3781303Z Included Software: https://github.com/actions/runner-images/blob/ubuntu24/20260816.277/images/ubuntu/Ubuntu2404-Readme.md
timeout-test	UNKNOWN STEP	2026-08-27T06:20:30.3784059Z Image Release: https://github.com/actions/runner-images/releases/tag/ubuntu24%2F20260816.277
timeout-test	UNKNOWN STEP	2026-08-27T06:20:30.3785784Z ##[endgroup]
timeout-test	UNKNOWN STEP	2026-08-27T06:20:30.3787826Z ##[group]GITHUB_TOKEN Permissions
timeout-test	UNKNOWN STEP	2026-08-27T06:20:30.3791093Z Contents: read
timeout-test	UNKNOWN STEP	2026-08-27T06:20:30.3792024Z Metadata: read
timeout-test	UNKNOWN STEP	2026-08-27T06:20:30.3793046Z Packages: read
timeout-test	UNKNOWN STEP	2026-08-27T06:20:30.3794011Z ##[endgroup]
timeout-test	UNKNOWN STEP	2026-08-27T06:20:30.3797032Z Secret source: Actions
timeout-test	UNKNOWN STEP	2026-08-27T06:20:30.3799188Z Prepare workflow directory
timeout-test	UNKNOWN STEP	2026-08-27T06:20:30.4283460Z Prepare all required actions
timeout-test	UNKNOWN STEP	2026-08-27T06:20:30.4355152Z Getting action download info
timeout-test	UNKNOWN STEP	2026-08-27T06:20:30.6184730Z Download action repository 'actions/checkout@v4' (SHA:11d5960a326750d5838078e36cf38b85af677262)
timeout-test	UNKNOWN STEP	2026-08-27T06:20:30.7421530Z Download action repository 'actions/setup-python@v5' (SHA:a26af69be951a213d495a4c3e4e4022e16d87065)
timeout-test	UNKNOWN STEP	2026-08-27T06:20:30.9294440Z Complete job name: timeout-test
timeout-test	UNKNOWN STEP	2026-08-27T06:20:31.0058130Z Node 20 is being deprecated. This workflow is running with Node 24 by default. If you need to temporarily use Node 20, you can set the ACTIONS_ALLOW_USE_UNSECURE_NODE_VERSION=true environment variable. For more information see: https://github.blog/changelog/2025-09-19-deprecation-of-node-20-on-github-actions-runners/
timeout-test	UNKNOWN STEP	2026-08-27T06:20:31.0067798Z ##[group]Run actions/checkout@v4
timeout-test	UNKNOWN STEP	2026-08-27T06:20:31.0068700Z with:
timeout-test	UNKNOWN STEP	2026-08-27T06:20:31.0069213Z   repository: DhruvHegde/dependency-error-repo
timeout-test	UNKNOWN STEP	2026-08-27T06:20:31.0073561Z   token: ***
timeout-test	UNKNOWN STEP	2026-08-27T06:20:31.0074009Z   ssh-strict: true
timeout-test	UNKNOWN STEP	2026-08-27T06:20:31.0074448Z   ssh-user: git
timeout-test	UNKNOWN STEP	2026-08-27T06:20:31.0074906Z   persist-credentials: true
timeout-test	UNKNOWN STEP	2026-08-27T06:20:31.0075408Z   clean: true
timeout-test	UNKNOWN STEP	2026-08-27T06:20:31.0075867Z   sparse-checkout-cone-mode: true
timeout-test	UNKNOWN STEP	2026-08-27T06:20:31.0076401Z   fetch-depth: 1
timeout-test	UNKNOWN STEP	2026-08-27T06:20:31.0076839Z   fetch-tags: false
timeout-test	UNKNOWN STEP	2026-08-27T06:20:31.0077290Z   show-progress: true
timeout-test	UNKNOWN STEP	2026-08-27T06:20:31.0077753Z   lfs: false
timeout-test	UNKNOWN STEP	2026-08-27T06:20:31.0078219Z   submodules: false
timeout-test	UNKNOWN STEP	2026-08-27T06:20:31.0078672Z   set-safe-directory: true
timeout-test	UNKNOWN STEP	2026-08-27T06:20:31.0079199Z   allow-unsafe-pr-checkout: false
timeout-test	UNKNOWN STEP	2026-08-27T06:20:31.0080179Z ##[endgroup]
timeout-test	UNKNOWN STEP	2026-08-27T06:20:31.1132774Z Syncing repository: DhruvHegde/dependency-error-repo
timeout-test	UNKNOWN STEP	2026-08-27T06:20:31.1135438Z ##[group]Getting Git version info
timeout-test	UNKNOWN STEP	2026-08-27T06:20:31.1136824Z Working directory is '/home/runner/work/dependency-error-repo/dependency-error-repo'
timeout-test	UNKNOWN STEP	2026-08-27T06:20:31.1138708Z [command]/usr/bin/git version
timeout-test	UNKNOWN STEP	2026-08-27T06:20:31.1201668Z git version 2.55.0
timeout-test	UNKNOWN STEP	2026-08-27T06:20:31.1226706Z ##[endgroup]
timeout-test	UNKNOWN STEP	2026-08-27T06:20:31.1248904Z Temporarily overriding HOME='/home/runner/work/_temp/d9f54292-a1d9-495e-b0c2-1fa2b1d68755' before making global git config changes
timeout-test	UNKNOWN STEP	2026-08-27T06:20:31.1251662Z Adding repository directory to the temporary git global config as a safe directory
timeout-test	UNKNOWN STEP	2026-08-27T06:20:31.1254122Z [command]/usr/bin/git config --global --add safe.directory /home/runner/work/dependency-error-repo/dependency-error-repo
timeout-test	UNKNOWN STEP	2026-08-27T06:20:31.1302355Z Deleting the contents of '/home/runner/work/dependency-error-repo/dependency-error-repo'
timeout-test	UNKNOWN STEP	2026-08-27T06:20:31.1304779Z ##[group]Initializing the repository
timeout-test	UNKNOWN STEP	2026-08-27T06:20:31.1307462Z [command]/usr/bin/git init /home/runner/work/dependency-error-repo/dependency-error-repo
timeout-test	UNKNOWN STEP	2026-08-27T06:20:31.1414397Z hint: Using 'master' as the name for the initial branch. This default branch name
timeout-test	UNKNOWN STEP	2026-08-27T06:20:31.1416599Z hint: will change to "main" in Git 3.0. To configure the initial branch name
timeout-test	UNKNOWN STEP	2026-08-27T06:20:31.1418341Z hint: to use in all of your new repositories, which will suppress this warning,
timeout-test	UNKNOWN STEP	2026-08-27T06:20:31.1421491Z hint: call:
timeout-test	UNKNOWN STEP	2026-08-27T06:20:31.1422716Z hint:
timeout-test	UNKNOWN STEP	2026-08-27T06:20:31.1423984Z hint: 	git config --global init.defaultBranch <name>
timeout-test	UNKNOWN STEP	2026-08-27T06:20:31.1425422Z hint:
timeout-test	UNKNOWN STEP	2026-08-27T06:20:31.1426733Z hint: Names commonly chosen instead of 'master' are 'main', 'trunk' and
timeout-test	UNKNOWN STEP	2026-08-27T06:20:31.1428648Z hint: 'development'. The just-created branch can be renamed via this command:
timeout-test	UNKNOWN STEP	2026-08-27T06:20:31.1430775Z hint:
timeout-test	UNKNOWN STEP	2026-08-27T06:20:31.1432006Z hint: 	git branch -m <name>
timeout-test	UNKNOWN STEP	2026-08-27T06:20:31.1433174Z hint:
timeout-test	UNKNOWN STEP	2026-08-27T06:20:31.1434553Z hint: Disable this message with "git config set advice.defaultBranchName false"
timeout-test	UNKNOWN STEP	2026-08-27T06:20:31.1436876Z Initialized empty Git repository in /home/runner/work/dependency-error-repo/dependency-error-repo/.git/
timeout-test	UNKNOWN STEP	2026-08-27T06:20:31.1441554Z [command]/usr/bin/git remote add origin https://github.com/DhruvHegde/dependency-error-repo
timeout-test	UNKNOWN STEP	2026-08-27T06:20:31.1497150Z ##[endgroup]
timeout-test	UNKNOWN STEP	2026-08-27T06:20:31.1498417Z ##[group]Disabling automatic garbage collection
timeout-test	UNKNOWN STEP	2026-08-27T06:20:31.1501409Z [command]/usr/bin/git config --local gc.auto 0
timeout-test	UNKNOWN STEP	2026-08-27T06:20:31.1534286Z ##[endgroup]
timeout-test	UNKNOWN STEP	2026-08-27T06:20:31.1535413Z ##[group]Setting up auth
timeout-test	UNKNOWN STEP	2026-08-27T06:20:31.1542124Z [command]/usr/bin/git config --local --name-only --get-regexp core\.sshCommand
timeout-test	UNKNOWN STEP	2026-08-27T06:20:31.1578130Z [command]/usr/bin/git submodule foreach --recursive sh -c "git config --local --name-only --get-regexp 'core\.sshCommand' && git config --local --unset-all 'core.sshCommand' || :"
timeout-test	UNKNOWN STEP	2026-08-27T06:20:31.1968495Z [command]/usr/bin/git config --local --name-only --get-regexp http\.https\:\/\/github\.com\/\.extraheader
timeout-test	UNKNOWN STEP	2026-08-27T06:20:31.2004571Z [command]/usr/bin/git submodule foreach --recursive sh -c "git config --local --name-only --get-regexp 'http\.https\:\/\/github\.com\/\.extraheader' && git config --local --unset-all 'http.https://github.com/.extraheader' || :"
timeout-test	UNKNOWN STEP	2026-08-27T06:20:31.2254140Z [command]/usr/bin/git config --local --name-only --get-regexp ^includeIf\.gitdir:
timeout-test	UNKNOWN STEP	2026-08-27T06:20:31.2293362Z [command]/usr/bin/git submodule foreach --recursive git config --local --show-origin --name-only --get-regexp remote.origin.url
timeout-test	UNKNOWN STEP	2026-08-27T06:20:31.2525529Z [command]/usr/bin/git config --local http.https://github.com/.extraheader AUTHORIZATION: basic ***
timeout-test	UNKNOWN STEP	2026-08-27T06:20:31.2564716Z ##[endgroup]
timeout-test	UNKNOWN STEP	2026-08-27T06:20:31.2565590Z ##[group]Fetching the repository
timeout-test	UNKNOWN STEP	2026-08-27T06:20:31.2575342Z [command]/usr/bin/git -c protocol.version=2 fetch --no-tags --prune --no-recurse-submodules --depth=1 origin +d3790bfe0634a94647df94f33070578a859b99e6:refs/remotes/origin/feature/timeout-errors
timeout-test	UNKNOWN STEP	2026-08-27T06:20:31.4862671Z From https://github.com/DhruvHegde/dependency-error-repo
timeout-test	UNKNOWN STEP	2026-08-27T06:20:31.4864621Z  * [new ref]         d3790bfe0634a94647df94f33070578a859b99e6 -> origin/feature/timeout-errors
timeout-test	UNKNOWN STEP	2026-08-27T06:20:31.4868486Z ##[endgroup]
timeout-test	UNKNOWN STEP	2026-08-27T06:20:31.4870332Z ##[group]Determining the checkout info
timeout-test	UNKNOWN STEP	2026-08-27T06:20:31.4872455Z ##[endgroup]
timeout-test	UNKNOWN STEP	2026-08-27T06:20:31.4879036Z [command]/usr/bin/git sparse-checkout disable
timeout-test	UNKNOWN STEP	2026-08-27T06:20:31.4934378Z [command]/usr/bin/git config --local --unset-all extensions.worktreeConfig
timeout-test	UNKNOWN STEP	2026-08-27T06:20:31.4968830Z ##[group]Checking out the ref
timeout-test	UNKNOWN STEP	2026-08-27T06:20:31.4974887Z [command]/usr/bin/git checkout --progress --force -B feature/timeout-errors refs/remotes/origin/feature/timeout-errors
timeout-test	UNKNOWN STEP	2026-08-27T06:20:31.5047789Z Switched to a new branch 'feature/timeout-errors'
timeout-test	UNKNOWN STEP	2026-08-27T06:20:31.5054642Z branch 'feature/timeout-errors' set up to track 'origin/feature/timeout-errors'.
timeout-test	UNKNOWN STEP	2026-08-27T06:20:31.5064811Z ##[endgroup]
timeout-test	UNKNOWN STEP	2026-08-27T06:20:31.5107757Z [command]/usr/bin/git log -1 --format=%H
timeout-test	UNKNOWN STEP	2026-08-27T06:20:31.5135876Z d3790bfe0634a94647df94f33070578a859b99e6
timeout-test	UNKNOWN STEP	2026-08-27T06:20:31.5426074Z Node 20 is being deprecated. This workflow is running with Node 24 by default. If you need to temporarily use Node 20, you can set the ACTIONS_ALLOW_USE_UNSECURE_NODE_VERSION=true environment variable. For more information see: https://github.blog/changelog/2025-09-19-deprecation-of-node-20-on-github-actions-runners/
timeout-test	UNKNOWN STEP	2026-08-27T06:20:31.5428785Z ##[group]Run actions/setup-python@v5
timeout-test	UNKNOWN STEP	2026-08-27T06:20:31.5429325Z with:
timeout-test	UNKNOWN STEP	2026-08-27T06:20:31.5430027Z   python-version: 3.11
timeout-test	UNKNOWN STEP	2026-08-27T06:20:31.5430525Z   check-latest: false
timeout-test	UNKNOWN STEP	2026-08-27T06:20:31.5434403Z   token: ***
timeout-test	UNKNOWN STEP	2026-08-27T06:20:31.5434846Z   update-environment: true
timeout-test	UNKNOWN STEP	2026-08-27T06:20:31.5435355Z   allow-prereleases: false
timeout-test	UNKNOWN STEP	2026-08-27T06:20:31.5435848Z   freethreaded: false
timeout-test	UNKNOWN STEP	2026-08-27T06:20:31.5436303Z ##[endgroup]
timeout-test	UNKNOWN STEP	2026-08-27T06:20:31.6770695Z ##[group]Installed versions
timeout-test	UNKNOWN STEP	2026-08-27T06:20:31.6864562Z (node:2308) [DEP0040] DeprecationWarning: The `punycode` module is deprecated. Please use a userland alternative instead.
timeout-test	UNKNOWN STEP	2026-08-27T06:20:31.6866417Z (Use `node --trace-deprecation ...` to show where the warning was created)
timeout-test	UNKNOWN STEP	2026-08-27T06:20:31.6867668Z Successfully set up CPython (3.11.16)
timeout-test	UNKNOWN STEP	2026-08-27T06:20:31.6869227Z ##[endgroup]
timeout-test	UNKNOWN STEP	2026-08-27T06:20:31.7065609Z ##[group]Run python -m pip install --upgrade pip
timeout-test	UNKNOWN STEP	2026-08-27T06:20:31.7066791Z ^[[36;1mpython -m pip install --upgrade pip^[[0m
timeout-test	UNKNOWN STEP	2026-08-27T06:20:31.7067768Z ^[[36;1mpip install pytest^[[0m
timeout-test	UNKNOWN STEP	2026-08-27T06:20:31.7134970Z shell: /usr/bin/bash -e {0}
timeout-test	UNKNOWN STEP	2026-08-27T06:20:31.7135781Z env:
timeout-test	UNKNOWN STEP	2026-08-27T06:20:31.7136584Z   pythonLocation: /opt/hostedtoolcache/Python/3.11.16/x64
timeout-test	UNKNOWN STEP	2026-08-27T06:20:31.7137923Z   PKG_CONFIG_PATH: /opt/hostedtoolcache/Python/3.11.16/x64/lib/pkgconfig
timeout-test	UNKNOWN STEP	2026-08-27T06:20:31.7139251Z   Python_ROOT_DIR: /opt/hostedtoolcache/Python/3.11.16/x64
timeout-test	UNKNOWN STEP	2026-08-27T06:20:31.7140703Z   Python2_ROOT_DIR: /opt/hostedtoolcache/Python/3.11.16/x64
timeout-test	UNKNOWN STEP	2026-08-27T06:20:31.7141931Z   Python3_ROOT_DIR: /opt/hostedtoolcache/Python/3.11.16/x64
timeout-test	UNKNOWN STEP	2026-08-27T06:20:31.7143154Z   LD_LIBRARY_PATH: /opt/hostedtoolcache/Python/3.11.16/x64/lib
timeout-test	UNKNOWN STEP	2026-08-27T06:20:31.7144193Z ##[endgroup]
timeout-test	UNKNOWN STEP	2026-08-27T06:20:32.4055340Z Requirement already satisfied: pip in /opt/hostedtoolcache/Python/3.11.16/x64/lib/python3.11/site-packages (26.2.1)
timeout-test	UNKNOWN STEP	2026-08-27T06:20:32.9799322Z Collecting pytest
timeout-test	UNKNOWN STEP	2026-08-27T06:20:33.0304342Z   Downloading pytest-9.1.1-py3-none-any.whl.metadata (7.6 kB)
timeout-test	UNKNOWN STEP	2026-08-27T06:20:33.0442262Z Collecting iniconfig>=1.0.1 (from pytest)
timeout-test	UNKNOWN STEP	2026-08-27T06:20:33.0483533Z   Downloading iniconfig-2.3.0-py3-none-any.whl.metadata (2.5 kB)
timeout-test	UNKNOWN STEP	2026-08-27T06:20:33.0638604Z Collecting packaging>=22 (from pytest)
timeout-test	UNKNOWN STEP	2026-08-27T06:20:33.0680305Z   Downloading packaging-26.3-py3-none-any.whl.metadata (3.5 kB)
timeout-test	UNKNOWN STEP	2026-08-27T06:20:33.0811051Z Collecting pluggy<2,>=1.5 (from pytest)
timeout-test	UNKNOWN STEP	2026-08-27T06:20:33.0853778Z   Downloading pluggy-1.6.0-py3-none-any.whl.metadata (4.8 kB)
timeout-test	UNKNOWN STEP	2026-08-27T06:20:33.1042791Z Collecting pygments>=2.7.2 (from pytest)
timeout-test	UNKNOWN STEP	2026-08-27T06:20:33.1083742Z   Downloading pygments-2.21.0-py3-none-any.whl.metadata (2.5 kB)
timeout-test	UNKNOWN STEP	2026-08-27T06:20:33.1175390Z Downloading pytest-9.1.1-py3-none-any.whl (386 kB)
timeout-test	UNKNOWN STEP	2026-08-27T06:20:33.1434489Z Downloading pluggy-1.6.0-py3-none-any.whl (20 kB)
timeout-test	UNKNOWN STEP	2026-08-27T06:20:33.1502701Z Downloading iniconfig-2.3.0-py3-none-any.whl (7.5 kB)
timeout-test	UNKNOWN STEP	2026-08-27T06:20:33.1565258Z Downloading packaging-26.3-py3-none-any.whl (129 kB)
timeout-test	UNKNOWN STEP	2026-08-27T06:20:33.1648789Z Downloading pygments-2.21.0-py3-none-any.whl (1.3 MB)
timeout-test	UNKNOWN STEP	2026-08-27T06:20:33.1931788Z    ━━━━━━━━━━━━━━━━━━━━━━━━━━━━━━━━━━━━━━━━ 1.3/1.3 MB 46.5 MB/s  0:00:00
timeout-test	UNKNOWN STEP	2026-08-27T06:20:33.2420356Z Installing collected packages: pygments, pluggy, packaging, iniconfig, pytest
timeout-test	UNKNOWN STEP	2026-08-27T06:20:34.2585038Z 
timeout-test	UNKNOWN STEP	2026-08-27T06:20:34.2594852Z Successfully installed iniconfig-2.3.0 packaging-26.3 pluggy-1.6.0 pygments-2.21.0 pytest-9.1.1
timeout-test	UNKNOWN STEP	2026-08-27T06:20:34.3187284Z ##[group]Run pytest test_app.py
timeout-test	UNKNOWN STEP	2026-08-27T06:20:34.3187676Z ^[[36;1mpytest test_app.py^[[0m
timeout-test	UNKNOWN STEP	2026-08-27T06:20:34.3227123Z shell: /usr/bin/bash -e {0}
timeout-test	UNKNOWN STEP	2026-08-27T06:20:34.3227432Z env:
timeout-test	UNKNOWN STEP	2026-08-27T06:20:34.3227758Z   pythonLocation: /opt/hostedtoolcache/Python/3.11.16/x64
timeout-test	UNKNOWN STEP	2026-08-27T06:20:34.3228245Z   PKG_CONFIG_PATH: /opt/hostedtoolcache/Python/3.11.16/x64/lib/pkgconfig
timeout-test	UNKNOWN STEP	2026-08-27T06:20:34.3228739Z   Python_ROOT_DIR: /opt/hostedtoolcache/Python/3.11.16/x64
timeout-test	UNKNOWN STEP	2026-08-27T06:20:34.3229177Z   Python2_ROOT_DIR: /opt/hostedtoolcache/Python/3.11.16/x64
timeout-test	UNKNOWN STEP	2026-08-27T06:20:34.3229600Z   Python3_ROOT_DIR: /opt/hostedtoolcache/Python/3.11.16/x64
timeout-test	UNKNOWN STEP	2026-08-27T06:20:34.3230228Z   LD_LIBRARY_PATH: /opt/hostedtoolcache/Python/3.11.16/x64/lib
timeout-test	UNKNOWN STEP	2026-08-27T06:20:34.3230603Z ##[endgroup]
timeout-test	UNKNOWN STEP	2026-08-27T06:20:34.7483909Z ============================= test session starts ==============================
timeout-test	UNKNOWN STEP	2026-08-27T06:20:34.7484659Z platform linux -- Python 3.11.16, pytest-9.1.1, pluggy-1.6.0
timeout-test	UNKNOWN STEP	2026-08-27T06:20:34.7485424Z rootdir: /home/runner/work/dependency-error-repo/dependency-error-repo
timeout-test	UNKNOWN STEP	2026-08-27T06:20:34.7485974Z collected 1 item
timeout-test	UNKNOWN STEP	2026-08-27T06:20:34.7486183Z 
timeout-test	UNKNOWN STEP	2026-08-27T06:21:46.8251655Z ##[error]The action 'Run Tests' has timed out after 1 minutes.
timeout-test	UNKNOWN STEP	2026-08-27T06:21:46.8391729Z Node 20 is being deprecated. This workflow is running with Node 24 by default. If you need to temporarily use Node 20, you can set the ACTIONS_ALLOW_USE_UNSECURE_NODE_VERSION=true environment variable. For more information see: https://github.blog/changelog/2025-09-19-deprecation-of-node-20-on-github-actions-runners/
timeout-test	UNKNOWN STEP	2026-08-27T06:21:46.8393046Z Post job cleanup.
timeout-test	UNKNOWN STEP	2026-08-27T06:21:46.9279973Z [command]/usr/bin/git version
timeout-test	UNKNOWN STEP	2026-08-27T06:21:46.9323810Z git version 2.55.0
timeout-test	UNKNOWN STEP	2026-08-27T06:21:46.9364012Z Temporarily overriding HOME='/home/runner/work/_temp/bdcf1f52-02f4-4741-a696-1bee93df2775' before making global git config changes
timeout-test	UNKNOWN STEP	2026-08-27T06:21:46.9365514Z Adding repository directory to the temporary git global config as a safe directory
timeout-test	UNKNOWN STEP	2026-08-27T06:21:46.9371589Z [command]/usr/bin/git config --global --add safe.directory /home/runner/work/dependency-error-repo/dependency-error-repo
timeout-test	UNKNOWN STEP	2026-08-27T06:21:46.9412609Z [command]/usr/bin/git config --local --name-only --get-regexp core\.sshCommand
timeout-test	UNKNOWN STEP	2026-08-27T06:21:46.9450444Z [command]/usr/bin/git submodule foreach --recursive sh -c "git config --local --name-only --get-regexp 'core\.sshCommand' && git config --local --unset-all 'core.sshCommand' || :"
timeout-test	UNKNOWN STEP	2026-08-27T06:21:46.9704754Z [command]/usr/bin/git config --local --name-only --get-regexp http\.https\:\/\/github\.com\/\.extraheader
timeout-test	UNKNOWN STEP	2026-08-27T06:21:46.9737590Z http.https://github.com/.extraheader
timeout-test	UNKNOWN STEP	2026-08-27T06:21:46.9782792Z [command]/usr/bin/git config --local --unset-all http.https://github.com/.extraheader
timeout-test	UNKNOWN STEP	2026-08-27T06:21:46.9786743Z [command]/usr/bin/git submodule foreach --recursive sh -c "git config --local --name-only --get-regexp 'http\.https\:\/\/github\.com\/\.extraheader' && git config --local --unset-all 'http.https://github.com/.extraheader' || :"
timeout-test	UNKNOWN STEP	2026-08-27T06:21:47.0061224Z [command]/usr/bin/git config --local --name-only --get-regexp ^includeIf\.gitdir:
timeout-test	UNKNOWN STEP	2026-08-27T06:21:47.0378873Z [command]/usr/bin/git submodule foreach --recursive git config --local --show-origin --name-only --get-regexp remote.origin.url
timeout-test	UNKNOWN STEP	2026-08-27T06:21:47.0529467Z Cleaning up orphan processes
timeout-test	UNKNOWN STEP	2026-08-27T06:21:47.0841670Z Terminate orphan process: pid (2366) (pytest)
timeout-test	UNKNOWN STEP	2026-08-27T06:21:47.0866535Z ##[warning]Node.js 20 is deprecated. The following actions target Node.js 20 but are being forced to run on Node.js 24: actions/checkout@v4, actions/setup-python@v5. For more information see: https://github.blog/changelog/2025-09-19-deprecation-of-node-20-on-github-actions-runners/