timeout-test	UNKNOWN STEP	﻿2026-08-27T06:24:52.2962267Z Current runner version: '2.336.0'
timeout-test	UNKNOWN STEP	2026-08-27T06:24:52.2989014Z ##[group]Runner Image Provisioner
timeout-test	UNKNOWN STEP	2026-08-27T06:24:52.2989900Z Hosted Compute Agent
timeout-test	UNKNOWN STEP	2026-08-27T06:24:52.2990584Z Version: 20260819.586
timeout-test	UNKNOWN STEP	2026-08-27T06:24:52.2991269Z Commit: 3cc4a88dfa507ef76119ad1bb3eccc6378bb2b76
timeout-test	UNKNOWN STEP	2026-08-27T06:24:52.2991993Z Build Date: 2026-08-18T23:20:18Z
timeout-test	UNKNOWN STEP	2026-08-27T06:24:52.2993035Z Worker ID: {da1eead4-03ac-47d8-bebb-ec3fbb25ef70}
timeout-test	UNKNOWN STEP	2026-08-27T06:24:52.2993825Z Azure Region: westus
timeout-test	UNKNOWN STEP	2026-08-27T06:24:52.2994450Z ##[endgroup]
timeout-test	UNKNOWN STEP	2026-08-27T06:24:52.2996022Z ##[group]Operating System
timeout-test	UNKNOWN STEP	2026-08-27T06:24:52.2996646Z Ubuntu
timeout-test	UNKNOWN STEP	2026-08-27T06:24:52.2997274Z 24.04.4
timeout-test	UNKNOWN STEP	2026-08-27T06:24:52.2997793Z LTS
timeout-test	UNKNOWN STEP	2026-08-27T06:24:52.2998349Z ##[endgroup]
timeout-test	UNKNOWN STEP	2026-08-27T06:24:52.2998954Z ##[group]Runner Image
timeout-test	UNKNOWN STEP	2026-08-27T06:24:52.2999559Z Image: ubuntu-24.04
timeout-test	UNKNOWN STEP	2026-08-27T06:24:52.3000233Z Version: 20260823.283.1
timeout-test	UNKNOWN STEP	2026-08-27T06:24:52.3001463Z Included Software: https://github.com/actions/runner-images/blob/ubuntu24/20260823.283/images/ubuntu/Ubuntu2404-Readme.md
timeout-test	UNKNOWN STEP	2026-08-27T06:24:52.3003642Z Image Release: https://github.com/actions/runner-images/releases/tag/ubuntu24%2F20260823.283
timeout-test	UNKNOWN STEP	2026-08-27T06:24:52.3005095Z ##[endgroup]
timeout-test	UNKNOWN STEP	2026-08-27T06:24:52.3006367Z ##[group]GITHUB_TOKEN Permissions
timeout-test	UNKNOWN STEP	2026-08-27T06:24:52.3008632Z Contents: read
timeout-test	UNKNOWN STEP	2026-08-27T06:24:52.3009296Z Metadata: read
timeout-test	UNKNOWN STEP	2026-08-27T06:24:52.3009850Z Packages: read
timeout-test	UNKNOWN STEP	2026-08-27T06:24:52.3010485Z ##[endgroup]
timeout-test	UNKNOWN STEP	2026-08-27T06:24:52.3013301Z Secret source: Actions
timeout-test	UNKNOWN STEP	2026-08-27T06:24:52.3014544Z Prepare workflow directory
timeout-test	UNKNOWN STEP	2026-08-27T06:24:52.3361516Z Prepare all required actions
timeout-test	UNKNOWN STEP	2026-08-27T06:24:52.3411275Z Getting action download info
timeout-test	UNKNOWN STEP	2026-08-27T06:24:52.6821295Z Download action repository 'actions/checkout@v4' (SHA:11d5960a326750d5838078e36cf38b85af677262)
timeout-test	UNKNOWN STEP	2026-08-27T06:24:52.8250490Z Download action repository 'actions/setup-python@v5' (SHA:a26af69be951a213d495a4c3e4e4022e16d87065)
timeout-test	UNKNOWN STEP	2026-08-27T06:24:53.0082701Z Complete job name: timeout-test
timeout-test	UNKNOWN STEP	2026-08-27T06:24:53.0877746Z Node 20 is being deprecated. This workflow is running with Node 24 by default. If you need to temporarily use Node 20, you can set the ACTIONS_ALLOW_USE_UNSECURE_NODE_VERSION=true environment variable. For more information see: https://github.blog/changelog/2025-09-19-deprecation-of-node-20-on-github-actions-runners/
timeout-test	UNKNOWN STEP	2026-08-27T06:24:53.0887007Z ##[group]Run actions/checkout@v4
timeout-test	UNKNOWN STEP	2026-08-27T06:24:53.0887787Z with:
timeout-test	UNKNOWN STEP	2026-08-27T06:24:53.0888312Z   repository: DhruvHegde/dependency-error-repo
timeout-test	UNKNOWN STEP	2026-08-27T06:24:53.0892648Z   token: ***
timeout-test	UNKNOWN STEP	2026-08-27T06:24:53.0893157Z   ssh-strict: true
timeout-test	UNKNOWN STEP	2026-08-27T06:24:53.0893638Z   ssh-user: git
timeout-test	UNKNOWN STEP	2026-08-27T06:24:53.0894112Z   persist-credentials: true
timeout-test	UNKNOWN STEP	2026-08-27T06:24:53.0894634Z   clean: true
timeout-test	UNKNOWN STEP	2026-08-27T06:24:53.0895104Z   sparse-checkout-cone-mode: true
timeout-test	UNKNOWN STEP	2026-08-27T06:24:53.0895648Z   fetch-depth: 1
timeout-test	UNKNOWN STEP	2026-08-27T06:24:53.0896108Z   fetch-tags: false
timeout-test	UNKNOWN STEP	2026-08-27T06:24:53.0896588Z   show-progress: true
timeout-test	UNKNOWN STEP	2026-08-27T06:24:53.0897075Z   lfs: false
timeout-test	UNKNOWN STEP	2026-08-27T06:24:53.0897564Z   submodules: false
timeout-test	UNKNOWN STEP	2026-08-27T06:24:53.0898046Z   set-safe-directory: true
timeout-test	UNKNOWN STEP	2026-08-27T06:24:53.0898596Z   allow-unsafe-pr-checkout: false
timeout-test	UNKNOWN STEP	2026-08-27T06:24:53.0899420Z ##[endgroup]
timeout-test	UNKNOWN STEP	2026-08-27T06:24:53.1943552Z Syncing repository: DhruvHegde/dependency-error-repo
timeout-test	UNKNOWN STEP	2026-08-27T06:24:53.1946557Z ##[group]Getting Git version info
timeout-test	UNKNOWN STEP	2026-08-27T06:24:53.1947968Z Working directory is '/home/runner/work/dependency-error-repo/dependency-error-repo'
timeout-test	UNKNOWN STEP	2026-08-27T06:24:53.1949900Z [command]/usr/bin/git version
timeout-test	UNKNOWN STEP	2026-08-27T06:24:53.2065898Z git version 2.55.0
timeout-test	UNKNOWN STEP	2026-08-27T06:24:53.2086533Z ##[endgroup]
timeout-test	UNKNOWN STEP	2026-08-27T06:24:53.2099917Z Temporarily overriding HOME='/home/runner/work/_temp/76dd8679-a480-409d-bbc1-6396df968118' before making global git config changes
timeout-test	UNKNOWN STEP	2026-08-27T06:24:53.2102333Z Adding repository directory to the temporary git global config as a safe directory
timeout-test	UNKNOWN STEP	2026-08-27T06:24:53.2106367Z [command]/usr/bin/git config --global --add safe.directory /home/runner/work/dependency-error-repo/dependency-error-repo
timeout-test	UNKNOWN STEP	2026-08-27T06:24:53.2166301Z Deleting the contents of '/home/runner/work/dependency-error-repo/dependency-error-repo'
timeout-test	UNKNOWN STEP	2026-08-27T06:24:53.2169857Z ##[group]Initializing the repository
timeout-test	UNKNOWN STEP	2026-08-27T06:24:53.2175998Z [command]/usr/bin/git init /home/runner/work/dependency-error-repo/dependency-error-repo
timeout-test	UNKNOWN STEP	2026-08-27T06:24:53.2329099Z hint: Using 'master' as the name for the initial branch. This default branch name
timeout-test	UNKNOWN STEP	2026-08-27T06:24:53.2330609Z hint: will change to "main" in Git 3.0. To configure the initial branch name
timeout-test	UNKNOWN STEP	2026-08-27T06:24:53.2331693Z hint: to use in all of your new repositories, which will suppress this warning,
timeout-test	UNKNOWN STEP	2026-08-27T06:24:53.2332859Z hint: call:
timeout-test	UNKNOWN STEP	2026-08-27T06:24:53.2333612Z hint:
timeout-test	UNKNOWN STEP	2026-08-27T06:24:53.2334590Z hint: 	git config --global init.defaultBranch <name>
timeout-test	UNKNOWN STEP	2026-08-27T06:24:53.2335718Z hint:
timeout-test	UNKNOWN STEP	2026-08-27T06:24:53.2336874Z hint: Names commonly chosen instead of 'master' are 'main', 'trunk' and
timeout-test	UNKNOWN STEP	2026-08-27T06:24:53.2338616Z hint: 'development'. The just-created branch can be renamed via this command:
timeout-test	UNKNOWN STEP	2026-08-27T06:24:53.2339884Z hint:
timeout-test	UNKNOWN STEP	2026-08-27T06:24:53.2340540Z hint: 	git branch -m <name>
timeout-test	UNKNOWN STEP	2026-08-27T06:24:53.2341356Z hint:
timeout-test	UNKNOWN STEP	2026-08-27T06:24:53.2343101Z hint: Disable this message with "git config set advice.defaultBranchName false"
timeout-test	UNKNOWN STEP	2026-08-27T06:24:53.2344865Z Initialized empty Git repository in /home/runner/work/dependency-error-repo/dependency-error-repo/.git/
timeout-test	UNKNOWN STEP	2026-08-27T06:24:53.2352868Z [command]/usr/bin/git remote add origin https://github.com/DhruvHegde/dependency-error-repo
timeout-test	UNKNOWN STEP	2026-08-27T06:24:53.2420125Z ##[endgroup]
timeout-test	UNKNOWN STEP	2026-08-27T06:24:53.2421643Z ##[group]Disabling automatic garbage collection
timeout-test	UNKNOWN STEP	2026-08-27T06:24:53.2424960Z [command]/usr/bin/git config --local gc.auto 0
timeout-test	UNKNOWN STEP	2026-08-27T06:24:53.2466098Z ##[endgroup]
timeout-test	UNKNOWN STEP	2026-08-27T06:24:53.2467450Z ##[group]Setting up auth
timeout-test	UNKNOWN STEP	2026-08-27T06:24:53.2475343Z [command]/usr/bin/git config --local --name-only --get-regexp core\.sshCommand
timeout-test	UNKNOWN STEP	2026-08-27T06:24:53.2546069Z [command]/usr/bin/git submodule foreach --recursive sh -c "git config --local --name-only --get-regexp 'core\.sshCommand' && git config --local --unset-all 'core.sshCommand' || :"
timeout-test	UNKNOWN STEP	2026-08-27T06:24:53.3117017Z [command]/usr/bin/git config --local --name-only --get-regexp http\.https\:\/\/github\.com\/\.extraheader
timeout-test	UNKNOWN STEP	2026-08-27T06:24:53.3156116Z [command]/usr/bin/git submodule foreach --recursive sh -c "git config --local --name-only --get-regexp 'http\.https\:\/\/github\.com\/\.extraheader' && git config --local --unset-all 'http.https://github.com/.extraheader' || :"
timeout-test	UNKNOWN STEP	2026-08-27T06:24:53.3389945Z [command]/usr/bin/git config --local --name-only --get-regexp ^includeIf\.gitdir:
timeout-test	UNKNOWN STEP	2026-08-27T06:24:53.3427822Z [command]/usr/bin/git submodule foreach --recursive git config --local --show-origin --name-only --get-regexp remote.origin.url
timeout-test	UNKNOWN STEP	2026-08-27T06:24:53.3675866Z [command]/usr/bin/git config --local http.https://github.com/.extraheader AUTHORIZATION: basic ***
timeout-test	UNKNOWN STEP	2026-08-27T06:24:53.3725399Z ##[endgroup]
timeout-test	UNKNOWN STEP	2026-08-27T06:24:53.3741129Z ##[group]Fetching the repository
timeout-test	UNKNOWN STEP	2026-08-27T06:24:53.3743188Z [command]/usr/bin/git -c protocol.version=2 fetch --no-tags --prune --no-recurse-submodules --depth=1 origin +7c0d54305fc358ba96d055cce15fd027f63dc24c:refs/remotes/origin/feature/timeout-errors
timeout-test	UNKNOWN STEP	2026-08-27T06:24:53.8107058Z From https://github.com/DhruvHegde/dependency-error-repo
timeout-test	UNKNOWN STEP	2026-08-27T06:24:53.8109329Z  * [new ref]         7c0d54305fc358ba96d055cce15fd027f63dc24c -> origin/feature/timeout-errors
timeout-test	UNKNOWN STEP	2026-08-27T06:24:53.8114001Z ##[endgroup]
timeout-test	UNKNOWN STEP	2026-08-27T06:24:53.8115477Z ##[group]Determining the checkout info
timeout-test	UNKNOWN STEP	2026-08-27T06:24:53.8117190Z ##[endgroup]
timeout-test	UNKNOWN STEP	2026-08-27T06:24:53.8123123Z [command]/usr/bin/git sparse-checkout disable
timeout-test	UNKNOWN STEP	2026-08-27T06:24:53.8186755Z [command]/usr/bin/git config --local --unset-all extensions.worktreeConfig
timeout-test	UNKNOWN STEP	2026-08-27T06:24:53.8224166Z ##[group]Checking out the ref
timeout-test	UNKNOWN STEP	2026-08-27T06:24:53.8230120Z [command]/usr/bin/git checkout --progress --force -B feature/timeout-errors refs/remotes/origin/feature/timeout-errors
timeout-test	UNKNOWN STEP	2026-08-27T06:24:53.8307174Z Switched to a new branch 'feature/timeout-errors'
timeout-test	UNKNOWN STEP	2026-08-27T06:24:53.8315514Z branch 'feature/timeout-errors' set up to track 'origin/feature/timeout-errors'.
timeout-test	UNKNOWN STEP	2026-08-27T06:24:53.8321191Z ##[endgroup]
timeout-test	UNKNOWN STEP	2026-08-27T06:24:53.8367193Z [command]/usr/bin/git log -1 --format=%H
timeout-test	UNKNOWN STEP	2026-08-27T06:24:53.8394458Z 7c0d54305fc358ba96d055cce15fd027f63dc24c
timeout-test	UNKNOWN STEP	2026-08-27T06:24:53.8685522Z Node 20 is being deprecated. This workflow is running with Node 24 by default. If you need to temporarily use Node 20, you can set the ACTIONS_ALLOW_USE_UNSECURE_NODE_VERSION=true environment variable. For more information see: https://github.blog/changelog/2025-09-19-deprecation-of-node-20-on-github-actions-runners/
timeout-test	UNKNOWN STEP	2026-08-27T06:24:53.8688517Z ##[group]Run actions/setup-python@v5
timeout-test	UNKNOWN STEP	2026-08-27T06:24:53.8689080Z with:
timeout-test	UNKNOWN STEP	2026-08-27T06:24:53.8689514Z   python-version: 3.11
timeout-test	UNKNOWN STEP	2026-08-27T06:24:53.8690010Z   check-latest: false
timeout-test	UNKNOWN STEP	2026-08-27T06:24:53.8694206Z   token: ***
timeout-test	UNKNOWN STEP	2026-08-27T06:24:53.8694686Z   update-environment: true
timeout-test	UNKNOWN STEP	2026-08-27T06:24:53.8695207Z   allow-prereleases: false
timeout-test	UNKNOWN STEP	2026-08-27T06:24:53.8695710Z   freethreaded: false
timeout-test	UNKNOWN STEP	2026-08-27T06:24:53.8696176Z ##[endgroup]
timeout-test	UNKNOWN STEP	2026-08-27T06:24:54.0063420Z ##[group]Installed versions
timeout-test	UNKNOWN STEP	2026-08-27T06:24:54.0186256Z (node:2226) [DEP0040] DeprecationWarning: The `punycode` module is deprecated. Please use a userland alternative instead.
timeout-test	UNKNOWN STEP	2026-08-27T06:24:54.0187919Z (Use `node --trace-deprecation ...` to show where the warning was created)
timeout-test	UNKNOWN STEP	2026-08-27T06:24:54.0188898Z Successfully set up CPython (3.11.16)
timeout-test	UNKNOWN STEP	2026-08-27T06:24:54.0189886Z ##[endgroup]
timeout-test	UNKNOWN STEP	2026-08-27T06:24:54.0370162Z ##[group]Run python -m pip install --upgrade pip
timeout-test	UNKNOWN STEP	2026-08-27T06:24:54.0371025Z ^[[36;1mpython -m pip install --upgrade pip^[[0m
timeout-test	UNKNOWN STEP	2026-08-27T06:24:54.0371681Z ^[[36;1mpip install pytest^[[0m
timeout-test	UNKNOWN STEP	2026-08-27T06:24:54.0429871Z shell: /usr/bin/bash -e {0}
timeout-test	UNKNOWN STEP	2026-08-27T06:24:54.0430470Z env:
timeout-test	UNKNOWN STEP	2026-08-27T06:24:54.0431034Z   pythonLocation: /opt/hostedtoolcache/Python/3.11.16/x64
timeout-test	UNKNOWN STEP	2026-08-27T06:24:54.0432341Z   PKG_CONFIG_PATH: /opt/hostedtoolcache/Python/3.11.16/x64/lib/pkgconfig
timeout-test	UNKNOWN STEP	2026-08-27T06:24:54.0434031Z   Python_ROOT_DIR: /opt/hostedtoolcache/Python/3.11.16/x64
timeout-test	UNKNOWN STEP	2026-08-27T06:24:54.0435294Z   Python2_ROOT_DIR: /opt/hostedtoolcache/Python/3.11.16/x64
timeout-test	UNKNOWN STEP	2026-08-27T06:24:54.0436534Z   Python3_ROOT_DIR: /opt/hostedtoolcache/Python/3.11.16/x64
timeout-test	UNKNOWN STEP	2026-08-27T06:24:54.0437803Z   LD_LIBRARY_PATH: /opt/hostedtoolcache/Python/3.11.16/x64/lib
timeout-test	UNKNOWN STEP	2026-08-27T06:24:54.0438801Z ##[endgroup]
timeout-test	UNKNOWN STEP	2026-08-27T06:24:54.8782384Z Requirement already satisfied: pip in /opt/hostedtoolcache/Python/3.11.16/x64/lib/python3.11/site-packages (26.2.1)
timeout-test	UNKNOWN STEP	2026-08-27T06:24:55.4940192Z Collecting pytest
timeout-test	UNKNOWN STEP	2026-08-27T06:24:55.5642076Z   Downloading pytest-9.1.1-py3-none-any.whl.metadata (7.6 kB)
timeout-test	UNKNOWN STEP	2026-08-27T06:24:55.5848392Z Collecting iniconfig>=1.0.1 (from pytest)
timeout-test	UNKNOWN STEP	2026-08-27T06:24:55.5963826Z   Downloading iniconfig-2.3.0-py3-none-any.whl.metadata (2.5 kB)
timeout-test	UNKNOWN STEP	2026-08-27T06:24:55.6197902Z Collecting packaging>=22 (from pytest)
timeout-test	UNKNOWN STEP	2026-08-27T06:24:55.6315655Z   Downloading packaging-26.3-py3-none-any.whl.metadata (3.5 kB)
timeout-test	UNKNOWN STEP	2026-08-27T06:24:55.6521297Z Collecting pluggy<2,>=1.5 (from pytest)
timeout-test	UNKNOWN STEP	2026-08-27T06:24:55.6646908Z   Downloading pluggy-1.6.0-py3-none-any.whl.metadata (4.8 kB)
timeout-test	UNKNOWN STEP	2026-08-27T06:24:55.6912131Z Collecting pygments>=2.7.2 (from pytest)
timeout-test	UNKNOWN STEP	2026-08-27T06:24:55.7028607Z   Downloading pygments-2.21.0-py3-none-any.whl.metadata (2.5 kB)
timeout-test	UNKNOWN STEP	2026-08-27T06:24:55.7196676Z Downloading pytest-9.1.1-py3-none-any.whl (386 kB)
timeout-test	UNKNOWN STEP	2026-08-27T06:24:55.7729104Z Downloading pluggy-1.6.0-py3-none-any.whl (20 kB)
timeout-test	UNKNOWN STEP	2026-08-27T06:24:55.7864586Z Downloading iniconfig-2.3.0-py3-none-any.whl (7.5 kB)
timeout-test	UNKNOWN STEP	2026-08-27T06:24:55.8093209Z Downloading packaging-26.3-py3-none-any.whl (129 kB)
timeout-test	UNKNOWN STEP	2026-08-27T06:24:55.8237569Z Downloading pygments-2.21.0-py3-none-any.whl (1.3 MB)
timeout-test	UNKNOWN STEP	2026-08-27T06:24:55.8576613Z    ━━━━━━━━━━━━━━━━━━━━━━━━━━━━━━━━━━━━━━━━ 1.3/1.3 MB 34.1 MB/s  0:00:00
timeout-test	UNKNOWN STEP	2026-08-27T06:24:55.9081493Z Installing collected packages: pygments, pluggy, packaging, iniconfig, pytest
timeout-test	UNKNOWN STEP	2026-08-27T06:24:56.9128357Z 
timeout-test	UNKNOWN STEP	2026-08-27T06:24:56.9141752Z Successfully installed iniconfig-2.3.0 packaging-26.3 pluggy-1.6.0 pygments-2.21.0 pytest-9.1.1
timeout-test	UNKNOWN STEP	2026-08-27T06:24:56.9674526Z ##[group]Run pytest test_app.py
timeout-test	UNKNOWN STEP	2026-08-27T06:24:56.9674935Z ^[[36;1mpytest test_app.py^[[0m
timeout-test	UNKNOWN STEP	2026-08-27T06:24:56.9714538Z shell: /usr/bin/bash -e {0}
timeout-test	UNKNOWN STEP	2026-08-27T06:24:56.9714864Z env:
timeout-test	UNKNOWN STEP	2026-08-27T06:24:56.9715195Z   pythonLocation: /opt/hostedtoolcache/Python/3.11.16/x64
timeout-test	UNKNOWN STEP	2026-08-27T06:24:56.9715725Z   PKG_CONFIG_PATH: /opt/hostedtoolcache/Python/3.11.16/x64/lib/pkgconfig
timeout-test	UNKNOWN STEP	2026-08-27T06:24:56.9716234Z   Python_ROOT_DIR: /opt/hostedtoolcache/Python/3.11.16/x64
timeout-test	UNKNOWN STEP	2026-08-27T06:24:56.9716689Z   Python2_ROOT_DIR: /opt/hostedtoolcache/Python/3.11.16/x64
timeout-test	UNKNOWN STEP	2026-08-27T06:24:56.9717155Z   Python3_ROOT_DIR: /opt/hostedtoolcache/Python/3.11.16/x64
timeout-test	UNKNOWN STEP	2026-08-27T06:24:56.9717633Z   LD_LIBRARY_PATH: /opt/hostedtoolcache/Python/3.11.16/x64/lib
timeout-test	UNKNOWN STEP	2026-08-27T06:24:56.9718024Z ##[endgroup]
timeout-test	UNKNOWN STEP	2026-08-27T06:24:57.3167257Z ============================= test session starts ==============================
timeout-test	UNKNOWN STEP	2026-08-27T06:24:57.3168147Z platform linux -- Python 3.11.16, pytest-9.1.1, pluggy-1.6.0
timeout-test	UNKNOWN STEP	2026-08-27T06:24:57.3169190Z rootdir: /home/runner/work/dependency-error-repo/dependency-error-repo
timeout-test	UNKNOWN STEP	2026-08-27T06:24:57.3169909Z collected 1 item
timeout-test	UNKNOWN STEP	2026-08-27T06:24:57.3170158Z 
timeout-test	UNKNOWN STEP	2026-08-27T06:26:09.4737489Z ##[error]The action 'Run Tests' has timed out after 1 minutes.
timeout-test	UNKNOWN STEP	2026-08-27T06:26:09.4882042Z Node 20 is being deprecated. This workflow is running with Node 24 by default. If you need to temporarily use Node 20, you can set the ACTIONS_ALLOW_USE_UNSECURE_NODE_VERSION=true environment variable. For more information see: https://github.blog/changelog/2025-09-19-deprecation-of-node-20-on-github-actions-runners/
timeout-test	UNKNOWN STEP	2026-08-27T06:26:09.4883563Z Post job cleanup.
timeout-test	UNKNOWN STEP	2026-08-27T06:26:09.5778474Z [command]/usr/bin/git version
timeout-test	UNKNOWN STEP	2026-08-27T06:26:09.5824048Z git version 2.55.0
timeout-test	UNKNOWN STEP	2026-08-27T06:26:09.5864728Z Temporarily overriding HOME='/home/runner/work/_temp/c2b613ad-94c5-4463-8c22-6210cf52d243' before making global git config changes
timeout-test	UNKNOWN STEP	2026-08-27T06:26:09.5866471Z Adding repository directory to the temporary git global config as a safe directory
timeout-test	UNKNOWN STEP	2026-08-27T06:26:09.5870548Z [command]/usr/bin/git config --global --add safe.directory /home/runner/work/dependency-error-repo/dependency-error-repo
timeout-test	UNKNOWN STEP	2026-08-27T06:26:09.5913389Z [command]/usr/bin/git config --local --name-only --get-regexp core\.sshCommand
timeout-test	UNKNOWN STEP	2026-08-27T06:26:09.5953176Z [command]/usr/bin/git submodule foreach --recursive sh -c "git config --local --name-only --get-regexp 'core\.sshCommand' && git config --local --unset-all 'core.sshCommand' || :"
timeout-test	UNKNOWN STEP	2026-08-27T06:26:09.6220948Z [command]/usr/bin/git config --local --name-only --get-regexp http\.https\:\/\/github\.com\/\.extraheader
timeout-test	UNKNOWN STEP	2026-08-27T06:26:09.6256622Z http.https://github.com/.extraheader
timeout-test	UNKNOWN STEP	2026-08-27T06:26:09.6271592Z [command]/usr/bin/git config --local --unset-all http.https://github.com/.extraheader
timeout-test	UNKNOWN STEP	2026-08-27T06:26:09.6314532Z [command]/usr/bin/git submodule foreach --recursive sh -c "git config --local --name-only --get-regexp 'http\.https\:\/\/github\.com\/\.extraheader' && git config --local --unset-all 'http.https://github.com/.extraheader' || :"
timeout-test	UNKNOWN STEP	2026-08-27T06:26:09.6590441Z [command]/usr/bin/git config --local --name-only --get-regexp ^includeIf\.gitdir:
timeout-test	UNKNOWN STEP	2026-08-27T06:26:09.6636247Z [command]/usr/bin/git submodule foreach --recursive git config --local --show-origin --name-only --get-regexp remote.origin.url
timeout-test	UNKNOWN STEP	2026-08-27T06:26:09.7051187Z Cleaning up orphan processes
timeout-test	UNKNOWN STEP	2026-08-27T06:26:09.7370496Z Terminate orphan process: pid (2285) (pytest)
timeout-test	UNKNOWN STEP	2026-08-27T06:26:09.7382271Z ##[warning]Node.js 20 is deprecated. The following actions target Node.js 20 but are being forced to run on Node.js 24: actions/checkout@v4, actions/setup-python@v5. For more information see: https://github.blog/changelog/2025-09-19-deprecation-of-node-20-on-github-actions-runners/