timeout-test	Set up job	﻿2026-08-27T06:37:28.2467979Z Current runner version: '2.336.0'
timeout-test	Set up job	2026-08-27T06:37:28.2493120Z ##[group]Runner Image Provisioner
timeout-test	Set up job	2026-08-27T06:37:28.2494011Z Hosted Compute Agent
timeout-test	Set up job	2026-08-27T06:37:28.2495017Z Version: 20260729.566
timeout-test	Set up job	2026-08-27T06:37:28.2495759Z Commit: cf7153fe6e25b664e8693c24944bf2b00355d109
timeout-test	Set up job	2026-08-27T06:37:28.2496565Z Build Date: 2026-07-29T19:17:02Z
timeout-test	Set up job	2026-08-27T06:37:28.2497283Z Worker ID: {08765197-5b7d-492b-8685-1012effba8b9}
timeout-test	Set up job	2026-08-27T06:37:28.2498050Z Azure Region: centralus
timeout-test	Set up job	2026-08-27T06:37:28.2498674Z ##[endgroup]
timeout-test	Set up job	2026-08-27T06:37:28.2500215Z ##[group]Operating System
timeout-test	Set up job	2026-08-27T06:37:28.2500868Z Ubuntu
timeout-test	Set up job	2026-08-27T06:37:28.2501407Z 24.04.4
timeout-test	Set up job	2026-08-27T06:37:28.2502036Z LTS
timeout-test	Set up job	2026-08-27T06:37:28.2502652Z ##[endgroup]
timeout-test	Set up job	2026-08-27T06:37:28.2503227Z ##[group]Runner Image
timeout-test	Set up job	2026-08-27T06:37:28.2503880Z Image: ubuntu-24.04
timeout-test	Set up job	2026-08-27T06:37:28.2504643Z Version: 20260816.277.1
timeout-test	Set up job	2026-08-27T06:37:28.2505825Z Included Software: https://github.com/actions/runner-images/blob/ubuntu24/20260816.277/images/ubuntu/Ubuntu2404-Readme.md
timeout-test	Set up job	2026-08-27T06:37:28.2507994Z Image Release: https://github.com/actions/runner-images/releases/tag/ubuntu24%2F20260816.277
timeout-test	Set up job	2026-08-27T06:37:28.2509005Z ##[endgroup]
timeout-test	Set up job	2026-08-27T06:37:28.2510215Z ##[group]GITHUB_TOKEN Permissions
timeout-test	Set up job	2026-08-27T06:37:28.2512374Z Contents: read
timeout-test	Set up job	2026-08-27T06:37:28.2512999Z Metadata: read
timeout-test	Set up job	2026-08-27T06:37:28.2513655Z Packages: read
timeout-test	Set up job	2026-08-27T06:37:28.2514565Z ##[endgroup]
timeout-test	Set up job	2026-08-27T06:37:28.2516865Z Secret source: Actions
timeout-test	Set up job	2026-08-27T06:37:28.2518506Z Prepare workflow directory
timeout-test	Set up job	2026-08-27T06:37:28.2854850Z Prepare all required actions
timeout-test	Set up job	2026-08-27T06:37:28.2905473Z Getting action download info
timeout-test	Set up job	2026-08-27T06:37:28.5875999Z Download action repository 'actions/checkout@v4' (SHA:11d5960a326750d5838078e36cf38b85af677262)
timeout-test	Set up job	2026-08-27T06:37:28.6948681Z Download action repository 'actions/setup-python@v5' (SHA:a26af69be951a213d495a4c3e4e4022e16d87065)
timeout-test	Set up job	2026-08-27T06:37:28.8756466Z Complete job name: timeout-test
timeout-test	Checkout Repository	﻿2026-08-27T06:37:28.9490396Z Node 20 is being deprecated. This workflow is running with Node 24 by default. If you need to temporarily use Node 20, you can set the ACTIONS_ALLOW_USE_UNSECURE_NODE_VERSION=true environment variable. For more information see: https://github.blog/changelog/2025-09-19-deprecation-of-node-20-on-github-actions-runners/
timeout-test	Checkout Repository	2026-08-27T06:37:28.9499256Z ##[group]Run actions/checkout@v4
timeout-test	Checkout Repository	2026-08-27T06:37:28.9500009Z with:
timeout-test	Checkout Repository	2026-08-27T06:37:28.9500522Z   repository: DhruvHegde/dependency-error-repo
timeout-test	Checkout Repository	2026-08-27T06:37:28.9505705Z   token: ***
timeout-test	Checkout Repository	2026-08-27T06:37:28.9506156Z   ssh-strict: true
timeout-test	Checkout Repository	2026-08-27T06:37:28.9506604Z   ssh-user: git
timeout-test	Checkout Repository	2026-08-27T06:37:28.9507052Z   persist-credentials: true
timeout-test	Checkout Repository	2026-08-27T06:37:28.9507548Z   clean: true
timeout-test	Checkout Repository	2026-08-27T06:37:28.9507999Z   sparse-checkout-cone-mode: true
timeout-test	Checkout Repository	2026-08-27T06:37:28.9508529Z   fetch-depth: 1
timeout-test	Checkout Repository	2026-08-27T06:37:28.9508955Z   fetch-tags: false
timeout-test	Checkout Repository	2026-08-27T06:37:28.9509398Z   show-progress: true
timeout-test	Checkout Repository	2026-08-27T06:37:28.9509842Z   lfs: false
timeout-test	Checkout Repository	2026-08-27T06:37:28.9510251Z   submodules: false
timeout-test	Checkout Repository	2026-08-27T06:37:28.9510751Z   set-safe-directory: true
timeout-test	Checkout Repository	2026-08-27T06:37:28.9511262Z   allow-unsafe-pr-checkout: false
timeout-test	Checkout Repository	2026-08-27T06:37:28.9512045Z ##[endgroup]
timeout-test	Checkout Repository	2026-08-27T06:37:29.0507466Z Syncing repository: DhruvHegde/dependency-error-repo
timeout-test	Checkout Repository	2026-08-27T06:37:29.0510101Z ##[group]Getting Git version info
timeout-test	Checkout Repository	2026-08-27T06:37:29.0511486Z Working directory is '/home/runner/work/dependency-error-repo/dependency-error-repo'
timeout-test	Checkout Repository	2026-08-27T06:37:29.0513437Z [command]/usr/bin/git version
timeout-test	Checkout Repository	2026-08-27T06:37:29.0579429Z git version 2.55.0
timeout-test	Checkout Repository	2026-08-27T06:37:29.0601156Z ##[endgroup]
timeout-test	Checkout Repository	2026-08-27T06:37:29.0624666Z Temporarily overriding HOME='/home/runner/work/_temp/98a1a35a-7bab-4977-94e7-79b7f64c5792' before making global git config changes
timeout-test	Checkout Repository	2026-08-27T06:37:29.0626359Z Adding repository directory to the temporary git global config as a safe directory
timeout-test	Checkout Repository	2026-08-27T06:37:29.0627677Z [command]/usr/bin/git config --global --add safe.directory /home/runner/work/dependency-error-repo/dependency-error-repo
timeout-test	Checkout Repository	2026-08-27T06:37:29.0679865Z Deleting the contents of '/home/runner/work/dependency-error-repo/dependency-error-repo'
timeout-test	Checkout Repository	2026-08-27T06:37:29.0683460Z ##[group]Initializing the repository
timeout-test	Checkout Repository	2026-08-27T06:37:29.0690655Z [command]/usr/bin/git init /home/runner/work/dependency-error-repo/dependency-error-repo
timeout-test	Checkout Repository	2026-08-27T06:37:29.0800763Z hint: Using 'master' as the name for the initial branch. This default branch name
timeout-test	Checkout Repository	2026-08-27T06:37:29.0802695Z hint: will change to "main" in Git 3.0. To configure the initial branch name
timeout-test	Checkout Repository	2026-08-27T06:37:29.0807347Z hint: to use in all of your new repositories, which will suppress this warning,
timeout-test	Checkout Repository	2026-08-27T06:37:29.0808903Z hint: call:
timeout-test	Checkout Repository	2026-08-27T06:37:29.0809671Z hint:
timeout-test	Checkout Repository	2026-08-27T06:37:29.0810652Z hint: 	git config --global init.defaultBranch <name>
timeout-test	Checkout Repository	2026-08-27T06:37:29.0811804Z hint:
timeout-test	Checkout Repository	2026-08-27T06:37:29.0812829Z hint: Names commonly chosen instead of 'master' are 'main', 'trunk' and
timeout-test	Checkout Repository	2026-08-27T06:37:29.0814711Z hint: 'development'. The just-created branch can be renamed via this command:
timeout-test	Checkout Repository	2026-08-27T06:37:29.0816182Z hint:
timeout-test	Checkout Repository	2026-08-27T06:37:29.0816999Z hint: 	git branch -m <name>
timeout-test	Checkout Repository	2026-08-27T06:37:29.0817893Z hint:
timeout-test	Checkout Repository	2026-08-27T06:37:29.0819005Z hint: Disable this message with "git config set advice.defaultBranchName false"
timeout-test	Checkout Repository	2026-08-27T06:37:29.0821132Z Initialized empty Git repository in /home/runner/work/dependency-error-repo/dependency-error-repo/.git/
timeout-test	Checkout Repository	2026-08-27T06:37:29.0824540Z [command]/usr/bin/git remote add origin https://github.com/DhruvHegde/dependency-error-repo
timeout-test	Checkout Repository	2026-08-27T06:37:29.0871431Z ##[endgroup]
timeout-test	Checkout Repository	2026-08-27T06:37:29.0872712Z ##[group]Disabling automatic garbage collection
timeout-test	Checkout Repository	2026-08-27T06:37:29.0875220Z [command]/usr/bin/git config --local gc.auto 0
timeout-test	Checkout Repository	2026-08-27T06:37:29.0905277Z ##[endgroup]
timeout-test	Checkout Repository	2026-08-27T06:37:29.0906417Z ##[group]Setting up auth
timeout-test	Checkout Repository	2026-08-27T06:37:29.0911805Z [command]/usr/bin/git config --local --name-only --get-regexp core\.sshCommand
timeout-test	Checkout Repository	2026-08-27T06:37:29.0949428Z [command]/usr/bin/git submodule foreach --recursive sh -c "git config --local --name-only --get-regexp 'core\.sshCommand' && git config --local --unset-all 'core.sshCommand' || :"
timeout-test	Checkout Repository	2026-08-27T06:37:29.1349337Z [command]/usr/bin/git config --local --name-only --get-regexp http\.https\:\/\/github\.com\/\.extraheader
timeout-test	Checkout Repository	2026-08-27T06:37:29.1387385Z [command]/usr/bin/git submodule foreach --recursive sh -c "git config --local --name-only --get-regexp 'http\.https\:\/\/github\.com\/\.extraheader' && git config --local --unset-all 'http.https://github.com/.extraheader' || :"
timeout-test	Checkout Repository	2026-08-27T06:37:29.1617123Z [command]/usr/bin/git config --local --name-only --get-regexp ^includeIf\.gitdir:
timeout-test	Checkout Repository	2026-08-27T06:37:29.1651841Z [command]/usr/bin/git submodule foreach --recursive git config --local --show-origin --name-only --get-regexp remote.origin.url
timeout-test	Checkout Repository	2026-08-27T06:37:29.1874390Z [command]/usr/bin/git config --local http.https://github.com/.extraheader AUTHORIZATION: basic ***
timeout-test	Checkout Repository	2026-08-27T06:37:29.1913681Z ##[endgroup]
timeout-test	Checkout Repository	2026-08-27T06:37:29.1915194Z ##[group]Fetching the repository
timeout-test	Checkout Repository	2026-08-27T06:37:29.1923792Z [command]/usr/bin/git -c protocol.version=2 fetch --no-tags --prune --no-recurse-submodules --depth=1 origin +efb3cf9455e1677207db749de58e6cd4dca28eb4:refs/remotes/origin/feature/timeout-errors
timeout-test	Checkout Repository	2026-08-27T06:37:29.4953970Z From https://github.com/DhruvHegde/dependency-error-repo
timeout-test	Checkout Repository	2026-08-27T06:37:29.4959621Z  * [new ref]         efb3cf9455e1677207db749de58e6cd4dca28eb4 -> origin/feature/timeout-errors
timeout-test	Checkout Repository	2026-08-27T06:37:29.4962134Z ##[endgroup]
timeout-test	Checkout Repository	2026-08-27T06:37:29.4962874Z ##[group]Determining the checkout info
timeout-test	Checkout Repository	2026-08-27T06:37:29.4963926Z ##[endgroup]
timeout-test	Checkout Repository	2026-08-27T06:37:29.4970108Z [command]/usr/bin/git sparse-checkout disable
timeout-test	Checkout Repository	2026-08-27T06:37:29.5020767Z [command]/usr/bin/git config --local --unset-all extensions.worktreeConfig
timeout-test	Checkout Repository	2026-08-27T06:37:29.5052323Z ##[group]Checking out the ref
timeout-test	Checkout Repository	2026-08-27T06:37:29.5057113Z [command]/usr/bin/git checkout --progress --force -B feature/timeout-errors refs/remotes/origin/feature/timeout-errors
timeout-test	Checkout Repository	2026-08-27T06:37:29.5125336Z Switched to a new branch 'feature/timeout-errors'
timeout-test	Checkout Repository	2026-08-27T06:37:29.5133085Z branch 'feature/timeout-errors' set up to track 'origin/feature/timeout-errors'.
timeout-test	Checkout Repository	2026-08-27T06:37:29.5137873Z ##[endgroup]
timeout-test	Checkout Repository	2026-08-27T06:37:29.5180208Z [command]/usr/bin/git log -1 --format=%H
timeout-test	Checkout Repository	2026-08-27T06:37:29.5208033Z efb3cf9455e1677207db749de58e6cd4dca28eb4
timeout-test	Setup Python	﻿2026-08-27T06:37:29.5490203Z Node 20 is being deprecated. This workflow is running with Node 24 by default. If you need to temporarily use Node 20, you can set the ACTIONS_ALLOW_USE_UNSECURE_NODE_VERSION=true environment variable. For more information see: https://github.blog/changelog/2025-09-19-deprecation-of-node-20-on-github-actions-runners/
timeout-test	Setup Python	2026-08-27T06:37:29.5493091Z ##[group]Run actions/setup-python@v5
timeout-test	Setup Python	2026-08-27T06:37:29.5493641Z with:
timeout-test	Setup Python	2026-08-27T06:37:29.5494054Z   python-version: 3.11
timeout-test	Setup Python	2026-08-27T06:37:29.5494710Z   check-latest: false
timeout-test	Setup Python	2026-08-27T06:37:29.5498525Z   token: ***
timeout-test	Setup Python	2026-08-27T06:37:29.5498983Z   update-environment: true
timeout-test	Setup Python	2026-08-27T06:37:29.5499507Z   allow-prereleases: false
timeout-test	Setup Python	2026-08-27T06:37:29.5499987Z   freethreaded: false
timeout-test	Setup Python	2026-08-27T06:37:29.5500428Z ##[endgroup]
timeout-test	Setup Python	2026-08-27T06:37:29.6777405Z ##[group]Installed versions
timeout-test	Setup Python	2026-08-27T06:37:29.6868129Z (node:2281) [DEP0040] DeprecationWarning: The `punycode` module is deprecated. Please use a userland alternative instead.
timeout-test	Setup Python	2026-08-27T06:37:29.6870548Z (Use `node --trace-deprecation ...` to show where the warning was created)
timeout-test	Setup Python	2026-08-27T06:37:29.6871720Z Successfully set up CPython (3.11.16)
timeout-test	Setup Python	2026-08-27T06:37:29.6872596Z ##[endgroup]
timeout-test	Install Test Dependencies	﻿2026-08-27T06:37:29.7066090Z ##[group]Run python -m pip install --upgrade pip
timeout-test	Install Test Dependencies	2026-08-27T06:37:29.7067289Z ^[[36;1mpython -m pip install --upgrade pip^[[0m
timeout-test	Install Test Dependencies	2026-08-27T06:37:29.7068256Z ^[[36;1mpip install pytest^[[0m
timeout-test	Install Test Dependencies	2026-08-27T06:37:29.7131658Z shell: /usr/bin/bash -e {0}
timeout-test	Install Test Dependencies	2026-08-27T06:37:29.7132469Z env:
timeout-test	Install Test Dependencies	2026-08-27T06:37:29.7133278Z   pythonLocation: /opt/hostedtoolcache/Python/3.11.16/x64
timeout-test	Install Test Dependencies	2026-08-27T06:37:29.7134861Z   PKG_CONFIG_PATH: /opt/hostedtoolcache/Python/3.11.16/x64/lib/pkgconfig
timeout-test	Install Test Dependencies	2026-08-27T06:37:29.7136206Z   Python_ROOT_DIR: /opt/hostedtoolcache/Python/3.11.16/x64
timeout-test	Install Test Dependencies	2026-08-27T06:37:29.7137393Z   Python2_ROOT_DIR: /opt/hostedtoolcache/Python/3.11.16/x64
timeout-test	Install Test Dependencies	2026-08-27T06:37:29.7138611Z   Python3_ROOT_DIR: /opt/hostedtoolcache/Python/3.11.16/x64
timeout-test	Install Test Dependencies	2026-08-27T06:37:29.7139821Z   LD_LIBRARY_PATH: /opt/hostedtoolcache/Python/3.11.16/x64/lib
timeout-test	Install Test Dependencies	2026-08-27T06:37:29.7140848Z ##[endgroup]
timeout-test	Install Test Dependencies	2026-08-27T06:37:30.3272830Z Requirement already satisfied: pip in /opt/hostedtoolcache/Python/3.11.16/x64/lib/python3.11/site-packages (26.2.1)
timeout-test	Install Test Dependencies	2026-08-27T06:37:31.0233951Z Collecting pytest
timeout-test	Install Test Dependencies	2026-08-27T06:37:31.0996871Z   Downloading pytest-9.1.1-py3-none-any.whl.metadata (7.6 kB)
timeout-test	Install Test Dependencies	2026-08-27T06:37:31.1246996Z Collecting iniconfig>=1.0.1 (from pytest)
timeout-test	Install Test Dependencies	2026-08-27T06:37:31.1382777Z   Downloading iniconfig-2.3.0-py3-none-any.whl.metadata (2.5 kB)
timeout-test	Install Test Dependencies	2026-08-27T06:37:31.1661728Z Collecting packaging>=22 (from pytest)
timeout-test	Install Test Dependencies	2026-08-27T06:37:31.1794819Z   Downloading packaging-26.3-py3-none-any.whl.metadata (3.5 kB)
timeout-test	Install Test Dependencies	2026-08-27T06:37:31.2046188Z Collecting pluggy<2,>=1.5 (from pytest)
timeout-test	Install Test Dependencies	2026-08-27T06:37:31.2179798Z   Downloading pluggy-1.6.0-py3-none-any.whl.metadata (4.8 kB)
timeout-test	Install Test Dependencies	2026-08-27T06:37:31.2513693Z Collecting pygments>=2.7.2 (from pytest)
timeout-test	Install Test Dependencies	2026-08-27T06:37:31.2648558Z   Downloading pygments-2.21.0-py3-none-any.whl.metadata (2.5 kB)
timeout-test	Install Test Dependencies	2026-08-27T06:37:31.2829604Z Downloading pytest-9.1.1-py3-none-any.whl (386 kB)
timeout-test	Install Test Dependencies	2026-08-27T06:37:31.3469015Z Downloading pluggy-1.6.0-py3-none-any.whl (20 kB)
timeout-test	Install Test Dependencies	2026-08-27T06:37:31.3622952Z Downloading iniconfig-2.3.0-py3-none-any.whl (7.5 kB)
timeout-test	Install Test Dependencies	2026-08-27T06:37:31.3776685Z Downloading packaging-26.3-py3-none-any.whl (129 kB)
timeout-test	Install Test Dependencies	2026-08-27T06:37:31.3948117Z Downloading pygments-2.21.0-py3-none-any.whl (1.3 MB)
timeout-test	Install Test Dependencies	2026-08-27T06:37:31.4356958Z    ━━━━━━━━━━━━━━━━━━━━━━━━━━━━━━━━━━━━━━━━ 1.3/1.3 MB 27.8 MB/s  0:00:00
timeout-test	Install Test Dependencies	2026-08-27T06:37:31.4800624Z Installing collected packages: pygments, pluggy, packaging, iniconfig, pytest
timeout-test	Install Test Dependencies	2026-08-27T06:37:32.4199882Z 
timeout-test	Install Test Dependencies	2026-08-27T06:37:32.4210401Z Successfully installed iniconfig-2.3.0 packaging-26.3 pluggy-1.6.0 pygments-2.21.0 pytest-9.1.1
timeout-test	Run Tests	﻿2026-08-27T06:37:32.4681017Z ##[group]Run pytest test_app.py
timeout-test	Run Tests	2026-08-27T06:37:32.4681427Z ^[[36;1mpytest test_app.py^[[0m
timeout-test	Run Tests	2026-08-27T06:37:32.4721132Z shell: /usr/bin/bash -e {0}
timeout-test	Run Tests	2026-08-27T06:37:32.4721455Z env:
timeout-test	Run Tests	2026-08-27T06:37:32.4721776Z   pythonLocation: /opt/hostedtoolcache/Python/3.11.16/x64
timeout-test	Run Tests	2026-08-27T06:37:32.4722266Z   PKG_CONFIG_PATH: /opt/hostedtoolcache/Python/3.11.16/x64/lib/pkgconfig
timeout-test	Run Tests	2026-08-27T06:37:32.4722771Z   Python_ROOT_DIR: /opt/hostedtoolcache/Python/3.11.16/x64
timeout-test	Run Tests	2026-08-27T06:37:32.4723207Z   Python2_ROOT_DIR: /opt/hostedtoolcache/Python/3.11.16/x64
timeout-test	Run Tests	2026-08-27T06:37:32.4723643Z   Python3_ROOT_DIR: /opt/hostedtoolcache/Python/3.11.16/x64
timeout-test	Run Tests	2026-08-27T06:37:32.4724106Z   LD_LIBRARY_PATH: /opt/hostedtoolcache/Python/3.11.16/x64/lib
timeout-test	Run Tests	2026-08-27T06:37:32.4724768Z ##[endgroup]
timeout-test	Run Tests	2026-08-27T06:37:32.6954472Z ============================= test session starts ==============================
timeout-test	Run Tests	2026-08-27T06:37:32.6956423Z platform linux -- Python 3.11.16, pytest-9.1.1, pluggy-1.6.0
timeout-test	Run Tests	2026-08-27T06:37:32.6957614Z rootdir: /home/runner/work/dependency-error-repo/dependency-error-repo
timeout-test	Run Tests	2026-08-27T06:37:32.6958602Z collected 1 item
timeout-test	Run Tests	2026-08-27T06:37:32.6958972Z 
timeout-test	Run Tests	2026-08-27T06:38:44.9756388Z ##[error]The action 'Run Tests' has timed out after 1 minutes.
timeout-test	Post Checkout Repository	﻿2026-08-27T06:38:44.9893473Z Node 20 is being deprecated. This workflow is running with Node 24 by default. If you need to temporarily use Node 20, you can set the ACTIONS_ALLOW_USE_UNSECURE_NODE_VERSION=true environment variable. For more information see: https://github.blog/changelog/2025-09-19-deprecation-of-node-20-on-github-actions-runners/
timeout-test	Post Checkout Repository	2026-08-27T06:38:44.9894945Z Post job cleanup.
timeout-test	Post Checkout Repository	2026-08-27T06:38:45.0741196Z [command]/usr/bin/git version
timeout-test	Post Checkout Repository	2026-08-27T06:38:45.0784454Z git version 2.55.0
timeout-test	Post Checkout Repository	2026-08-27T06:38:45.0829994Z Temporarily overriding HOME='/home/runner/work/_temp/a4b9912b-86b9-468c-9d27-d32249de3722' before making global git config changes
timeout-test	Post Checkout Repository	2026-08-27T06:38:45.0831435Z Adding repository directory to the temporary git global config as a safe directory
timeout-test	Post Checkout Repository	2026-08-27T06:38:45.0836423Z [command]/usr/bin/git config --global --add safe.directory /home/runner/work/dependency-error-repo/dependency-error-repo
timeout-test	Post Checkout Repository	2026-08-27T06:38:45.0877740Z [command]/usr/bin/git config --local --name-only --get-regexp core\.sshCommand
timeout-test	Post Checkout Repository	2026-08-27T06:38:45.0915488Z [command]/usr/bin/git submodule foreach --recursive sh -c "git config --local --name-only --get-regexp 'core\.sshCommand' && git config --local --unset-all 'core.sshCommand' || :"
timeout-test	Post Checkout Repository	2026-08-27T06:38:45.1168236Z [command]/usr/bin/git config --local --name-only --get-regexp http\.https\:\/\/github\.com\/\.extraheader
timeout-test	Post Checkout Repository	2026-08-27T06:38:45.1196475Z http.https://github.com/.extraheader
timeout-test	Post Checkout Repository	2026-08-27T06:38:45.1224808Z [command]/usr/bin/git config --local --unset-all http.https://github.com/.extraheader
timeout-test	Post Checkout Repository	2026-08-27T06:38:45.1260533Z [command]/usr/bin/git submodule foreach --recursive sh -c "git config --local --name-only --get-regexp 'http\.https\:\/\/github\.com\/\.extraheader' && git config --local --unset-all 'http.https://github.com/.extraheader' || :"
timeout-test	Post Checkout Repository	2026-08-27T06:38:45.1513948Z [command]/usr/bin/git config --local --name-only --get-regexp ^includeIf\.gitdir:
timeout-test	Post Checkout Repository	2026-08-27T06:38:45.1558418Z [command]/usr/bin/git submodule foreach --recursive git config --local --show-origin --name-only --get-regexp remote.origin.url
timeout-test	Complete job	﻿2026-08-27T06:38:45.1938966Z Cleaning up orphan processes
timeout-test	Complete job	2026-08-27T06:38:45.2357112Z Terminate orphan process: pid (2369) (pytest)
timeout-test	Complete job	2026-08-27T06:38:45.2367418Z ##[warning]Node.js 20 is deprecated. The following actions target Node.js 20 but are being forced to run on Node.js 24: actions/checkout@v4, actions/setup-python@v5. For more information see: https://github.blog/changelog/2025-09-19-deprecation-of-node-20-on-github-actions-runners/