timeout-test	Set up job	﻿2026-08-27T05:08:35.2162441Z Current runner version: '2.336.0'
timeout-test	Set up job	2026-08-27T05:08:35.2184059Z ##[group]Runner Image Provisioner
timeout-test	Set up job	2026-08-27T05:08:35.2184938Z Hosted Compute Agent
timeout-test	Set up job	2026-08-27T05:08:35.2185555Z Version: 20260729.566
timeout-test	Set up job	2026-08-27T05:08:35.2186159Z Commit: cf7153fe6e25b664e8693c24944bf2b00355d109
timeout-test	Set up job	2026-08-27T05:08:35.2186832Z Build Date: 2026-07-29T19:17:02Z
timeout-test	Set up job	2026-08-27T05:08:35.2187548Z Worker ID: {e7af58e5-f2a6-44e8-ad2c-c633e1c5e93a}
timeout-test	Set up job	2026-08-27T05:08:35.2188275Z Azure Region: westcentralus
timeout-test	Set up job	2026-08-27T05:08:35.2189092Z ##[endgroup]
timeout-test	Set up job	2026-08-27T05:08:35.2190449Z ##[group]Operating System
timeout-test	Set up job	2026-08-27T05:08:35.2191028Z Ubuntu
timeout-test	Set up job	2026-08-27T05:08:35.2191589Z 24.04.4
timeout-test	Set up job	2026-08-27T05:08:35.2192075Z LTS
timeout-test	Set up job	2026-08-27T05:08:35.2192571Z ##[endgroup]
timeout-test	Set up job	2026-08-27T05:08:35.2193099Z ##[group]Runner Image
timeout-test	Set up job	2026-08-27T05:08:35.2193662Z Image: ubuntu-24.04
timeout-test	Set up job	2026-08-27T05:08:35.2194265Z Version: 20260816.277.1
timeout-test	Set up job	2026-08-27T05:08:35.2195256Z Included Software: https://github.com/actions/runner-images/blob/ubuntu24/20260816.277/images/ubuntu/Ubuntu2404-Readme.md
timeout-test	Set up job	2026-08-27T05:08:35.2196853Z Image Release: https://github.com/actions/runner-images/releases/tag/ubuntu24%2F20260816.277
timeout-test	Set up job	2026-08-27T05:08:35.2198146Z ##[endgroup]
timeout-test	Set up job	2026-08-27T05:08:35.2199458Z ##[group]GITHUB_TOKEN Permissions
timeout-test	Set up job	2026-08-27T05:08:35.2201651Z Contents: read
timeout-test	Set up job	2026-08-27T05:08:35.2202209Z Metadata: read
timeout-test	Set up job	2026-08-27T05:08:35.2202720Z Packages: read
timeout-test	Set up job	2026-08-27T05:08:35.2203298Z ##[endgroup]
timeout-test	Set up job	2026-08-27T05:08:35.2205409Z Secret source: Actions
timeout-test	Set up job	2026-08-27T05:08:35.2206438Z Prepare workflow directory
timeout-test	Set up job	2026-08-27T05:08:35.2493365Z Prepare all required actions
timeout-test	Set up job	2026-08-27T05:08:35.2539112Z Getting action download info
timeout-test	Set up job	2026-08-27T05:08:35.5657237Z Download action repository 'actions/checkout@v4' (SHA:11d5960a326750d5838078e36cf38b85af677262)
timeout-test	Set up job	2026-08-27T05:08:35.6640033Z Download action repository 'actions/setup-python@v5' (SHA:a26af69be951a213d495a4c3e4e4022e16d87065)
timeout-test	Set up job	2026-08-27T05:08:35.8271292Z Complete job name: timeout-test
timeout-test	Checkout Repository	﻿2026-08-27T05:08:35.8897254Z Node 20 is being deprecated. This workflow is running with Node 24 by default. If you need to temporarily use Node 20, you can set the ACTIONS_ALLOW_USE_UNSECURE_NODE_VERSION=true environment variable. For more information see: https://github.blog/changelog/2025-09-19-deprecation-of-node-20-on-github-actions-runners/
timeout-test	Checkout Repository	2026-08-27T05:08:35.8905786Z ##[group]Run actions/checkout@v4
timeout-test	Checkout Repository	2026-08-27T05:08:35.8906534Z with:
timeout-test	Checkout Repository	2026-08-27T05:08:35.8907174Z   repository: DhruvHegde/dependency-error-repo
timeout-test	Checkout Repository	2026-08-27T05:08:35.8910985Z   token: ***
timeout-test	Checkout Repository	2026-08-27T05:08:35.8911542Z   ssh-strict: true
timeout-test	Checkout Repository	2026-08-27T05:08:35.8912057Z   ssh-user: git
timeout-test	Checkout Repository	2026-08-27T05:08:35.8912561Z   persist-credentials: true
timeout-test	Checkout Repository	2026-08-27T05:08:35.8913349Z   clean: true
timeout-test	Checkout Repository	2026-08-27T05:08:35.8913856Z   sparse-checkout-cone-mode: true
timeout-test	Checkout Repository	2026-08-27T05:08:35.8914413Z   fetch-depth: 1
timeout-test	Checkout Repository	2026-08-27T05:08:35.8914932Z   fetch-tags: false
timeout-test	Checkout Repository	2026-08-27T05:08:35.8915435Z   show-progress: true
timeout-test	Checkout Repository	2026-08-27T05:08:35.8915964Z   lfs: false
timeout-test	Checkout Repository	2026-08-27T05:08:35.8916455Z   submodules: false
timeout-test	Checkout Repository	2026-08-27T05:08:35.8917066Z   set-safe-directory: true
timeout-test	Checkout Repository	2026-08-27T05:08:35.8917644Z   allow-unsafe-pr-checkout: false
timeout-test	Checkout Repository	2026-08-27T05:08:35.8918394Z ##[endgroup]
timeout-test	Checkout Repository	2026-08-27T05:08:35.9883963Z Syncing repository: DhruvHegde/dependency-error-repo
timeout-test	Checkout Repository	2026-08-27T05:08:35.9886636Z ##[group]Getting Git version info
timeout-test	Checkout Repository	2026-08-27T05:08:35.9888041Z Working directory is '/home/runner/work/dependency-error-repo/dependency-error-repo'
timeout-test	Checkout Repository	2026-08-27T05:08:35.9890104Z [command]/usr/bin/git version
timeout-test	Checkout Repository	2026-08-27T05:08:35.9908229Z git version 2.55.0
timeout-test	Checkout Repository	2026-08-27T05:08:35.9927301Z ##[endgroup]
timeout-test	Checkout Repository	2026-08-27T05:08:35.9938709Z Temporarily overriding HOME='/home/runner/work/_temp/ce020bc7-be41-45a7-a603-dfd391a699b0' before making global git config changes
timeout-test	Checkout Repository	2026-08-27T05:08:35.9941156Z Adding repository directory to the temporary git global config as a safe directory
timeout-test	Checkout Repository	2026-08-27T05:08:35.9943620Z [command]/usr/bin/git config --global --add safe.directory /home/runner/work/dependency-error-repo/dependency-error-repo
timeout-test	Checkout Repository	2026-08-27T05:08:35.9985303Z Deleting the contents of '/home/runner/work/dependency-error-repo/dependency-error-repo'
timeout-test	Checkout Repository	2026-08-27T05:08:35.9991051Z ##[group]Initializing the repository
timeout-test	Checkout Repository	2026-08-27T05:08:36.0008667Z [command]/usr/bin/git init /home/runner/work/dependency-error-repo/dependency-error-repo
timeout-test	Checkout Repository	2026-08-27T05:08:36.0092145Z hint: Using 'master' as the name for the initial branch. This default branch name
timeout-test	Checkout Repository	2026-08-27T05:08:36.0093696Z hint: will change to "main" in Git 3.0. To configure the initial branch name
timeout-test	Checkout Repository	2026-08-27T05:08:36.0095331Z hint: to use in all of your new repositories, which will suppress this warning,
timeout-test	Checkout Repository	2026-08-27T05:08:36.0096446Z hint: call:
timeout-test	Checkout Repository	2026-08-27T05:08:36.0097081Z hint:
timeout-test	Checkout Repository	2026-08-27T05:08:36.0097922Z hint: 	git config --global init.defaultBranch <name>
timeout-test	Checkout Repository	2026-08-27T05:08:36.0098999Z hint:
timeout-test	Checkout Repository	2026-08-27T05:08:36.0099935Z hint: Names commonly chosen instead of 'master' are 'main', 'trunk' and
timeout-test	Checkout Repository	2026-08-27T05:08:36.0101292Z hint: 'development'. The just-created branch can be renamed via this command:
timeout-test	Checkout Repository	2026-08-27T05:08:36.0102401Z hint:
timeout-test	Checkout Repository	2026-08-27T05:08:36.0103102Z hint: 	git branch -m <name>
timeout-test	Checkout Repository	2026-08-27T05:08:36.0103840Z hint:
timeout-test	Checkout Repository	2026-08-27T05:08:36.0104748Z hint: Disable this message with "git config set advice.defaultBranchName false"
timeout-test	Checkout Repository	2026-08-27T05:08:36.0110546Z Initialized empty Git repository in /home/runner/work/dependency-error-repo/dependency-error-repo/.git/
timeout-test	Checkout Repository	2026-08-27T05:08:36.0117901Z [command]/usr/bin/git remote add origin https://github.com/DhruvHegde/dependency-error-repo
timeout-test	Checkout Repository	2026-08-27T05:08:36.0156039Z ##[endgroup]
timeout-test	Checkout Repository	2026-08-27T05:08:36.0157488Z ##[group]Disabling automatic garbage collection
timeout-test	Checkout Repository	2026-08-27T05:08:36.0160677Z [command]/usr/bin/git config --local gc.auto 0
timeout-test	Checkout Repository	2026-08-27T05:08:36.0185615Z ##[endgroup]
timeout-test	Checkout Repository	2026-08-27T05:08:36.0186762Z ##[group]Setting up auth
timeout-test	Checkout Repository	2026-08-27T05:08:36.0192334Z [command]/usr/bin/git config --local --name-only --get-regexp core\.sshCommand
timeout-test	Checkout Repository	2026-08-27T05:08:36.0220831Z [command]/usr/bin/git submodule foreach --recursive sh -c "git config --local --name-only --get-regexp 'core\.sshCommand' && git config --local --unset-all 'core.sshCommand' || :"
timeout-test	Checkout Repository	2026-08-27T05:08:36.0534594Z [command]/usr/bin/git config --local --name-only --get-regexp http\.https\:\/\/github\.com\/\.extraheader
timeout-test	Checkout Repository	2026-08-27T05:08:36.0567045Z [command]/usr/bin/git submodule foreach --recursive sh -c "git config --local --name-only --get-regexp 'http\.https\:\/\/github\.com\/\.extraheader' && git config --local --unset-all 'http.https://github.com/.extraheader' || :"
timeout-test	Checkout Repository	2026-08-27T05:08:36.0761944Z [command]/usr/bin/git config --local --name-only --get-regexp ^includeIf\.gitdir:
timeout-test	Checkout Repository	2026-08-27T05:08:36.0792239Z [command]/usr/bin/git submodule foreach --recursive git config --local --show-origin --name-only --get-regexp remote.origin.url
timeout-test	Checkout Repository	2026-08-27T05:08:36.1002844Z [command]/usr/bin/git config --local http.https://github.com/.extraheader AUTHORIZATION: basic ***
timeout-test	Checkout Repository	2026-08-27T05:08:36.1091010Z ##[endgroup]
timeout-test	Checkout Repository	2026-08-27T05:08:36.1092066Z ##[group]Fetching the repository
timeout-test	Checkout Repository	2026-08-27T05:08:36.1099865Z [command]/usr/bin/git -c protocol.version=2 fetch --no-tags --prune --no-recurse-submodules --depth=1 origin +451780cd9099f6521eeae0c1d3642a2022594326:refs/remotes/origin/feature/timeout-errors
timeout-test	Checkout Repository	2026-08-27T05:08:36.5356700Z From https://github.com/DhruvHegde/dependency-error-repo
timeout-test	Checkout Repository	2026-08-27T05:08:36.5358319Z  * [new ref]         451780cd9099f6521eeae0c1d3642a2022594326 -> origin/feature/timeout-errors
timeout-test	Checkout Repository	2026-08-27T05:08:36.5361186Z ##[endgroup]
timeout-test	Checkout Repository	2026-08-27T05:08:36.5362419Z ##[group]Determining the checkout info
timeout-test	Checkout Repository	2026-08-27T05:08:36.5363823Z ##[endgroup]
timeout-test	Checkout Repository	2026-08-27T05:08:36.5367927Z [command]/usr/bin/git sparse-checkout disable
timeout-test	Checkout Repository	2026-08-27T05:08:36.5408397Z [command]/usr/bin/git config --local --unset-all extensions.worktreeConfig
timeout-test	Checkout Repository	2026-08-27T05:08:36.5433986Z ##[group]Checking out the ref
timeout-test	Checkout Repository	2026-08-27T05:08:36.5437128Z [command]/usr/bin/git checkout --progress --force -B feature/timeout-errors refs/remotes/origin/feature/timeout-errors
timeout-test	Checkout Repository	2026-08-27T05:08:36.5501645Z Switched to a new branch 'feature/timeout-errors'
timeout-test	Checkout Repository	2026-08-27T05:08:36.5506379Z branch 'feature/timeout-errors' set up to track 'origin/feature/timeout-errors'.
timeout-test	Checkout Repository	2026-08-27T05:08:36.5512060Z ##[endgroup]
timeout-test	Checkout Repository	2026-08-27T05:08:36.5547638Z [command]/usr/bin/git log -1 --format=%H
timeout-test	Checkout Repository	2026-08-27T05:08:36.5571391Z 451780cd9099f6521eeae0c1d3642a2022594326
timeout-test	Setup Python	﻿2026-08-27T05:08:36.5821445Z Node 20 is being deprecated. This workflow is running with Node 24 by default. If you need to temporarily use Node 20, you can set the ACTIONS_ALLOW_USE_UNSECURE_NODE_VERSION=true environment variable. For more information see: https://github.blog/changelog/2025-09-19-deprecation-of-node-20-on-github-actions-runners/
timeout-test	Setup Python	2026-08-27T05:08:36.5823983Z ##[group]Run actions/setup-python@v5
timeout-test	Setup Python	2026-08-27T05:08:36.5824602Z with:
timeout-test	Setup Python	2026-08-27T05:08:36.5825069Z   python-version: 3.11
timeout-test	Setup Python	2026-08-27T05:08:36.5825563Z   check-latest: false
timeout-test	Setup Python	2026-08-27T05:08:36.5829296Z   token: ***
timeout-test	Setup Python	2026-08-27T05:08:36.5829831Z   update-environment: true
timeout-test	Setup Python	2026-08-27T05:08:36.5830408Z   allow-prereleases: false
timeout-test	Setup Python	2026-08-27T05:08:36.5830931Z   freethreaded: false
timeout-test	Setup Python	2026-08-27T05:08:36.5831405Z ##[endgroup]
timeout-test	Setup Python	2026-08-27T05:08:36.7065204Z ##[group]Installed versions
timeout-test	Setup Python	2026-08-27T05:08:36.7151582Z (node:2294) [DEP0040] DeprecationWarning: The `punycode` module is deprecated. Please use a userland alternative instead.
timeout-test	Setup Python	2026-08-27T05:08:36.7153296Z (Use `node --trace-deprecation ...` to show where the warning was created)
timeout-test	Setup Python	2026-08-27T05:08:36.7154604Z Successfully set up CPython (3.11.16)
timeout-test	Setup Python	2026-08-27T05:08:36.7155719Z ##[endgroup]
timeout-test	Install Test Dependencies	﻿2026-08-27T05:08:36.7322831Z ##[group]Run python -m pip install --upgrade pip
timeout-test	Install Test Dependencies	2026-08-27T05:08:36.7323713Z ^[[36;1mpython -m pip install --upgrade pip^[[0m
timeout-test	Install Test Dependencies	2026-08-27T05:08:36.7324345Z ^[[36;1mpip install pytest^[[0m
timeout-test	Install Test Dependencies	2026-08-27T05:08:36.7364303Z shell: /usr/bin/bash -e {0}
timeout-test	Install Test Dependencies	2026-08-27T05:08:36.7364925Z env:
timeout-test	Install Test Dependencies	2026-08-27T05:08:36.7365638Z   pythonLocation: /opt/hostedtoolcache/Python/3.11.16/x64
timeout-test	Install Test Dependencies	2026-08-27T05:08:36.7366495Z   PKG_CONFIG_PATH: /opt/hostedtoolcache/Python/3.11.16/x64/lib/pkgconfig
timeout-test	Install Test Dependencies	2026-08-27T05:08:36.7367344Z   Python_ROOT_DIR: /opt/hostedtoolcache/Python/3.11.16/x64
timeout-test	Install Test Dependencies	2026-08-27T05:08:36.7368113Z   Python2_ROOT_DIR: /opt/hostedtoolcache/Python/3.11.16/x64
timeout-test	Install Test Dependencies	2026-08-27T05:08:36.7369107Z   Python3_ROOT_DIR: /opt/hostedtoolcache/Python/3.11.16/x64
timeout-test	Install Test Dependencies	2026-08-27T05:08:36.7369966Z   LD_LIBRARY_PATH: /opt/hostedtoolcache/Python/3.11.16/x64/lib
timeout-test	Install Test Dependencies	2026-08-27T05:08:36.7370678Z ##[endgroup]
timeout-test	Install Test Dependencies	2026-08-27T05:08:37.3177589Z Requirement already satisfied: pip in /opt/hostedtoolcache/Python/3.11.16/x64/lib/python3.11/site-packages (26.2.1)
timeout-test	Install Test Dependencies	2026-08-27T05:08:37.9421206Z Collecting pytest
timeout-test	Install Test Dependencies	2026-08-27T05:08:38.0400281Z   Downloading pytest-9.1.1-py3-none-any.whl.metadata (7.6 kB)
timeout-test	Install Test Dependencies	2026-08-27T05:08:38.0677133Z Collecting iniconfig>=1.0.1 (from pytest)
timeout-test	Install Test Dependencies	2026-08-27T05:08:38.0865160Z   Downloading iniconfig-2.3.0-py3-none-any.whl.metadata (2.5 kB)
timeout-test	Install Test Dependencies	2026-08-27T05:08:38.1165807Z Collecting packaging>=22 (from pytest)
timeout-test	Install Test Dependencies	2026-08-27T05:08:38.1354444Z   Downloading packaging-26.3-py3-none-any.whl.metadata (3.5 kB)
timeout-test	Install Test Dependencies	2026-08-27T05:08:38.1644709Z Collecting pluggy<2,>=1.5 (from pytest)
timeout-test	Install Test Dependencies	2026-08-27T05:08:38.1830807Z   Downloading pluggy-1.6.0-py3-none-any.whl.metadata (4.8 kB)
timeout-test	Install Test Dependencies	2026-08-27T05:08:38.2166524Z Collecting pygments>=2.7.2 (from pytest)
timeout-test	Install Test Dependencies	2026-08-27T05:08:38.2352568Z   Downloading pygments-2.21.0-py3-none-any.whl.metadata (2.5 kB)
timeout-test	Install Test Dependencies	2026-08-27T05:08:38.2583381Z Downloading pytest-9.1.1-py3-none-any.whl (386 kB)
timeout-test	Install Test Dependencies	2026-08-27T05:08:38.3468942Z Downloading pluggy-1.6.0-py3-none-any.whl (20 kB)
timeout-test	Install Test Dependencies	2026-08-27T05:08:38.3679078Z Downloading iniconfig-2.3.0-py3-none-any.whl (7.5 kB)
timeout-test	Install Test Dependencies	2026-08-27T05:08:38.3886899Z Downloading packaging-26.3-py3-none-any.whl (129 kB)
timeout-test	Install Test Dependencies	2026-08-27T05:08:38.4118164Z Downloading pygments-2.21.0-py3-none-any.whl (1.3 MB)
timeout-test	Install Test Dependencies	2026-08-27T05:08:38.4619475Z    ━━━━━━━━━━━━━━━━━━━━━━━━━━━━━━━━━━━━━━━━ 1.3/1.3 MB 22.9 MB/s  0:00:00
timeout-test	Install Test Dependencies	2026-08-27T05:08:38.5043431Z Installing collected packages: pygments, pluggy, packaging, iniconfig, pytest
timeout-test	Install Test Dependencies	2026-08-27T05:08:39.2665767Z 
timeout-test	Install Test Dependencies	2026-08-27T05:08:39.2675176Z Successfully installed iniconfig-2.3.0 packaging-26.3 pluggy-1.6.0 pygments-2.21.0 pytest-9.1.1
timeout-test	Run Tests	﻿2026-08-27T05:08:39.3215201Z ##[group]Run pytest test_app.py
timeout-test	Run Tests	2026-08-27T05:08:39.3215687Z ^[[36;1mpytest test_app.py^[[0m
timeout-test	Run Tests	2026-08-27T05:08:39.3241178Z shell: /usr/bin/bash -e {0}
timeout-test	Run Tests	2026-08-27T05:08:39.3241633Z env:
timeout-test	Run Tests	2026-08-27T05:08:39.3242056Z   pythonLocation: /opt/hostedtoolcache/Python/3.11.16/x64
timeout-test	Run Tests	2026-08-27T05:08:39.3242614Z   PKG_CONFIG_PATH: /opt/hostedtoolcache/Python/3.11.16/x64/lib/pkgconfig
timeout-test	Run Tests	2026-08-27T05:08:39.3243202Z   Python_ROOT_DIR: /opt/hostedtoolcache/Python/3.11.16/x64
timeout-test	Run Tests	2026-08-27T05:08:39.3243754Z   Python2_ROOT_DIR: /opt/hostedtoolcache/Python/3.11.16/x64
timeout-test	Run Tests	2026-08-27T05:08:39.3244250Z   Python3_ROOT_DIR: /opt/hostedtoolcache/Python/3.11.16/x64
timeout-test	Run Tests	2026-08-27T05:08:39.3244786Z   LD_LIBRARY_PATH: /opt/hostedtoolcache/Python/3.11.16/x64/lib
timeout-test	Run Tests	2026-08-27T05:08:39.3245238Z ##[endgroup]
timeout-test	Run Tests	2026-08-27T05:08:39.5302171Z ============================= test session starts ==============================
timeout-test	Run Tests	2026-08-27T05:08:39.5303727Z platform linux -- Python 3.11.16, pytest-9.1.1, pluggy-1.6.0
timeout-test	Run Tests	2026-08-27T05:08:39.5305049Z rootdir: /home/runner/work/dependency-error-repo/dependency-error-repo
timeout-test	Run Tests	2026-08-27T05:08:39.5306351Z collected 1 item
timeout-test	Run Tests	2026-08-27T05:08:39.5306960Z 
timeout-test	Run Tests	2026-08-27T05:09:51.8276542Z ##[error]The action 'Run Tests' has timed out after 1 minutes.
timeout-test	Post Checkout Repository	﻿2026-08-27T05:09:51.8412837Z Node 20 is being deprecated. This workflow is running with Node 24 by default. If you need to temporarily use Node 20, you can set the ACTIONS_ALLOW_USE_UNSECURE_NODE_VERSION=true environment variable. For more information see: https://github.blog/changelog/2025-09-19-deprecation-of-node-20-on-github-actions-runners/
timeout-test	Post Checkout Repository	2026-08-27T05:09:51.8414035Z Post job cleanup.
timeout-test	Post Checkout Repository	2026-08-27T05:09:51.9254692Z [command]/usr/bin/git version
timeout-test	Post Checkout Repository	2026-08-27T05:09:51.9295693Z git version 2.55.0
timeout-test	Post Checkout Repository	2026-08-27T05:09:51.9335064Z Temporarily overriding HOME='/home/runner/work/_temp/972f8e1b-6e2a-4497-ab34-bb0ec46770b8' before making global git config changes
timeout-test	Post Checkout Repository	2026-08-27T05:09:51.9336343Z Adding repository directory to the temporary git global config as a safe directory
timeout-test	Post Checkout Repository	2026-08-27T05:09:51.9341561Z [command]/usr/bin/git config --global --add safe.directory /home/runner/work/dependency-error-repo/dependency-error-repo
timeout-test	Post Checkout Repository	2026-08-27T05:09:51.9379217Z [command]/usr/bin/git config --local --name-only --get-regexp core\.sshCommand
timeout-test	Post Checkout Repository	2026-08-27T05:09:51.9410932Z [command]/usr/bin/git submodule foreach --recursive sh -c "git config --local --name-only --get-regexp 'core\.sshCommand' && git config --local --unset-all 'core.sshCommand' || :"
timeout-test	Post Checkout Repository	2026-08-27T05:09:51.9617103Z [command]/usr/bin/git config --local --name-only --get-regexp http\.https\:\/\/github\.com\/\.extraheader
timeout-test	Post Checkout Repository	2026-08-27T05:09:51.9640193Z http.https://github.com/.extraheader
timeout-test	Post Checkout Repository	2026-08-27T05:09:51.9651329Z [command]/usr/bin/git config --local --unset-all http.https://github.com/.extraheader
timeout-test	Post Checkout Repository	2026-08-27T05:09:51.9683338Z [command]/usr/bin/git submodule foreach --recursive sh -c "git config --local --name-only --get-regexp 'http\.https\:\/\/github\.com\/\.extraheader' && git config --local --unset-all 'http.https://github.com/.extraheader' || :"
timeout-test	Post Checkout Repository	2026-08-27T05:09:51.9901208Z [command]/usr/bin/git config --local --name-only --get-regexp ^includeIf\.gitdir:
timeout-test	Post Checkout Repository	2026-08-27T05:09:51.9929779Z [command]/usr/bin/git submodule foreach --recursive git config --local --show-origin --name-only --get-regexp remote.origin.url
timeout-test	Complete job	﻿2026-08-27T05:09:52.0287583Z Cleaning up orphan processes
timeout-test	Complete job	2026-08-27T05:09:52.0550725Z Terminate orphan process: pid (2352) (pytest)
timeout-test	Complete job	2026-08-27T05:09:52.0559146Z ##[warning]Node.js 20 is deprecated. The following actions target Node.js 20 but are being forced to run on Node.js 24: actions/checkout@v4, actions/setup-python@v5. For more information see: https://github.blog/changelog/2025-09-19-deprecation-of-node-20-on-github-actions-runners/