timeout-test	UNKNOWN STEP	﻿2026-08-27T06:23:09.7147553Z Current runner version: '2.336.0'
timeout-test	UNKNOWN STEP	2026-08-27T06:23:09.7171475Z ##[group]Runner Image Provisioner
timeout-test	UNKNOWN STEP	2026-08-27T06:23:09.7172537Z Hosted Compute Agent
timeout-test	UNKNOWN STEP	2026-08-27T06:23:09.7173140Z Version: 20260819.586
timeout-test	UNKNOWN STEP	2026-08-27T06:23:09.7173866Z Commit: 3cc4a88dfa507ef76119ad1bb3eccc6378bb2b76
timeout-test	UNKNOWN STEP	2026-08-27T06:23:09.7174614Z Build Date: 2026-08-18T23:20:18Z
timeout-test	UNKNOWN STEP	2026-08-27T06:23:09.7175302Z Worker ID: {b2cb93a9-37ab-481f-96e4-a03f3603cb50}
timeout-test	UNKNOWN STEP	2026-08-27T06:23:09.7176142Z Azure Region: westus
timeout-test	UNKNOWN STEP	2026-08-27T06:23:09.7176713Z ##[endgroup]
timeout-test	UNKNOWN STEP	2026-08-27T06:23:09.7178239Z ##[group]Operating System
timeout-test	UNKNOWN STEP	2026-08-27T06:23:09.7178909Z Ubuntu
timeout-test	UNKNOWN STEP	2026-08-27T06:23:09.7179441Z 24.04.4
timeout-test	UNKNOWN STEP	2026-08-27T06:23:09.7180084Z LTS
timeout-test	UNKNOWN STEP	2026-08-27T06:23:09.7180595Z ##[endgroup]
timeout-test	UNKNOWN STEP	2026-08-27T06:23:09.7181466Z ##[group]Runner Image
timeout-test	UNKNOWN STEP	2026-08-27T06:23:09.7182105Z Image: ubuntu-24.04
timeout-test	UNKNOWN STEP	2026-08-27T06:23:09.7182674Z Version: 20260823.283.1
timeout-test	UNKNOWN STEP	2026-08-27T06:23:09.7184018Z Included Software: https://github.com/actions/runner-images/blob/ubuntu24/20260823.283/images/ubuntu/Ubuntu2404-Readme.md
timeout-test	UNKNOWN STEP	2026-08-27T06:23:09.7185947Z Image Release: https://github.com/actions/runner-images/releases/tag/ubuntu24%2F20260823.283
timeout-test	UNKNOWN STEP	2026-08-27T06:23:09.7186979Z ##[endgroup]
timeout-test	UNKNOWN STEP	2026-08-27T06:23:09.7188275Z ##[group]GITHUB_TOKEN Permissions
timeout-test	UNKNOWN STEP	2026-08-27T06:23:09.7190386Z Contents: read
timeout-test	UNKNOWN STEP	2026-08-27T06:23:09.7191284Z Metadata: read
timeout-test	UNKNOWN STEP	2026-08-27T06:23:09.7191957Z Packages: read
timeout-test	UNKNOWN STEP	2026-08-27T06:23:09.7192527Z ##[endgroup]
timeout-test	UNKNOWN STEP	2026-08-27T06:23:09.7194922Z Secret source: Actions
timeout-test	UNKNOWN STEP	2026-08-27T06:23:09.7196123Z Prepare workflow directory
timeout-test	UNKNOWN STEP	2026-08-27T06:23:09.7528001Z Prepare all required actions
timeout-test	UNKNOWN STEP	2026-08-27T06:23:09.7578680Z Getting action download info
timeout-test	UNKNOWN STEP	2026-08-27T06:23:10.1013927Z Download action repository 'actions/checkout@v4' (SHA:11d5960a326750d5838078e36cf38b85af677262)
timeout-test	UNKNOWN STEP	2026-08-27T06:23:10.2219265Z Download action repository 'actions/setup-python@v5' (SHA:a26af69be951a213d495a4c3e4e4022e16d87065)
timeout-test	UNKNOWN STEP	2026-08-27T06:23:10.4037297Z Complete job name: timeout-test
timeout-test	UNKNOWN STEP	2026-08-27T06:23:10.4788237Z Node 20 is being deprecated. This workflow is running with Node 24 by default. If you need to temporarily use Node 20, you can set the ACTIONS_ALLOW_USE_UNSECURE_NODE_VERSION=true environment variable. For more information see: https://github.blog/changelog/2025-09-19-deprecation-of-node-20-on-github-actions-runners/
timeout-test	UNKNOWN STEP	2026-08-27T06:23:10.4797088Z ##[group]Run actions/checkout@v4
timeout-test	UNKNOWN STEP	2026-08-27T06:23:10.4797848Z with:
timeout-test	UNKNOWN STEP	2026-08-27T06:23:10.4798356Z   repository: DhruvHegde/dependency-error-repo
timeout-test	UNKNOWN STEP	2026-08-27T06:23:10.4802225Z   token: ***
timeout-test	UNKNOWN STEP	2026-08-27T06:23:10.4802673Z   ssh-strict: true
timeout-test	UNKNOWN STEP	2026-08-27T06:23:10.4803121Z   ssh-user: git
timeout-test	UNKNOWN STEP	2026-08-27T06:23:10.4803576Z   persist-credentials: true
timeout-test	UNKNOWN STEP	2026-08-27T06:23:10.4804066Z   clean: true
timeout-test	UNKNOWN STEP	2026-08-27T06:23:10.4804523Z   sparse-checkout-cone-mode: true
timeout-test	UNKNOWN STEP	2026-08-27T06:23:10.4805054Z   fetch-depth: 1
timeout-test	UNKNOWN STEP	2026-08-27T06:23:10.4805494Z   fetch-tags: false
timeout-test	UNKNOWN STEP	2026-08-27T06:23:10.4805938Z   show-progress: true
timeout-test	UNKNOWN STEP	2026-08-27T06:23:10.4806393Z   lfs: false
timeout-test	UNKNOWN STEP	2026-08-27T06:23:10.4806855Z   submodules: false
timeout-test	UNKNOWN STEP	2026-08-27T06:23:10.4807315Z   set-safe-directory: true
timeout-test	UNKNOWN STEP	2026-08-27T06:23:10.4807835Z   allow-unsafe-pr-checkout: false
timeout-test	UNKNOWN STEP	2026-08-27T06:23:10.4808633Z ##[endgroup]
timeout-test	UNKNOWN STEP	2026-08-27T06:23:10.5815716Z Syncing repository: DhruvHegde/dependency-error-repo
timeout-test	UNKNOWN STEP	2026-08-27T06:23:10.5818375Z ##[group]Getting Git version info
timeout-test	UNKNOWN STEP	2026-08-27T06:23:10.5820257Z Working directory is '/home/runner/work/dependency-error-repo/dependency-error-repo'
timeout-test	UNKNOWN STEP	2026-08-27T06:23:10.5822589Z [command]/usr/bin/git version
timeout-test	UNKNOWN STEP	2026-08-27T06:23:10.5910413Z git version 2.55.0
timeout-test	UNKNOWN STEP	2026-08-27T06:23:10.5939963Z ##[endgroup]
timeout-test	UNKNOWN STEP	2026-08-27T06:23:10.5958104Z Temporarily overriding HOME='/home/runner/work/_temp/b0c4e85d-d0e3-4c5a-a3a8-814e2bf605af' before making global git config changes
timeout-test	UNKNOWN STEP	2026-08-27T06:23:10.5960505Z Adding repository directory to the temporary git global config as a safe directory
timeout-test	UNKNOWN STEP	2026-08-27T06:23:10.5964826Z [command]/usr/bin/git config --global --add safe.directory /home/runner/work/dependency-error-repo/dependency-error-repo
timeout-test	UNKNOWN STEP	2026-08-27T06:23:10.6022307Z Deleting the contents of '/home/runner/work/dependency-error-repo/dependency-error-repo'
timeout-test	UNKNOWN STEP	2026-08-27T06:23:10.6026444Z ##[group]Initializing the repository
timeout-test	UNKNOWN STEP	2026-08-27T06:23:10.6031932Z [command]/usr/bin/git init /home/runner/work/dependency-error-repo/dependency-error-repo
timeout-test	UNKNOWN STEP	2026-08-27T06:23:10.6159349Z hint: Using 'master' as the name for the initial branch. This default branch name
timeout-test	UNKNOWN STEP	2026-08-27T06:23:10.6161140Z hint: will change to "main" in Git 3.0. To configure the initial branch name
timeout-test	UNKNOWN STEP	2026-08-27T06:23:10.6162582Z hint: to use in all of your new repositories, which will suppress this warning,
timeout-test	UNKNOWN STEP	2026-08-27T06:23:10.6163695Z hint: call:
timeout-test	UNKNOWN STEP	2026-08-27T06:23:10.6164518Z hint:
timeout-test	UNKNOWN STEP	2026-08-27T06:23:10.6165537Z hint: 	git config --global init.defaultBranch <name>
timeout-test	UNKNOWN STEP	2026-08-27T06:23:10.6166485Z hint:
timeout-test	UNKNOWN STEP	2026-08-27T06:23:10.6167632Z hint: Names commonly chosen instead of 'master' are 'main', 'trunk' and
timeout-test	UNKNOWN STEP	2026-08-27T06:23:10.6169043Z hint: 'development'. The just-created branch can be renamed via this command:
timeout-test	UNKNOWN STEP	2026-08-27T06:23:10.6170113Z hint:
timeout-test	UNKNOWN STEP	2026-08-27T06:23:10.6171165Z hint: 	git branch -m <name>
timeout-test	UNKNOWN STEP	2026-08-27T06:23:10.6172078Z hint:
timeout-test	UNKNOWN STEP	2026-08-27T06:23:10.6173090Z hint: Disable this message with "git config set advice.defaultBranchName false"
timeout-test	UNKNOWN STEP	2026-08-27T06:23:10.6178830Z Initialized empty Git repository in /home/runner/work/dependency-error-repo/dependency-error-repo/.git/
timeout-test	UNKNOWN STEP	2026-08-27T06:23:10.6188980Z [command]/usr/bin/git remote add origin https://github.com/DhruvHegde/dependency-error-repo
timeout-test	UNKNOWN STEP	2026-08-27T06:23:10.6237648Z ##[endgroup]
timeout-test	UNKNOWN STEP	2026-08-27T06:23:10.6238747Z ##[group]Disabling automatic garbage collection
timeout-test	UNKNOWN STEP	2026-08-27T06:23:10.6242024Z [command]/usr/bin/git config --local gc.auto 0
timeout-test	UNKNOWN STEP	2026-08-27T06:23:10.6274453Z ##[endgroup]
timeout-test	UNKNOWN STEP	2026-08-27T06:23:10.6275495Z ##[group]Setting up auth
timeout-test	UNKNOWN STEP	2026-08-27T06:23:10.6282117Z [command]/usr/bin/git config --local --name-only --get-regexp core\.sshCommand
timeout-test	UNKNOWN STEP	2026-08-27T06:23:10.6323288Z [command]/usr/bin/git submodule foreach --recursive sh -c "git config --local --name-only --get-regexp 'core\.sshCommand' && git config --local --unset-all 'core.sshCommand' || :"
timeout-test	UNKNOWN STEP	2026-08-27T06:23:10.6719586Z [command]/usr/bin/git config --local --name-only --get-regexp http\.https\:\/\/github\.com\/\.extraheader
timeout-test	UNKNOWN STEP	2026-08-27T06:23:10.6754907Z [command]/usr/bin/git submodule foreach --recursive sh -c "git config --local --name-only --get-regexp 'http\.https\:\/\/github\.com\/\.extraheader' && git config --local --unset-all 'http.https://github.com/.extraheader' || :"
timeout-test	UNKNOWN STEP	2026-08-27T06:23:10.6993311Z [command]/usr/bin/git config --local --name-only --get-regexp ^includeIf\.gitdir:
timeout-test	UNKNOWN STEP	2026-08-27T06:23:10.7028743Z [command]/usr/bin/git submodule foreach --recursive git config --local --show-origin --name-only --get-regexp remote.origin.url
timeout-test	UNKNOWN STEP	2026-08-27T06:23:10.7253391Z [command]/usr/bin/git config --local http.https://github.com/.extraheader AUTHORIZATION: basic ***
timeout-test	UNKNOWN STEP	2026-08-27T06:23:10.7292349Z ##[endgroup]
timeout-test	UNKNOWN STEP	2026-08-27T06:23:10.7293676Z ##[group]Fetching the repository
timeout-test	UNKNOWN STEP	2026-08-27T06:23:10.7303409Z [command]/usr/bin/git -c protocol.version=2 fetch --no-tags --prune --no-recurse-submodules --depth=1 origin +aea368d87b75a5664cfc91eb445dce219f8a8334:refs/remotes/origin/feature/timeout-errors
timeout-test	UNKNOWN STEP	2026-08-27T06:23:11.1206323Z From https://github.com/DhruvHegde/dependency-error-repo
timeout-test	UNKNOWN STEP	2026-08-27T06:23:11.1207804Z  * [new ref]         aea368d87b75a5664cfc91eb445dce219f8a8334 -> origin/feature/timeout-errors
timeout-test	UNKNOWN STEP	2026-08-27T06:23:11.1212083Z ##[endgroup]
timeout-test	UNKNOWN STEP	2026-08-27T06:23:11.1213410Z ##[group]Determining the checkout info
timeout-test	UNKNOWN STEP	2026-08-27T06:23:11.1215504Z ##[endgroup]
timeout-test	UNKNOWN STEP	2026-08-27T06:23:11.1221772Z [command]/usr/bin/git sparse-checkout disable
timeout-test	UNKNOWN STEP	2026-08-27T06:23:11.1277196Z [command]/usr/bin/git config --local --unset-all extensions.worktreeConfig
timeout-test	UNKNOWN STEP	2026-08-27T06:23:11.1308382Z ##[group]Checking out the ref
timeout-test	UNKNOWN STEP	2026-08-27T06:23:11.1315276Z [command]/usr/bin/git checkout --progress --force -B feature/timeout-errors refs/remotes/origin/feature/timeout-errors
timeout-test	UNKNOWN STEP	2026-08-27T06:23:11.1388574Z Switched to a new branch 'feature/timeout-errors'
timeout-test	UNKNOWN STEP	2026-08-27T06:23:11.1395432Z branch 'feature/timeout-errors' set up to track 'origin/feature/timeout-errors'.
timeout-test	UNKNOWN STEP	2026-08-27T06:23:11.1399549Z ##[endgroup]
timeout-test	UNKNOWN STEP	2026-08-27T06:23:11.1441325Z [command]/usr/bin/git log -1 --format=%H
timeout-test	UNKNOWN STEP	2026-08-27T06:23:11.1467541Z aea368d87b75a5664cfc91eb445dce219f8a8334
timeout-test	UNKNOWN STEP	2026-08-27T06:23:11.1749624Z Node 20 is being deprecated. This workflow is running with Node 24 by default. If you need to temporarily use Node 20, you can set the ACTIONS_ALLOW_USE_UNSECURE_NODE_VERSION=true environment variable. For more information see: https://github.blog/changelog/2025-09-19-deprecation-of-node-20-on-github-actions-runners/
timeout-test	UNKNOWN STEP	2026-08-27T06:23:11.1752640Z ##[group]Run actions/setup-python@v5
timeout-test	UNKNOWN STEP	2026-08-27T06:23:11.1753196Z with:
timeout-test	UNKNOWN STEP	2026-08-27T06:23:11.1753616Z   python-version: 3.11
timeout-test	UNKNOWN STEP	2026-08-27T06:23:11.1754084Z   check-latest: false
timeout-test	UNKNOWN STEP	2026-08-27T06:23:11.1757545Z   token: ***
timeout-test	UNKNOWN STEP	2026-08-27T06:23:11.1757988Z   update-environment: true
timeout-test	UNKNOWN STEP	2026-08-27T06:23:11.1758504Z   allow-prereleases: false
timeout-test	UNKNOWN STEP	2026-08-27T06:23:11.1758998Z   freethreaded: false
timeout-test	UNKNOWN STEP	2026-08-27T06:23:11.1759452Z ##[endgroup]
timeout-test	UNKNOWN STEP	2026-08-27T06:23:11.3077087Z ##[group]Installed versions
timeout-test	UNKNOWN STEP	2026-08-27T06:23:11.3169555Z (node:2151) [DEP0040] DeprecationWarning: The `punycode` module is deprecated. Please use a userland alternative instead.
timeout-test	UNKNOWN STEP	2026-08-27T06:23:11.3171882Z (Use `node --trace-deprecation ...` to show where the warning was created)
timeout-test	UNKNOWN STEP	2026-08-27T06:23:11.3173431Z Successfully set up CPython (3.11.16)
timeout-test	UNKNOWN STEP	2026-08-27T06:23:11.3175125Z ##[endgroup]
timeout-test	UNKNOWN STEP	2026-08-27T06:23:11.3397645Z ##[group]Run python -m pip install --upgrade pip
timeout-test	UNKNOWN STEP	2026-08-27T06:23:11.3398630Z ^[[36;1mpython -m pip install --upgrade pip^[[0m
timeout-test	UNKNOWN STEP	2026-08-27T06:23:11.3399380Z ^[[36;1mpip install pytest^[[0m
timeout-test	UNKNOWN STEP	2026-08-27T06:23:11.3462424Z shell: /usr/bin/bash -e {0}
timeout-test	UNKNOWN STEP	2026-08-27T06:23:11.3463096Z env:
timeout-test	UNKNOWN STEP	2026-08-27T06:23:11.3463735Z   pythonLocation: /opt/hostedtoolcache/Python/3.11.16/x64
timeout-test	UNKNOWN STEP	2026-08-27T06:23:11.3464805Z   PKG_CONFIG_PATH: /opt/hostedtoolcache/Python/3.11.16/x64/lib/pkgconfig
timeout-test	UNKNOWN STEP	2026-08-27T06:23:11.3465866Z   Python_ROOT_DIR: /opt/hostedtoolcache/Python/3.11.16/x64
timeout-test	UNKNOWN STEP	2026-08-27T06:23:11.3466831Z   Python2_ROOT_DIR: /opt/hostedtoolcache/Python/3.11.16/x64
timeout-test	UNKNOWN STEP	2026-08-27T06:23:11.3467819Z   Python3_ROOT_DIR: /opt/hostedtoolcache/Python/3.11.16/x64
timeout-test	UNKNOWN STEP	2026-08-27T06:23:11.3468815Z   LD_LIBRARY_PATH: /opt/hostedtoolcache/Python/3.11.16/x64/lib
timeout-test	UNKNOWN STEP	2026-08-27T06:23:11.3469601Z ##[endgroup]
timeout-test	UNKNOWN STEP	2026-08-27T06:23:12.0723205Z Requirement already satisfied: pip in /opt/hostedtoolcache/Python/3.11.16/x64/lib/python3.11/site-packages (26.2.1)
timeout-test	UNKNOWN STEP	2026-08-27T06:23:12.6804845Z Collecting pytest
timeout-test	UNKNOWN STEP	2026-08-27T06:23:12.7780071Z   Downloading pytest-9.1.1-py3-none-any.whl.metadata (7.6 kB)
timeout-test	UNKNOWN STEP	2026-08-27T06:23:12.7906567Z Collecting iniconfig>=1.0.1 (from pytest)
timeout-test	UNKNOWN STEP	2026-08-27T06:23:12.8114312Z   Downloading iniconfig-2.3.0-py3-none-any.whl.metadata (2.5 kB)
timeout-test	UNKNOWN STEP	2026-08-27T06:23:12.8259585Z Collecting packaging>=22 (from pytest)
timeout-test	UNKNOWN STEP	2026-08-27T06:23:12.8465311Z   Downloading packaging-26.3-py3-none-any.whl.metadata (3.5 kB)
timeout-test	UNKNOWN STEP	2026-08-27T06:23:12.8590007Z Collecting pluggy<2,>=1.5 (from pytest)
timeout-test	UNKNOWN STEP	2026-08-27T06:23:12.8796388Z   Downloading pluggy-1.6.0-py3-none-any.whl.metadata (4.8 kB)
timeout-test	UNKNOWN STEP	2026-08-27T06:23:12.8978841Z Collecting pygments>=2.7.2 (from pytest)
timeout-test	UNKNOWN STEP	2026-08-27T06:23:12.9186953Z   Downloading pygments-2.21.0-py3-none-any.whl.metadata (2.5 kB)
timeout-test	UNKNOWN STEP	2026-08-27T06:23:12.9439092Z Downloading pytest-9.1.1-py3-none-any.whl (386 kB)
timeout-test	UNKNOWN STEP	2026-08-27T06:23:13.0448214Z Downloading pluggy-1.6.0-py3-none-any.whl (20 kB)
timeout-test	UNKNOWN STEP	2026-08-27T06:23:13.0674864Z Downloading iniconfig-2.3.0-py3-none-any.whl (7.5 kB)
timeout-test	UNKNOWN STEP	2026-08-27T06:23:13.0900236Z Downloading packaging-26.3-py3-none-any.whl (129 kB)
timeout-test	UNKNOWN STEP	2026-08-27T06:23:13.1156135Z Downloading pygments-2.21.0-py3-none-any.whl (1.3 MB)
timeout-test	UNKNOWN STEP	2026-08-27T06:23:13.1766624Z    ━━━━━━━━━━━━━━━━━━━━━━━━━━━━━━━━━━━━━━━━ 1.3/1.3 MB 18.8 MB/s  0:00:00
timeout-test	UNKNOWN STEP	2026-08-27T06:23:13.2241649Z Installing collected packages: pygments, pluggy, packaging, iniconfig, pytest
timeout-test	UNKNOWN STEP	2026-08-27T06:23:14.1534796Z 
timeout-test	UNKNOWN STEP	2026-08-27T06:23:14.1544676Z Successfully installed iniconfig-2.3.0 packaging-26.3 pluggy-1.6.0 pygments-2.21.0 pytest-9.1.1
timeout-test	UNKNOWN STEP	2026-08-27T06:23:14.2034956Z ##[group]Run pytest test_app.py
timeout-test	UNKNOWN STEP	2026-08-27T06:23:14.2035294Z ^[[36;1mpytest test_app.py^[[0m
timeout-test	UNKNOWN STEP	2026-08-27T06:23:14.2075405Z shell: /usr/bin/bash -e {0}
timeout-test	UNKNOWN STEP	2026-08-27T06:23:14.2075670Z env:
timeout-test	UNKNOWN STEP	2026-08-27T06:23:14.2075938Z   pythonLocation: /opt/hostedtoolcache/Python/3.11.16/x64
timeout-test	UNKNOWN STEP	2026-08-27T06:23:14.2076381Z   PKG_CONFIG_PATH: /opt/hostedtoolcache/Python/3.11.16/x64/lib/pkgconfig
timeout-test	UNKNOWN STEP	2026-08-27T06:23:14.2076807Z   Python_ROOT_DIR: /opt/hostedtoolcache/Python/3.11.16/x64
timeout-test	UNKNOWN STEP	2026-08-27T06:23:14.2077190Z   Python2_ROOT_DIR: /opt/hostedtoolcache/Python/3.11.16/x64
timeout-test	UNKNOWN STEP	2026-08-27T06:23:14.2077573Z   Python3_ROOT_DIR: /opt/hostedtoolcache/Python/3.11.16/x64
timeout-test	UNKNOWN STEP	2026-08-27T06:23:14.2077972Z   LD_LIBRARY_PATH: /opt/hostedtoolcache/Python/3.11.16/x64/lib
timeout-test	UNKNOWN STEP	2026-08-27T06:23:14.2078300Z ##[endgroup]
timeout-test	UNKNOWN STEP	2026-08-27T06:23:14.4536413Z ============================= test session starts ==============================
timeout-test	UNKNOWN STEP	2026-08-27T06:23:14.4537757Z platform linux -- Python 3.11.16, pytest-9.1.1, pluggy-1.6.0
timeout-test	UNKNOWN STEP	2026-08-27T06:23:14.4539226Z rootdir: /home/runner/work/dependency-error-repo/dependency-error-repo
timeout-test	UNKNOWN STEP	2026-08-27T06:23:14.4540415Z collected 1 item
timeout-test	UNKNOWN STEP	2026-08-27T06:23:14.4541225Z 
timeout-test	UNKNOWN STEP	2026-08-27T06:24:26.7093403Z ##[error]The action 'Run Tests' has timed out after 1 minutes.
timeout-test	UNKNOWN STEP	2026-08-27T06:24:26.7230288Z Node 20 is being deprecated. This workflow is running with Node 24 by default. If you need to temporarily use Node 20, you can set the ACTIONS_ALLOW_USE_UNSECURE_NODE_VERSION=true environment variable. For more information see: https://github.blog/changelog/2025-09-19-deprecation-of-node-20-on-github-actions-runners/
timeout-test	UNKNOWN STEP	2026-08-27T06:24:26.7231808Z Post job cleanup.
timeout-test	UNKNOWN STEP	2026-08-27T06:24:26.8087791Z [command]/usr/bin/git version
timeout-test	UNKNOWN STEP	2026-08-27T06:24:26.8131410Z git version 2.55.0
timeout-test	UNKNOWN STEP	2026-08-27T06:24:26.8173009Z Temporarily overriding HOME='/home/runner/work/_temp/da170580-80b5-4934-9b56-ca2333e45bee' before making global git config changes
timeout-test	UNKNOWN STEP	2026-08-27T06:24:26.8174533Z Adding repository directory to the temporary git global config as a safe directory
timeout-test	UNKNOWN STEP	2026-08-27T06:24:26.8178474Z [command]/usr/bin/git config --global --add safe.directory /home/runner/work/dependency-error-repo/dependency-error-repo
timeout-test	UNKNOWN STEP	2026-08-27T06:24:26.8218529Z [command]/usr/bin/git config --local --name-only --get-regexp core\.sshCommand
timeout-test	UNKNOWN STEP	2026-08-27T06:24:26.8280114Z [command]/usr/bin/git submodule foreach --recursive sh -c "git config --local --name-only --get-regexp 'core\.sshCommand' && git config --local --unset-all 'core.sshCommand' || :"
timeout-test	UNKNOWN STEP	2026-08-27T06:24:26.8537469Z [command]/usr/bin/git config --local --name-only --get-regexp http\.https\:\/\/github\.com\/\.extraheader
timeout-test	UNKNOWN STEP	2026-08-27T06:24:26.8573375Z http.https://github.com/.extraheader
timeout-test	UNKNOWN STEP	2026-08-27T06:24:26.8587357Z [command]/usr/bin/git config --local --unset-all http.https://github.com/.extraheader
timeout-test	UNKNOWN STEP	2026-08-27T06:24:26.8625214Z [command]/usr/bin/git submodule foreach --recursive sh -c "git config --local --name-only --get-regexp 'http\.https\:\/\/github\.com\/\.extraheader' && git config --local --unset-all 'http.https://github.com/.extraheader' || :"
timeout-test	UNKNOWN STEP	2026-08-27T06:24:26.8880669Z [command]/usr/bin/git config --local --name-only --get-regexp ^includeIf\.gitdir:
timeout-test	UNKNOWN STEP	2026-08-27T06:24:26.8945676Z [command]/usr/bin/git submodule foreach --recursive git config --local --show-origin --name-only --get-regexp remote.origin.url
timeout-test	UNKNOWN STEP	2026-08-27T06:24:26.9357361Z Cleaning up orphan processes
timeout-test	UNKNOWN STEP	2026-08-27T06:24:26.9662955Z Terminate orphan process: pid (2209) (pytest)
timeout-test	UNKNOWN STEP	2026-08-27T06:24:26.9673277Z ##[warning]Node.js 20 is deprecated. The following actions target Node.js 20 but are being forced to run on Node.js 24: actions/checkout@v4, actions/setup-python@v5. For more information see: https://github.blog/changelog/2025-09-19-deprecation-of-node-20-on-github-actions-runners/