timeout-test	Set up job	﻿2026-08-27T04:39:29.3475793Z Current runner version: '2.336.0'
timeout-test	Set up job	2026-08-27T04:39:29.3493912Z ##[group]Runner Image Provisioner
timeout-test	Set up job	2026-08-27T04:39:29.3495054Z Hosted Compute Agent
timeout-test	Set up job	2026-08-27T04:39:29.3495694Z Version: 20260819.586
timeout-test	Set up job	2026-08-27T04:39:29.3496299Z Commit: 3cc4a88dfa507ef76119ad1bb3eccc6378bb2b76
timeout-test	Set up job	2026-08-27T04:39:29.3496908Z Build Date: 2026-08-18T23:20:18Z
timeout-test	Set up job	2026-08-27T04:39:29.3497452Z Worker ID: {943d7842-1547-428a-9586-8134d74ac42b}
timeout-test	Set up job	2026-08-27T04:39:29.3498082Z Azure Region: centralus
timeout-test	Set up job	2026-08-27T04:39:29.3498571Z ##[endgroup]
timeout-test	Set up job	2026-08-27T04:39:29.3499704Z ##[group]Operating System
timeout-test	Set up job	2026-08-27T04:39:29.3500218Z Ubuntu
timeout-test	Set up job	2026-08-27T04:39:29.3500654Z 24.04.4
timeout-test	Set up job	2026-08-27T04:39:29.3501099Z LTS
timeout-test	Set up job	2026-08-27T04:39:29.3501531Z ##[endgroup]
timeout-test	Set up job	2026-08-27T04:39:29.3502013Z ##[group]Runner Image
timeout-test	Set up job	2026-08-27T04:39:29.3502513Z Image: ubuntu-24.04
timeout-test	Set up job	2026-08-27T04:39:29.3502995Z Version: 20260823.283.1
timeout-test	Set up job	2026-08-27T04:39:29.3503861Z Included Software: https://github.com/actions/runner-images/blob/ubuntu24/20260823.283/images/ubuntu/Ubuntu2404-Readme.md
timeout-test	Set up job	2026-08-27T04:39:29.3505595Z Image Release: https://github.com/actions/runner-images/releases/tag/ubuntu24%2F20260823.283
timeout-test	Set up job	2026-08-27T04:39:29.3506412Z ##[endgroup]
timeout-test	Set up job	2026-08-27T04:39:29.3507385Z ##[group]GITHUB_TOKEN Permissions
timeout-test	Set up job	2026-08-27T04:39:29.3509249Z Contents: read
timeout-test	Set up job	2026-08-27T04:39:29.3509747Z Metadata: read
timeout-test	Set up job	2026-08-27T04:39:29.3510227Z Packages: read
timeout-test	Set up job	2026-08-27T04:39:29.3510744Z ##[endgroup]
timeout-test	Set up job	2026-08-27T04:39:29.3512577Z Secret source: Actions
timeout-test	Set up job	2026-08-27T04:39:29.3513475Z Prepare workflow directory
timeout-test	Set up job	2026-08-27T04:39:29.3780317Z Prepare all required actions
timeout-test	Set up job	2026-08-27T04:39:29.3819961Z Getting action download info
timeout-test	Set up job	2026-08-27T04:39:29.5917622Z Download action repository 'actions/checkout@v4' (SHA:11d5960a326750d5838078e36cf38b85af677262)
timeout-test	Set up job	2026-08-27T04:39:29.8757709Z Download action repository 'actions/setup-python@v5' (SHA:a26af69be951a213d495a4c3e4e4022e16d87065)
timeout-test	Set up job	2026-08-27T04:39:30.2200008Z Complete job name: timeout-test
timeout-test	Checkout Repository	﻿2026-08-27T04:39:30.2776400Z Node 20 is being deprecated. This workflow is running with Node 24 by default. If you need to temporarily use Node 20, you can set the ACTIONS_ALLOW_USE_UNSECURE_NODE_VERSION=true environment variable. For more information see: https://github.blog/changelog/2025-09-19-deprecation-of-node-20-on-github-actions-runners/
timeout-test	Checkout Repository	2026-08-27T04:39:30.2783894Z ##[group]Run actions/checkout@v4
timeout-test	Checkout Repository	2026-08-27T04:39:30.2784649Z with:
timeout-test	Checkout Repository	2026-08-27T04:39:30.2785225Z   repository: DhruvHegde/dependency-error-repo
timeout-test	Checkout Repository	2026-08-27T04:39:30.2789198Z   token: ***
timeout-test	Checkout Repository	2026-08-27T04:39:30.2789709Z   ssh-strict: true
timeout-test	Checkout Repository	2026-08-27T04:39:30.2790212Z   ssh-user: git
timeout-test	Checkout Repository	2026-08-27T04:39:30.2790732Z   persist-credentials: true
timeout-test	Checkout Repository	2026-08-27T04:39:30.2791305Z   clean: true
timeout-test	Checkout Repository	2026-08-27T04:39:30.2791830Z   sparse-checkout-cone-mode: true
timeout-test	Checkout Repository	2026-08-27T04:39:30.2792401Z   fetch-depth: 1
timeout-test	Checkout Repository	2026-08-27T04:39:30.2792883Z   fetch-tags: false
timeout-test	Checkout Repository	2026-08-27T04:39:30.2793411Z   show-progress: true
timeout-test	Checkout Repository	2026-08-27T04:39:30.2793949Z   lfs: false
timeout-test	Checkout Repository	2026-08-27T04:39:30.2794464Z   submodules: false
timeout-test	Checkout Repository	2026-08-27T04:39:30.2795048Z   set-safe-directory: true
timeout-test	Checkout Repository	2026-08-27T04:39:30.2795808Z   allow-unsafe-pr-checkout: false
timeout-test	Checkout Repository	2026-08-27T04:39:30.2796606Z ##[endgroup]
timeout-test	Checkout Repository	2026-08-27T04:39:30.3679376Z Syncing repository: DhruvHegde/dependency-error-repo
timeout-test	Checkout Repository	2026-08-27T04:39:30.3682153Z ##[group]Getting Git version info
timeout-test	Checkout Repository	2026-08-27T04:39:30.3683927Z Working directory is '/home/runner/work/dependency-error-repo/dependency-error-repo'
timeout-test	Checkout Repository	2026-08-27T04:39:30.3697939Z [command]/usr/bin/git version
timeout-test	Checkout Repository	2026-08-27T04:39:30.3781818Z git version 2.55.0
timeout-test	Checkout Repository	2026-08-27T04:39:30.3798328Z ##[endgroup]
timeout-test	Checkout Repository	2026-08-27T04:39:30.3812002Z Temporarily overriding HOME='/home/runner/work/_temp/5bbbc364-884e-4278-8d59-6ec3c1fa8b1a' before making global git config changes
timeout-test	Checkout Repository	2026-08-27T04:39:30.3814542Z Adding repository directory to the temporary git global config as a safe directory
timeout-test	Checkout Repository	2026-08-27T04:39:30.3817239Z [command]/usr/bin/git config --global --add safe.directory /home/runner/work/dependency-error-repo/dependency-error-repo
timeout-test	Checkout Repository	2026-08-27T04:39:30.3852662Z Deleting the contents of '/home/runner/work/dependency-error-repo/dependency-error-repo'
timeout-test	Checkout Repository	2026-08-27T04:39:30.3859097Z ##[group]Initializing the repository
timeout-test	Checkout Repository	2026-08-27T04:39:30.3862300Z [command]/usr/bin/git init /home/runner/work/dependency-error-repo/dependency-error-repo
timeout-test	Checkout Repository	2026-08-27T04:39:30.3936841Z hint: Using 'master' as the name for the initial branch. This default branch name
timeout-test	Checkout Repository	2026-08-27T04:39:30.3939762Z hint: will change to "main" in Git 3.0. To configure the initial branch name
timeout-test	Checkout Repository	2026-08-27T04:39:30.3941421Z hint: to use in all of your new repositories, which will suppress this warning,
timeout-test	Checkout Repository	2026-08-27T04:39:30.3942775Z hint: call:
timeout-test	Checkout Repository	2026-08-27T04:39:30.3943529Z hint:
timeout-test	Checkout Repository	2026-08-27T04:39:30.3944579Z hint: 	git config --global init.defaultBranch <name>
timeout-test	Checkout Repository	2026-08-27T04:39:30.3945802Z hint:
timeout-test	Checkout Repository	2026-08-27T04:39:30.3946871Z hint: Names commonly chosen instead of 'master' are 'main', 'trunk' and
timeout-test	Checkout Repository	2026-08-27T04:39:30.3948476Z hint: 'development'. The just-created branch can be renamed via this command:
timeout-test	Checkout Repository	2026-08-27T04:39:30.3951462Z hint:
timeout-test	Checkout Repository	2026-08-27T04:39:30.3952490Z hint: 	git branch -m <name>
timeout-test	Checkout Repository	2026-08-27T04:39:30.3953604Z hint:
timeout-test	Checkout Repository	2026-08-27T04:39:30.3954650Z hint: Disable this message with "git config set advice.defaultBranchName false"
timeout-test	Checkout Repository	2026-08-27T04:39:30.3956994Z Initialized empty Git repository in /home/runner/work/dependency-error-repo/dependency-error-repo/.git/
timeout-test	Checkout Repository	2026-08-27T04:39:30.3960077Z [command]/usr/bin/git remote add origin https://github.com/DhruvHegde/dependency-error-repo
timeout-test	Checkout Repository	2026-08-27T04:39:30.3981253Z ##[endgroup]
timeout-test	Checkout Repository	2026-08-27T04:39:30.3982858Z ##[group]Disabling automatic garbage collection
timeout-test	Checkout Repository	2026-08-27T04:39:30.3984313Z [command]/usr/bin/git config --local gc.auto 0
timeout-test	Checkout Repository	2026-08-27T04:39:30.4006874Z ##[endgroup]
timeout-test	Checkout Repository	2026-08-27T04:39:30.4008384Z ##[group]Setting up auth
timeout-test	Checkout Repository	2026-08-27T04:39:30.4012455Z [command]/usr/bin/git config --local --name-only --get-regexp core\.sshCommand
timeout-test	Checkout Repository	2026-08-27T04:39:30.4036564Z [command]/usr/bin/git submodule foreach --recursive sh -c "git config --local --name-only --get-regexp 'core\.sshCommand' && git config --local --unset-all 'core.sshCommand' || :"
timeout-test	Checkout Repository	2026-08-27T04:39:30.4727355Z [command]/usr/bin/git config --local --name-only --get-regexp http\.https\:\/\/github\.com\/\.extraheader
timeout-test	Checkout Repository	2026-08-27T04:39:30.4752490Z [command]/usr/bin/git submodule foreach --recursive sh -c "git config --local --name-only --get-regexp 'http\.https\:\/\/github\.com\/\.extraheader' && git config --local --unset-all 'http.https://github.com/.extraheader' || :"
timeout-test	Checkout Repository	2026-08-27T04:39:30.4911543Z [command]/usr/bin/git config --local --name-only --get-regexp ^includeIf\.gitdir:
timeout-test	Checkout Repository	2026-08-27T04:39:30.4936882Z [command]/usr/bin/git submodule foreach --recursive git config --local --show-origin --name-only --get-regexp remote.origin.url
timeout-test	Checkout Repository	2026-08-27T04:39:30.5091286Z [command]/usr/bin/git config --local http.https://github.com/.extraheader AUTHORIZATION: basic ***
timeout-test	Checkout Repository	2026-08-27T04:39:30.5117420Z ##[endgroup]
timeout-test	Checkout Repository	2026-08-27T04:39:30.5119007Z ##[group]Fetching the repository
timeout-test	Checkout Repository	2026-08-27T04:39:30.5126357Z [command]/usr/bin/git -c protocol.version=2 fetch --no-tags --prune --no-recurse-submodules --depth=1 origin +36c08bfdb86677f83edcfae8b4a86a22bfbc00f0:refs/remotes/origin/feature/timeout-errors
timeout-test	Checkout Repository	2026-08-27T04:39:30.9795529Z From https://github.com/DhruvHegde/dependency-error-repo
timeout-test	Checkout Repository	2026-08-27T04:39:30.9798704Z  * [new ref]         36c08bfdb86677f83edcfae8b4a86a22bfbc00f0 -> origin/feature/timeout-errors
timeout-test	Checkout Repository	2026-08-27T04:39:30.9804894Z ##[endgroup]
timeout-test	Checkout Repository	2026-08-27T04:39:30.9807440Z ##[group]Determining the checkout info
timeout-test	Checkout Repository	2026-08-27T04:39:30.9810049Z ##[endgroup]
timeout-test	Checkout Repository	2026-08-27T04:39:30.9811791Z [command]/usr/bin/git sparse-checkout disable
timeout-test	Checkout Repository	2026-08-27T04:39:30.9845102Z [command]/usr/bin/git config --local --unset-all extensions.worktreeConfig
timeout-test	Checkout Repository	2026-08-27T04:39:30.9867979Z ##[group]Checking out the ref
timeout-test	Checkout Repository	2026-08-27T04:39:30.9870630Z [command]/usr/bin/git checkout --progress --force -B feature/timeout-errors refs/remotes/origin/feature/timeout-errors
timeout-test	Checkout Repository	2026-08-27T04:39:30.9928568Z Switched to a new branch 'feature/timeout-errors'
timeout-test	Checkout Repository	2026-08-27T04:39:30.9933952Z branch 'feature/timeout-errors' set up to track 'origin/feature/timeout-errors'.
timeout-test	Checkout Repository	2026-08-27T04:39:30.9938537Z ##[endgroup]
timeout-test	Checkout Repository	2026-08-27T04:39:30.9964294Z [command]/usr/bin/git log -1 --format=%H
timeout-test	Checkout Repository	2026-08-27T04:39:30.9982223Z 36c08bfdb86677f83edcfae8b4a86a22bfbc00f0
timeout-test	Setup Python	﻿2026-08-27T04:39:31.0291810Z Node 20 is being deprecated. This workflow is running with Node 24 by default. If you need to temporarily use Node 20, you can set the ACTIONS_ALLOW_USE_UNSECURE_NODE_VERSION=true environment variable. For more information see: https://github.blog/changelog/2025-09-19-deprecation-of-node-20-on-github-actions-runners/
timeout-test	Setup Python	2026-08-27T04:39:31.0296805Z ##[group]Run actions/setup-python@v5
timeout-test	Setup Python	2026-08-27T04:39:31.0297922Z with:
timeout-test	Setup Python	2026-08-27T04:39:31.0298758Z   python-version: 3.11
timeout-test	Setup Python	2026-08-27T04:39:31.0299712Z   check-latest: false
timeout-test	Setup Python	2026-08-27T04:39:31.0307809Z   token: ***
timeout-test	Setup Python	2026-08-27T04:39:31.0308725Z   update-environment: true
timeout-test	Setup Python	2026-08-27T04:39:31.0309782Z   allow-prereleases: false
timeout-test	Setup Python	2026-08-27T04:39:31.0310777Z   freethreaded: false
timeout-test	Setup Python	2026-08-27T04:39:31.0311663Z ##[endgroup]
timeout-test	Setup Python	2026-08-27T04:39:31.1432437Z ##[group]Installed versions
timeout-test	Setup Python	2026-08-27T04:39:31.3163196Z (node:2050) [DEP0040] DeprecationWarning: The `punycode` module is deprecated. Please use a userland alternative instead.
timeout-test	Setup Python	2026-08-27T04:39:31.3166635Z (Use `node --trace-deprecation ...` to show where the warning was created)
timeout-test	Setup Python	2026-08-27T04:39:31.3168943Z Successfully set up CPython (3.11.16)
timeout-test	Setup Python	2026-08-27T04:39:31.3171188Z ##[endgroup]
timeout-test	Install Test Dependencies	﻿2026-08-27T04:39:31.3352082Z ##[group]Run python -m pip install --upgrade pip
timeout-test	Install Test Dependencies	2026-08-27T04:39:31.3354051Z ^[[36;1mpython -m pip install --upgrade pip^[[0m
timeout-test	Install Test Dependencies	2026-08-27T04:39:31.3355914Z ^[[36;1mpip install pytest^[[0m
timeout-test	Install Test Dependencies	2026-08-27T04:39:31.3404021Z shell: /usr/bin/bash -e {0}
timeout-test	Install Test Dependencies	2026-08-27T04:39:31.3405730Z env:
timeout-test	Install Test Dependencies	2026-08-27T04:39:31.3407288Z   pythonLocation: /opt/hostedtoolcache/Python/3.11.16/x64
timeout-test	Install Test Dependencies	2026-08-27T04:39:31.3409814Z   PKG_CONFIG_PATH: /opt/hostedtoolcache/Python/3.11.16/x64/lib/pkgconfig
timeout-test	Install Test Dependencies	2026-08-27T04:39:31.3412529Z   Python_ROOT_DIR: /opt/hostedtoolcache/Python/3.11.16/x64
timeout-test	Install Test Dependencies	2026-08-27T04:39:31.3414717Z   Python2_ROOT_DIR: /opt/hostedtoolcache/Python/3.11.16/x64
timeout-test	Install Test Dependencies	2026-08-27T04:39:31.3417377Z   Python3_ROOT_DIR: /opt/hostedtoolcache/Python/3.11.16/x64
timeout-test	Install Test Dependencies	2026-08-27T04:39:31.3419329Z   LD_LIBRARY_PATH: /opt/hostedtoolcache/Python/3.11.16/x64/lib
timeout-test	Install Test Dependencies	2026-08-27T04:39:31.3420971Z ##[endgroup]
timeout-test	Install Test Dependencies	2026-08-27T04:39:35.6704112Z Requirement already satisfied: pip in /opt/hostedtoolcache/Python/3.11.16/x64/lib/python3.11/site-packages (26.2.1)
timeout-test	Install Test Dependencies	2026-08-27T04:39:36.4284469Z Collecting pytest
timeout-test	Install Test Dependencies	2026-08-27T04:39:36.5068257Z   Downloading pytest-9.1.1-py3-none-any.whl.metadata (7.6 kB)
timeout-test	Install Test Dependencies	2026-08-27T04:39:36.5341376Z Collecting iniconfig>=1.0.1 (from pytest)
timeout-test	Install Test Dependencies	2026-08-27T04:39:36.5470692Z   Downloading iniconfig-2.3.0-py3-none-any.whl.metadata (2.5 kB)
timeout-test	Install Test Dependencies	2026-08-27T04:39:36.5962227Z Collecting packaging>=22 (from pytest)
timeout-test	Install Test Dependencies	2026-08-27T04:39:36.6091638Z   Downloading packaging-26.3-py3-none-any.whl.metadata (3.5 kB)
timeout-test	Install Test Dependencies	2026-08-27T04:39:36.6375495Z Collecting pluggy<2,>=1.5 (from pytest)
timeout-test	Install Test Dependencies	2026-08-27T04:39:36.6504559Z   Downloading pluggy-1.6.0-py3-none-any.whl.metadata (4.8 kB)
timeout-test	Install Test Dependencies	2026-08-27T04:39:36.7441717Z Collecting pygments>=2.7.2 (from pytest)
timeout-test	Install Test Dependencies	2026-08-27T04:39:36.7570336Z   Downloading pygments-2.21.0-py3-none-any.whl.metadata (2.5 kB)
timeout-test	Install Test Dependencies	2026-08-27T04:39:36.7738351Z Downloading pytest-9.1.1-py3-none-any.whl (386 kB)
timeout-test	Install Test Dependencies	2026-08-27T04:39:36.8353846Z Downloading pluggy-1.6.0-py3-none-any.whl (20 kB)
timeout-test	Install Test Dependencies	2026-08-27T04:39:36.8501826Z Downloading iniconfig-2.3.0-py3-none-any.whl (7.5 kB)
timeout-test	Install Test Dependencies	2026-08-27T04:39:36.8650296Z Downloading packaging-26.3-py3-none-any.whl (129 kB)
timeout-test	Install Test Dependencies	2026-08-27T04:39:36.8866048Z Downloading pygments-2.21.0-py3-none-any.whl (1.3 MB)
timeout-test	Install Test Dependencies	2026-08-27T04:39:36.9313079Z    ━━━━━━━━━━━━━━━━━━━━━━━━━━━━━━━━━━━━━━━━ 1.3/1.3 MB 24.8 MB/s  0:00:00
timeout-test	Install Test Dependencies	2026-08-27T04:39:36.9689269Z Installing collected packages: pygments, pluggy, packaging, iniconfig, pytest
timeout-test	Install Test Dependencies	2026-08-27T04:39:37.7724350Z 
timeout-test	Install Test Dependencies	2026-08-27T04:39:37.7732846Z Successfully installed iniconfig-2.3.0 packaging-26.3 pluggy-1.6.0 pygments-2.21.0 pytest-9.1.1
timeout-test	Run Tests	﻿2026-08-27T04:39:37.8244566Z ##[group]Run pytest test_app.py
timeout-test	Run Tests	2026-08-27T04:39:37.8244947Z ^[[36;1mpytest test_app.py^[[0m
timeout-test	Run Tests	2026-08-27T04:39:37.8266710Z shell: /usr/bin/bash -e {0}
timeout-test	Run Tests	2026-08-27T04:39:37.8267125Z env:
timeout-test	Run Tests	2026-08-27T04:39:37.8267438Z   pythonLocation: /opt/hostedtoolcache/Python/3.11.16/x64
timeout-test	Run Tests	2026-08-27T04:39:37.8267894Z   PKG_CONFIG_PATH: /opt/hostedtoolcache/Python/3.11.16/x64/lib/pkgconfig
timeout-test	Run Tests	2026-08-27T04:39:37.8268376Z   Python_ROOT_DIR: /opt/hostedtoolcache/Python/3.11.16/x64
timeout-test	Run Tests	2026-08-27T04:39:37.8268763Z   Python2_ROOT_DIR: /opt/hostedtoolcache/Python/3.11.16/x64
timeout-test	Run Tests	2026-08-27T04:39:37.8269182Z   Python3_ROOT_DIR: /opt/hostedtoolcache/Python/3.11.16/x64
timeout-test	Run Tests	2026-08-27T04:39:37.8269605Z   LD_LIBRARY_PATH: /opt/hostedtoolcache/Python/3.11.16/x64/lib
timeout-test	Run Tests	2026-08-27T04:39:37.8269958Z ##[endgroup]
timeout-test	Run Tests	2026-08-27T04:39:38.5885514Z ============================= test session starts ==============================
timeout-test	Run Tests	2026-08-27T04:39:38.5886285Z platform linux -- Python 3.11.16, pytest-9.1.1, pluggy-1.6.0
timeout-test	Run Tests	2026-08-27T04:39:38.5886989Z rootdir: /home/runner/work/dependency-error-repo/dependency-error-repo
timeout-test	Run Tests	2026-08-27T04:39:38.5887552Z collected 1 item
timeout-test	Run Tests	2026-08-27T04:39:38.5887696Z 
timeout-test	Run Tests	2026-08-27T04:40:50.3302577Z ##[error]The action 'Run Tests' has timed out after 1 minutes.
timeout-test	Post Checkout Repository	﻿2026-08-27T04:40:50.3424454Z Node 20 is being deprecated. This workflow is running with Node 24 by default. If you need to temporarily use Node 20, you can set the ACTIONS_ALLOW_USE_UNSECURE_NODE_VERSION=true environment variable. For more information see: https://github.blog/changelog/2025-09-19-deprecation-of-node-20-on-github-actions-runners/
timeout-test	Post Checkout Repository	2026-08-27T04:40:50.3425598Z Post job cleanup.
timeout-test	Post Checkout Repository	2026-08-27T04:40:50.4121997Z [command]/usr/bin/git version
timeout-test	Post Checkout Repository	2026-08-27T04:40:50.4152526Z git version 2.55.0
timeout-test	Post Checkout Repository	2026-08-27T04:40:50.4181967Z Temporarily overriding HOME='/home/runner/work/_temp/0d4a3f9f-aade-47a6-9178-c1e75b455736' before making global git config changes
timeout-test	Post Checkout Repository	2026-08-27T04:40:50.4183841Z Adding repository directory to the temporary git global config as a safe directory
timeout-test	Post Checkout Repository	2026-08-27T04:40:50.4187812Z [command]/usr/bin/git config --global --add safe.directory /home/runner/work/dependency-error-repo/dependency-error-repo
timeout-test	Post Checkout Repository	2026-08-27T04:40:50.4216429Z [command]/usr/bin/git config --local --name-only --get-regexp core\.sshCommand
timeout-test	Post Checkout Repository	2026-08-27T04:40:50.4242577Z [command]/usr/bin/git submodule foreach --recursive sh -c "git config --local --name-only --get-regexp 'core\.sshCommand' && git config --local --unset-all 'core.sshCommand' || :"
timeout-test	Post Checkout Repository	2026-08-27T04:40:50.4420332Z [command]/usr/bin/git config --local --name-only --get-regexp http\.https\:\/\/github\.com\/\.extraheader
timeout-test	Post Checkout Repository	2026-08-27T04:40:50.4438550Z http.https://github.com/.extraheader
timeout-test	Post Checkout Repository	2026-08-27T04:40:50.4447199Z [command]/usr/bin/git config --local --unset-all http.https://github.com/.extraheader
timeout-test	Post Checkout Repository	2026-08-27T04:40:50.4475509Z [command]/usr/bin/git submodule foreach --recursive sh -c "git config --local --name-only --get-regexp 'http\.https\:\/\/github\.com\/\.extraheader' && git config --local --unset-all 'http.https://github.com/.extraheader' || :"
timeout-test	Post Checkout Repository	2026-08-27T04:40:50.4677779Z [command]/usr/bin/git config --local --name-only --get-regexp ^includeIf\.gitdir:
timeout-test	Post Checkout Repository	2026-08-27T04:40:50.4688549Z [command]/usr/bin/git submodule foreach --recursive git config --local --show-origin --name-only --get-regexp remote.origin.url
timeout-test	Complete job	﻿2026-08-27T04:40:50.5014359Z Cleaning up orphan processes
timeout-test	Complete job	2026-08-27T04:40:50.5221147Z Terminate orphan process: pid (2108) (pytest)
timeout-test	Complete job	2026-08-27T04:40:50.5229083Z ##[warning]Node.js 20 is deprecated. The following actions target Node.js 20 but are being forced to run on Node.js 24: actions/checkout@v4, actions/setup-python@v5. For more information see: https://github.blog/changelog/2025-09-19-deprecation-of-node-20-on-github-actions-runners/