timeout-test	UNKNOWN STEP	﻿2026-08-27T06:13:06.4269607Z Current runner version: '2.336.0'
timeout-test	UNKNOWN STEP	2026-08-27T06:13:06.4300660Z ##[group]Runner Image Provisioner
timeout-test	UNKNOWN STEP	2026-08-27T06:13:06.4301663Z Hosted Compute Agent
timeout-test	UNKNOWN STEP	2026-08-27T06:13:06.4302304Z Version: 20260729.566
timeout-test	UNKNOWN STEP	2026-08-27T06:13:06.4303087Z Commit: cf7153fe6e25b664e8693c24944bf2b00355d109
timeout-test	UNKNOWN STEP	2026-08-27T06:13:06.4303848Z Build Date: 2026-07-29T19:17:02Z
timeout-test	UNKNOWN STEP	2026-08-27T06:13:06.4304583Z Worker ID: {8405b14a-5e04-46a6-bd31-0b64805ba1ad}
timeout-test	UNKNOWN STEP	2026-08-27T06:13:06.4305641Z Azure Region: centralus
timeout-test	UNKNOWN STEP	2026-08-27T06:13:06.4306263Z ##[endgroup]
timeout-test	UNKNOWN STEP	2026-08-27T06:13:06.4307733Z ##[group]Operating System
timeout-test	UNKNOWN STEP	2026-08-27T06:13:06.4308448Z Ubuntu
timeout-test	UNKNOWN STEP	2026-08-27T06:13:06.4309038Z 24.04.4
timeout-test	UNKNOWN STEP	2026-08-27T06:13:06.4309636Z LTS
timeout-test	UNKNOWN STEP	2026-08-27T06:13:06.4310189Z ##[endgroup]
timeout-test	UNKNOWN STEP	2026-08-27T06:13:06.4310839Z ##[group]Runner Image
timeout-test	UNKNOWN STEP	2026-08-27T06:13:06.4311506Z Image: ubuntu-24.04
timeout-test	UNKNOWN STEP	2026-08-27T06:13:06.4312143Z Version: 20260816.277.1
timeout-test	UNKNOWN STEP	2026-08-27T06:13:06.4313510Z Included Software: https://github.com/actions/runner-images/blob/ubuntu24/20260816.277/images/ubuntu/Ubuntu2404-Readme.md
timeout-test	UNKNOWN STEP	2026-08-27T06:13:06.4315676Z Image Release: https://github.com/actions/runner-images/releases/tag/ubuntu24%2F20260816.277
timeout-test	UNKNOWN STEP	2026-08-27T06:13:06.4316722Z ##[endgroup]
timeout-test	UNKNOWN STEP	2026-08-27T06:13:06.4317916Z ##[group]GITHUB_TOKEN Permissions
timeout-test	UNKNOWN STEP	2026-08-27T06:13:06.4320223Z Contents: read
timeout-test	UNKNOWN STEP	2026-08-27T06:13:06.4320879Z Metadata: read
timeout-test	UNKNOWN STEP	2026-08-27T06:13:06.4321551Z Packages: read
timeout-test	UNKNOWN STEP	2026-08-27T06:13:06.4322175Z ##[endgroup]
timeout-test	UNKNOWN STEP	2026-08-27T06:13:06.4324292Z Secret source: Actions
timeout-test	UNKNOWN STEP	2026-08-27T06:13:06.4325936Z Prepare workflow directory
timeout-test	UNKNOWN STEP	2026-08-27T06:13:06.4664169Z Prepare all required actions
timeout-test	UNKNOWN STEP	2026-08-27T06:13:06.4716263Z Getting action download info
timeout-test	UNKNOWN STEP	2026-08-27T06:13:06.7514330Z Download action repository 'actions/checkout@v4' (SHA:11d5960a326750d5838078e36cf38b85af677262)
timeout-test	UNKNOWN STEP	2026-08-27T06:13:06.8676740Z Download action repository 'actions/setup-python@v5' (SHA:a26af69be951a213d495a4c3e4e4022e16d87065)
timeout-test	UNKNOWN STEP	2026-08-27T06:13:07.0558923Z Complete job name: timeout-test
timeout-test	UNKNOWN STEP	2026-08-27T06:13:07.1301365Z Node 20 is being deprecated. This workflow is running with Node 24 by default. If you need to temporarily use Node 20, you can set the ACTIONS_ALLOW_USE_UNSECURE_NODE_VERSION=true environment variable. For more information see: https://github.blog/changelog/2025-09-19-deprecation-of-node-20-on-github-actions-runners/
timeout-test	UNKNOWN STEP	2026-08-27T06:13:07.1310419Z ##[group]Run actions/checkout@v4
timeout-test	UNKNOWN STEP	2026-08-27T06:13:07.1311104Z with:
timeout-test	UNKNOWN STEP	2026-08-27T06:13:07.1311598Z   repository: DhruvHegde/dependency-error-repo
timeout-test	UNKNOWN STEP	2026-08-27T06:13:07.1316034Z   token: ***
timeout-test	UNKNOWN STEP	2026-08-27T06:13:07.1316488Z   ssh-strict: true
timeout-test	UNKNOWN STEP	2026-08-27T06:13:07.1316936Z   ssh-user: git
timeout-test	UNKNOWN STEP	2026-08-27T06:13:07.1317392Z   persist-credentials: true
timeout-test	UNKNOWN STEP	2026-08-27T06:13:07.1317885Z   clean: true
timeout-test	UNKNOWN STEP	2026-08-27T06:13:07.1318332Z   sparse-checkout-cone-mode: true
timeout-test	UNKNOWN STEP	2026-08-27T06:13:07.1318857Z   fetch-depth: 1
timeout-test	UNKNOWN STEP	2026-08-27T06:13:07.1319304Z   fetch-tags: false
timeout-test	UNKNOWN STEP	2026-08-27T06:13:07.1319758Z   show-progress: true
timeout-test	UNKNOWN STEP	2026-08-27T06:13:07.1320202Z   lfs: false
timeout-test	UNKNOWN STEP	2026-08-27T06:13:07.1320661Z   submodules: false
timeout-test	UNKNOWN STEP	2026-08-27T06:13:07.1321118Z   set-safe-directory: true
timeout-test	UNKNOWN STEP	2026-08-27T06:13:07.1321626Z   allow-unsafe-pr-checkout: false
timeout-test	UNKNOWN STEP	2026-08-27T06:13:07.1322343Z ##[endgroup]
timeout-test	UNKNOWN STEP	2026-08-27T06:13:07.2319337Z Syncing repository: DhruvHegde/dependency-error-repo
timeout-test	UNKNOWN STEP	2026-08-27T06:13:07.2321330Z ##[group]Getting Git version info
timeout-test	UNKNOWN STEP	2026-08-27T06:13:07.2322386Z Working directory is '/home/runner/work/dependency-error-repo/dependency-error-repo'
timeout-test	UNKNOWN STEP	2026-08-27T06:13:07.2323596Z [command]/usr/bin/git version
timeout-test	UNKNOWN STEP	2026-08-27T06:13:07.2364844Z git version 2.55.0
timeout-test	UNKNOWN STEP	2026-08-27T06:13:07.2386843Z ##[endgroup]
timeout-test	UNKNOWN STEP	2026-08-27T06:13:07.2402343Z Temporarily overriding HOME='/home/runner/work/_temp/0bb6af84-f664-430e-b98f-8ce6cfd381ec' before making global git config changes
timeout-test	UNKNOWN STEP	2026-08-27T06:13:07.2404852Z Adding repository directory to the temporary git global config as a safe directory
timeout-test	UNKNOWN STEP	2026-08-27T06:13:07.2409120Z [command]/usr/bin/git config --global --add safe.directory /home/runner/work/dependency-error-repo/dependency-error-repo
timeout-test	UNKNOWN STEP	2026-08-27T06:13:07.2464873Z Deleting the contents of '/home/runner/work/dependency-error-repo/dependency-error-repo'
timeout-test	UNKNOWN STEP	2026-08-27T06:13:07.2468940Z ##[group]Initializing the repository
timeout-test	UNKNOWN STEP	2026-08-27T06:13:07.2474176Z [command]/usr/bin/git init /home/runner/work/dependency-error-repo/dependency-error-repo
timeout-test	UNKNOWN STEP	2026-08-27T06:13:07.2549490Z hint: Using 'master' as the name for the initial branch. This default branch name
timeout-test	UNKNOWN STEP	2026-08-27T06:13:07.2551102Z hint: will change to "main" in Git 3.0. To configure the initial branch name
timeout-test	UNKNOWN STEP	2026-08-27T06:13:07.2552645Z hint: to use in all of your new repositories, which will suppress this warning,
timeout-test	UNKNOWN STEP	2026-08-27T06:13:07.2553834Z hint: call:
timeout-test	UNKNOWN STEP	2026-08-27T06:13:07.2554449Z hint:
timeout-test	UNKNOWN STEP	2026-08-27T06:13:07.2555442Z hint: 	git config --global init.defaultBranch <name>
timeout-test	UNKNOWN STEP	2026-08-27T06:13:07.2556419Z hint:
timeout-test	UNKNOWN STEP	2026-08-27T06:13:07.2557318Z hint: Names commonly chosen instead of 'master' are 'main', 'trunk' and
timeout-test	UNKNOWN STEP	2026-08-27T06:13:07.2558834Z hint: 'development'. The just-created branch can be renamed via this command:
timeout-test	UNKNOWN STEP	2026-08-27T06:13:07.2560037Z hint:
timeout-test	UNKNOWN STEP	2026-08-27T06:13:07.2560674Z hint: 	git branch -m <name>
timeout-test	UNKNOWN STEP	2026-08-27T06:13:07.2561417Z hint:
timeout-test	UNKNOWN STEP	2026-08-27T06:13:07.2562419Z hint: Disable this message with "git config set advice.defaultBranchName false"
timeout-test	UNKNOWN STEP	2026-08-27T06:13:07.2564290Z Initialized empty Git repository in /home/runner/work/dependency-error-repo/dependency-error-repo/.git/
timeout-test	UNKNOWN STEP	2026-08-27T06:13:07.2568834Z [command]/usr/bin/git remote add origin https://github.com/DhruvHegde/dependency-error-repo
timeout-test	UNKNOWN STEP	2026-08-27T06:13:07.2612124Z ##[endgroup]
timeout-test	UNKNOWN STEP	2026-08-27T06:13:07.2613487Z ##[group]Disabling automatic garbage collection
timeout-test	UNKNOWN STEP	2026-08-27T06:13:07.2615679Z [command]/usr/bin/git config --local gc.auto 0
timeout-test	UNKNOWN STEP	2026-08-27T06:13:07.2651475Z ##[endgroup]
timeout-test	UNKNOWN STEP	2026-08-27T06:13:07.2652644Z ##[group]Setting up auth
timeout-test	UNKNOWN STEP	2026-08-27T06:13:07.2659036Z [command]/usr/bin/git config --local --name-only --get-regexp core\.sshCommand
timeout-test	UNKNOWN STEP	2026-08-27T06:13:07.2695383Z [command]/usr/bin/git submodule foreach --recursive sh -c "git config --local --name-only --get-regexp 'core\.sshCommand' && git config --local --unset-all 'core.sshCommand' || :"
timeout-test	UNKNOWN STEP	2026-08-27T06:13:07.3048793Z [command]/usr/bin/git config --local --name-only --get-regexp http\.https\:\/\/github\.com\/\.extraheader
timeout-test	UNKNOWN STEP	2026-08-27T06:13:07.3090799Z [command]/usr/bin/git submodule foreach --recursive sh -c "git config --local --name-only --get-regexp 'http\.https\:\/\/github\.com\/\.extraheader' && git config --local --unset-all 'http.https://github.com/.extraheader' || :"
timeout-test	UNKNOWN STEP	2026-08-27T06:13:07.3357169Z [command]/usr/bin/git config --local --name-only --get-regexp ^includeIf\.gitdir:
timeout-test	UNKNOWN STEP	2026-08-27T06:13:07.3397379Z [command]/usr/bin/git submodule foreach --recursive git config --local --show-origin --name-only --get-regexp remote.origin.url
timeout-test	UNKNOWN STEP	2026-08-27T06:13:07.3642389Z [command]/usr/bin/git config --local http.https://github.com/.extraheader AUTHORIZATION: basic ***
timeout-test	UNKNOWN STEP	2026-08-27T06:13:07.3684039Z ##[endgroup]
timeout-test	UNKNOWN STEP	2026-08-27T06:13:07.3684847Z ##[group]Fetching the repository
timeout-test	UNKNOWN STEP	2026-08-27T06:13:07.3693752Z [command]/usr/bin/git -c protocol.version=2 fetch --no-tags --prune --no-recurse-submodules --depth=1 origin +5bb5438f0f760ce112cf888cdc99ffd5fb1053c9:refs/remotes/origin/feature/timeout-errors
timeout-test	UNKNOWN STEP	2026-08-27T06:13:07.6817654Z From https://github.com/DhruvHegde/dependency-error-repo
timeout-test	UNKNOWN STEP	2026-08-27T06:13:07.6818902Z  * [new ref]         5bb5438f0f760ce112cf888cdc99ffd5fb1053c9 -> origin/feature/timeout-errors
timeout-test	UNKNOWN STEP	2026-08-27T06:13:07.6821747Z ##[endgroup]
timeout-test	UNKNOWN STEP	2026-08-27T06:13:07.6822566Z ##[group]Determining the checkout info
timeout-test	UNKNOWN STEP	2026-08-27T06:13:07.6824357Z ##[endgroup]
timeout-test	UNKNOWN STEP	2026-08-27T06:13:07.6830912Z [command]/usr/bin/git sparse-checkout disable
timeout-test	UNKNOWN STEP	2026-08-27T06:13:07.6880802Z [command]/usr/bin/git config --local --unset-all extensions.worktreeConfig
timeout-test	UNKNOWN STEP	2026-08-27T06:13:07.6915884Z ##[group]Checking out the ref
timeout-test	UNKNOWN STEP	2026-08-27T06:13:07.6920145Z [command]/usr/bin/git checkout --progress --force -B feature/timeout-errors refs/remotes/origin/feature/timeout-errors
timeout-test	UNKNOWN STEP	2026-08-27T06:13:07.6987787Z Switched to a new branch 'feature/timeout-errors'
timeout-test	UNKNOWN STEP	2026-08-27T06:13:07.6993253Z branch 'feature/timeout-errors' set up to track 'origin/feature/timeout-errors'.
timeout-test	UNKNOWN STEP	2026-08-27T06:13:07.7005877Z ##[endgroup]
timeout-test	UNKNOWN STEP	2026-08-27T06:13:07.7049202Z [command]/usr/bin/git log -1 --format=%H
timeout-test	UNKNOWN STEP	2026-08-27T06:13:07.7078756Z 5bb5438f0f760ce112cf888cdc99ffd5fb1053c9
timeout-test	UNKNOWN STEP	2026-08-27T06:13:07.7383131Z Node 20 is being deprecated. This workflow is running with Node 24 by default. If you need to temporarily use Node 20, you can set the ACTIONS_ALLOW_USE_UNSECURE_NODE_VERSION=true environment variable. For more information see: https://github.blog/changelog/2025-09-19-deprecation-of-node-20-on-github-actions-runners/
timeout-test	UNKNOWN STEP	2026-08-27T06:13:07.7386462Z ##[group]Run actions/setup-python@v5
timeout-test	UNKNOWN STEP	2026-08-27T06:13:07.7387074Z with:
timeout-test	UNKNOWN STEP	2026-08-27T06:13:07.7387539Z   python-version: 3.11
timeout-test	UNKNOWN STEP	2026-08-27T06:13:07.7388059Z   check-latest: false
timeout-test	UNKNOWN STEP	2026-08-27T06:13:07.7392451Z   token: ***
timeout-test	UNKNOWN STEP	2026-08-27T06:13:07.7392944Z   update-environment: true
timeout-test	UNKNOWN STEP	2026-08-27T06:13:07.7393497Z   allow-prereleases: false
timeout-test	UNKNOWN STEP	2026-08-27T06:13:07.7394034Z   freethreaded: false
timeout-test	UNKNOWN STEP	2026-08-27T06:13:07.7394531Z ##[endgroup]
timeout-test	UNKNOWN STEP	2026-08-27T06:13:07.8740958Z ##[group]Installed versions
timeout-test	UNKNOWN STEP	2026-08-27T06:13:07.8821521Z (node:2379) [DEP0040] DeprecationWarning: The `punycode` module is deprecated. Please use a userland alternative instead.
timeout-test	UNKNOWN STEP	2026-08-27T06:13:07.8824051Z (Use `node --trace-deprecation ...` to show where the warning was created)
timeout-test	UNKNOWN STEP	2026-08-27T06:13:07.8825657Z Successfully set up CPython (3.11.16)
timeout-test	UNKNOWN STEP	2026-08-27T06:13:07.8827194Z ##[endgroup]
timeout-test	UNKNOWN STEP	2026-08-27T06:13:07.9044546Z ##[group]Run python -m pip install --upgrade pip
timeout-test	UNKNOWN STEP	2026-08-27T06:13:07.9046136Z ^[[36;1mpython -m pip install --upgrade pip^[[0m
timeout-test	UNKNOWN STEP	2026-08-27T06:13:07.9047202Z ^[[36;1mpip install pytest^[[0m
timeout-test	UNKNOWN STEP	2026-08-27T06:13:07.9104630Z shell: /usr/bin/bash -e {0}
timeout-test	UNKNOWN STEP	2026-08-27T06:13:07.9105538Z env:
timeout-test	UNKNOWN STEP	2026-08-27T06:13:07.9106122Z   pythonLocation: /opt/hostedtoolcache/Python/3.11.16/x64
timeout-test	UNKNOWN STEP	2026-08-27T06:13:07.9107041Z   PKG_CONFIG_PATH: /opt/hostedtoolcache/Python/3.11.16/x64/lib/pkgconfig
timeout-test	UNKNOWN STEP	2026-08-27T06:13:07.9107940Z   Python_ROOT_DIR: /opt/hostedtoolcache/Python/3.11.16/x64
timeout-test	UNKNOWN STEP	2026-08-27T06:13:07.9108726Z   Python2_ROOT_DIR: /opt/hostedtoolcache/Python/3.11.16/x64
timeout-test	UNKNOWN STEP	2026-08-27T06:13:07.9109550Z   Python3_ROOT_DIR: /opt/hostedtoolcache/Python/3.11.16/x64
timeout-test	UNKNOWN STEP	2026-08-27T06:13:07.9110351Z   LD_LIBRARY_PATH: /opt/hostedtoolcache/Python/3.11.16/x64/lib
timeout-test	UNKNOWN STEP	2026-08-27T06:13:07.9111037Z ##[endgroup]
timeout-test	UNKNOWN STEP	2026-08-27T06:13:08.4846964Z Requirement already satisfied: pip in /opt/hostedtoolcache/Python/3.11.16/x64/lib/python3.11/site-packages (26.2.1)
timeout-test	UNKNOWN STEP	2026-08-27T06:13:09.1158060Z Collecting pytest
timeout-test	UNKNOWN STEP	2026-08-27T06:13:09.1998508Z   Downloading pytest-9.1.1-py3-none-any.whl.metadata (7.6 kB)
timeout-test	UNKNOWN STEP	2026-08-27T06:13:09.2222375Z Collecting iniconfig>=1.0.1 (from pytest)
timeout-test	UNKNOWN STEP	2026-08-27T06:13:09.2380808Z   Downloading iniconfig-2.3.0-py3-none-any.whl.metadata (2.5 kB)
timeout-test	UNKNOWN STEP	2026-08-27T06:13:09.2631899Z Collecting packaging>=22 (from pytest)
timeout-test	UNKNOWN STEP	2026-08-27T06:13:09.2791249Z   Downloading packaging-26.3-py3-none-any.whl.metadata (3.5 kB)
timeout-test	UNKNOWN STEP	2026-08-27T06:13:09.3026663Z Collecting pluggy<2,>=1.5 (from pytest)
timeout-test	UNKNOWN STEP	2026-08-27T06:13:09.3184839Z   Downloading pluggy-1.6.0-py3-none-any.whl.metadata (4.8 kB)
timeout-test	UNKNOWN STEP	2026-08-27T06:13:09.3485333Z Collecting pygments>=2.7.2 (from pytest)
timeout-test	UNKNOWN STEP	2026-08-27T06:13:09.3642305Z   Downloading pygments-2.21.0-py3-none-any.whl.metadata (2.5 kB)
timeout-test	UNKNOWN STEP	2026-08-27T06:13:09.3843903Z Downloading pytest-9.1.1-py3-none-any.whl (386 kB)
timeout-test	UNKNOWN STEP	2026-08-27T06:13:09.4616695Z Downloading pluggy-1.6.0-py3-none-any.whl (20 kB)
timeout-test	UNKNOWN STEP	2026-08-27T06:13:09.4796893Z Downloading iniconfig-2.3.0-py3-none-any.whl (7.5 kB)
timeout-test	UNKNOWN STEP	2026-08-27T06:13:09.4969941Z Downloading packaging-26.3-py3-none-any.whl (129 kB)
timeout-test	UNKNOWN STEP	2026-08-27T06:13:09.5160416Z Downloading pygments-2.21.0-py3-none-any.whl (1.3 MB)
timeout-test	UNKNOWN STEP	2026-08-27T06:13:09.5620015Z    ━━━━━━━━━━━━━━━━━━━━━━━━━━━━━━━━━━━━━━━━ 1.3/1.3 MB 25.0 MB/s  0:00:00
timeout-test	UNKNOWN STEP	2026-08-27T06:13:09.6089654Z Installing collected packages: pygments, pluggy, packaging, iniconfig, pytest
timeout-test	UNKNOWN STEP	2026-08-27T06:13:10.5710984Z 
timeout-test	UNKNOWN STEP	2026-08-27T06:13:10.5720870Z Successfully installed iniconfig-2.3.0 packaging-26.3 pluggy-1.6.0 pygments-2.21.0 pytest-9.1.1
timeout-test	UNKNOWN STEP	2026-08-27T06:13:10.6282402Z ##[group]Run pytest test_app.py
timeout-test	UNKNOWN STEP	2026-08-27T06:13:10.6282741Z ^[[36;1mpytest test_app.py^[[0m
timeout-test	UNKNOWN STEP	2026-08-27T06:13:10.6326819Z shell: /usr/bin/bash -e {0}
timeout-test	UNKNOWN STEP	2026-08-27T06:13:10.6327094Z env:
timeout-test	UNKNOWN STEP	2026-08-27T06:13:10.6327396Z   pythonLocation: /opt/hostedtoolcache/Python/3.11.16/x64
timeout-test	UNKNOWN STEP	2026-08-27T06:13:10.6327851Z   PKG_CONFIG_PATH: /opt/hostedtoolcache/Python/3.11.16/x64/lib/pkgconfig
timeout-test	UNKNOWN STEP	2026-08-27T06:13:10.6328286Z   Python_ROOT_DIR: /opt/hostedtoolcache/Python/3.11.16/x64
timeout-test	UNKNOWN STEP	2026-08-27T06:13:10.6328670Z   Python2_ROOT_DIR: /opt/hostedtoolcache/Python/3.11.16/x64
timeout-test	UNKNOWN STEP	2026-08-27T06:13:10.6329059Z   Python3_ROOT_DIR: /opt/hostedtoolcache/Python/3.11.16/x64
timeout-test	UNKNOWN STEP	2026-08-27T06:13:10.6329453Z   LD_LIBRARY_PATH: /opt/hostedtoolcache/Python/3.11.16/x64/lib
timeout-test	UNKNOWN STEP	2026-08-27T06:13:10.6329804Z ##[endgroup]
timeout-test	UNKNOWN STEP	2026-08-27T06:13:11.0286097Z ============================= test session starts ==============================
timeout-test	UNKNOWN STEP	2026-08-27T06:13:11.0286861Z platform linux -- Python 3.11.16, pytest-9.1.1, pluggy-1.6.0
timeout-test	UNKNOWN STEP	2026-08-27T06:13:11.0287744Z rootdir: /home/runner/work/dependency-error-repo/dependency-error-repo
timeout-test	UNKNOWN STEP	2026-08-27T06:13:11.0288373Z collected 1 item
timeout-test	UNKNOWN STEP	2026-08-27T06:13:11.0288582Z 
timeout-test	UNKNOWN STEP	2026-08-27T06:14:23.1333348Z ##[error]The action 'Run Tests' has timed out after 1 minutes.
timeout-test	UNKNOWN STEP	2026-08-27T06:14:23.1475564Z Node 20 is being deprecated. This workflow is running with Node 24 by default. If you need to temporarily use Node 20, you can set the ACTIONS_ALLOW_USE_UNSECURE_NODE_VERSION=true environment variable. For more information see: https://github.blog/changelog/2025-09-19-deprecation-of-node-20-on-github-actions-runners/
timeout-test	UNKNOWN STEP	2026-08-27T06:14:23.1476808Z Post job cleanup.
timeout-test	UNKNOWN STEP	2026-08-27T06:14:23.2379283Z [command]/usr/bin/git version
timeout-test	UNKNOWN STEP	2026-08-27T06:14:23.2417123Z git version 2.55.0
timeout-test	UNKNOWN STEP	2026-08-27T06:14:23.2456038Z Temporarily overriding HOME='/home/runner/work/_temp/491c8e25-8301-4176-84e4-2e2a2a577f27' before making global git config changes
timeout-test	UNKNOWN STEP	2026-08-27T06:14:23.2457484Z Adding repository directory to the temporary git global config as a safe directory
timeout-test	UNKNOWN STEP	2026-08-27T06:14:23.2462805Z [command]/usr/bin/git config --global --add safe.directory /home/runner/work/dependency-error-repo/dependency-error-repo
timeout-test	UNKNOWN STEP	2026-08-27T06:14:23.2505614Z [command]/usr/bin/git config --local --name-only --get-regexp core\.sshCommand
timeout-test	UNKNOWN STEP	2026-08-27T06:14:23.2542516Z [command]/usr/bin/git submodule foreach --recursive sh -c "git config --local --name-only --get-regexp 'core\.sshCommand' && git config --local --unset-all 'core.sshCommand' || :"
timeout-test	UNKNOWN STEP	2026-08-27T06:14:23.2812909Z [command]/usr/bin/git config --local --name-only --get-regexp http\.https\:\/\/github\.com\/\.extraheader
timeout-test	UNKNOWN STEP	2026-08-27T06:14:23.2844161Z http.https://github.com/.extraheader
timeout-test	UNKNOWN STEP	2026-08-27T06:14:23.2860472Z [command]/usr/bin/git config --local --unset-all http.https://github.com/.extraheader
timeout-test	UNKNOWN STEP	2026-08-27T06:14:23.2902516Z [command]/usr/bin/git submodule foreach --recursive sh -c "git config --local --name-only --get-regexp 'http\.https\:\/\/github\.com\/\.extraheader' && git config --local --unset-all 'http.https://github.com/.extraheader' || :"
timeout-test	UNKNOWN STEP	2026-08-27T06:14:23.3211638Z [command]/usr/bin/git config --local --name-only --get-regexp ^includeIf\.gitdir:
timeout-test	UNKNOWN STEP	2026-08-27T06:14:23.3254881Z [command]/usr/bin/git submodule foreach --recursive git config --local --show-origin --name-only --get-regexp remote.origin.url
timeout-test	UNKNOWN STEP	2026-08-27T06:14:23.3673035Z Cleaning up orphan processes
timeout-test	UNKNOWN STEP	2026-08-27T06:14:23.3981544Z Terminate orphan process: pid (2437) (pytest)
timeout-test	UNKNOWN STEP	2026-08-27T06:14:23.3991242Z ##[warning]Node.js 20 is deprecated. The following actions target Node.js 20 but are being forced to run on Node.js 24: actions/checkout@v4, actions/setup-python@v5. For more information see: https://github.blog/changelog/2025-09-19-deprecation-of-node-20-on-github-actions-runners/