dependency-test	Set up job	﻿2026-08-27T11:47:58.0649011Z Current runner version: '2.336.0'
dependency-test	Set up job	2026-08-27T11:47:58.0670858Z ##[group]Runner Image Provisioner
dependency-test	Set up job	2026-08-27T11:47:58.0671623Z Hosted Compute Agent
dependency-test	Set up job	2026-08-27T11:47:58.0672114Z Version: 20260819.586
dependency-test	Set up job	2026-08-27T11:47:58.0672675Z Commit: 3cc4a88dfa507ef76119ad1bb3eccc6378bb2b76
dependency-test	Set up job	2026-08-27T11:47:58.0673271Z Build Date: 2026-08-18T23:20:18Z
dependency-test	Set up job	2026-08-27T11:47:58.0673844Z Worker ID: {97fc17f4-5a5e-466e-9c2c-dffb377a0b87}
dependency-test	Set up job	2026-08-27T11:47:58.0674511Z Azure Region: mexicocentral
dependency-test	Set up job	2026-08-27T11:47:58.0675061Z ##[endgroup]
dependency-test	Set up job	2026-08-27T11:47:58.0676168Z ##[group]Operating System
dependency-test	Set up job	2026-08-27T11:47:58.0676678Z Ubuntu
dependency-test	Set up job	2026-08-27T11:47:58.0677125Z 24.04.4
dependency-test	Set up job	2026-08-27T11:47:58.0677608Z LTS
dependency-test	Set up job	2026-08-27T11:47:58.0678049Z ##[endgroup]
dependency-test	Set up job	2026-08-27T11:47:58.0678528Z ##[group]Runner Image
dependency-test	Set up job	2026-08-27T11:47:58.0679033Z Image: ubuntu-24.04
dependency-test	Set up job	2026-08-27T11:47:58.0679671Z Version: 20260823.283.1
dependency-test	Set up job	2026-08-27T11:47:58.0680578Z Included Software: https://github.com/actions/runner-images/blob/ubuntu24/20260823.283/images/ubuntu/Ubuntu2404-Readme.md
dependency-test	Set up job	2026-08-27T11:47:58.0681992Z Image Release: https://github.com/actions/runner-images/releases/tag/ubuntu24%2F20260823.283
dependency-test	Set up job	2026-08-27T11:47:58.0682797Z ##[endgroup]
dependency-test	Set up job	2026-08-27T11:47:58.0683835Z ##[group]GITHUB_TOKEN Permissions
dependency-test	Set up job	2026-08-27T11:47:58.0685355Z Contents: read
dependency-test	Set up job	2026-08-27T11:47:58.0685862Z Metadata: read
dependency-test	Set up job	2026-08-27T11:47:58.0686756Z Packages: read
dependency-test	Set up job	2026-08-27T11:47:58.0687251Z ##[endgroup]
dependency-test	Set up job	2026-08-27T11:47:58.0688985Z Secret source: Actions
dependency-test	Set up job	2026-08-27T11:47:58.0689971Z Prepare workflow directory
dependency-test	Set up job	2026-08-27T11:47:58.0978107Z Prepare all required actions
dependency-test	Set up job	2026-08-27T11:47:58.1017848Z Getting action download info
dependency-test	Set up job	2026-08-27T11:47:58.3833375Z Download action repository 'actions/checkout@v4' (SHA:11d5960a326750d5838078e36cf38b85af677262)
dependency-test	Set up job	2026-08-27T11:47:58.7007662Z Download action repository 'actions/setup-python@v5' (SHA:a26af69be951a213d495a4c3e4e4022e16d87065)
dependency-test	Set up job	2026-08-27T11:47:58.9495864Z Complete job name: dependency-test
dependency-test	Checkout Repository	﻿2026-08-27T11:47:59.0080470Z Node 20 is being deprecated. This workflow is running with Node 24 by default. If you need to temporarily use Node 20, you can set the ACTIONS_ALLOW_USE_UNSECURE_NODE_VERSION=true environment variable. For more information see: https://github.blog/changelog/2025-09-19-deprecation-of-node-20-on-github-actions-runners/
dependency-test	Checkout Repository	2026-08-27T11:47:59.0087226Z ##[group]Run actions/checkout@v4
dependency-test	Checkout Repository	2026-08-27T11:47:59.0088032Z with:
dependency-test	Checkout Repository	2026-08-27T11:47:59.0088429Z   repository: DhruvHegde/dependency-error-repo
dependency-test	Checkout Repository	2026-08-27T11:47:59.0091689Z   token: ***
dependency-test	Checkout Repository	2026-08-27T11:47:59.0092036Z   ssh-strict: true
dependency-test	Checkout Repository	2026-08-27T11:47:59.0092377Z   ssh-user: git
dependency-test	Checkout Repository	2026-08-27T11:47:59.0092735Z   persist-credentials: true
dependency-test	Checkout Repository	2026-08-27T11:47:59.0093112Z   clean: true
dependency-test	Checkout Repository	2026-08-27T11:47:59.0093457Z   sparse-checkout-cone-mode: true
dependency-test	Checkout Repository	2026-08-27T11:47:59.0093860Z   fetch-depth: 1
dependency-test	Checkout Repository	2026-08-27T11:47:59.0094193Z   fetch-tags: false
dependency-test	Checkout Repository	2026-08-27T11:47:59.0094549Z   show-progress: true
dependency-test	Checkout Repository	2026-08-27T11:47:59.0094893Z   lfs: false
dependency-test	Checkout Repository	2026-08-27T11:47:59.0095212Z   submodules: false
dependency-test	Checkout Repository	2026-08-27T11:47:59.0095607Z   set-safe-directory: true
dependency-test	Checkout Repository	2026-08-27T11:47:59.0096000Z   allow-unsafe-pr-checkout: false
dependency-test	Checkout Repository	2026-08-27T11:47:59.0096614Z ##[endgroup]
dependency-test	Checkout Repository	2026-08-27T11:47:59.0967077Z Syncing repository: DhruvHegde/dependency-error-repo
dependency-test	Checkout Repository	2026-08-27T11:47:59.0968773Z ##[group]Getting Git version info
dependency-test	Checkout Repository	2026-08-27T11:47:59.0969695Z Working directory is '/home/runner/work/dependency-error-repo/dependency-error-repo'
dependency-test	Checkout Repository	2026-08-27T11:47:59.0970676Z [command]/usr/bin/git version
dependency-test	Checkout Repository	2026-08-27T11:47:59.1046614Z git version 2.55.0
dependency-test	Checkout Repository	2026-08-27T11:47:59.1063903Z ##[endgroup]
dependency-test	Checkout Repository	2026-08-27T11:47:59.1077131Z Temporarily overriding HOME='/home/runner/work/_temp/84d611fd-7602-4f64-b31b-6d800bd380ff' before making global git config changes
dependency-test	Checkout Repository	2026-08-27T11:47:59.1078867Z Adding repository directory to the temporary git global config as a safe directory
dependency-test	Checkout Repository	2026-08-27T11:47:59.1081952Z [command]/usr/bin/git config --global --add safe.directory /home/runner/work/dependency-error-repo/dependency-error-repo
dependency-test	Checkout Repository	2026-08-27T11:47:59.1159746Z Deleting the contents of '/home/runner/work/dependency-error-repo/dependency-error-repo'
dependency-test	Checkout Repository	2026-08-27T11:47:59.1164222Z ##[group]Initializing the repository
dependency-test	Checkout Repository	2026-08-27T11:47:59.1165718Z [command]/usr/bin/git init /home/runner/work/dependency-error-repo/dependency-error-repo
dependency-test	Checkout Repository	2026-08-27T11:47:59.1279122Z hint: Using 'master' as the name for the initial branch. This default branch name
dependency-test	Checkout Repository	2026-08-27T11:47:59.1300594Z hint: will change to "main" in Git 3.0. To configure the initial branch name
dependency-test	Checkout Repository	2026-08-27T11:47:59.1305206Z hint: to use in all of your new repositories, which will suppress this warning,
dependency-test	Checkout Repository	2026-08-27T11:47:59.1306582Z hint: call:
dependency-test	Checkout Repository	2026-08-27T11:47:59.1307255Z hint:
dependency-test	Checkout Repository	2026-08-27T11:47:59.1308067Z hint: 	git config --global init.defaultBranch <name>
dependency-test	Checkout Repository	2026-08-27T11:47:59.1309024Z hint:
dependency-test	Checkout Repository	2026-08-27T11:47:59.1310102Z hint: Names commonly chosen instead of 'master' are 'main', 'trunk' and
dependency-test	Checkout Repository	2026-08-27T11:47:59.1311466Z hint: 'development'. The just-created branch can be renamed via this command:
dependency-test	Checkout Repository	2026-08-27T11:47:59.1312674Z hint:
dependency-test	Checkout Repository	2026-08-27T11:47:59.1313367Z hint: 	git branch -m <name>
dependency-test	Checkout Repository	2026-08-27T11:47:59.1314151Z hint:
dependency-test	Checkout Repository	2026-08-27T11:47:59.1315070Z hint: Disable this message with "git config set advice.defaultBranchName false"
dependency-test	Checkout Repository	2026-08-27T11:47:59.1316904Z Initialized empty Git repository in /home/runner/work/dependency-error-repo/dependency-error-repo/.git/
dependency-test	Checkout Repository	2026-08-27T11:47:59.1320017Z [command]/usr/bin/git remote add origin https://github.com/DhruvHegde/dependency-error-repo
dependency-test	Checkout Repository	2026-08-27T11:47:59.1384789Z ##[endgroup]
dependency-test	Checkout Repository	2026-08-27T11:47:59.1385913Z ##[group]Disabling automatic garbage collection
dependency-test	Checkout Repository	2026-08-27T11:47:59.1386856Z [command]/usr/bin/git config --local gc.auto 0
dependency-test	Checkout Repository	2026-08-27T11:47:59.1408499Z ##[endgroup]
dependency-test	Checkout Repository	2026-08-27T11:47:59.1409627Z ##[group]Setting up auth
dependency-test	Checkout Repository	2026-08-27T11:47:59.1416013Z [command]/usr/bin/git config --local --name-only --get-regexp core\.sshCommand
dependency-test	Checkout Repository	2026-08-27T11:47:59.1459561Z [command]/usr/bin/git submodule foreach --recursive sh -c "git config --local --name-only --get-regexp 'core\.sshCommand' && git config --local --unset-all 'core.sshCommand' || :"
dependency-test	Checkout Repository	2026-08-27T11:47:59.1914973Z [command]/usr/bin/git config --local --name-only --get-regexp http\.https\:\/\/github\.com\/\.extraheader
dependency-test	Checkout Repository	2026-08-27T11:47:59.1950123Z [command]/usr/bin/git submodule foreach --recursive sh -c "git config --local --name-only --get-regexp 'http\.https\:\/\/github\.com\/\.extraheader' && git config --local --unset-all 'http.https://github.com/.extraheader' || :"
dependency-test	Checkout Repository	2026-08-27T11:47:59.2156551Z [command]/usr/bin/git config --local --name-only --get-regexp ^includeIf\.gitdir:
dependency-test	Checkout Repository	2026-08-27T11:47:59.2187490Z [command]/usr/bin/git submodule foreach --recursive git config --local --show-origin --name-only --get-regexp remote.origin.url
dependency-test	Checkout Repository	2026-08-27T11:47:59.2377020Z [command]/usr/bin/git config --local http.https://github.com/.extraheader AUTHORIZATION: basic ***
dependency-test	Checkout Repository	2026-08-27T11:47:59.2409054Z ##[endgroup]
dependency-test	Checkout Repository	2026-08-27T11:47:59.2409918Z ##[group]Fetching the repository
dependency-test	Checkout Repository	2026-08-27T11:47:59.2416676Z [command]/usr/bin/git -c protocol.version=2 fetch --no-tags --prune --no-recurse-submodules --depth=1 origin +c5618d3766d14ba9cda150a9e09d90db1d03223b:refs/remotes/origin/feature/syntax-errors
dependency-test	Checkout Repository	2026-08-27T11:48:00.2099299Z From https://github.com/DhruvHegde/dependency-error-repo
dependency-test	Checkout Repository	2026-08-27T11:48:00.2101506Z  * [new ref]         c5618d3766d14ba9cda150a9e09d90db1d03223b -> origin/feature/syntax-errors
dependency-test	Checkout Repository	2026-08-27T11:48:00.2105656Z ##[endgroup]
dependency-test	Checkout Repository	2026-08-27T11:48:00.2107227Z ##[group]Determining the checkout info
dependency-test	Checkout Repository	2026-08-27T11:48:00.2109026Z ##[endgroup]
dependency-test	Checkout Repository	2026-08-27T11:48:00.2110349Z [command]/usr/bin/git sparse-checkout disable
dependency-test	Checkout Repository	2026-08-27T11:48:00.2154422Z [command]/usr/bin/git config --local --unset-all extensions.worktreeConfig
dependency-test	Checkout Repository	2026-08-27T11:48:00.2184082Z ##[group]Checking out the ref
dependency-test	Checkout Repository	2026-08-27T11:48:00.2188377Z [command]/usr/bin/git checkout --progress --force -B feature/syntax-errors refs/remotes/origin/feature/syntax-errors
dependency-test	Checkout Repository	2026-08-27T11:48:00.2334416Z Switched to a new branch 'feature/syntax-errors'
dependency-test	Checkout Repository	2026-08-27T11:48:00.2338367Z branch 'feature/syntax-errors' set up to track 'origin/feature/syntax-errors'.
dependency-test	Checkout Repository	2026-08-27T11:48:00.2344579Z ##[endgroup]
dependency-test	Checkout Repository	2026-08-27T11:48:00.2382528Z [command]/usr/bin/git log -1 --format=%H
dependency-test	Checkout Repository	2026-08-27T11:48:00.2405846Z c5618d3766d14ba9cda150a9e09d90db1d03223b
dependency-test	Setup Python	﻿2026-08-27T11:48:00.2723741Z Node 20 is being deprecated. This workflow is running with Node 24 by default. If you need to temporarily use Node 20, you can set the ACTIONS_ALLOW_USE_UNSECURE_NODE_VERSION=true environment variable. For more information see: https://github.blog/changelog/2025-09-19-deprecation-of-node-20-on-github-actions-runners/
dependency-test	Setup Python	2026-08-27T11:48:00.2728693Z ##[group]Run actions/setup-python@v5
dependency-test	Setup Python	2026-08-27T11:48:00.2729825Z with:
dependency-test	Setup Python	2026-08-27T11:48:00.2730566Z   python-version: 3.11
dependency-test	Setup Python	2026-08-27T11:48:00.2731438Z   check-latest: false
dependency-test	Setup Python	2026-08-27T11:48:00.2739189Z   token: ***
dependency-test	Setup Python	2026-08-27T11:48:00.2740082Z   update-environment: true
dependency-test	Setup Python	2026-08-27T11:48:00.2741050Z   allow-prereleases: false
dependency-test	Setup Python	2026-08-27T11:48:00.2741981Z   freethreaded: false
dependency-test	Setup Python	2026-08-27T11:48:00.2742819Z ##[endgroup]
dependency-test	Setup Python	2026-08-27T11:48:00.4466924Z ##[group]Installed versions
dependency-test	Setup Python	2026-08-27T11:48:00.5681062Z (node:2010) [DEP0040] DeprecationWarning: The `punycode` module is deprecated. Please use a userland alternative instead.
dependency-test	Setup Python	2026-08-27T11:48:00.5681879Z (Use `node --trace-deprecation ...` to show where the warning was created)
dependency-test	Setup Python	2026-08-27T11:48:00.5682596Z Successfully set up CPython (3.11.16)
dependency-test	Setup Python	2026-08-27T11:48:00.5683251Z ##[endgroup]
dependency-test	Install Dependencies	﻿2026-08-27T11:48:00.5845651Z ##[group]Run python -m pip install --upgrade pip
dependency-test	Install Dependencies	2026-08-27T11:48:00.5846380Z ^[[36;1mpython -m pip install --upgrade pip^[[0m
dependency-test	Install Dependencies	2026-08-27T11:48:00.5846873Z ^[[36;1mpip install -r requirements.txt^[[0m
dependency-test	Install Dependencies	2026-08-27T11:48:00.5905812Z shell: /usr/bin/bash -e {0}
dependency-test	Install Dependencies	2026-08-27T11:48:00.5906229Z env:
dependency-test	Install Dependencies	2026-08-27T11:48:00.5906625Z   pythonLocation: /opt/hostedtoolcache/Python/3.11.16/x64
dependency-test	Install Dependencies	2026-08-27T11:48:00.5907274Z   PKG_CONFIG_PATH: /opt/hostedtoolcache/Python/3.11.16/x64/lib/pkgconfig
dependency-test	Install Dependencies	2026-08-27T11:48:00.5907906Z   Python_ROOT_DIR: /opt/hostedtoolcache/Python/3.11.16/x64
dependency-test	Install Dependencies	2026-08-27T11:48:00.5908473Z   Python2_ROOT_DIR: /opt/hostedtoolcache/Python/3.11.16/x64
dependency-test	Install Dependencies	2026-08-27T11:48:00.5909060Z   Python3_ROOT_DIR: /opt/hostedtoolcache/Python/3.11.16/x64
dependency-test	Install Dependencies	2026-08-27T11:48:00.5909789Z   LD_LIBRARY_PATH: /opt/hostedtoolcache/Python/3.11.16/x64/lib
dependency-test	Install Dependencies	2026-08-27T11:48:00.5989236Z ##[endgroup]
dependency-test	Install Dependencies	2026-08-27T11:48:01.8659306Z Requirement already satisfied: pip in /opt/hostedtoolcache/Python/3.11.16/x64/lib/python3.11/site-packages (26.2.1)
dependency-test	Install Dependencies	2026-08-27T11:48:03.1312849Z Collecting pytest (from -r requirements.txt (line 1))
dependency-test	Install Dependencies	2026-08-27T11:48:03.1692532Z   Downloading pytest-9.1.1-py3-none-any.whl.metadata (7.6 kB)
dependency-test	Install Dependencies	2026-08-27T11:48:03.5930900Z Collecting iniconfig>=1.0.1 (from pytest->-r requirements.txt (line 1))
dependency-test	Install Dependencies	2026-08-27T11:48:03.5957455Z   Downloading iniconfig-2.3.0-py3-none-any.whl.metadata (2.5 kB)
dependency-test	Install Dependencies	2026-08-27T11:48:03.9665189Z Collecting packaging>=22 (from pytest->-r requirements.txt (line 1))
dependency-test	Install Dependencies	2026-08-27T11:48:03.9691791Z   Downloading packaging-26.3-py3-none-any.whl.metadata (3.5 kB)
dependency-test	Install Dependencies	2026-08-27T11:48:04.0344217Z Collecting pluggy<2,>=1.5 (from pytest->-r requirements.txt (line 1))
dependency-test	Install Dependencies	2026-08-27T11:48:04.0374641Z   Downloading pluggy-1.6.0-py3-none-any.whl.metadata (4.8 kB)
dependency-test	Install Dependencies	2026-08-27T11:48:04.1169429Z Collecting pygments>=2.7.2 (from pytest->-r requirements.txt (line 1))
dependency-test	Install Dependencies	2026-08-27T11:48:04.1194464Z   Downloading pygments-2.21.0-py3-none-any.whl.metadata (2.5 kB)
dependency-test	Install Dependencies	2026-08-27T11:48:04.1585564Z Downloading pytest-9.1.1-py3-none-any.whl (386 kB)
dependency-test	Install Dependencies	2026-08-27T11:48:04.2745275Z Downloading pluggy-1.6.0-py3-none-any.whl (20 kB)
dependency-test	Install Dependencies	2026-08-27T11:48:04.3042226Z Downloading iniconfig-2.3.0-py3-none-any.whl (7.5 kB)
dependency-test	Install Dependencies	2026-08-27T11:48:04.3248541Z Downloading packaging-26.3-py3-none-any.whl (129 kB)
dependency-test	Install Dependencies	2026-08-27T11:48:04.6253192Z Downloading pygments-2.21.0-py3-none-any.whl (1.3 MB)
dependency-test	Install Dependencies	2026-08-27T11:48:04.6632769Z    ━━━━━━━━━━━━━━━━━━━━━━━━━━━━━━━━━━━━━━━━ 1.3/1.3 MB 28.5 MB/s  0:00:00
dependency-test	Install Dependencies	2026-08-27T11:48:04.7121382Z Installing collected packages: pygments, pluggy, packaging, iniconfig, pytest
dependency-test	Install Dependencies	2026-08-27T11:48:06.1026653Z 
dependency-test	Install Dependencies	2026-08-27T11:48:06.1050912Z Successfully installed iniconfig-2.3.0 packaging-26.3 pluggy-1.6.0 pygments-2.21.0 pytest-9.1.1
dependency-test	Check App Syntax	﻿2026-08-27T11:48:06.1516348Z ##[group]Run python -c "import app"
dependency-test	Check App Syntax	2026-08-27T11:48:06.1516671Z ^[[36;1mpython -c "import app"^[[0m
dependency-test	Check App Syntax	2026-08-27T11:48:06.1551612Z shell: /usr/bin/bash -e {0}
dependency-test	Check App Syntax	2026-08-27T11:48:06.1551831Z env:
dependency-test	Check App Syntax	2026-08-27T11:48:06.1552054Z   pythonLocation: /opt/hostedtoolcache/Python/3.11.16/x64
dependency-test	Check App Syntax	2026-08-27T11:48:06.1552396Z   PKG_CONFIG_PATH: /opt/hostedtoolcache/Python/3.11.16/x64/lib/pkgconfig
dependency-test	Check App Syntax	2026-08-27T11:48:06.1552728Z   Python_ROOT_DIR: /opt/hostedtoolcache/Python/3.11.16/x64
dependency-test	Check App Syntax	2026-08-27T11:48:06.1553035Z   Python2_ROOT_DIR: /opt/hostedtoolcache/Python/3.11.16/x64
dependency-test	Check App Syntax	2026-08-27T11:48:06.1553336Z   Python3_ROOT_DIR: /opt/hostedtoolcache/Python/3.11.16/x64
dependency-test	Check App Syntax	2026-08-27T11:48:06.1553659Z   LD_LIBRARY_PATH: /opt/hostedtoolcache/Python/3.11.16/x64/lib
dependency-test	Check App Syntax	2026-08-27T11:48:06.1553924Z ##[endgroup]
dependency-test	Check App Syntax	2026-08-27T11:48:06.2126491Z Traceback (most recent call last):
dependency-test	Check App Syntax	2026-08-27T11:48:06.2131927Z   File "<string>", line 1, in <module>
dependency-test	Check App Syntax	2026-08-27T11:48:06.2132565Z   File "/home/runner/work/dependency-error-repo/dependency-error-repo/app.py", line 4
dependency-test	Check App Syntax	2026-08-27T11:48:06.2133115Z     for x range(5):
dependency-test	Check App Syntax	2026-08-27T11:48:06.2133343Z           ^^^^^
dependency-test	Check App Syntax	2026-08-27T11:48:06.2133577Z SyntaxError: invalid syntax
dependency-test	Check App Syntax	2026-08-27T11:48:06.2155853Z ##[error]Process completed with exit code 1.
dependency-test	Post Checkout Repository	﻿2026-08-27T11:48:06.2276306Z Node 20 is being deprecated. This workflow is running with Node 24 by default. If you need to temporarily use Node 20, you can set the ACTIONS_ALLOW_USE_UNSECURE_NODE_VERSION=true environment variable. For more information see: https://github.blog/changelog/2025-09-19-deprecation-of-node-20-on-github-actions-runners/
dependency-test	Post Checkout Repository	2026-08-27T11:48:06.2277230Z Post job cleanup.
dependency-test	Post Checkout Repository	2026-08-27T11:48:06.2968820Z [command]/usr/bin/git version
dependency-test	Post Checkout Repository	2026-08-27T11:48:06.3004041Z git version 2.55.0
dependency-test	Post Checkout Repository	2026-08-27T11:48:06.3033849Z Temporarily overriding HOME='/home/runner/work/_temp/dddc716f-8d95-47a6-9492-e1d78e7e96b0' before making global git config changes
dependency-test	Post Checkout Repository	2026-08-27T11:48:06.3034982Z Adding repository directory to the temporary git global config as a safe directory
dependency-test	Post Checkout Repository	2026-08-27T11:48:06.3037736Z [command]/usr/bin/git config --global --add safe.directory /home/runner/work/dependency-error-repo/dependency-error-repo
dependency-test	Post Checkout Repository	2026-08-27T11:48:06.3141281Z [command]/usr/bin/git config --local --name-only --get-regexp core\.sshCommand
dependency-test	Post Checkout Repository	2026-08-27T11:48:06.3181340Z [command]/usr/bin/git submodule foreach --recursive sh -c "git config --local --name-only --get-regexp 'core\.sshCommand' && git config --local --unset-all 'core.sshCommand' || :"
dependency-test	Post Checkout Repository	2026-08-27T11:48:06.3388272Z [command]/usr/bin/git config --local --name-only --get-regexp http\.https\:\/\/github\.com\/\.extraheader
dependency-test	Post Checkout Repository	2026-08-27T11:48:06.3549215Z http.https://github.com/.extraheader
dependency-test	Post Checkout Repository	2026-08-27T11:48:06.3561004Z [command]/usr/bin/git config --local --unset-all http.https://github.com/.extraheader
dependency-test	Post Checkout Repository	2026-08-27T11:48:06.4330784Z [command]/usr/bin/git submodule foreach --recursive sh -c "git config --local --name-only --get-regexp 'http\.https\:\/\/github\.com\/\.extraheader' && git config --local --unset-all 'http.https://github.com/.extraheader' || :"
dependency-test	Post Checkout Repository	2026-08-27T11:48:06.4546541Z [command]/usr/bin/git config --local --name-only --get-regexp ^includeIf\.gitdir:
dependency-test	Post Checkout Repository	2026-08-27T11:48:06.4579421Z [command]/usr/bin/git submodule foreach --recursive git config --local --show-origin --name-only --get-regexp remote.origin.url
dependency-test	Complete job	﻿2026-08-27T11:48:06.4927665Z Cleaning up orphan processes
dependency-test	Complete job	2026-08-27T11:48:06.5171187Z ##[warning]Node.js 20 is deprecated. The following actions target Node.js 20 but are being forced to run on Node.js 24: actions/checkout@v4, actions/setup-python@v5. For more information see: https://github.blog/changelog/2025-09-19-deprecation-of-node-20-on-github-actions-runners/