dependency-test	Set up job	﻿2026-08-27T11:21:20.5989887Z Current runner version: '2.336.0'
dependency-test	Set up job	2026-08-27T11:21:20.6015884Z ##[group]Runner Image Provisioner
dependency-test	Set up job	2026-08-27T11:21:20.6016849Z Hosted Compute Agent
dependency-test	Set up job	2026-08-27T11:21:20.6017535Z Version: 20260819.586
dependency-test	Set up job	2026-08-27T11:21:20.6018200Z Commit: 3cc4a88dfa507ef76119ad1bb3eccc6378bb2b76
dependency-test	Set up job	2026-08-27T11:21:20.6018919Z Build Date: 2026-08-18T23:20:18Z
dependency-test	Set up job	2026-08-27T11:21:20.6019730Z Worker ID: {744fea7f-0fed-4b4d-8b30-59e3a60a1b2b}
dependency-test	Set up job	2026-08-27T11:21:20.6020575Z Azure Region: westcentralus
dependency-test	Set up job	2026-08-27T11:21:20.6021518Z ##[endgroup]
dependency-test	Set up job	2026-08-27T11:21:20.6023189Z ##[group]Operating System
dependency-test	Set up job	2026-08-27T11:21:20.6024014Z Ubuntu
dependency-test	Set up job	2026-08-27T11:21:20.6024689Z 24.04.4
dependency-test	Set up job	2026-08-27T11:21:20.6025250Z LTS
dependency-test	Set up job	2026-08-27T11:21:20.6025814Z ##[endgroup]
dependency-test	Set up job	2026-08-27T11:21:20.6026387Z ##[group]Runner Image
dependency-test	Set up job	2026-08-27T11:21:20.6026987Z Image: ubuntu-24.04
dependency-test	Set up job	2026-08-27T11:21:20.6027636Z Version: 20260823.283.1
dependency-test	Set up job	2026-08-27T11:21:20.6028746Z Included Software: https://github.com/actions/runner-images/blob/ubuntu24/20260823.283/images/ubuntu/Ubuntu2404-Readme.md
dependency-test	Set up job	2026-08-27T11:21:20.6030515Z Image Release: https://github.com/actions/runner-images/releases/tag/ubuntu24%2F20260823.283
dependency-test	Set up job	2026-08-27T11:21:20.6031922Z ##[endgroup]
dependency-test	Set up job	2026-08-27T11:21:20.6033287Z ##[group]GITHUB_TOKEN Permissions
dependency-test	Set up job	2026-08-27T11:21:20.6035225Z Contents: read
dependency-test	Set up job	2026-08-27T11:21:20.6035983Z Metadata: read
dependency-test	Set up job	2026-08-27T11:21:20.6036920Z Packages: read
dependency-test	Set up job	2026-08-27T11:21:20.6037640Z ##[endgroup]
dependency-test	Set up job	2026-08-27T11:21:20.6039715Z Secret source: Actions
dependency-test	Set up job	2026-08-27T11:21:20.6040927Z Prepare workflow directory
dependency-test	Set up job	2026-08-27T11:21:20.6443664Z Prepare all required actions
dependency-test	Set up job	2026-08-27T11:21:20.6492159Z Getting action download info
dependency-test	Set up job	2026-08-27T11:21:20.9523283Z Download action repository 'actions/checkout@v4' (SHA:11d5960a326750d5838078e36cf38b85af677262)
dependency-test	Set up job	2026-08-27T11:21:21.1166357Z Download action repository 'actions/setup-python@v5' (SHA:a26af69be951a213d495a4c3e4e4022e16d87065)
dependency-test	Set up job	2026-08-27T11:21:21.2984096Z Complete job name: dependency-test
dependency-test	Checkout Repository	﻿2026-08-27T11:21:21.3743778Z Node 20 is being deprecated. This workflow is running with Node 24 by default. If you need to temporarily use Node 20, you can set the ACTIONS_ALLOW_USE_UNSECURE_NODE_VERSION=true environment variable. For more information see: https://github.blog/changelog/2025-09-19-deprecation-of-node-20-on-github-actions-runners/
dependency-test	Checkout Repository	2026-08-27T11:21:21.3752838Z ##[group]Run actions/checkout@v4
dependency-test	Checkout Repository	2026-08-27T11:21:21.3753612Z with:
dependency-test	Checkout Repository	2026-08-27T11:21:21.3754138Z   repository: DhruvHegde/dependency-error-repo
dependency-test	Checkout Repository	2026-08-27T11:21:21.3757980Z   token: ***
dependency-test	Checkout Repository	2026-08-27T11:21:21.3758435Z   ssh-strict: true
dependency-test	Checkout Repository	2026-08-27T11:21:21.3758888Z   ssh-user: git
dependency-test	Checkout Repository	2026-08-27T11:21:21.3759361Z   persist-credentials: true
dependency-test	Checkout Repository	2026-08-27T11:21:21.3759869Z   clean: true
dependency-test	Checkout Repository	2026-08-27T11:21:21.3760325Z   sparse-checkout-cone-mode: true
dependency-test	Checkout Repository	2026-08-27T11:21:21.3760906Z   fetch-depth: 1
dependency-test	Checkout Repository	2026-08-27T11:21:21.3761545Z   fetch-tags: false
dependency-test	Checkout Repository	2026-08-27T11:21:21.3762005Z   show-progress: true
dependency-test	Checkout Repository	2026-08-27T11:21:21.3762466Z   lfs: false
dependency-test	Checkout Repository	2026-08-27T11:21:21.3762899Z   submodules: false
dependency-test	Checkout Repository	2026-08-27T11:21:21.3763404Z   set-safe-directory: true
dependency-test	Checkout Repository	2026-08-27T11:21:21.3763932Z   allow-unsafe-pr-checkout: false
dependency-test	Checkout Repository	2026-08-27T11:21:21.3764743Z ##[endgroup]
dependency-test	Checkout Repository	2026-08-27T11:21:21.4787651Z Syncing repository: DhruvHegde/dependency-error-repo
dependency-test	Checkout Repository	2026-08-27T11:21:21.4790353Z ##[group]Getting Git version info
dependency-test	Checkout Repository	2026-08-27T11:21:21.4792080Z Working directory is '/home/runner/work/dependency-error-repo/dependency-error-repo'
dependency-test	Checkout Repository	2026-08-27T11:21:21.4793979Z [command]/usr/bin/git version
dependency-test	Checkout Repository	2026-08-27T11:21:21.4845470Z git version 2.55.0
dependency-test	Checkout Repository	2026-08-27T11:21:21.4876583Z ##[endgroup]
dependency-test	Checkout Repository	2026-08-27T11:21:21.4883500Z Temporarily overriding HOME='/home/runner/work/_temp/00643ce4-1898-4742-9e83-d3528d51a68a' before making global git config changes
dependency-test	Checkout Repository	2026-08-27T11:21:21.4885808Z Adding repository directory to the temporary git global config as a safe directory
dependency-test	Checkout Repository	2026-08-27T11:21:21.4896526Z [command]/usr/bin/git config --global --add safe.directory /home/runner/work/dependency-error-repo/dependency-error-repo
dependency-test	Checkout Repository	2026-08-27T11:21:21.4956516Z Deleting the contents of '/home/runner/work/dependency-error-repo/dependency-error-repo'
dependency-test	Checkout Repository	2026-08-27T11:21:21.4960208Z ##[group]Initializing the repository
dependency-test	Checkout Repository	2026-08-27T11:21:21.4966090Z [command]/usr/bin/git init /home/runner/work/dependency-error-repo/dependency-error-repo
dependency-test	Checkout Repository	2026-08-27T11:21:21.5075083Z hint: Using 'master' as the name for the initial branch. This default branch name
dependency-test	Checkout Repository	2026-08-27T11:21:21.5078462Z hint: will change to "main" in Git 3.0. To configure the initial branch name
dependency-test	Checkout Repository	2026-08-27T11:21:21.5080024Z hint: to use in all of your new repositories, which will suppress this warning,
dependency-test	Checkout Repository	2026-08-27T11:21:21.5081489Z hint: call:
dependency-test	Checkout Repository	2026-08-27T11:21:21.5082190Z hint:
dependency-test	Checkout Repository	2026-08-27T11:21:21.5082990Z hint: 	git config --global init.defaultBranch <name>
dependency-test	Checkout Repository	2026-08-27T11:21:21.5083972Z hint:
dependency-test	Checkout Repository	2026-08-27T11:21:21.5084887Z hint: Names commonly chosen instead of 'master' are 'main', 'trunk' and
dependency-test	Checkout Repository	2026-08-27T11:21:21.5086397Z hint: 'development'. The just-created branch can be renamed via this command:
dependency-test	Checkout Repository	2026-08-27T11:21:21.5087674Z hint:
dependency-test	Checkout Repository	2026-08-27T11:21:21.5088317Z hint: 	git branch -m <name>
dependency-test	Checkout Repository	2026-08-27T11:21:21.5089080Z hint:
dependency-test	Checkout Repository	2026-08-27T11:21:21.5090061Z hint: Disable this message with "git config set advice.defaultBranchName false"
dependency-test	Checkout Repository	2026-08-27T11:21:21.5092194Z Initialized empty Git repository in /home/runner/work/dependency-error-repo/dependency-error-repo/.git/
dependency-test	Checkout Repository	2026-08-27T11:21:21.5095217Z [command]/usr/bin/git remote add origin https://github.com/DhruvHegde/dependency-error-repo
dependency-test	Checkout Repository	2026-08-27T11:21:21.5142301Z ##[endgroup]
dependency-test	Checkout Repository	2026-08-27T11:21:21.5143695Z ##[group]Disabling automatic garbage collection
dependency-test	Checkout Repository	2026-08-27T11:21:21.5145646Z [command]/usr/bin/git config --local gc.auto 0
dependency-test	Checkout Repository	2026-08-27T11:21:21.5178069Z ##[endgroup]
dependency-test	Checkout Repository	2026-08-27T11:21:21.5179410Z ##[group]Setting up auth
dependency-test	Checkout Repository	2026-08-27T11:21:21.5185945Z [command]/usr/bin/git config --local --name-only --get-regexp core\.sshCommand
dependency-test	Checkout Repository	2026-08-27T11:21:21.5218499Z [command]/usr/bin/git submodule foreach --recursive sh -c "git config --local --name-only --get-regexp 'core\.sshCommand' && git config --local --unset-all 'core.sshCommand' || :"
dependency-test	Checkout Repository	2026-08-27T11:21:21.5636482Z [command]/usr/bin/git config --local --name-only --get-regexp http\.https\:\/\/github\.com\/\.extraheader
dependency-test	Checkout Repository	2026-08-27T11:21:21.5686232Z [command]/usr/bin/git submodule foreach --recursive sh -c "git config --local --name-only --get-regexp 'http\.https\:\/\/github\.com\/\.extraheader' && git config --local --unset-all 'http.https://github.com/.extraheader' || :"
dependency-test	Checkout Repository	2026-08-27T11:21:21.5926737Z [command]/usr/bin/git config --local --name-only --get-regexp ^includeIf\.gitdir:
dependency-test	Checkout Repository	2026-08-27T11:21:21.5964799Z [command]/usr/bin/git submodule foreach --recursive git config --local --show-origin --name-only --get-regexp remote.origin.url
dependency-test	Checkout Repository	2026-08-27T11:21:21.6192558Z [command]/usr/bin/git config --local http.https://github.com/.extraheader AUTHORIZATION: basic ***
dependency-test	Checkout Repository	2026-08-27T11:21:21.6235513Z ##[endgroup]
dependency-test	Checkout Repository	2026-08-27T11:21:21.6237139Z ##[group]Fetching the repository
dependency-test	Checkout Repository	2026-08-27T11:21:21.6247603Z [command]/usr/bin/git -c protocol.version=2 fetch --no-tags --prune --no-recurse-submodules --depth=1 origin +5be3a7974f0465d2de26f3c220134fed7b9c48c2:refs/remotes/origin/feature/syntax-errors
dependency-test	Checkout Repository	2026-08-27T11:21:22.3002753Z From https://github.com/DhruvHegde/dependency-error-repo
dependency-test	Checkout Repository	2026-08-27T11:21:22.3004207Z  * [new ref]         5be3a7974f0465d2de26f3c220134fed7b9c48c2 -> origin/feature/syntax-errors
dependency-test	Checkout Repository	2026-08-27T11:21:22.3007615Z ##[endgroup]
dependency-test	Checkout Repository	2026-08-27T11:21:22.3008520Z ##[group]Determining the checkout info
dependency-test	Checkout Repository	2026-08-27T11:21:22.3011932Z ##[endgroup]
dependency-test	Checkout Repository	2026-08-27T11:21:22.3032651Z [command]/usr/bin/git sparse-checkout disable
dependency-test	Checkout Repository	2026-08-27T11:21:22.3078741Z [command]/usr/bin/git config --local --unset-all extensions.worktreeConfig
dependency-test	Checkout Repository	2026-08-27T11:21:22.3114668Z ##[group]Checking out the ref
dependency-test	Checkout Repository	2026-08-27T11:21:22.3121078Z [command]/usr/bin/git checkout --progress --force -B feature/syntax-errors refs/remotes/origin/feature/syntax-errors
dependency-test	Checkout Repository	2026-08-27T11:21:22.3310438Z Switched to a new branch 'feature/syntax-errors'
dependency-test	Checkout Repository	2026-08-27T11:21:22.3316156Z branch 'feature/syntax-errors' set up to track 'origin/feature/syntax-errors'.
dependency-test	Checkout Repository	2026-08-27T11:21:22.3329732Z ##[endgroup]
dependency-test	Checkout Repository	2026-08-27T11:21:22.3370839Z [command]/usr/bin/git log -1 --format=%H
dependency-test	Checkout Repository	2026-08-27T11:21:22.3398125Z 5be3a7974f0465d2de26f3c220134fed7b9c48c2
dependency-test	Setup Python	﻿2026-08-27T11:21:22.3780047Z Node 20 is being deprecated. This workflow is running with Node 24 by default. If you need to temporarily use Node 20, you can set the ACTIONS_ALLOW_USE_UNSECURE_NODE_VERSION=true environment variable. For more information see: https://github.blog/changelog/2025-09-19-deprecation-of-node-20-on-github-actions-runners/
dependency-test	Setup Python	2026-08-27T11:21:22.3786145Z ##[group]Run actions/setup-python@v5
dependency-test	Setup Python	2026-08-27T11:21:22.3787307Z with:
dependency-test	Setup Python	2026-08-27T11:21:22.3788209Z   python-version: 3.11
dependency-test	Setup Python	2026-08-27T11:21:22.3789357Z   check-latest: false
dependency-test	Setup Python	2026-08-27T11:21:22.3799649Z   token: ***
dependency-test	Setup Python	2026-08-27T11:21:22.3800570Z   update-environment: true
dependency-test	Setup Python	2026-08-27T11:21:22.3801847Z   allow-prereleases: false
dependency-test	Setup Python	2026-08-27T11:21:22.3802906Z   freethreaded: false
dependency-test	Setup Python	2026-08-27T11:21:22.3803840Z ##[endgroup]
dependency-test	Setup Python	2026-08-27T11:21:22.5178924Z ##[group]Installed versions
dependency-test	Setup Python	2026-08-27T11:21:22.5270921Z (node:2196) [DEP0040] DeprecationWarning: The `punycode` module is deprecated. Please use a userland alternative instead.
dependency-test	Setup Python	2026-08-27T11:21:22.5274853Z (Use `node --trace-deprecation ...` to show where the warning was created)
dependency-test	Setup Python	2026-08-27T11:21:22.5276938Z Successfully set up CPython (3.11.16)
dependency-test	Setup Python	2026-08-27T11:21:22.5279293Z ##[endgroup]
dependency-test	Install Dependencies	﻿2026-08-27T11:21:22.5513148Z ##[group]Run python -m pip install --upgrade pip
dependency-test	Install Dependencies	2026-08-27T11:21:22.5514830Z ^[[36;1mpython -m pip install --upgrade pip^[[0m
dependency-test	Install Dependencies	2026-08-27T11:21:22.5516165Z ^[[36;1mpip install -r requirements.txt^[[0m
dependency-test	Install Dependencies	2026-08-27T11:21:22.5591632Z shell: /usr/bin/bash -e {0}
dependency-test	Install Dependencies	2026-08-27T11:21:22.5593301Z env:
dependency-test	Install Dependencies	2026-08-27T11:21:22.5594700Z   pythonLocation: /opt/hostedtoolcache/Python/3.11.16/x64
dependency-test	Install Dependencies	2026-08-27T11:21:22.5596534Z   PKG_CONFIG_PATH: /opt/hostedtoolcache/Python/3.11.16/x64/lib/pkgconfig
dependency-test	Install Dependencies	2026-08-27T11:21:22.5598367Z   Python_ROOT_DIR: /opt/hostedtoolcache/Python/3.11.16/x64
dependency-test	Install Dependencies	2026-08-27T11:21:22.5599981Z   Python2_ROOT_DIR: /opt/hostedtoolcache/Python/3.11.16/x64
dependency-test	Install Dependencies	2026-08-27T11:21:22.5602018Z   Python3_ROOT_DIR: /opt/hostedtoolcache/Python/3.11.16/x64
dependency-test	Install Dependencies	2026-08-27T11:21:22.5603813Z   LD_LIBRARY_PATH: /opt/hostedtoolcache/Python/3.11.16/x64/lib
dependency-test	Install Dependencies	2026-08-27T11:21:22.5605645Z ##[endgroup]
dependency-test	Install Dependencies	2026-08-27T11:21:23.1867750Z Requirement already satisfied: pip in /opt/hostedtoolcache/Python/3.11.16/x64/lib/python3.11/site-packages (26.2.1)
dependency-test	Install Dependencies	2026-08-27T11:21:23.8656681Z Collecting pytest (from -r requirements.txt (line 1))
dependency-test	Install Dependencies	2026-08-27T11:21:23.9632574Z   Downloading pytest-9.1.1-py3-none-any.whl.metadata (7.6 kB)
dependency-test	Install Dependencies	2026-08-27T11:21:23.9935089Z Collecting iniconfig>=1.0.1 (from pytest->-r requirements.txt (line 1))
dependency-test	Install Dependencies	2026-08-27T11:21:24.0129242Z   Downloading iniconfig-2.3.0-py3-none-any.whl.metadata (2.5 kB)
dependency-test	Install Dependencies	2026-08-27T11:21:24.0451931Z Collecting packaging>=22 (from pytest->-r requirements.txt (line 1))
dependency-test	Install Dependencies	2026-08-27T11:21:24.0648116Z   Downloading packaging-26.3-py3-none-any.whl.metadata (3.5 kB)
dependency-test	Install Dependencies	2026-08-27T11:21:24.0937006Z Collecting pluggy<2,>=1.5 (from pytest->-r requirements.txt (line 1))
dependency-test	Install Dependencies	2026-08-27T11:21:24.1129687Z   Downloading pluggy-1.6.0-py3-none-any.whl.metadata (4.8 kB)
dependency-test	Install Dependencies	2026-08-27T11:21:24.1504940Z Collecting pygments>=2.7.2 (from pytest->-r requirements.txt (line 1))
dependency-test	Install Dependencies	2026-08-27T11:21:24.1696378Z   Downloading pygments-2.21.0-py3-none-any.whl.metadata (2.5 kB)
dependency-test	Install Dependencies	2026-08-27T11:21:24.1938096Z Downloading pytest-9.1.1-py3-none-any.whl (386 kB)
dependency-test	Install Dependencies	2026-08-27T11:21:24.2847729Z Downloading pluggy-1.6.0-py3-none-any.whl (20 kB)
dependency-test	Install Dependencies	2026-08-27T11:21:24.3062130Z Downloading iniconfig-2.3.0-py3-none-any.whl (7.5 kB)
dependency-test	Install Dependencies	2026-08-27T11:21:24.3272974Z Downloading packaging-26.3-py3-none-any.whl (129 kB)
dependency-test	Install Dependencies	2026-08-27T11:21:24.3513028Z Downloading pygments-2.21.0-py3-none-any.whl (1.3 MB)
dependency-test	Install Dependencies	2026-08-27T11:21:24.4094905Z    ━━━━━━━━━━━━━━━━━━━━━━━━━━━━━━━━━━━━━━━━ 1.3/1.3 MB 19.6 MB/s  0:00:00
dependency-test	Install Dependencies	2026-08-27T11:21:24.4562627Z Installing collected packages: pygments, pluggy, packaging, iniconfig, pytest
dependency-test	Install Dependencies	2026-08-27T11:21:25.4137025Z 
dependency-test	Install Dependencies	2026-08-27T11:21:25.4162614Z Successfully installed iniconfig-2.3.0 packaging-26.3 pluggy-1.6.0 pygments-2.21.0 pytest-9.1.1
dependency-test	Check App Syntax	﻿2026-08-27T11:21:25.4659301Z ##[group]Run python -c "import app"
dependency-test	Check App Syntax	2026-08-27T11:21:25.4659683Z ^[[36;1mpython -c "import app"^[[0m
dependency-test	Check App Syntax	2026-08-27T11:21:25.4699155Z shell: /usr/bin/bash -e {0}
dependency-test	Check App Syntax	2026-08-27T11:21:25.4699424Z env:
dependency-test	Check App Syntax	2026-08-27T11:21:25.4699704Z   pythonLocation: /opt/hostedtoolcache/Python/3.11.16/x64
dependency-test	Check App Syntax	2026-08-27T11:21:25.4700166Z   PKG_CONFIG_PATH: /opt/hostedtoolcache/Python/3.11.16/x64/lib/pkgconfig
dependency-test	Check App Syntax	2026-08-27T11:21:25.4700605Z   Python_ROOT_DIR: /opt/hostedtoolcache/Python/3.11.16/x64
dependency-test	Check App Syntax	2026-08-27T11:21:25.4701002Z   Python2_ROOT_DIR: /opt/hostedtoolcache/Python/3.11.16/x64
dependency-test	Check App Syntax	2026-08-27T11:21:25.4701779Z   Python3_ROOT_DIR: /opt/hostedtoolcache/Python/3.11.16/x64
dependency-test	Check App Syntax	2026-08-27T11:21:25.4702179Z   LD_LIBRARY_PATH: /opt/hostedtoolcache/Python/3.11.16/x64/lib
dependency-test	Check App Syntax	2026-08-27T11:21:25.4702545Z ##[endgroup]
dependency-test	Check App Syntax	2026-08-27T11:21:25.4859157Z Traceback (most recent call last):
dependency-test	Check App Syntax	2026-08-27T11:21:25.4866504Z   File "<string>", line 1, in <module>
dependency-test	Check App Syntax	2026-08-27T11:21:25.4867313Z   File "/home/runner/work/dependency-error-repo/dependency-error-repo/app.py", line 4
dependency-test	Check App Syntax	2026-08-27T11:21:25.4867894Z     def sub(self, a, b):
dependency-test	Check App Syntax	2026-08-27T11:21:25.4868177Z                         ^
dependency-test	Check App Syntax	2026-08-27T11:21:25.4868590Z IndentationError: unindent does not match any outer indentation level
dependency-test	Check App Syntax	2026-08-27T11:21:25.4894482Z ##[error]Process completed with exit code 1.
dependency-test	Post Checkout Repository	﻿2026-08-27T11:21:25.5047126Z Node 20 is being deprecated. This workflow is running with Node 24 by default. If you need to temporarily use Node 20, you can set the ACTIONS_ALLOW_USE_UNSECURE_NODE_VERSION=true environment variable. For more information see: https://github.blog/changelog/2025-09-19-deprecation-of-node-20-on-github-actions-runners/
dependency-test	Post Checkout Repository	2026-08-27T11:21:25.5048426Z Post job cleanup.
dependency-test	Post Checkout Repository	2026-08-27T11:21:25.5899261Z [command]/usr/bin/git version
dependency-test	Post Checkout Repository	2026-08-27T11:21:25.5943703Z git version 2.55.0
dependency-test	Post Checkout Repository	2026-08-27T11:21:25.5983499Z Temporarily overriding HOME='/home/runner/work/_temp/4b898b7b-8164-4838-bb79-ae2a6b1ff795' before making global git config changes
dependency-test	Post Checkout Repository	2026-08-27T11:21:25.5985754Z Adding repository directory to the temporary git global config as a safe directory
dependency-test	Post Checkout Repository	2026-08-27T11:21:25.5993969Z [command]/usr/bin/git config --global --add safe.directory /home/runner/work/dependency-error-repo/dependency-error-repo
dependency-test	Post Checkout Repository	2026-08-27T11:21:25.6029386Z [command]/usr/bin/git config --local --name-only --get-regexp core\.sshCommand
dependency-test	Post Checkout Repository	2026-08-27T11:21:25.6067388Z [command]/usr/bin/git submodule foreach --recursive sh -c "git config --local --name-only --get-regexp 'core\.sshCommand' && git config --local --unset-all 'core.sshCommand' || :"
dependency-test	Post Checkout Repository	2026-08-27T11:21:25.6357898Z [command]/usr/bin/git config --local --name-only --get-regexp http\.https\:\/\/github\.com\/\.extraheader
dependency-test	Post Checkout Repository	2026-08-27T11:21:25.6388534Z http.https://github.com/.extraheader
dependency-test	Post Checkout Repository	2026-08-27T11:21:25.6402985Z [command]/usr/bin/git config --local --unset-all http.https://github.com/.extraheader
dependency-test	Post Checkout Repository	2026-08-27T11:21:25.6442882Z [command]/usr/bin/git submodule foreach --recursive sh -c "git config --local --name-only --get-regexp 'http\.https\:\/\/github\.com\/\.extraheader' && git config --local --unset-all 'http.https://github.com/.extraheader' || :"
dependency-test	Post Checkout Repository	2026-08-27T11:21:25.6700987Z [command]/usr/bin/git config --local --name-only --get-regexp ^includeIf\.gitdir:
dependency-test	Post Checkout Repository	2026-08-27T11:21:25.6757916Z [command]/usr/bin/git submodule foreach --recursive git config --local --show-origin --name-only --get-regexp remote.origin.url
dependency-test	Complete job	﻿2026-08-27T11:21:25.7132135Z Cleaning up orphan processes
dependency-test	Complete job	2026-08-27T11:21:25.7405681Z ##[warning]Node.js 20 is deprecated. The following actions target Node.js 20 but are being forced to run on Node.js 24: actions/checkout@v4, actions/setup-python@v5. For more information see: https://github.blog/changelog/2025-09-19-deprecation-of-node-20-on-github-actions-runners/