dependency-test	Set up job	﻿2026-08-23T17:43:25.7344289Z Current runner version: '2.336.0'
dependency-test	Set up job	2026-08-23T17:43:25.7372189Z ##[group]Runner Image Provisioner
dependency-test	Set up job	2026-08-23T17:43:25.7373625Z Hosted Compute Agent
dependency-test	Set up job	2026-08-23T17:43:25.7374286Z Version: 20260729.566
dependency-test	Set up job	2026-08-23T17:43:25.7374950Z Commit: cf7153fe6e25b664e8693c24944bf2b00355d109
dependency-test	Set up job	2026-08-23T17:43:25.7375799Z Build Date: 2026-07-29T19:17:02Z
dependency-test	Set up job	2026-08-23T17:43:25.7376500Z Worker ID: {d8880c26-ac06-44c4-9424-d1b0820a9cae}
dependency-test	Set up job	2026-08-23T17:43:25.7377289Z Azure Region: westus
dependency-test	Set up job	2026-08-23T17:43:25.7377890Z ##[endgroup]
dependency-test	Set up job	2026-08-23T17:43:25.7379405Z ##[group]Operating System
dependency-test	Set up job	2026-08-23T17:43:25.7380221Z Ubuntu
dependency-test	Set up job	2026-08-23T17:43:25.7380765Z 24.04.4
dependency-test	Set up job	2026-08-23T17:43:25.7381303Z LTS
dependency-test	Set up job	2026-08-23T17:43:25.7381901Z ##[endgroup]
dependency-test	Set up job	2026-08-23T17:43:25.7382462Z ##[group]Runner Image
dependency-test	Set up job	2026-08-23T17:43:25.7383438Z Image: ubuntu-24.04
dependency-test	Set up job	2026-08-23T17:43:25.7384054Z Version: 20260816.277.1
dependency-test	Set up job	2026-08-23T17:43:25.7385184Z Included Software: https://github.com/actions/runner-images/blob/ubuntu24/20260816.277/images/ubuntu/Ubuntu2404-Readme.md
dependency-test	Set up job	2026-08-23T17:43:25.7387039Z Image Release: https://github.com/actions/runner-images/releases/tag/ubuntu24%2F20260816.277
dependency-test	Set up job	2026-08-23T17:43:25.7388086Z ##[endgroup]
dependency-test	Set up job	2026-08-23T17:43:25.7389299Z ##[group]GITHUB_TOKEN Permissions
dependency-test	Set up job	2026-08-23T17:43:25.7391396Z Contents: read
dependency-test	Set up job	2026-08-23T17:43:25.7392041Z Metadata: read
dependency-test	Set up job	2026-08-23T17:43:25.7393340Z Packages: read
dependency-test	Set up job	2026-08-23T17:43:25.7393982Z ##[endgroup]
dependency-test	Set up job	2026-08-23T17:43:25.7396310Z Secret source: Actions
dependency-test	Set up job	2026-08-23T17:43:25.7397488Z Prepare workflow directory
dependency-test	Set up job	2026-08-23T17:43:25.7759590Z Prepare all required actions
dependency-test	Set up job	2026-08-23T17:43:25.7812216Z Getting action download info
dependency-test	Set up job	2026-08-23T17:43:26.1318345Z Download action repository 'actions/checkout@v4' (SHA:11d5960a326750d5838078e36cf38b85af677262)
dependency-test	Set up job	2026-08-23T17:43:26.2567595Z Download action repository 'actions/setup-python@v5' (SHA:a26af69be951a213d495a4c3e4e4022e16d87065)
dependency-test	Set up job	2026-08-23T17:43:26.4491002Z Complete job name: dependency-test
dependency-test	Checkout Repository	﻿2026-08-23T17:43:26.5288992Z Node 20 is being deprecated. This workflow is running with Node 24 by default. If you need to temporarily use Node 20, you can set the ACTIONS_ALLOW_USE_UNSECURE_NODE_VERSION=true environment variable. For more information see: https://github.blog/changelog/2025-09-19-deprecation-of-node-20-on-github-actions-runners/
dependency-test	Checkout Repository	2026-08-23T17:43:26.5298466Z ##[group]Run actions/checkout@v4
dependency-test	Checkout Repository	2026-08-23T17:43:26.5299279Z with:
dependency-test	Checkout Repository	2026-08-23T17:43:26.5299806Z   repository: DhruvHegde/dependency-error-repo
dependency-test	Checkout Repository	2026-08-23T17:43:26.5304067Z   token: ***
dependency-test	Checkout Repository	2026-08-23T17:43:26.5304688Z   ssh-strict: true
dependency-test	Checkout Repository	2026-08-23T17:43:26.5305161Z   ssh-user: git
dependency-test	Checkout Repository	2026-08-23T17:43:26.5305625Z   persist-credentials: true
dependency-test	Checkout Repository	2026-08-23T17:43:26.5306134Z   clean: true
dependency-test	Checkout Repository	2026-08-23T17:43:26.5306596Z   sparse-checkout-cone-mode: true
dependency-test	Checkout Repository	2026-08-23T17:43:26.5307141Z   fetch-depth: 1
dependency-test	Checkout Repository	2026-08-23T17:43:26.5307586Z   fetch-tags: false
dependency-test	Checkout Repository	2026-08-23T17:43:26.5308090Z   show-progress: true
dependency-test	Checkout Repository	2026-08-23T17:43:26.5308550Z   lfs: false
dependency-test	Checkout Repository	2026-08-23T17:43:26.5308971Z   submodules: false
dependency-test	Checkout Repository	2026-08-23T17:43:26.5309500Z   set-safe-directory: true
dependency-test	Checkout Repository	2026-08-23T17:43:26.5310023Z   allow-unsafe-pr-checkout: false
dependency-test	Checkout Repository	2026-08-23T17:43:26.5310884Z ##[endgroup]
dependency-test	Checkout Repository	2026-08-23T17:43:26.6370573Z Syncing repository: DhruvHegde/dependency-error-repo
dependency-test	Checkout Repository	2026-08-23T17:43:26.6372614Z ##[group]Getting Git version info
dependency-test	Checkout Repository	2026-08-23T17:43:26.6374044Z Working directory is '/home/runner/work/dependency-error-repo/dependency-error-repo'
dependency-test	Checkout Repository	2026-08-23T17:43:26.6375343Z [command]/usr/bin/git version
dependency-test	Checkout Repository	2026-08-23T17:43:26.6494785Z git version 2.55.0
dependency-test	Checkout Repository	2026-08-23T17:43:26.6521173Z ##[endgroup]
dependency-test	Checkout Repository	2026-08-23T17:43:26.6538710Z Temporarily overriding HOME='/home/runner/work/_temp/2aba5599-8a23-4a51-83c0-c9e25a2350a1' before making global git config changes
dependency-test	Checkout Repository	2026-08-23T17:43:26.6541799Z Adding repository directory to the temporary git global config as a safe directory
dependency-test	Checkout Repository	2026-08-23T17:43:26.6546517Z [command]/usr/bin/git config --global --add safe.directory /home/runner/work/dependency-error-repo/dependency-error-repo
dependency-test	Checkout Repository	2026-08-23T17:43:26.6609987Z Deleting the contents of '/home/runner/work/dependency-error-repo/dependency-error-repo'
dependency-test	Checkout Repository	2026-08-23T17:43:26.6618087Z ##[group]Initializing the repository
dependency-test	Checkout Repository	2026-08-23T17:43:26.6625389Z [command]/usr/bin/git init /home/runner/work/dependency-error-repo/dependency-error-repo
dependency-test	Checkout Repository	2026-08-23T17:43:26.6735985Z hint: Using 'master' as the name for the initial branch. This default branch name
dependency-test	Checkout Repository	2026-08-23T17:43:26.6737978Z hint: will change to "main" in Git 3.0. To configure the initial branch name
dependency-test	Checkout Repository	2026-08-23T17:43:26.6739905Z hint: to use in all of your new repositories, which will suppress this warning,
dependency-test	Checkout Repository	2026-08-23T17:43:26.6741313Z hint: call:
dependency-test	Checkout Repository	2026-08-23T17:43:26.6742101Z hint:
dependency-test	Checkout Repository	2026-08-23T17:43:26.6743264Z hint: 	git config --global init.defaultBranch <name>
dependency-test	Checkout Repository	2026-08-23T17:43:26.6744336Z hint:
dependency-test	Checkout Repository	2026-08-23T17:43:26.6745348Z hint: Names commonly chosen instead of 'master' are 'main', 'trunk' and
dependency-test	Checkout Repository	2026-08-23T17:43:26.6746932Z hint: 'development'. The just-created branch can be renamed via this command:
dependency-test	Checkout Repository	2026-08-23T17:43:26.6748234Z hint:
dependency-test	Checkout Repository	2026-08-23T17:43:26.6748923Z hint: 	git branch -m <name>
dependency-test	Checkout Repository	2026-08-23T17:43:26.6749730Z hint:
dependency-test	Checkout Repository	2026-08-23T17:43:26.6750796Z hint: Disable this message with "git config set advice.defaultBranchName false"
dependency-test	Checkout Repository	2026-08-23T17:43:26.6753132Z Initialized empty Git repository in /home/runner/work/dependency-error-repo/dependency-error-repo/.git/
dependency-test	Checkout Repository	2026-08-23T17:43:26.6757945Z [command]/usr/bin/git remote add origin https://github.com/DhruvHegde/dependency-error-repo
dependency-test	Checkout Repository	2026-08-23T17:43:26.6849881Z ##[endgroup]
dependency-test	Checkout Repository	2026-08-23T17:43:26.6851306Z ##[group]Disabling automatic garbage collection
dependency-test	Checkout Repository	2026-08-23T17:43:26.6856795Z [command]/usr/bin/git config --local gc.auto 0
dependency-test	Checkout Repository	2026-08-23T17:43:26.6906104Z ##[endgroup]
dependency-test	Checkout Repository	2026-08-23T17:43:26.6907946Z ##[group]Setting up auth
dependency-test	Checkout Repository	2026-08-23T17:43:26.6913318Z [command]/usr/bin/git config --local --name-only --get-regexp core\.sshCommand
dependency-test	Checkout Repository	2026-08-23T17:43:26.6956822Z [command]/usr/bin/git submodule foreach --recursive sh -c "git config --local --name-only --get-regexp 'core\.sshCommand' && git config --local --unset-all 'core.sshCommand' || :"
dependency-test	Checkout Repository	2026-08-23T17:43:26.7382446Z [command]/usr/bin/git config --local --name-only --get-regexp http\.https\:\/\/github\.com\/\.extraheader
dependency-test	Checkout Repository	2026-08-23T17:43:26.7431499Z [command]/usr/bin/git submodule foreach --recursive sh -c "git config --local --name-only --get-regexp 'http\.https\:\/\/github\.com\/\.extraheader' && git config --local --unset-all 'http.https://github.com/.extraheader' || :"
dependency-test	Checkout Repository	2026-08-23T17:43:26.7684124Z [command]/usr/bin/git config --local --name-only --get-regexp ^includeIf\.gitdir:
dependency-test	Checkout Repository	2026-08-23T17:43:26.7723857Z [command]/usr/bin/git submodule foreach --recursive git config --local --show-origin --name-only --get-regexp remote.origin.url
dependency-test	Checkout Repository	2026-08-23T17:43:26.7974040Z [command]/usr/bin/git config --local http.https://github.com/.extraheader AUTHORIZATION: basic ***
dependency-test	Checkout Repository	2026-08-23T17:43:26.8021372Z ##[endgroup]
dependency-test	Checkout Repository	2026-08-23T17:43:26.8033204Z ##[group]Fetching the repository
dependency-test	Checkout Repository	2026-08-23T17:43:26.8035974Z [command]/usr/bin/git -c protocol.version=2 fetch --no-tags --prune --no-recurse-submodules --depth=1 origin +036bdd99b43a1527f87808c58922b90075677d73:refs/remotes/origin/feature/syntax-errors
dependency-test	Checkout Repository	2026-08-23T17:43:27.2172956Z From https://github.com/DhruvHegde/dependency-error-repo
dependency-test	Checkout Repository	2026-08-23T17:43:27.2174414Z  * [new ref]         036bdd99b43a1527f87808c58922b90075677d73 -> origin/feature/syntax-errors
dependency-test	Checkout Repository	2026-08-23T17:43:27.2178520Z ##[endgroup]
dependency-test	Checkout Repository	2026-08-23T17:43:27.2179504Z ##[group]Determining the checkout info
dependency-test	Checkout Repository	2026-08-23T17:43:27.2181423Z ##[endgroup]
dependency-test	Checkout Repository	2026-08-23T17:43:27.2187712Z [command]/usr/bin/git sparse-checkout disable
dependency-test	Checkout Repository	2026-08-23T17:43:27.2241113Z [command]/usr/bin/git config --local --unset-all extensions.worktreeConfig
dependency-test	Checkout Repository	2026-08-23T17:43:27.2275894Z ##[group]Checking out the ref
dependency-test	Checkout Repository	2026-08-23T17:43:27.2280799Z [command]/usr/bin/git checkout --progress --force -B feature/syntax-errors refs/remotes/origin/feature/syntax-errors
dependency-test	Checkout Repository	2026-08-23T17:43:27.2371322Z Switched to a new branch 'feature/syntax-errors'
dependency-test	Checkout Repository	2026-08-23T17:43:27.2377069Z branch 'feature/syntax-errors' set up to track 'origin/feature/syntax-errors'.
dependency-test	Checkout Repository	2026-08-23T17:43:27.2382434Z ##[endgroup]
dependency-test	Checkout Repository	2026-08-23T17:43:27.2426788Z [command]/usr/bin/git log -1 --format=%H
dependency-test	Checkout Repository	2026-08-23T17:43:27.2455471Z 036bdd99b43a1527f87808c58922b90075677d73
dependency-test	Setup Python	﻿2026-08-23T17:43:27.2755228Z Node 20 is being deprecated. This workflow is running with Node 24 by default. If you need to temporarily use Node 20, you can set the ACTIONS_ALLOW_USE_UNSECURE_NODE_VERSION=true environment variable. For more information see: https://github.blog/changelog/2025-09-19-deprecation-of-node-20-on-github-actions-runners/
dependency-test	Setup Python	2026-08-23T17:43:27.2757982Z ##[group]Run actions/setup-python@v5
dependency-test	Setup Python	2026-08-23T17:43:27.2758526Z with:
dependency-test	Setup Python	2026-08-23T17:43:27.2758952Z   python-version: 3.11
dependency-test	Setup Python	2026-08-23T17:43:27.2759441Z   check-latest: false
dependency-test	Setup Python	2026-08-23T17:43:27.2763344Z   token: ***
dependency-test	Setup Python	2026-08-23T17:43:27.2763825Z   update-environment: true
dependency-test	Setup Python	2026-08-23T17:43:27.2764343Z   allow-prereleases: false
dependency-test	Setup Python	2026-08-23T17:43:27.2764841Z   freethreaded: false
dependency-test	Setup Python	2026-08-23T17:43:27.2765302Z ##[endgroup]
dependency-test	Setup Python	2026-08-23T17:43:27.4156271Z ##[group]Installed versions
dependency-test	Setup Python	2026-08-23T17:43:27.4256642Z (node:2184) [DEP0040] DeprecationWarning: The `punycode` module is deprecated. Please use a userland alternative instead.
dependency-test	Setup Python	2026-08-23T17:43:27.4259275Z (Use `node --trace-deprecation ...` to show where the warning was created)
dependency-test	Setup Python	2026-08-23T17:43:27.4260879Z Successfully set up CPython (3.11.16)
dependency-test	Setup Python	2026-08-23T17:43:27.4266711Z ##[endgroup]
dependency-test	Install Dependencies	﻿2026-08-23T17:43:27.4456299Z ##[group]Run python -m pip install --upgrade pip
dependency-test	Install Dependencies	2026-08-23T17:43:27.4457303Z ^[[36;1mpython -m pip install --upgrade pip^[[0m
dependency-test	Install Dependencies	2026-08-23T17:43:27.4458058Z ^[[36;1mpip install -r requirements.txt^[[0m
dependency-test	Install Dependencies	2026-08-23T17:43:27.4516881Z shell: /usr/bin/bash -e {0}
dependency-test	Install Dependencies	2026-08-23T17:43:27.4517824Z env:
dependency-test	Install Dependencies	2026-08-23T17:43:27.4518562Z   pythonLocation: /opt/hostedtoolcache/Python/3.11.16/x64
dependency-test	Install Dependencies	2026-08-23T17:43:27.4519628Z   PKG_CONFIG_PATH: /opt/hostedtoolcache/Python/3.11.16/x64/lib/pkgconfig
dependency-test	Install Dependencies	2026-08-23T17:43:27.4520650Z   Python_ROOT_DIR: /opt/hostedtoolcache/Python/3.11.16/x64
dependency-test	Install Dependencies	2026-08-23T17:43:27.4521563Z   Python2_ROOT_DIR: /opt/hostedtoolcache/Python/3.11.16/x64
dependency-test	Install Dependencies	2026-08-23T17:43:27.4522528Z   Python3_ROOT_DIR: /opt/hostedtoolcache/Python/3.11.16/x64
dependency-test	Install Dependencies	2026-08-23T17:43:27.4523964Z   LD_LIBRARY_PATH: /opt/hostedtoolcache/Python/3.11.16/x64/lib
dependency-test	Install Dependencies	2026-08-23T17:43:27.4525996Z ##[endgroup]
dependency-test	Install Dependencies	2026-08-23T17:43:28.5065894Z Requirement already satisfied: pip in /opt/hostedtoolcache/Python/3.11.16/x64/lib/python3.11/site-packages (26.2.1)
dependency-test	Install Dependencies	2026-08-23T17:43:29.5601128Z Collecting pytest (from -r requirements.txt (line 1))
dependency-test	Install Dependencies	2026-08-23T17:43:29.6105342Z   Downloading pytest-9.1.1-py3-none-any.whl.metadata (7.6 kB)
dependency-test	Install Dependencies	2026-08-23T17:43:29.6277641Z Collecting iniconfig>=1.0.1 (from pytest->-r requirements.txt (line 1))
dependency-test	Install Dependencies	2026-08-23T17:43:29.6316099Z   Downloading iniconfig-2.3.0-py3-none-any.whl.metadata (2.5 kB)
dependency-test	Install Dependencies	2026-08-23T17:43:29.6468303Z Collecting packaging>=22 (from pytest->-r requirements.txt (line 1))
dependency-test	Install Dependencies	2026-08-23T17:43:29.6506806Z   Downloading packaging-26.3-py3-none-any.whl.metadata (3.5 kB)
dependency-test	Install Dependencies	2026-08-23T17:43:29.6632524Z Collecting pluggy<2,>=1.5 (from pytest->-r requirements.txt (line 1))
dependency-test	Install Dependencies	2026-08-23T17:43:29.6667085Z   Downloading pluggy-1.6.0-py3-none-any.whl.metadata (4.8 kB)
dependency-test	Install Dependencies	2026-08-23T17:43:29.6864678Z Collecting pygments>=2.7.2 (from pytest->-r requirements.txt (line 1))
dependency-test	Install Dependencies	2026-08-23T17:43:29.6906717Z   Downloading pygments-2.21.0-py3-none-any.whl.metadata (2.5 kB)
dependency-test	Install Dependencies	2026-08-23T17:43:29.6989684Z Downloading pytest-9.1.1-py3-none-any.whl (386 kB)
dependency-test	Install Dependencies	2026-08-23T17:43:29.7238870Z Downloading pluggy-1.6.0-py3-none-any.whl (20 kB)
dependency-test	Install Dependencies	2026-08-23T17:43:29.7298181Z Downloading iniconfig-2.3.0-py3-none-any.whl (7.5 kB)
dependency-test	Install Dependencies	2026-08-23T17:43:29.7352772Z Downloading packaging-26.3-py3-none-any.whl (129 kB)
dependency-test	Install Dependencies	2026-08-23T17:43:29.7413410Z Downloading pygments-2.21.0-py3-none-any.whl (1.3 MB)
dependency-test	Install Dependencies	2026-08-23T17:43:29.7528263Z    ━━━━━━━━━━━━━━━━━━━━━━━━━━━━━━━━━━━━━━━━ 1.3/1.3 MB 128.3 MB/s  0:00:00
dependency-test	Install Dependencies	2026-08-23T17:43:29.8052506Z Installing collected packages: pygments, pluggy, packaging, iniconfig, pytest
dependency-test	Install Dependencies	2026-08-23T17:43:30.8323372Z 
dependency-test	Install Dependencies	2026-08-23T17:43:30.8333710Z Successfully installed iniconfig-2.3.0 packaging-26.3 pluggy-1.6.0 pygments-2.21.0 pytest-9.1.1
dependency-test	Check App Syntax	﻿2026-08-23T17:43:30.8958099Z ##[group]Run python -c "import app"
dependency-test	Check App Syntax	2026-08-23T17:43:30.8958484Z ^[[36;1mpython -c "import app"^[[0m
dependency-test	Check App Syntax	2026-08-23T17:43:30.8998063Z shell: /usr/bin/bash -e {0}
dependency-test	Check App Syntax	2026-08-23T17:43:30.8998345Z env:
dependency-test	Check App Syntax	2026-08-23T17:43:30.8998610Z   pythonLocation: /opt/hostedtoolcache/Python/3.11.16/x64
dependency-test	Check App Syntax	2026-08-23T17:43:30.8999068Z   PKG_CONFIG_PATH: /opt/hostedtoolcache/Python/3.11.16/x64/lib/pkgconfig
dependency-test	Check App Syntax	2026-08-23T17:43:30.8999524Z   Python_ROOT_DIR: /opt/hostedtoolcache/Python/3.11.16/x64
dependency-test	Check App Syntax	2026-08-23T17:43:30.8999911Z   Python2_ROOT_DIR: /opt/hostedtoolcache/Python/3.11.16/x64
dependency-test	Check App Syntax	2026-08-23T17:43:30.9000292Z   Python3_ROOT_DIR: /opt/hostedtoolcache/Python/3.11.16/x64
dependency-test	Check App Syntax	2026-08-23T17:43:30.9000673Z   LD_LIBRARY_PATH: /opt/hostedtoolcache/Python/3.11.16/x64/lib
dependency-test	Check App Syntax	2026-08-23T17:43:30.9001000Z ##[endgroup]
dependency-test	Check App Syntax	2026-08-23T17:43:30.9167101Z Traceback (most recent call last):
dependency-test	Check App Syntax	2026-08-23T17:43:30.9175294Z   File "<string>", line 1, in <module>
dependency-test	Check App Syntax	2026-08-23T17:43:30.9176102Z   File "/home/runner/work/dependency-error-repo/dependency-error-repo/app.py", line 4
dependency-test	Check App Syntax	2026-08-23T17:43:30.9176814Z     try
dependency-test	Check App Syntax	2026-08-23T17:43:30.9177045Z        ^
dependency-test	Check App Syntax	2026-08-23T17:43:30.9177305Z SyntaxError: expected ':'
dependency-test	Check App Syntax	2026-08-23T17:43:30.9205757Z ##[error]Process completed with exit code 1.
dependency-test	Post Checkout Repository	﻿2026-08-23T17:43:30.9356078Z Node 20 is being deprecated. This workflow is running with Node 24 by default. If you need to temporarily use Node 20, you can set the ACTIONS_ALLOW_USE_UNSECURE_NODE_VERSION=true environment variable. For more information see: https://github.blog/changelog/2025-09-19-deprecation-of-node-20-on-github-actions-runners/
dependency-test	Post Checkout Repository	2026-08-23T17:43:30.9357376Z Post job cleanup.
dependency-test	Post Checkout Repository	2026-08-23T17:43:31.0252067Z [command]/usr/bin/git version
dependency-test	Post Checkout Repository	2026-08-23T17:43:31.0301221Z git version 2.55.0
dependency-test	Post Checkout Repository	2026-08-23T17:43:31.0397259Z Temporarily overriding HOME='/home/runner/work/_temp/47c430e0-4440-4939-8ed5-9177e323bfd3' before making global git config changes
dependency-test	Post Checkout Repository	2026-08-23T17:43:31.0398985Z Adding repository directory to the temporary git global config as a safe directory
dependency-test	Post Checkout Repository	2026-08-23T17:43:31.0400377Z [command]/usr/bin/git config --global --add safe.directory /home/runner/work/dependency-error-repo/dependency-error-repo
dependency-test	Post Checkout Repository	2026-08-23T17:43:31.0434527Z [command]/usr/bin/git config --local --name-only --get-regexp core\.sshCommand
dependency-test	Post Checkout Repository	2026-08-23T17:43:31.0517203Z [command]/usr/bin/git submodule foreach --recursive sh -c "git config --local --name-only --get-regexp 'core\.sshCommand' && git config --local --unset-all 'core.sshCommand' || :"
dependency-test	Post Checkout Repository	2026-08-23T17:43:31.0879206Z [command]/usr/bin/git config --local --name-only --get-regexp http\.https\:\/\/github\.com\/\.extraheader
dependency-test	Post Checkout Repository	2026-08-23T17:43:31.0924496Z http.https://github.com/.extraheader
dependency-test	Post Checkout Repository	2026-08-23T17:43:31.0945057Z [command]/usr/bin/git config --local --unset-all http.https://github.com/.extraheader
dependency-test	Post Checkout Repository	2026-08-23T17:43:31.1004637Z [command]/usr/bin/git submodule foreach --recursive sh -c "git config --local --name-only --get-regexp 'http\.https\:\/\/github\.com\/\.extraheader' && git config --local --unset-all 'http.https://github.com/.extraheader' || :"
dependency-test	Post Checkout Repository	2026-08-23T17:43:31.1340529Z [command]/usr/bin/git config --local --name-only --get-regexp ^includeIf\.gitdir:
dependency-test	Post Checkout Repository	2026-08-23T17:43:31.1390257Z [command]/usr/bin/git submodule foreach --recursive git config --local --show-origin --name-only --get-regexp remote.origin.url
dependency-test	Complete job	﻿2026-08-23T17:43:31.1787231Z Cleaning up orphan processes
dependency-test	Complete job	2026-08-23T17:43:31.2090547Z ##[warning]Node.js 20 is deprecated. The following actions target Node.js 20 but are being forced to run on Node.js 24: actions/checkout@v4, actions/setup-python@v5. For more information see: https://github.blog/changelog/2025-09-19-deprecation-of-node-20-on-github-actions-runners/