dependency-test	Set up job	﻿2026-08-27T13:27:58.5012212Z Current runner version: '2.336.0'
dependency-test	Set up job	2026-08-27T13:27:58.5039652Z ##[group]Runner Image Provisioner
dependency-test	Set up job	2026-08-27T13:27:58.5040756Z Hosted Compute Agent
dependency-test	Set up job	2026-08-27T13:27:58.5041372Z Version: 20260819.586
dependency-test	Set up job	2026-08-27T13:27:58.5042099Z Commit: 3cc4a88dfa507ef76119ad1bb3eccc6378bb2b76
dependency-test	Set up job	2026-08-27T13:27:58.5042858Z Build Date: 2026-08-18T23:20:18Z
dependency-test	Set up job	2026-08-27T13:27:58.5043543Z Worker ID: {2309994f-8f12-4f9f-8da2-7c10700dd21a}
dependency-test	Set up job	2026-08-27T13:27:58.5044405Z Azure Region: westcentralus
dependency-test	Set up job	2026-08-27T13:27:58.5045050Z ##[endgroup]
dependency-test	Set up job	2026-08-27T13:27:58.5046707Z ##[group]Operating System
dependency-test	Set up job	2026-08-27T13:27:58.5047465Z Ubuntu
dependency-test	Set up job	2026-08-27T13:27:58.5048013Z 24.04.4
dependency-test	Set up job	2026-08-27T13:27:58.5048672Z LTS
dependency-test	Set up job	2026-08-27T13:27:58.5049234Z ##[endgroup]
dependency-test	Set up job	2026-08-27T13:27:58.5049850Z ##[group]Runner Image
dependency-test	Set up job	2026-08-27T13:27:58.5050507Z Image: ubuntu-24.04
dependency-test	Set up job	2026-08-27T13:27:58.5051108Z Version: 20260823.283.1
dependency-test	Set up job	2026-08-27T13:27:58.5052306Z Included Software: https://github.com/actions/runner-images/blob/ubuntu24/20260823.283/images/ubuntu/Ubuntu2404-Readme.md
dependency-test	Set up job	2026-08-27T13:27:58.5054135Z Image Release: https://github.com/actions/runner-images/releases/tag/ubuntu24%2F20260823.283
dependency-test	Set up job	2026-08-27T13:27:58.5055176Z ##[endgroup]
dependency-test	Set up job	2026-08-27T13:27:58.5056690Z ##[group]GITHUB_TOKEN Permissions
dependency-test	Set up job	2026-08-27T13:27:58.5058691Z Contents: read
dependency-test	Set up job	2026-08-27T13:27:58.5059332Z Metadata: read
dependency-test	Set up job	2026-08-27T13:27:58.5060471Z Packages: read
dependency-test	Set up job	2026-08-27T13:27:58.5061121Z ##[endgroup]
dependency-test	Set up job	2026-08-27T13:27:58.5063440Z Secret source: Actions
dependency-test	Set up job	2026-08-27T13:27:58.5064556Z Prepare workflow directory
dependency-test	Set up job	2026-08-27T13:27:58.5459451Z Prepare all required actions
dependency-test	Set up job	2026-08-27T13:27:58.5509892Z Getting action download info
dependency-test	Set up job	2026-08-27T13:27:58.8303589Z Download action repository 'actions/checkout@v4' (SHA:11d5960a326750d5838078e36cf38b85af677262)
dependency-test	Set up job	2026-08-27T13:27:58.9351664Z Download action repository 'actions/setup-python@v5' (SHA:a26af69be951a213d495a4c3e4e4022e16d87065)
dependency-test	Set up job	2026-08-27T13:27:59.1218708Z Complete job name: dependency-test
dependency-test	Checkout Repository	﻿2026-08-27T13:27:59.1975156Z Node 20 is being deprecated. This workflow is running with Node 24 by default. If you need to temporarily use Node 20, you can set the ACTIONS_ALLOW_USE_UNSECURE_NODE_VERSION=true environment variable. For more information see: https://github.blog/changelog/2025-09-19-deprecation-of-node-20-on-github-actions-runners/
dependency-test	Checkout Repository	2026-08-27T13:27:59.1984214Z ##[group]Run actions/checkout@v4
dependency-test	Checkout Repository	2026-08-27T13:27:59.1984928Z with:
dependency-test	Checkout Repository	2026-08-27T13:27:59.1985427Z   repository: DhruvHegde/dependency-error-repo
dependency-test	Checkout Repository	2026-08-27T13:27:59.1989922Z   token: ***
dependency-test	Checkout Repository	2026-08-27T13:27:59.1990369Z   ssh-strict: true
dependency-test	Checkout Repository	2026-08-27T13:27:59.1990812Z   ssh-user: git
dependency-test	Checkout Repository	2026-08-27T13:27:59.1991269Z   persist-credentials: true
dependency-test	Checkout Repository	2026-08-27T13:27:59.1991752Z   clean: true
dependency-test	Checkout Repository	2026-08-27T13:27:59.1992193Z   sparse-checkout-cone-mode: true
dependency-test	Checkout Repository	2026-08-27T13:27:59.1992706Z   fetch-depth: 1
dependency-test	Checkout Repository	2026-08-27T13:27:59.1993131Z   fetch-tags: false
dependency-test	Checkout Repository	2026-08-27T13:27:59.1993574Z   show-progress: true
dependency-test	Checkout Repository	2026-08-27T13:27:59.1994010Z   lfs: false
dependency-test	Checkout Repository	2026-08-27T13:27:59.1994419Z   submodules: false
dependency-test	Checkout Repository	2026-08-27T13:27:59.1994924Z   set-safe-directory: true
dependency-test	Checkout Repository	2026-08-27T13:27:59.1995427Z   allow-unsafe-pr-checkout: false
dependency-test	Checkout Repository	2026-08-27T13:27:59.1996253Z ##[endgroup]
dependency-test	Checkout Repository	2026-08-27T13:27:59.3022271Z Syncing repository: DhruvHegde/dependency-error-repo
dependency-test	Checkout Repository	2026-08-27T13:27:59.3024881Z ##[group]Getting Git version info
dependency-test	Checkout Repository	2026-08-27T13:27:59.3026228Z Working directory is '/home/runner/work/dependency-error-repo/dependency-error-repo'
dependency-test	Checkout Repository	2026-08-27T13:27:59.3028421Z [command]/usr/bin/git version
dependency-test	Checkout Repository	2026-08-27T13:27:59.3050893Z git version 2.55.0
dependency-test	Checkout Repository	2026-08-27T13:27:59.3072094Z ##[endgroup]
dependency-test	Checkout Repository	2026-08-27T13:27:59.3088079Z Temporarily overriding HOME='/home/runner/work/_temp/f3ac69c3-a999-4f30-a900-f0874c174a33' before making global git config changes
dependency-test	Checkout Repository	2026-08-27T13:27:59.3090332Z Adding repository directory to the temporary git global config as a safe directory
dependency-test	Checkout Repository	2026-08-27T13:27:59.3092423Z [command]/usr/bin/git config --global --add safe.directory /home/runner/work/dependency-error-repo/dependency-error-repo
dependency-test	Checkout Repository	2026-08-27T13:27:59.3160854Z Deleting the contents of '/home/runner/work/dependency-error-repo/dependency-error-repo'
dependency-test	Checkout Repository	2026-08-27T13:27:59.3167555Z ##[group]Initializing the repository
dependency-test	Checkout Repository	2026-08-27T13:27:59.3174359Z [command]/usr/bin/git init /home/runner/work/dependency-error-repo/dependency-error-repo
dependency-test	Checkout Repository	2026-08-27T13:27:59.3279232Z hint: Using 'master' as the name for the initial branch. This default branch name
dependency-test	Checkout Repository	2026-08-27T13:27:59.3281077Z hint: will change to "main" in Git 3.0. To configure the initial branch name
dependency-test	Checkout Repository	2026-08-27T13:27:59.3282723Z hint: to use in all of your new repositories, which will suppress this warning,
dependency-test	Checkout Repository	2026-08-27T13:27:59.3283943Z hint: call:
dependency-test	Checkout Repository	2026-08-27T13:27:59.3284776Z hint:
dependency-test	Checkout Repository	2026-08-27T13:27:59.3285503Z hint: 	git config --global init.defaultBranch <name>
dependency-test	Checkout Repository	2026-08-27T13:27:59.3286273Z hint:
dependency-test	Checkout Repository	2026-08-27T13:27:59.3287288Z hint: Names commonly chosen instead of 'master' are 'main', 'trunk' and
dependency-test	Checkout Repository	2026-08-27T13:27:59.3288364Z hint: 'development'. The just-created branch can be renamed via this command:
dependency-test	Checkout Repository	2026-08-27T13:27:59.3289317Z hint:
dependency-test	Checkout Repository	2026-08-27T13:27:59.3289873Z hint: 	git branch -m <name>
dependency-test	Checkout Repository	2026-08-27T13:27:59.3290500Z hint:
dependency-test	Checkout Repository	2026-08-27T13:27:59.3291408Z hint: Disable this message with "git config set advice.defaultBranchName false"
dependency-test	Checkout Repository	2026-08-27T13:27:59.3292963Z Initialized empty Git repository in /home/runner/work/dependency-error-repo/dependency-error-repo/.git/
dependency-test	Checkout Repository	2026-08-27T13:27:59.3295402Z [command]/usr/bin/git remote add origin https://github.com/DhruvHegde/dependency-error-repo
dependency-test	Checkout Repository	2026-08-27T13:27:59.3341012Z ##[endgroup]
dependency-test	Checkout Repository	2026-08-27T13:27:59.3341844Z ##[group]Disabling automatic garbage collection
dependency-test	Checkout Repository	2026-08-27T13:27:59.3345518Z [command]/usr/bin/git config --local gc.auto 0
dependency-test	Checkout Repository	2026-08-27T13:27:59.3395934Z ##[endgroup]
dependency-test	Checkout Repository	2026-08-27T13:27:59.3397300Z ##[group]Setting up auth
dependency-test	Checkout Repository	2026-08-27T13:27:59.3398423Z [command]/usr/bin/git config --local --name-only --get-regexp core\.sshCommand
dependency-test	Checkout Repository	2026-08-27T13:27:59.3423674Z [command]/usr/bin/git submodule foreach --recursive sh -c "git config --local --name-only --get-regexp 'core\.sshCommand' && git config --local --unset-all 'core.sshCommand' || :"
dependency-test	Checkout Repository	2026-08-27T13:27:59.3822167Z [command]/usr/bin/git config --local --name-only --get-regexp http\.https\:\/\/github\.com\/\.extraheader
dependency-test	Checkout Repository	2026-08-27T13:27:59.3864262Z [command]/usr/bin/git submodule foreach --recursive sh -c "git config --local --name-only --get-regexp 'http\.https\:\/\/github\.com\/\.extraheader' && git config --local --unset-all 'http.https://github.com/.extraheader' || :"
dependency-test	Checkout Repository	2026-08-27T13:27:59.4122735Z [command]/usr/bin/git config --local --name-only --get-regexp ^includeIf\.gitdir:
dependency-test	Checkout Repository	2026-08-27T13:27:59.4163008Z [command]/usr/bin/git submodule foreach --recursive git config --local --show-origin --name-only --get-regexp remote.origin.url
dependency-test	Checkout Repository	2026-08-27T13:27:59.4407923Z [command]/usr/bin/git config --local http.https://github.com/.extraheader AUTHORIZATION: basic ***
dependency-test	Checkout Repository	2026-08-27T13:27:59.4449799Z ##[endgroup]
dependency-test	Checkout Repository	2026-08-27T13:27:59.4451036Z ##[group]Fetching the repository
dependency-test	Checkout Repository	2026-08-27T13:27:59.4461112Z [command]/usr/bin/git -c protocol.version=2 fetch --no-tags --prune --no-recurse-submodules --depth=1 origin +129929c22421824cd715d54bb683c8aaca94fdb0:refs/remotes/origin/feature/syntax-errors
dependency-test	Checkout Repository	2026-08-27T13:28:00.1097182Z From https://github.com/DhruvHegde/dependency-error-repo
dependency-test	Checkout Repository	2026-08-27T13:28:00.1099023Z  * [new ref]         129929c22421824cd715d54bb683c8aaca94fdb0 -> origin/feature/syntax-errors
dependency-test	Checkout Repository	2026-08-27T13:28:00.1102131Z ##[endgroup]
dependency-test	Checkout Repository	2026-08-27T13:28:00.1103353Z ##[group]Determining the checkout info
dependency-test	Checkout Repository	2026-08-27T13:28:00.1104867Z ##[endgroup]
dependency-test	Checkout Repository	2026-08-27T13:28:00.1112196Z [command]/usr/bin/git sparse-checkout disable
dependency-test	Checkout Repository	2026-08-27T13:28:00.1168953Z [command]/usr/bin/git config --local --unset-all extensions.worktreeConfig
dependency-test	Checkout Repository	2026-08-27T13:28:00.1204671Z ##[group]Checking out the ref
dependency-test	Checkout Repository	2026-08-27T13:28:00.1210351Z [command]/usr/bin/git checkout --progress --force -B feature/syntax-errors refs/remotes/origin/feature/syntax-errors
dependency-test	Checkout Repository	2026-08-27T13:28:00.1399124Z Switched to a new branch 'feature/syntax-errors'
dependency-test	Checkout Repository	2026-08-27T13:28:00.1404475Z branch 'feature/syntax-errors' set up to track 'origin/feature/syntax-errors'.
dependency-test	Checkout Repository	2026-08-27T13:28:00.1410974Z ##[endgroup]
dependency-test	Checkout Repository	2026-08-27T13:28:00.1456952Z [command]/usr/bin/git log -1 --format=%H
dependency-test	Checkout Repository	2026-08-27T13:28:00.1485840Z 129929c22421824cd715d54bb683c8aaca94fdb0
dependency-test	Setup Python	﻿2026-08-27T13:28:00.1781333Z Node 20 is being deprecated. This workflow is running with Node 24 by default. If you need to temporarily use Node 20, you can set the ACTIONS_ALLOW_USE_UNSECURE_NODE_VERSION=true environment variable. For more information see: https://github.blog/changelog/2025-09-19-deprecation-of-node-20-on-github-actions-runners/
dependency-test	Setup Python	2026-08-27T13:28:00.1784290Z ##[group]Run actions/setup-python@v5
dependency-test	Setup Python	2026-08-27T13:28:00.1784826Z with:
dependency-test	Setup Python	2026-08-27T13:28:00.1785243Z   python-version: 3.11
dependency-test	Setup Python	2026-08-27T13:28:00.1785711Z   check-latest: false
dependency-test	Setup Python	2026-08-27T13:28:00.1789914Z   token: ***
dependency-test	Setup Python	2026-08-27T13:28:00.1790351Z   update-environment: true
dependency-test	Setup Python	2026-08-27T13:28:00.1790846Z   allow-prereleases: false
dependency-test	Setup Python	2026-08-27T13:28:00.1791326Z   freethreaded: false
dependency-test	Setup Python	2026-08-27T13:28:00.1791778Z ##[endgroup]
dependency-test	Setup Python	2026-08-27T13:28:00.3153564Z ##[group]Installed versions
dependency-test	Setup Python	2026-08-27T13:28:00.3250425Z (node:2229) [DEP0040] DeprecationWarning: The `punycode` module is deprecated. Please use a userland alternative instead.
dependency-test	Setup Python	2026-08-27T13:28:00.3251993Z (Use `node --trace-deprecation ...` to show where the warning was created)
dependency-test	Setup Python	2026-08-27T13:28:00.3253295Z Successfully set up CPython (3.11.16)
dependency-test	Setup Python	2026-08-27T13:28:00.3254528Z ##[endgroup]
dependency-test	Install Dependencies	﻿2026-08-27T13:28:00.3446721Z ##[group]Run python -m pip install --upgrade pip
dependency-test	Install Dependencies	2026-08-27T13:28:00.3447653Z ^[[36;1mpython -m pip install --upgrade pip^[[0m
dependency-test	Install Dependencies	2026-08-27T13:28:00.3448297Z ^[[36;1mpip install -r requirements.txt^[[0m
dependency-test	Install Dependencies	2026-08-27T13:28:00.3506668Z shell: /usr/bin/bash -e {0}
dependency-test	Install Dependencies	2026-08-27T13:28:00.3507590Z env:
dependency-test	Install Dependencies	2026-08-27T13:28:00.3508447Z   pythonLocation: /opt/hostedtoolcache/Python/3.11.16/x64
dependency-test	Install Dependencies	2026-08-27T13:28:00.3509882Z   PKG_CONFIG_PATH: /opt/hostedtoolcache/Python/3.11.16/x64/lib/pkgconfig
dependency-test	Install Dependencies	2026-08-27T13:28:00.3511215Z   Python_ROOT_DIR: /opt/hostedtoolcache/Python/3.11.16/x64
dependency-test	Install Dependencies	2026-08-27T13:28:00.3512375Z   Python2_ROOT_DIR: /opt/hostedtoolcache/Python/3.11.16/x64
dependency-test	Install Dependencies	2026-08-27T13:28:00.3513597Z   Python3_ROOT_DIR: /opt/hostedtoolcache/Python/3.11.16/x64
dependency-test	Install Dependencies	2026-08-27T13:28:00.3514481Z   LD_LIBRARY_PATH: /opt/hostedtoolcache/Python/3.11.16/x64/lib
dependency-test	Install Dependencies	2026-08-27T13:28:00.3515406Z ##[endgroup]
dependency-test	Install Dependencies	2026-08-27T13:28:00.9272016Z Requirement already satisfied: pip in /opt/hostedtoolcache/Python/3.11.16/x64/lib/python3.11/site-packages (26.2.1)
dependency-test	Install Dependencies	2026-08-27T13:28:01.5810148Z Collecting pytest (from -r requirements.txt (line 1))
dependency-test	Install Dependencies	2026-08-27T13:28:01.6775262Z   Downloading pytest-9.1.1-py3-none-any.whl.metadata (7.6 kB)
dependency-test	Install Dependencies	2026-08-27T13:28:01.7099619Z Collecting iniconfig>=1.0.1 (from pytest->-r requirements.txt (line 1))
dependency-test	Install Dependencies	2026-08-27T13:28:01.7298278Z   Downloading iniconfig-2.3.0-py3-none-any.whl.metadata (2.5 kB)
dependency-test	Install Dependencies	2026-08-27T13:28:01.7646702Z Collecting packaging>=22 (from pytest->-r requirements.txt (line 1))
dependency-test	Install Dependencies	2026-08-27T13:28:01.7846720Z   Downloading packaging-26.3-py3-none-any.whl.metadata (3.5 kB)
dependency-test	Install Dependencies	2026-08-27T13:28:01.8160103Z Collecting pluggy<2,>=1.5 (from pytest->-r requirements.txt (line 1))
dependency-test	Install Dependencies	2026-08-27T13:28:01.8359703Z   Downloading pluggy-1.6.0-py3-none-any.whl.metadata (4.8 kB)
dependency-test	Install Dependencies	2026-08-27T13:28:01.8756156Z Collecting pygments>=2.7.2 (from pytest->-r requirements.txt (line 1))
dependency-test	Install Dependencies	2026-08-27T13:28:01.8953550Z   Downloading pygments-2.21.0-py3-none-any.whl.metadata (2.5 kB)
dependency-test	Install Dependencies	2026-08-27T13:28:01.9214045Z Downloading pytest-9.1.1-py3-none-any.whl (386 kB)
dependency-test	Install Dependencies	2026-08-27T13:28:02.0125298Z Downloading pluggy-1.6.0-py3-none-any.whl (20 kB)
dependency-test	Install Dependencies	2026-08-27T13:28:02.0365805Z Downloading iniconfig-2.3.0-py3-none-any.whl (7.5 kB)
dependency-test	Install Dependencies	2026-08-27T13:28:02.0574154Z Downloading packaging-26.3-py3-none-any.whl (129 kB)
dependency-test	Install Dependencies	2026-08-27T13:28:02.0812605Z Downloading pygments-2.21.0-py3-none-any.whl (1.3 MB)
dependency-test	Install Dependencies	2026-08-27T13:28:02.1387612Z    ━━━━━━━━━━━━━━━━━━━━━━━━━━━━━━━━━━━━━━━━ 1.3/1.3 MB 19.7 MB/s  0:00:00
dependency-test	Install Dependencies	2026-08-27T13:28:02.1858480Z Installing collected packages: pygments, pluggy, packaging, iniconfig, pytest
dependency-test	Install Dependencies	2026-08-27T13:28:03.1864375Z 
dependency-test	Install Dependencies	2026-08-27T13:28:03.1874845Z Successfully installed iniconfig-2.3.0 packaging-26.3 pluggy-1.6.0 pygments-2.21.0 pytest-9.1.1
dependency-test	Check App Syntax	﻿2026-08-27T13:28:03.2470011Z ##[group]Run python -c "import app"
dependency-test	Check App Syntax	2026-08-27T13:28:03.2470382Z ^[[36;1mpython -c "import app"^[[0m
dependency-test	Check App Syntax	2026-08-27T13:28:03.2513211Z shell: /usr/bin/bash -e {0}
dependency-test	Check App Syntax	2026-08-27T13:28:03.2513491Z env:
dependency-test	Check App Syntax	2026-08-27T13:28:03.2513775Z   pythonLocation: /opt/hostedtoolcache/Python/3.11.16/x64
dependency-test	Check App Syntax	2026-08-27T13:28:03.2514241Z   PKG_CONFIG_PATH: /opt/hostedtoolcache/Python/3.11.16/x64/lib/pkgconfig
dependency-test	Check App Syntax	2026-08-27T13:28:03.2514681Z   Python_ROOT_DIR: /opt/hostedtoolcache/Python/3.11.16/x64
dependency-test	Check App Syntax	2026-08-27T13:28:03.2515073Z   Python2_ROOT_DIR: /opt/hostedtoolcache/Python/3.11.16/x64
dependency-test	Check App Syntax	2026-08-27T13:28:03.2515461Z   Python3_ROOT_DIR: /opt/hostedtoolcache/Python/3.11.16/x64
dependency-test	Check App Syntax	2026-08-27T13:28:03.2515856Z   LD_LIBRARY_PATH: /opt/hostedtoolcache/Python/3.11.16/x64/lib
dependency-test	Check App Syntax	2026-08-27T13:28:03.2516183Z ##[endgroup]
dependency-test	Check App Syntax	2026-08-27T13:28:03.2694206Z Traceback (most recent call last):
dependency-test	Check App Syntax	2026-08-27T13:28:03.2702109Z   File "<string>", line 1, in <module>
dependency-test	Check App Syntax	2026-08-27T13:28:03.2703135Z   File "/home/runner/work/dependency-error-repo/dependency-error-repo/app.py", line 4
dependency-test	Check App Syntax	2026-08-27T13:28:03.2703897Z     for i in range(3)
dependency-test	Check App Syntax	2026-08-27T13:28:03.2704304Z                      ^
dependency-test	Check App Syntax	2026-08-27T13:28:03.2704703Z SyntaxError: expected ':'
dependency-test	Check App Syntax	2026-08-27T13:28:03.2733855Z ##[error]Process completed with exit code 1.
dependency-test	Post Checkout Repository	﻿2026-08-27T13:28:03.2889615Z Node 20 is being deprecated. This workflow is running with Node 24 by default. If you need to temporarily use Node 20, you can set the ACTIONS_ALLOW_USE_UNSECURE_NODE_VERSION=true environment variable. For more information see: https://github.blog/changelog/2025-09-19-deprecation-of-node-20-on-github-actions-runners/
dependency-test	Post Checkout Repository	2026-08-27T13:28:03.2890847Z Post job cleanup.
dependency-test	Post Checkout Repository	2026-08-27T13:28:03.3755227Z [command]/usr/bin/git version
dependency-test	Post Checkout Repository	2026-08-27T13:28:03.3800682Z git version 2.55.0
dependency-test	Post Checkout Repository	2026-08-27T13:28:03.3838503Z Temporarily overriding HOME='/home/runner/work/_temp/ec9f1c0c-2f89-440c-a000-8f23c1fe1c8c' before making global git config changes
dependency-test	Post Checkout Repository	2026-08-27T13:28:03.3839877Z Adding repository directory to the temporary git global config as a safe directory
dependency-test	Post Checkout Repository	2026-08-27T13:28:03.3844985Z [command]/usr/bin/git config --global --add safe.directory /home/runner/work/dependency-error-repo/dependency-error-repo
dependency-test	Post Checkout Repository	2026-08-27T13:28:03.3922002Z [command]/usr/bin/git config --local --name-only --get-regexp core\.sshCommand
dependency-test	Post Checkout Repository	2026-08-27T13:28:03.3937344Z [command]/usr/bin/git submodule foreach --recursive sh -c "git config --local --name-only --get-regexp 'core\.sshCommand' && git config --local --unset-all 'core.sshCommand' || :"
dependency-test	Post Checkout Repository	2026-08-27T13:28:03.4232659Z [command]/usr/bin/git config --local --name-only --get-regexp http\.https\:\/\/github\.com\/\.extraheader
dependency-test	Post Checkout Repository	2026-08-27T13:28:03.4264893Z http.https://github.com/.extraheader
dependency-test	Post Checkout Repository	2026-08-27T13:28:03.4278680Z [command]/usr/bin/git config --local --unset-all http.https://github.com/.extraheader
dependency-test	Post Checkout Repository	2026-08-27T13:28:03.4318177Z [command]/usr/bin/git submodule foreach --recursive sh -c "git config --local --name-only --get-regexp 'http\.https\:\/\/github\.com\/\.extraheader' && git config --local --unset-all 'http.https://github.com/.extraheader' || :"
dependency-test	Post Checkout Repository	2026-08-27T13:28:03.4602216Z [command]/usr/bin/git config --local --name-only --get-regexp ^includeIf\.gitdir:
dependency-test	Post Checkout Repository	2026-08-27T13:28:03.4642077Z [command]/usr/bin/git submodule foreach --recursive git config --local --show-origin --name-only --get-regexp remote.origin.url
dependency-test	Complete job	﻿2026-08-27T13:28:03.5061354Z Cleaning up orphan processes
dependency-test	Complete job	2026-08-27T13:28:03.5346196Z ##[warning]Node.js 20 is deprecated. The following actions target Node.js 20 but are being forced to run on Node.js 24: actions/checkout@v4, actions/setup-python@v5. For more information see: https://github.blog/changelog/2025-09-19-deprecation-of-node-20-on-github-actions-runners/