dependency-test	Set up job	﻿2026-08-27T13:27:16.8557974Z Current runner version: '2.336.0'
dependency-test	Set up job	2026-08-27T13:27:16.8580964Z ##[group]Runner Image Provisioner
dependency-test	Set up job	2026-08-27T13:27:16.8581700Z Hosted Compute Agent
dependency-test	Set up job	2026-08-27T13:27:16.8582180Z Version: 20260819.586
dependency-test	Set up job	2026-08-27T13:27:16.8582736Z Commit: 3cc4a88dfa507ef76119ad1bb3eccc6378bb2b76
dependency-test	Set up job	2026-08-27T13:27:16.8583322Z Build Date: 2026-08-18T23:20:18Z
dependency-test	Set up job	2026-08-27T13:27:16.8583901Z Worker ID: {046ae9e0-792e-495c-b2e0-432def3c9587}
dependency-test	Set up job	2026-08-27T13:27:16.8584539Z Azure Region: westus
dependency-test	Set up job	2026-08-27T13:27:16.8585002Z ##[endgroup]
dependency-test	Set up job	2026-08-27T13:27:16.8586202Z ##[group]Operating System
dependency-test	Set up job	2026-08-27T13:27:16.8586712Z Ubuntu
dependency-test	Set up job	2026-08-27T13:27:16.8587155Z 24.04.4
dependency-test	Set up job	2026-08-27T13:27:16.8587626Z LTS
dependency-test	Set up job	2026-08-27T13:27:16.8588053Z ##[endgroup]
dependency-test	Set up job	2026-08-27T13:27:16.8588523Z ##[group]Runner Image
dependency-test	Set up job	2026-08-27T13:27:16.8589017Z Image: ubuntu-24.04
dependency-test	Set up job	2026-08-27T13:27:16.8589733Z Version: 20260823.283.1
dependency-test	Set up job	2026-08-27T13:27:16.8590635Z Included Software: https://github.com/actions/runner-images/blob/ubuntu24/20260823.283/images/ubuntu/Ubuntu2404-Readme.md
dependency-test	Set up job	2026-08-27T13:27:16.8592091Z Image Release: https://github.com/actions/runner-images/releases/tag/ubuntu24%2F20260823.283
dependency-test	Set up job	2026-08-27T13:27:16.8592877Z ##[endgroup]
dependency-test	Set up job	2026-08-27T13:27:16.8593897Z ##[group]GITHUB_TOKEN Permissions
dependency-test	Set up job	2026-08-27T13:27:16.8595452Z Contents: read
dependency-test	Set up job	2026-08-27T13:27:16.8595953Z Metadata: read
dependency-test	Set up job	2026-08-27T13:27:16.8596849Z Packages: read
dependency-test	Set up job	2026-08-27T13:27:16.8597339Z ##[endgroup]
dependency-test	Set up job	2026-08-27T13:27:16.8599134Z Secret source: Actions
dependency-test	Set up job	2026-08-27T13:27:16.8600130Z Prepare workflow directory
dependency-test	Set up job	2026-08-27T13:27:16.8870750Z Prepare all required actions
dependency-test	Set up job	2026-08-27T13:27:16.8909908Z Getting action download info
dependency-test	Set up job	2026-08-27T13:27:17.2492805Z Download action repository 'actions/checkout@v4' (SHA:11d5960a326750d5838078e36cf38b85af677262)
dependency-test	Set up job	2026-08-27T13:27:18.9014275Z Download action repository 'actions/setup-python@v5' (SHA:a26af69be951a213d495a4c3e4e4022e16d87065)
dependency-test	Set up job	2026-08-27T13:27:19.4705635Z Complete job name: dependency-test
dependency-test	Checkout Repository	﻿2026-08-27T13:27:19.5300969Z Node 20 is being deprecated. This workflow is running with Node 24 by default. If you need to temporarily use Node 20, you can set the ACTIONS_ALLOW_USE_UNSECURE_NODE_VERSION=true environment variable. For more information see: https://github.blog/changelog/2025-09-19-deprecation-of-node-20-on-github-actions-runners/
dependency-test	Checkout Repository	2026-08-27T13:27:19.5306959Z ##[group]Run actions/checkout@v4
dependency-test	Checkout Repository	2026-08-27T13:27:19.5307380Z with:
dependency-test	Checkout Repository	2026-08-27T13:27:19.5307638Z   repository: DhruvHegde/dependency-error-repo
dependency-test	Checkout Repository	2026-08-27T13:27:19.5309944Z   token: ***
dependency-test	Checkout Repository	2026-08-27T13:27:19.5310170Z   ssh-strict: true
dependency-test	Checkout Repository	2026-08-27T13:27:19.5310389Z   ssh-user: git
dependency-test	Checkout Repository	2026-08-27T13:27:19.5310619Z   persist-credentials: true
dependency-test	Checkout Repository	2026-08-27T13:27:19.5310861Z   clean: true
dependency-test	Checkout Repository	2026-08-27T13:27:19.5311094Z   sparse-checkout-cone-mode: true
dependency-test	Checkout Repository	2026-08-27T13:27:19.5311349Z   fetch-depth: 1
dependency-test	Checkout Repository	2026-08-27T13:27:19.5311563Z   fetch-tags: false
dependency-test	Checkout Repository	2026-08-27T13:27:19.5311786Z   show-progress: true
dependency-test	Checkout Repository	2026-08-27T13:27:19.5312024Z   lfs: false
dependency-test	Checkout Repository	2026-08-27T13:27:19.5312226Z   submodules: false
dependency-test	Checkout Repository	2026-08-27T13:27:19.5312514Z   set-safe-directory: true
dependency-test	Checkout Repository	2026-08-27T13:27:19.5312783Z   allow-unsafe-pr-checkout: false
dependency-test	Checkout Repository	2026-08-27T13:27:19.5313216Z ##[endgroup]
dependency-test	Checkout Repository	2026-08-27T13:27:19.6144143Z Syncing repository: DhruvHegde/dependency-error-repo
dependency-test	Checkout Repository	2026-08-27T13:27:19.6146012Z ##[group]Getting Git version info
dependency-test	Checkout Repository	2026-08-27T13:27:19.6146729Z Working directory is '/home/runner/work/dependency-error-repo/dependency-error-repo'
dependency-test	Checkout Repository	2026-08-27T13:27:19.6147688Z [command]/usr/bin/git version
dependency-test	Checkout Repository	2026-08-27T13:27:20.0271741Z git version 2.55.0
dependency-test	Checkout Repository	2026-08-27T13:27:20.0336511Z ##[endgroup]
dependency-test	Checkout Repository	2026-08-27T13:27:20.0343796Z Temporarily overriding HOME='/home/runner/work/_temp/c354023d-df58-421a-bc93-35262fe1e660' before making global git config changes
dependency-test	Checkout Repository	2026-08-27T13:27:20.0344978Z Adding repository directory to the temporary git global config as a safe directory
dependency-test	Checkout Repository	2026-08-27T13:27:20.0348557Z [command]/usr/bin/git config --global --add safe.directory /home/runner/work/dependency-error-repo/dependency-error-repo
dependency-test	Checkout Repository	2026-08-27T13:27:20.4060167Z Deleting the contents of '/home/runner/work/dependency-error-repo/dependency-error-repo'
dependency-test	Checkout Repository	2026-08-27T13:27:20.4063893Z ##[group]Initializing the repository
dependency-test	Checkout Repository	2026-08-27T13:27:20.4068701Z [command]/usr/bin/git init /home/runner/work/dependency-error-repo/dependency-error-repo
dependency-test	Checkout Repository	2026-08-27T13:27:20.4661446Z hint: Using 'master' as the name for the initial branch. This default branch name
dependency-test	Checkout Repository	2026-08-27T13:27:20.4662861Z hint: will change to "main" in Git 3.0. To configure the initial branch name
dependency-test	Checkout Repository	2026-08-27T13:27:20.4663817Z hint: to use in all of your new repositories, which will suppress this warning,
dependency-test	Checkout Repository	2026-08-27T13:27:20.4664645Z hint: call:
dependency-test	Checkout Repository	2026-08-27T13:27:20.4665366Z hint:
dependency-test	Checkout Repository	2026-08-27T13:27:20.4665907Z hint: 	git config --global init.defaultBranch <name>
dependency-test	Checkout Repository	2026-08-27T13:27:20.4666246Z hint:
dependency-test	Checkout Repository	2026-08-27T13:27:20.4666653Z hint: Names commonly chosen instead of 'master' are 'main', 'trunk' and
dependency-test	Checkout Repository	2026-08-27T13:27:20.4667335Z hint: 'development'. The just-created branch can be renamed via this command:
dependency-test	Checkout Repository	2026-08-27T13:27:20.4667715Z hint:
dependency-test	Checkout Repository	2026-08-27T13:27:20.4667919Z hint: 	git branch -m <name>
dependency-test	Checkout Repository	2026-08-27T13:27:20.4668160Z hint:
dependency-test	Checkout Repository	2026-08-27T13:27:20.4668469Z hint: Disable this message with "git config set advice.defaultBranchName false"
dependency-test	Checkout Repository	2026-08-27T13:27:20.4669017Z Initialized empty Git repository in /home/runner/work/dependency-error-repo/dependency-error-repo/.git/
dependency-test	Checkout Repository	2026-08-27T13:27:20.4672994Z [command]/usr/bin/git remote add origin https://github.com/DhruvHegde/dependency-error-repo
dependency-test	Checkout Repository	2026-08-27T13:27:20.8630574Z ##[endgroup]
dependency-test	Checkout Repository	2026-08-27T13:27:20.8631226Z ##[group]Disabling automatic garbage collection
dependency-test	Checkout Repository	2026-08-27T13:27:20.8635344Z [command]/usr/bin/git config --local gc.auto 0
dependency-test	Checkout Repository	2026-08-27T13:27:20.8668690Z ##[endgroup]
dependency-test	Checkout Repository	2026-08-27T13:27:20.8669222Z ##[group]Setting up auth
dependency-test	Checkout Repository	2026-08-27T13:27:20.8673876Z [command]/usr/bin/git config --local --name-only --get-regexp core\.sshCommand
dependency-test	Checkout Repository	2026-08-27T13:27:20.8704356Z [command]/usr/bin/git submodule foreach --recursive sh -c "git config --local --name-only --get-regexp 'core\.sshCommand' && git config --local --unset-all 'core.sshCommand' || :"
dependency-test	Checkout Repository	2026-08-27T13:27:21.3716992Z [command]/usr/bin/git config --local --name-only --get-regexp http\.https\:\/\/github\.com\/\.extraheader
dependency-test	Checkout Repository	2026-08-27T13:27:21.3751433Z [command]/usr/bin/git submodule foreach --recursive sh -c "git config --local --name-only --get-regexp 'http\.https\:\/\/github\.com\/\.extraheader' && git config --local --unset-all 'http.https://github.com/.extraheader' || :"
dependency-test	Checkout Repository	2026-08-27T13:27:21.3952681Z [command]/usr/bin/git config --local --name-only --get-regexp ^includeIf\.gitdir:
dependency-test	Checkout Repository	2026-08-27T13:27:21.3984362Z [command]/usr/bin/git submodule foreach --recursive git config --local --show-origin --name-only --get-regexp remote.origin.url
dependency-test	Checkout Repository	2026-08-27T13:27:21.4183171Z [command]/usr/bin/git config --local http.https://github.com/.extraheader AUTHORIZATION: basic ***
dependency-test	Checkout Repository	2026-08-27T13:27:21.4218186Z ##[endgroup]
dependency-test	Checkout Repository	2026-08-27T13:27:21.4218576Z ##[group]Fetching the repository
dependency-test	Checkout Repository	2026-08-27T13:27:21.4226199Z [command]/usr/bin/git -c protocol.version=2 fetch --no-tags --prune --no-recurse-submodules --depth=1 origin +40fe3cbe4b8b73a38152c9494cda21a4bade157b:refs/remotes/origin/feature/syntax-errors
dependency-test	Checkout Repository	2026-08-27T13:27:22.4988493Z From https://github.com/DhruvHegde/dependency-error-repo
dependency-test	Checkout Repository	2026-08-27T13:27:22.4989508Z  * [new ref]         40fe3cbe4b8b73a38152c9494cda21a4bade157b -> origin/feature/syntax-errors
dependency-test	Checkout Repository	2026-08-27T13:27:22.4992889Z ##[endgroup]
dependency-test	Checkout Repository	2026-08-27T13:27:22.4993400Z ##[group]Determining the checkout info
dependency-test	Checkout Repository	2026-08-27T13:27:22.4995903Z ##[endgroup]
dependency-test	Checkout Repository	2026-08-27T13:27:22.5001362Z [command]/usr/bin/git sparse-checkout disable
dependency-test	Checkout Repository	2026-08-27T13:27:22.6265716Z [command]/usr/bin/git config --local --unset-all extensions.worktreeConfig
dependency-test	Checkout Repository	2026-08-27T13:27:22.6334368Z ##[group]Checking out the ref
dependency-test	Checkout Repository	2026-08-27T13:27:22.6338491Z [command]/usr/bin/git checkout --progress --force -B feature/syntax-errors refs/remotes/origin/feature/syntax-errors
dependency-test	Checkout Repository	2026-08-27T13:27:22.6785372Z Switched to a new branch 'feature/syntax-errors'
dependency-test	Checkout Repository	2026-08-27T13:27:22.6788807Z branch 'feature/syntax-errors' set up to track 'origin/feature/syntax-errors'.
dependency-test	Checkout Repository	2026-08-27T13:27:22.6797693Z ##[endgroup]
dependency-test	Checkout Repository	2026-08-27T13:27:22.6919025Z [command]/usr/bin/git log -1 --format=%H
dependency-test	Checkout Repository	2026-08-27T13:27:22.6945447Z 40fe3cbe4b8b73a38152c9494cda21a4bade157b
dependency-test	Setup Python	﻿2026-08-27T13:27:22.7165724Z Node 20 is being deprecated. This workflow is running with Node 24 by default. If you need to temporarily use Node 20, you can set the ACTIONS_ALLOW_USE_UNSECURE_NODE_VERSION=true environment variable. For more information see: https://github.blog/changelog/2025-09-19-deprecation-of-node-20-on-github-actions-runners/
dependency-test	Setup Python	2026-08-27T13:27:22.7167076Z ##[group]Run actions/setup-python@v5
dependency-test	Setup Python	2026-08-27T13:27:22.7167297Z with:
dependency-test	Setup Python	2026-08-27T13:27:22.7167464Z   python-version: 3.11
dependency-test	Setup Python	2026-08-27T13:27:22.7167698Z   check-latest: false
dependency-test	Setup Python	2026-08-27T13:27:22.7169836Z   token: ***
dependency-test	Setup Python	2026-08-27T13:27:22.7170015Z   update-environment: true
dependency-test	Setup Python	2026-08-27T13:27:22.7170221Z   allow-prereleases: false
dependency-test	Setup Python	2026-08-27T13:27:22.7170408Z   freethreaded: false
dependency-test	Setup Python	2026-08-27T13:27:22.7170590Z ##[endgroup]
dependency-test	Setup Python	2026-08-27T13:27:22.8248106Z ##[group]Installed versions
dependency-test	Setup Python	2026-08-27T13:27:23.0531965Z (node:2018) [DEP0040] DeprecationWarning: The `punycode` module is deprecated. Please use a userland alternative instead.
dependency-test	Setup Python	2026-08-27T13:27:23.0532945Z (Use `node --trace-deprecation ...` to show where the warning was created)
dependency-test	Setup Python	2026-08-27T13:27:23.0535009Z Successfully set up CPython (3.11.16)
dependency-test	Setup Python	2026-08-27T13:27:23.0535867Z ##[endgroup]
dependency-test	Install Dependencies	﻿2026-08-27T13:27:23.0689997Z ##[group]Run python -m pip install --upgrade pip
dependency-test	Install Dependencies	2026-08-27T13:27:23.0690495Z ^[[36;1mpython -m pip install --upgrade pip^[[0m
dependency-test	Install Dependencies	2026-08-27T13:27:23.0690777Z ^[[36;1mpip install -r requirements.txt^[[0m
dependency-test	Install Dependencies	2026-08-27T13:27:23.0877395Z shell: /usr/bin/bash -e {0}
dependency-test	Install Dependencies	2026-08-27T13:27:23.0877689Z env:
dependency-test	Install Dependencies	2026-08-27T13:27:23.0877923Z   pythonLocation: /opt/hostedtoolcache/Python/3.11.16/x64
dependency-test	Install Dependencies	2026-08-27T13:27:23.0878296Z   PKG_CONFIG_PATH: /opt/hostedtoolcache/Python/3.11.16/x64/lib/pkgconfig
dependency-test	Install Dependencies	2026-08-27T13:27:23.0878638Z   Python_ROOT_DIR: /opt/hostedtoolcache/Python/3.11.16/x64
dependency-test	Install Dependencies	2026-08-27T13:27:23.0940155Z   Python2_ROOT_DIR: /opt/hostedtoolcache/Python/3.11.16/x64
dependency-test	Install Dependencies	2026-08-27T13:27:23.0940797Z   Python3_ROOT_DIR: /opt/hostedtoolcache/Python/3.11.16/x64
dependency-test	Install Dependencies	2026-08-27T13:27:23.0941340Z   LD_LIBRARY_PATH: /opt/hostedtoolcache/Python/3.11.16/x64/lib
dependency-test	Install Dependencies	2026-08-27T13:27:23.0941784Z ##[endgroup]
dependency-test	Install Dependencies	2026-08-27T13:27:32.6963915Z Requirement already satisfied: pip in /opt/hostedtoolcache/Python/3.11.16/x64/lib/python3.11/site-packages (26.2.1)
dependency-test	Install Dependencies	2026-08-27T13:27:33.8919915Z Collecting pytest (from -r requirements.txt (line 1))
dependency-test	Install Dependencies	2026-08-27T13:27:33.9377009Z   Downloading pytest-9.1.1-py3-none-any.whl.metadata (7.6 kB)
dependency-test	Install Dependencies	2026-08-27T13:27:34.2933753Z Collecting iniconfig>=1.0.1 (from pytest->-r requirements.txt (line 1))
dependency-test	Install Dependencies	2026-08-27T13:27:34.2960238Z   Downloading iniconfig-2.3.0-py3-none-any.whl.metadata (2.5 kB)
dependency-test	Install Dependencies	2026-08-27T13:27:34.5824727Z Collecting packaging>=22 (from pytest->-r requirements.txt (line 1))
dependency-test	Install Dependencies	2026-08-27T13:27:34.5853684Z   Downloading packaging-26.3-py3-none-any.whl.metadata (3.5 kB)
dependency-test	Install Dependencies	2026-08-27T13:27:34.9439271Z Collecting pluggy<2,>=1.5 (from pytest->-r requirements.txt (line 1))
dependency-test	Install Dependencies	2026-08-27T13:27:34.9468102Z   Downloading pluggy-1.6.0-py3-none-any.whl.metadata (4.8 kB)
dependency-test	Install Dependencies	2026-08-27T13:27:35.2595256Z Collecting pygments>=2.7.2 (from pytest->-r requirements.txt (line 1))
dependency-test	Install Dependencies	2026-08-27T13:27:35.2625400Z   Downloading pygments-2.21.0-py3-none-any.whl.metadata (2.5 kB)
dependency-test	Install Dependencies	2026-08-27T13:27:35.3113274Z Downloading pytest-9.1.1-py3-none-any.whl (386 kB)
dependency-test	Install Dependencies	2026-08-27T13:27:35.4046496Z Downloading pluggy-1.6.0-py3-none-any.whl (20 kB)
dependency-test	Install Dependencies	2026-08-27T13:27:35.4357925Z Downloading iniconfig-2.3.0-py3-none-any.whl (7.5 kB)
dependency-test	Install Dependencies	2026-08-27T13:27:35.4403080Z Downloading packaging-26.3-py3-none-any.whl (129 kB)
dependency-test	Install Dependencies	2026-08-27T13:27:35.6185665Z Downloading pygments-2.21.0-py3-none-any.whl (1.3 MB)
dependency-test	Install Dependencies	2026-08-27T13:27:35.6408693Z    ━━━━━━━━━━━━━━━━━━━━━━━━━━━━━━━━━━━━━━━━ 1.3/1.3 MB 51.6 MB/s  0:00:00
dependency-test	Install Dependencies	2026-08-27T13:27:35.6964894Z Installing collected packages: pygments, pluggy, packaging, iniconfig, pytest
dependency-test	Install Dependencies	2026-08-27T13:27:36.6923517Z 
dependency-test	Install Dependencies	2026-08-27T13:27:36.6931638Z Successfully installed iniconfig-2.3.0 packaging-26.3 pluggy-1.6.0 pygments-2.21.0 pytest-9.1.1
dependency-test	Check App Syntax	﻿2026-08-27T13:27:36.7551298Z ##[group]Run python -c "import app"
dependency-test	Check App Syntax	2026-08-27T13:27:36.7551591Z ^[[36;1mpython -c "import app"^[[0m
dependency-test	Check App Syntax	2026-08-27T13:27:36.7585567Z shell: /usr/bin/bash -e {0}
dependency-test	Check App Syntax	2026-08-27T13:27:36.7585793Z env:
dependency-test	Check App Syntax	2026-08-27T13:27:36.7586025Z   pythonLocation: /opt/hostedtoolcache/Python/3.11.16/x64
dependency-test	Check App Syntax	2026-08-27T13:27:36.7586373Z   PKG_CONFIG_PATH: /opt/hostedtoolcache/Python/3.11.16/x64/lib/pkgconfig
dependency-test	Check App Syntax	2026-08-27T13:27:36.7586712Z   Python_ROOT_DIR: /opt/hostedtoolcache/Python/3.11.16/x64
dependency-test	Check App Syntax	2026-08-27T13:27:36.7587009Z   Python2_ROOT_DIR: /opt/hostedtoolcache/Python/3.11.16/x64
dependency-test	Check App Syntax	2026-08-27T13:27:36.7587308Z   Python3_ROOT_DIR: /opt/hostedtoolcache/Python/3.11.16/x64
dependency-test	Check App Syntax	2026-08-27T13:27:36.7587617Z   LD_LIBRARY_PATH: /opt/hostedtoolcache/Python/3.11.16/x64/lib
dependency-test	Check App Syntax	2026-08-27T13:27:36.7587875Z ##[endgroup]
dependency-test	Check App Syntax	2026-08-27T13:27:36.7731831Z Traceback (most recent call last):
dependency-test	Check App Syntax	2026-08-27T13:27:36.7737267Z   File "<string>", line 1, in <module>
dependency-test	Check App Syntax	2026-08-27T13:27:36.7737771Z   File "/home/runner/work/dependency-error-repo/dependency-error-repo/app.py", line 5
dependency-test	Check App Syntax	2026-08-27T13:27:36.7738213Z     while i < 5
dependency-test	Check App Syntax	2026-08-27T13:27:36.7738378Z                ^
dependency-test	Check App Syntax	2026-08-27T13:27:36.7738558Z SyntaxError: expected ':'
dependency-test	Check App Syntax	2026-08-27T13:27:36.7763698Z ##[error]Process completed with exit code 1.
dependency-test	Post Checkout Repository	﻿2026-08-27T13:27:36.7877118Z Node 20 is being deprecated. This workflow is running with Node 24 by default. If you need to temporarily use Node 20, you can set the ACTIONS_ALLOW_USE_UNSECURE_NODE_VERSION=true environment variable. For more information see: https://github.blog/changelog/2025-09-19-deprecation-of-node-20-on-github-actions-runners/
dependency-test	Post Checkout Repository	2026-08-27T13:27:36.7878057Z Post job cleanup.
dependency-test	Post Checkout Repository	2026-08-27T13:27:36.8620280Z [command]/usr/bin/git version
dependency-test	Post Checkout Repository	2026-08-27T13:27:36.8661104Z git version 2.55.0
dependency-test	Post Checkout Repository	2026-08-27T13:27:36.8696283Z Temporarily overriding HOME='/home/runner/work/_temp/eb3383a9-10e6-481d-bddc-366e7c23b510' before making global git config changes
dependency-test	Post Checkout Repository	2026-08-27T13:27:36.8697301Z Adding repository directory to the temporary git global config as a safe directory
dependency-test	Post Checkout Repository	2026-08-27T13:27:36.8701910Z [command]/usr/bin/git config --global --add safe.directory /home/runner/work/dependency-error-repo/dependency-error-repo
dependency-test	Post Checkout Repository	2026-08-27T13:27:36.8738836Z [command]/usr/bin/git config --local --name-only --get-regexp core\.sshCommand
dependency-test	Post Checkout Repository	2026-08-27T13:27:36.8770123Z [command]/usr/bin/git submodule foreach --recursive sh -c "git config --local --name-only --get-regexp 'core\.sshCommand' && git config --local --unset-all 'core.sshCommand' || :"
dependency-test	Post Checkout Repository	2026-08-27T13:27:36.8994396Z [command]/usr/bin/git config --local --name-only --get-regexp http\.https\:\/\/github\.com\/\.extraheader
dependency-test	Post Checkout Repository	2026-08-27T13:27:36.9251906Z http.https://github.com/.extraheader
dependency-test	Post Checkout Repository	2026-08-27T13:27:36.9263510Z [command]/usr/bin/git config --local --unset-all http.https://github.com/.extraheader
dependency-test	Post Checkout Repository	2026-08-27T13:27:36.9301211Z [command]/usr/bin/git submodule foreach --recursive sh -c "git config --local --name-only --get-regexp 'http\.https\:\/\/github\.com\/\.extraheader' && git config --local --unset-all 'http.https://github.com/.extraheader' || :"
dependency-test	Post Checkout Repository	2026-08-27T13:27:36.9531450Z [command]/usr/bin/git config --local --name-only --get-regexp ^includeIf\.gitdir:
dependency-test	Post Checkout Repository	2026-08-27T13:27:36.9564078Z [command]/usr/bin/git submodule foreach --recursive git config --local --show-origin --name-only --get-regexp remote.origin.url
dependency-test	Complete job	﻿2026-08-27T13:27:36.9895490Z Cleaning up orphan processes
dependency-test	Complete job	2026-08-27T13:27:37.0138572Z ##[warning]Node.js 20 is deprecated. The following actions target Node.js 20 but are being forced to run on Node.js 24: actions/checkout@v4, actions/setup-python@v5. For more information see: https://github.blog/changelog/2025-09-19-deprecation-of-node-20-on-github-actions-runners/