dependency-test	Set up job	﻿2026-08-23T17:27:17.0907100Z Current runner version: '2.336.0'
dependency-test	Set up job	2026-08-23T17:27:17.0933858Z ##[group]Runner Image Provisioner
dependency-test	Set up job	2026-08-23T17:27:17.0934846Z Hosted Compute Agent
dependency-test	Set up job	2026-08-23T17:27:17.0935530Z Version: 20260729.566
dependency-test	Set up job	2026-08-23T17:27:17.0936192Z Commit: cf7153fe6e25b664e8693c24944bf2b00355d109
dependency-test	Set up job	2026-08-23T17:27:17.0936933Z Build Date: 2026-07-29T19:17:02Z
dependency-test	Set up job	2026-08-23T17:27:17.0937697Z Worker ID: {af3a7e13-f404-4092-8cf1-47a6feebb8d7}
dependency-test	Set up job	2026-08-23T17:27:17.0938488Z Azure Region: westcentralus
dependency-test	Set up job	2026-08-23T17:27:17.0939202Z ##[endgroup]
dependency-test	Set up job	2026-08-23T17:27:17.0940556Z ##[group]Operating System
dependency-test	Set up job	2026-08-23T17:27:17.0941568Z Ubuntu
dependency-test	Set up job	2026-08-23T17:27:17.0942220Z 24.04.4
dependency-test	Set up job	2026-08-23T17:27:17.0942813Z LTS
dependency-test	Set up job	2026-08-23T17:27:17.0943331Z ##[endgroup]
dependency-test	Set up job	2026-08-23T17:27:17.0943982Z ##[group]Runner Image
dependency-test	Set up job	2026-08-23T17:27:17.0944607Z Image: ubuntu-24.04
dependency-test	Set up job	2026-08-23T17:27:17.0945230Z Version: 20260816.277.1
dependency-test	Set up job	2026-08-23T17:27:17.0946373Z Included Software: https://github.com/actions/runner-images/blob/ubuntu24/20260816.277/images/ubuntu/Ubuntu2404-Readme.md
dependency-test	Set up job	2026-08-23T17:27:17.0948307Z Image Release: https://github.com/actions/runner-images/releases/tag/ubuntu24%2F20260816.277
dependency-test	Set up job	2026-08-23T17:27:17.0949294Z ##[endgroup]
dependency-test	Set up job	2026-08-23T17:27:17.0950589Z ##[group]GITHUB_TOKEN Permissions
dependency-test	Set up job	2026-08-23T17:27:17.0952855Z Contents: read
dependency-test	Set up job	2026-08-23T17:27:17.0954038Z Metadata: read
dependency-test	Set up job	2026-08-23T17:27:17.0954657Z Packages: read
dependency-test	Set up job	2026-08-23T17:27:17.0955215Z ##[endgroup]
dependency-test	Set up job	2026-08-23T17:27:17.0957392Z Secret source: Actions
dependency-test	Set up job	2026-08-23T17:27:17.0958482Z Prepare workflow directory
dependency-test	Set up job	2026-08-23T17:27:17.1343247Z Prepare all required actions
dependency-test	Set up job	2026-08-23T17:27:17.1391463Z Getting action download info
dependency-test	Set up job	2026-08-23T17:27:17.4172061Z Download action repository 'actions/checkout@v4' (SHA:11d5960a326750d5838078e36cf38b85af677262)
dependency-test	Set up job	2026-08-23T17:27:17.5418649Z Download action repository 'actions/setup-python@v5' (SHA:a26af69be951a213d495a4c3e4e4022e16d87065)
dependency-test	Set up job	2026-08-23T17:27:17.7258702Z Complete job name: dependency-test
dependency-test	Checkout Repository	﻿2026-08-23T17:27:17.7978352Z Node 20 is being deprecated. This workflow is running with Node 24 by default. If you need to temporarily use Node 20, you can set the ACTIONS_ALLOW_USE_UNSECURE_NODE_VERSION=true environment variable. For more information see: https://github.blog/changelog/2025-09-19-deprecation-of-node-20-on-github-actions-runners/
dependency-test	Checkout Repository	2026-08-23T17:27:17.7987311Z ##[group]Run actions/checkout@v4
dependency-test	Checkout Repository	2026-08-23T17:27:17.7988031Z with:
dependency-test	Checkout Repository	2026-08-23T17:27:17.7988524Z   repository: DhruvHegde/dependency-error-repo
dependency-test	Checkout Repository	2026-08-23T17:27:17.7992574Z   token: ***
dependency-test	Checkout Repository	2026-08-23T17:27:17.7993020Z   ssh-strict: true
dependency-test	Checkout Repository	2026-08-23T17:27:17.7993465Z   ssh-user: git
dependency-test	Checkout Repository	2026-08-23T17:27:17.7993918Z   persist-credentials: true
dependency-test	Checkout Repository	2026-08-23T17:27:17.7994409Z   clean: true
dependency-test	Checkout Repository	2026-08-23T17:27:17.7994849Z   sparse-checkout-cone-mode: true
dependency-test	Checkout Repository	2026-08-23T17:27:17.7995370Z   fetch-depth: 1
dependency-test	Checkout Repository	2026-08-23T17:27:17.7995811Z   fetch-tags: false
dependency-test	Checkout Repository	2026-08-23T17:27:17.7996258Z   show-progress: true
dependency-test	Checkout Repository	2026-08-23T17:27:17.7996709Z   lfs: false
dependency-test	Checkout Repository	2026-08-23T17:27:17.7997124Z   submodules: false
dependency-test	Checkout Repository	2026-08-23T17:27:17.7997625Z   set-safe-directory: true
dependency-test	Checkout Repository	2026-08-23T17:27:17.7998135Z   allow-unsafe-pr-checkout: false
dependency-test	Checkout Repository	2026-08-23T17:27:17.7998840Z ##[endgroup]
dependency-test	Checkout Repository	2026-08-23T17:27:17.8990293Z Syncing repository: DhruvHegde/dependency-error-repo
dependency-test	Checkout Repository	2026-08-23T17:27:17.8993504Z ##[group]Getting Git version info
dependency-test	Checkout Repository	2026-08-23T17:27:17.8995034Z Working directory is '/home/runner/work/dependency-error-repo/dependency-error-repo'
dependency-test	Checkout Repository	2026-08-23T17:27:17.8997115Z [command]/usr/bin/git version
dependency-test	Checkout Repository	2026-08-23T17:27:17.9027249Z git version 2.55.0
dependency-test	Checkout Repository	2026-08-23T17:27:17.9058856Z ##[endgroup]
dependency-test	Checkout Repository	2026-08-23T17:27:17.9065653Z Temporarily overriding HOME='/home/runner/work/_temp/92c22454-8c58-446c-b8ca-6f833caf2d72' before making global git config changes
dependency-test	Checkout Repository	2026-08-23T17:27:17.9068280Z Adding repository directory to the temporary git global config as a safe directory
dependency-test	Checkout Repository	2026-08-23T17:27:17.9070569Z [command]/usr/bin/git config --global --add safe.directory /home/runner/work/dependency-error-repo/dependency-error-repo
dependency-test	Checkout Repository	2026-08-23T17:27:17.9128860Z Deleting the contents of '/home/runner/work/dependency-error-repo/dependency-error-repo'
dependency-test	Checkout Repository	2026-08-23T17:27:17.9132105Z ##[group]Initializing the repository
dependency-test	Checkout Repository	2026-08-23T17:27:17.9134919Z [command]/usr/bin/git init /home/runner/work/dependency-error-repo/dependency-error-repo
dependency-test	Checkout Repository	2026-08-23T17:27:17.9218215Z hint: Using 'master' as the name for the initial branch. This default branch name
dependency-test	Checkout Repository	2026-08-23T17:27:17.9219970Z hint: will change to "main" in Git 3.0. To configure the initial branch name
dependency-test	Checkout Repository	2026-08-23T17:27:17.9221941Z hint: to use in all of your new repositories, which will suppress this warning,
dependency-test	Checkout Repository	2026-08-23T17:27:17.9223588Z hint: call:
dependency-test	Checkout Repository	2026-08-23T17:27:17.9224285Z hint:
dependency-test	Checkout Repository	2026-08-23T17:27:17.9225105Z hint: 	git config --global init.defaultBranch <name>
dependency-test	Checkout Repository	2026-08-23T17:27:17.9226106Z hint:
dependency-test	Checkout Repository	2026-08-23T17:27:17.9227023Z hint: Names commonly chosen instead of 'master' are 'main', 'trunk' and
dependency-test	Checkout Repository	2026-08-23T17:27:17.9228097Z hint: 'development'. The just-created branch can be renamed via this command:
dependency-test	Checkout Repository	2026-08-23T17:27:17.9228891Z hint:
dependency-test	Checkout Repository	2026-08-23T17:27:17.9229342Z hint: 	git branch -m <name>
dependency-test	Checkout Repository	2026-08-23T17:27:17.9229827Z hint:
dependency-test	Checkout Repository	2026-08-23T17:27:17.9230448Z hint: Disable this message with "git config set advice.defaultBranchName false"
dependency-test	Checkout Repository	2026-08-23T17:27:17.9231818Z Initialized empty Git repository in /home/runner/work/dependency-error-repo/dependency-error-repo/.git/
dependency-test	Checkout Repository	2026-08-23T17:27:17.9235471Z [command]/usr/bin/git remote add origin https://github.com/DhruvHegde/dependency-error-repo
dependency-test	Checkout Repository	2026-08-23T17:27:17.9281576Z ##[endgroup]
dependency-test	Checkout Repository	2026-08-23T17:27:17.9282911Z ##[group]Disabling automatic garbage collection
dependency-test	Checkout Repository	2026-08-23T17:27:17.9292677Z [command]/usr/bin/git config --local gc.auto 0
dependency-test	Checkout Repository	2026-08-23T17:27:17.9320503Z ##[endgroup]
dependency-test	Checkout Repository	2026-08-23T17:27:17.9321987Z ##[group]Setting up auth
dependency-test	Checkout Repository	2026-08-23T17:27:17.9327449Z [command]/usr/bin/git config --local --name-only --get-regexp core\.sshCommand
dependency-test	Checkout Repository	2026-08-23T17:27:17.9362870Z [command]/usr/bin/git submodule foreach --recursive sh -c "git config --local --name-only --get-regexp 'core\.sshCommand' && git config --local --unset-all 'core.sshCommand' || :"
dependency-test	Checkout Repository	2026-08-23T17:27:17.9728380Z [command]/usr/bin/git config --local --name-only --get-regexp http\.https\:\/\/github\.com\/\.extraheader
dependency-test	Checkout Repository	2026-08-23T17:27:17.9769710Z [command]/usr/bin/git submodule foreach --recursive sh -c "git config --local --name-only --get-regexp 'http\.https\:\/\/github\.com\/\.extraheader' && git config --local --unset-all 'http.https://github.com/.extraheader' || :"
dependency-test	Checkout Repository	2026-08-23T17:27:18.0033366Z [command]/usr/bin/git config --local --name-only --get-regexp ^includeIf\.gitdir:
dependency-test	Checkout Repository	2026-08-23T17:27:18.0073795Z [command]/usr/bin/git submodule foreach --recursive git config --local --show-origin --name-only --get-regexp remote.origin.url
dependency-test	Checkout Repository	2026-08-23T17:27:18.0318540Z [command]/usr/bin/git config --local http.https://github.com/.extraheader AUTHORIZATION: basic ***
dependency-test	Checkout Repository	2026-08-23T17:27:18.0360667Z ##[endgroup]
dependency-test	Checkout Repository	2026-08-23T17:27:18.0361704Z ##[group]Fetching the repository
dependency-test	Checkout Repository	2026-08-23T17:27:18.0370312Z [command]/usr/bin/git -c protocol.version=2 fetch --no-tags --prune --no-recurse-submodules --depth=1 origin +83fa3dde4e2a41349e6641697c4e01058bff8fbf:refs/remotes/origin/feature/syntax-errors
dependency-test	Checkout Repository	2026-08-23T17:27:18.5080131Z From https://github.com/DhruvHegde/dependency-error-repo
dependency-test	Checkout Repository	2026-08-23T17:27:18.5081563Z  * [new ref]         83fa3dde4e2a41349e6641697c4e01058bff8fbf -> origin/feature/syntax-errors
dependency-test	Checkout Repository	2026-08-23T17:27:18.5085813Z ##[endgroup]
dependency-test	Checkout Repository	2026-08-23T17:27:18.5086579Z ##[group]Determining the checkout info
dependency-test	Checkout Repository	2026-08-23T17:27:18.5088729Z ##[endgroup]
dependency-test	Checkout Repository	2026-08-23T17:27:18.5094812Z [command]/usr/bin/git sparse-checkout disable
dependency-test	Checkout Repository	2026-08-23T17:27:18.5144933Z [command]/usr/bin/git config --local --unset-all extensions.worktreeConfig
dependency-test	Checkout Repository	2026-08-23T17:27:18.5183635Z ##[group]Checking out the ref
dependency-test	Checkout Repository	2026-08-23T17:27:18.5184829Z [command]/usr/bin/git checkout --progress --force -B feature/syntax-errors refs/remotes/origin/feature/syntax-errors
dependency-test	Checkout Repository	2026-08-23T17:27:18.5265895Z Switched to a new branch 'feature/syntax-errors'
dependency-test	Checkout Repository	2026-08-23T17:27:18.5271576Z branch 'feature/syntax-errors' set up to track 'origin/feature/syntax-errors'.
dependency-test	Checkout Repository	2026-08-23T17:27:18.5276197Z ##[endgroup]
dependency-test	Checkout Repository	2026-08-23T17:27:18.5320400Z [command]/usr/bin/git log -1 --format=%H
dependency-test	Checkout Repository	2026-08-23T17:27:18.5348833Z 83fa3dde4e2a41349e6641697c4e01058bff8fbf
dependency-test	Setup Python	﻿2026-08-23T17:27:18.5633244Z Node 20 is being deprecated. This workflow is running with Node 24 by default. If you need to temporarily use Node 20, you can set the ACTIONS_ALLOW_USE_UNSECURE_NODE_VERSION=true environment variable. For more information see: https://github.blog/changelog/2025-09-19-deprecation-of-node-20-on-github-actions-runners/
dependency-test	Setup Python	2026-08-23T17:27:18.5636192Z ##[group]Run actions/setup-python@v5
dependency-test	Setup Python	2026-08-23T17:27:18.5636720Z with:
dependency-test	Setup Python	2026-08-23T17:27:18.5637124Z   python-version: 3.11
dependency-test	Setup Python	2026-08-23T17:27:18.5637578Z   check-latest: false
dependency-test	Setup Python	2026-08-23T17:27:18.5641398Z   token: ***
dependency-test	Setup Python	2026-08-23T17:27:18.5641833Z   update-environment: true
dependency-test	Setup Python	2026-08-23T17:27:18.5642327Z   allow-prereleases: false
dependency-test	Setup Python	2026-08-23T17:27:18.5642807Z   freethreaded: false
dependency-test	Setup Python	2026-08-23T17:27:18.5643248Z ##[endgroup]
dependency-test	Setup Python	2026-08-23T17:27:18.7027261Z ##[group]Installed versions
dependency-test	Setup Python	2026-08-23T17:27:18.7132432Z (node:2348) [DEP0040] DeprecationWarning: The `punycode` module is deprecated. Please use a userland alternative instead.
dependency-test	Setup Python	2026-08-23T17:27:18.7134562Z (Use `node --trace-deprecation ...` to show where the warning was created)
dependency-test	Setup Python	2026-08-23T17:27:18.7135880Z Successfully set up CPython (3.11.16)
dependency-test	Setup Python	2026-08-23T17:27:18.7137196Z ##[endgroup]
dependency-test	Install Dependencies	﻿2026-08-23T17:27:18.7321468Z ##[group]Run python -m pip install --upgrade pip
dependency-test	Install Dependencies	2026-08-23T17:27:18.7322439Z ^[[36;1mpython -m pip install --upgrade pip^[[0m
dependency-test	Install Dependencies	2026-08-23T17:27:18.7323173Z ^[[36;1mpip install -r requirements.txt^[[0m
dependency-test	Install Dependencies	2026-08-23T17:27:18.7471123Z shell: /usr/bin/bash -e {0}
dependency-test	Install Dependencies	2026-08-23T17:27:18.7472207Z env:
dependency-test	Install Dependencies	2026-08-23T17:27:18.7473054Z   pythonLocation: /opt/hostedtoolcache/Python/3.11.16/x64
dependency-test	Install Dependencies	2026-08-23T17:27:18.7474475Z   PKG_CONFIG_PATH: /opt/hostedtoolcache/Python/3.11.16/x64/lib/pkgconfig
dependency-test	Install Dependencies	2026-08-23T17:27:18.7475930Z   Python_ROOT_DIR: /opt/hostedtoolcache/Python/3.11.16/x64
dependency-test	Install Dependencies	2026-08-23T17:27:18.7477224Z   Python2_ROOT_DIR: /opt/hostedtoolcache/Python/3.11.16/x64
dependency-test	Install Dependencies	2026-08-23T17:27:18.7478615Z   Python3_ROOT_DIR: /opt/hostedtoolcache/Python/3.11.16/x64
dependency-test	Install Dependencies	2026-08-23T17:27:18.7480014Z   LD_LIBRARY_PATH: /opt/hostedtoolcache/Python/3.11.16/x64/lib
dependency-test	Install Dependencies	2026-08-23T17:27:18.7481278Z ##[endgroup]
dependency-test	Install Dependencies	2026-08-23T17:27:21.4098574Z Requirement already satisfied: pip in /opt/hostedtoolcache/Python/3.11.16/x64/lib/python3.11/site-packages (26.2.1)
dependency-test	Install Dependencies	2026-08-23T17:27:22.2075984Z Collecting pytest (from -r requirements.txt (line 1))
dependency-test	Install Dependencies	2026-08-23T17:27:22.3056293Z   Downloading pytest-9.1.1-py3-none-any.whl.metadata (7.6 kB)
dependency-test	Install Dependencies	2026-08-23T17:27:22.3331254Z Collecting iniconfig>=1.0.1 (from pytest->-r requirements.txt (line 1))
dependency-test	Install Dependencies	2026-08-23T17:27:22.3521754Z   Downloading iniconfig-2.3.0-py3-none-any.whl.metadata (2.5 kB)
dependency-test	Install Dependencies	2026-08-23T17:27:22.3826804Z Collecting packaging>=22 (from pytest->-r requirements.txt (line 1))
dependency-test	Install Dependencies	2026-08-23T17:27:22.4023578Z   Downloading packaging-26.3-py3-none-any.whl.metadata (3.5 kB)
dependency-test	Install Dependencies	2026-08-23T17:27:22.4303145Z Collecting pluggy<2,>=1.5 (from pytest->-r requirements.txt (line 1))
dependency-test	Install Dependencies	2026-08-23T17:27:22.4497187Z   Downloading pluggy-1.6.0-py3-none-any.whl.metadata (4.8 kB)
dependency-test	Install Dependencies	2026-08-23T17:27:22.4836212Z Collecting pygments>=2.7.2 (from pytest->-r requirements.txt (line 1))
dependency-test	Install Dependencies	2026-08-23T17:27:22.5025502Z   Downloading pygments-2.21.0-py3-none-any.whl.metadata (2.5 kB)
dependency-test	Install Dependencies	2026-08-23T17:27:22.5272028Z Downloading pytest-9.1.1-py3-none-any.whl (386 kB)
dependency-test	Install Dependencies	2026-08-23T17:27:22.6122799Z Downloading pluggy-1.6.0-py3-none-any.whl (20 kB)
dependency-test	Install Dependencies	2026-08-23T17:27:22.6339047Z Downloading iniconfig-2.3.0-py3-none-any.whl (7.5 kB)
dependency-test	Install Dependencies	2026-08-23T17:27:22.6554137Z Downloading packaging-26.3-py3-none-any.whl (129 kB)
dependency-test	Install Dependencies	2026-08-23T17:27:22.6789598Z Downloading pygments-2.21.0-py3-none-any.whl (1.3 MB)
dependency-test	Install Dependencies	2026-08-23T17:27:22.7346090Z    ━━━━━━━━━━━━━━━━━━━━━━━━━━━━━━━━━━━━━━━━ 1.3/1.3 MB 20.1 MB/s  0:00:00
dependency-test	Install Dependencies	2026-08-23T17:27:22.7857040Z Installing collected packages: pygments, pluggy, packaging, iniconfig, pytest
dependency-test	Install Dependencies	2026-08-23T17:27:23.7968400Z 
dependency-test	Install Dependencies	2026-08-23T17:27:23.7978586Z Successfully installed iniconfig-2.3.0 packaging-26.3 pluggy-1.6.0 pygments-2.21.0 pytest-9.1.1
dependency-test	Check App Syntax	﻿2026-08-23T17:27:23.8511352Z ##[group]Run python -c "import app"
dependency-test	Check App Syntax	2026-08-23T17:27:23.8511744Z ^[[36;1mpython -c "import app"^[[0m
dependency-test	Check App Syntax	2026-08-23T17:27:23.8554694Z shell: /usr/bin/bash -e {0}
dependency-test	Check App Syntax	2026-08-23T17:27:23.8554996Z env:
dependency-test	Check App Syntax	2026-08-23T17:27:23.8555288Z   pythonLocation: /opt/hostedtoolcache/Python/3.11.16/x64
dependency-test	Check App Syntax	2026-08-23T17:27:23.8555734Z   PKG_CONFIG_PATH: /opt/hostedtoolcache/Python/3.11.16/x64/lib/pkgconfig
dependency-test	Check App Syntax	2026-08-23T17:27:23.8556164Z   Python_ROOT_DIR: /opt/hostedtoolcache/Python/3.11.16/x64
dependency-test	Check App Syntax	2026-08-23T17:27:23.8556548Z   Python2_ROOT_DIR: /opt/hostedtoolcache/Python/3.11.16/x64
dependency-test	Check App Syntax	2026-08-23T17:27:23.8556930Z   Python3_ROOT_DIR: /opt/hostedtoolcache/Python/3.11.16/x64
dependency-test	Check App Syntax	2026-08-23T17:27:23.8557316Z   LD_LIBRARY_PATH: /opt/hostedtoolcache/Python/3.11.16/x64/lib
dependency-test	Check App Syntax	2026-08-23T17:27:23.8557645Z ##[endgroup]
dependency-test	Check App Syntax	2026-08-23T17:27:23.8730877Z Traceback (most recent call last):
dependency-test	Check App Syntax	2026-08-23T17:27:23.8736518Z   File "<string>", line 1, in <module>
dependency-test	Check App Syntax	2026-08-23T17:27:23.8737184Z   File "/home/runner/work/dependency-error-repo/dependency-error-repo/app.py", line 1
dependency-test	Check App Syntax	2026-08-23T17:27:23.8737689Z     class :
dependency-test	Check App Syntax	2026-08-23T17:27:23.8737980Z           ^
dependency-test	Check App Syntax	2026-08-23T17:27:23.8738198Z SyntaxError: invalid syntax
dependency-test	Check App Syntax	2026-08-23T17:27:23.8767130Z ##[error]Process completed with exit code 1.
dependency-test	Post Checkout Repository	﻿2026-08-23T17:27:23.8908329Z Node 20 is being deprecated. This workflow is running with Node 24 by default. If you need to temporarily use Node 20, you can set the ACTIONS_ALLOW_USE_UNSECURE_NODE_VERSION=true environment variable. For more information see: https://github.blog/changelog/2025-09-19-deprecation-of-node-20-on-github-actions-runners/
dependency-test	Post Checkout Repository	2026-08-23T17:27:23.8909552Z Post job cleanup.
dependency-test	Post Checkout Repository	2026-08-23T17:27:23.9766566Z [command]/usr/bin/git version
dependency-test	Post Checkout Repository	2026-08-23T17:27:23.9844474Z git version 2.55.0
dependency-test	Post Checkout Repository	2026-08-23T17:27:23.9885914Z Temporarily overriding HOME='/home/runner/work/_temp/a90adcda-5cff-49e9-844e-412d76c3acd9' before making global git config changes
dependency-test	Post Checkout Repository	2026-08-23T17:27:23.9886940Z Adding repository directory to the temporary git global config as a safe directory
dependency-test	Post Checkout Repository	2026-08-23T17:27:23.9892430Z [command]/usr/bin/git config --global --add safe.directory /home/runner/work/dependency-error-repo/dependency-error-repo
dependency-test	Post Checkout Repository	2026-08-23T17:27:23.9939230Z [command]/usr/bin/git config --local --name-only --get-regexp core\.sshCommand
dependency-test	Post Checkout Repository	2026-08-23T17:27:23.9985250Z [command]/usr/bin/git submodule foreach --recursive sh -c "git config --local --name-only --get-regexp 'core\.sshCommand' && git config --local --unset-all 'core.sshCommand' || :"
dependency-test	Post Checkout Repository	2026-08-23T17:27:24.0263568Z [command]/usr/bin/git config --local --name-only --get-regexp http\.https\:\/\/github\.com\/\.extraheader
dependency-test	Post Checkout Repository	2026-08-23T17:27:24.0292979Z http.https://github.com/.extraheader
dependency-test	Post Checkout Repository	2026-08-23T17:27:24.0304203Z [command]/usr/bin/git config --local --unset-all http.https://github.com/.extraheader
dependency-test	Post Checkout Repository	2026-08-23T17:27:24.0353289Z [command]/usr/bin/git submodule foreach --recursive sh -c "git config --local --name-only --get-regexp 'http\.https\:\/\/github\.com\/\.extraheader' && git config --local --unset-all 'http.https://github.com/.extraheader' || :"
dependency-test	Post Checkout Repository	2026-08-23T17:27:24.0621537Z [command]/usr/bin/git config --local --name-only --get-regexp ^includeIf\.gitdir:
dependency-test	Post Checkout Repository	2026-08-23T17:27:24.0664494Z [command]/usr/bin/git submodule foreach --recursive git config --local --show-origin --name-only --get-regexp remote.origin.url
dependency-test	Complete job	﻿2026-08-23T17:27:24.1086737Z Cleaning up orphan processes
dependency-test	Complete job	2026-08-23T17:27:24.1367886Z ##[warning]Node.js 20 is deprecated. The following actions target Node.js 20 but are being forced to run on Node.js 24: actions/checkout@v4, actions/setup-python@v5. For more information see: https://github.blog/changelog/2025-09-19-deprecation-of-node-20-on-github-actions-runners/