dependency-test	Set up job	﻿2026-08-23T17:43:50.4639887Z Current runner version: '2.336.0'
dependency-test	Set up job	2026-08-23T17:43:50.4670142Z ##[group]Runner Image Provisioner
dependency-test	Set up job	2026-08-23T17:43:50.4671513Z Hosted Compute Agent
dependency-test	Set up job	2026-08-23T17:43:50.4672148Z Version: 20260729.566
dependency-test	Set up job	2026-08-23T17:43:50.4672856Z Commit: cf7153fe6e25b664e8693c24944bf2b00355d109
dependency-test	Set up job	2026-08-23T17:43:50.4673664Z Build Date: 2026-07-29T19:17:02Z
dependency-test	Set up job	2026-08-23T17:43:50.4674367Z Worker ID: {c72071aa-2872-428a-8f1b-e49aee9d34e5}
dependency-test	Set up job	2026-08-23T17:43:50.4675147Z Azure Region: eastus2
dependency-test	Set up job	2026-08-23T17:43:50.4675748Z ##[endgroup]
dependency-test	Set up job	2026-08-23T17:43:50.4678324Z ##[group]Operating System
dependency-test	Set up job	2026-08-23T17:43:50.4679085Z Ubuntu
dependency-test	Set up job	2026-08-23T17:43:50.4679645Z 24.04.4
dependency-test	Set up job	2026-08-23T17:43:50.4680237Z LTS
dependency-test	Set up job	2026-08-23T17:43:50.4681090Z ##[endgroup]
dependency-test	Set up job	2026-08-23T17:43:50.4681658Z ##[group]Runner Image
dependency-test	Set up job	2026-08-23T17:43:50.4682432Z Image: ubuntu-24.04
dependency-test	Set up job	2026-08-23T17:43:50.4683030Z Version: 20260816.277.1
dependency-test	Set up job	2026-08-23T17:43:50.4684165Z Included Software: https://github.com/actions/runner-images/blob/ubuntu24/20260816.277/images/ubuntu/Ubuntu2404-Readme.md
dependency-test	Set up job	2026-08-23T17:43:50.4686025Z Image Release: https://github.com/actions/runner-images/releases/tag/ubuntu24%2F20260816.277
dependency-test	Set up job	2026-08-23T17:43:50.4687130Z ##[endgroup]
dependency-test	Set up job	2026-08-23T17:43:50.4688386Z ##[group]GITHUB_TOKEN Permissions
dependency-test	Set up job	2026-08-23T17:43:50.4691203Z Contents: read
dependency-test	Set up job	2026-08-23T17:43:50.4692335Z Metadata: read
dependency-test	Set up job	2026-08-23T17:43:50.4692986Z Packages: read
dependency-test	Set up job	2026-08-23T17:43:50.4693564Z ##[endgroup]
dependency-test	Set up job	2026-08-23T17:43:50.4695912Z Secret source: Actions
dependency-test	Set up job	2026-08-23T17:43:50.4697423Z Prepare workflow directory
dependency-test	Set up job	2026-08-23T17:43:50.5139108Z Prepare all required actions
dependency-test	Set up job	2026-08-23T17:43:50.5211991Z Getting action download info
dependency-test	Set up job	2026-08-23T17:43:50.7144615Z Download action repository 'actions/checkout@v4' (SHA:11d5960a326750d5838078e36cf38b85af677262)
dependency-test	Set up job	2026-08-23T17:43:50.8816591Z Download action repository 'actions/setup-python@v5' (SHA:a26af69be951a213d495a4c3e4e4022e16d87065)
dependency-test	Set up job	2026-08-23T17:43:51.1118135Z Complete job name: dependency-test
dependency-test	Checkout Repository	﻿2026-08-23T17:43:51.1909073Z Node 20 is being deprecated. This workflow is running with Node 24 by default. If you need to temporarily use Node 20, you can set the ACTIONS_ALLOW_USE_UNSECURE_NODE_VERSION=true environment variable. For more information see: https://github.blog/changelog/2025-09-19-deprecation-of-node-20-on-github-actions-runners/
dependency-test	Checkout Repository	2026-08-23T17:43:51.1919021Z ##[group]Run actions/checkout@v4
dependency-test	Checkout Repository	2026-08-23T17:43:51.1919876Z with:
dependency-test	Checkout Repository	2026-08-23T17:43:51.1920635Z   repository: DhruvHegde/dependency-error-repo
dependency-test	Checkout Repository	2026-08-23T17:43:51.1924779Z   token: ***
dependency-test	Checkout Repository	2026-08-23T17:43:51.1925232Z   ssh-strict: true
dependency-test	Checkout Repository	2026-08-23T17:43:51.1925686Z   ssh-user: git
dependency-test	Checkout Repository	2026-08-23T17:43:51.1926158Z   persist-credentials: true
dependency-test	Checkout Repository	2026-08-23T17:43:51.1926652Z   clean: true
dependency-test	Checkout Repository	2026-08-23T17:43:51.1927108Z   sparse-checkout-cone-mode: true
dependency-test	Checkout Repository	2026-08-23T17:43:51.1927631Z   fetch-depth: 1
dependency-test	Checkout Repository	2026-08-23T17:43:51.1928064Z   fetch-tags: false
dependency-test	Checkout Repository	2026-08-23T17:43:51.1928511Z   show-progress: true
dependency-test	Checkout Repository	2026-08-23T17:43:51.1928965Z   lfs: false
dependency-test	Checkout Repository	2026-08-23T17:43:51.1929384Z   submodules: false
dependency-test	Checkout Repository	2026-08-23T17:43:51.1929913Z   set-safe-directory: true
dependency-test	Checkout Repository	2026-08-23T17:43:51.1930648Z   allow-unsafe-pr-checkout: false
dependency-test	Checkout Repository	2026-08-23T17:43:51.1931534Z ##[endgroup]
dependency-test	Checkout Repository	2026-08-23T17:43:51.3019572Z Syncing repository: DhruvHegde/dependency-error-repo
dependency-test	Checkout Repository	2026-08-23T17:43:51.3022915Z ##[group]Getting Git version info
dependency-test	Checkout Repository	2026-08-23T17:43:51.3024544Z Working directory is '/home/runner/work/dependency-error-repo/dependency-error-repo'
dependency-test	Checkout Repository	2026-08-23T17:43:51.3026542Z [command]/usr/bin/git version
dependency-test	Checkout Repository	2026-08-23T17:43:51.3057055Z git version 2.55.0
dependency-test	Checkout Repository	2026-08-23T17:43:51.3089147Z ##[endgroup]
dependency-test	Checkout Repository	2026-08-23T17:43:51.3120782Z Temporarily overriding HOME='/home/runner/work/_temp/52c7561e-e14f-46bb-960e-b7e04dc77410' before making global git config changes
dependency-test	Checkout Repository	2026-08-23T17:43:51.3122771Z Adding repository directory to the temporary git global config as a safe directory
dependency-test	Checkout Repository	2026-08-23T17:43:51.3125339Z [command]/usr/bin/git config --global --add safe.directory /home/runner/work/dependency-error-repo/dependency-error-repo
dependency-test	Checkout Repository	2026-08-23T17:43:51.3175102Z Deleting the contents of '/home/runner/work/dependency-error-repo/dependency-error-repo'
dependency-test	Checkout Repository	2026-08-23T17:43:51.3181647Z ##[group]Initializing the repository
dependency-test	Checkout Repository	2026-08-23T17:43:51.3188630Z [command]/usr/bin/git init /home/runner/work/dependency-error-repo/dependency-error-repo
dependency-test	Checkout Repository	2026-08-23T17:43:51.3298899Z hint: Using 'master' as the name for the initial branch. This default branch name
dependency-test	Checkout Repository	2026-08-23T17:43:51.3301145Z hint: will change to "main" in Git 3.0. To configure the initial branch name
dependency-test	Checkout Repository	2026-08-23T17:43:51.3302883Z hint: to use in all of your new repositories, which will suppress this warning,
dependency-test	Checkout Repository	2026-08-23T17:43:51.3304190Z hint: call:
dependency-test	Checkout Repository	2026-08-23T17:43:51.3304946Z hint:
dependency-test	Checkout Repository	2026-08-23T17:43:51.3305859Z hint: 	git config --global init.defaultBranch <name>
dependency-test	Checkout Repository	2026-08-23T17:43:51.3306954Z hint:
dependency-test	Checkout Repository	2026-08-23T17:43:51.3308007Z hint: Names commonly chosen instead of 'master' are 'main', 'trunk' and
dependency-test	Checkout Repository	2026-08-23T17:43:51.3309609Z hint: 'development'. The just-created branch can be renamed via this command:
dependency-test	Checkout Repository	2026-08-23T17:43:51.3311192Z hint:
dependency-test	Checkout Repository	2026-08-23T17:43:51.3311963Z hint: 	git branch -m <name>
dependency-test	Checkout Repository	2026-08-23T17:43:51.3313086Z hint:
dependency-test	Checkout Repository	2026-08-23T17:43:51.3313870Z hint: Disable this message with "git config set advice.defaultBranchName false"
dependency-test	Checkout Repository	2026-08-23T17:43:51.3315081Z Initialized empty Git repository in /home/runner/work/dependency-error-repo/dependency-error-repo/.git/
dependency-test	Checkout Repository	2026-08-23T17:43:51.3317185Z [command]/usr/bin/git remote add origin https://github.com/DhruvHegde/dependency-error-repo
dependency-test	Checkout Repository	2026-08-23T17:43:51.3377416Z ##[endgroup]
dependency-test	Checkout Repository	2026-08-23T17:43:51.3378756Z ##[group]Disabling automatic garbage collection
dependency-test	Checkout Repository	2026-08-23T17:43:51.3383017Z [command]/usr/bin/git config --local gc.auto 0
dependency-test	Checkout Repository	2026-08-23T17:43:51.3422853Z ##[endgroup]
dependency-test	Checkout Repository	2026-08-23T17:43:51.3424064Z ##[group]Setting up auth
dependency-test	Checkout Repository	2026-08-23T17:43:51.3431425Z [command]/usr/bin/git config --local --name-only --get-regexp core\.sshCommand
dependency-test	Checkout Repository	2026-08-23T17:43:51.3470548Z [command]/usr/bin/git submodule foreach --recursive sh -c "git config --local --name-only --get-regexp 'core\.sshCommand' && git config --local --unset-all 'core.sshCommand' || :"
dependency-test	Checkout Repository	2026-08-23T17:43:51.3912393Z [command]/usr/bin/git config --local --name-only --get-regexp http\.https\:\/\/github\.com\/\.extraheader
dependency-test	Checkout Repository	2026-08-23T17:43:51.3961272Z [command]/usr/bin/git submodule foreach --recursive sh -c "git config --local --name-only --get-regexp 'http\.https\:\/\/github\.com\/\.extraheader' && git config --local --unset-all 'http.https://github.com/.extraheader' || :"
dependency-test	Checkout Repository	2026-08-23T17:43:51.4219964Z [command]/usr/bin/git config --local --name-only --get-regexp ^includeIf\.gitdir:
dependency-test	Checkout Repository	2026-08-23T17:43:51.4263396Z [command]/usr/bin/git submodule foreach --recursive git config --local --show-origin --name-only --get-regexp remote.origin.url
dependency-test	Checkout Repository	2026-08-23T17:43:51.4548489Z [command]/usr/bin/git config --local http.https://github.com/.extraheader AUTHORIZATION: basic ***
dependency-test	Checkout Repository	2026-08-23T17:43:51.4603189Z ##[endgroup]
dependency-test	Checkout Repository	2026-08-23T17:43:51.4604562Z ##[group]Fetching the repository
dependency-test	Checkout Repository	2026-08-23T17:43:51.4614899Z [command]/usr/bin/git -c protocol.version=2 fetch --no-tags --prune --no-recurse-submodules --depth=1 origin +07852095417e1897d7e1fe85b583c6aa34850d14:refs/remotes/origin/feature/syntax-errors
dependency-test	Checkout Repository	2026-08-23T17:43:51.7328355Z From https://github.com/DhruvHegde/dependency-error-repo
dependency-test	Checkout Repository	2026-08-23T17:43:51.7330050Z  * [new ref]         07852095417e1897d7e1fe85b583c6aa34850d14 -> origin/feature/syntax-errors
dependency-test	Checkout Repository	2026-08-23T17:43:51.7333049Z ##[endgroup]
dependency-test	Checkout Repository	2026-08-23T17:43:51.7334171Z ##[group]Determining the checkout info
dependency-test	Checkout Repository	2026-08-23T17:43:51.7336177Z ##[endgroup]
dependency-test	Checkout Repository	2026-08-23T17:43:51.7343339Z [command]/usr/bin/git sparse-checkout disable
dependency-test	Checkout Repository	2026-08-23T17:43:51.7404043Z [command]/usr/bin/git config --local --unset-all extensions.worktreeConfig
dependency-test	Checkout Repository	2026-08-23T17:43:51.7444022Z ##[group]Checking out the ref
dependency-test	Checkout Repository	2026-08-23T17:43:51.7450170Z [command]/usr/bin/git checkout --progress --force -B feature/syntax-errors refs/remotes/origin/feature/syntax-errors
dependency-test	Checkout Repository	2026-08-23T17:43:51.7542841Z Switched to a new branch 'feature/syntax-errors'
dependency-test	Checkout Repository	2026-08-23T17:43:51.7549257Z branch 'feature/syntax-errors' set up to track 'origin/feature/syntax-errors'.
dependency-test	Checkout Repository	2026-08-23T17:43:51.7554789Z ##[endgroup]
dependency-test	Checkout Repository	2026-08-23T17:43:51.7605203Z [command]/usr/bin/git log -1 --format=%H
dependency-test	Checkout Repository	2026-08-23T17:43:51.7637135Z 07852095417e1897d7e1fe85b583c6aa34850d14
dependency-test	Setup Python	﻿2026-08-23T17:43:51.7943972Z Node 20 is being deprecated. This workflow is running with Node 24 by default. If you need to temporarily use Node 20, you can set the ACTIONS_ALLOW_USE_UNSECURE_NODE_VERSION=true environment variable. For more information see: https://github.blog/changelog/2025-09-19-deprecation-of-node-20-on-github-actions-runners/
dependency-test	Setup Python	2026-08-23T17:43:51.7947194Z ##[group]Run actions/setup-python@v5
dependency-test	Setup Python	2026-08-23T17:43:51.7947727Z with:
dependency-test	Setup Python	2026-08-23T17:43:51.7948152Z   python-version: 3.11
dependency-test	Setup Python	2026-08-23T17:43:51.7948616Z   check-latest: false
dependency-test	Setup Python	2026-08-23T17:43:51.7952702Z   token: ***
dependency-test	Setup Python	2026-08-23T17:43:51.7953158Z   update-environment: true
dependency-test	Setup Python	2026-08-23T17:43:51.7953675Z   allow-prereleases: false
dependency-test	Setup Python	2026-08-23T17:43:51.7954159Z   freethreaded: false
dependency-test	Setup Python	2026-08-23T17:43:51.7954610Z ##[endgroup]
dependency-test	Setup Python	2026-08-23T17:43:51.9396059Z ##[group]Installed versions
dependency-test	Setup Python	2026-08-23T17:43:51.9828407Z (node:2191) [DEP0040] DeprecationWarning: The `punycode` module is deprecated. Please use a userland alternative instead.
dependency-test	Setup Python	2026-08-23T17:43:51.9830924Z (Use `node --trace-deprecation ...` to show where the warning was created)
dependency-test	Setup Python	2026-08-23T17:43:51.9832298Z Successfully set up CPython (3.11.16)
dependency-test	Setup Python	2026-08-23T17:43:51.9833628Z ##[endgroup]
dependency-test	Install Dependencies	﻿2026-08-23T17:43:52.0102936Z ##[group]Run python -m pip install --upgrade pip
dependency-test	Install Dependencies	2026-08-23T17:43:52.0105222Z ^[[36;1mpython -m pip install --upgrade pip^[[0m
dependency-test	Install Dependencies	2026-08-23T17:43:52.0107151Z ^[[36;1mpip install -r requirements.txt^[[0m
dependency-test	Install Dependencies	2026-08-23T17:43:52.0227474Z shell: /usr/bin/bash -e {0}
dependency-test	Install Dependencies	2026-08-23T17:43:52.0229439Z env:
dependency-test	Install Dependencies	2026-08-23T17:43:52.0231171Z   pythonLocation: /opt/hostedtoolcache/Python/3.11.16/x64
dependency-test	Install Dependencies	2026-08-23T17:43:52.0233818Z   PKG_CONFIG_PATH: /opt/hostedtoolcache/Python/3.11.16/x64/lib/pkgconfig
dependency-test	Install Dependencies	2026-08-23T17:43:52.0236438Z   Python_ROOT_DIR: /opt/hostedtoolcache/Python/3.11.16/x64
dependency-test	Install Dependencies	2026-08-23T17:43:52.0238751Z   Python2_ROOT_DIR: /opt/hostedtoolcache/Python/3.11.16/x64
dependency-test	Install Dependencies	2026-08-23T17:43:52.0241052Z   Python3_ROOT_DIR: /opt/hostedtoolcache/Python/3.11.16/x64
dependency-test	Install Dependencies	2026-08-23T17:43:52.0243268Z   LD_LIBRARY_PATH: /opt/hostedtoolcache/Python/3.11.16/x64/lib
dependency-test	Install Dependencies	2026-08-23T17:43:52.0245319Z ##[endgroup]
dependency-test	Install Dependencies	2026-08-23T17:43:54.6573747Z Requirement already satisfied: pip in /opt/hostedtoolcache/Python/3.11.16/x64/lib/python3.11/site-packages (26.2.1)
dependency-test	Install Dependencies	2026-08-23T17:43:55.8754083Z Collecting pytest (from -r requirements.txt (line 1))
dependency-test	Install Dependencies	2026-08-23T17:43:55.9352476Z   Downloading pytest-9.1.1-py3-none-any.whl.metadata (7.6 kB)
dependency-test	Install Dependencies	2026-08-23T17:43:55.9550615Z Collecting iniconfig>=1.0.1 (from pytest->-r requirements.txt (line 1))
dependency-test	Install Dependencies	2026-08-23T17:43:55.9631643Z   Downloading iniconfig-2.3.0-py3-none-any.whl.metadata (2.5 kB)
dependency-test	Install Dependencies	2026-08-23T17:43:55.9830848Z Collecting packaging>=22 (from pytest->-r requirements.txt (line 1))
dependency-test	Install Dependencies	2026-08-23T17:43:55.9908492Z   Downloading packaging-26.3-py3-none-any.whl.metadata (3.5 kB)
dependency-test	Install Dependencies	2026-08-23T17:43:56.0080197Z Collecting pluggy<2,>=1.5 (from pytest->-r requirements.txt (line 1))
dependency-test	Install Dependencies	2026-08-23T17:43:56.0157622Z   Downloading pluggy-1.6.0-py3-none-any.whl.metadata (4.8 kB)
dependency-test	Install Dependencies	2026-08-23T17:43:56.0386969Z Collecting pygments>=2.7.2 (from pytest->-r requirements.txt (line 1))
dependency-test	Install Dependencies	2026-08-23T17:43:56.0466407Z   Downloading pygments-2.21.0-py3-none-any.whl.metadata (2.5 kB)
dependency-test	Install Dependencies	2026-08-23T17:43:56.0591412Z Downloading pytest-9.1.1-py3-none-any.whl (386 kB)
dependency-test	Install Dependencies	2026-08-23T17:43:56.1016265Z Downloading pluggy-1.6.0-py3-none-any.whl (20 kB)
dependency-test	Install Dependencies	2026-08-23T17:43:56.1116274Z Downloading iniconfig-2.3.0-py3-none-any.whl (7.5 kB)
dependency-test	Install Dependencies	2026-08-23T17:43:56.1220929Z Downloading packaging-26.3-py3-none-any.whl (129 kB)
dependency-test	Install Dependencies	2026-08-23T17:43:56.1372260Z Downloading pygments-2.21.0-py3-none-any.whl (1.3 MB)
dependency-test	Install Dependencies	2026-08-23T17:43:56.1924913Z    ━━━━━━━━━━━━━━━━━━━━━━━━━━━━━━━━━━━━━━━━ 1.3/1.3 MB 24.6 MB/s  0:00:00
dependency-test	Install Dependencies	2026-08-23T17:43:56.2625475Z Installing collected packages: pygments, pluggy, packaging, iniconfig, pytest
dependency-test	Install Dependencies	2026-08-23T17:43:57.3251116Z 
dependency-test	Install Dependencies	2026-08-23T17:43:57.3272007Z Successfully installed iniconfig-2.3.0 packaging-26.3 pluggy-1.6.0 pygments-2.21.0 pytest-9.1.1
dependency-test	Check App Syntax	﻿2026-08-23T17:43:57.4015276Z ##[group]Run python -c "import app"
dependency-test	Check App Syntax	2026-08-23T17:43:57.4015664Z ^[[36;1mpython -c "import app"^[[0m
dependency-test	Check App Syntax	2026-08-23T17:43:57.4062176Z shell: /usr/bin/bash -e {0}
dependency-test	Check App Syntax	2026-08-23T17:43:57.4062517Z env:
dependency-test	Check App Syntax	2026-08-23T17:43:57.4062821Z   pythonLocation: /opt/hostedtoolcache/Python/3.11.16/x64
dependency-test	Check App Syntax	2026-08-23T17:43:57.4063306Z   PKG_CONFIG_PATH: /opt/hostedtoolcache/Python/3.11.16/x64/lib/pkgconfig
dependency-test	Check App Syntax	2026-08-23T17:43:57.4063770Z   Python_ROOT_DIR: /opt/hostedtoolcache/Python/3.11.16/x64
dependency-test	Check App Syntax	2026-08-23T17:43:57.4064174Z   Python2_ROOT_DIR: /opt/hostedtoolcache/Python/3.11.16/x64
dependency-test	Check App Syntax	2026-08-23T17:43:57.4064620Z   Python3_ROOT_DIR: /opt/hostedtoolcache/Python/3.11.16/x64
dependency-test	Check App Syntax	2026-08-23T17:43:57.4065026Z   LD_LIBRARY_PATH: /opt/hostedtoolcache/Python/3.11.16/x64/lib
dependency-test	Check App Syntax	2026-08-23T17:43:57.4065370Z ##[endgroup]
dependency-test	Check App Syntax	2026-08-23T17:43:57.4251690Z Traceback (most recent call last):
dependency-test	Check App Syntax	2026-08-23T17:43:57.4257789Z   File "<string>", line 1, in <module>
dependency-test	Check App Syntax	2026-08-23T17:43:57.4258571Z   File "/home/runner/work/dependency-error-repo/dependency-error-repo/app.py", line 4
dependency-test	Check App Syntax	2026-08-23T17:43:57.4259124Z     data = {"key": "value", "broken":}
dependency-test	Check App Syntax	2026-08-23T17:43:57.4259419Z                                     ^
dependency-test	Check App Syntax	2026-08-23T17:43:57.4259778Z SyntaxError: expression expected after dictionary key and ':'
dependency-test	Check App Syntax	2026-08-23T17:43:57.4292920Z ##[error]Process completed with exit code 1.
dependency-test	Post Checkout Repository	﻿2026-08-23T17:43:57.4444988Z Node 20 is being deprecated. This workflow is running with Node 24 by default. If you need to temporarily use Node 20, you can set the ACTIONS_ALLOW_USE_UNSECURE_NODE_VERSION=true environment variable. For more information see: https://github.blog/changelog/2025-09-19-deprecation-of-node-20-on-github-actions-runners/
dependency-test	Post Checkout Repository	2026-08-23T17:43:57.4446241Z Post job cleanup.
dependency-test	Post Checkout Repository	2026-08-23T17:43:57.5377815Z [command]/usr/bin/git version
dependency-test	Post Checkout Repository	2026-08-23T17:43:57.5457931Z git version 2.55.0
dependency-test	Post Checkout Repository	2026-08-23T17:43:57.5499241Z Temporarily overriding HOME='/home/runner/work/_temp/00ee9c6c-c291-434d-bc97-0b46c2a9813c' before making global git config changes
dependency-test	Post Checkout Repository	2026-08-23T17:43:57.5500842Z Adding repository directory to the temporary git global config as a safe directory
dependency-test	Post Checkout Repository	2026-08-23T17:43:57.5506907Z [command]/usr/bin/git config --global --add safe.directory /home/runner/work/dependency-error-repo/dependency-error-repo
dependency-test	Post Checkout Repository	2026-08-23T17:43:57.5555417Z [command]/usr/bin/git config --local --name-only --get-regexp core\.sshCommand
dependency-test	Post Checkout Repository	2026-08-23T17:43:57.5598948Z [command]/usr/bin/git submodule foreach --recursive sh -c "git config --local --name-only --get-regexp 'core\.sshCommand' && git config --local --unset-all 'core.sshCommand' || :"
dependency-test	Post Checkout Repository	2026-08-23T17:43:57.5892547Z [command]/usr/bin/git config --local --name-only --get-regexp http\.https\:\/\/github\.com\/\.extraheader
dependency-test	Post Checkout Repository	2026-08-23T17:43:57.5921240Z http.https://github.com/.extraheader
dependency-test	Post Checkout Repository	2026-08-23T17:43:57.5935052Z [command]/usr/bin/git config --local --unset-all http.https://github.com/.extraheader
dependency-test	Post Checkout Repository	2026-08-23T17:43:57.5984879Z [command]/usr/bin/git submodule foreach --recursive sh -c "git config --local --name-only --get-regexp 'http\.https\:\/\/github\.com\/\.extraheader' && git config --local --unset-all 'http.https://github.com/.extraheader' || :"
dependency-test	Post Checkout Repository	2026-08-23T17:43:57.6302007Z [command]/usr/bin/git config --local --name-only --get-regexp ^includeIf\.gitdir:
dependency-test	Post Checkout Repository	2026-08-23T17:43:57.6345285Z [command]/usr/bin/git submodule foreach --recursive git config --local --show-origin --name-only --get-regexp remote.origin.url
dependency-test	Complete job	﻿2026-08-23T17:43:57.6762995Z Cleaning up orphan processes
dependency-test	Complete job	2026-08-23T17:43:57.7079524Z ##[warning]Node.js 20 is deprecated. The following actions target Node.js 20 but are being forced to run on Node.js 24: actions/checkout@v4, actions/setup-python@v5. For more information see: https://github.blog/changelog/2025-09-19-deprecation-of-node-20-on-github-actions-runners/