dependency-test	Set up job	﻿2026-08-27T12:16:07.9246690Z Current runner version: '2.336.0'
dependency-test	Set up job	2026-08-27T12:16:07.9268513Z ##[group]Runner Image Provisioner
dependency-test	Set up job	2026-08-27T12:16:07.9269309Z Hosted Compute Agent
dependency-test	Set up job	2026-08-27T12:16:07.9269820Z Version: 20260729.566
dependency-test	Set up job	2026-08-27T12:16:07.9270353Z Commit: cf7153fe6e25b664e8693c24944bf2b00355d109
dependency-test	Set up job	2026-08-27T12:16:07.9270946Z Build Date: 2026-07-29T19:17:02Z
dependency-test	Set up job	2026-08-27T12:16:07.9271516Z Worker ID: {abad3273-49cd-4c55-9128-a52acba6ea0b}
dependency-test	Set up job	2026-08-27T12:16:07.9272148Z Azure Region: eastus
dependency-test	Set up job	2026-08-27T12:16:07.9272616Z ##[endgroup]
dependency-test	Set up job	2026-08-27T12:16:07.9273910Z ##[group]Operating System
dependency-test	Set up job	2026-08-27T12:16:07.9274441Z Ubuntu
dependency-test	Set up job	2026-08-27T12:16:07.9274895Z 24.04.4
dependency-test	Set up job	2026-08-27T12:16:07.9275593Z LTS
dependency-test	Set up job	2026-08-27T12:16:07.9276031Z ##[endgroup]
dependency-test	Set up job	2026-08-27T12:16:07.9276545Z ##[group]Runner Image
dependency-test	Set up job	2026-08-27T12:16:07.9277039Z Image: ubuntu-24.04
dependency-test	Set up job	2026-08-27T12:16:07.9277610Z Version: 20260816.277.1
dependency-test	Set up job	2026-08-27T12:16:07.9278533Z Included Software: https://github.com/actions/runner-images/blob/ubuntu24/20260816.277/images/ubuntu/Ubuntu2404-Readme.md
dependency-test	Set up job	2026-08-27T12:16:07.9279979Z Image Release: https://github.com/actions/runner-images/releases/tag/ubuntu24%2F20260816.277
dependency-test	Set up job	2026-08-27T12:16:07.9280825Z ##[endgroup]
dependency-test	Set up job	2026-08-27T12:16:07.9282113Z ##[group]GITHUB_TOKEN Permissions
dependency-test	Set up job	2026-08-27T12:16:07.9283893Z Contents: read
dependency-test	Set up job	2026-08-27T12:16:07.9284380Z Metadata: read
dependency-test	Set up job	2026-08-27T12:16:07.9284927Z Packages: read
dependency-test	Set up job	2026-08-27T12:16:07.9285537Z ##[endgroup]
dependency-test	Set up job	2026-08-27T12:16:07.9287217Z Secret source: Actions
dependency-test	Set up job	2026-08-27T12:16:07.9288374Z Prepare workflow directory
dependency-test	Set up job	2026-08-27T12:16:07.9545743Z Prepare all required actions
dependency-test	Set up job	2026-08-27T12:16:07.9584564Z Getting action download info
dependency-test	Set up job	2026-08-27T12:16:08.0996562Z Download action repository 'actions/checkout@v4' (SHA:11d5960a326750d5838078e36cf38b85af677262)
dependency-test	Set up job	2026-08-27T12:16:08.4438926Z Download action repository 'actions/setup-python@v5' (SHA:a26af69be951a213d495a4c3e4e4022e16d87065)
dependency-test	Set up job	2026-08-27T12:16:08.7386618Z Complete job name: dependency-test
dependency-test	Checkout Repository	﻿2026-08-27T12:16:08.7997540Z Node 20 is being deprecated. This workflow is running with Node 24 by default. If you need to temporarily use Node 20, you can set the ACTIONS_ALLOW_USE_UNSECURE_NODE_VERSION=true environment variable. For more information see: https://github.blog/changelog/2025-09-19-deprecation-of-node-20-on-github-actions-runners/
dependency-test	Checkout Repository	2026-08-27T12:16:08.8004769Z ##[group]Run actions/checkout@v4
dependency-test	Checkout Repository	2026-08-27T12:16:08.8005605Z with:
dependency-test	Checkout Repository	2026-08-27T12:16:08.8006102Z   repository: DhruvHegde/dependency-error-repo
dependency-test	Checkout Repository	2026-08-27T12:16:08.8009684Z   token: ***
dependency-test	Checkout Repository	2026-08-27T12:16:08.8010052Z   ssh-strict: true
dependency-test	Checkout Repository	2026-08-27T12:16:08.8010410Z   ssh-user: git
dependency-test	Checkout Repository	2026-08-27T12:16:08.8010774Z   persist-credentials: true
dependency-test	Checkout Repository	2026-08-27T12:16:08.8011179Z   clean: true
dependency-test	Checkout Repository	2026-08-27T12:16:08.8011540Z   sparse-checkout-cone-mode: true
dependency-test	Checkout Repository	2026-08-27T12:16:08.8011972Z   fetch-depth: 1
dependency-test	Checkout Repository	2026-08-27T12:16:08.8012327Z   fetch-tags: false
dependency-test	Checkout Repository	2026-08-27T12:16:08.8012683Z   show-progress: true
dependency-test	Checkout Repository	2026-08-27T12:16:08.8013056Z   lfs: false
dependency-test	Checkout Repository	2026-08-27T12:16:08.8013388Z   submodules: false
dependency-test	Checkout Repository	2026-08-27T12:16:08.8013816Z   set-safe-directory: true
dependency-test	Checkout Repository	2026-08-27T12:16:08.8014233Z   allow-unsafe-pr-checkout: false
dependency-test	Checkout Repository	2026-08-27T12:16:08.8014875Z ##[endgroup]
dependency-test	Checkout Repository	2026-08-27T12:16:08.8825194Z Syncing repository: DhruvHegde/dependency-error-repo
dependency-test	Checkout Repository	2026-08-27T12:16:08.8827062Z ##[group]Getting Git version info
dependency-test	Checkout Repository	2026-08-27T12:16:08.8827822Z Working directory is '/home/runner/work/dependency-error-repo/dependency-error-repo'
dependency-test	Checkout Repository	2026-08-27T12:16:08.8828863Z [command]/usr/bin/git version
dependency-test	Checkout Repository	2026-08-27T12:16:08.9245103Z git version 2.55.0
dependency-test	Checkout Repository	2026-08-27T12:16:08.9312550Z ##[endgroup]
dependency-test	Checkout Repository	2026-08-27T12:16:08.9325125Z Temporarily overriding HOME='/home/runner/work/_temp/568e5174-e927-40e1-8f1b-ff1f07453e72' before making global git config changes
dependency-test	Checkout Repository	2026-08-27T12:16:08.9333700Z Adding repository directory to the temporary git global config as a safe directory
dependency-test	Checkout Repository	2026-08-27T12:16:08.9335936Z [command]/usr/bin/git config --global --add safe.directory /home/runner/work/dependency-error-repo/dependency-error-repo
dependency-test	Checkout Repository	2026-08-27T12:16:08.9380277Z Deleting the contents of '/home/runner/work/dependency-error-repo/dependency-error-repo'
dependency-test	Checkout Repository	2026-08-27T12:16:08.9389613Z ##[group]Initializing the repository
dependency-test	Checkout Repository	2026-08-27T12:16:08.9400631Z [command]/usr/bin/git init /home/runner/work/dependency-error-repo/dependency-error-repo
dependency-test	Checkout Repository	2026-08-27T12:16:08.9630475Z hint: Using 'master' as the name for the initial branch. This default branch name
dependency-test	Checkout Repository	2026-08-27T12:16:08.9634443Z hint: will change to "main" in Git 3.0. To configure the initial branch name
dependency-test	Checkout Repository	2026-08-27T12:16:08.9635842Z hint: to use in all of your new repositories, which will suppress this warning,
dependency-test	Checkout Repository	2026-08-27T12:16:08.9636740Z hint: call:
dependency-test	Checkout Repository	2026-08-27T12:16:08.9637318Z hint:
dependency-test	Checkout Repository	2026-08-27T12:16:08.9638014Z hint: 	git config --global init.defaultBranch <name>
dependency-test	Checkout Repository	2026-08-27T12:16:08.9638794Z hint:
dependency-test	Checkout Repository	2026-08-27T12:16:08.9639775Z hint: Names commonly chosen instead of 'master' are 'main', 'trunk' and
dependency-test	Checkout Repository	2026-08-27T12:16:08.9640940Z hint: 'development'. The just-created branch can be renamed via this command:
dependency-test	Checkout Repository	2026-08-27T12:16:08.9641833Z hint:
dependency-test	Checkout Repository	2026-08-27T12:16:08.9643931Z hint: 	git branch -m <name>
dependency-test	Checkout Repository	2026-08-27T12:16:08.9644701Z hint:
dependency-test	Checkout Repository	2026-08-27T12:16:08.9650378Z hint: Disable this message with "git config set advice.defaultBranchName false"
dependency-test	Checkout Repository	2026-08-27T12:16:08.9651909Z Initialized empty Git repository in /home/runner/work/dependency-error-repo/dependency-error-repo/.git/
dependency-test	Checkout Repository	2026-08-27T12:16:08.9657134Z [command]/usr/bin/git remote add origin https://github.com/DhruvHegde/dependency-error-repo
dependency-test	Checkout Repository	2026-08-27T12:16:08.9720702Z ##[endgroup]
dependency-test	Checkout Repository	2026-08-27T12:16:08.9721685Z ##[group]Disabling automatic garbage collection
dependency-test	Checkout Repository	2026-08-27T12:16:08.9724437Z [command]/usr/bin/git config --local gc.auto 0
dependency-test	Checkout Repository	2026-08-27T12:16:08.9761920Z ##[endgroup]
dependency-test	Checkout Repository	2026-08-27T12:16:08.9762896Z ##[group]Setting up auth
dependency-test	Checkout Repository	2026-08-27T12:16:08.9765970Z [command]/usr/bin/git config --local --name-only --get-regexp core\.sshCommand
dependency-test	Checkout Repository	2026-08-27T12:16:08.9805972Z [command]/usr/bin/git submodule foreach --recursive sh -c "git config --local --name-only --get-regexp 'core\.sshCommand' && git config --local --unset-all 'core.sshCommand' || :"
dependency-test	Checkout Repository	2026-08-27T12:16:09.0241543Z [command]/usr/bin/git config --local --name-only --get-regexp http\.https\:\/\/github\.com\/\.extraheader
dependency-test	Checkout Repository	2026-08-27T12:16:09.0276865Z [command]/usr/bin/git submodule foreach --recursive sh -c "git config --local --name-only --get-regexp 'http\.https\:\/\/github\.com\/\.extraheader' && git config --local --unset-all 'http.https://github.com/.extraheader' || :"
dependency-test	Checkout Repository	2026-08-27T12:16:09.0489373Z [command]/usr/bin/git config --local --name-only --get-regexp ^includeIf\.gitdir:
dependency-test	Checkout Repository	2026-08-27T12:16:09.0523110Z [command]/usr/bin/git submodule foreach --recursive git config --local --show-origin --name-only --get-regexp remote.origin.url
dependency-test	Checkout Repository	2026-08-27T12:16:09.0721709Z [command]/usr/bin/git config --local http.https://github.com/.extraheader AUTHORIZATION: basic ***
dependency-test	Checkout Repository	2026-08-27T12:16:09.0757758Z ##[endgroup]
dependency-test	Checkout Repository	2026-08-27T12:16:09.0758856Z ##[group]Fetching the repository
dependency-test	Checkout Repository	2026-08-27T12:16:09.0767249Z [command]/usr/bin/git -c protocol.version=2 fetch --no-tags --prune --no-recurse-submodules --depth=1 origin +255e65ad2e84f0a1da28d4281ad71302a86b6fe4:refs/remotes/origin/feature/syntax-errors
dependency-test	Checkout Repository	2026-08-27T12:16:10.9783185Z From https://github.com/DhruvHegde/dependency-error-repo
dependency-test	Checkout Repository	2026-08-27T12:16:10.9785612Z  * [new ref]         255e65ad2e84f0a1da28d4281ad71302a86b6fe4 -> origin/feature/syntax-errors
dependency-test	Checkout Repository	2026-08-27T12:16:10.9789397Z ##[endgroup]
dependency-test	Checkout Repository	2026-08-27T12:16:10.9790806Z ##[group]Determining the checkout info
dependency-test	Checkout Repository	2026-08-27T12:16:10.9794866Z ##[endgroup]
dependency-test	Checkout Repository	2026-08-27T12:16:10.9796057Z [command]/usr/bin/git sparse-checkout disable
dependency-test	Checkout Repository	2026-08-27T12:16:11.0266618Z [command]/usr/bin/git config --local --unset-all extensions.worktreeConfig
dependency-test	Checkout Repository	2026-08-27T12:16:11.0464569Z ##[group]Checking out the ref
dependency-test	Checkout Repository	2026-08-27T12:16:11.0469839Z [command]/usr/bin/git checkout --progress --force -B feature/syntax-errors refs/remotes/origin/feature/syntax-errors
dependency-test	Checkout Repository	2026-08-27T12:16:11.2271553Z Switched to a new branch 'feature/syntax-errors'
dependency-test	Checkout Repository	2026-08-27T12:16:11.2277380Z branch 'feature/syntax-errors' set up to track 'origin/feature/syntax-errors'.
dependency-test	Checkout Repository	2026-08-27T12:16:11.2286463Z ##[endgroup]
dependency-test	Checkout Repository	2026-08-27T12:16:11.2327739Z [command]/usr/bin/git log -1 --format=%H
dependency-test	Checkout Repository	2026-08-27T12:16:11.2351505Z 255e65ad2e84f0a1da28d4281ad71302a86b6fe4
dependency-test	Setup Python	﻿2026-08-27T12:16:11.2673818Z Node 20 is being deprecated. This workflow is running with Node 24 by default. If you need to temporarily use Node 20, you can set the ACTIONS_ALLOW_USE_UNSECURE_NODE_VERSION=true environment variable. For more information see: https://github.blog/changelog/2025-09-19-deprecation-of-node-20-on-github-actions-runners/
dependency-test	Setup Python	2026-08-27T12:16:11.2678496Z ##[group]Run actions/setup-python@v5
dependency-test	Setup Python	2026-08-27T12:16:11.2679422Z with:
dependency-test	Setup Python	2026-08-27T12:16:11.2680123Z   python-version: 3.11
dependency-test	Setup Python	2026-08-27T12:16:11.2680922Z   check-latest: false
dependency-test	Setup Python	2026-08-27T12:16:11.2688338Z   token: ***
dependency-test	Setup Python	2026-08-27T12:16:11.2689101Z   update-environment: true
dependency-test	Setup Python	2026-08-27T12:16:11.2689962Z   allow-prereleases: false
dependency-test	Setup Python	2026-08-27T12:16:11.2690791Z   freethreaded: false
dependency-test	Setup Python	2026-08-27T12:16:11.2691556Z ##[endgroup]
dependency-test	Setup Python	2026-08-27T12:16:11.3812579Z ##[group]Installed versions
dependency-test	Setup Python	2026-08-27T12:16:11.5589400Z (node:2097) [DEP0040] DeprecationWarning: The `punycode` module is deprecated. Please use a userland alternative instead.
dependency-test	Setup Python	2026-08-27T12:16:11.5590116Z (Use `node --trace-deprecation ...` to show where the warning was created)
dependency-test	Setup Python	2026-08-27T12:16:11.5590791Z Successfully set up CPython (3.11.16)
dependency-test	Setup Python	2026-08-27T12:16:11.5591519Z ##[endgroup]
dependency-test	Install Dependencies	﻿2026-08-27T12:16:11.5730739Z ##[group]Run python -m pip install --upgrade pip
dependency-test	Install Dependencies	2026-08-27T12:16:11.5731269Z ^[[36;1mpython -m pip install --upgrade pip^[[0m
dependency-test	Install Dependencies	2026-08-27T12:16:11.5731589Z ^[[36;1mpip install -r requirements.txt^[[0m
dependency-test	Install Dependencies	2026-08-27T12:16:11.5829169Z shell: /usr/bin/bash -e {0}
dependency-test	Install Dependencies	2026-08-27T12:16:11.5829751Z env:
dependency-test	Install Dependencies	2026-08-27T12:16:11.5830256Z   pythonLocation: /opt/hostedtoolcache/Python/3.11.16/x64
dependency-test	Install Dependencies	2026-08-27T12:16:11.5831048Z   PKG_CONFIG_PATH: /opt/hostedtoolcache/Python/3.11.16/x64/lib/pkgconfig
dependency-test	Install Dependencies	2026-08-27T12:16:11.5831804Z   Python_ROOT_DIR: /opt/hostedtoolcache/Python/3.11.16/x64
dependency-test	Install Dependencies	2026-08-27T12:16:11.5832457Z   Python2_ROOT_DIR: /opt/hostedtoolcache/Python/3.11.16/x64
dependency-test	Install Dependencies	2026-08-27T12:16:11.5833110Z   Python3_ROOT_DIR: /opt/hostedtoolcache/Python/3.11.16/x64
dependency-test	Install Dependencies	2026-08-27T12:16:11.5833660Z   LD_LIBRARY_PATH: /opt/hostedtoolcache/Python/3.11.16/x64/lib
dependency-test	Install Dependencies	2026-08-27T12:16:11.5914041Z ##[endgroup]
dependency-test	Install Dependencies	2026-08-27T12:16:19.2300733Z Requirement already satisfied: pip in /opt/hostedtoolcache/Python/3.11.16/x64/lib/python3.11/site-packages (26.2.1)
dependency-test	Install Dependencies	2026-08-27T12:16:21.4477908Z Collecting pytest (from -r requirements.txt (line 1))
dependency-test	Install Dependencies	2026-08-27T12:16:21.4879235Z   Downloading pytest-9.1.1-py3-none-any.whl.metadata (7.6 kB)
dependency-test	Install Dependencies	2026-08-27T12:16:21.5012139Z Collecting iniconfig>=1.0.1 (from pytest->-r requirements.txt (line 1))
dependency-test	Install Dependencies	2026-08-27T12:16:21.5049940Z   Downloading iniconfig-2.3.0-py3-none-any.whl.metadata (2.5 kB)
dependency-test	Install Dependencies	2026-08-27T12:16:21.5176622Z Collecting packaging>=22 (from pytest->-r requirements.txt (line 1))
dependency-test	Install Dependencies	2026-08-27T12:16:21.5209252Z   Downloading packaging-26.3-py3-none-any.whl.metadata (3.5 kB)
dependency-test	Install Dependencies	2026-08-27T12:16:21.5317960Z Collecting pluggy<2,>=1.5 (from pytest->-r requirements.txt (line 1))
dependency-test	Install Dependencies	2026-08-27T12:16:21.5363415Z   Downloading pluggy-1.6.0-py3-none-any.whl.metadata (4.8 kB)
dependency-test	Install Dependencies	2026-08-27T12:16:21.5527980Z Collecting pygments>=2.7.2 (from pytest->-r requirements.txt (line 1))
dependency-test	Install Dependencies	2026-08-27T12:16:21.5567937Z   Downloading pygments-2.21.0-py3-none-any.whl.metadata (2.5 kB)
dependency-test	Install Dependencies	2026-08-27T12:16:21.5649923Z Downloading pytest-9.1.1-py3-none-any.whl (386 kB)
dependency-test	Install Dependencies	2026-08-27T12:16:21.5843146Z Downloading pluggy-1.6.0-py3-none-any.whl (20 kB)
dependency-test	Install Dependencies	2026-08-27T12:16:21.5899182Z Downloading iniconfig-2.3.0-py3-none-any.whl (7.5 kB)
dependency-test	Install Dependencies	2026-08-27T12:16:21.5953523Z Downloading packaging-26.3-py3-none-any.whl (129 kB)
dependency-test	Install Dependencies	2026-08-27T12:16:21.6006432Z Downloading pygments-2.21.0-py3-none-any.whl (1.3 MB)
dependency-test	Install Dependencies	2026-08-27T12:16:21.6218808Z    ━━━━━━━━━━━━━━━━━━━━━━━━━━━━━━━━━━━━━━━━ 1.3/1.3 MB 56.4 MB/s  0:00:00
dependency-test	Install Dependencies	2026-08-27T12:16:21.6670191Z Installing collected packages: pygments, pluggy, packaging, iniconfig, pytest
dependency-test	Install Dependencies	2026-08-27T12:16:22.5944500Z 
dependency-test	Install Dependencies	2026-08-27T12:16:22.5953525Z Successfully installed iniconfig-2.3.0 packaging-26.3 pluggy-1.6.0 pygments-2.21.0 pytest-9.1.1
dependency-test	Check App Syntax	﻿2026-08-27T12:16:22.6454655Z ##[group]Run python -c "import app"
dependency-test	Check App Syntax	2026-08-27T12:16:22.6454958Z ^[[36;1mpython -c "import app"^[[0m
dependency-test	Check App Syntax	2026-08-27T12:16:22.6488456Z shell: /usr/bin/bash -e {0}
dependency-test	Check App Syntax	2026-08-27T12:16:22.6488677Z env:
dependency-test	Check App Syntax	2026-08-27T12:16:22.6488908Z   pythonLocation: /opt/hostedtoolcache/Python/3.11.16/x64
dependency-test	Check App Syntax	2026-08-27T12:16:22.6489256Z   PKG_CONFIG_PATH: /opt/hostedtoolcache/Python/3.11.16/x64/lib/pkgconfig
dependency-test	Check App Syntax	2026-08-27T12:16:22.6489599Z   Python_ROOT_DIR: /opt/hostedtoolcache/Python/3.11.16/x64
dependency-test	Check App Syntax	2026-08-27T12:16:22.6489906Z   Python2_ROOT_DIR: /opt/hostedtoolcache/Python/3.11.16/x64
dependency-test	Check App Syntax	2026-08-27T12:16:22.6490215Z   Python3_ROOT_DIR: /opt/hostedtoolcache/Python/3.11.16/x64
dependency-test	Check App Syntax	2026-08-27T12:16:22.6490527Z   LD_LIBRARY_PATH: /opt/hostedtoolcache/Python/3.11.16/x64/lib
dependency-test	Check App Syntax	2026-08-27T12:16:22.6490791Z ##[endgroup]
dependency-test	Check App Syntax	2026-08-27T12:16:22.6629019Z Traceback (most recent call last):
dependency-test	Check App Syntax	2026-08-27T12:16:22.6634915Z   File "<string>", line 1, in <module>
dependency-test	Check App Syntax	2026-08-27T12:16:22.6635637Z   File "/home/runner/work/dependency-error-repo/dependency-error-repo/app.py", line 4
dependency-test	Check App Syntax	2026-08-27T12:16:22.6636070Z     result = (
dependency-test	Check App Syntax	2026-08-27T12:16:22.6636250Z              ^
dependency-test	Check App Syntax	2026-08-27T12:16:22.6636435Z SyntaxError: '(' was never closed
dependency-test	Check App Syntax	2026-08-27T12:16:22.6660018Z ##[error]Process completed with exit code 1.
dependency-test	Post Checkout Repository	﻿2026-08-27T12:16:22.6772568Z Node 20 is being deprecated. This workflow is running with Node 24 by default. If you need to temporarily use Node 20, you can set the ACTIONS_ALLOW_USE_UNSECURE_NODE_VERSION=true environment variable. For more information see: https://github.blog/changelog/2025-09-19-deprecation-of-node-20-on-github-actions-runners/
dependency-test	Post Checkout Repository	2026-08-27T12:16:22.6773518Z Post job cleanup.
dependency-test	Post Checkout Repository	2026-08-27T12:16:22.7439397Z [command]/usr/bin/git version
dependency-test	Post Checkout Repository	2026-08-27T12:16:22.7475763Z git version 2.55.0
dependency-test	Post Checkout Repository	2026-08-27T12:16:22.7507478Z Temporarily overriding HOME='/home/runner/work/_temp/6e25d1c7-9bd0-4351-a24d-b57b5cc2e1ef' before making global git config changes
dependency-test	Post Checkout Repository	2026-08-27T12:16:22.7508556Z Adding repository directory to the temporary git global config as a safe directory
dependency-test	Post Checkout Repository	2026-08-27T12:16:22.7516292Z [command]/usr/bin/git config --global --add safe.directory /home/runner/work/dependency-error-repo/dependency-error-repo
dependency-test	Post Checkout Repository	2026-08-27T12:16:22.7544899Z [command]/usr/bin/git config --local --name-only --get-regexp core\.sshCommand
dependency-test	Post Checkout Repository	2026-08-27T12:16:22.7575923Z [command]/usr/bin/git submodule foreach --recursive sh -c "git config --local --name-only --get-regexp 'core\.sshCommand' && git config --local --unset-all 'core.sshCommand' || :"
dependency-test	Post Checkout Repository	2026-08-27T12:16:22.7798594Z [command]/usr/bin/git config --local --name-only --get-regexp http\.https\:\/\/github\.com\/\.extraheader
dependency-test	Post Checkout Repository	2026-08-27T12:16:22.7822314Z http.https://github.com/.extraheader
dependency-test	Post Checkout Repository	2026-08-27T12:16:22.7836185Z [command]/usr/bin/git config --local --unset-all http.https://github.com/.extraheader
dependency-test	Post Checkout Repository	2026-08-27T12:16:22.7863116Z [command]/usr/bin/git submodule foreach --recursive sh -c "git config --local --name-only --get-regexp 'http\.https\:\/\/github\.com\/\.extraheader' && git config --local --unset-all 'http.https://github.com/.extraheader' || :"
dependency-test	Post Checkout Repository	2026-08-27T12:16:22.8086089Z [command]/usr/bin/git config --local --name-only --get-regexp ^includeIf\.gitdir:
dependency-test	Post Checkout Repository	2026-08-27T12:16:22.8114510Z [command]/usr/bin/git submodule foreach --recursive git config --local --show-origin --name-only --get-regexp remote.origin.url
dependency-test	Complete job	﻿2026-08-27T12:16:22.8465035Z Cleaning up orphan processes
dependency-test	Complete job	2026-08-27T12:16:22.8697549Z ##[warning]Node.js 20 is deprecated. The following actions target Node.js 20 but are being forced to run on Node.js 24: actions/checkout@v4, actions/setup-python@v5. For more information see: https://github.blog/changelog/2025-09-19-deprecation-of-node-20-on-github-actions-runners/