dependency-test	Set up job	﻿2026-08-27T11:47:31.2002577Z Current runner version: '2.336.0'
dependency-test	Set up job	2026-08-27T11:47:31.2035861Z ##[group]Runner Image Provisioner
dependency-test	Set up job	2026-08-27T11:47:31.2036958Z Hosted Compute Agent
dependency-test	Set up job	2026-08-27T11:47:31.2037584Z Version: 20260819.586
dependency-test	Set up job	2026-08-27T11:47:31.2038567Z Commit: 3cc4a88dfa507ef76119ad1bb3eccc6378bb2b76
dependency-test	Set up job	2026-08-27T11:47:31.2039346Z Build Date: 2026-08-18T23:20:18Z
dependency-test	Set up job	2026-08-27T11:47:31.2040043Z Worker ID: {1cab436b-7883-4d4e-b634-5f2a55d8b8a8}
dependency-test	Set up job	2026-08-27T11:47:31.2040860Z Azure Region: westcentralus
dependency-test	Set up job	2026-08-27T11:47:31.2041520Z ##[endgroup]
dependency-test	Set up job	2026-08-27T11:47:31.2042976Z ##[group]Operating System
dependency-test	Set up job	2026-08-27T11:47:31.2043652Z Ubuntu
dependency-test	Set up job	2026-08-27T11:47:31.2044200Z 24.04.4
dependency-test	Set up job	2026-08-27T11:47:31.2044833Z LTS
dependency-test	Set up job	2026-08-27T11:47:31.2045375Z ##[endgroup]
dependency-test	Set up job	2026-08-27T11:47:31.2046028Z ##[group]Runner Image
dependency-test	Set up job	2026-08-27T11:47:31.2046691Z Image: ubuntu-24.04
dependency-test	Set up job	2026-08-27T11:47:31.2047293Z Version: 20260823.283.1
dependency-test	Set up job	2026-08-27T11:47:31.2048621Z Included Software: https://github.com/actions/runner-images/blob/ubuntu24/20260823.283/images/ubuntu/Ubuntu2404-Readme.md
dependency-test	Set up job	2026-08-27T11:47:31.2050887Z Image Release: https://github.com/actions/runner-images/releases/tag/ubuntu24%2F20260823.283
dependency-test	Set up job	2026-08-27T11:47:31.2051902Z ##[endgroup]
dependency-test	Set up job	2026-08-27T11:47:31.2053175Z ##[group]GITHUB_TOKEN Permissions
dependency-test	Set up job	2026-08-27T11:47:31.2055288Z Contents: read
dependency-test	Set up job	2026-08-27T11:47:31.2056166Z Metadata: read
dependency-test	Set up job	2026-08-27T11:47:31.2057538Z Packages: read
dependency-test	Set up job	2026-08-27T11:47:31.2058463Z ##[endgroup]
dependency-test	Set up job	2026-08-27T11:47:31.2061077Z Secret source: Actions
dependency-test	Set up job	2026-08-27T11:47:31.2062151Z Prepare workflow directory
dependency-test	Set up job	2026-08-27T11:47:31.2460840Z Prepare all required actions
dependency-test	Set up job	2026-08-27T11:47:31.2507178Z Getting action download info
dependency-test	Set up job	2026-08-27T11:47:31.5379037Z Download action repository 'actions/checkout@v4' (SHA:11d5960a326750d5838078e36cf38b85af677262)
dependency-test	Set up job	2026-08-27T11:47:31.7060576Z Download action repository 'actions/setup-python@v5' (SHA:a26af69be951a213d495a4c3e4e4022e16d87065)
dependency-test	Set up job	2026-08-27T11:47:31.8961311Z Complete job name: dependency-test
dependency-test	Checkout Repository	﻿2026-08-27T11:47:31.9692856Z Node 20 is being deprecated. This workflow is running with Node 24 by default. If you need to temporarily use Node 20, you can set the ACTIONS_ALLOW_USE_UNSECURE_NODE_VERSION=true environment variable. For more information see: https://github.blog/changelog/2025-09-19-deprecation-of-node-20-on-github-actions-runners/
dependency-test	Checkout Repository	2026-08-27T11:47:31.9701735Z ##[group]Run actions/checkout@v4
dependency-test	Checkout Repository	2026-08-27T11:47:31.9702446Z with:
dependency-test	Checkout Repository	2026-08-27T11:47:31.9702933Z   repository: DhruvHegde/dependency-error-repo
dependency-test	Checkout Repository	2026-08-27T11:47:31.9707149Z   token: ***
dependency-test	Checkout Repository	2026-08-27T11:47:31.9707585Z   ssh-strict: true
dependency-test	Checkout Repository	2026-08-27T11:47:31.9708261Z   ssh-user: git
dependency-test	Checkout Repository	2026-08-27T11:47:31.9708704Z   persist-credentials: true
dependency-test	Checkout Repository	2026-08-27T11:47:31.9709195Z   clean: true
dependency-test	Checkout Repository	2026-08-27T11:47:31.9709631Z   sparse-checkout-cone-mode: true
dependency-test	Checkout Repository	2026-08-27T11:47:31.9710188Z   fetch-depth: 1
dependency-test	Checkout Repository	2026-08-27T11:47:31.9710611Z   fetch-tags: false
dependency-test	Checkout Repository	2026-08-27T11:47:31.9711048Z   show-progress: true
dependency-test	Checkout Repository	2026-08-27T11:47:31.9711483Z   lfs: false
dependency-test	Checkout Repository	2026-08-27T11:47:31.9711891Z   submodules: false
dependency-test	Checkout Repository	2026-08-27T11:47:31.9712392Z   set-safe-directory: true
dependency-test	Checkout Repository	2026-08-27T11:47:31.9712899Z   allow-unsafe-pr-checkout: false
dependency-test	Checkout Repository	2026-08-27T11:47:31.9713639Z ##[endgroup]
dependency-test	Checkout Repository	2026-08-27T11:47:32.0727294Z Syncing repository: DhruvHegde/dependency-error-repo
dependency-test	Checkout Repository	2026-08-27T11:47:32.0730351Z ##[group]Getting Git version info
dependency-test	Checkout Repository	2026-08-27T11:47:32.0731706Z Working directory is '/home/runner/work/dependency-error-repo/dependency-error-repo'
dependency-test	Checkout Repository	2026-08-27T11:47:32.0733746Z [command]/usr/bin/git version
dependency-test	Checkout Repository	2026-08-27T11:47:32.0804507Z git version 2.55.0
dependency-test	Checkout Repository	2026-08-27T11:47:32.0826290Z ##[endgroup]
dependency-test	Checkout Repository	2026-08-27T11:47:32.0848970Z Temporarily overriding HOME='/home/runner/work/_temp/67bd5612-4e5d-41ee-becc-5e0415c0ccc1' before making global git config changes
dependency-test	Checkout Repository	2026-08-27T11:47:32.0859601Z Adding repository directory to the temporary git global config as a safe directory
dependency-test	Checkout Repository	2026-08-27T11:47:32.0862410Z [command]/usr/bin/git config --global --add safe.directory /home/runner/work/dependency-error-repo/dependency-error-repo
dependency-test	Checkout Repository	2026-08-27T11:47:32.0928569Z Deleting the contents of '/home/runner/work/dependency-error-repo/dependency-error-repo'
dependency-test	Checkout Repository	2026-08-27T11:47:32.0932688Z ##[group]Initializing the repository
dependency-test	Checkout Repository	2026-08-27T11:47:32.0938024Z [command]/usr/bin/git init /home/runner/work/dependency-error-repo/dependency-error-repo
dependency-test	Checkout Repository	2026-08-27T11:47:32.1037679Z hint: Using 'master' as the name for the initial branch. This default branch name
dependency-test	Checkout Repository	2026-08-27T11:47:32.1039727Z hint: will change to "main" in Git 3.0. To configure the initial branch name
dependency-test	Checkout Repository	2026-08-27T11:47:32.1042677Z hint: to use in all of your new repositories, which will suppress this warning,
dependency-test	Checkout Repository	2026-08-27T11:47:32.1044386Z hint: call:
dependency-test	Checkout Repository	2026-08-27T11:47:32.1045029Z hint:
dependency-test	Checkout Repository	2026-08-27T11:47:32.1045829Z hint: 	git config --global init.defaultBranch <name>
dependency-test	Checkout Repository	2026-08-27T11:47:32.1046852Z hint:
dependency-test	Checkout Repository	2026-08-27T11:47:32.1047938Z hint: Names commonly chosen instead of 'master' are 'main', 'trunk' and
dependency-test	Checkout Repository	2026-08-27T11:47:32.1049470Z hint: 'development'. The just-created branch can be renamed via this command:
dependency-test	Checkout Repository	2026-08-27T11:47:32.1050760Z hint:
dependency-test	Checkout Repository	2026-08-27T11:47:32.1051415Z hint: 	git branch -m <name>
dependency-test	Checkout Repository	2026-08-27T11:47:32.1052224Z hint:
dependency-test	Checkout Repository	2026-08-27T11:47:32.1053541Z hint: Disable this message with "git config set advice.defaultBranchName false"
dependency-test	Checkout Repository	2026-08-27T11:47:32.1055467Z Initialized empty Git repository in /home/runner/work/dependency-error-repo/dependency-error-repo/.git/
dependency-test	Checkout Repository	2026-08-27T11:47:32.1058659Z [command]/usr/bin/git remote add origin https://github.com/DhruvHegde/dependency-error-repo
dependency-test	Checkout Repository	2026-08-27T11:47:32.1102043Z ##[endgroup]
dependency-test	Checkout Repository	2026-08-27T11:47:32.1103220Z ##[group]Disabling automatic garbage collection
dependency-test	Checkout Repository	2026-08-27T11:47:32.1106202Z [command]/usr/bin/git config --local gc.auto 0
dependency-test	Checkout Repository	2026-08-27T11:47:32.1139337Z ##[endgroup]
dependency-test	Checkout Repository	2026-08-27T11:47:32.1140460Z ##[group]Setting up auth
dependency-test	Checkout Repository	2026-08-27T11:47:32.1145347Z [command]/usr/bin/git config --local --name-only --get-regexp core\.sshCommand
dependency-test	Checkout Repository	2026-08-27T11:47:32.1180480Z [command]/usr/bin/git submodule foreach --recursive sh -c "git config --local --name-only --get-regexp 'core\.sshCommand' && git config --local --unset-all 'core.sshCommand' || :"
dependency-test	Checkout Repository	2026-08-27T11:47:32.1561404Z [command]/usr/bin/git config --local --name-only --get-regexp http\.https\:\/\/github\.com\/\.extraheader
dependency-test	Checkout Repository	2026-08-27T11:47:32.1629156Z [command]/usr/bin/git submodule foreach --recursive sh -c "git config --local --name-only --get-regexp 'http\.https\:\/\/github\.com\/\.extraheader' && git config --local --unset-all 'http.https://github.com/.extraheader' || :"
dependency-test	Checkout Repository	2026-08-27T11:47:32.1881668Z [command]/usr/bin/git config --local --name-only --get-regexp ^includeIf\.gitdir:
dependency-test	Checkout Repository	2026-08-27T11:47:32.1921544Z [command]/usr/bin/git submodule foreach --recursive git config --local --show-origin --name-only --get-regexp remote.origin.url
dependency-test	Checkout Repository	2026-08-27T11:47:32.2166187Z [command]/usr/bin/git config --local http.https://github.com/.extraheader AUTHORIZATION: basic ***
dependency-test	Checkout Repository	2026-08-27T11:47:32.2207973Z ##[endgroup]
dependency-test	Checkout Repository	2026-08-27T11:47:32.2208780Z ##[group]Fetching the repository
dependency-test	Checkout Repository	2026-08-27T11:47:32.2217057Z [command]/usr/bin/git -c protocol.version=2 fetch --no-tags --prune --no-recurse-submodules --depth=1 origin +18b58bace84531d30ddca57db40dea8d3d467646:refs/remotes/origin/feature/syntax-errors
dependency-test	Checkout Repository	2026-08-27T11:47:32.9021600Z From https://github.com/DhruvHegde/dependency-error-repo
dependency-test	Checkout Repository	2026-08-27T11:47:32.9023803Z  * [new ref]         18b58bace84531d30ddca57db40dea8d3d467646 -> origin/feature/syntax-errors
dependency-test	Checkout Repository	2026-08-27T11:47:32.9028651Z ##[endgroup]
dependency-test	Checkout Repository	2026-08-27T11:47:32.9030286Z ##[group]Determining the checkout info
dependency-test	Checkout Repository	2026-08-27T11:47:32.9031828Z ##[endgroup]
dependency-test	Checkout Repository	2026-08-27T11:47:32.9036582Z [command]/usr/bin/git sparse-checkout disable
dependency-test	Checkout Repository	2026-08-27T11:47:32.9097631Z [command]/usr/bin/git config --local --unset-all extensions.worktreeConfig
dependency-test	Checkout Repository	2026-08-27T11:47:32.9134755Z ##[group]Checking out the ref
dependency-test	Checkout Repository	2026-08-27T11:47:32.9138825Z [command]/usr/bin/git checkout --progress --force -B feature/syntax-errors refs/remotes/origin/feature/syntax-errors
dependency-test	Checkout Repository	2026-08-27T11:47:32.9328725Z Switched to a new branch 'feature/syntax-errors'
dependency-test	Checkout Repository	2026-08-27T11:47:32.9332564Z branch 'feature/syntax-errors' set up to track 'origin/feature/syntax-errors'.
dependency-test	Checkout Repository	2026-08-27T11:47:32.9339191Z ##[endgroup]
dependency-test	Checkout Repository	2026-08-27T11:47:32.9382946Z [command]/usr/bin/git log -1 --format=%H
dependency-test	Checkout Repository	2026-08-27T11:47:32.9411622Z 18b58bace84531d30ddca57db40dea8d3d467646
dependency-test	Setup Python	﻿2026-08-27T11:47:32.9795226Z Node 20 is being deprecated. This workflow is running with Node 24 by default. If you need to temporarily use Node 20, you can set the ACTIONS_ALLOW_USE_UNSECURE_NODE_VERSION=true environment variable. For more information see: https://github.blog/changelog/2025-09-19-deprecation-of-node-20-on-github-actions-runners/
dependency-test	Setup Python	2026-08-27T11:47:32.9801108Z ##[group]Run actions/setup-python@v5
dependency-test	Setup Python	2026-08-27T11:47:32.9802349Z with:
dependency-test	Setup Python	2026-08-27T11:47:32.9803297Z   python-version: 3.11
dependency-test	Setup Python	2026-08-27T11:47:32.9804380Z   check-latest: false
dependency-test	Setup Python	2026-08-27T11:47:32.9814569Z   token: ***
dependency-test	Setup Python	2026-08-27T11:47:32.9815601Z   update-environment: true
dependency-test	Setup Python	2026-08-27T11:47:32.9816772Z   allow-prereleases: false
dependency-test	Setup Python	2026-08-27T11:47:32.9818028Z   freethreaded: false
dependency-test	Setup Python	2026-08-27T11:47:32.9819088Z ##[endgroup]
dependency-test	Setup Python	2026-08-27T11:47:33.1125148Z ##[group]Installed versions
dependency-test	Setup Python	2026-08-27T11:47:33.1203998Z (node:2222) [DEP0040] DeprecationWarning: The `punycode` module is deprecated. Please use a userland alternative instead.
dependency-test	Setup Python	2026-08-27T11:47:33.1207609Z (Use `node --trace-deprecation ...` to show where the warning was created)
dependency-test	Setup Python	2026-08-27T11:47:33.1210493Z Successfully set up CPython (3.11.16)
dependency-test	Setup Python	2026-08-27T11:47:33.1213203Z ##[endgroup]
dependency-test	Install Dependencies	﻿2026-08-27T11:47:33.1448729Z ##[group]Run python -m pip install --upgrade pip
dependency-test	Install Dependencies	2026-08-27T11:47:33.1451070Z ^[[36;1mpython -m pip install --upgrade pip^[[0m
dependency-test	Install Dependencies	2026-08-27T11:47:33.1453092Z ^[[36;1mpip install -r requirements.txt^[[0m
dependency-test	Install Dependencies	2026-08-27T11:47:33.1520827Z shell: /usr/bin/bash -e {0}
dependency-test	Install Dependencies	2026-08-27T11:47:33.1521948Z env:
dependency-test	Install Dependencies	2026-08-27T11:47:33.1523122Z   pythonLocation: /opt/hostedtoolcache/Python/3.11.16/x64
dependency-test	Install Dependencies	2026-08-27T11:47:33.1525603Z   PKG_CONFIG_PATH: /opt/hostedtoolcache/Python/3.11.16/x64/lib/pkgconfig
dependency-test	Install Dependencies	2026-08-27T11:47:33.1528536Z   Python_ROOT_DIR: /opt/hostedtoolcache/Python/3.11.16/x64
dependency-test	Install Dependencies	2026-08-27T11:47:33.1531758Z   Python2_ROOT_DIR: /opt/hostedtoolcache/Python/3.11.16/x64
dependency-test	Install Dependencies	2026-08-27T11:47:33.1534398Z   Python3_ROOT_DIR: /opt/hostedtoolcache/Python/3.11.16/x64
dependency-test	Install Dependencies	2026-08-27T11:47:33.1536830Z   LD_LIBRARY_PATH: /opt/hostedtoolcache/Python/3.11.16/x64/lib
dependency-test	Install Dependencies	2026-08-27T11:47:33.1539024Z ##[endgroup]
dependency-test	Install Dependencies	2026-08-27T11:47:34.0027429Z Requirement already satisfied: pip in /opt/hostedtoolcache/Python/3.11.16/x64/lib/python3.11/site-packages (26.2.1)
dependency-test	Install Dependencies	2026-08-27T11:47:34.6694010Z Collecting pytest (from -r requirements.txt (line 1))
dependency-test	Install Dependencies	2026-08-27T11:47:34.7638346Z   Downloading pytest-9.1.1-py3-none-any.whl.metadata (7.6 kB)
dependency-test	Install Dependencies	2026-08-27T11:47:34.7913510Z Collecting iniconfig>=1.0.1 (from pytest->-r requirements.txt (line 1))
dependency-test	Install Dependencies	2026-08-27T11:47:34.8106285Z   Downloading iniconfig-2.3.0-py3-none-any.whl.metadata (2.5 kB)
dependency-test	Install Dependencies	2026-08-27T11:47:34.8412253Z Collecting packaging>=22 (from pytest->-r requirements.txt (line 1))
dependency-test	Install Dependencies	2026-08-27T11:47:34.8607473Z   Downloading packaging-26.3-py3-none-any.whl.metadata (3.5 kB)
dependency-test	Install Dependencies	2026-08-27T11:47:34.8934441Z Collecting pluggy<2,>=1.5 (from pytest->-r requirements.txt (line 1))
dependency-test	Install Dependencies	2026-08-27T11:47:34.9133190Z   Downloading pluggy-1.6.0-py3-none-any.whl.metadata (4.8 kB)
dependency-test	Install Dependencies	2026-08-27T11:47:34.9473918Z Collecting pygments>=2.7.2 (from pytest->-r requirements.txt (line 1))
dependency-test	Install Dependencies	2026-08-27T11:47:34.9665445Z   Downloading pygments-2.21.0-py3-none-any.whl.metadata (2.5 kB)
dependency-test	Install Dependencies	2026-08-27T11:47:34.9900621Z Downloading pytest-9.1.1-py3-none-any.whl (386 kB)
dependency-test	Install Dependencies	2026-08-27T11:47:35.0794341Z Downloading pluggy-1.6.0-py3-none-any.whl (20 kB)
dependency-test	Install Dependencies	2026-08-27T11:47:35.1004671Z Downloading iniconfig-2.3.0-py3-none-any.whl (7.5 kB)
dependency-test	Install Dependencies	2026-08-27T11:47:35.1213715Z Downloading packaging-26.3-py3-none-any.whl (129 kB)
dependency-test	Install Dependencies	2026-08-27T11:47:35.1464895Z Downloading pygments-2.21.0-py3-none-any.whl (1.3 MB)
dependency-test	Install Dependencies	2026-08-27T11:47:35.2045167Z    ━━━━━━━━━━━━━━━━━━━━━━━━━━━━━━━━━━━━━━━━ 1.3/1.3 MB 19.8 MB/s  0:00:00
dependency-test	Install Dependencies	2026-08-27T11:47:35.2528091Z Installing collected packages: pygments, pluggy, packaging, iniconfig, pytest
dependency-test	Install Dependencies	2026-08-27T11:47:36.2332216Z 
dependency-test	Install Dependencies	2026-08-27T11:47:36.2343464Z Successfully installed iniconfig-2.3.0 packaging-26.3 pluggy-1.6.0 pygments-2.21.0 pytest-9.1.1
dependency-test	Check App Syntax	﻿2026-08-27T11:47:36.2921096Z ##[group]Run python -c "import app"
dependency-test	Check App Syntax	2026-08-27T11:47:36.2921491Z ^[[36;1mpython -c "import app"^[[0m
dependency-test	Check App Syntax	2026-08-27T11:47:36.2964327Z shell: /usr/bin/bash -e {0}
dependency-test	Check App Syntax	2026-08-27T11:47:36.2964598Z env:
dependency-test	Check App Syntax	2026-08-27T11:47:36.2964887Z   pythonLocation: /opt/hostedtoolcache/Python/3.11.16/x64
dependency-test	Check App Syntax	2026-08-27T11:47:36.2965352Z   PKG_CONFIG_PATH: /opt/hostedtoolcache/Python/3.11.16/x64/lib/pkgconfig
dependency-test	Check App Syntax	2026-08-27T11:47:36.2965778Z   Python_ROOT_DIR: /opt/hostedtoolcache/Python/3.11.16/x64
dependency-test	Check App Syntax	2026-08-27T11:47:36.2966159Z   Python2_ROOT_DIR: /opt/hostedtoolcache/Python/3.11.16/x64
dependency-test	Check App Syntax	2026-08-27T11:47:36.2966548Z   Python3_ROOT_DIR: /opt/hostedtoolcache/Python/3.11.16/x64
dependency-test	Check App Syntax	2026-08-27T11:47:36.2966922Z   LD_LIBRARY_PATH: /opt/hostedtoolcache/Python/3.11.16/x64/lib
dependency-test	Check App Syntax	2026-08-27T11:47:36.2967272Z ##[endgroup]
dependency-test	Check App Syntax	2026-08-27T11:47:36.3143512Z Traceback (most recent call last):
dependency-test	Check App Syntax	2026-08-27T11:47:36.3150276Z   File "<string>", line 1, in <module>
dependency-test	Check App Syntax	2026-08-27T11:47:36.3151132Z   File "/home/runner/work/dependency-error-repo/dependency-error-repo/app.py", line 4
dependency-test	Check App Syntax	2026-08-27T11:47:36.3151637Z     if True:
dependency-test	Check App Syntax	2026-08-27T11:47:36.3151845Z             ^
dependency-test	Check App Syntax	2026-08-27T11:47:36.3152185Z IndentationError: expected an indented block after 'if' statement on line 4
dependency-test	Check App Syntax	2026-08-27T11:47:36.3181502Z ##[error]Process completed with exit code 1.
dependency-test	Post Checkout Repository	﻿2026-08-27T11:47:36.3335284Z Node 20 is being deprecated. This workflow is running with Node 24 by default. If you need to temporarily use Node 20, you can set the ACTIONS_ALLOW_USE_UNSECURE_NODE_VERSION=true environment variable. For more information see: https://github.blog/changelog/2025-09-19-deprecation-of-node-20-on-github-actions-runners/
dependency-test	Post Checkout Repository	2026-08-27T11:47:36.3336511Z Post job cleanup.
dependency-test	Post Checkout Repository	2026-08-27T11:47:36.4217638Z [command]/usr/bin/git version
dependency-test	Post Checkout Repository	2026-08-27T11:47:36.4260939Z git version 2.55.0
dependency-test	Post Checkout Repository	2026-08-27T11:47:36.4297358Z Temporarily overriding HOME='/home/runner/work/_temp/c2e13d46-7ab5-4de0-9e6c-8aac025fbe26' before making global git config changes
dependency-test	Post Checkout Repository	2026-08-27T11:47:36.4298831Z Adding repository directory to the temporary git global config as a safe directory
dependency-test	Post Checkout Repository	2026-08-27T11:47:36.4302455Z [command]/usr/bin/git config --global --add safe.directory /home/runner/work/dependency-error-repo/dependency-error-repo
dependency-test	Post Checkout Repository	2026-08-27T11:47:36.4347093Z [command]/usr/bin/git config --local --name-only --get-regexp core\.sshCommand
dependency-test	Post Checkout Repository	2026-08-27T11:47:36.4419543Z [command]/usr/bin/git submodule foreach --recursive sh -c "git config --local --name-only --get-regexp 'core\.sshCommand' && git config --local --unset-all 'core.sshCommand' || :"
dependency-test	Post Checkout Repository	2026-08-27T11:47:36.4719166Z [command]/usr/bin/git config --local --name-only --get-regexp http\.https\:\/\/github\.com\/\.extraheader
dependency-test	Post Checkout Repository	2026-08-27T11:47:36.4732034Z http.https://github.com/.extraheader
dependency-test	Post Checkout Repository	2026-08-27T11:47:36.4755041Z [command]/usr/bin/git config --local --unset-all http.https://github.com/.extraheader
dependency-test	Post Checkout Repository	2026-08-27T11:47:36.4794194Z [command]/usr/bin/git submodule foreach --recursive sh -c "git config --local --name-only --get-regexp 'http\.https\:\/\/github\.com\/\.extraheader' && git config --local --unset-all 'http.https://github.com/.extraheader' || :"
dependency-test	Post Checkout Repository	2026-08-27T11:47:36.5094654Z [command]/usr/bin/git config --local --name-only --get-regexp ^includeIf\.gitdir:
dependency-test	Post Checkout Repository	2026-08-27T11:47:36.5145005Z [command]/usr/bin/git submodule foreach --recursive git config --local --show-origin --name-only --get-regexp remote.origin.url
dependency-test	Complete job	﻿2026-08-27T11:47:36.5585573Z Cleaning up orphan processes
dependency-test	Complete job	2026-08-27T11:47:36.5879250Z ##[warning]Node.js 20 is deprecated. The following actions target Node.js 20 but are being forced to run on Node.js 24: actions/checkout@v4, actions/setup-python@v5. For more information see: https://github.blog/changelog/2025-09-19-deprecation-of-node-20-on-github-actions-runners/