dependency-test	Set up job	﻿2026-08-27T13:47:38.9089227Z Current runner version: '2.336.0'
dependency-test	Set up job	2026-08-27T13:47:38.9125906Z ##[group]Runner Image Provisioner
dependency-test	Set up job	2026-08-27T13:47:38.9126786Z Hosted Compute Agent
dependency-test	Set up job	2026-08-27T13:47:38.9127463Z Version: 20260819.586
dependency-test	Set up job	2026-08-27T13:47:38.9128117Z Commit: 3cc4a88dfa507ef76119ad1bb3eccc6378bb2b76
dependency-test	Set up job	2026-08-27T13:47:38.9129205Z Build Date: 2026-08-18T23:20:18Z
dependency-test	Set up job	2026-08-27T13:47:38.9130083Z Worker ID: {226ab5f5-ad5d-4cf2-b002-cacf581d6f71}
dependency-test	Set up job	2026-08-27T13:47:38.9130832Z Azure Region: northcentralus
dependency-test	Set up job	2026-08-27T13:47:38.9131543Z ##[endgroup]
dependency-test	Set up job	2026-08-27T13:47:38.9133072Z ##[group]Operating System
dependency-test	Set up job	2026-08-27T13:47:38.9133749Z Ubuntu
dependency-test	Set up job	2026-08-27T13:47:38.9134385Z 24.04.4
dependency-test	Set up job	2026-08-27T13:47:38.9134904Z LTS
dependency-test	Set up job	2026-08-27T13:47:38.9135455Z ##[endgroup]
dependency-test	Set up job	2026-08-27T13:47:38.9136035Z ##[group]Runner Image
dependency-test	Set up job	2026-08-27T13:47:38.9136666Z Image: ubuntu-24.04
dependency-test	Set up job	2026-08-27T13:47:38.9137293Z Version: 20260823.283.1
dependency-test	Set up job	2026-08-27T13:47:38.9138412Z Included Software: https://github.com/actions/runner-images/blob/ubuntu24/20260823.283/images/ubuntu/Ubuntu2404-Readme.md
dependency-test	Set up job	2026-08-27T13:47:38.9140568Z Image Release: https://github.com/actions/runner-images/releases/tag/ubuntu24%2F20260823.283
dependency-test	Set up job	2026-08-27T13:47:38.9141587Z ##[endgroup]
dependency-test	Set up job	2026-08-27T13:47:38.9142860Z ##[group]GITHUB_TOKEN Permissions
dependency-test	Set up job	2026-08-27T13:47:38.9144826Z Contents: read
dependency-test	Set up job	2026-08-27T13:47:38.9146011Z Metadata: read
dependency-test	Set up job	2026-08-27T13:47:38.9146677Z Packages: read
dependency-test	Set up job	2026-08-27T13:47:38.9147318Z ##[endgroup]
dependency-test	Set up job	2026-08-27T13:47:38.9149769Z Secret source: Actions
dependency-test	Set up job	2026-08-27T13:47:38.9151168Z Prepare workflow directory
dependency-test	Set up job	2026-08-27T13:47:38.9534151Z Prepare all required actions
dependency-test	Set up job	2026-08-27T13:47:38.9604730Z Getting action download info
dependency-test	Set up job	2026-08-27T13:47:39.2323052Z Download action repository 'actions/checkout@v4' (SHA:11d5960a326750d5838078e36cf38b85af677262)
dependency-test	Set up job	2026-08-27T13:47:39.3755177Z Download action repository 'actions/setup-python@v5' (SHA:a26af69be951a213d495a4c3e4e4022e16d87065)
dependency-test	Set up job	2026-08-27T13:47:39.6607315Z Complete job name: dependency-test
dependency-test	Checkout Repository	﻿2026-08-27T13:47:39.7383794Z Node 20 is being deprecated. This workflow is running with Node 24 by default. If you need to temporarily use Node 20, you can set the ACTIONS_ALLOW_USE_UNSECURE_NODE_VERSION=true environment variable. For more information see: https://github.blog/changelog/2025-09-19-deprecation-of-node-20-on-github-actions-runners/
dependency-test	Checkout Repository	2026-08-27T13:47:39.7393049Z ##[group]Run actions/checkout@v4
dependency-test	Checkout Repository	2026-08-27T13:47:39.7393828Z with:
dependency-test	Checkout Repository	2026-08-27T13:47:39.7394346Z   repository: DhruvHegde/dependency-error-repo
dependency-test	Checkout Repository	2026-08-27T13:47:39.7398407Z   token: ***
dependency-test	Checkout Repository	2026-08-27T13:47:39.7399078Z   ssh-strict: true
dependency-test	Checkout Repository	2026-08-27T13:47:39.7399535Z   ssh-user: git
dependency-test	Checkout Repository	2026-08-27T13:47:39.7399996Z   persist-credentials: true
dependency-test	Checkout Repository	2026-08-27T13:47:39.7400495Z   clean: true
dependency-test	Checkout Repository	2026-08-27T13:47:39.7400958Z   sparse-checkout-cone-mode: true
dependency-test	Checkout Repository	2026-08-27T13:47:39.7401486Z   fetch-depth: 1
dependency-test	Checkout Repository	2026-08-27T13:47:39.7401996Z   fetch-tags: false
dependency-test	Checkout Repository	2026-08-27T13:47:39.7402504Z   show-progress: true
dependency-test	Checkout Repository	2026-08-27T13:47:39.7402961Z   lfs: false
dependency-test	Checkout Repository	2026-08-27T13:47:39.7403385Z   submodules: false
dependency-test	Checkout Repository	2026-08-27T13:47:39.7403893Z   set-safe-directory: true
dependency-test	Checkout Repository	2026-08-27T13:47:39.7404416Z   allow-unsafe-pr-checkout: false
dependency-test	Checkout Repository	2026-08-27T13:47:39.7405199Z ##[endgroup]
dependency-test	Checkout Repository	2026-08-27T13:47:39.8410167Z Syncing repository: DhruvHegde/dependency-error-repo
dependency-test	Checkout Repository	2026-08-27T13:47:39.8412916Z ##[group]Getting Git version info
dependency-test	Checkout Repository	2026-08-27T13:47:39.8414336Z Working directory is '/home/runner/work/dependency-error-repo/dependency-error-repo'
dependency-test	Checkout Repository	2026-08-27T13:47:39.8415866Z [command]/usr/bin/git version
dependency-test	Checkout Repository	2026-08-27T13:47:39.8494233Z git version 2.55.0
dependency-test	Checkout Repository	2026-08-27T13:47:39.8545887Z ##[endgroup]
dependency-test	Checkout Repository	2026-08-27T13:47:39.8562860Z Temporarily overriding HOME='/home/runner/work/_temp/24e4df6e-ab16-4b60-a795-098764020498' before making global git config changes
dependency-test	Checkout Repository	2026-08-27T13:47:39.8565397Z Adding repository directory to the temporary git global config as a safe directory
dependency-test	Checkout Repository	2026-08-27T13:47:39.8567910Z [command]/usr/bin/git config --global --add safe.directory /home/runner/work/dependency-error-repo/dependency-error-repo
dependency-test	Checkout Repository	2026-08-27T13:47:39.8605610Z Deleting the contents of '/home/runner/work/dependency-error-repo/dependency-error-repo'
dependency-test	Checkout Repository	2026-08-27T13:47:39.8615754Z ##[group]Initializing the repository
dependency-test	Checkout Repository	2026-08-27T13:47:39.8617497Z [command]/usr/bin/git init /home/runner/work/dependency-error-repo/dependency-error-repo
dependency-test	Checkout Repository	2026-08-27T13:47:39.8742630Z hint: Using 'master' as the name for the initial branch. This default branch name
dependency-test	Checkout Repository	2026-08-27T13:47:39.8750226Z hint: will change to "main" in Git 3.0. To configure the initial branch name
dependency-test	Checkout Repository	2026-08-27T13:47:39.8752268Z hint: to use in all of your new repositories, which will suppress this warning,
dependency-test	Checkout Repository	2026-08-27T13:47:39.8755168Z hint: call:
dependency-test	Checkout Repository	2026-08-27T13:47:39.8756235Z hint:
dependency-test	Checkout Repository	2026-08-27T13:47:39.8757452Z hint: 	git config --global init.defaultBranch <name>
dependency-test	Checkout Repository	2026-08-27T13:47:39.8759132Z hint:
dependency-test	Checkout Repository	2026-08-27T13:47:39.8760531Z hint: Names commonly chosen instead of 'master' are 'main', 'trunk' and
dependency-test	Checkout Repository	2026-08-27T13:47:39.8762904Z hint: 'development'. The just-created branch can be renamed via this command:
dependency-test	Checkout Repository	2026-08-27T13:47:39.8764543Z hint:
dependency-test	Checkout Repository	2026-08-27T13:47:39.8765545Z hint: 	git branch -m <name>
dependency-test	Checkout Repository	2026-08-27T13:47:39.8766613Z hint:
dependency-test	Checkout Repository	2026-08-27T13:47:39.8767901Z hint: Disable this message with "git config set advice.defaultBranchName false"
dependency-test	Checkout Repository	2026-08-27T13:47:39.8770524Z Initialized empty Git repository in /home/runner/work/dependency-error-repo/dependency-error-repo/.git/
dependency-test	Checkout Repository	2026-08-27T13:47:39.8774096Z [command]/usr/bin/git remote add origin https://github.com/DhruvHegde/dependency-error-repo
dependency-test	Checkout Repository	2026-08-27T13:47:39.8837726Z ##[endgroup]
dependency-test	Checkout Repository	2026-08-27T13:47:39.8839405Z ##[group]Disabling automatic garbage collection
dependency-test	Checkout Repository	2026-08-27T13:47:39.8842612Z [command]/usr/bin/git config --local gc.auto 0
dependency-test	Checkout Repository	2026-08-27T13:47:39.8876808Z ##[endgroup]
dependency-test	Checkout Repository	2026-08-27T13:47:39.8878076Z ##[group]Setting up auth
dependency-test	Checkout Repository	2026-08-27T13:47:39.8884368Z [command]/usr/bin/git config --local --name-only --get-regexp core\.sshCommand
dependency-test	Checkout Repository	2026-08-27T13:47:39.8939368Z [command]/usr/bin/git submodule foreach --recursive sh -c "git config --local --name-only --get-regexp 'core\.sshCommand' && git config --local --unset-all 'core.sshCommand' || :"
dependency-test	Checkout Repository	2026-08-27T13:47:39.9331300Z [command]/usr/bin/git config --local --name-only --get-regexp http\.https\:\/\/github\.com\/\.extraheader
dependency-test	Checkout Repository	2026-08-27T13:47:39.9381803Z [command]/usr/bin/git submodule foreach --recursive sh -c "git config --local --name-only --get-regexp 'http\.https\:\/\/github\.com\/\.extraheader' && git config --local --unset-all 'http.https://github.com/.extraheader' || :"
dependency-test	Checkout Repository	2026-08-27T13:47:39.9642049Z [command]/usr/bin/git config --local --name-only --get-regexp ^includeIf\.gitdir:
dependency-test	Checkout Repository	2026-08-27T13:47:39.9686454Z [command]/usr/bin/git submodule foreach --recursive git config --local --show-origin --name-only --get-regexp remote.origin.url
dependency-test	Checkout Repository	2026-08-27T13:47:39.9947062Z [command]/usr/bin/git config --local http.https://github.com/.extraheader AUTHORIZATION: basic ***
dependency-test	Checkout Repository	2026-08-27T13:47:39.9987668Z ##[endgroup]
dependency-test	Checkout Repository	2026-08-27T13:47:39.9989383Z ##[group]Fetching the repository
dependency-test	Checkout Repository	2026-08-27T13:47:40.0000229Z [command]/usr/bin/git -c protocol.version=2 fetch --no-tags --prune --no-recurse-submodules --depth=1 origin +ead8b89fc5478152a74ecb571774c9dabcae0831:refs/remotes/origin/feature/syntax-errors
dependency-test	Checkout Repository	2026-08-27T13:47:40.4532865Z From https://github.com/DhruvHegde/dependency-error-repo
dependency-test	Checkout Repository	2026-08-27T13:47:40.4534373Z  * [new ref]         ead8b89fc5478152a74ecb571774c9dabcae0831 -> origin/feature/syntax-errors
dependency-test	Checkout Repository	2026-08-27T13:47:40.4537348Z ##[endgroup]
dependency-test	Checkout Repository	2026-08-27T13:47:40.4538225Z ##[group]Determining the checkout info
dependency-test	Checkout Repository	2026-08-27T13:47:40.4540728Z ##[endgroup]
dependency-test	Checkout Repository	2026-08-27T13:47:40.4546189Z [command]/usr/bin/git sparse-checkout disable
dependency-test	Checkout Repository	2026-08-27T13:47:40.4610876Z [command]/usr/bin/git config --local --unset-all extensions.worktreeConfig
dependency-test	Checkout Repository	2026-08-27T13:47:40.4646957Z ##[group]Checking out the ref
dependency-test	Checkout Repository	2026-08-27T13:47:40.4653595Z [command]/usr/bin/git checkout --progress --force -B feature/syntax-errors refs/remotes/origin/feature/syntax-errors
dependency-test	Checkout Repository	2026-08-27T13:47:40.4843680Z Switched to a new branch 'feature/syntax-errors'
dependency-test	Checkout Repository	2026-08-27T13:47:40.4849281Z branch 'feature/syntax-errors' set up to track 'origin/feature/syntax-errors'.
dependency-test	Checkout Repository	2026-08-27T13:47:40.4863930Z ##[endgroup]
dependency-test	Checkout Repository	2026-08-27T13:47:40.4906653Z [command]/usr/bin/git log -1 --format=%H
dependency-test	Checkout Repository	2026-08-27T13:47:40.4934692Z ead8b89fc5478152a74ecb571774c9dabcae0831
dependency-test	Setup Python	﻿2026-08-27T13:47:40.5318078Z Node 20 is being deprecated. This workflow is running with Node 24 by default. If you need to temporarily use Node 20, you can set the ACTIONS_ALLOW_USE_UNSECURE_NODE_VERSION=true environment variable. For more information see: https://github.blog/changelog/2025-09-19-deprecation-of-node-20-on-github-actions-runners/
dependency-test	Setup Python	2026-08-27T13:47:40.5324139Z ##[group]Run actions/setup-python@v5
dependency-test	Setup Python	2026-08-27T13:47:40.5325275Z with:
dependency-test	Setup Python	2026-08-27T13:47:40.5326110Z   python-version: 3.11
dependency-test	Setup Python	2026-08-27T13:47:40.5327085Z   check-latest: false
dependency-test	Setup Python	2026-08-27T13:47:40.5337953Z   token: ***
dependency-test	Setup Python	2026-08-27T13:47:40.5339040Z   update-environment: true
dependency-test	Setup Python	2026-08-27T13:47:40.5340123Z   allow-prereleases: false
dependency-test	Setup Python	2026-08-27T13:47:40.5341162Z   freethreaded: false
dependency-test	Setup Python	2026-08-27T13:47:40.5342096Z ##[endgroup]
dependency-test	Setup Python	2026-08-27T13:47:40.6665465Z ##[group]Installed versions
dependency-test	Setup Python	2026-08-27T13:47:40.6754571Z (node:2203) [DEP0040] DeprecationWarning: The `punycode` module is deprecated. Please use a userland alternative instead.
dependency-test	Setup Python	2026-08-27T13:47:40.6759330Z (Use `node --trace-deprecation ...` to show where the warning was created)
dependency-test	Setup Python	2026-08-27T13:47:40.6761360Z Successfully set up CPython (3.11.16)
dependency-test	Setup Python	2026-08-27T13:47:40.6763128Z ##[endgroup]
dependency-test	Install Dependencies	﻿2026-08-27T13:47:40.7022102Z ##[group]Run python -m pip install --upgrade pip
dependency-test	Install Dependencies	2026-08-27T13:47:40.7024506Z ^[[36;1mpython -m pip install --upgrade pip^[[0m
dependency-test	Install Dependencies	2026-08-27T13:47:40.7026546Z ^[[36;1mpip install -r requirements.txt^[[0m
dependency-test	Install Dependencies	2026-08-27T13:47:40.7103569Z shell: /usr/bin/bash -e {0}
dependency-test	Install Dependencies	2026-08-27T13:47:40.7105153Z env:
dependency-test	Install Dependencies	2026-08-27T13:47:40.7106807Z   pythonLocation: /opt/hostedtoolcache/Python/3.11.16/x64
dependency-test	Install Dependencies	2026-08-27T13:47:40.7109135Z   PKG_CONFIG_PATH: /opt/hostedtoolcache/Python/3.11.16/x64/lib/pkgconfig
dependency-test	Install Dependencies	2026-08-27T13:47:40.7111602Z   Python_ROOT_DIR: /opt/hostedtoolcache/Python/3.11.16/x64
dependency-test	Install Dependencies	2026-08-27T13:47:40.7113612Z   Python2_ROOT_DIR: /opt/hostedtoolcache/Python/3.11.16/x64
dependency-test	Install Dependencies	2026-08-27T13:47:40.7115335Z   Python3_ROOT_DIR: /opt/hostedtoolcache/Python/3.11.16/x64
dependency-test	Install Dependencies	2026-08-27T13:47:40.7117000Z   LD_LIBRARY_PATH: /opt/hostedtoolcache/Python/3.11.16/x64/lib
dependency-test	Install Dependencies	2026-08-27T13:47:40.7118393Z ##[endgroup]
dependency-test	Install Dependencies	2026-08-27T13:47:44.6118962Z Requirement already satisfied: pip in /opt/hostedtoolcache/Python/3.11.16/x64/lib/python3.11/site-packages (26.2.1)
dependency-test	Install Dependencies	2026-08-27T13:47:45.3545762Z Collecting pytest (from -r requirements.txt (line 1))
dependency-test	Install Dependencies	2026-08-27T13:47:45.4018139Z   Downloading pytest-9.1.1-py3-none-any.whl.metadata (7.6 kB)
dependency-test	Install Dependencies	2026-08-27T13:47:45.4154943Z Collecting iniconfig>=1.0.1 (from pytest->-r requirements.txt (line 1))
dependency-test	Install Dependencies	2026-08-27T13:47:45.4195047Z   Downloading iniconfig-2.3.0-py3-none-any.whl.metadata (2.5 kB)
dependency-test	Install Dependencies	2026-08-27T13:47:45.4344230Z Collecting packaging>=22 (from pytest->-r requirements.txt (line 1))
dependency-test	Install Dependencies	2026-08-27T13:47:45.4383275Z   Downloading packaging-26.3-py3-none-any.whl.metadata (3.5 kB)
dependency-test	Install Dependencies	2026-08-27T13:47:45.4514908Z Collecting pluggy<2,>=1.5 (from pytest->-r requirements.txt (line 1))
dependency-test	Install Dependencies	2026-08-27T13:47:45.4552673Z   Downloading pluggy-1.6.0-py3-none-any.whl.metadata (4.8 kB)
dependency-test	Install Dependencies	2026-08-27T13:47:45.4771140Z Collecting pygments>=2.7.2 (from pytest->-r requirements.txt (line 1))
dependency-test	Install Dependencies	2026-08-27T13:47:45.4811217Z   Downloading pygments-2.21.0-py3-none-any.whl.metadata (2.5 kB)
dependency-test	Install Dependencies	2026-08-27T13:47:45.4896459Z Downloading pytest-9.1.1-py3-none-any.whl (386 kB)
dependency-test	Install Dependencies	2026-08-27T13:47:45.5146210Z Downloading pluggy-1.6.0-py3-none-any.whl (20 kB)
dependency-test	Install Dependencies	2026-08-27T13:47:45.5201505Z Downloading iniconfig-2.3.0-py3-none-any.whl (7.5 kB)
dependency-test	Install Dependencies	2026-08-27T13:47:45.5255235Z Downloading packaging-26.3-py3-none-any.whl (129 kB)
dependency-test	Install Dependencies	2026-08-27T13:47:45.5330617Z Downloading pygments-2.21.0-py3-none-any.whl (1.3 MB)
dependency-test	Install Dependencies	2026-08-27T13:47:45.5519820Z    ━━━━━━━━━━━━━━━━━━━━━━━━━━━━━━━━━━━━━━━━ 1.3/1.3 MB 69.3 MB/s  0:00:00
dependency-test	Install Dependencies	2026-08-27T13:47:45.5985302Z Installing collected packages: pygments, pluggy, packaging, iniconfig, pytest
dependency-test	Install Dependencies	2026-08-27T13:47:46.5567517Z 
dependency-test	Install Dependencies	2026-08-27T13:47:46.5576959Z Successfully installed iniconfig-2.3.0 packaging-26.3 pluggy-1.6.0 pygments-2.21.0 pytest-9.1.1
dependency-test	Check App Syntax	﻿2026-08-27T13:47:46.6054077Z ##[group]Run python -c "import app"
dependency-test	Check App Syntax	2026-08-27T13:47:46.6054453Z ^[[36;1mpython -c "import app"^[[0m
dependency-test	Check App Syntax	2026-08-27T13:47:46.6093937Z shell: /usr/bin/bash -e {0}
dependency-test	Check App Syntax	2026-08-27T13:47:46.6094203Z env:
dependency-test	Check App Syntax	2026-08-27T13:47:46.6094480Z   pythonLocation: /opt/hostedtoolcache/Python/3.11.16/x64
dependency-test	Check App Syntax	2026-08-27T13:47:46.6094935Z   PKG_CONFIG_PATH: /opt/hostedtoolcache/Python/3.11.16/x64/lib/pkgconfig
dependency-test	Check App Syntax	2026-08-27T13:47:46.6095381Z   Python_ROOT_DIR: /opt/hostedtoolcache/Python/3.11.16/x64
dependency-test	Check App Syntax	2026-08-27T13:47:46.6095768Z   Python2_ROOT_DIR: /opt/hostedtoolcache/Python/3.11.16/x64
dependency-test	Check App Syntax	2026-08-27T13:47:46.6096152Z   Python3_ROOT_DIR: /opt/hostedtoolcache/Python/3.11.16/x64
dependency-test	Check App Syntax	2026-08-27T13:47:46.6096558Z   LD_LIBRARY_PATH: /opt/hostedtoolcache/Python/3.11.16/x64/lib
dependency-test	Check App Syntax	2026-08-27T13:47:46.6096894Z ##[endgroup]
dependency-test	Check App Syntax	2026-08-27T13:47:46.6258391Z Traceback (most recent call last):
dependency-test	Check App Syntax	2026-08-27T13:47:46.6265675Z   File "<string>", line 1, in <module>
dependency-test	Check App Syntax	2026-08-27T13:47:46.6266544Z   File "/home/runner/work/dependency-error-repo/dependency-error-repo/app.py", line 5
dependency-test	Check App Syntax	2026-08-27T13:47:46.6267158Z     result = f"{\', \'.join([str(x) for x in items])}"
dependency-test	Check App Syntax	2026-08-27T13:47:46.6267524Z                                                       ^
dependency-test	Check App Syntax	2026-08-27T13:47:46.6267948Z SyntaxError: f-string expression part cannot include a backslash
dependency-test	Check App Syntax	2026-08-27T13:47:46.6294490Z ##[error]Process completed with exit code 1.
dependency-test	Post Checkout Repository	﻿2026-08-27T13:47:46.6450788Z Node 20 is being deprecated. This workflow is running with Node 24 by default. If you need to temporarily use Node 20, you can set the ACTIONS_ALLOW_USE_UNSECURE_NODE_VERSION=true environment variable. For more information see: https://github.blog/changelog/2025-09-19-deprecation-of-node-20-on-github-actions-runners/
dependency-test	Post Checkout Repository	2026-08-27T13:47:46.6452056Z Post job cleanup.
dependency-test	Post Checkout Repository	2026-08-27T13:47:46.7309801Z [command]/usr/bin/git version
dependency-test	Post Checkout Repository	2026-08-27T13:47:46.7384711Z git version 2.55.0
dependency-test	Post Checkout Repository	2026-08-27T13:47:46.7424240Z Temporarily overriding HOME='/home/runner/work/_temp/10914980-3f5f-4fdd-b90f-7b97b9eff582' before making global git config changes
dependency-test	Post Checkout Repository	2026-08-27T13:47:46.7425653Z Adding repository directory to the temporary git global config as a safe directory
dependency-test	Post Checkout Repository	2026-08-27T13:47:46.7430899Z [command]/usr/bin/git config --global --add safe.directory /home/runner/work/dependency-error-repo/dependency-error-repo
dependency-test	Post Checkout Repository	2026-08-27T13:47:46.7470829Z [command]/usr/bin/git config --local --name-only --get-regexp core\.sshCommand
dependency-test	Post Checkout Repository	2026-08-27T13:47:46.7509554Z [command]/usr/bin/git submodule foreach --recursive sh -c "git config --local --name-only --get-regexp 'core\.sshCommand' && git config --local --unset-all 'core.sshCommand' || :"
dependency-test	Post Checkout Repository	2026-08-27T13:47:46.7777130Z [command]/usr/bin/git config --local --name-only --get-regexp http\.https\:\/\/github\.com\/\.extraheader
dependency-test	Post Checkout Repository	2026-08-27T13:47:46.7807129Z http.https://github.com/.extraheader
dependency-test	Post Checkout Repository	2026-08-27T13:47:46.7820828Z [command]/usr/bin/git config --local --unset-all http.https://github.com/.extraheader
dependency-test	Post Checkout Repository	2026-08-27T13:47:46.7856367Z [command]/usr/bin/git submodule foreach --recursive sh -c "git config --local --name-only --get-regexp 'http\.https\:\/\/github\.com\/\.extraheader' && git config --local --unset-all 'http.https://github.com/.extraheader' || :"
dependency-test	Post Checkout Repository	2026-08-27T13:47:46.8122871Z [command]/usr/bin/git config --local --name-only --get-regexp ^includeIf\.gitdir:
dependency-test	Post Checkout Repository	2026-08-27T13:47:46.8163230Z [command]/usr/bin/git submodule foreach --recursive git config --local --show-origin --name-only --get-regexp remote.origin.url
dependency-test	Complete job	﻿2026-08-27T13:47:46.8546749Z Cleaning up orphan processes
dependency-test	Complete job	2026-08-27T13:47:46.8831230Z ##[warning]Node.js 20 is deprecated. The following actions target Node.js 20 but are being forced to run on Node.js 24: actions/checkout@v4, actions/setup-python@v5. For more information see: https://github.blog/changelog/2025-09-19-deprecation-of-node-20-on-github-actions-runners/