dependency-test	Set up job	﻿2026-08-27T11:28:24.2567568Z Current runner version: '2.336.0'
dependency-test	Set up job	2026-08-27T11:28:24.2604063Z ##[group]Runner Image Provisioner
dependency-test	Set up job	2026-08-27T11:28:24.2605518Z Hosted Compute Agent
dependency-test	Set up job	2026-08-27T11:28:24.2606434Z Version: 20260819.586
dependency-test	Set up job	2026-08-27T11:28:24.2607580Z Commit: 3cc4a88dfa507ef76119ad1bb3eccc6378bb2b76
dependency-test	Set up job	2026-08-27T11:28:24.2608765Z Build Date: 2026-08-18T23:20:18Z
dependency-test	Set up job	2026-08-27T11:28:24.2609840Z Worker ID: {f04ac99f-ec6a-4cec-af0b-6100017aed02}
dependency-test	Set up job	2026-08-27T11:28:24.2611086Z Azure Region: eastus
dependency-test	Set up job	2026-08-27T11:28:24.2611993Z ##[endgroup]
dependency-test	Set up job	2026-08-27T11:28:24.2614976Z ##[group]Operating System
dependency-test	Set up job	2026-08-27T11:28:24.2616036Z Ubuntu
dependency-test	Set up job	2026-08-27T11:28:24.2616864Z 24.04.4
dependency-test	Set up job	2026-08-27T11:28:24.2617725Z LTS
dependency-test	Set up job	2026-08-27T11:28:24.2618524Z ##[endgroup]
dependency-test	Set up job	2026-08-27T11:28:24.2619492Z ##[group]Runner Image
dependency-test	Set up job	2026-08-27T11:28:24.2620514Z Image: ubuntu-24.04
dependency-test	Set up job	2026-08-27T11:28:24.2621356Z Version: 20260823.283.1
dependency-test	Set up job	2026-08-27T11:28:24.2623417Z Included Software: https://github.com/actions/runner-images/blob/ubuntu24/20260823.283/images/ubuntu/Ubuntu2404-Readme.md
dependency-test	Set up job	2026-08-27T11:28:24.2626893Z Image Release: https://github.com/actions/runner-images/releases/tag/ubuntu24%2F20260823.283
dependency-test	Set up job	2026-08-27T11:28:24.2628494Z ##[endgroup]
dependency-test	Set up job	2026-08-27T11:28:24.2630476Z ##[group]GITHUB_TOKEN Permissions
dependency-test	Set up job	2026-08-27T11:28:24.2633797Z Contents: read
dependency-test	Set up job	2026-08-27T11:28:24.2634869Z Metadata: read
dependency-test	Set up job	2026-08-27T11:28:24.2635754Z Packages: read
dependency-test	Set up job	2026-08-27T11:28:24.2636657Z ##[endgroup]
dependency-test	Set up job	2026-08-27T11:28:24.2639706Z Secret source: Actions
dependency-test	Set up job	2026-08-27T11:28:24.2641790Z Prepare workflow directory
dependency-test	Set up job	2026-08-27T11:28:24.3110855Z Prepare all required actions
dependency-test	Set up job	2026-08-27T11:28:24.3182091Z Getting action download info
dependency-test	Set up job	2026-08-27T11:28:24.5390675Z Download action repository 'actions/checkout@v4' (SHA:11d5960a326750d5838078e36cf38b85af677262)
dependency-test	Set up job	2026-08-27T11:28:24.6652212Z Download action repository 'actions/setup-python@v5' (SHA:a26af69be951a213d495a4c3e4e4022e16d87065)
dependency-test	Set up job	2026-08-27T11:28:24.8609782Z Complete job name: dependency-test
dependency-test	Checkout Repository	﻿2026-08-27T11:28:24.9394569Z Node 20 is being deprecated. This workflow is running with Node 24 by default. If you need to temporarily use Node 20, you can set the ACTIONS_ALLOW_USE_UNSECURE_NODE_VERSION=true environment variable. For more information see: https://github.blog/changelog/2025-09-19-deprecation-of-node-20-on-github-actions-runners/
dependency-test	Checkout Repository	2026-08-27T11:28:24.9403954Z ##[group]Run actions/checkout@v4
dependency-test	Checkout Repository	2026-08-27T11:28:24.9404863Z with:
dependency-test	Checkout Repository	2026-08-27T11:28:24.9405361Z   repository: DhruvHegde/dependency-error-repo
dependency-test	Checkout Repository	2026-08-27T11:28:24.9409677Z   token: ***
dependency-test	Checkout Repository	2026-08-27T11:28:24.9410118Z   ssh-strict: true
dependency-test	Checkout Repository	2026-08-27T11:28:24.9410572Z   ssh-user: git
dependency-test	Checkout Repository	2026-08-27T11:28:24.9411027Z   persist-credentials: true
dependency-test	Checkout Repository	2026-08-27T11:28:24.9411518Z   clean: true
dependency-test	Checkout Repository	2026-08-27T11:28:24.9411963Z   sparse-checkout-cone-mode: true
dependency-test	Checkout Repository	2026-08-27T11:28:24.9412476Z   fetch-depth: 1
dependency-test	Checkout Repository	2026-08-27T11:28:24.9412908Z   fetch-tags: false
dependency-test	Checkout Repository	2026-08-27T11:28:24.9413618Z   show-progress: true
dependency-test	Checkout Repository	2026-08-27T11:28:24.9414065Z   lfs: false
dependency-test	Checkout Repository	2026-08-27T11:28:24.9414476Z   submodules: false
dependency-test	Checkout Repository	2026-08-27T11:28:24.9414993Z   set-safe-directory: true
dependency-test	Checkout Repository	2026-08-27T11:28:24.9415504Z   allow-unsafe-pr-checkout: false
dependency-test	Checkout Repository	2026-08-27T11:28:24.9416273Z ##[endgroup]
dependency-test	Checkout Repository	2026-08-27T11:28:25.0481649Z Syncing repository: DhruvHegde/dependency-error-repo
dependency-test	Checkout Repository	2026-08-27T11:28:25.0484011Z ##[group]Getting Git version info
dependency-test	Checkout Repository	2026-08-27T11:28:25.0484908Z Working directory is '/home/runner/work/dependency-error-repo/dependency-error-repo'
dependency-test	Checkout Repository	2026-08-27T11:28:25.0486180Z [command]/usr/bin/git version
dependency-test	Checkout Repository	2026-08-27T11:28:25.0526412Z git version 2.55.0
dependency-test	Checkout Repository	2026-08-27T11:28:25.0547957Z ##[endgroup]
dependency-test	Checkout Repository	2026-08-27T11:28:25.0565507Z Temporarily overriding HOME='/home/runner/work/_temp/6275f01e-5442-4ed6-abdb-abc565bab89b' before making global git config changes
dependency-test	Checkout Repository	2026-08-27T11:28:25.0567937Z Adding repository directory to the temporary git global config as a safe directory
dependency-test	Checkout Repository	2026-08-27T11:28:25.0571485Z [command]/usr/bin/git config --global --add safe.directory /home/runner/work/dependency-error-repo/dependency-error-repo
dependency-test	Checkout Repository	2026-08-27T11:28:25.0625225Z Deleting the contents of '/home/runner/work/dependency-error-repo/dependency-error-repo'
dependency-test	Checkout Repository	2026-08-27T11:28:25.0629192Z ##[group]Initializing the repository
dependency-test	Checkout Repository	2026-08-27T11:28:25.0635023Z [command]/usr/bin/git init /home/runner/work/dependency-error-repo/dependency-error-repo
dependency-test	Checkout Repository	2026-08-27T11:28:25.0716590Z hint: Using 'master' as the name for the initial branch. This default branch name
dependency-test	Checkout Repository	2026-08-27T11:28:25.0718558Z hint: will change to "main" in Git 3.0. To configure the initial branch name
dependency-test	Checkout Repository	2026-08-27T11:28:25.0720484Z hint: to use in all of your new repositories, which will suppress this warning,
dependency-test	Checkout Repository	2026-08-27T11:28:25.0722024Z hint: call:
dependency-test	Checkout Repository	2026-08-27T11:28:25.0722960Z hint:
dependency-test	Checkout Repository	2026-08-27T11:28:25.0724335Z hint: 	git config --global init.defaultBranch <name>
dependency-test	Checkout Repository	2026-08-27T11:28:25.0725611Z hint:
dependency-test	Checkout Repository	2026-08-27T11:28:25.0726720Z hint: Names commonly chosen instead of 'master' are 'main', 'trunk' and
dependency-test	Checkout Repository	2026-08-27T11:28:25.0728379Z hint: 'development'. The just-created branch can be renamed via this command:
dependency-test	Checkout Repository	2026-08-27T11:28:25.0731110Z hint:
dependency-test	Checkout Repository	2026-08-27T11:28:25.0732262Z hint: 	git branch -m <name>
dependency-test	Checkout Repository	2026-08-27T11:28:25.0733535Z hint:
dependency-test	Checkout Repository	2026-08-27T11:28:25.0734730Z hint: Disable this message with "git config set advice.defaultBranchName false"
dependency-test	Checkout Repository	2026-08-27T11:28:25.0737030Z Initialized empty Git repository in /home/runner/work/dependency-error-repo/dependency-error-repo/.git/
dependency-test	Checkout Repository	2026-08-27T11:28:25.0740744Z [command]/usr/bin/git remote add origin https://github.com/DhruvHegde/dependency-error-repo
dependency-test	Checkout Repository	2026-08-27T11:28:25.0787497Z ##[endgroup]
dependency-test	Checkout Repository	2026-08-27T11:28:25.0788702Z ##[group]Disabling automatic garbage collection
dependency-test	Checkout Repository	2026-08-27T11:28:25.0792461Z [command]/usr/bin/git config --local gc.auto 0
dependency-test	Checkout Repository	2026-08-27T11:28:25.0828114Z ##[endgroup]
dependency-test	Checkout Repository	2026-08-27T11:28:25.0829287Z ##[group]Setting up auth
dependency-test	Checkout Repository	2026-08-27T11:28:25.0836270Z [command]/usr/bin/git config --local --name-only --get-regexp core\.sshCommand
dependency-test	Checkout Repository	2026-08-27T11:28:25.0875620Z [command]/usr/bin/git submodule foreach --recursive sh -c "git config --local --name-only --get-regexp 'core\.sshCommand' && git config --local --unset-all 'core.sshCommand' || :"
dependency-test	Checkout Repository	2026-08-27T11:28:25.1236098Z [command]/usr/bin/git config --local --name-only --get-regexp http\.https\:\/\/github\.com\/\.extraheader
dependency-test	Checkout Repository	2026-08-27T11:28:25.1279026Z [command]/usr/bin/git submodule foreach --recursive sh -c "git config --local --name-only --get-regexp 'http\.https\:\/\/github\.com\/\.extraheader' && git config --local --unset-all 'http.https://github.com/.extraheader' || :"
dependency-test	Checkout Repository	2026-08-27T11:28:25.1550392Z [command]/usr/bin/git config --local --name-only --get-regexp ^includeIf\.gitdir:
dependency-test	Checkout Repository	2026-08-27T11:28:25.1593393Z [command]/usr/bin/git submodule foreach --recursive git config --local --show-origin --name-only --get-regexp remote.origin.url
dependency-test	Checkout Repository	2026-08-27T11:28:25.1877880Z [command]/usr/bin/git config --local http.https://github.com/.extraheader AUTHORIZATION: basic ***
dependency-test	Checkout Repository	2026-08-27T11:28:25.1921572Z ##[endgroup]
dependency-test	Checkout Repository	2026-08-27T11:28:25.1922820Z ##[group]Fetching the repository
dependency-test	Checkout Repository	2026-08-27T11:28:25.1933447Z [command]/usr/bin/git -c protocol.version=2 fetch --no-tags --prune --no-recurse-submodules --depth=1 origin +a97f92c6573d65641fb84ff978d3df8ec3191e48:refs/remotes/origin/feature/syntax-errors
dependency-test	Checkout Repository	2026-08-27T11:28:25.4617466Z From https://github.com/DhruvHegde/dependency-error-repo
dependency-test	Checkout Repository	2026-08-27T11:28:25.4619015Z  * [new ref]         a97f92c6573d65641fb84ff978d3df8ec3191e48 -> origin/feature/syntax-errors
dependency-test	Checkout Repository	2026-08-27T11:28:25.4623814Z ##[endgroup]
dependency-test	Checkout Repository	2026-08-27T11:28:25.4624934Z ##[group]Determining the checkout info
dependency-test	Checkout Repository	2026-08-27T11:28:25.4626421Z ##[endgroup]
dependency-test	Checkout Repository	2026-08-27T11:28:25.4631880Z [command]/usr/bin/git sparse-checkout disable
dependency-test	Checkout Repository	2026-08-27T11:28:25.4690195Z [command]/usr/bin/git config --local --unset-all extensions.worktreeConfig
dependency-test	Checkout Repository	2026-08-27T11:28:25.4727461Z ##[group]Checking out the ref
dependency-test	Checkout Repository	2026-08-27T11:28:25.4733772Z [command]/usr/bin/git checkout --progress --force -B feature/syntax-errors refs/remotes/origin/feature/syntax-errors
dependency-test	Checkout Repository	2026-08-27T11:28:25.4930690Z Switched to a new branch 'feature/syntax-errors'
dependency-test	Checkout Repository	2026-08-27T11:28:25.4940169Z branch 'feature/syntax-errors' set up to track 'origin/feature/syntax-errors'.
dependency-test	Checkout Repository	2026-08-27T11:28:25.4944306Z ##[endgroup]
dependency-test	Checkout Repository	2026-08-27T11:28:25.4993678Z [command]/usr/bin/git log -1 --format=%H
dependency-test	Checkout Repository	2026-08-27T11:28:25.5026085Z a97f92c6573d65641fb84ff978d3df8ec3191e48
dependency-test	Setup Python	﻿2026-08-27T11:28:25.5342440Z Node 20 is being deprecated. This workflow is running with Node 24 by default. If you need to temporarily use Node 20, you can set the ACTIONS_ALLOW_USE_UNSECURE_NODE_VERSION=true environment variable. For more information see: https://github.blog/changelog/2025-09-19-deprecation-of-node-20-on-github-actions-runners/
dependency-test	Setup Python	2026-08-27T11:28:25.5346186Z ##[group]Run actions/setup-python@v5
dependency-test	Setup Python	2026-08-27T11:28:25.5346799Z with:
dependency-test	Setup Python	2026-08-27T11:28:25.5347264Z   python-version: 3.11
dependency-test	Setup Python	2026-08-27T11:28:25.5347779Z   check-latest: false
dependency-test	Setup Python	2026-08-27T11:28:25.5352318Z   token: ***
dependency-test	Setup Python	2026-08-27T11:28:25.5352799Z   update-environment: true
dependency-test	Setup Python	2026-08-27T11:28:25.5353531Z   allow-prereleases: false
dependency-test	Setup Python	2026-08-27T11:28:25.5354076Z   freethreaded: false
dependency-test	Setup Python	2026-08-27T11:28:25.5354568Z ##[endgroup]
dependency-test	Setup Python	2026-08-27T11:28:25.6730605Z ##[group]Installed versions
dependency-test	Setup Python	2026-08-27T11:28:25.6812847Z (node:2221) [DEP0040] DeprecationWarning: The `punycode` module is deprecated. Please use a userland alternative instead.
dependency-test	Setup Python	2026-08-27T11:28:25.6815325Z (Use `node --trace-deprecation ...` to show where the warning was created)
dependency-test	Setup Python	2026-08-27T11:28:25.6816828Z Successfully set up CPython (3.11.16)
dependency-test	Setup Python	2026-08-27T11:28:25.6818347Z ##[endgroup]
dependency-test	Install Dependencies	﻿2026-08-27T11:28:25.7044312Z ##[group]Run python -m pip install --upgrade pip
dependency-test	Install Dependencies	2026-08-27T11:28:25.7045742Z ^[[36;1mpython -m pip install --upgrade pip^[[0m
dependency-test	Install Dependencies	2026-08-27T11:28:25.7046853Z ^[[36;1mpip install -r requirements.txt^[[0m
dependency-test	Install Dependencies	2026-08-27T11:28:25.7106372Z shell: /usr/bin/bash -e {0}
dependency-test	Install Dependencies	2026-08-27T11:28:25.7107040Z env:
dependency-test	Install Dependencies	2026-08-27T11:28:25.7107635Z   pythonLocation: /opt/hostedtoolcache/Python/3.11.16/x64
dependency-test	Install Dependencies	2026-08-27T11:28:25.7108684Z   PKG_CONFIG_PATH: /opt/hostedtoolcache/Python/3.11.16/x64/lib/pkgconfig
dependency-test	Install Dependencies	2026-08-27T11:28:25.7110148Z   Python_ROOT_DIR: /opt/hostedtoolcache/Python/3.11.16/x64
dependency-test	Install Dependencies	2026-08-27T11:28:25.7111474Z   Python2_ROOT_DIR: /opt/hostedtoolcache/Python/3.11.16/x64
dependency-test	Install Dependencies	2026-08-27T11:28:25.7112781Z   Python3_ROOT_DIR: /opt/hostedtoolcache/Python/3.11.16/x64
dependency-test	Install Dependencies	2026-08-27T11:28:25.7114344Z   LD_LIBRARY_PATH: /opt/hostedtoolcache/Python/3.11.16/x64/lib
dependency-test	Install Dependencies	2026-08-27T11:28:25.7115227Z ##[endgroup]
dependency-test	Install Dependencies	2026-08-27T11:28:26.7186585Z Requirement already satisfied: pip in /opt/hostedtoolcache/Python/3.11.16/x64/lib/python3.11/site-packages (26.2.1)
dependency-test	Install Dependencies	2026-08-27T11:28:27.7809371Z Collecting pytest (from -r requirements.txt (line 1))
dependency-test	Install Dependencies	2026-08-27T11:28:27.8312375Z   Downloading pytest-9.1.1-py3-none-any.whl.metadata (7.6 kB)
dependency-test	Install Dependencies	2026-08-27T11:28:27.8436304Z Collecting iniconfig>=1.0.1 (from pytest->-r requirements.txt (line 1))
dependency-test	Install Dependencies	2026-08-27T11:28:27.8472559Z   Downloading iniconfig-2.3.0-py3-none-any.whl.metadata (2.5 kB)
dependency-test	Install Dependencies	2026-08-27T11:28:27.8612315Z Collecting packaging>=22 (from pytest->-r requirements.txt (line 1))
dependency-test	Install Dependencies	2026-08-27T11:28:27.8649328Z   Downloading packaging-26.3-py3-none-any.whl.metadata (3.5 kB)
dependency-test	Install Dependencies	2026-08-27T11:28:27.8770589Z Collecting pluggy<2,>=1.5 (from pytest->-r requirements.txt (line 1))
dependency-test	Install Dependencies	2026-08-27T11:28:27.8806995Z   Downloading pluggy-1.6.0-py3-none-any.whl.metadata (4.8 kB)
dependency-test	Install Dependencies	2026-08-27T11:28:27.8972214Z Collecting pygments>=2.7.2 (from pytest->-r requirements.txt (line 1))
dependency-test	Install Dependencies	2026-08-27T11:28:27.9008497Z   Downloading pygments-2.21.0-py3-none-any.whl.metadata (2.5 kB)
dependency-test	Install Dependencies	2026-08-27T11:28:27.9090556Z Downloading pytest-9.1.1-py3-none-any.whl (386 kB)
dependency-test	Install Dependencies	2026-08-27T11:28:27.9311232Z Downloading pluggy-1.6.0-py3-none-any.whl (20 kB)
dependency-test	Install Dependencies	2026-08-27T11:28:27.9381634Z Downloading iniconfig-2.3.0-py3-none-any.whl (7.5 kB)
dependency-test	Install Dependencies	2026-08-27T11:28:27.9445745Z Downloading packaging-26.3-py3-none-any.whl (129 kB)
dependency-test	Install Dependencies	2026-08-27T11:28:27.9523917Z Downloading pygments-2.21.0-py3-none-any.whl (1.3 MB)
dependency-test	Install Dependencies	2026-08-27T11:28:27.9641103Z    ━━━━━━━━━━━━━━━━━━━━━━━━━━━━━━━━━━━━━━━━ 1.3/1.3 MB 131.9 MB/s  0:00:00
dependency-test	Install Dependencies	2026-08-27T11:28:28.0184755Z Installing collected packages: pygments, pluggy, packaging, iniconfig, pytest
dependency-test	Install Dependencies	2026-08-27T11:28:29.0813071Z 
dependency-test	Install Dependencies	2026-08-27T11:28:29.0825108Z Successfully installed iniconfig-2.3.0 packaging-26.3 pluggy-1.6.0 pygments-2.21.0 pytest-9.1.1
dependency-test	Check App Syntax	﻿2026-08-27T11:28:29.1544704Z ##[group]Run python -c "import app"
dependency-test	Check App Syntax	2026-08-27T11:28:29.1545085Z ^[[36;1mpython -c "import app"^[[0m
dependency-test	Check App Syntax	2026-08-27T11:28:29.1588238Z shell: /usr/bin/bash -e {0}
dependency-test	Check App Syntax	2026-08-27T11:28:29.1588551Z env:
dependency-test	Check App Syntax	2026-08-27T11:28:29.1588847Z   pythonLocation: /opt/hostedtoolcache/Python/3.11.16/x64
dependency-test	Check App Syntax	2026-08-27T11:28:29.1589305Z   PKG_CONFIG_PATH: /opt/hostedtoolcache/Python/3.11.16/x64/lib/pkgconfig
dependency-test	Check App Syntax	2026-08-27T11:28:29.1589744Z   Python_ROOT_DIR: /opt/hostedtoolcache/Python/3.11.16/x64
dependency-test	Check App Syntax	2026-08-27T11:28:29.1590143Z   Python2_ROOT_DIR: /opt/hostedtoolcache/Python/3.11.16/x64
dependency-test	Check App Syntax	2026-08-27T11:28:29.1590527Z   Python3_ROOT_DIR: /opt/hostedtoolcache/Python/3.11.16/x64
dependency-test	Check App Syntax	2026-08-27T11:28:29.1590908Z   LD_LIBRARY_PATH: /opt/hostedtoolcache/Python/3.11.16/x64/lib
dependency-test	Check App Syntax	2026-08-27T11:28:29.1591267Z ##[endgroup]
dependency-test	Check App Syntax	2026-08-27T11:28:29.1772413Z Traceback (most recent call last):
dependency-test	Check App Syntax	2026-08-27T11:28:29.1779219Z   File "<string>", line 1, in <module>
dependency-test	Check App Syntax	2026-08-27T11:28:29.1780036Z   File "/home/runner/work/dependency-error-repo/dependency-error-repo/app.py", line 1
dependency-test	Check App Syntax	2026-08-27T11:28:29.1780578Z     class class Foo:
dependency-test	Check App Syntax	2026-08-27T11:28:29.1780802Z           ^^^^^
dependency-test	Check App Syntax	2026-08-27T11:28:29.1781031Z SyntaxError: invalid syntax
dependency-test	Check App Syntax	2026-08-27T11:28:29.1811342Z ##[error]Process completed with exit code 1.
dependency-test	Post Checkout Repository	﻿2026-08-27T11:28:29.1969984Z Node 20 is being deprecated. This workflow is running with Node 24 by default. If you need to temporarily use Node 20, you can set the ACTIONS_ALLOW_USE_UNSECURE_NODE_VERSION=true environment variable. For more information see: https://github.blog/changelog/2025-09-19-deprecation-of-node-20-on-github-actions-runners/
dependency-test	Post Checkout Repository	2026-08-27T11:28:29.1971229Z Post job cleanup.
dependency-test	Post Checkout Repository	2026-08-27T11:28:29.2893436Z [command]/usr/bin/git version
dependency-test	Post Checkout Repository	2026-08-27T11:28:29.2937671Z git version 2.55.0
dependency-test	Post Checkout Repository	2026-08-27T11:28:29.2976485Z Temporarily overriding HOME='/home/runner/work/_temp/415b4faa-dcb5-4a7d-9e8e-52d0fc3e4323' before making global git config changes
dependency-test	Post Checkout Repository	2026-08-27T11:28:29.2978041Z Adding repository directory to the temporary git global config as a safe directory
dependency-test	Post Checkout Repository	2026-08-27T11:28:29.2982268Z [command]/usr/bin/git config --global --add safe.directory /home/runner/work/dependency-error-repo/dependency-error-repo
dependency-test	Post Checkout Repository	2026-08-27T11:28:29.3028791Z [command]/usr/bin/git config --local --name-only --get-regexp core\.sshCommand
dependency-test	Post Checkout Repository	2026-08-27T11:28:29.3069606Z [command]/usr/bin/git submodule foreach --recursive sh -c "git config --local --name-only --get-regexp 'core\.sshCommand' && git config --local --unset-all 'core.sshCommand' || :"
dependency-test	Post Checkout Repository	2026-08-27T11:28:29.3354922Z [command]/usr/bin/git config --local --name-only --get-regexp http\.https\:\/\/github\.com\/\.extraheader
dependency-test	Post Checkout Repository	2026-08-27T11:28:29.3388490Z http.https://github.com/.extraheader
dependency-test	Post Checkout Repository	2026-08-27T11:28:29.3400724Z [command]/usr/bin/git config --local --unset-all http.https://github.com/.extraheader
dependency-test	Post Checkout Repository	2026-08-27T11:28:29.3440380Z [command]/usr/bin/git submodule foreach --recursive sh -c "git config --local --name-only --get-regexp 'http\.https\:\/\/github\.com\/\.extraheader' && git config --local --unset-all 'http.https://github.com/.extraheader' || :"
dependency-test	Post Checkout Repository	2026-08-27T11:28:29.3734488Z [command]/usr/bin/git config --local --name-only --get-regexp ^includeIf\.gitdir:
dependency-test	Post Checkout Repository	2026-08-27T11:28:29.3782099Z [command]/usr/bin/git submodule foreach --recursive git config --local --show-origin --name-only --get-regexp remote.origin.url
dependency-test	Complete job	﻿2026-08-27T11:28:29.4192497Z Cleaning up orphan processes
dependency-test	Complete job	2026-08-27T11:28:29.4485601Z ##[warning]Node.js 20 is deprecated. The following actions target Node.js 20 but are being forced to run on Node.js 24: actions/checkout@v4, actions/setup-python@v5. For more information see: https://github.blog/changelog/2025-09-19-deprecation-of-node-20-on-github-actions-runners/