dependency-test	Set up job	﻿2026-08-27T13:25:52.7441630Z Current runner version: '2.336.0'
dependency-test	Set up job	2026-08-27T13:25:52.7477748Z ##[group]Runner Image Provisioner
dependency-test	Set up job	2026-08-27T13:25:52.7479612Z Hosted Compute Agent
dependency-test	Set up job	2026-08-27T13:25:52.7480589Z Version: 20260819.586
dependency-test	Set up job	2026-08-27T13:25:52.7481584Z Commit: 3cc4a88dfa507ef76119ad1bb3eccc6378bb2b76
dependency-test	Set up job	2026-08-27T13:25:52.7482847Z Build Date: 2026-08-18T23:20:18Z
dependency-test	Set up job	2026-08-27T13:25:52.7483987Z Worker ID: {5a8fb62f-9989-46b4-a8c2-222ccf9ac2d0}
dependency-test	Set up job	2026-08-27T13:25:52.7485306Z Azure Region: eastus
dependency-test	Set up job	2026-08-27T13:25:52.7486261Z ##[endgroup]
dependency-test	Set up job	2026-08-27T13:25:52.7489329Z ##[group]Operating System
dependency-test	Set up job	2026-08-27T13:25:52.7490389Z Ubuntu
dependency-test	Set up job	2026-08-27T13:25:52.7491190Z 24.04.4
dependency-test	Set up job	2026-08-27T13:25:52.7492126Z LTS
dependency-test	Set up job	2026-08-27T13:25:52.7492997Z ##[endgroup]
dependency-test	Set up job	2026-08-27T13:25:52.7493972Z ##[group]Runner Image
dependency-test	Set up job	2026-08-27T13:25:52.7494935Z Image: ubuntu-24.04
dependency-test	Set up job	2026-08-27T13:25:52.7495905Z Version: 20260823.283.1
dependency-test	Set up job	2026-08-27T13:25:52.7498392Z Included Software: https://github.com/actions/runner-images/blob/ubuntu24/20260823.283/images/ubuntu/Ubuntu2404-Readme.md
dependency-test	Set up job	2026-08-27T13:25:52.7501846Z Image Release: https://github.com/actions/runner-images/releases/tag/ubuntu24%2F20260823.283
dependency-test	Set up job	2026-08-27T13:25:52.7503618Z ##[endgroup]
dependency-test	Set up job	2026-08-27T13:25:52.7505760Z ##[group]GITHUB_TOKEN Permissions
dependency-test	Set up job	2026-08-27T13:25:52.7508910Z Contents: read
dependency-test	Set up job	2026-08-27T13:25:52.7510176Z Metadata: read
dependency-test	Set up job	2026-08-27T13:25:52.7511160Z Packages: read
dependency-test	Set up job	2026-08-27T13:25:52.7512048Z ##[endgroup]
dependency-test	Set up job	2026-08-27T13:25:52.7515172Z Secret source: Actions
dependency-test	Set up job	2026-08-27T13:25:52.7517276Z Prepare workflow directory
dependency-test	Set up job	2026-08-27T13:25:52.8004428Z Prepare all required actions
dependency-test	Set up job	2026-08-27T13:25:52.8080541Z Getting action download info
dependency-test	Set up job	2026-08-27T13:25:53.0043692Z Download action repository 'actions/checkout@v4' (SHA:11d5960a326750d5838078e36cf38b85af677262)
dependency-test	Set up job	2026-08-27T13:25:53.1822337Z Download action repository 'actions/setup-python@v5' (SHA:a26af69be951a213d495a4c3e4e4022e16d87065)
dependency-test	Set up job	2026-08-27T13:25:53.5906575Z Complete job name: dependency-test
dependency-test	Checkout Repository	﻿2026-08-27T13:25:53.6757522Z Node 20 is being deprecated. This workflow is running with Node 24 by default. If you need to temporarily use Node 20, you can set the ACTIONS_ALLOW_USE_UNSECURE_NODE_VERSION=true environment variable. For more information see: https://github.blog/changelog/2025-09-19-deprecation-of-node-20-on-github-actions-runners/
dependency-test	Checkout Repository	2026-08-27T13:25:53.6767366Z ##[group]Run actions/checkout@v4
dependency-test	Checkout Repository	2026-08-27T13:25:53.6768246Z with:
dependency-test	Checkout Repository	2026-08-27T13:25:53.6769070Z   repository: DhruvHegde/dependency-error-repo
dependency-test	Checkout Repository	2026-08-27T13:25:53.6773892Z   token: ***
dependency-test	Checkout Repository	2026-08-27T13:25:53.6774373Z   ssh-strict: true
dependency-test	Checkout Repository	2026-08-27T13:25:53.6774856Z   ssh-user: git
dependency-test	Checkout Repository	2026-08-27T13:25:53.6775346Z   persist-credentials: true
dependency-test	Checkout Repository	2026-08-27T13:25:53.6775894Z   clean: true
dependency-test	Checkout Repository	2026-08-27T13:25:53.6776380Z   sparse-checkout-cone-mode: true
dependency-test	Checkout Repository	2026-08-27T13:25:53.6776967Z   fetch-depth: 1
dependency-test	Checkout Repository	2026-08-27T13:25:53.6777446Z   fetch-tags: false
dependency-test	Checkout Repository	2026-08-27T13:25:53.6777931Z   show-progress: true
dependency-test	Checkout Repository	2026-08-27T13:25:53.6778425Z   lfs: false
dependency-test	Checkout Repository	2026-08-27T13:25:53.6779064Z   submodules: false
dependency-test	Checkout Repository	2026-08-27T13:25:53.6779633Z   set-safe-directory: true
dependency-test	Checkout Repository	2026-08-27T13:25:53.6780201Z   allow-unsafe-pr-checkout: false
dependency-test	Checkout Repository	2026-08-27T13:25:53.6781491Z ##[endgroup]
dependency-test	Checkout Repository	2026-08-27T13:25:53.8093104Z Syncing repository: DhruvHegde/dependency-error-repo
dependency-test	Checkout Repository	2026-08-27T13:25:53.8096596Z ##[group]Getting Git version info
dependency-test	Checkout Repository	2026-08-27T13:25:53.8098391Z Working directory is '/home/runner/work/dependency-error-repo/dependency-error-repo'
dependency-test	Checkout Repository	2026-08-27T13:25:53.8121685Z [command]/usr/bin/git version
dependency-test	Checkout Repository	2026-08-27T13:25:53.8274964Z git version 2.55.0
dependency-test	Checkout Repository	2026-08-27T13:25:53.8333621Z ##[endgroup]
dependency-test	Checkout Repository	2026-08-27T13:25:53.8351927Z Temporarily overriding HOME='/home/runner/work/_temp/3839d652-c639-4c94-a616-29e3f6afa0f2' before making global git config changes
dependency-test	Checkout Repository	2026-08-27T13:25:53.8354639Z Adding repository directory to the temporary git global config as a safe directory
dependency-test	Checkout Repository	2026-08-27T13:25:53.8357864Z [command]/usr/bin/git config --global --add safe.directory /home/runner/work/dependency-error-repo/dependency-error-repo
dependency-test	Checkout Repository	2026-08-27T13:25:53.8441559Z Deleting the contents of '/home/runner/work/dependency-error-repo/dependency-error-repo'
dependency-test	Checkout Repository	2026-08-27T13:25:53.8453748Z ##[group]Initializing the repository
dependency-test	Checkout Repository	2026-08-27T13:25:53.8461168Z [command]/usr/bin/git init /home/runner/work/dependency-error-repo/dependency-error-repo
dependency-test	Checkout Repository	2026-08-27T13:25:53.8618791Z hint: Using 'master' as the name for the initial branch. This default branch name
dependency-test	Checkout Repository	2026-08-27T13:25:53.8620979Z hint: will change to "main" in Git 3.0. To configure the initial branch name
dependency-test	Checkout Repository	2026-08-27T13:25:53.8622780Z hint: to use in all of your new repositories, which will suppress this warning,
dependency-test	Checkout Repository	2026-08-27T13:25:53.8624314Z hint: call:
dependency-test	Checkout Repository	2026-08-27T13:25:53.8625045Z hint:
dependency-test	Checkout Repository	2026-08-27T13:25:53.8625910Z hint: 	git config --global init.defaultBranch <name>
dependency-test	Checkout Repository	2026-08-27T13:25:53.8627017Z hint:
dependency-test	Checkout Repository	2026-08-27T13:25:53.8628054Z hint: Names commonly chosen instead of 'master' are 'main', 'trunk' and
dependency-test	Checkout Repository	2026-08-27T13:25:53.8630079Z hint: 'development'. The just-created branch can be renamed via this command:
dependency-test	Checkout Repository	2026-08-27T13:25:53.8631664Z hint:
dependency-test	Checkout Repository	2026-08-27T13:25:53.8632496Z hint: 	git branch -m <name>
dependency-test	Checkout Repository	2026-08-27T13:25:53.8633465Z hint:
dependency-test	Checkout Repository	2026-08-27T13:25:53.8634710Z hint: Disable this message with "git config set advice.defaultBranchName false"
dependency-test	Checkout Repository	2026-08-27T13:25:53.8637147Z Initialized empty Git repository in /home/runner/work/dependency-error-repo/dependency-error-repo/.git/
dependency-test	Checkout Repository	2026-08-27T13:25:53.8650864Z [command]/usr/bin/git remote add origin https://github.com/DhruvHegde/dependency-error-repo
dependency-test	Checkout Repository	2026-08-27T13:25:53.8697210Z ##[endgroup]
dependency-test	Checkout Repository	2026-08-27T13:25:53.8698225Z ##[group]Disabling automatic garbage collection
dependency-test	Checkout Repository	2026-08-27T13:25:53.8703134Z [command]/usr/bin/git config --local gc.auto 0
dependency-test	Checkout Repository	2026-08-27T13:25:53.8741098Z ##[endgroup]
dependency-test	Checkout Repository	2026-08-27T13:25:53.8742373Z ##[group]Setting up auth
dependency-test	Checkout Repository	2026-08-27T13:25:53.8747859Z [command]/usr/bin/git config --local --name-only --get-regexp core\.sshCommand
dependency-test	Checkout Repository	2026-08-27T13:25:53.8787240Z [command]/usr/bin/git submodule foreach --recursive sh -c "git config --local --name-only --get-regexp 'core\.sshCommand' && git config --local --unset-all 'core.sshCommand' || :"
dependency-test	Checkout Repository	2026-08-27T13:25:53.9196458Z [command]/usr/bin/git config --local --name-only --get-regexp http\.https\:\/\/github\.com\/\.extraheader
dependency-test	Checkout Repository	2026-08-27T13:25:53.9234807Z [command]/usr/bin/git submodule foreach --recursive sh -c "git config --local --name-only --get-regexp 'http\.https\:\/\/github\.com\/\.extraheader' && git config --local --unset-all 'http.https://github.com/.extraheader' || :"
dependency-test	Checkout Repository	2026-08-27T13:25:53.9464997Z [command]/usr/bin/git config --local --name-only --get-regexp ^includeIf\.gitdir:
dependency-test	Checkout Repository	2026-08-27T13:25:53.9502473Z [command]/usr/bin/git submodule foreach --recursive git config --local --show-origin --name-only --get-regexp remote.origin.url
dependency-test	Checkout Repository	2026-08-27T13:25:53.9736946Z [command]/usr/bin/git config --local http.https://github.com/.extraheader AUTHORIZATION: basic ***
dependency-test	Checkout Repository	2026-08-27T13:25:53.9782068Z ##[endgroup]
dependency-test	Checkout Repository	2026-08-27T13:25:53.9783094Z ##[group]Fetching the repository
dependency-test	Checkout Repository	2026-08-27T13:25:53.9794398Z [command]/usr/bin/git -c protocol.version=2 fetch --no-tags --prune --no-recurse-submodules --depth=1 origin +ded5ad89c6576e6130f6ac051922aa8301fae78b:refs/remotes/origin/feature/syntax-errors
dependency-test	Checkout Repository	2026-08-27T13:25:54.2469768Z From https://github.com/DhruvHegde/dependency-error-repo
dependency-test	Checkout Repository	2026-08-27T13:25:54.2472462Z  * [new ref]         ded5ad89c6576e6130f6ac051922aa8301fae78b -> origin/feature/syntax-errors
dependency-test	Checkout Repository	2026-08-27T13:25:54.2477761Z ##[endgroup]
dependency-test	Checkout Repository	2026-08-27T13:25:54.2480345Z ##[group]Determining the checkout info
dependency-test	Checkout Repository	2026-08-27T13:25:54.2482719Z ##[endgroup]
dependency-test	Checkout Repository	2026-08-27T13:25:54.2485875Z [command]/usr/bin/git sparse-checkout disable
dependency-test	Checkout Repository	2026-08-27T13:25:54.2546847Z [command]/usr/bin/git config --local --unset-all extensions.worktreeConfig
dependency-test	Checkout Repository	2026-08-27T13:25:54.2579727Z ##[group]Checking out the ref
dependency-test	Checkout Repository	2026-08-27T13:25:54.2586609Z [command]/usr/bin/git checkout --progress --force -B feature/syntax-errors refs/remotes/origin/feature/syntax-errors
dependency-test	Checkout Repository	2026-08-27T13:25:54.2775587Z Switched to a new branch 'feature/syntax-errors'
dependency-test	Checkout Repository	2026-08-27T13:25:54.2783296Z branch 'feature/syntax-errors' set up to track 'origin/feature/syntax-errors'.
dependency-test	Checkout Repository	2026-08-27T13:25:54.2790039Z ##[endgroup]
dependency-test	Checkout Repository	2026-08-27T13:25:54.2836669Z [command]/usr/bin/git log -1 --format=%H
dependency-test	Checkout Repository	2026-08-27T13:25:54.2863771Z ded5ad89c6576e6130f6ac051922aa8301fae78b
dependency-test	Setup Python	﻿2026-08-27T13:25:54.3263243Z Node 20 is being deprecated. This workflow is running with Node 24 by default. If you need to temporarily use Node 20, you can set the ACTIONS_ALLOW_USE_UNSECURE_NODE_VERSION=true environment variable. For more information see: https://github.blog/changelog/2025-09-19-deprecation-of-node-20-on-github-actions-runners/
dependency-test	Setup Python	2026-08-27T13:25:54.3269306Z ##[group]Run actions/setup-python@v5
dependency-test	Setup Python	2026-08-27T13:25:54.3270518Z with:
dependency-test	Setup Python	2026-08-27T13:25:54.3271414Z   python-version: 3.11
dependency-test	Setup Python	2026-08-27T13:25:54.3272449Z   check-latest: false
dependency-test	Setup Python	2026-08-27T13:25:54.3282559Z   token: ***
dependency-test	Setup Python	2026-08-27T13:25:54.3283525Z   update-environment: true
dependency-test	Setup Python	2026-08-27T13:25:54.3284648Z   allow-prereleases: false
dependency-test	Setup Python	2026-08-27T13:25:54.3285736Z   freethreaded: false
dependency-test	Setup Python	2026-08-27T13:25:54.3286716Z ##[endgroup]
dependency-test	Setup Python	2026-08-27T13:25:54.4631234Z ##[group]Installed versions
dependency-test	Setup Python	2026-08-27T13:25:54.5144284Z (node:2155) [DEP0040] DeprecationWarning: The `punycode` module is deprecated. Please use a userland alternative instead.
dependency-test	Setup Python	2026-08-27T13:25:54.5149133Z (Use `node --trace-deprecation ...` to show where the warning was created)
dependency-test	Setup Python	2026-08-27T13:25:54.5151355Z Successfully set up CPython (3.11.16)
dependency-test	Setup Python	2026-08-27T13:25:54.5153290Z ##[endgroup]
dependency-test	Install Dependencies	﻿2026-08-27T13:25:54.5399954Z ##[group]Run python -m pip install --upgrade pip
dependency-test	Install Dependencies	2026-08-27T13:25:54.5401610Z ^[[36;1mpython -m pip install --upgrade pip^[[0m
dependency-test	Install Dependencies	2026-08-27T13:25:54.5402996Z ^[[36;1mpip install -r requirements.txt^[[0m
dependency-test	Install Dependencies	2026-08-27T13:25:54.5667770Z shell: /usr/bin/bash -e {0}
dependency-test	Install Dependencies	2026-08-27T13:25:54.5669201Z env:
dependency-test	Install Dependencies	2026-08-27T13:25:54.5670339Z   pythonLocation: /opt/hostedtoolcache/Python/3.11.16/x64
dependency-test	Install Dependencies	2026-08-27T13:25:54.5672211Z   PKG_CONFIG_PATH: /opt/hostedtoolcache/Python/3.11.16/x64/lib/pkgconfig
dependency-test	Install Dependencies	2026-08-27T13:25:54.5674063Z   Python_ROOT_DIR: /opt/hostedtoolcache/Python/3.11.16/x64
dependency-test	Install Dependencies	2026-08-27T13:25:54.5675708Z   Python2_ROOT_DIR: /opt/hostedtoolcache/Python/3.11.16/x64
dependency-test	Install Dependencies	2026-08-27T13:25:54.5677412Z   Python3_ROOT_DIR: /opt/hostedtoolcache/Python/3.11.16/x64
dependency-test	Install Dependencies	2026-08-27T13:25:54.5679227Z   LD_LIBRARY_PATH: /opt/hostedtoolcache/Python/3.11.16/x64/lib
dependency-test	Install Dependencies	2026-08-27T13:25:54.5680665Z ##[endgroup]
dependency-test	Install Dependencies	2026-08-27T13:26:04.3235469Z Requirement already satisfied: pip in /opt/hostedtoolcache/Python/3.11.16/x64/lib/python3.11/site-packages (26.2.1)
dependency-test	Install Dependencies	2026-08-27T13:26:05.9031229Z Collecting pytest (from -r requirements.txt (line 1))
dependency-test	Install Dependencies	2026-08-27T13:26:05.9561463Z   Downloading pytest-9.1.1-py3-none-any.whl.metadata (7.6 kB)
dependency-test	Install Dependencies	2026-08-27T13:26:05.9703244Z Collecting iniconfig>=1.0.1 (from pytest->-r requirements.txt (line 1))
dependency-test	Install Dependencies	2026-08-27T13:26:05.9738402Z   Downloading iniconfig-2.3.0-py3-none-any.whl.metadata (2.5 kB)
dependency-test	Install Dependencies	2026-08-27T13:26:05.9906322Z Collecting packaging>=22 (from pytest->-r requirements.txt (line 1))
dependency-test	Install Dependencies	2026-08-27T13:26:05.9946682Z   Downloading packaging-26.3-py3-none-any.whl.metadata (3.5 kB)
dependency-test	Install Dependencies	2026-08-27T13:26:06.0087249Z Collecting pluggy<2,>=1.5 (from pytest->-r requirements.txt (line 1))
dependency-test	Install Dependencies	2026-08-27T13:26:06.0123313Z   Downloading pluggy-1.6.0-py3-none-any.whl.metadata (4.8 kB)
dependency-test	Install Dependencies	2026-08-27T13:26:06.0331550Z Collecting pygments>=2.7.2 (from pytest->-r requirements.txt (line 1))
dependency-test	Install Dependencies	2026-08-27T13:26:06.0366028Z   Downloading pygments-2.21.0-py3-none-any.whl.metadata (2.5 kB)
dependency-test	Install Dependencies	2026-08-27T13:26:06.0447099Z Downloading pytest-9.1.1-py3-none-any.whl (386 kB)
dependency-test	Install Dependencies	2026-08-27T13:26:06.0620043Z Downloading pluggy-1.6.0-py3-none-any.whl (20 kB)
dependency-test	Install Dependencies	2026-08-27T13:26:06.0693289Z Downloading iniconfig-2.3.0-py3-none-any.whl (7.5 kB)
dependency-test	Install Dependencies	2026-08-27T13:26:06.0744405Z Downloading packaging-26.3-py3-none-any.whl (129 kB)
dependency-test	Install Dependencies	2026-08-27T13:26:06.0808184Z Downloading pygments-2.21.0-py3-none-any.whl (1.3 MB)
dependency-test	Install Dependencies	2026-08-27T13:26:06.0909295Z    ━━━━━━━━━━━━━━━━━━━━━━━━━━━━━━━━━━━━━━━━ 1.3/1.3 MB 160.4 MB/s  0:00:00
dependency-test	Install Dependencies	2026-08-27T13:26:06.1596815Z Installing collected packages: pygments, pluggy, packaging, iniconfig, pytest
dependency-test	Install Dependencies	2026-08-27T13:26:07.1336908Z 
dependency-test	Install Dependencies	2026-08-27T13:26:07.1346547Z Successfully installed iniconfig-2.3.0 packaging-26.3 pluggy-1.6.0 pygments-2.21.0 pytest-9.1.1
dependency-test	Check App Syntax	﻿2026-08-27T13:26:07.1879359Z ##[group]Run python -c "import app"
dependency-test	Check App Syntax	2026-08-27T13:26:07.1879769Z ^[[36;1mpython -c "import app"^[[0m
dependency-test	Check App Syntax	2026-08-27T13:26:07.1917371Z shell: /usr/bin/bash -e {0}
dependency-test	Check App Syntax	2026-08-27T13:26:07.1917641Z env:
dependency-test	Check App Syntax	2026-08-27T13:26:07.1917910Z   pythonLocation: /opt/hostedtoolcache/Python/3.11.16/x64
dependency-test	Check App Syntax	2026-08-27T13:26:07.1918361Z   PKG_CONFIG_PATH: /opt/hostedtoolcache/Python/3.11.16/x64/lib/pkgconfig
dependency-test	Check App Syntax	2026-08-27T13:26:07.1919113Z   Python_ROOT_DIR: /opt/hostedtoolcache/Python/3.11.16/x64
dependency-test	Check App Syntax	2026-08-27T13:26:07.1919508Z   Python2_ROOT_DIR: /opt/hostedtoolcache/Python/3.11.16/x64
dependency-test	Check App Syntax	2026-08-27T13:26:07.1919888Z   Python3_ROOT_DIR: /opt/hostedtoolcache/Python/3.11.16/x64
dependency-test	Check App Syntax	2026-08-27T13:26:07.1920344Z   LD_LIBRARY_PATH: /opt/hostedtoolcache/Python/3.11.16/x64/lib
dependency-test	Check App Syntax	2026-08-27T13:26:07.1920690Z ##[endgroup]
dependency-test	Check App Syntax	2026-08-27T13:26:07.2081157Z Traceback (most recent call last):
dependency-test	Check App Syntax	2026-08-27T13:26:07.2091370Z   File "<string>", line 1, in <module>
dependency-test	Check App Syntax	2026-08-27T13:26:07.2092433Z   File "/home/runner/work/dependency-error-repo/dependency-error-repo/app.py", line 4
dependency-test	Check App Syntax	2026-08-27T13:26:07.2093308Z     data = {"key": "value", "broken":}
dependency-test	Check App Syntax	2026-08-27T13:26:07.2093788Z                                     ^
dependency-test	Check App Syntax	2026-08-27T13:26:07.2094395Z SyntaxError: expression expected after dictionary key and ':'
dependency-test	Check App Syntax	2026-08-27T13:26:07.2121229Z ##[error]Process completed with exit code 1.
dependency-test	Post Checkout Repository	﻿2026-08-27T13:26:07.2273854Z Node 20 is being deprecated. This workflow is running with Node 24 by default. If you need to temporarily use Node 20, you can set the ACTIONS_ALLOW_USE_UNSECURE_NODE_VERSION=true environment variable. For more information see: https://github.blog/changelog/2025-09-19-deprecation-of-node-20-on-github-actions-runners/
dependency-test	Post Checkout Repository	2026-08-27T13:26:07.2275155Z Post job cleanup.
dependency-test	Post Checkout Repository	2026-08-27T13:26:07.3153939Z [command]/usr/bin/git version
dependency-test	Post Checkout Repository	2026-08-27T13:26:07.3202013Z git version 2.55.0
dependency-test	Post Checkout Repository	2026-08-27T13:26:07.3247646Z Temporarily overriding HOME='/home/runner/work/_temp/aea90e50-c399-48b6-8efb-910936952aa7' before making global git config changes
dependency-test	Post Checkout Repository	2026-08-27T13:26:07.3249079Z Adding repository directory to the temporary git global config as a safe directory
dependency-test	Post Checkout Repository	2026-08-27T13:26:07.3254419Z [command]/usr/bin/git config --global --add safe.directory /home/runner/work/dependency-error-repo/dependency-error-repo
dependency-test	Post Checkout Repository	2026-08-27T13:26:07.3302703Z [command]/usr/bin/git config --local --name-only --get-regexp core\.sshCommand
dependency-test	Post Checkout Repository	2026-08-27T13:26:07.3342985Z [command]/usr/bin/git submodule foreach --recursive sh -c "git config --local --name-only --get-regexp 'core\.sshCommand' && git config --local --unset-all 'core.sshCommand' || :"
dependency-test	Post Checkout Repository	2026-08-27T13:26:07.3616566Z [command]/usr/bin/git config --local --name-only --get-regexp http\.https\:\/\/github\.com\/\.extraheader
dependency-test	Post Checkout Repository	2026-08-27T13:26:07.3650840Z http.https://github.com/.extraheader
dependency-test	Post Checkout Repository	2026-08-27T13:26:07.3665540Z [command]/usr/bin/git config --local --unset-all http.https://github.com/.extraheader
dependency-test	Post Checkout Repository	2026-08-27T13:26:07.3703432Z [command]/usr/bin/git submodule foreach --recursive sh -c "git config --local --name-only --get-regexp 'http\.https\:\/\/github\.com\/\.extraheader' && git config --local --unset-all 'http.https://github.com/.extraheader' || :"
dependency-test	Post Checkout Repository	2026-08-27T13:26:07.3965022Z [command]/usr/bin/git config --local --name-only --get-regexp ^includeIf\.gitdir:
dependency-test	Post Checkout Repository	2026-08-27T13:26:07.4006236Z [command]/usr/bin/git submodule foreach --recursive git config --local --show-origin --name-only --get-regexp remote.origin.url
dependency-test	Complete job	﻿2026-08-27T13:26:07.4416715Z Cleaning up orphan processes
dependency-test	Complete job	2026-08-27T13:26:07.4709389Z ##[warning]Node.js 20 is deprecated. The following actions target Node.js 20 but are being forced to run on Node.js 24: actions/checkout@v4, actions/setup-python@v5. For more information see: https://github.blog/changelog/2025-09-19-deprecation-of-node-20-on-github-actions-runners/