dependency-test	Set up job	﻿2026-08-27T13:11:14.8431992Z Current runner version: '2.336.0'
dependency-test	Set up job	2026-08-27T13:11:14.8470449Z ##[group]Runner Image Provisioner
dependency-test	Set up job	2026-08-27T13:11:14.8472143Z Hosted Compute Agent
dependency-test	Set up job	2026-08-27T13:11:14.8473234Z Version: 20260819.586
dependency-test	Set up job	2026-08-27T13:11:14.8474746Z Commit: 3cc4a88dfa507ef76119ad1bb3eccc6378bb2b76
dependency-test	Set up job	2026-08-27T13:11:14.8476231Z Build Date: 2026-08-18T23:20:18Z
dependency-test	Set up job	2026-08-27T13:11:14.8477459Z Worker ID: {782b70c6-dcba-42ae-a8ea-5f20fc0c2871}
dependency-test	Set up job	2026-08-27T13:11:14.8478758Z Azure Region: westus2
dependency-test	Set up job	2026-08-27T13:11:14.8479804Z ##[endgroup]
dependency-test	Set up job	2026-08-27T13:11:14.8482130Z ##[group]Operating System
dependency-test	Set up job	2026-08-27T13:11:14.8483357Z Ubuntu
dependency-test	Set up job	2026-08-27T13:11:14.8484512Z 24.04.4
dependency-test	Set up job	2026-08-27T13:11:14.8485460Z LTS
dependency-test	Set up job	2026-08-27T13:11:14.8486324Z ##[endgroup]
dependency-test	Set up job	2026-08-27T13:11:14.8487220Z ##[group]Runner Image
dependency-test	Set up job	2026-08-27T13:11:14.8488305Z Image: ubuntu-24.04
dependency-test	Set up job	2026-08-27T13:11:14.8489313Z Version: 20260823.283.1
dependency-test	Set up job	2026-08-27T13:11:14.8491130Z Included Software: https://github.com/actions/runner-images/blob/ubuntu24/20260823.283/images/ubuntu/Ubuntu2404-Readme.md
dependency-test	Set up job	2026-08-27T13:11:14.8494639Z Image Release: https://github.com/actions/runner-images/releases/tag/ubuntu24%2F20260823.283
dependency-test	Set up job	2026-08-27T13:11:14.8496625Z ##[endgroup]
dependency-test	Set up job	2026-08-27T13:11:14.8498742Z ##[group]GITHUB_TOKEN Permissions
dependency-test	Set up job	2026-08-27T13:11:14.8501680Z Contents: read
dependency-test	Set up job	2026-08-27T13:11:14.8502688Z Metadata: read
dependency-test	Set up job	2026-08-27T13:11:14.8504359Z Packages: read
dependency-test	Set up job	2026-08-27T13:11:14.8505578Z ##[endgroup]
dependency-test	Set up job	2026-08-27T13:11:14.8508623Z Secret source: Actions
dependency-test	Set up job	2026-08-27T13:11:14.8510396Z Prepare workflow directory
dependency-test	Set up job	2026-08-27T13:11:14.8871630Z Prepare all required actions
dependency-test	Set up job	2026-08-27T13:11:14.8920369Z Getting action download info
dependency-test	Set up job	2026-08-27T13:11:15.2839219Z Download action repository 'actions/checkout@v4' (SHA:11d5960a326750d5838078e36cf38b85af677262)
dependency-test	Set up job	2026-08-27T13:11:15.4511952Z Download action repository 'actions/setup-python@v5' (SHA:a26af69be951a213d495a4c3e4e4022e16d87065)
dependency-test	Set up job	2026-08-27T13:11:15.6331471Z Complete job name: dependency-test
dependency-test	Checkout Repository	﻿2026-08-27T13:11:15.7110862Z Node 20 is being deprecated. This workflow is running with Node 24 by default. If you need to temporarily use Node 20, you can set the ACTIONS_ALLOW_USE_UNSECURE_NODE_VERSION=true environment variable. For more information see: https://github.blog/changelog/2025-09-19-deprecation-of-node-20-on-github-actions-runners/
dependency-test	Checkout Repository	2026-08-27T13:11:15.7120298Z ##[group]Run actions/checkout@v4
dependency-test	Checkout Repository	2026-08-27T13:11:15.7121071Z with:
dependency-test	Checkout Repository	2026-08-27T13:11:15.7121574Z   repository: DhruvHegde/dependency-error-repo
dependency-test	Checkout Repository	2026-08-27T13:11:15.7125461Z   token: ***
dependency-test	Checkout Repository	2026-08-27T13:11:15.7125911Z   ssh-strict: true
dependency-test	Checkout Repository	2026-08-27T13:11:15.7126348Z   ssh-user: git
dependency-test	Checkout Repository	2026-08-27T13:11:15.7126800Z   persist-credentials: true
dependency-test	Checkout Repository	2026-08-27T13:11:15.7127288Z   clean: true
dependency-test	Checkout Repository	2026-08-27T13:11:15.7127734Z   sparse-checkout-cone-mode: true
dependency-test	Checkout Repository	2026-08-27T13:11:15.7128253Z   fetch-depth: 1
dependency-test	Checkout Repository	2026-08-27T13:11:15.7128680Z   fetch-tags: false
dependency-test	Checkout Repository	2026-08-27T13:11:15.7129126Z   show-progress: true
dependency-test	Checkout Repository	2026-08-27T13:11:15.7129563Z   lfs: false
dependency-test	Checkout Repository	2026-08-27T13:11:15.7129970Z   submodules: false
dependency-test	Checkout Repository	2026-08-27T13:11:15.7130459Z   set-safe-directory: true
dependency-test	Checkout Repository	2026-08-27T13:11:15.7130965Z   allow-unsafe-pr-checkout: false
dependency-test	Checkout Repository	2026-08-27T13:11:15.7131748Z ##[endgroup]
dependency-test	Checkout Repository	2026-08-27T13:11:15.8175250Z Syncing repository: DhruvHegde/dependency-error-repo
dependency-test	Checkout Repository	2026-08-27T13:11:15.8178714Z ##[group]Getting Git version info
dependency-test	Checkout Repository	2026-08-27T13:11:15.8180263Z Working directory is '/home/runner/work/dependency-error-repo/dependency-error-repo'
dependency-test	Checkout Repository	2026-08-27T13:11:15.8182318Z [command]/usr/bin/git version
dependency-test	Checkout Repository	2026-08-27T13:11:15.8315606Z git version 2.55.0
dependency-test	Checkout Repository	2026-08-27T13:11:15.8340782Z ##[endgroup]
dependency-test	Checkout Repository	2026-08-27T13:11:15.8358351Z Temporarily overriding HOME='/home/runner/work/_temp/a74af47d-861f-4028-83b1-fe67eb57e0b5' before making global git config changes
dependency-test	Checkout Repository	2026-08-27T13:11:15.8360061Z Adding repository directory to the temporary git global config as a safe directory
dependency-test	Checkout Repository	2026-08-27T13:11:15.8366336Z [command]/usr/bin/git config --global --add safe.directory /home/runner/work/dependency-error-repo/dependency-error-repo
dependency-test	Checkout Repository	2026-08-27T13:11:15.8428711Z Deleting the contents of '/home/runner/work/dependency-error-repo/dependency-error-repo'
dependency-test	Checkout Repository	2026-08-27T13:11:15.8432706Z ##[group]Initializing the repository
dependency-test	Checkout Repository	2026-08-27T13:11:15.8438639Z [command]/usr/bin/git init /home/runner/work/dependency-error-repo/dependency-error-repo
dependency-test	Checkout Repository	2026-08-27T13:11:15.8563657Z hint: Using 'master' as the name for the initial branch. This default branch name
dependency-test	Checkout Repository	2026-08-27T13:11:15.8565398Z hint: will change to "main" in Git 3.0. To configure the initial branch name
dependency-test	Checkout Repository	2026-08-27T13:11:15.8566947Z hint: to use in all of your new repositories, which will suppress this warning,
dependency-test	Checkout Repository	2026-08-27T13:11:15.8568560Z hint: call:
dependency-test	Checkout Repository	2026-08-27T13:11:15.8569198Z hint:
dependency-test	Checkout Repository	2026-08-27T13:11:15.8569986Z hint: 	git config --global init.defaultBranch <name>
dependency-test	Checkout Repository	2026-08-27T13:11:15.8570962Z hint:
dependency-test	Checkout Repository	2026-08-27T13:11:15.8571938Z hint: Names commonly chosen instead of 'master' are 'main', 'trunk' and
dependency-test	Checkout Repository	2026-08-27T13:11:15.8573861Z hint: 'development'. The just-created branch can be renamed via this command:
dependency-test	Checkout Repository	2026-08-27T13:11:15.8575176Z hint:
dependency-test	Checkout Repository	2026-08-27T13:11:15.8575846Z hint: 	git branch -m <name>
dependency-test	Checkout Repository	2026-08-27T13:11:15.8576622Z hint:
dependency-test	Checkout Repository	2026-08-27T13:11:15.8577718Z hint: Disable this message with "git config set advice.defaultBranchName false"
dependency-test	Checkout Repository	2026-08-27T13:11:15.8579907Z Initialized empty Git repository in /home/runner/work/dependency-error-repo/dependency-error-repo/.git/
dependency-test	Checkout Repository	2026-08-27T13:11:15.8585874Z [command]/usr/bin/git remote add origin https://github.com/DhruvHegde/dependency-error-repo
dependency-test	Checkout Repository	2026-08-27T13:11:15.8699788Z ##[endgroup]
dependency-test	Checkout Repository	2026-08-27T13:11:15.8700828Z ##[group]Disabling automatic garbage collection
dependency-test	Checkout Repository	2026-08-27T13:11:15.8703534Z [command]/usr/bin/git config --local gc.auto 0
dependency-test	Checkout Repository	2026-08-27T13:11:15.8743134Z ##[endgroup]
dependency-test	Checkout Repository	2026-08-27T13:11:15.8744525Z ##[group]Setting up auth
dependency-test	Checkout Repository	2026-08-27T13:11:15.8754117Z [command]/usr/bin/git config --local --name-only --get-regexp core\.sshCommand
dependency-test	Checkout Repository	2026-08-27T13:11:15.8802234Z [command]/usr/bin/git submodule foreach --recursive sh -c "git config --local --name-only --get-regexp 'core\.sshCommand' && git config --local --unset-all 'core.sshCommand' || :"
dependency-test	Checkout Repository	2026-08-27T13:11:15.9237171Z [command]/usr/bin/git config --local --name-only --get-regexp http\.https\:\/\/github\.com\/\.extraheader
dependency-test	Checkout Repository	2026-08-27T13:11:15.9272097Z [command]/usr/bin/git submodule foreach --recursive sh -c "git config --local --name-only --get-regexp 'http\.https\:\/\/github\.com\/\.extraheader' && git config --local --unset-all 'http.https://github.com/.extraheader' || :"
dependency-test	Checkout Repository	2026-08-27T13:11:15.9546557Z [command]/usr/bin/git config --local --name-only --get-regexp ^includeIf\.gitdir:
dependency-test	Checkout Repository	2026-08-27T13:11:15.9589577Z [command]/usr/bin/git submodule foreach --recursive git config --local --show-origin --name-only --get-regexp remote.origin.url
dependency-test	Checkout Repository	2026-08-27T13:11:15.9823800Z [command]/usr/bin/git config --local http.https://github.com/.extraheader AUTHORIZATION: basic ***
dependency-test	Checkout Repository	2026-08-27T13:11:15.9866536Z ##[endgroup]
dependency-test	Checkout Repository	2026-08-27T13:11:15.9868017Z ##[group]Fetching the repository
dependency-test	Checkout Repository	2026-08-27T13:11:15.9878908Z [command]/usr/bin/git -c protocol.version=2 fetch --no-tags --prune --no-recurse-submodules --depth=1 origin +186a53d07c5ef2c3b5d47056030bb4c92c960cde:refs/remotes/origin/feature/syntax-errors
dependency-test	Checkout Repository	2026-08-27T13:11:16.3310658Z From https://github.com/DhruvHegde/dependency-error-repo
dependency-test	Checkout Repository	2026-08-27T13:11:16.3312303Z  * [new ref]         186a53d07c5ef2c3b5d47056030bb4c92c960cde -> origin/feature/syntax-errors
dependency-test	Checkout Repository	2026-08-27T13:11:16.3316282Z ##[endgroup]
dependency-test	Checkout Repository	2026-08-27T13:11:16.3317782Z ##[group]Determining the checkout info
dependency-test	Checkout Repository	2026-08-27T13:11:16.3319556Z ##[endgroup]
dependency-test	Checkout Repository	2026-08-27T13:11:16.3324744Z [command]/usr/bin/git sparse-checkout disable
dependency-test	Checkout Repository	2026-08-27T13:11:16.3382282Z [command]/usr/bin/git config --local --unset-all extensions.worktreeConfig
dependency-test	Checkout Repository	2026-08-27T13:11:16.3416700Z ##[group]Checking out the ref
dependency-test	Checkout Repository	2026-08-27T13:11:16.3421387Z [command]/usr/bin/git checkout --progress --force -B feature/syntax-errors refs/remotes/origin/feature/syntax-errors
dependency-test	Checkout Repository	2026-08-27T13:11:16.3610364Z Switched to a new branch 'feature/syntax-errors'
dependency-test	Checkout Repository	2026-08-27T13:11:16.3617104Z branch 'feature/syntax-errors' set up to track 'origin/feature/syntax-errors'.
dependency-test	Checkout Repository	2026-08-27T13:11:16.3623233Z ##[endgroup]
dependency-test	Checkout Repository	2026-08-27T13:11:16.3674282Z [command]/usr/bin/git log -1 --format=%H
dependency-test	Checkout Repository	2026-08-27T13:11:16.3703168Z 186a53d07c5ef2c3b5d47056030bb4c92c960cde
dependency-test	Setup Python	﻿2026-08-27T13:11:16.4012338Z Node 20 is being deprecated. This workflow is running with Node 24 by default. If you need to temporarily use Node 20, you can set the ACTIONS_ALLOW_USE_UNSECURE_NODE_VERSION=true environment variable. For more information see: https://github.blog/changelog/2025-09-19-deprecation-of-node-20-on-github-actions-runners/
dependency-test	Setup Python	2026-08-27T13:11:16.4015558Z ##[group]Run actions/setup-python@v5
dependency-test	Setup Python	2026-08-27T13:11:16.4016133Z with:
dependency-test	Setup Python	2026-08-27T13:11:16.4016540Z   python-version: 3.11
dependency-test	Setup Python	2026-08-27T13:11:16.4017038Z   check-latest: false
dependency-test	Setup Python	2026-08-27T13:11:16.4020573Z   token: ***
dependency-test	Setup Python	2026-08-27T13:11:16.4021011Z   update-environment: true
dependency-test	Setup Python	2026-08-27T13:11:16.4021518Z   allow-prereleases: false
dependency-test	Setup Python	2026-08-27T13:11:16.4021998Z   freethreaded: false
dependency-test	Setup Python	2026-08-27T13:11:16.4022447Z ##[endgroup]
dependency-test	Setup Python	2026-08-27T13:11:16.5369671Z ##[group]Installed versions
dependency-test	Setup Python	2026-08-27T13:11:16.5486671Z (node:2205) [DEP0040] DeprecationWarning: The `punycode` module is deprecated. Please use a userland alternative instead.
dependency-test	Setup Python	2026-08-27T13:11:16.5489101Z (Use `node --trace-deprecation ...` to show where the warning was created)
dependency-test	Setup Python	2026-08-27T13:11:16.5490609Z Successfully set up CPython (3.11.16)
dependency-test	Setup Python	2026-08-27T13:11:16.5492241Z ##[endgroup]
dependency-test	Install Dependencies	﻿2026-08-27T13:11:16.5662149Z ##[group]Run python -m pip install --upgrade pip
dependency-test	Install Dependencies	2026-08-27T13:11:16.5663082Z ^[[36;1mpython -m pip install --upgrade pip^[[0m
dependency-test	Install Dependencies	2026-08-27T13:11:16.5664143Z ^[[36;1mpip install -r requirements.txt^[[0m
dependency-test	Install Dependencies	2026-08-27T13:11:16.5726518Z shell: /usr/bin/bash -e {0}
dependency-test	Install Dependencies	2026-08-27T13:11:16.5727234Z env:
dependency-test	Install Dependencies	2026-08-27T13:11:16.5727812Z   pythonLocation: /opt/hostedtoolcache/Python/3.11.16/x64
dependency-test	Install Dependencies	2026-08-27T13:11:16.5729137Z   PKG_CONFIG_PATH: /opt/hostedtoolcache/Python/3.11.16/x64/lib/pkgconfig
dependency-test	Install Dependencies	2026-08-27T13:11:16.5730495Z   Python_ROOT_DIR: /opt/hostedtoolcache/Python/3.11.16/x64
dependency-test	Install Dependencies	2026-08-27T13:11:16.5731827Z   Python2_ROOT_DIR: /opt/hostedtoolcache/Python/3.11.16/x64
dependency-test	Install Dependencies	2026-08-27T13:11:16.5733140Z   Python3_ROOT_DIR: /opt/hostedtoolcache/Python/3.11.16/x64
dependency-test	Install Dependencies	2026-08-27T13:11:16.5734630Z   LD_LIBRARY_PATH: /opt/hostedtoolcache/Python/3.11.16/x64/lib
dependency-test	Install Dependencies	2026-08-27T13:11:16.5735736Z ##[endgroup]
dependency-test	Install Dependencies	2026-08-27T13:11:17.3220774Z Requirement already satisfied: pip in /opt/hostedtoolcache/Python/3.11.16/x64/lib/python3.11/site-packages (26.2.1)
dependency-test	Install Dependencies	2026-08-27T13:11:17.9422002Z Collecting pytest (from -r requirements.txt (line 1))
dependency-test	Install Dependencies	2026-08-27T13:11:18.0007594Z   Downloading pytest-9.1.1-py3-none-any.whl.metadata (7.6 kB)
dependency-test	Install Dependencies	2026-08-27T13:11:18.0188153Z Collecting iniconfig>=1.0.1 (from pytest->-r requirements.txt (line 1))
dependency-test	Install Dependencies	2026-08-27T13:11:18.0261771Z   Downloading iniconfig-2.3.0-py3-none-any.whl.metadata (2.5 kB)
dependency-test	Install Dependencies	2026-08-27T13:11:18.0465802Z Collecting packaging>=22 (from pytest->-r requirements.txt (line 1))
dependency-test	Install Dependencies	2026-08-27T13:11:18.0543364Z   Downloading packaging-26.3-py3-none-any.whl.metadata (3.5 kB)
dependency-test	Install Dependencies	2026-08-27T13:11:18.0719584Z Collecting pluggy<2,>=1.5 (from pytest->-r requirements.txt (line 1))
dependency-test	Install Dependencies	2026-08-27T13:11:18.0794103Z   Downloading pluggy-1.6.0-py3-none-any.whl.metadata (4.8 kB)
dependency-test	Install Dependencies	2026-08-27T13:11:18.1059405Z Collecting pygments>=2.7.2 (from pytest->-r requirements.txt (line 1))
dependency-test	Install Dependencies	2026-08-27T13:11:18.1132522Z   Downloading pygments-2.21.0-py3-none-any.whl.metadata (2.5 kB)
dependency-test	Install Dependencies	2026-08-27T13:11:18.1298509Z Downloading pytest-9.1.1-py3-none-any.whl (386 kB)
dependency-test	Install Dependencies	2026-08-27T13:11:18.1635148Z Downloading pluggy-1.6.0-py3-none-any.whl (20 kB)
dependency-test	Install Dependencies	2026-08-27T13:11:18.1759280Z Downloading iniconfig-2.3.0-py3-none-any.whl (7.5 kB)
dependency-test	Install Dependencies	2026-08-27T13:11:18.1854327Z Downloading packaging-26.3-py3-none-any.whl (129 kB)
dependency-test	Install Dependencies	2026-08-27T13:11:18.1954567Z Downloading pygments-2.21.0-py3-none-any.whl (1.3 MB)
dependency-test	Install Dependencies	2026-08-27T13:11:18.2226708Z    ━━━━━━━━━━━━━━━━━━━━━━━━━━━━━━━━━━━━━━━━ 1.3/1.3 MB 52.4 MB/s  0:00:00
dependency-test	Install Dependencies	2026-08-27T13:11:18.2742668Z Installing collected packages: pygments, pluggy, packaging, iniconfig, pytest
dependency-test	Install Dependencies	2026-08-27T13:11:19.2733917Z 
dependency-test	Install Dependencies	2026-08-27T13:11:19.2748680Z Successfully installed iniconfig-2.3.0 packaging-26.3 pluggy-1.6.0 pygments-2.21.0 pytest-9.1.1
dependency-test	Check App Syntax	﻿2026-08-27T13:11:19.3331236Z ##[group]Run python -c "import app"
dependency-test	Check App Syntax	2026-08-27T13:11:19.3331614Z ^[[36;1mpython -c "import app"^[[0m
dependency-test	Check App Syntax	2026-08-27T13:11:19.3371816Z shell: /usr/bin/bash -e {0}
dependency-test	Check App Syntax	2026-08-27T13:11:19.3372089Z env:
dependency-test	Check App Syntax	2026-08-27T13:11:19.3372363Z   pythonLocation: /opt/hostedtoolcache/Python/3.11.16/x64
dependency-test	Check App Syntax	2026-08-27T13:11:19.3372824Z   PKG_CONFIG_PATH: /opt/hostedtoolcache/Python/3.11.16/x64/lib/pkgconfig
dependency-test	Check App Syntax	2026-08-27T13:11:19.3373270Z   Python_ROOT_DIR: /opt/hostedtoolcache/Python/3.11.16/x64
dependency-test	Check App Syntax	2026-08-27T13:11:19.3373828Z   Python2_ROOT_DIR: /opt/hostedtoolcache/Python/3.11.16/x64
dependency-test	Check App Syntax	2026-08-27T13:11:19.3374213Z   Python3_ROOT_DIR: /opt/hostedtoolcache/Python/3.11.16/x64
dependency-test	Check App Syntax	2026-08-27T13:11:19.3374621Z   LD_LIBRARY_PATH: /opt/hostedtoolcache/Python/3.11.16/x64/lib
dependency-test	Check App Syntax	2026-08-27T13:11:19.3374950Z ##[endgroup]
dependency-test	Check App Syntax	2026-08-27T13:11:19.3535648Z Traceback (most recent call last):
dependency-test	Check App Syntax	2026-08-27T13:11:19.3543760Z   File "<string>", line 1, in <module>
dependency-test	Check App Syntax	2026-08-27T13:11:19.3544784Z   File "/home/runner/work/dependency-error-repo/dependency-error-repo/app.py", line 7
dependency-test	Check App Syntax	2026-08-27T13:11:19.3545643Z     print(results)
dependency-test	Check App Syntax	2026-08-27T13:11:19.3546162Z TabError: inconsistent use of tabs and spaces in indentation
dependency-test	Check App Syntax	2026-08-27T13:11:19.3574482Z ##[error]Process completed with exit code 1.
dependency-test	Post Checkout Repository	﻿2026-08-27T13:11:19.3734620Z Node 20 is being deprecated. This workflow is running with Node 24 by default. If you need to temporarily use Node 20, you can set the ACTIONS_ALLOW_USE_UNSECURE_NODE_VERSION=true environment variable. For more information see: https://github.blog/changelog/2025-09-19-deprecation-of-node-20-on-github-actions-runners/
dependency-test	Post Checkout Repository	2026-08-27T13:11:19.3735995Z Post job cleanup.
dependency-test	Post Checkout Repository	2026-08-27T13:11:19.4595308Z [command]/usr/bin/git version
dependency-test	Post Checkout Repository	2026-08-27T13:11:19.4641157Z git version 2.55.0
dependency-test	Post Checkout Repository	2026-08-27T13:11:19.4686220Z Temporarily overriding HOME='/home/runner/work/_temp/b31770be-34ec-4e1a-9efe-45a0e101706d' before making global git config changes
dependency-test	Post Checkout Repository	2026-08-27T13:11:19.4687774Z Adding repository directory to the temporary git global config as a safe directory
dependency-test	Post Checkout Repository	2026-08-27T13:11:19.4692910Z [command]/usr/bin/git config --global --add safe.directory /home/runner/work/dependency-error-repo/dependency-error-repo
dependency-test	Post Checkout Repository	2026-08-27T13:11:19.4735624Z [command]/usr/bin/git config --local --name-only --get-regexp core\.sshCommand
dependency-test	Post Checkout Repository	2026-08-27T13:11:19.4781258Z [command]/usr/bin/git submodule foreach --recursive sh -c "git config --local --name-only --get-regexp 'core\.sshCommand' && git config --local --unset-all 'core.sshCommand' || :"
dependency-test	Post Checkout Repository	2026-08-27T13:11:19.5178796Z [command]/usr/bin/git config --local --name-only --get-regexp http\.https\:\/\/github\.com\/\.extraheader
dependency-test	Post Checkout Repository	2026-08-27T13:11:19.5235712Z http.https://github.com/.extraheader
dependency-test	Post Checkout Repository	2026-08-27T13:11:19.5251396Z [command]/usr/bin/git config --local --unset-all http.https://github.com/.extraheader
dependency-test	Post Checkout Repository	2026-08-27T13:11:19.5302669Z [command]/usr/bin/git submodule foreach --recursive sh -c "git config --local --name-only --get-regexp 'http\.https\:\/\/github\.com\/\.extraheader' && git config --local --unset-all 'http.https://github.com/.extraheader' || :"
dependency-test	Post Checkout Repository	2026-08-27T13:11:19.5657963Z [command]/usr/bin/git config --local --name-only --get-regexp ^includeIf\.gitdir:
dependency-test	Post Checkout Repository	2026-08-27T13:11:19.5722738Z [command]/usr/bin/git submodule foreach --recursive git config --local --show-origin --name-only --get-regexp remote.origin.url
dependency-test	Complete job	﻿2026-08-27T13:11:19.6160125Z Cleaning up orphan processes
dependency-test	Complete job	2026-08-27T13:11:19.6449932Z ##[warning]Node.js 20 is deprecated. The following actions target Node.js 20 but are being forced to run on Node.js 24: actions/checkout@v4, actions/setup-python@v5. For more information see: https://github.blog/changelog/2025-09-19-deprecation-of-node-20-on-github-actions-runners/