dependency-test	Set up job	﻿2026-08-27T11:08:48.9280442Z Current runner version: '2.336.0'
dependency-test	Set up job	2026-08-27T11:08:48.9305892Z ##[group]Runner Image Provisioner
dependency-test	Set up job	2026-08-27T11:08:48.9306845Z Hosted Compute Agent
dependency-test	Set up job	2026-08-27T11:08:48.9307429Z Version: 20260819.586
dependency-test	Set up job	2026-08-27T11:08:48.9308139Z Commit: 3cc4a88dfa507ef76119ad1bb3eccc6378bb2b76
dependency-test	Set up job	2026-08-27T11:08:48.9308869Z Build Date: 2026-08-18T23:20:18Z
dependency-test	Set up job	2026-08-27T11:08:48.9309628Z Worker ID: {5f0a04d9-027f-4ba0-8cc0-7630ab04ce8c}
dependency-test	Set up job	2026-08-27T11:08:48.9310397Z Azure Region: westus2
dependency-test	Set up job	2026-08-27T11:08:48.9310966Z ##[endgroup]
dependency-test	Set up job	2026-08-27T11:08:48.9312478Z ##[group]Operating System
dependency-test	Set up job	2026-08-27T11:08:48.9313186Z Ubuntu
dependency-test	Set up job	2026-08-27T11:08:48.9314146Z 24.04.4
dependency-test	Set up job	2026-08-27T11:08:48.9314774Z LTS
dependency-test	Set up job	2026-08-27T11:08:48.9315293Z ##[endgroup]
dependency-test	Set up job	2026-08-27T11:08:48.9315876Z ##[group]Runner Image
dependency-test	Set up job	2026-08-27T11:08:48.9316492Z Image: ubuntu-24.04
dependency-test	Set up job	2026-08-27T11:08:48.9317089Z Version: 20260823.283.1
dependency-test	Set up job	2026-08-27T11:08:48.9318195Z Included Software: https://github.com/actions/runner-images/blob/ubuntu24/20260823.283/images/ubuntu/Ubuntu2404-Readme.md
dependency-test	Set up job	2026-08-27T11:08:48.9319956Z Image Release: https://github.com/actions/runner-images/releases/tag/ubuntu24%2F20260823.283
dependency-test	Set up job	2026-08-27T11:08:48.9320937Z ##[endgroup]
dependency-test	Set up job	2026-08-27T11:08:48.9322183Z ##[group]GITHUB_TOKEN Permissions
dependency-test	Set up job	2026-08-27T11:08:48.9324277Z Contents: read
dependency-test	Set up job	2026-08-27T11:08:48.9324900Z Metadata: read
dependency-test	Set up job	2026-08-27T11:08:48.9325912Z Packages: read
dependency-test	Set up job	2026-08-27T11:08:48.9326501Z ##[endgroup]
dependency-test	Set up job	2026-08-27T11:08:48.9328636Z Secret source: Actions
dependency-test	Set up job	2026-08-27T11:08:48.9329704Z Prepare workflow directory
dependency-test	Set up job	2026-08-27T11:08:48.9656983Z Prepare all required actions
dependency-test	Set up job	2026-08-27T11:08:48.9710135Z Getting action download info
dependency-test	Set up job	2026-08-27T11:08:49.3250617Z Download action repository 'actions/checkout@v4' (SHA:11d5960a326750d5838078e36cf38b85af677262)
dependency-test	Set up job	2026-08-27T11:08:49.4817216Z Download action repository 'actions/setup-python@v5' (SHA:a26af69be951a213d495a4c3e4e4022e16d87065)
dependency-test	Set up job	2026-08-27T11:08:49.6946299Z Complete job name: dependency-test
dependency-test	Checkout Repository	﻿2026-08-27T11:08:49.7702340Z Node 20 is being deprecated. This workflow is running with Node 24 by default. If you need to temporarily use Node 20, you can set the ACTIONS_ALLOW_USE_UNSECURE_NODE_VERSION=true environment variable. For more information see: https://github.blog/changelog/2025-09-19-deprecation-of-node-20-on-github-actions-runners/
dependency-test	Checkout Repository	2026-08-27T11:08:49.7711394Z ##[group]Run actions/checkout@v4
dependency-test	Checkout Repository	2026-08-27T11:08:49.7712290Z with:
dependency-test	Checkout Repository	2026-08-27T11:08:49.7713043Z   repository: DhruvHegde/dependency-error-repo
dependency-test	Checkout Repository	2026-08-27T11:08:49.7717236Z   token: ***
dependency-test	Checkout Repository	2026-08-27T11:08:49.7717687Z   ssh-strict: true
dependency-test	Checkout Repository	2026-08-27T11:08:49.7718134Z   ssh-user: git
dependency-test	Checkout Repository	2026-08-27T11:08:49.7718590Z   persist-credentials: true
dependency-test	Checkout Repository	2026-08-27T11:08:49.7719088Z   clean: true
dependency-test	Checkout Repository	2026-08-27T11:08:49.7719531Z   sparse-checkout-cone-mode: true
dependency-test	Checkout Repository	2026-08-27T11:08:49.7720060Z   fetch-depth: 1
dependency-test	Checkout Repository	2026-08-27T11:08:49.7720496Z   fetch-tags: false
dependency-test	Checkout Repository	2026-08-27T11:08:49.7720944Z   show-progress: true
dependency-test	Checkout Repository	2026-08-27T11:08:49.7721394Z   lfs: false
dependency-test	Checkout Repository	2026-08-27T11:08:49.7721803Z   submodules: false
dependency-test	Checkout Repository	2026-08-27T11:08:49.7722296Z   set-safe-directory: true
dependency-test	Checkout Repository	2026-08-27T11:08:49.7722809Z   allow-unsafe-pr-checkout: false
dependency-test	Checkout Repository	2026-08-27T11:08:49.7723840Z ##[endgroup]
dependency-test	Checkout Repository	2026-08-27T11:08:49.8704975Z Syncing repository: DhruvHegde/dependency-error-repo
dependency-test	Checkout Repository	2026-08-27T11:08:49.8707607Z ##[group]Getting Git version info
dependency-test	Checkout Repository	2026-08-27T11:08:49.8708990Z Working directory is '/home/runner/work/dependency-error-repo/dependency-error-repo'
dependency-test	Checkout Repository	2026-08-27T11:08:49.8711065Z [command]/usr/bin/git version
dependency-test	Checkout Repository	2026-08-27T11:08:49.8797376Z git version 2.55.0
dependency-test	Checkout Repository	2026-08-27T11:08:49.8819218Z ##[endgroup]
dependency-test	Checkout Repository	2026-08-27T11:08:49.8834295Z Temporarily overriding HOME='/home/runner/work/_temp/5d49f26f-3dfd-46d0-86a9-032f04597680' before making global git config changes
dependency-test	Checkout Repository	2026-08-27T11:08:49.8836602Z Adding repository directory to the temporary git global config as a safe directory
dependency-test	Checkout Repository	2026-08-27T11:08:49.8840586Z [command]/usr/bin/git config --global --add safe.directory /home/runner/work/dependency-error-repo/dependency-error-repo
dependency-test	Checkout Repository	2026-08-27T11:08:49.8909314Z Deleting the contents of '/home/runner/work/dependency-error-repo/dependency-error-repo'
dependency-test	Checkout Repository	2026-08-27T11:08:49.8912889Z ##[group]Initializing the repository
dependency-test	Checkout Repository	2026-08-27T11:08:49.8918560Z [command]/usr/bin/git init /home/runner/work/dependency-error-repo/dependency-error-repo
dependency-test	Checkout Repository	2026-08-27T11:08:49.9060158Z hint: Using 'master' as the name for the initial branch. This default branch name
dependency-test	Checkout Repository	2026-08-27T11:08:49.9062199Z hint: will change to "main" in Git 3.0. To configure the initial branch name
dependency-test	Checkout Repository	2026-08-27T11:08:49.9064113Z hint: to use in all of your new repositories, which will suppress this warning,
dependency-test	Checkout Repository	2026-08-27T11:08:49.9065425Z hint: call:
dependency-test	Checkout Repository	2026-08-27T11:08:49.9066198Z hint:
dependency-test	Checkout Repository	2026-08-27T11:08:49.9067117Z hint: 	git config --global init.defaultBranch <name>
dependency-test	Checkout Repository	2026-08-27T11:08:49.9068230Z hint:
dependency-test	Checkout Repository	2026-08-27T11:08:49.9069178Z hint: Names commonly chosen instead of 'master' are 'main', 'trunk' and
dependency-test	Checkout Repository	2026-08-27T11:08:49.9070788Z hint: 'development'. The just-created branch can be renamed via this command:
dependency-test	Checkout Repository	2026-08-27T11:08:49.9072190Z hint:
dependency-test	Checkout Repository	2026-08-27T11:08:49.9072875Z hint: 	git branch -m <name>
dependency-test	Checkout Repository	2026-08-27T11:08:49.9073839Z hint:
dependency-test	Checkout Repository	2026-08-27T11:08:49.9074958Z hint: Disable this message with "git config set advice.defaultBranchName false"
dependency-test	Checkout Repository	2026-08-27T11:08:49.9077022Z Initialized empty Git repository in /home/runner/work/dependency-error-repo/dependency-error-repo/.git/
dependency-test	Checkout Repository	2026-08-27T11:08:49.9080884Z [command]/usr/bin/git remote add origin https://github.com/DhruvHegde/dependency-error-repo
dependency-test	Checkout Repository	2026-08-27T11:08:49.9130677Z ##[endgroup]
dependency-test	Checkout Repository	2026-08-27T11:08:49.9132008Z ##[group]Disabling automatic garbage collection
dependency-test	Checkout Repository	2026-08-27T11:08:49.9136046Z [command]/usr/bin/git config --local gc.auto 0
dependency-test	Checkout Repository	2026-08-27T11:08:49.9178458Z ##[endgroup]
dependency-test	Checkout Repository	2026-08-27T11:08:49.9179669Z ##[group]Setting up auth
dependency-test	Checkout Repository	2026-08-27T11:08:49.9185401Z [command]/usr/bin/git config --local --name-only --get-regexp core\.sshCommand
dependency-test	Checkout Repository	2026-08-27T11:08:49.9217930Z [command]/usr/bin/git submodule foreach --recursive sh -c "git config --local --name-only --get-regexp 'core\.sshCommand' && git config --local --unset-all 'core.sshCommand' || :"
dependency-test	Checkout Repository	2026-08-27T11:08:49.9644949Z [command]/usr/bin/git config --local --name-only --get-regexp http\.https\:\/\/github\.com\/\.extraheader
dependency-test	Checkout Repository	2026-08-27T11:08:49.9684078Z [command]/usr/bin/git submodule foreach --recursive sh -c "git config --local --name-only --get-regexp 'http\.https\:\/\/github\.com\/\.extraheader' && git config --local --unset-all 'http.https://github.com/.extraheader' || :"
dependency-test	Checkout Repository	2026-08-27T11:08:49.9906136Z [command]/usr/bin/git config --local --name-only --get-regexp ^includeIf\.gitdir:
dependency-test	Checkout Repository	2026-08-27T11:08:49.9947496Z [command]/usr/bin/git submodule foreach --recursive git config --local --show-origin --name-only --get-regexp remote.origin.url
dependency-test	Checkout Repository	2026-08-27T11:08:50.0194379Z [command]/usr/bin/git config --local http.https://github.com/.extraheader AUTHORIZATION: basic ***
dependency-test	Checkout Repository	2026-08-27T11:08:50.0234937Z ##[endgroup]
dependency-test	Checkout Repository	2026-08-27T11:08:50.0236707Z ##[group]Fetching the repository
dependency-test	Checkout Repository	2026-08-27T11:08:50.0245749Z [command]/usr/bin/git -c protocol.version=2 fetch --no-tags --prune --no-recurse-submodules --depth=1 origin +b85df6a4edf12f11de6e68f523ef2f2db3c1ec18:refs/remotes/origin/feature/syntax-errors
dependency-test	Checkout Repository	2026-08-27T11:08:50.4567519Z From https://github.com/DhruvHegde/dependency-error-repo
dependency-test	Checkout Repository	2026-08-27T11:08:50.4572149Z  * [new ref]         b85df6a4edf12f11de6e68f523ef2f2db3c1ec18 -> origin/feature/syntax-errors
dependency-test	Checkout Repository	2026-08-27T11:08:50.4575815Z ##[endgroup]
dependency-test	Checkout Repository	2026-08-27T11:08:50.4577554Z ##[group]Determining the checkout info
dependency-test	Checkout Repository	2026-08-27T11:08:50.4579333Z ##[endgroup]
dependency-test	Checkout Repository	2026-08-27T11:08:50.4584954Z [command]/usr/bin/git sparse-checkout disable
dependency-test	Checkout Repository	2026-08-27T11:08:50.4639378Z [command]/usr/bin/git config --local --unset-all extensions.worktreeConfig
dependency-test	Checkout Repository	2026-08-27T11:08:50.4671816Z ##[group]Checking out the ref
dependency-test	Checkout Repository	2026-08-27T11:08:50.4677516Z [command]/usr/bin/git checkout --progress --force -B feature/syntax-errors refs/remotes/origin/feature/syntax-errors
dependency-test	Checkout Repository	2026-08-27T11:08:50.4861043Z Switched to a new branch 'feature/syntax-errors'
dependency-test	Checkout Repository	2026-08-27T11:08:50.4868439Z branch 'feature/syntax-errors' set up to track 'origin/feature/syntax-errors'.
dependency-test	Checkout Repository	2026-08-27T11:08:50.4874071Z ##[endgroup]
dependency-test	Checkout Repository	2026-08-27T11:08:50.4916894Z [command]/usr/bin/git log -1 --format=%H
dependency-test	Checkout Repository	2026-08-27T11:08:50.4943060Z b85df6a4edf12f11de6e68f523ef2f2db3c1ec18
dependency-test	Setup Python	﻿2026-08-27T11:08:50.5220753Z Node 20 is being deprecated. This workflow is running with Node 24 by default. If you need to temporarily use Node 20, you can set the ACTIONS_ALLOW_USE_UNSECURE_NODE_VERSION=true environment variable. For more information see: https://github.blog/changelog/2025-09-19-deprecation-of-node-20-on-github-actions-runners/
dependency-test	Setup Python	2026-08-27T11:08:50.5223640Z ##[group]Run actions/setup-python@v5
dependency-test	Setup Python	2026-08-27T11:08:50.5224196Z with:
dependency-test	Setup Python	2026-08-27T11:08:50.5224608Z   python-version: 3.11
dependency-test	Setup Python	2026-08-27T11:08:50.5225077Z   check-latest: false
dependency-test	Setup Python	2026-08-27T11:08:50.5228630Z   token: ***
dependency-test	Setup Python	2026-08-27T11:08:50.5229060Z   update-environment: true
dependency-test	Setup Python	2026-08-27T11:08:50.5229556Z   allow-prereleases: false
dependency-test	Setup Python	2026-08-27T11:08:50.5230031Z   freethreaded: false
dependency-test	Setup Python	2026-08-27T11:08:50.5230467Z ##[endgroup]
dependency-test	Setup Python	2026-08-27T11:08:50.6506519Z ##[group]Installed versions
dependency-test	Setup Python	2026-08-27T11:08:50.6930600Z (node:2255) [DEP0040] DeprecationWarning: The `punycode` module is deprecated. Please use a userland alternative instead.
dependency-test	Setup Python	2026-08-27T11:08:50.6932374Z (Use `node --trace-deprecation ...` to show where the warning was created)
dependency-test	Setup Python	2026-08-27T11:08:50.6933524Z Successfully set up CPython (3.11.16)
dependency-test	Setup Python	2026-08-27T11:08:50.6934439Z ##[endgroup]
dependency-test	Install Dependencies	﻿2026-08-27T11:08:50.7118827Z ##[group]Run python -m pip install --upgrade pip
dependency-test	Install Dependencies	2026-08-27T11:08:50.7120000Z ^[[36;1mpython -m pip install --upgrade pip^[[0m
dependency-test	Install Dependencies	2026-08-27T11:08:50.7121000Z ^[[36;1mpip install -r requirements.txt^[[0m
dependency-test	Install Dependencies	2026-08-27T11:08:50.7224761Z shell: /usr/bin/bash -e {0}
dependency-test	Install Dependencies	2026-08-27T11:08:50.7225416Z env:
dependency-test	Install Dependencies	2026-08-27T11:08:50.7226088Z   pythonLocation: /opt/hostedtoolcache/Python/3.11.16/x64
dependency-test	Install Dependencies	2026-08-27T11:08:50.7227444Z   PKG_CONFIG_PATH: /opt/hostedtoolcache/Python/3.11.16/x64/lib/pkgconfig
dependency-test	Install Dependencies	2026-08-27T11:08:50.7228850Z   Python_ROOT_DIR: /opt/hostedtoolcache/Python/3.11.16/x64
dependency-test	Install Dependencies	2026-08-27T11:08:50.7229991Z   Python2_ROOT_DIR: /opt/hostedtoolcache/Python/3.11.16/x64
dependency-test	Install Dependencies	2026-08-27T11:08:50.7231253Z   Python3_ROOT_DIR: /opt/hostedtoolcache/Python/3.11.16/x64
dependency-test	Install Dependencies	2026-08-27T11:08:50.7232458Z   LD_LIBRARY_PATH: /opt/hostedtoolcache/Python/3.11.16/x64/lib
dependency-test	Install Dependencies	2026-08-27T11:08:50.7233750Z ##[endgroup]
dependency-test	Install Dependencies	2026-08-27T11:08:53.3495625Z Requirement already satisfied: pip in /opt/hostedtoolcache/Python/3.11.16/x64/lib/python3.11/site-packages (26.2.1)
dependency-test	Install Dependencies	2026-08-27T11:08:54.5028487Z Collecting pytest (from -r requirements.txt (line 1))
dependency-test	Install Dependencies	2026-08-27T11:08:54.5592136Z   Downloading pytest-9.1.1-py3-none-any.whl.metadata (7.6 kB)
dependency-test	Install Dependencies	2026-08-27T11:08:54.5767079Z Collecting iniconfig>=1.0.1 (from pytest->-r requirements.txt (line 1))
dependency-test	Install Dependencies	2026-08-27T11:08:54.5854688Z   Downloading iniconfig-2.3.0-py3-none-any.whl.metadata (2.5 kB)
dependency-test	Install Dependencies	2026-08-27T11:08:54.6046119Z Collecting packaging>=22 (from pytest->-r requirements.txt (line 1))
dependency-test	Install Dependencies	2026-08-27T11:08:54.6112753Z   Downloading packaging-26.3-py3-none-any.whl.metadata (3.5 kB)
dependency-test	Install Dependencies	2026-08-27T11:08:54.6271644Z Collecting pluggy<2,>=1.5 (from pytest->-r requirements.txt (line 1))
dependency-test	Install Dependencies	2026-08-27T11:08:54.6338420Z   Downloading pluggy-1.6.0-py3-none-any.whl.metadata (4.8 kB)
dependency-test	Install Dependencies	2026-08-27T11:08:54.6572238Z Collecting pygments>=2.7.2 (from pytest->-r requirements.txt (line 1))
dependency-test	Install Dependencies	2026-08-27T11:08:54.6637605Z   Downloading pygments-2.21.0-py3-none-any.whl.metadata (2.5 kB)
dependency-test	Install Dependencies	2026-08-27T11:08:54.6754882Z Downloading pytest-9.1.1-py3-none-any.whl (386 kB)
dependency-test	Install Dependencies	2026-08-27T11:08:54.7110187Z Downloading pluggy-1.6.0-py3-none-any.whl (20 kB)
dependency-test	Install Dependencies	2026-08-27T11:08:54.7194713Z Downloading iniconfig-2.3.0-py3-none-any.whl (7.5 kB)
dependency-test	Install Dependencies	2026-08-27T11:08:54.7288969Z Downloading packaging-26.3-py3-none-any.whl (129 kB)
dependency-test	Install Dependencies	2026-08-27T11:08:54.7427028Z Downloading pygments-2.21.0-py3-none-any.whl (1.3 MB)
dependency-test	Install Dependencies	2026-08-27T11:08:54.7940579Z    ━━━━━━━━━━━━━━━━━━━━━━━━━━━━━━━━━━━━━━━━ 1.3/1.3 MB 26.0 MB/s  0:00:00
dependency-test	Install Dependencies	2026-08-27T11:08:54.8530781Z Installing collected packages: pygments, pluggy, packaging, iniconfig, pytest
dependency-test	Install Dependencies	2026-08-27T11:08:55.8028977Z 
dependency-test	Install Dependencies	2026-08-27T11:08:55.8039321Z Successfully installed iniconfig-2.3.0 packaging-26.3 pluggy-1.6.0 pygments-2.21.0 pytest-9.1.1
dependency-test	Check App Syntax	﻿2026-08-27T11:08:55.8538324Z ##[group]Run python -c "import app"
dependency-test	Check App Syntax	2026-08-27T11:08:55.8538789Z ^[[36;1mpython -c "import app"^[[0m
dependency-test	Check App Syntax	2026-08-27T11:08:55.8577032Z shell: /usr/bin/bash -e {0}
dependency-test	Check App Syntax	2026-08-27T11:08:55.8577352Z env:
dependency-test	Check App Syntax	2026-08-27T11:08:55.8577663Z   pythonLocation: /opt/hostedtoolcache/Python/3.11.16/x64
dependency-test	Check App Syntax	2026-08-27T11:08:55.8578150Z   PKG_CONFIG_PATH: /opt/hostedtoolcache/Python/3.11.16/x64/lib/pkgconfig
dependency-test	Check App Syntax	2026-08-27T11:08:55.8578620Z   Python_ROOT_DIR: /opt/hostedtoolcache/Python/3.11.16/x64
dependency-test	Check App Syntax	2026-08-27T11:08:55.8579058Z   Python2_ROOT_DIR: /opt/hostedtoolcache/Python/3.11.16/x64
dependency-test	Check App Syntax	2026-08-27T11:08:55.8579483Z   Python3_ROOT_DIR: /opt/hostedtoolcache/Python/3.11.16/x64
dependency-test	Check App Syntax	2026-08-27T11:08:55.8579935Z   LD_LIBRARY_PATH: /opt/hostedtoolcache/Python/3.11.16/x64/lib
dependency-test	Check App Syntax	2026-08-27T11:08:55.8580308Z ##[endgroup]
dependency-test	Check App Syntax	2026-08-27T11:08:55.8736458Z Traceback (most recent call last):
dependency-test	Check App Syntax	2026-08-27T11:08:55.8744005Z   File "<string>", line 1, in <module>
dependency-test	Check App Syntax	2026-08-27T11:08:55.8744827Z   File "/home/runner/work/dependency-error-repo/dependency-error-repo/app.py", line 4
dependency-test	Check App Syntax	2026-08-27T11:08:55.8745429Z     with open('x') as f, as g:
dependency-test	Check App Syntax	2026-08-27T11:08:55.8745759Z                          ^^
dependency-test	Check App Syntax	2026-08-27T11:08:55.8746070Z SyntaxError: invalid syntax
dependency-test	Check App Syntax	2026-08-27T11:08:55.8771780Z ##[error]Process completed with exit code 1.
dependency-test	Post Checkout Repository	﻿2026-08-27T11:08:55.8921739Z Node 20 is being deprecated. This workflow is running with Node 24 by default. If you need to temporarily use Node 20, you can set the ACTIONS_ALLOW_USE_UNSECURE_NODE_VERSION=true environment variable. For more information see: https://github.blog/changelog/2025-09-19-deprecation-of-node-20-on-github-actions-runners/
dependency-test	Post Checkout Repository	2026-08-27T11:08:55.8923047Z Post job cleanup.
dependency-test	Post Checkout Repository	2026-08-27T11:08:55.9759724Z [command]/usr/bin/git version
dependency-test	Post Checkout Repository	2026-08-27T11:08:55.9803493Z git version 2.55.0
dependency-test	Post Checkout Repository	2026-08-27T11:08:55.9850186Z Temporarily overriding HOME='/home/runner/work/_temp/7167c817-f4f5-4167-894e-ba41196a3c60' before making global git config changes
dependency-test	Post Checkout Repository	2026-08-27T11:08:55.9851862Z Adding repository directory to the temporary git global config as a safe directory
dependency-test	Post Checkout Repository	2026-08-27T11:08:55.9856236Z [command]/usr/bin/git config --global --add safe.directory /home/runner/work/dependency-error-repo/dependency-error-repo
dependency-test	Post Checkout Repository	2026-08-27T11:08:55.9897506Z [command]/usr/bin/git config --local --name-only --get-regexp core\.sshCommand
dependency-test	Post Checkout Repository	2026-08-27T11:08:55.9933860Z [command]/usr/bin/git submodule foreach --recursive sh -c "git config --local --name-only --get-regexp 'core\.sshCommand' && git config --local --unset-all 'core.sshCommand' || :"
dependency-test	Post Checkout Repository	2026-08-27T11:08:56.0188472Z [command]/usr/bin/git config --local --name-only --get-regexp http\.https\:\/\/github\.com\/\.extraheader
dependency-test	Post Checkout Repository	2026-08-27T11:08:56.0224825Z http.https://github.com/.extraheader
dependency-test	Post Checkout Repository	2026-08-27T11:08:56.0237340Z [command]/usr/bin/git config --local --unset-all http.https://github.com/.extraheader
dependency-test	Post Checkout Repository	2026-08-27T11:08:56.0294580Z [command]/usr/bin/git submodule foreach --recursive sh -c "git config --local --name-only --get-regexp 'http\.https\:\/\/github\.com\/\.extraheader' && git config --local --unset-all 'http.https://github.com/.extraheader' || :"
dependency-test	Post Checkout Repository	2026-08-27T11:08:56.0549751Z [command]/usr/bin/git config --local --name-only --get-regexp ^includeIf\.gitdir:
dependency-test	Post Checkout Repository	2026-08-27T11:08:56.0591555Z [command]/usr/bin/git submodule foreach --recursive git config --local --show-origin --name-only --get-regexp remote.origin.url
dependency-test	Complete job	﻿2026-08-27T11:08:56.0984214Z Cleaning up orphan processes
dependency-test	Complete job	2026-08-27T11:08:56.1262426Z ##[warning]Node.js 20 is deprecated. The following actions target Node.js 20 but are being forced to run on Node.js 24: actions/checkout@v4, actions/setup-python@v5. For more information see: https://github.blog/changelog/2025-09-19-deprecation-of-node-20-on-github-actions-runners/