dependency-test	Set up job	﻿2026-08-27T10:59:50.8167603Z Current runner version: '2.336.0'
dependency-test	Set up job	2026-08-27T10:59:50.8191591Z ##[group]Runner Image Provisioner
dependency-test	Set up job	2026-08-27T10:59:50.8192896Z Hosted Compute Agent
dependency-test	Set up job	2026-08-27T10:59:50.8193818Z Version: 20260819.586
dependency-test	Set up job	2026-08-27T10:59:50.8194762Z Commit: 3cc4a88dfa507ef76119ad1bb3eccc6378bb2b76
dependency-test	Set up job	2026-08-27T10:59:50.8195864Z Build Date: 2026-08-18T23:20:18Z
dependency-test	Set up job	2026-08-27T10:59:50.8197155Z Worker ID: {1ef36c64-83bf-42fc-b4f7-1e9190ca7370}
dependency-test	Set up job	2026-08-27T10:59:50.8198256Z Azure Region: centralus
dependency-test	Set up job	2026-08-27T10:59:50.8199263Z ##[endgroup]
dependency-test	Set up job	2026-08-27T10:59:50.8201338Z ##[group]Operating System
dependency-test	Set up job	2026-08-27T10:59:50.8202283Z Ubuntu
dependency-test	Set up job	2026-08-27T10:59:50.8203155Z 24.04.4
dependency-test	Set up job	2026-08-27T10:59:50.8203944Z LTS
dependency-test	Set up job	2026-08-27T10:59:50.8204744Z ##[endgroup]
dependency-test	Set up job	2026-08-27T10:59:50.8205704Z ##[group]Runner Image
dependency-test	Set up job	2026-08-27T10:59:50.8206891Z Image: ubuntu-24.04
dependency-test	Set up job	2026-08-27T10:59:50.8207837Z Version: 20260823.283.1
dependency-test	Set up job	2026-08-27T10:59:50.8209439Z Included Software: https://github.com/actions/runner-images/blob/ubuntu24/20260823.283/images/ubuntu/Ubuntu2404-Readme.md
dependency-test	Set up job	2026-08-27T10:59:50.8212273Z Image Release: https://github.com/actions/runner-images/releases/tag/ubuntu24%2F20260823.283
dependency-test	Set up job	2026-08-27T10:59:50.8213788Z ##[endgroup]
dependency-test	Set up job	2026-08-27T10:59:50.8215627Z ##[group]GITHUB_TOKEN Permissions
dependency-test	Set up job	2026-08-27T10:59:50.8218548Z Contents: read
dependency-test	Set up job	2026-08-27T10:59:50.8219593Z Metadata: read
dependency-test	Set up job	2026-08-27T10:59:50.8220746Z Packages: read
dependency-test	Set up job	2026-08-27T10:59:50.8221688Z ##[endgroup]
dependency-test	Set up job	2026-08-27T10:59:50.8224238Z Secret source: Actions
dependency-test	Set up job	2026-08-27T10:59:50.8226421Z Prepare workflow directory
dependency-test	Set up job	2026-08-27T10:59:50.8574543Z Prepare all required actions
dependency-test	Set up job	2026-08-27T10:59:50.8630842Z Getting action download info
dependency-test	Set up job	2026-08-27T10:59:51.0986811Z Download action repository 'actions/checkout@v4' (SHA:11d5960a326750d5838078e36cf38b85af677262)
dependency-test	Set up job	2026-08-27T10:59:51.2279682Z Download action repository 'actions/setup-python@v5' (SHA:a26af69be951a213d495a4c3e4e4022e16d87065)
dependency-test	Set up job	2026-08-27T10:59:51.3815703Z Complete job name: dependency-test
dependency-test	Checkout Repository	﻿2026-08-27T10:59:51.4460992Z Node 20 is being deprecated. This workflow is running with Node 24 by default. If you need to temporarily use Node 20, you can set the ACTIONS_ALLOW_USE_UNSECURE_NODE_VERSION=true environment variable. For more information see: https://github.blog/changelog/2025-09-19-deprecation-of-node-20-on-github-actions-runners/
dependency-test	Checkout Repository	2026-08-27T10:59:51.4469804Z ##[group]Run actions/checkout@v4
dependency-test	Checkout Repository	2026-08-27T10:59:51.4470647Z with:
dependency-test	Checkout Repository	2026-08-27T10:59:51.4471233Z   repository: DhruvHegde/dependency-error-repo
dependency-test	Checkout Repository	2026-08-27T10:59:51.4475090Z   token: ***
dependency-test	Checkout Repository	2026-08-27T10:59:51.4475587Z   ssh-strict: true
dependency-test	Checkout Repository	2026-08-27T10:59:51.4476263Z   ssh-user: git
dependency-test	Checkout Repository	2026-08-27T10:59:51.4476797Z   persist-credentials: true
dependency-test	Checkout Repository	2026-08-27T10:59:51.4477432Z   clean: true
dependency-test	Checkout Repository	2026-08-27T10:59:51.4477937Z   sparse-checkout-cone-mode: true
dependency-test	Checkout Repository	2026-08-27T10:59:51.4478523Z   fetch-depth: 1
dependency-test	Checkout Repository	2026-08-27T10:59:51.4479000Z   fetch-tags: false
dependency-test	Checkout Repository	2026-08-27T10:59:51.4479475Z   show-progress: true
dependency-test	Checkout Repository	2026-08-27T10:59:51.4480011Z   lfs: false
dependency-test	Checkout Repository	2026-08-27T10:59:51.4480476Z   submodules: false
dependency-test	Checkout Repository	2026-08-27T10:59:51.4481069Z   set-safe-directory: true
dependency-test	Checkout Repository	2026-08-27T10:59:51.4481599Z   allow-unsafe-pr-checkout: false
dependency-test	Checkout Repository	2026-08-27T10:59:51.4482463Z ##[endgroup]
dependency-test	Checkout Repository	2026-08-27T10:59:51.5569970Z Syncing repository: DhruvHegde/dependency-error-repo
dependency-test	Checkout Repository	2026-08-27T10:59:51.5572869Z ##[group]Getting Git version info
dependency-test	Checkout Repository	2026-08-27T10:59:51.5574225Z Working directory is '/home/runner/work/dependency-error-repo/dependency-error-repo'
dependency-test	Checkout Repository	2026-08-27T10:59:51.5576286Z [command]/usr/bin/git version
dependency-test	Checkout Repository	2026-08-27T10:59:51.5577195Z git version 2.55.0
dependency-test	Checkout Repository	2026-08-27T10:59:51.5579773Z ##[endgroup]
dependency-test	Checkout Repository	2026-08-27T10:59:51.5584764Z Temporarily overriding HOME='/home/runner/work/_temp/daebd827-2b44-4941-b2d4-bd4485b5ba02' before making global git config changes
dependency-test	Checkout Repository	2026-08-27T10:59:51.5586016Z Adding repository directory to the temporary git global config as a safe directory
dependency-test	Checkout Repository	2026-08-27T10:59:51.5587430Z [command]/usr/bin/git config --global --add safe.directory /home/runner/work/dependency-error-repo/dependency-error-repo
dependency-test	Checkout Repository	2026-08-27T10:59:51.5627476Z Deleting the contents of '/home/runner/work/dependency-error-repo/dependency-error-repo'
dependency-test	Checkout Repository	2026-08-27T10:59:51.5630998Z ##[group]Initializing the repository
dependency-test	Checkout Repository	2026-08-27T10:59:51.5637539Z [command]/usr/bin/git init /home/runner/work/dependency-error-repo/dependency-error-repo
dependency-test	Checkout Repository	2026-08-27T10:59:51.5723481Z hint: Using 'master' as the name for the initial branch. This default branch name
dependency-test	Checkout Repository	2026-08-27T10:59:51.5724723Z hint: will change to "main" in Git 3.0. To configure the initial branch name
dependency-test	Checkout Repository	2026-08-27T10:59:51.5725762Z hint: to use in all of your new repositories, which will suppress this warning,
dependency-test	Checkout Repository	2026-08-27T10:59:51.5726908Z hint: call:
dependency-test	Checkout Repository	2026-08-27T10:59:51.5727373Z hint:
dependency-test	Checkout Repository	2026-08-27T10:59:51.5727861Z hint: 	git config --global init.defaultBranch <name>
dependency-test	Checkout Repository	2026-08-27T10:59:51.5728411Z hint:
dependency-test	Checkout Repository	2026-08-27T10:59:51.5729108Z hint: Names commonly chosen instead of 'master' are 'main', 'trunk' and
dependency-test	Checkout Repository	2026-08-27T10:59:51.5730185Z hint: 'development'. The just-created branch can be renamed via this command:
dependency-test	Checkout Repository	2026-08-27T10:59:51.5730897Z hint:
dependency-test	Checkout Repository	2026-08-27T10:59:51.5731273Z hint: 	git branch -m <name>
dependency-test	Checkout Repository	2026-08-27T10:59:51.5731733Z hint:
dependency-test	Checkout Repository	2026-08-27T10:59:51.5732321Z hint: Disable this message with "git config set advice.defaultBranchName false"
dependency-test	Checkout Repository	2026-08-27T10:59:51.5738026Z Initialized empty Git repository in /home/runner/work/dependency-error-repo/dependency-error-repo/.git/
dependency-test	Checkout Repository	2026-08-27T10:59:51.5747145Z [command]/usr/bin/git remote add origin https://github.com/DhruvHegde/dependency-error-repo
dependency-test	Checkout Repository	2026-08-27T10:59:51.5784314Z ##[endgroup]
dependency-test	Checkout Repository	2026-08-27T10:59:51.5789364Z ##[group]Disabling automatic garbage collection
dependency-test	Checkout Repository	2026-08-27T10:59:51.5790492Z [command]/usr/bin/git config --local gc.auto 0
dependency-test	Checkout Repository	2026-08-27T10:59:51.5813796Z ##[endgroup]
dependency-test	Checkout Repository	2026-08-27T10:59:51.5815015Z ##[group]Setting up auth
dependency-test	Checkout Repository	2026-08-27T10:59:51.5821391Z [command]/usr/bin/git config --local --name-only --get-regexp core\.sshCommand
dependency-test	Checkout Repository	2026-08-27T10:59:51.5854365Z [command]/usr/bin/git submodule foreach --recursive sh -c "git config --local --name-only --get-regexp 'core\.sshCommand' && git config --local --unset-all 'core.sshCommand' || :"
dependency-test	Checkout Repository	2026-08-27T10:59:51.6155858Z [command]/usr/bin/git config --local --name-only --get-regexp http\.https\:\/\/github\.com\/\.extraheader
dependency-test	Checkout Repository	2026-08-27T10:59:51.6186966Z [command]/usr/bin/git submodule foreach --recursive sh -c "git config --local --name-only --get-regexp 'http\.https\:\/\/github\.com\/\.extraheader' && git config --local --unset-all 'http.https://github.com/.extraheader' || :"
dependency-test	Checkout Repository	2026-08-27T10:59:51.6379542Z [command]/usr/bin/git config --local --name-only --get-regexp ^includeIf\.gitdir:
dependency-test	Checkout Repository	2026-08-27T10:59:51.6406697Z [command]/usr/bin/git submodule foreach --recursive git config --local --show-origin --name-only --get-regexp remote.origin.url
dependency-test	Checkout Repository	2026-08-27T10:59:51.6573072Z [command]/usr/bin/git config --local http.https://github.com/.extraheader AUTHORIZATION: basic ***
dependency-test	Checkout Repository	2026-08-27T10:59:51.6601724Z ##[endgroup]
dependency-test	Checkout Repository	2026-08-27T10:59:51.6610597Z ##[group]Fetching the repository
dependency-test	Checkout Repository	2026-08-27T10:59:51.6612098Z [command]/usr/bin/git -c protocol.version=2 fetch --no-tags --prune --no-recurse-submodules --depth=1 origin +6d04ac51e88d54ac13dd3dc2e6064e1372efc891:refs/remotes/origin/feature/syntax-errors
dependency-test	Checkout Repository	2026-08-27T10:59:52.0896909Z From https://github.com/DhruvHegde/dependency-error-repo
dependency-test	Checkout Repository	2026-08-27T10:59:52.0898095Z  * [new ref]         6d04ac51e88d54ac13dd3dc2e6064e1372efc891 -> origin/feature/syntax-errors
dependency-test	Checkout Repository	2026-08-27T10:59:52.0907531Z ##[endgroup]
dependency-test	Checkout Repository	2026-08-27T10:59:52.0908505Z ##[group]Determining the checkout info
dependency-test	Checkout Repository	2026-08-27T10:59:52.0909871Z ##[endgroup]
dependency-test	Checkout Repository	2026-08-27T10:59:52.0910473Z [command]/usr/bin/git sparse-checkout disable
dependency-test	Checkout Repository	2026-08-27T10:59:52.0950787Z [command]/usr/bin/git config --local --unset-all extensions.worktreeConfig
dependency-test	Checkout Repository	2026-08-27T10:59:52.0975920Z ##[group]Checking out the ref
dependency-test	Checkout Repository	2026-08-27T10:59:52.0980772Z [command]/usr/bin/git checkout --progress --force -B feature/syntax-errors refs/remotes/origin/feature/syntax-errors
dependency-test	Checkout Repository	2026-08-27T10:59:52.1110057Z Switched to a new branch 'feature/syntax-errors'
dependency-test	Checkout Repository	2026-08-27T10:59:52.1114712Z branch 'feature/syntax-errors' set up to track 'origin/feature/syntax-errors'.
dependency-test	Checkout Repository	2026-08-27T10:59:52.1123634Z ##[endgroup]
dependency-test	Checkout Repository	2026-08-27T10:59:52.1153431Z [command]/usr/bin/git log -1 --format=%H
dependency-test	Checkout Repository	2026-08-27T10:59:52.1172904Z 6d04ac51e88d54ac13dd3dc2e6064e1372efc891
dependency-test	Setup Python	﻿2026-08-27T10:59:52.1430079Z Node 20 is being deprecated. This workflow is running with Node 24 by default. If you need to temporarily use Node 20, you can set the ACTIONS_ALLOW_USE_UNSECURE_NODE_VERSION=true environment variable. For more information see: https://github.blog/changelog/2025-09-19-deprecation-of-node-20-on-github-actions-runners/
dependency-test	Setup Python	2026-08-27T10:59:52.1432756Z ##[group]Run actions/setup-python@v5
dependency-test	Setup Python	2026-08-27T10:59:52.1433329Z with:
dependency-test	Setup Python	2026-08-27T10:59:52.1433778Z   python-version: 3.11
dependency-test	Setup Python	2026-08-27T10:59:52.1434271Z   check-latest: false
dependency-test	Setup Python	2026-08-27T10:59:52.1438477Z   token: ***
dependency-test	Setup Python	2026-08-27T10:59:52.1438951Z   update-environment: true
dependency-test	Setup Python	2026-08-27T10:59:52.1439494Z   allow-prereleases: false
dependency-test	Setup Python	2026-08-27T10:59:52.1440017Z   freethreaded: false
dependency-test	Setup Python	2026-08-27T10:59:52.1440503Z ##[endgroup]
dependency-test	Setup Python	2026-08-27T10:59:52.2706975Z ##[group]Installed versions
dependency-test	Setup Python	2026-08-27T10:59:52.2785137Z (node:2223) [DEP0040] DeprecationWarning: The `punycode` module is deprecated. Please use a userland alternative instead.
dependency-test	Setup Python	2026-08-27T10:59:52.2787894Z (Use `node --trace-deprecation ...` to show where the warning was created)
dependency-test	Setup Python	2026-08-27T10:59:52.2789633Z Successfully set up CPython (3.11.16)
dependency-test	Setup Python	2026-08-27T10:59:52.2791334Z ##[endgroup]
dependency-test	Install Dependencies	﻿2026-08-27T10:59:52.2910836Z ##[group]Run python -m pip install --upgrade pip
dependency-test	Install Dependencies	2026-08-27T10:59:52.2911740Z ^[[36;1mpython -m pip install --upgrade pip^[[0m
dependency-test	Install Dependencies	2026-08-27T10:59:52.2912422Z ^[[36;1mpip install -r requirements.txt^[[0m
dependency-test	Install Dependencies	2026-08-27T10:59:52.2950466Z shell: /usr/bin/bash -e {0}
dependency-test	Install Dependencies	2026-08-27T10:59:52.2951083Z env:
dependency-test	Install Dependencies	2026-08-27T10:59:52.2951646Z   pythonLocation: /opt/hostedtoolcache/Python/3.11.16/x64
dependency-test	Install Dependencies	2026-08-27T10:59:52.2952527Z   PKG_CONFIG_PATH: /opt/hostedtoolcache/Python/3.11.16/x64/lib/pkgconfig
dependency-test	Install Dependencies	2026-08-27T10:59:52.2953397Z   Python_ROOT_DIR: /opt/hostedtoolcache/Python/3.11.16/x64
dependency-test	Install Dependencies	2026-08-27T10:59:52.2954188Z   Python2_ROOT_DIR: /opt/hostedtoolcache/Python/3.11.16/x64
dependency-test	Install Dependencies	2026-08-27T10:59:52.2955013Z   Python3_ROOT_DIR: /opt/hostedtoolcache/Python/3.11.16/x64
dependency-test	Install Dependencies	2026-08-27T10:59:52.2955829Z   LD_LIBRARY_PATH: /opt/hostedtoolcache/Python/3.11.16/x64/lib
dependency-test	Install Dependencies	2026-08-27T10:59:52.2956856Z ##[endgroup]
dependency-test	Install Dependencies	2026-08-27T10:59:53.2197276Z Requirement already satisfied: pip in /opt/hostedtoolcache/Python/3.11.16/x64/lib/python3.11/site-packages (26.2.1)
dependency-test	Install Dependencies	2026-08-27T10:59:54.2911971Z Collecting pytest (from -r requirements.txt (line 1))
dependency-test	Install Dependencies	2026-08-27T10:59:54.3685822Z   Downloading pytest-9.1.1-py3-none-any.whl.metadata (7.6 kB)
dependency-test	Install Dependencies	2026-08-27T10:59:54.3916362Z Collecting iniconfig>=1.0.1 (from pytest->-r requirements.txt (line 1))
dependency-test	Install Dependencies	2026-08-27T10:59:54.4048109Z   Downloading iniconfig-2.3.0-py3-none-any.whl.metadata (2.5 kB)
dependency-test	Install Dependencies	2026-08-27T10:59:54.4294765Z Collecting packaging>=22 (from pytest->-r requirements.txt (line 1))
dependency-test	Install Dependencies	2026-08-27T10:59:54.4425408Z   Downloading packaging-26.3-py3-none-any.whl.metadata (3.5 kB)
dependency-test	Install Dependencies	2026-08-27T10:59:54.4655047Z Collecting pluggy<2,>=1.5 (from pytest->-r requirements.txt (line 1))
dependency-test	Install Dependencies	2026-08-27T10:59:54.4788507Z   Downloading pluggy-1.6.0-py3-none-any.whl.metadata (4.8 kB)
dependency-test	Install Dependencies	2026-08-27T10:59:54.5065892Z Collecting pygments>=2.7.2 (from pytest->-r requirements.txt (line 1))
dependency-test	Install Dependencies	2026-08-27T10:59:54.5197693Z   Downloading pygments-2.21.0-py3-none-any.whl.metadata (2.5 kB)
dependency-test	Install Dependencies	2026-08-27T10:59:54.5368788Z Downloading pytest-9.1.1-py3-none-any.whl (386 kB)
dependency-test	Install Dependencies	2026-08-27T10:59:54.5974662Z Downloading pluggy-1.6.0-py3-none-any.whl (20 kB)
dependency-test	Install Dependencies	2026-08-27T10:59:54.6127911Z Downloading iniconfig-2.3.0-py3-none-any.whl (7.5 kB)
dependency-test	Install Dependencies	2026-08-27T10:59:54.6278745Z Downloading packaging-26.3-py3-none-any.whl (129 kB)
dependency-test	Install Dependencies	2026-08-27T10:59:54.6451624Z Downloading pygments-2.21.0-py3-none-any.whl (1.3 MB)
dependency-test	Install Dependencies	2026-08-27T10:59:54.6866845Z    ━━━━━━━━━━━━━━━━━━━━━━━━━━━━━━━━━━━━━━━━ 1.3/1.3 MB 36.3 MB/s  0:00:00
dependency-test	Install Dependencies	2026-08-27T10:59:54.7287136Z Installing collected packages: pygments, pluggy, packaging, iniconfig, pytest
dependency-test	Install Dependencies	2026-08-27T10:59:55.5250463Z 
dependency-test	Install Dependencies	2026-08-27T10:59:55.5260097Z Successfully installed iniconfig-2.3.0 packaging-26.3 pluggy-1.6.0 pygments-2.21.0 pytest-9.1.1
dependency-test	Check App Syntax	﻿2026-08-27T10:59:55.5750469Z ##[group]Run python -c "import app"
dependency-test	Check App Syntax	2026-08-27T10:59:55.5750900Z ^[[36;1mpython -c "import app"^[[0m
dependency-test	Check App Syntax	2026-08-27T10:59:55.5777912Z shell: /usr/bin/bash -e {0}
dependency-test	Check App Syntax	2026-08-27T10:59:55.5778198Z env:
dependency-test	Check App Syntax	2026-08-27T10:59:55.5778474Z   pythonLocation: /opt/hostedtoolcache/Python/3.11.16/x64
dependency-test	Check App Syntax	2026-08-27T10:59:55.5778898Z   PKG_CONFIG_PATH: /opt/hostedtoolcache/Python/3.11.16/x64/lib/pkgconfig
dependency-test	Check App Syntax	2026-08-27T10:59:55.5779323Z   Python_ROOT_DIR: /opt/hostedtoolcache/Python/3.11.16/x64
dependency-test	Check App Syntax	2026-08-27T10:59:55.5779695Z   Python2_ROOT_DIR: /opt/hostedtoolcache/Python/3.11.16/x64
dependency-test	Check App Syntax	2026-08-27T10:59:55.5780079Z   Python3_ROOT_DIR: /opt/hostedtoolcache/Python/3.11.16/x64
dependency-test	Check App Syntax	2026-08-27T10:59:55.5780455Z   LD_LIBRARY_PATH: /opt/hostedtoolcache/Python/3.11.16/x64/lib
dependency-test	Check App Syntax	2026-08-27T10:59:55.5780801Z ##[endgroup]
dependency-test	Check App Syntax	2026-08-27T10:59:55.5914369Z Traceback (most recent call last):
dependency-test	Check App Syntax	2026-08-27T10:59:55.5922141Z   File "<string>", line 1, in <module>
dependency-test	Check App Syntax	2026-08-27T10:59:55.5923404Z   File "/home/runner/work/dependency-error-repo/dependency-error-repo/app.py", line 4
dependency-test	Check App Syntax	2026-08-27T10:59:55.5924343Z     f = lambda x x * 2
dependency-test	Check App Syntax	2026-08-27T10:59:55.5924741Z                  ^
dependency-test	Check App Syntax	2026-08-27T10:59:55.5925125Z SyntaxError: invalid syntax
dependency-test	Check App Syntax	2026-08-27T10:59:55.5950460Z ##[error]Process completed with exit code 1.
dependency-test	Post Checkout Repository	﻿2026-08-27T10:59:55.6093644Z Node 20 is being deprecated. This workflow is running with Node 24 by default. If you need to temporarily use Node 20, you can set the ACTIONS_ALLOW_USE_UNSECURE_NODE_VERSION=true environment variable. For more information see: https://github.blog/changelog/2025-09-19-deprecation-of-node-20-on-github-actions-runners/
dependency-test	Post Checkout Repository	2026-08-27T10:59:55.6094799Z Post job cleanup.
dependency-test	Post Checkout Repository	2026-08-27T10:59:55.6887059Z [command]/usr/bin/git version
dependency-test	Post Checkout Repository	2026-08-27T10:59:55.6923220Z git version 2.55.0
dependency-test	Post Checkout Repository	2026-08-27T10:59:55.6957554Z Temporarily overriding HOME='/home/runner/work/_temp/542b17b9-09e4-44f8-a58d-c9d1c24f3cab' before making global git config changes
dependency-test	Post Checkout Repository	2026-08-27T10:59:55.6959161Z Adding repository directory to the temporary git global config as a safe directory
dependency-test	Post Checkout Repository	2026-08-27T10:59:55.6963079Z [command]/usr/bin/git config --global --add safe.directory /home/runner/work/dependency-error-repo/dependency-error-repo
dependency-test	Post Checkout Repository	2026-08-27T10:59:55.6994843Z [command]/usr/bin/git config --local --name-only --get-regexp core\.sshCommand
dependency-test	Post Checkout Repository	2026-08-27T10:59:55.7023923Z [command]/usr/bin/git submodule foreach --recursive sh -c "git config --local --name-only --get-regexp 'core\.sshCommand' && git config --local --unset-all 'core.sshCommand' || :"
dependency-test	Post Checkout Repository	2026-08-27T10:59:55.7215265Z [command]/usr/bin/git config --local --name-only --get-regexp http\.https\:\/\/github\.com\/\.extraheader
dependency-test	Post Checkout Repository	2026-08-27T10:59:55.7237607Z http.https://github.com/.extraheader
dependency-test	Post Checkout Repository	2026-08-27T10:59:55.7247560Z [command]/usr/bin/git config --local --unset-all http.https://github.com/.extraheader
dependency-test	Post Checkout Repository	2026-08-27T10:59:55.7273709Z [command]/usr/bin/git submodule foreach --recursive sh -c "git config --local --name-only --get-regexp 'http\.https\:\/\/github\.com\/\.extraheader' && git config --local --unset-all 'http.https://github.com/.extraheader' || :"
dependency-test	Post Checkout Repository	2026-08-27T10:59:55.7480838Z [command]/usr/bin/git config --local --name-only --get-regexp ^includeIf\.gitdir:
dependency-test	Post Checkout Repository	2026-08-27T10:59:55.7505248Z [command]/usr/bin/git submodule foreach --recursive git config --local --show-origin --name-only --get-regexp remote.origin.url
dependency-test	Complete job	﻿2026-08-27T10:59:55.7865124Z Cleaning up orphan processes
dependency-test	Complete job	2026-08-27T10:59:55.8075582Z ##[warning]Node.js 20 is deprecated. The following actions target Node.js 20 but are being forced to run on Node.js 24: actions/checkout@v4, actions/setup-python@v5. For more information see: https://github.blog/changelog/2025-09-19-deprecation-of-node-20-on-github-actions-runners/