dependency-test	Set up job	﻿2026-08-27T13:17:16.0109642Z Current runner version: '2.336.0'
dependency-test	Set up job	2026-08-27T13:17:16.0146018Z ##[group]Runner Image Provisioner
dependency-test	Set up job	2026-08-27T13:17:16.0147389Z Hosted Compute Agent
dependency-test	Set up job	2026-08-27T13:17:16.0148269Z Version: 20260819.586
dependency-test	Set up job	2026-08-27T13:17:16.0149305Z Commit: 3cc4a88dfa507ef76119ad1bb3eccc6378bb2b76
dependency-test	Set up job	2026-08-27T13:17:16.0150490Z Build Date: 2026-08-18T23:20:18Z
dependency-test	Set up job	2026-08-27T13:17:16.0151836Z Worker ID: {662a329d-3b53-4d98-8c39-17f7c2a0ca4b}
dependency-test	Set up job	2026-08-27T13:17:16.0152992Z Azure Region: eastus
dependency-test	Set up job	2026-08-27T13:17:16.0153829Z ##[endgroup]
dependency-test	Set up job	2026-08-27T13:17:16.0156535Z ##[group]Operating System
dependency-test	Set up job	2026-08-27T13:17:16.0157503Z Ubuntu
dependency-test	Set up job	2026-08-27T13:17:16.0158348Z 24.04.4
dependency-test	Set up job	2026-08-27T13:17:16.0159195Z LTS
dependency-test	Set up job	2026-08-27T13:17:16.0159966Z ##[endgroup]
dependency-test	Set up job	2026-08-27T13:17:16.0160863Z ##[group]Runner Image
dependency-test	Set up job	2026-08-27T13:17:16.0162057Z Image: ubuntu-24.04
dependency-test	Set up job	2026-08-27T13:17:16.0162988Z Version: 20260823.283.1
dependency-test	Set up job	2026-08-27T13:17:16.0164712Z Included Software: https://github.com/actions/runner-images/blob/ubuntu24/20260823.283/images/ubuntu/Ubuntu2404-Readme.md
dependency-test	Set up job	2026-08-27T13:17:16.0167612Z Image Release: https://github.com/actions/runner-images/releases/tag/ubuntu24%2F20260823.283
dependency-test	Set up job	2026-08-27T13:17:16.0169167Z ##[endgroup]
dependency-test	Set up job	2026-08-27T13:17:16.0171838Z ##[group]GITHUB_TOKEN Permissions
dependency-test	Set up job	2026-08-27T13:17:16.0174785Z Contents: read
dependency-test	Set up job	2026-08-27T13:17:16.0175805Z Metadata: read
dependency-test	Set up job	2026-08-27T13:17:16.0176706Z Packages: read
dependency-test	Set up job	2026-08-27T13:17:16.0177601Z ##[endgroup]
dependency-test	Set up job	2026-08-27T13:17:16.0180699Z Secret source: Actions
dependency-test	Set up job	2026-08-27T13:17:16.0183065Z Prepare workflow directory
dependency-test	Set up job	2026-08-27T13:17:16.0638360Z Prepare all required actions
dependency-test	Set up job	2026-08-27T13:17:16.0707003Z Getting action download info
dependency-test	Set up job	2026-08-27T13:17:16.3269337Z Download action repository 'actions/checkout@v4' (SHA:11d5960a326750d5838078e36cf38b85af677262)
dependency-test	Set up job	2026-08-27T13:17:17.0595767Z Download action repository 'actions/setup-python@v5' (SHA:a26af69be951a213d495a4c3e4e4022e16d87065)
dependency-test	Set up job	2026-08-27T13:17:17.6152476Z Complete job name: dependency-test
dependency-test	Checkout Repository	﻿2026-08-27T13:17:17.7068664Z Node 20 is being deprecated. This workflow is running with Node 24 by default. If you need to temporarily use Node 20, you can set the ACTIONS_ALLOW_USE_UNSECURE_NODE_VERSION=true environment variable. For more information see: https://github.blog/changelog/2025-09-19-deprecation-of-node-20-on-github-actions-runners/
dependency-test	Checkout Repository	2026-08-27T13:17:17.7080463Z ##[group]Run actions/checkout@v4
dependency-test	Checkout Repository	2026-08-27T13:17:17.7081960Z with:
dependency-test	Checkout Repository	2026-08-27T13:17:17.7082955Z   repository: DhruvHegde/dependency-error-repo
dependency-test	Checkout Repository	2026-08-27T13:17:17.7092577Z   token: ***
dependency-test	Checkout Repository	2026-08-27T13:17:17.7093477Z   ssh-strict: true
dependency-test	Checkout Repository	2026-08-27T13:17:17.7094382Z   ssh-user: git
dependency-test	Checkout Repository	2026-08-27T13:17:17.7095309Z   persist-credentials: true
dependency-test	Checkout Repository	2026-08-27T13:17:17.7096322Z   clean: true
dependency-test	Checkout Repository	2026-08-27T13:17:17.7097254Z   sparse-checkout-cone-mode: true
dependency-test	Checkout Repository	2026-08-27T13:17:17.7098349Z   fetch-depth: 1
dependency-test	Checkout Repository	2026-08-27T13:17:17.7099263Z   fetch-tags: false
dependency-test	Checkout Repository	2026-08-27T13:17:17.7100207Z   show-progress: true
dependency-test	Checkout Repository	2026-08-27T13:17:17.7101168Z   lfs: false
dependency-test	Checkout Repository	2026-08-27T13:17:17.7102160Z   submodules: false
dependency-test	Checkout Repository	2026-08-27T13:17:17.7103176Z   set-safe-directory: true
dependency-test	Checkout Repository	2026-08-27T13:17:17.7104259Z   allow-unsafe-pr-checkout: false
dependency-test	Checkout Repository	2026-08-27T13:17:17.7105652Z ##[endgroup]
dependency-test	Checkout Repository	2026-08-27T13:17:17.8192605Z Syncing repository: DhruvHegde/dependency-error-repo
dependency-test	Checkout Repository	2026-08-27T13:17:17.8197151Z ##[group]Getting Git version info
dependency-test	Checkout Repository	2026-08-27T13:17:17.8199744Z Working directory is '/home/runner/work/dependency-error-repo/dependency-error-repo'
dependency-test	Checkout Repository	2026-08-27T13:17:17.8203704Z [command]/usr/bin/git version
dependency-test	Checkout Repository	2026-08-27T13:17:17.8210725Z git version 2.55.0
dependency-test	Checkout Repository	2026-08-27T13:17:17.8233786Z ##[endgroup]
dependency-test	Checkout Repository	2026-08-27T13:17:17.8248943Z Temporarily overriding HOME='/home/runner/work/_temp/2ce97846-1aa0-4b19-a58d-5092145045db' before making global git config changes
dependency-test	Checkout Repository	2026-08-27T13:17:17.8253567Z Adding repository directory to the temporary git global config as a safe directory
dependency-test	Checkout Repository	2026-08-27T13:17:17.8257450Z [command]/usr/bin/git config --global --add safe.directory /home/runner/work/dependency-error-repo/dependency-error-repo
dependency-test	Checkout Repository	2026-08-27T13:17:17.8302239Z Deleting the contents of '/home/runner/work/dependency-error-repo/dependency-error-repo'
dependency-test	Checkout Repository	2026-08-27T13:17:17.8307265Z ##[group]Initializing the repository
dependency-test	Checkout Repository	2026-08-27T13:17:17.8313599Z [command]/usr/bin/git init /home/runner/work/dependency-error-repo/dependency-error-repo
dependency-test	Checkout Repository	2026-08-27T13:17:17.8407090Z hint: Using 'master' as the name for the initial branch. This default branch name
dependency-test	Checkout Repository	2026-08-27T13:17:17.8410875Z hint: will change to "main" in Git 3.0. To configure the initial branch name
dependency-test	Checkout Repository	2026-08-27T13:17:17.8414344Z hint: to use in all of your new repositories, which will suppress this warning,
dependency-test	Checkout Repository	2026-08-27T13:17:17.8417037Z hint: call:
dependency-test	Checkout Repository	2026-08-27T13:17:17.8418426Z hint:
dependency-test	Checkout Repository	2026-08-27T13:17:17.8422128Z hint: 	git config --global init.defaultBranch <name>
dependency-test	Checkout Repository	2026-08-27T13:17:17.8424310Z hint:
dependency-test	Checkout Repository	2026-08-27T13:17:17.8426153Z hint: Names commonly chosen instead of 'master' are 'main', 'trunk' and
dependency-test	Checkout Repository	2026-08-27T13:17:17.8429125Z hint: 'development'. The just-created branch can be renamed via this command:
dependency-test	Checkout Repository	2026-08-27T13:17:17.8431816Z hint:
dependency-test	Checkout Repository	2026-08-27T13:17:17.8433339Z hint: 	git branch -m <name>
dependency-test	Checkout Repository	2026-08-27T13:17:17.8434878Z hint:
dependency-test	Checkout Repository	2026-08-27T13:17:17.8436927Z hint: Disable this message with "git config set advice.defaultBranchName false"
dependency-test	Checkout Repository	2026-08-27T13:17:17.8440436Z Initialized empty Git repository in /home/runner/work/dependency-error-repo/dependency-error-repo/.git/
dependency-test	Checkout Repository	2026-08-27T13:17:17.8445691Z [command]/usr/bin/git remote add origin https://github.com/DhruvHegde/dependency-error-repo
dependency-test	Checkout Repository	2026-08-27T13:17:17.8474559Z ##[endgroup]
dependency-test	Checkout Repository	2026-08-27T13:17:17.8476142Z ##[group]Disabling automatic garbage collection
dependency-test	Checkout Repository	2026-08-27T13:17:17.8479289Z [command]/usr/bin/git config --local gc.auto 0
dependency-test	Checkout Repository	2026-08-27T13:17:17.8514584Z ##[endgroup]
dependency-test	Checkout Repository	2026-08-27T13:17:17.8516101Z ##[group]Setting up auth
dependency-test	Checkout Repository	2026-08-27T13:17:17.8522723Z [command]/usr/bin/git config --local --name-only --get-regexp core\.sshCommand
dependency-test	Checkout Repository	2026-08-27T13:17:17.8566916Z [command]/usr/bin/git submodule foreach --recursive sh -c "git config --local --name-only --get-regexp 'core\.sshCommand' && git config --local --unset-all 'core.sshCommand' || :"
dependency-test	Checkout Repository	2026-08-27T13:17:17.8917724Z [command]/usr/bin/git config --local --name-only --get-regexp http\.https\:\/\/github\.com\/\.extraheader
dependency-test	Checkout Repository	2026-08-27T13:17:17.8976503Z [command]/usr/bin/git submodule foreach --recursive sh -c "git config --local --name-only --get-regexp 'http\.https\:\/\/github\.com\/\.extraheader' && git config --local --unset-all 'http.https://github.com/.extraheader' || :"
dependency-test	Checkout Repository	2026-08-27T13:17:17.9235617Z [command]/usr/bin/git config --local --name-only --get-regexp ^includeIf\.gitdir:
dependency-test	Checkout Repository	2026-08-27T13:17:17.9278298Z [command]/usr/bin/git submodule foreach --recursive git config --local --show-origin --name-only --get-regexp remote.origin.url
dependency-test	Checkout Repository	2026-08-27T13:17:17.9528770Z [command]/usr/bin/git config --local http.https://github.com/.extraheader AUTHORIZATION: basic ***
dependency-test	Checkout Repository	2026-08-27T13:17:17.9572812Z ##[endgroup]
dependency-test	Checkout Repository	2026-08-27T13:17:17.9575139Z ##[group]Fetching the repository
dependency-test	Checkout Repository	2026-08-27T13:17:17.9586208Z [command]/usr/bin/git -c protocol.version=2 fetch --no-tags --prune --no-recurse-submodules --depth=1 origin +a17e328743c0760c1672838c05f80b20f731e8f9:refs/remotes/origin/feature/syntax-errors
dependency-test	Checkout Repository	2026-08-27T13:17:18.2085236Z From https://github.com/DhruvHegde/dependency-error-repo
dependency-test	Checkout Repository	2026-08-27T13:17:18.2087595Z  * [new ref]         a17e328743c0760c1672838c05f80b20f731e8f9 -> origin/feature/syntax-errors
dependency-test	Checkout Repository	2026-08-27T13:17:18.2092800Z ##[endgroup]
dependency-test	Checkout Repository	2026-08-27T13:17:18.2094413Z ##[group]Determining the checkout info
dependency-test	Checkout Repository	2026-08-27T13:17:18.2096339Z ##[endgroup]
dependency-test	Checkout Repository	2026-08-27T13:17:18.2097774Z [command]/usr/bin/git sparse-checkout disable
dependency-test	Checkout Repository	2026-08-27T13:17:18.2153039Z [command]/usr/bin/git config --local --unset-all extensions.worktreeConfig
dependency-test	Checkout Repository	2026-08-27T13:17:18.2190880Z ##[group]Checking out the ref
dependency-test	Checkout Repository	2026-08-27T13:17:18.2195699Z [command]/usr/bin/git checkout --progress --force -B feature/syntax-errors refs/remotes/origin/feature/syntax-errors
dependency-test	Checkout Repository	2026-08-27T13:17:18.2386063Z Switched to a new branch 'feature/syntax-errors'
dependency-test	Checkout Repository	2026-08-27T13:17:18.2389462Z branch 'feature/syntax-errors' set up to track 'origin/feature/syntax-errors'.
dependency-test	Checkout Repository	2026-08-27T13:17:18.2397120Z ##[endgroup]
dependency-test	Checkout Repository	2026-08-27T13:17:18.2444873Z [command]/usr/bin/git log -1 --format=%H
dependency-test	Checkout Repository	2026-08-27T13:17:18.2473864Z a17e328743c0760c1672838c05f80b20f731e8f9
dependency-test	Setup Python	﻿2026-08-27T13:17:18.2828564Z Node 20 is being deprecated. This workflow is running with Node 24 by default. If you need to temporarily use Node 20, you can set the ACTIONS_ALLOW_USE_UNSECURE_NODE_VERSION=true environment variable. For more information see: https://github.blog/changelog/2025-09-19-deprecation-of-node-20-on-github-actions-runners/
dependency-test	Setup Python	2026-08-27T13:17:18.2834065Z ##[group]Run actions/setup-python@v5
dependency-test	Setup Python	2026-08-27T13:17:18.2835116Z with:
dependency-test	Setup Python	2026-08-27T13:17:18.2835923Z   python-version: 3.11
dependency-test	Setup Python	2026-08-27T13:17:18.2836844Z   check-latest: false
dependency-test	Setup Python	2026-08-27T13:17:18.2845327Z   token: ***
dependency-test	Setup Python	2026-08-27T13:17:18.2846183Z   update-environment: true
dependency-test	Setup Python	2026-08-27T13:17:18.2847164Z   allow-prereleases: false
dependency-test	Setup Python	2026-08-27T13:17:18.2848131Z   freethreaded: false
dependency-test	Setup Python	2026-08-27T13:17:18.2849018Z ##[endgroup]
dependency-test	Setup Python	2026-08-27T13:17:18.4215376Z ##[group]Installed versions
dependency-test	Setup Python	2026-08-27T13:17:18.4295616Z (node:2229) [DEP0040] DeprecationWarning: The `punycode` module is deprecated. Please use a userland alternative instead.
dependency-test	Setup Python	2026-08-27T13:17:18.4299244Z (Use `node --trace-deprecation ...` to show where the warning was created)
dependency-test	Setup Python	2026-08-27T13:17:18.4301852Z Successfully set up CPython (3.11.16)
dependency-test	Setup Python	2026-08-27T13:17:18.4304322Z ##[endgroup]
dependency-test	Install Dependencies	﻿2026-08-27T13:17:18.4537152Z ##[group]Run python -m pip install --upgrade pip
dependency-test	Install Dependencies	2026-08-27T13:17:18.4539343Z ^[[36;1mpython -m pip install --upgrade pip^[[0m
dependency-test	Install Dependencies	2026-08-27T13:17:18.4541436Z ^[[36;1mpip install -r requirements.txt^[[0m
dependency-test	Install Dependencies	2026-08-27T13:17:18.4614361Z shell: /usr/bin/bash -e {0}
dependency-test	Install Dependencies	2026-08-27T13:17:18.4616240Z env:
dependency-test	Install Dependencies	2026-08-27T13:17:18.4617974Z   pythonLocation: /opt/hostedtoolcache/Python/3.11.16/x64
dependency-test	Install Dependencies	2026-08-27T13:17:18.4620156Z   PKG_CONFIG_PATH: /opt/hostedtoolcache/Python/3.11.16/x64/lib/pkgconfig
dependency-test	Install Dependencies	2026-08-27T13:17:18.4622102Z   Python_ROOT_DIR: /opt/hostedtoolcache/Python/3.11.16/x64
dependency-test	Install Dependencies	2026-08-27T13:17:18.4623608Z   Python2_ROOT_DIR: /opt/hostedtoolcache/Python/3.11.16/x64
dependency-test	Install Dependencies	2026-08-27T13:17:18.4625369Z   Python3_ROOT_DIR: /opt/hostedtoolcache/Python/3.11.16/x64
dependency-test	Install Dependencies	2026-08-27T13:17:18.4627591Z   LD_LIBRARY_PATH: /opt/hostedtoolcache/Python/3.11.16/x64/lib
dependency-test	Install Dependencies	2026-08-27T13:17:18.4629443Z ##[endgroup]
dependency-test	Install Dependencies	2026-08-27T13:17:25.7207674Z Requirement already satisfied: pip in /opt/hostedtoolcache/Python/3.11.16/x64/lib/python3.11/site-packages (26.2.1)
dependency-test	Install Dependencies	2026-08-27T13:17:26.6853387Z Collecting pytest (from -r requirements.txt (line 1))
dependency-test	Install Dependencies	2026-08-27T13:17:26.7349929Z   Downloading pytest-9.1.1-py3-none-any.whl.metadata (7.6 kB)
dependency-test	Install Dependencies	2026-08-27T13:17:26.7493823Z Collecting iniconfig>=1.0.1 (from pytest->-r requirements.txt (line 1))
dependency-test	Install Dependencies	2026-08-27T13:17:26.7544305Z   Downloading iniconfig-2.3.0-py3-none-any.whl.metadata (2.5 kB)
dependency-test	Install Dependencies	2026-08-27T13:17:26.7683478Z Collecting packaging>=22 (from pytest->-r requirements.txt (line 1))
dependency-test	Install Dependencies	2026-08-27T13:17:26.7729561Z   Downloading packaging-26.3-py3-none-any.whl.metadata (3.5 kB)
dependency-test	Install Dependencies	2026-08-27T13:17:26.7858337Z Collecting pluggy<2,>=1.5 (from pytest->-r requirements.txt (line 1))
dependency-test	Install Dependencies	2026-08-27T13:17:26.7903426Z   Downloading pluggy-1.6.0-py3-none-any.whl.metadata (4.8 kB)
dependency-test	Install Dependencies	2026-08-27T13:17:26.8071926Z Collecting pygments>=2.7.2 (from pytest->-r requirements.txt (line 1))
dependency-test	Install Dependencies	2026-08-27T13:17:26.8112335Z   Downloading pygments-2.21.0-py3-none-any.whl.metadata (2.5 kB)
dependency-test	Install Dependencies	2026-08-27T13:17:26.8205467Z Downloading pytest-9.1.1-py3-none-any.whl (386 kB)
dependency-test	Install Dependencies	2026-08-27T13:17:26.8430212Z Downloading pluggy-1.6.0-py3-none-any.whl (20 kB)
dependency-test	Install Dependencies	2026-08-27T13:17:26.8494879Z Downloading iniconfig-2.3.0-py3-none-any.whl (7.5 kB)
dependency-test	Install Dependencies	2026-08-27T13:17:26.8553670Z Downloading packaging-26.3-py3-none-any.whl (129 kB)
dependency-test	Install Dependencies	2026-08-27T13:17:26.8644395Z Downloading pygments-2.21.0-py3-none-any.whl (1.3 MB)
dependency-test	Install Dependencies	2026-08-27T13:17:26.8910030Z    ━━━━━━━━━━━━━━━━━━━━━━━━━━━━━━━━━━━━━━━━ 1.3/1.3 MB 52.9 MB/s  0:00:00
dependency-test	Install Dependencies	2026-08-27T13:17:26.9375031Z Installing collected packages: pygments, pluggy, packaging, iniconfig, pytest
dependency-test	Install Dependencies	2026-08-27T13:17:27.9550816Z 
dependency-test	Install Dependencies	2026-08-27T13:17:27.9560136Z Successfully installed iniconfig-2.3.0 packaging-26.3 pluggy-1.6.0 pygments-2.21.0 pytest-9.1.1
dependency-test	Check App Syntax	﻿2026-08-27T13:17:28.0190816Z ##[group]Run python -c "import app"
dependency-test	Check App Syntax	2026-08-27T13:17:28.0191204Z ^[[36;1mpython -c "import app"^[[0m
dependency-test	Check App Syntax	2026-08-27T13:17:28.0233101Z shell: /usr/bin/bash -e {0}
dependency-test	Check App Syntax	2026-08-27T13:17:28.0233399Z env:
dependency-test	Check App Syntax	2026-08-27T13:17:28.0233688Z   pythonLocation: /opt/hostedtoolcache/Python/3.11.16/x64
dependency-test	Check App Syntax	2026-08-27T13:17:28.0234148Z   PKG_CONFIG_PATH: /opt/hostedtoolcache/Python/3.11.16/x64/lib/pkgconfig
dependency-test	Check App Syntax	2026-08-27T13:17:28.0234586Z   Python_ROOT_DIR: /opt/hostedtoolcache/Python/3.11.16/x64
dependency-test	Check App Syntax	2026-08-27T13:17:28.0234988Z   Python2_ROOT_DIR: /opt/hostedtoolcache/Python/3.11.16/x64
dependency-test	Check App Syntax	2026-08-27T13:17:28.0235366Z   Python3_ROOT_DIR: /opt/hostedtoolcache/Python/3.11.16/x64
dependency-test	Check App Syntax	2026-08-27T13:17:28.0235783Z   LD_LIBRARY_PATH: /opt/hostedtoolcache/Python/3.11.16/x64/lib
dependency-test	Check App Syntax	2026-08-27T13:17:28.0236118Z ##[endgroup]
dependency-test	Check App Syntax	2026-08-27T13:17:28.0414392Z Traceback (most recent call last):
dependency-test	Check App Syntax	2026-08-27T13:17:28.0422471Z   File "<string>", line 1, in <module>
dependency-test	Check App Syntax	2026-08-27T13:17:28.0423447Z   File "/home/runner/work/dependency-error-repo/dependency-error-repo/app.py", line 1
dependency-test	Check App Syntax	2026-08-27T13:17:28.0424267Z     class class Foo:
dependency-test	Check App Syntax	2026-08-27T13:17:28.0424616Z           ^^^^^
dependency-test	Check App Syntax	2026-08-27T13:17:28.0424968Z SyntaxError: invalid syntax
dependency-test	Check App Syntax	2026-08-27T13:17:28.0455104Z ##[error]Process completed with exit code 1.
dependency-test	Post Checkout Repository	﻿2026-08-27T13:17:28.0606560Z Node 20 is being deprecated. This workflow is running with Node 24 by default. If you need to temporarily use Node 20, you can set the ACTIONS_ALLOW_USE_UNSECURE_NODE_VERSION=true environment variable. For more information see: https://github.blog/changelog/2025-09-19-deprecation-of-node-20-on-github-actions-runners/
dependency-test	Post Checkout Repository	2026-08-27T13:17:28.0607802Z Post job cleanup.
dependency-test	Post Checkout Repository	2026-08-27T13:17:28.1490258Z [command]/usr/bin/git version
dependency-test	Post Checkout Repository	2026-08-27T13:17:28.1570674Z git version 2.55.0
dependency-test	Post Checkout Repository	2026-08-27T13:17:28.1614294Z Temporarily overriding HOME='/home/runner/work/_temp/b6b9865e-0cad-438c-9dcc-07860580b20b' before making global git config changes
dependency-test	Post Checkout Repository	2026-08-27T13:17:28.1615365Z Adding repository directory to the temporary git global config as a safe directory
dependency-test	Post Checkout Repository	2026-08-27T13:17:28.1621011Z [command]/usr/bin/git config --global --add safe.directory /home/runner/work/dependency-error-repo/dependency-error-repo
dependency-test	Post Checkout Repository	2026-08-27T13:17:28.1670646Z [command]/usr/bin/git config --local --name-only --get-regexp core\.sshCommand
dependency-test	Post Checkout Repository	2026-08-27T13:17:28.1710898Z [command]/usr/bin/git submodule foreach --recursive sh -c "git config --local --name-only --get-regexp 'core\.sshCommand' && git config --local --unset-all 'core.sshCommand' || :"
dependency-test	Post Checkout Repository	2026-08-27T13:17:28.1992687Z [command]/usr/bin/git config --local --name-only --get-regexp http\.https\:\/\/github\.com\/\.extraheader
dependency-test	Post Checkout Repository	2026-08-27T13:17:28.2022230Z http.https://github.com/.extraheader
dependency-test	Post Checkout Repository	2026-08-27T13:17:28.2034232Z [command]/usr/bin/git config --local --unset-all http.https://github.com/.extraheader
dependency-test	Post Checkout Repository	2026-08-27T13:17:28.2077532Z [command]/usr/bin/git submodule foreach --recursive sh -c "git config --local --name-only --get-regexp 'http\.https\:\/\/github\.com\/\.extraheader' && git config --local --unset-all 'http.https://github.com/.extraheader' || :"
dependency-test	Post Checkout Repository	2026-08-27T13:17:28.2372019Z [command]/usr/bin/git config --local --name-only --get-regexp ^includeIf\.gitdir:
dependency-test	Post Checkout Repository	2026-08-27T13:17:28.2432754Z [command]/usr/bin/git submodule foreach --recursive git config --local --show-origin --name-only --get-regexp remote.origin.url
dependency-test	Complete job	﻿2026-08-27T13:17:28.2852818Z Cleaning up orphan processes
dependency-test	Complete job	2026-08-27T13:17:28.3143828Z ##[warning]Node.js 20 is deprecated. The following actions target Node.js 20 but are being forced to run on Node.js 24: actions/checkout@v4, actions/setup-python@v5. For more information see: https://github.blog/changelog/2025-09-19-deprecation-of-node-20-on-github-actions-runners/