dependency-test	Set up job	﻿2026-08-27T13:34:01.8247233Z Current runner version: '2.336.0'
dependency-test	Set up job	2026-08-27T13:34:01.8275121Z ##[group]Runner Image Provisioner
dependency-test	Set up job	2026-08-27T13:34:01.8276027Z Hosted Compute Agent
dependency-test	Set up job	2026-08-27T13:34:01.8276714Z Version: 20260819.586
dependency-test	Set up job	2026-08-27T13:34:01.8277388Z Commit: 3cc4a88dfa507ef76119ad1bb3eccc6378bb2b76
dependency-test	Set up job	2026-08-27T13:34:01.8278228Z Build Date: 2026-08-18T23:20:18Z
dependency-test	Set up job	2026-08-27T13:34:01.8279132Z Worker ID: {d3c4482e-37c0-4b6c-89a9-f4ade8b22953}
dependency-test	Set up job	2026-08-27T13:34:01.8279954Z Azure Region: eastus
dependency-test	Set up job	2026-08-27T13:34:01.8280546Z ##[endgroup]
dependency-test	Set up job	2026-08-27T13:34:01.8282055Z ##[group]Operating System
dependency-test	Set up job	2026-08-27T13:34:01.8283199Z Ubuntu
dependency-test	Set up job	2026-08-27T13:34:01.8283769Z 24.04.4
dependency-test	Set up job	2026-08-27T13:34:01.8284292Z LTS
dependency-test	Set up job	2026-08-27T13:34:01.8284896Z ##[endgroup]
dependency-test	Set up job	2026-08-27T13:34:01.8285462Z ##[group]Runner Image
dependency-test	Set up job	2026-08-27T13:34:01.8286214Z Image: ubuntu-24.04
dependency-test	Set up job	2026-08-27T13:34:01.8286843Z Version: 20260823.283.1
dependency-test	Set up job	2026-08-27T13:34:01.8288017Z Included Software: https://github.com/actions/runner-images/blob/ubuntu24/20260823.283/images/ubuntu/Ubuntu2404-Readme.md
dependency-test	Set up job	2026-08-27T13:34:01.8289847Z Image Release: https://github.com/actions/runner-images/releases/tag/ubuntu24%2F20260823.283
dependency-test	Set up job	2026-08-27T13:34:01.8290930Z ##[endgroup]
dependency-test	Set up job	2026-08-27T13:34:01.8292192Z ##[group]GITHUB_TOKEN Permissions
dependency-test	Set up job	2026-08-27T13:34:01.8295173Z Contents: read
dependency-test	Set up job	2026-08-27T13:34:01.8295805Z Metadata: read
dependency-test	Set up job	2026-08-27T13:34:01.8296428Z Packages: read
dependency-test	Set up job	2026-08-27T13:34:01.8297007Z ##[endgroup]
dependency-test	Set up job	2026-08-27T13:34:01.8299319Z Secret source: Actions
dependency-test	Set up job	2026-08-27T13:34:01.8300490Z Prepare workflow directory
dependency-test	Set up job	2026-08-27T13:34:01.8646998Z Prepare all required actions
dependency-test	Set up job	2026-08-27T13:34:01.8697961Z Getting action download info
dependency-test	Set up job	2026-08-27T13:34:02.1076020Z Download action repository 'actions/checkout@v4' (SHA:11d5960a326750d5838078e36cf38b85af677262)
dependency-test	Set up job	2026-08-27T13:34:02.2548041Z Download action repository 'actions/setup-python@v5' (SHA:a26af69be951a213d495a4c3e4e4022e16d87065)
dependency-test	Set up job	2026-08-27T13:34:02.4491020Z Complete job name: dependency-test
dependency-test	Checkout Repository	﻿2026-08-27T13:34:02.5296286Z Node 20 is being deprecated. This workflow is running with Node 24 by default. If you need to temporarily use Node 20, you can set the ACTIONS_ALLOW_USE_UNSECURE_NODE_VERSION=true environment variable. For more information see: https://github.blog/changelog/2025-09-19-deprecation-of-node-20-on-github-actions-runners/
dependency-test	Checkout Repository	2026-08-27T13:34:02.5305429Z ##[group]Run actions/checkout@v4
dependency-test	Checkout Repository	2026-08-27T13:34:02.5306493Z with:
dependency-test	Checkout Repository	2026-08-27T13:34:02.5307035Z   repository: DhruvHegde/dependency-error-repo
dependency-test	Checkout Repository	2026-08-27T13:34:02.5310858Z   token: ***
dependency-test	Checkout Repository	2026-08-27T13:34:02.5311288Z   ssh-strict: true
dependency-test	Checkout Repository	2026-08-27T13:34:02.5311728Z   ssh-user: git
dependency-test	Checkout Repository	2026-08-27T13:34:02.5312187Z   persist-credentials: true
dependency-test	Checkout Repository	2026-08-27T13:34:02.5312873Z   clean: true
dependency-test	Checkout Repository	2026-08-27T13:34:02.5313338Z   sparse-checkout-cone-mode: true
dependency-test	Checkout Repository	2026-08-27T13:34:02.5313873Z   fetch-depth: 1
dependency-test	Checkout Repository	2026-08-27T13:34:02.5314307Z   fetch-tags: false
dependency-test	Checkout Repository	2026-08-27T13:34:02.5314757Z   show-progress: true
dependency-test	Checkout Repository	2026-08-27T13:34:02.5315204Z   lfs: false
dependency-test	Checkout Repository	2026-08-27T13:34:02.5315618Z   submodules: false
dependency-test	Checkout Repository	2026-08-27T13:34:02.5316121Z   set-safe-directory: true
dependency-test	Checkout Repository	2026-08-27T13:34:02.5316641Z   allow-unsafe-pr-checkout: false
dependency-test	Checkout Repository	2026-08-27T13:34:02.5317541Z ##[endgroup]
dependency-test	Checkout Repository	2026-08-27T13:34:02.6422421Z Syncing repository: DhruvHegde/dependency-error-repo
dependency-test	Checkout Repository	2026-08-27T13:34:02.6425613Z ##[group]Getting Git version info
dependency-test	Checkout Repository	2026-08-27T13:34:02.6426997Z Working directory is '/home/runner/work/dependency-error-repo/dependency-error-repo'
dependency-test	Checkout Repository	2026-08-27T13:34:02.6428978Z [command]/usr/bin/git version
dependency-test	Checkout Repository	2026-08-27T13:34:02.6534654Z git version 2.55.0
dependency-test	Checkout Repository	2026-08-27T13:34:02.6565535Z ##[endgroup]
dependency-test	Checkout Repository	2026-08-27T13:34:02.6576063Z Temporarily overriding HOME='/home/runner/work/_temp/07749584-12e0-484a-8c21-223639b70f03' before making global git config changes
dependency-test	Checkout Repository	2026-08-27T13:34:02.6578446Z Adding repository directory to the temporary git global config as a safe directory
dependency-test	Checkout Repository	2026-08-27T13:34:02.6582326Z [command]/usr/bin/git config --global --add safe.directory /home/runner/work/dependency-error-repo/dependency-error-repo
dependency-test	Checkout Repository	2026-08-27T13:34:02.6650097Z Deleting the contents of '/home/runner/work/dependency-error-repo/dependency-error-repo'
dependency-test	Checkout Repository	2026-08-27T13:34:02.6654657Z ##[group]Initializing the repository
dependency-test	Checkout Repository	2026-08-27T13:34:02.6660792Z [command]/usr/bin/git init /home/runner/work/dependency-error-repo/dependency-error-repo
dependency-test	Checkout Repository	2026-08-27T13:34:02.6794747Z hint: Using 'master' as the name for the initial branch. This default branch name
dependency-test	Checkout Repository	2026-08-27T13:34:02.6797438Z hint: will change to "main" in Git 3.0. To configure the initial branch name
dependency-test	Checkout Repository	2026-08-27T13:34:02.6799150Z hint: to use in all of your new repositories, which will suppress this warning,
dependency-test	Checkout Repository	2026-08-27T13:34:02.6800566Z hint: call:
dependency-test	Checkout Repository	2026-08-27T13:34:02.6801309Z hint:
dependency-test	Checkout Repository	2026-08-27T13:34:02.6802198Z hint: 	git config --global init.defaultBranch <name>
dependency-test	Checkout Repository	2026-08-27T13:34:02.6803688Z hint:
dependency-test	Checkout Repository	2026-08-27T13:34:02.6804719Z hint: Names commonly chosen instead of 'master' are 'main', 'trunk' and
dependency-test	Checkout Repository	2026-08-27T13:34:02.6806278Z hint: 'development'. The just-created branch can be renamed via this command:
dependency-test	Checkout Repository	2026-08-27T13:34:02.6807620Z hint:
dependency-test	Checkout Repository	2026-08-27T13:34:02.6808435Z hint: 	git branch -m <name>
dependency-test	Checkout Repository	2026-08-27T13:34:02.6809380Z hint:
dependency-test	Checkout Repository	2026-08-27T13:34:02.6810559Z hint: Disable this message with "git config set advice.defaultBranchName false"
dependency-test	Checkout Repository	2026-08-27T13:34:02.6812942Z Initialized empty Git repository in /home/runner/work/dependency-error-repo/dependency-error-repo/.git/
dependency-test	Checkout Repository	2026-08-27T13:34:02.6816210Z [command]/usr/bin/git remote add origin https://github.com/DhruvHegde/dependency-error-repo
dependency-test	Checkout Repository	2026-08-27T13:34:02.6882448Z ##[endgroup]
dependency-test	Checkout Repository	2026-08-27T13:34:02.6884418Z ##[group]Disabling automatic garbage collection
dependency-test	Checkout Repository	2026-08-27T13:34:02.6887351Z [command]/usr/bin/git config --local gc.auto 0
dependency-test	Checkout Repository	2026-08-27T13:34:02.6937956Z ##[endgroup]
dependency-test	Checkout Repository	2026-08-27T13:34:02.6939853Z ##[group]Setting up auth
dependency-test	Checkout Repository	2026-08-27T13:34:02.6941139Z [command]/usr/bin/git config --local --name-only --get-regexp core\.sshCommand
dependency-test	Checkout Repository	2026-08-27T13:34:02.6998448Z [command]/usr/bin/git submodule foreach --recursive sh -c "git config --local --name-only --get-regexp 'core\.sshCommand' && git config --local --unset-all 'core.sshCommand' || :"
dependency-test	Checkout Repository	2026-08-27T13:34:02.7475983Z [command]/usr/bin/git config --local --name-only --get-regexp http\.https\:\/\/github\.com\/\.extraheader
dependency-test	Checkout Repository	2026-08-27T13:34:02.7516968Z [command]/usr/bin/git submodule foreach --recursive sh -c "git config --local --name-only --get-regexp 'http\.https\:\/\/github\.com\/\.extraheader' && git config --local --unset-all 'http.https://github.com/.extraheader' || :"
dependency-test	Checkout Repository	2026-08-27T13:34:02.7760291Z [command]/usr/bin/git config --local --name-only --get-regexp ^includeIf\.gitdir:
dependency-test	Checkout Repository	2026-08-27T13:34:02.7800863Z [command]/usr/bin/git submodule foreach --recursive git config --local --show-origin --name-only --get-regexp remote.origin.url
dependency-test	Checkout Repository	2026-08-27T13:34:02.8056692Z [command]/usr/bin/git config --local http.https://github.com/.extraheader AUTHORIZATION: basic ***
dependency-test	Checkout Repository	2026-08-27T13:34:02.8099709Z ##[endgroup]
dependency-test	Checkout Repository	2026-08-27T13:34:02.8109989Z ##[group]Fetching the repository
dependency-test	Checkout Repository	2026-08-27T13:34:02.8111770Z [command]/usr/bin/git -c protocol.version=2 fetch --no-tags --prune --no-recurse-submodules --depth=1 origin +f43394c8b01e348124c53ca632b66a6ca78f4fbb:refs/remotes/origin/feature/syntax-errors
dependency-test	Checkout Repository	2026-08-27T13:34:03.1132334Z From https://github.com/DhruvHegde/dependency-error-repo
dependency-test	Checkout Repository	2026-08-27T13:34:03.1134203Z  * [new ref]         f43394c8b01e348124c53ca632b66a6ca78f4fbb -> origin/feature/syntax-errors
dependency-test	Checkout Repository	2026-08-27T13:34:03.1137563Z ##[endgroup]
dependency-test	Checkout Repository	2026-08-27T13:34:03.1138439Z ##[group]Determining the checkout info
dependency-test	Checkout Repository	2026-08-27T13:34:03.1140299Z ##[endgroup]
dependency-test	Checkout Repository	2026-08-27T13:34:03.1147469Z [command]/usr/bin/git sparse-checkout disable
dependency-test	Checkout Repository	2026-08-27T13:34:03.1208651Z [command]/usr/bin/git config --local --unset-all extensions.worktreeConfig
dependency-test	Checkout Repository	2026-08-27T13:34:03.1246622Z ##[group]Checking out the ref
dependency-test	Checkout Repository	2026-08-27T13:34:03.1252187Z [command]/usr/bin/git checkout --progress --force -B feature/syntax-errors refs/remotes/origin/feature/syntax-errors
dependency-test	Checkout Repository	2026-08-27T13:34:03.1449311Z Switched to a new branch 'feature/syntax-errors'
dependency-test	Checkout Repository	2026-08-27T13:34:03.1454323Z branch 'feature/syntax-errors' set up to track 'origin/feature/syntax-errors'.
dependency-test	Checkout Repository	2026-08-27T13:34:03.1461830Z ##[endgroup]
dependency-test	Checkout Repository	2026-08-27T13:34:03.1512884Z [command]/usr/bin/git log -1 --format=%H
dependency-test	Checkout Repository	2026-08-27T13:34:03.1542969Z f43394c8b01e348124c53ca632b66a6ca78f4fbb
dependency-test	Setup Python	﻿2026-08-27T13:34:03.1847520Z Node 20 is being deprecated. This workflow is running with Node 24 by default. If you need to temporarily use Node 20, you can set the ACTIONS_ALLOW_USE_UNSECURE_NODE_VERSION=true environment variable. For more information see: https://github.blog/changelog/2025-09-19-deprecation-of-node-20-on-github-actions-runners/
dependency-test	Setup Python	2026-08-27T13:34:03.1850264Z ##[group]Run actions/setup-python@v5
dependency-test	Setup Python	2026-08-27T13:34:03.1850811Z with:
dependency-test	Setup Python	2026-08-27T13:34:03.1851229Z   python-version: 3.11
dependency-test	Setup Python	2026-08-27T13:34:03.1851700Z   check-latest: false
dependency-test	Setup Python	2026-08-27T13:34:03.1855804Z   token: ***
dependency-test	Setup Python	2026-08-27T13:34:03.1856268Z   update-environment: true
dependency-test	Setup Python	2026-08-27T13:34:03.1856765Z   allow-prereleases: false
dependency-test	Setup Python	2026-08-27T13:34:03.1857244Z   freethreaded: false
dependency-test	Setup Python	2026-08-27T13:34:03.1857698Z ##[endgroup]
dependency-test	Setup Python	2026-08-27T13:34:03.3244223Z ##[group]Installed versions
dependency-test	Setup Python	2026-08-27T13:34:03.3354167Z (node:2241) [DEP0040] DeprecationWarning: The `punycode` module is deprecated. Please use a userland alternative instead.
dependency-test	Setup Python	2026-08-27T13:34:03.3356590Z (Use `node --trace-deprecation ...` to show where the warning was created)
dependency-test	Setup Python	2026-08-27T13:34:03.3358433Z Successfully set up CPython (3.11.16)
dependency-test	Setup Python	2026-08-27T13:34:03.3360212Z ##[endgroup]
dependency-test	Install Dependencies	﻿2026-08-27T13:34:03.3591925Z ##[group]Run python -m pip install --upgrade pip
dependency-test	Install Dependencies	2026-08-27T13:34:03.3593069Z ^[[36;1mpython -m pip install --upgrade pip^[[0m
dependency-test	Install Dependencies	2026-08-27T13:34:03.3593734Z ^[[36;1mpip install -r requirements.txt^[[0m
dependency-test	Install Dependencies	2026-08-27T13:34:03.3658506Z shell: /usr/bin/bash -e {0}
dependency-test	Install Dependencies	2026-08-27T13:34:03.3659368Z env:
dependency-test	Install Dependencies	2026-08-27T13:34:03.3660148Z   pythonLocation: /opt/hostedtoolcache/Python/3.11.16/x64
dependency-test	Install Dependencies	2026-08-27T13:34:03.3661210Z   PKG_CONFIG_PATH: /opt/hostedtoolcache/Python/3.11.16/x64/lib/pkgconfig
dependency-test	Install Dependencies	2026-08-27T13:34:03.3662452Z   Python_ROOT_DIR: /opt/hostedtoolcache/Python/3.11.16/x64
dependency-test	Install Dependencies	2026-08-27T13:34:03.3663540Z   Python2_ROOT_DIR: /opt/hostedtoolcache/Python/3.11.16/x64
dependency-test	Install Dependencies	2026-08-27T13:34:03.3664350Z   Python3_ROOT_DIR: /opt/hostedtoolcache/Python/3.11.16/x64
dependency-test	Install Dependencies	2026-08-27T13:34:03.3665128Z   LD_LIBRARY_PATH: /opt/hostedtoolcache/Python/3.11.16/x64/lib
dependency-test	Install Dependencies	2026-08-27T13:34:03.3665772Z ##[endgroup]
dependency-test	Install Dependencies	2026-08-27T13:34:04.1507591Z Requirement already satisfied: pip in /opt/hostedtoolcache/Python/3.11.16/x64/lib/python3.11/site-packages (26.2.1)
dependency-test	Install Dependencies	2026-08-27T13:34:04.7569846Z Collecting pytest (from -r requirements.txt (line 1))
dependency-test	Install Dependencies	2026-08-27T13:34:04.8064754Z   Downloading pytest-9.1.1-py3-none-any.whl.metadata (7.6 kB)
dependency-test	Install Dependencies	2026-08-27T13:34:04.8205966Z Collecting iniconfig>=1.0.1 (from pytest->-r requirements.txt (line 1))
dependency-test	Install Dependencies	2026-08-27T13:34:04.8244097Z   Downloading iniconfig-2.3.0-py3-none-any.whl.metadata (2.5 kB)
dependency-test	Install Dependencies	2026-08-27T13:34:04.8397890Z Collecting packaging>=22 (from pytest->-r requirements.txt (line 1))
dependency-test	Install Dependencies	2026-08-27T13:34:04.8435016Z   Downloading packaging-26.3-py3-none-any.whl.metadata (3.5 kB)
dependency-test	Install Dependencies	2026-08-27T13:34:04.8570548Z Collecting pluggy<2,>=1.5 (from pytest->-r requirements.txt (line 1))
dependency-test	Install Dependencies	2026-08-27T13:34:04.8608555Z   Downloading pluggy-1.6.0-py3-none-any.whl.metadata (4.8 kB)
dependency-test	Install Dependencies	2026-08-27T13:34:04.8805389Z Collecting pygments>=2.7.2 (from pytest->-r requirements.txt (line 1))
dependency-test	Install Dependencies	2026-08-27T13:34:04.8842834Z   Downloading pygments-2.21.0-py3-none-any.whl.metadata (2.5 kB)
dependency-test	Install Dependencies	2026-08-27T13:34:04.8944015Z Downloading pytest-9.1.1-py3-none-any.whl (386 kB)
dependency-test	Install Dependencies	2026-08-27T13:34:04.9134315Z Downloading pluggy-1.6.0-py3-none-any.whl (20 kB)
dependency-test	Install Dependencies	2026-08-27T13:34:04.9202827Z Downloading iniconfig-2.3.0-py3-none-any.whl (7.5 kB)
dependency-test	Install Dependencies	2026-08-27T13:34:04.9262190Z Downloading packaging-26.3-py3-none-any.whl (129 kB)
dependency-test	Install Dependencies	2026-08-27T13:34:04.9323719Z Downloading pygments-2.21.0-py3-none-any.whl (1.3 MB)
dependency-test	Install Dependencies	2026-08-27T13:34:04.9458758Z    ━━━━━━━━━━━━━━━━━━━━━━━━━━━━━━━━━━━━━━━━ 1.3/1.3 MB 110.0 MB/s  0:00:00
dependency-test	Install Dependencies	2026-08-27T13:34:05.0062436Z Installing collected packages: pygments, pluggy, packaging, iniconfig, pytest
dependency-test	Install Dependencies	2026-08-27T13:34:06.0464143Z 
dependency-test	Install Dependencies	2026-08-27T13:34:06.0474596Z Successfully installed iniconfig-2.3.0 packaging-26.3 pluggy-1.6.0 pygments-2.21.0 pytest-9.1.1
dependency-test	Check App Syntax	﻿2026-08-27T13:34:06.1189818Z ##[group]Run python -c "import app"
dependency-test	Check App Syntax	2026-08-27T13:34:06.1190270Z ^[[36;1mpython -c "import app"^[[0m
dependency-test	Check App Syntax	2026-08-27T13:34:06.1230595Z shell: /usr/bin/bash -e {0}
dependency-test	Check App Syntax	2026-08-27T13:34:06.1230922Z env:
dependency-test	Check App Syntax	2026-08-27T13:34:06.1231250Z   pythonLocation: /opt/hostedtoolcache/Python/3.11.16/x64
dependency-test	Check App Syntax	2026-08-27T13:34:06.1231749Z   PKG_CONFIG_PATH: /opt/hostedtoolcache/Python/3.11.16/x64/lib/pkgconfig
dependency-test	Check App Syntax	2026-08-27T13:34:06.1232236Z   Python_ROOT_DIR: /opt/hostedtoolcache/Python/3.11.16/x64
dependency-test	Check App Syntax	2026-08-27T13:34:06.1232958Z   Python2_ROOT_DIR: /opt/hostedtoolcache/Python/3.11.16/x64
dependency-test	Check App Syntax	2026-08-27T13:34:06.1233429Z   Python3_ROOT_DIR: /opt/hostedtoolcache/Python/3.11.16/x64
dependency-test	Check App Syntax	2026-08-27T13:34:06.1233906Z   LD_LIBRARY_PATH: /opt/hostedtoolcache/Python/3.11.16/x64/lib
dependency-test	Check App Syntax	2026-08-27T13:34:06.1234291Z ##[endgroup]
dependency-test	Check App Syntax	2026-08-27T13:34:06.1403687Z Traceback (most recent call last):
dependency-test	Check App Syntax	2026-08-27T13:34:06.1411108Z   File "<string>", line 1, in <module>
dependency-test	Check App Syntax	2026-08-27T13:34:06.1412120Z   File "/home/runner/work/dependency-error-repo/dependency-error-repo/app.py", line 1
dependency-test	Check App Syntax	2026-08-27T13:34:06.1413238Z     class Empty:
dependency-test	Check App Syntax	2026-08-27T13:34:06.1413593Z                 ^
dependency-test	Check App Syntax	2026-08-27T13:34:06.1414117Z IndentationError: expected an indented block after class definition on line 1
dependency-test	Check App Syntax	2026-08-27T13:34:06.1442177Z ##[error]Process completed with exit code 1.
dependency-test	Post Checkout Repository	﻿2026-08-27T13:34:06.1603423Z Node 20 is being deprecated. This workflow is running with Node 24 by default. If you need to temporarily use Node 20, you can set the ACTIONS_ALLOW_USE_UNSECURE_NODE_VERSION=true environment variable. For more information see: https://github.blog/changelog/2025-09-19-deprecation-of-node-20-on-github-actions-runners/
dependency-test	Post Checkout Repository	2026-08-27T13:34:06.1604856Z Post job cleanup.
dependency-test	Post Checkout Repository	2026-08-27T13:34:06.2473577Z [command]/usr/bin/git version
dependency-test	Post Checkout Repository	2026-08-27T13:34:06.2516125Z git version 2.55.0
dependency-test	Post Checkout Repository	2026-08-27T13:34:06.2558566Z Temporarily overriding HOME='/home/runner/work/_temp/03e6ff10-a5c8-4a78-b2bf-c1a0b01fd9bd' before making global git config changes
dependency-test	Post Checkout Repository	2026-08-27T13:34:06.2560232Z Adding repository directory to the temporary git global config as a safe directory
dependency-test	Post Checkout Repository	2026-08-27T13:34:06.2566165Z [command]/usr/bin/git config --global --add safe.directory /home/runner/work/dependency-error-repo/dependency-error-repo
dependency-test	Post Checkout Repository	2026-08-27T13:34:06.2610777Z [command]/usr/bin/git config --local --name-only --get-regexp core\.sshCommand
dependency-test	Post Checkout Repository	2026-08-27T13:34:06.2692502Z [command]/usr/bin/git submodule foreach --recursive sh -c "git config --local --name-only --get-regexp 'core\.sshCommand' && git config --local --unset-all 'core.sshCommand' || :"
dependency-test	Post Checkout Repository	2026-08-27T13:34:06.2994026Z [command]/usr/bin/git config --local --name-only --get-regexp http\.https\:\/\/github\.com\/\.extraheader
dependency-test	Post Checkout Repository	2026-08-27T13:34:06.3021354Z http.https://github.com/.extraheader
dependency-test	Post Checkout Repository	2026-08-27T13:34:06.3036652Z [command]/usr/bin/git config --local --unset-all http.https://github.com/.extraheader
dependency-test	Post Checkout Repository	2026-08-27T13:34:06.3095239Z [command]/usr/bin/git submodule foreach --recursive sh -c "git config --local --name-only --get-regexp 'http\.https\:\/\/github\.com\/\.extraheader' && git config --local --unset-all 'http.https://github.com/.extraheader' || :"
dependency-test	Post Checkout Repository	2026-08-27T13:34:06.3452463Z [command]/usr/bin/git config --local --name-only --get-regexp ^includeIf\.gitdir:
dependency-test	Post Checkout Repository	2026-08-27T13:34:06.3496772Z [command]/usr/bin/git submodule foreach --recursive git config --local --show-origin --name-only --get-regexp remote.origin.url
dependency-test	Complete job	﻿2026-08-27T13:34:06.3930987Z Cleaning up orphan processes
dependency-test	Complete job	2026-08-27T13:34:06.4247724Z ##[warning]Node.js 20 is deprecated. The following actions target Node.js 20 but are being forced to run on Node.js 24: actions/checkout@v4, actions/setup-python@v5. For more information see: https://github.blog/changelog/2025-09-19-deprecation-of-node-20-on-github-actions-runners/