dependency-test	Set up job	﻿2026-08-27T11:28:50.9047723Z Current runner version: '2.336.0'
dependency-test	Set up job	2026-08-27T11:28:50.9072436Z ##[group]Runner Image Provisioner
dependency-test	Set up job	2026-08-27T11:28:50.9073683Z Hosted Compute Agent
dependency-test	Set up job	2026-08-27T11:28:50.9074275Z Version: 20260819.586
dependency-test	Set up job	2026-08-27T11:28:50.9074937Z Commit: 3cc4a88dfa507ef76119ad1bb3eccc6378bb2b76
dependency-test	Set up job	2026-08-27T11:28:50.9075715Z Build Date: 2026-08-18T23:20:18Z
dependency-test	Set up job	2026-08-27T11:28:50.9076441Z Worker ID: {45f9a722-830d-4c23-ae37-4bb9bb1d77be}
dependency-test	Set up job	2026-08-27T11:28:50.9077172Z Azure Region: westus3
dependency-test	Set up job	2026-08-27T11:28:50.9077749Z ##[endgroup]
dependency-test	Set up job	2026-08-27T11:28:50.9079109Z ##[group]Operating System
dependency-test	Set up job	2026-08-27T11:28:50.9079756Z Ubuntu
dependency-test	Set up job	2026-08-27T11:28:50.9080358Z 24.04.4
dependency-test	Set up job	2026-08-27T11:28:50.9080909Z LTS
dependency-test	Set up job	2026-08-27T11:28:50.9081429Z ##[endgroup]
dependency-test	Set up job	2026-08-27T11:28:50.9082044Z ##[group]Runner Image
dependency-test	Set up job	2026-08-27T11:28:50.9082834Z Image: ubuntu-24.04
dependency-test	Set up job	2026-08-27T11:28:50.9083423Z Version: 20260823.283.1
dependency-test	Set up job	2026-08-27T11:28:50.9084484Z Included Software: https://github.com/actions/runner-images/blob/ubuntu24/20260823.283/images/ubuntu/Ubuntu2404-Readme.md
dependency-test	Set up job	2026-08-27T11:28:50.9086188Z Image Release: https://github.com/actions/runner-images/releases/tag/ubuntu24%2F20260823.283
dependency-test	Set up job	2026-08-27T11:28:50.9087182Z ##[endgroup]
dependency-test	Set up job	2026-08-27T11:28:50.9088338Z ##[group]GITHUB_TOKEN Permissions
dependency-test	Set up job	2026-08-27T11:28:50.9090500Z Contents: read
dependency-test	Set up job	2026-08-27T11:28:50.9091108Z Metadata: read
dependency-test	Set up job	2026-08-27T11:28:50.9092032Z Packages: read
dependency-test	Set up job	2026-08-27T11:28:50.9092788Z ##[endgroup]
dependency-test	Set up job	2026-08-27T11:28:50.9094822Z Secret source: Actions
dependency-test	Set up job	2026-08-27T11:28:50.9095871Z Prepare workflow directory
dependency-test	Set up job	2026-08-27T11:28:50.9375503Z Prepare all required actions
dependency-test	Set up job	2026-08-27T11:28:50.9418726Z Getting action download info
dependency-test	Set up job	2026-08-27T11:28:51.2330852Z Download action repository 'actions/checkout@v4' (SHA:11d5960a326750d5838078e36cf38b85af677262)
dependency-test	Set up job	2026-08-27T11:28:51.5159865Z Download action repository 'actions/setup-python@v5' (SHA:a26af69be951a213d495a4c3e4e4022e16d87065)
dependency-test	Set up job	2026-08-27T11:28:51.6909582Z Complete job name: dependency-test
dependency-test	Checkout Repository	﻿2026-08-27T11:28:51.7587469Z Node 20 is being deprecated. This workflow is running with Node 24 by default. If you need to temporarily use Node 20, you can set the ACTIONS_ALLOW_USE_UNSECURE_NODE_VERSION=true environment variable. For more information see: https://github.blog/changelog/2025-09-19-deprecation-of-node-20-on-github-actions-runners/
dependency-test	Checkout Repository	2026-08-27T11:28:51.7596060Z ##[group]Run actions/checkout@v4
dependency-test	Checkout Repository	2026-08-27T11:28:51.7596964Z with:
dependency-test	Checkout Repository	2026-08-27T11:28:51.7597541Z   repository: DhruvHegde/dependency-error-repo
dependency-test	Checkout Repository	2026-08-27T11:28:51.7601699Z   token: ***
dependency-test	Checkout Repository	2026-08-27T11:28:51.7602230Z   ssh-strict: true
dependency-test	Checkout Repository	2026-08-27T11:28:51.7603006Z   ssh-user: git
dependency-test	Checkout Repository	2026-08-27T11:28:51.7603638Z   persist-credentials: true
dependency-test	Checkout Repository	2026-08-27T11:28:51.7604240Z   clean: true
dependency-test	Checkout Repository	2026-08-27T11:28:51.7604792Z   sparse-checkout-cone-mode: true
dependency-test	Checkout Repository	2026-08-27T11:28:51.7605416Z   fetch-depth: 1
dependency-test	Checkout Repository	2026-08-27T11:28:51.7605940Z   fetch-tags: false
dependency-test	Checkout Repository	2026-08-27T11:28:51.7606486Z   show-progress: true
dependency-test	Checkout Repository	2026-08-27T11:28:51.7607035Z   lfs: false
dependency-test	Checkout Repository	2026-08-27T11:28:51.7607539Z   submodules: false
dependency-test	Checkout Repository	2026-08-27T11:28:51.7608246Z   set-safe-directory: true
dependency-test	Checkout Repository	2026-08-27T11:28:51.7608849Z   allow-unsafe-pr-checkout: false
dependency-test	Checkout Repository	2026-08-27T11:28:51.7609671Z ##[endgroup]
dependency-test	Checkout Repository	2026-08-27T11:28:51.8526498Z Syncing repository: DhruvHegde/dependency-error-repo
dependency-test	Checkout Repository	2026-08-27T11:28:51.8528737Z ##[group]Getting Git version info
dependency-test	Checkout Repository	2026-08-27T11:28:51.8530106Z Working directory is '/home/runner/work/dependency-error-repo/dependency-error-repo'
dependency-test	Checkout Repository	2026-08-27T11:28:51.8531627Z [command]/usr/bin/git version
dependency-test	Checkout Repository	2026-08-27T11:28:51.8582699Z git version 2.55.0
dependency-test	Checkout Repository	2026-08-27T11:28:51.8602886Z ##[endgroup]
dependency-test	Checkout Repository	2026-08-27T11:28:51.8630622Z Temporarily overriding HOME='/home/runner/work/_temp/8965b045-7877-4969-a517-efafdc29948d' before making global git config changes
dependency-test	Checkout Repository	2026-08-27T11:28:51.8633194Z Adding repository directory to the temporary git global config as a safe directory
dependency-test	Checkout Repository	2026-08-27T11:28:51.8635372Z [command]/usr/bin/git config --global --add safe.directory /home/runner/work/dependency-error-repo/dependency-error-repo
dependency-test	Checkout Repository	2026-08-27T11:28:51.8679766Z Deleting the contents of '/home/runner/work/dependency-error-repo/dependency-error-repo'
dependency-test	Checkout Repository	2026-08-27T11:28:51.8682992Z ##[group]Initializing the repository
dependency-test	Checkout Repository	2026-08-27T11:28:51.8687145Z [command]/usr/bin/git init /home/runner/work/dependency-error-repo/dependency-error-repo
dependency-test	Checkout Repository	2026-08-27T11:28:51.9027866Z hint: Using 'master' as the name for the initial branch. This default branch name
dependency-test	Checkout Repository	2026-08-27T11:28:51.9030160Z hint: will change to "main" in Git 3.0. To configure the initial branch name
dependency-test	Checkout Repository	2026-08-27T11:28:51.9031717Z hint: to use in all of your new repositories, which will suppress this warning,
dependency-test	Checkout Repository	2026-08-27T11:28:51.9033353Z hint: call:
dependency-test	Checkout Repository	2026-08-27T11:28:51.9033964Z hint:
dependency-test	Checkout Repository	2026-08-27T11:28:51.9034666Z hint: 	git config --global init.defaultBranch <name>
dependency-test	Checkout Repository	2026-08-27T11:28:51.9035460Z hint:
dependency-test	Checkout Repository	2026-08-27T11:28:51.9036209Z hint: Names commonly chosen instead of 'master' are 'main', 'trunk' and
dependency-test	Checkout Repository	2026-08-27T11:28:51.9037294Z hint: 'development'. The just-created branch can be renamed via this command:
dependency-test	Checkout Repository	2026-08-27T11:28:51.9038292Z hint:
dependency-test	Checkout Repository	2026-08-27T11:28:51.9038947Z hint: 	git branch -m <name>
dependency-test	Checkout Repository	2026-08-27T11:28:51.9039549Z hint:
dependency-test	Checkout Repository	2026-08-27T11:28:51.9040398Z hint: Disable this message with "git config set advice.defaultBranchName false"
dependency-test	Checkout Repository	2026-08-27T11:28:51.9042043Z Initialized empty Git repository in /home/runner/work/dependency-error-repo/dependency-error-repo/.git/
dependency-test	Checkout Repository	2026-08-27T11:28:51.9044814Z [command]/usr/bin/git remote add origin https://github.com/DhruvHegde/dependency-error-repo
dependency-test	Checkout Repository	2026-08-27T11:28:51.9084900Z ##[endgroup]
dependency-test	Checkout Repository	2026-08-27T11:28:51.9086183Z ##[group]Disabling automatic garbage collection
dependency-test	Checkout Repository	2026-08-27T11:28:51.9088450Z [command]/usr/bin/git config --local gc.auto 0
dependency-test	Checkout Repository	2026-08-27T11:28:51.9126716Z ##[endgroup]
dependency-test	Checkout Repository	2026-08-27T11:28:51.9128475Z ##[group]Setting up auth
dependency-test	Checkout Repository	2026-08-27T11:28:51.9134643Z [command]/usr/bin/git config --local --name-only --get-regexp core\.sshCommand
dependency-test	Checkout Repository	2026-08-27T11:28:51.9172245Z [command]/usr/bin/git submodule foreach --recursive sh -c "git config --local --name-only --get-regexp 'core\.sshCommand' && git config --local --unset-all 'core.sshCommand' || :"
dependency-test	Checkout Repository	2026-08-27T11:28:52.1325614Z [command]/usr/bin/git config --local --name-only --get-regexp http\.https\:\/\/github\.com\/\.extraheader
dependency-test	Checkout Repository	2026-08-27T11:28:52.1356114Z [command]/usr/bin/git submodule foreach --recursive sh -c "git config --local --name-only --get-regexp 'http\.https\:\/\/github\.com\/\.extraheader' && git config --local --unset-all 'http.https://github.com/.extraheader' || :"
dependency-test	Checkout Repository	2026-08-27T11:28:52.1520504Z [command]/usr/bin/git config --local --name-only --get-regexp ^includeIf\.gitdir:
dependency-test	Checkout Repository	2026-08-27T11:28:52.1552205Z [command]/usr/bin/git submodule foreach --recursive git config --local --show-origin --name-only --get-regexp remote.origin.url
dependency-test	Checkout Repository	2026-08-27T11:28:52.1728030Z [command]/usr/bin/git config --local http.https://github.com/.extraheader AUTHORIZATION: basic ***
dependency-test	Checkout Repository	2026-08-27T11:28:52.1759244Z ##[endgroup]
dependency-test	Checkout Repository	2026-08-27T11:28:52.1768565Z ##[group]Fetching the repository
dependency-test	Checkout Repository	2026-08-27T11:28:52.1770021Z [command]/usr/bin/git -c protocol.version=2 fetch --no-tags --prune --no-recurse-submodules --depth=1 origin +4ff33275c173581535e13f96de0f3126f411845a:refs/remotes/origin/feature/syntax-errors
dependency-test	Checkout Repository	2026-08-27T11:28:53.2275773Z From https://github.com/DhruvHegde/dependency-error-repo
dependency-test	Checkout Repository	2026-08-27T11:28:53.2279719Z  * [new ref]         4ff33275c173581535e13f96de0f3126f411845a -> origin/feature/syntax-errors
dependency-test	Checkout Repository	2026-08-27T11:28:53.2286198Z ##[endgroup]
dependency-test	Checkout Repository	2026-08-27T11:28:53.2288458Z ##[group]Determining the checkout info
dependency-test	Checkout Repository	2026-08-27T11:28:53.2291127Z ##[endgroup]
dependency-test	Checkout Repository	2026-08-27T11:28:53.2292995Z [command]/usr/bin/git sparse-checkout disable
dependency-test	Checkout Repository	2026-08-27T11:28:53.2335931Z [command]/usr/bin/git config --local --unset-all extensions.worktreeConfig
dependency-test	Checkout Repository	2026-08-27T11:28:53.2359831Z ##[group]Checking out the ref
dependency-test	Checkout Repository	2026-08-27T11:28:53.2364071Z [command]/usr/bin/git checkout --progress --force -B feature/syntax-errors refs/remotes/origin/feature/syntax-errors
dependency-test	Checkout Repository	2026-08-27T11:28:53.2487497Z Switched to a new branch 'feature/syntax-errors'
dependency-test	Checkout Repository	2026-08-27T11:28:53.3066891Z branch 'feature/syntax-errors' set up to track 'origin/feature/syntax-errors'.
dependency-test	Checkout Repository	2026-08-27T11:28:53.3073607Z ##[endgroup]
dependency-test	Checkout Repository	2026-08-27T11:28:53.3108436Z [command]/usr/bin/git log -1 --format=%H
dependency-test	Checkout Repository	2026-08-27T11:28:53.3127782Z 4ff33275c173581535e13f96de0f3126f411845a
dependency-test	Setup Python	﻿2026-08-27T11:28:53.3457527Z Node 20 is being deprecated. This workflow is running with Node 24 by default. If you need to temporarily use Node 20, you can set the ACTIONS_ALLOW_USE_UNSECURE_NODE_VERSION=true environment variable. For more information see: https://github.blog/changelog/2025-09-19-deprecation-of-node-20-on-github-actions-runners/
dependency-test	Setup Python	2026-08-27T11:28:53.3462452Z ##[group]Run actions/setup-python@v5
dependency-test	Setup Python	2026-08-27T11:28:53.3463596Z with:
dependency-test	Setup Python	2026-08-27T11:28:53.3464395Z   python-version: 3.11
dependency-test	Setup Python	2026-08-27T11:28:53.3465338Z   check-latest: false
dependency-test	Setup Python	2026-08-27T11:28:53.3474422Z   token: ***
dependency-test	Setup Python	2026-08-27T11:28:53.3475320Z   update-environment: true
dependency-test	Setup Python	2026-08-27T11:28:53.3476333Z   allow-prereleases: false
dependency-test	Setup Python	2026-08-27T11:28:53.3477275Z   freethreaded: false
dependency-test	Setup Python	2026-08-27T11:28:53.3478163Z ##[endgroup]
dependency-test	Setup Python	2026-08-27T11:28:53.4655476Z ##[group]Installed versions
dependency-test	Setup Python	2026-08-27T11:28:53.4743300Z (node:2005) [DEP0040] DeprecationWarning: The `punycode` module is deprecated. Please use a userland alternative instead.
dependency-test	Setup Python	2026-08-27T11:28:53.4746055Z (Use `node --trace-deprecation ...` to show where the warning was created)
dependency-test	Setup Python	2026-08-27T11:28:53.4748383Z Successfully set up CPython (3.11.16)
dependency-test	Setup Python	2026-08-27T11:28:53.4751102Z ##[endgroup]
dependency-test	Install Dependencies	﻿2026-08-27T11:28:53.4956278Z ##[group]Run python -m pip install --upgrade pip
dependency-test	Install Dependencies	2026-08-27T11:28:53.4958262Z ^[[36;1mpython -m pip install --upgrade pip^[[0m
dependency-test	Install Dependencies	2026-08-27T11:28:53.4959995Z ^[[36;1mpip install -r requirements.txt^[[0m
dependency-test	Install Dependencies	2026-08-27T11:28:53.5021837Z shell: /usr/bin/bash -e {0}
dependency-test	Install Dependencies	2026-08-27T11:28:53.5024789Z env:
dependency-test	Install Dependencies	2026-08-27T11:28:53.5026589Z   pythonLocation: /opt/hostedtoolcache/Python/3.11.16/x64
dependency-test	Install Dependencies	2026-08-27T11:28:53.5029011Z   PKG_CONFIG_PATH: /opt/hostedtoolcache/Python/3.11.16/x64/lib/pkgconfig
dependency-test	Install Dependencies	2026-08-27T11:28:53.5031470Z   Python_ROOT_DIR: /opt/hostedtoolcache/Python/3.11.16/x64
dependency-test	Install Dependencies	2026-08-27T11:28:53.5033722Z   Python2_ROOT_DIR: /opt/hostedtoolcache/Python/3.11.16/x64
dependency-test	Install Dependencies	2026-08-27T11:28:53.5036064Z   Python3_ROOT_DIR: /opt/hostedtoolcache/Python/3.11.16/x64
dependency-test	Install Dependencies	2026-08-27T11:28:53.5040517Z   LD_LIBRARY_PATH: /opt/hostedtoolcache/Python/3.11.16/x64/lib
dependency-test	Install Dependencies	2026-08-27T11:28:53.5042960Z ##[endgroup]
dependency-test	Install Dependencies	2026-08-27T11:28:55.7913104Z Requirement already satisfied: pip in /opt/hostedtoolcache/Python/3.11.16/x64/lib/python3.11/site-packages (26.2.1)
dependency-test	Install Dependencies	2026-08-27T11:28:56.3944256Z Collecting pytest (from -r requirements.txt (line 1))
dependency-test	Install Dependencies	2026-08-27T11:28:56.4436005Z   Downloading pytest-9.1.1-py3-none-any.whl.metadata (7.6 kB)
dependency-test	Install Dependencies	2026-08-27T11:28:56.4684591Z Collecting iniconfig>=1.0.1 (from pytest->-r requirements.txt (line 1))
dependency-test	Install Dependencies	2026-08-27T11:28:56.4717473Z   Downloading iniconfig-2.3.0-py3-none-any.whl.metadata (2.5 kB)
dependency-test	Install Dependencies	2026-08-27T11:28:56.4840981Z Collecting packaging>=22 (from pytest->-r requirements.txt (line 1))
dependency-test	Install Dependencies	2026-08-27T11:28:56.4871644Z   Downloading packaging-26.3-py3-none-any.whl.metadata (3.5 kB)
dependency-test	Install Dependencies	2026-08-27T11:28:56.5127308Z Collecting pluggy<2,>=1.5 (from pytest->-r requirements.txt (line 1))
dependency-test	Install Dependencies	2026-08-27T11:28:56.5168538Z   Downloading pluggy-1.6.0-py3-none-any.whl.metadata (4.8 kB)
dependency-test	Install Dependencies	2026-08-27T11:28:56.5333156Z Collecting pygments>=2.7.2 (from pytest->-r requirements.txt (line 1))
dependency-test	Install Dependencies	2026-08-27T11:28:56.5364205Z   Downloading pygments-2.21.0-py3-none-any.whl.metadata (2.5 kB)
dependency-test	Install Dependencies	2026-08-27T11:28:56.5435961Z Downloading pytest-9.1.1-py3-none-any.whl (386 kB)
dependency-test	Install Dependencies	2026-08-27T11:28:56.5638329Z Downloading pluggy-1.6.0-py3-none-any.whl (20 kB)
dependency-test	Install Dependencies	2026-08-27T11:28:56.5691353Z Downloading iniconfig-2.3.0-py3-none-any.whl (7.5 kB)
dependency-test	Install Dependencies	2026-08-27T11:28:56.5740606Z Downloading packaging-26.3-py3-none-any.whl (129 kB)
dependency-test	Install Dependencies	2026-08-27T11:28:56.5940440Z Downloading pygments-2.21.0-py3-none-any.whl (1.3 MB)
dependency-test	Install Dependencies	2026-08-27T11:28:56.6109437Z    ━━━━━━━━━━━━━━━━━━━━━━━━━━━━━━━━━━━━━━━━ 1.3/1.3 MB 82.0 MB/s  0:00:00
dependency-test	Install Dependencies	2026-08-27T11:28:56.6541176Z Installing collected packages: pygments, pluggy, packaging, iniconfig, pytest
dependency-test	Install Dependencies	2026-08-27T11:28:57.5924569Z 
dependency-test	Install Dependencies	2026-08-27T11:28:57.5932242Z Successfully installed iniconfig-2.3.0 packaging-26.3 pluggy-1.6.0 pygments-2.21.0 pytest-9.1.1
dependency-test	Check App Syntax	﻿2026-08-27T11:28:57.6449611Z ##[group]Run python -c "import app"
dependency-test	Check App Syntax	2026-08-27T11:28:57.6450032Z ^[[36;1mpython -c "import app"^[[0m
dependency-test	Check App Syntax	2026-08-27T11:28:57.6471699Z shell: /usr/bin/bash -e {0}
dependency-test	Check App Syntax	2026-08-27T11:28:57.6472060Z env:
dependency-test	Check App Syntax	2026-08-27T11:28:57.6472381Z   pythonLocation: /opt/hostedtoolcache/Python/3.11.16/x64
dependency-test	Check App Syntax	2026-08-27T11:28:57.6472976Z   PKG_CONFIG_PATH: /opt/hostedtoolcache/Python/3.11.16/x64/lib/pkgconfig
dependency-test	Check App Syntax	2026-08-27T11:28:57.6473411Z   Python_ROOT_DIR: /opt/hostedtoolcache/Python/3.11.16/x64
dependency-test	Check App Syntax	2026-08-27T11:28:57.6473815Z   Python2_ROOT_DIR: /opt/hostedtoolcache/Python/3.11.16/x64
dependency-test	Check App Syntax	2026-08-27T11:28:57.6474258Z   Python3_ROOT_DIR: /opt/hostedtoolcache/Python/3.11.16/x64
dependency-test	Check App Syntax	2026-08-27T11:28:57.6474690Z   LD_LIBRARY_PATH: /opt/hostedtoolcache/Python/3.11.16/x64/lib
dependency-test	Check App Syntax	2026-08-27T11:28:57.6475046Z ##[endgroup]
dependency-test	Check App Syntax	2026-08-27T11:28:57.6595533Z Traceback (most recent call last):
dependency-test	Check App Syntax	2026-08-27T11:28:57.6600816Z   File "<string>", line 1, in <module>
dependency-test	Check App Syntax	2026-08-27T11:28:57.6601463Z   File "/home/runner/work/dependency-error-repo/dependency-error-repo/app.py", line 4
dependency-test	Check App Syntax	2026-08-27T11:28:57.6602064Z     if (a + b := 5):
dependency-test	Check App Syntax	2026-08-27T11:28:57.6602336Z         ^^^^^
dependency-test	Check App Syntax	2026-08-27T11:28:57.6602838Z SyntaxError: cannot use assignment expressions with expression
dependency-test	Check App Syntax	2026-08-27T11:28:57.6626217Z ##[error]Process completed with exit code 1.
dependency-test	Post Checkout Repository	﻿2026-08-27T11:28:57.6773404Z Node 20 is being deprecated. This workflow is running with Node 24 by default. If you need to temporarily use Node 20, you can set the ACTIONS_ALLOW_USE_UNSECURE_NODE_VERSION=true environment variable. For more information see: https://github.blog/changelog/2025-09-19-deprecation-of-node-20-on-github-actions-runners/
dependency-test	Post Checkout Repository	2026-08-27T11:28:57.6774630Z Post job cleanup.
dependency-test	Post Checkout Repository	2026-08-27T11:28:57.7481866Z [command]/usr/bin/git version
dependency-test	Post Checkout Repository	2026-08-27T11:28:57.7511948Z git version 2.55.0
dependency-test	Post Checkout Repository	2026-08-27T11:28:57.7539399Z Temporarily overriding HOME='/home/runner/work/_temp/fa8c1873-7a67-492b-aa3b-e78031bbdebe' before making global git config changes
dependency-test	Post Checkout Repository	2026-08-27T11:28:57.7540837Z Adding repository directory to the temporary git global config as a safe directory
dependency-test	Post Checkout Repository	2026-08-27T11:28:57.7544602Z [command]/usr/bin/git config --global --add safe.directory /home/runner/work/dependency-error-repo/dependency-error-repo
dependency-test	Post Checkout Repository	2026-08-27T11:28:57.7603668Z [command]/usr/bin/git config --local --name-only --get-regexp core\.sshCommand
dependency-test	Post Checkout Repository	2026-08-27T11:28:57.7613851Z [command]/usr/bin/git submodule foreach --recursive sh -c "git config --local --name-only --get-regexp 'core\.sshCommand' && git config --local --unset-all 'core.sshCommand' || :"
dependency-test	Post Checkout Repository	2026-08-27T11:28:57.7817296Z [command]/usr/bin/git config --local --name-only --get-regexp http\.https\:\/\/github\.com\/\.extraheader
dependency-test	Post Checkout Repository	2026-08-27T11:28:57.8810494Z http.https://github.com/.extraheader
dependency-test	Post Checkout Repository	2026-08-27T11:28:57.8823698Z [command]/usr/bin/git config --local --unset-all http.https://github.com/.extraheader
dependency-test	Post Checkout Repository	2026-08-27T11:28:57.8855499Z [command]/usr/bin/git submodule foreach --recursive sh -c "git config --local --name-only --get-regexp 'http\.https\:\/\/github\.com\/\.extraheader' && git config --local --unset-all 'http.https://github.com/.extraheader' || :"
dependency-test	Post Checkout Repository	2026-08-27T11:28:57.9023613Z [command]/usr/bin/git config --local --name-only --get-regexp ^includeIf\.gitdir:
dependency-test	Post Checkout Repository	2026-08-27T11:28:57.9048083Z [command]/usr/bin/git submodule foreach --recursive git config --local --show-origin --name-only --get-regexp remote.origin.url
dependency-test	Complete job	﻿2026-08-27T11:28:57.9314656Z Cleaning up orphan processes
dependency-test	Complete job	2026-08-27T11:28:57.9544462Z ##[warning]Node.js 20 is deprecated. The following actions target Node.js 20 but are being forced to run on Node.js 24: actions/checkout@v4, actions/setup-python@v5. For more information see: https://github.blog/changelog/2025-09-19-deprecation-of-node-20-on-github-actions-runners/