dependency-test	Set up job	﻿2026-08-27T12:37:40.0432576Z Current runner version: '2.336.0'
dependency-test	Set up job	2026-08-27T12:37:40.0461138Z ##[group]Runner Image Provisioner
dependency-test	Set up job	2026-08-27T12:37:40.0462116Z Hosted Compute Agent
dependency-test	Set up job	2026-08-27T12:37:40.0462745Z Version: 20260819.586
dependency-test	Set up job	2026-08-27T12:37:40.0463439Z Commit: 3cc4a88dfa507ef76119ad1bb3eccc6378bb2b76
dependency-test	Set up job	2026-08-27T12:37:40.0464240Z Build Date: 2026-08-18T23:20:18Z
dependency-test	Set up job	2026-08-27T12:37:40.0464951Z Worker ID: {86aa6538-554f-489c-bdab-46bb75f9514b}
dependency-test	Set up job	2026-08-27T12:37:40.0465929Z Azure Region: eastus2
dependency-test	Set up job	2026-08-27T12:37:40.0466537Z ##[endgroup]
dependency-test	Set up job	2026-08-27T12:37:40.0467998Z ##[group]Operating System
dependency-test	Set up job	2026-08-27T12:37:40.0468726Z Ubuntu
dependency-test	Set up job	2026-08-27T12:37:40.0469291Z 24.04.4
dependency-test	Set up job	2026-08-27T12:37:40.0469800Z LTS
dependency-test	Set up job	2026-08-27T12:37:40.0470435Z ##[endgroup]
dependency-test	Set up job	2026-08-27T12:37:40.0471040Z ##[group]Runner Image
dependency-test	Set up job	2026-08-27T12:37:40.0471690Z Image: ubuntu-24.04
dependency-test	Set up job	2026-08-27T12:37:40.0472301Z Version: 20260823.283.1
dependency-test	Set up job	2026-08-27T12:37:40.0473423Z Included Software: https://github.com/actions/runner-images/blob/ubuntu24/20260823.283/images/ubuntu/Ubuntu2404-Readme.md
dependency-test	Set up job	2026-08-27T12:37:40.0475405Z Image Release: https://github.com/actions/runner-images/releases/tag/ubuntu24%2F20260823.283
dependency-test	Set up job	2026-08-27T12:37:40.0476481Z ##[endgroup]
dependency-test	Set up job	2026-08-27T12:37:40.0477763Z ##[group]GITHUB_TOKEN Permissions
dependency-test	Set up job	2026-08-27T12:37:40.0480574Z Contents: read
dependency-test	Set up job	2026-08-27T12:37:40.0481266Z Metadata: read
dependency-test	Set up job	2026-08-27T12:37:40.0481918Z Packages: read
dependency-test	Set up job	2026-08-27T12:37:40.0482526Z ##[endgroup]
dependency-test	Set up job	2026-08-27T12:37:40.0485334Z Secret source: Actions
dependency-test	Set up job	2026-08-27T12:37:40.0487464Z Prepare workflow directory
dependency-test	Set up job	2026-08-27T12:37:40.0826158Z Prepare all required actions
dependency-test	Set up job	2026-08-27T12:37:40.0876649Z Getting action download info
dependency-test	Set up job	2026-08-27T12:37:40.3169535Z Download action repository 'actions/checkout@v4' (SHA:11d5960a326750d5838078e36cf38b85af677262)
dependency-test	Set up job	2026-08-27T12:37:40.4395897Z Download action repository 'actions/setup-python@v5' (SHA:a26af69be951a213d495a4c3e4e4022e16d87065)
dependency-test	Set up job	2026-08-27T12:37:40.6383030Z Complete job name: dependency-test
dependency-test	Checkout Repository	﻿2026-08-27T12:37:40.7157313Z Node 20 is being deprecated. This workflow is running with Node 24 by default. If you need to temporarily use Node 20, you can set the ACTIONS_ALLOW_USE_UNSECURE_NODE_VERSION=true environment variable. For more information see: https://github.blog/changelog/2025-09-19-deprecation-of-node-20-on-github-actions-runners/
dependency-test	Checkout Repository	2026-08-27T12:37:40.7166640Z ##[group]Run actions/checkout@v4
dependency-test	Checkout Repository	2026-08-27T12:37:40.7167384Z with:
dependency-test	Checkout Repository	2026-08-27T12:37:40.7167896Z   repository: DhruvHegde/dependency-error-repo
dependency-test	Checkout Repository	2026-08-27T12:37:40.7172211Z   token: ***
dependency-test	Checkout Repository	2026-08-27T12:37:40.7172654Z   ssh-strict: true
dependency-test	Checkout Repository	2026-08-27T12:37:40.7173100Z   ssh-user: git
dependency-test	Checkout Repository	2026-08-27T12:37:40.7173552Z   persist-credentials: true
dependency-test	Checkout Repository	2026-08-27T12:37:40.7174046Z   clean: true
dependency-test	Checkout Repository	2026-08-27T12:37:40.7174488Z   sparse-checkout-cone-mode: true
dependency-test	Checkout Repository	2026-08-27T12:37:40.7175189Z   fetch-depth: 1
dependency-test	Checkout Repository	2026-08-27T12:37:40.7175623Z   fetch-tags: false
dependency-test	Checkout Repository	2026-08-27T12:37:40.7176064Z   show-progress: true
dependency-test	Checkout Repository	2026-08-27T12:37:40.7176509Z   lfs: false
dependency-test	Checkout Repository	2026-08-27T12:37:40.7176921Z   submodules: false
dependency-test	Checkout Repository	2026-08-27T12:37:40.7177450Z   set-safe-directory: true
dependency-test	Checkout Repository	2026-08-27T12:37:40.7177968Z   allow-unsafe-pr-checkout: false
dependency-test	Checkout Repository	2026-08-27T12:37:40.7178709Z ##[endgroup]
dependency-test	Checkout Repository	2026-08-27T12:37:40.8248587Z Syncing repository: DhruvHegde/dependency-error-repo
dependency-test	Checkout Repository	2026-08-27T12:37:40.8251402Z ##[group]Getting Git version info
dependency-test	Checkout Repository	2026-08-27T12:37:40.8252808Z Working directory is '/home/runner/work/dependency-error-repo/dependency-error-repo'
dependency-test	Checkout Repository	2026-08-27T12:37:40.8254770Z [command]/usr/bin/git version
dependency-test	Checkout Repository	2026-08-27T12:37:40.8298109Z git version 2.55.0
dependency-test	Checkout Repository	2026-08-27T12:37:40.8364690Z ##[endgroup]
dependency-test	Checkout Repository	2026-08-27T12:37:40.8374947Z Temporarily overriding HOME='/home/runner/work/_temp/68ad85fc-3810-42fe-b429-03d3b7428ac9' before making global git config changes
dependency-test	Checkout Repository	2026-08-27T12:37:40.8377872Z Adding repository directory to the temporary git global config as a safe directory
dependency-test	Checkout Repository	2026-08-27T12:37:40.8382848Z [command]/usr/bin/git config --global --add safe.directory /home/runner/work/dependency-error-repo/dependency-error-repo
dependency-test	Checkout Repository	2026-08-27T12:37:40.8446423Z Deleting the contents of '/home/runner/work/dependency-error-repo/dependency-error-repo'
dependency-test	Checkout Repository	2026-08-27T12:37:40.8460940Z ##[group]Initializing the repository
dependency-test	Checkout Repository	2026-08-27T12:37:40.8465859Z [command]/usr/bin/git init /home/runner/work/dependency-error-repo/dependency-error-repo
dependency-test	Checkout Repository	2026-08-27T12:37:40.8582977Z hint: Using 'master' as the name for the initial branch. This default branch name
dependency-test	Checkout Repository	2026-08-27T12:37:40.8585261Z hint: will change to "main" in Git 3.0. To configure the initial branch name
dependency-test	Checkout Repository	2026-08-27T12:37:40.8587608Z hint: to use in all of your new repositories, which will suppress this warning,
dependency-test	Checkout Repository	2026-08-27T12:37:40.8588885Z hint: call:
dependency-test	Checkout Repository	2026-08-27T12:37:40.8589506Z hint:
dependency-test	Checkout Repository	2026-08-27T12:37:40.8590297Z hint: 	git config --global init.defaultBranch <name>
dependency-test	Checkout Repository	2026-08-27T12:37:40.8591239Z hint:
dependency-test	Checkout Repository	2026-08-27T12:37:40.8592134Z hint: Names commonly chosen instead of 'master' are 'main', 'trunk' and
dependency-test	Checkout Repository	2026-08-27T12:37:40.8593604Z hint: 'development'. The just-created branch can be renamed via this command:
dependency-test	Checkout Repository	2026-08-27T12:37:40.8594870Z hint:
dependency-test	Checkout Repository	2026-08-27T12:37:40.8595743Z hint: 	git branch -m <name>
dependency-test	Checkout Repository	2026-08-27T12:37:40.8596494Z hint:
dependency-test	Checkout Repository	2026-08-27T12:37:40.8597454Z hint: Disable this message with "git config set advice.defaultBranchName false"
dependency-test	Checkout Repository	2026-08-27T12:37:40.8599273Z Initialized empty Git repository in /home/runner/work/dependency-error-repo/dependency-error-repo/.git/
dependency-test	Checkout Repository	2026-08-27T12:37:40.8602315Z [command]/usr/bin/git remote add origin https://github.com/DhruvHegde/dependency-error-repo
dependency-test	Checkout Repository	2026-08-27T12:37:40.8648528Z ##[endgroup]
dependency-test	Checkout Repository	2026-08-27T12:37:40.8649783Z ##[group]Disabling automatic garbage collection
dependency-test	Checkout Repository	2026-08-27T12:37:40.8653024Z [command]/usr/bin/git config --local gc.auto 0
dependency-test	Checkout Repository	2026-08-27T12:37:40.8689609Z ##[endgroup]
dependency-test	Checkout Repository	2026-08-27T12:37:40.8690837Z ##[group]Setting up auth
dependency-test	Checkout Repository	2026-08-27T12:37:40.8698036Z [command]/usr/bin/git config --local --name-only --get-regexp core\.sshCommand
dependency-test	Checkout Repository	2026-08-27T12:37:40.8739022Z [command]/usr/bin/git submodule foreach --recursive sh -c "git config --local --name-only --get-regexp 'core\.sshCommand' && git config --local --unset-all 'core.sshCommand' || :"
dependency-test	Checkout Repository	2026-08-27T12:37:40.9139923Z [command]/usr/bin/git config --local --name-only --get-regexp http\.https\:\/\/github\.com\/\.extraheader
dependency-test	Checkout Repository	2026-08-27T12:37:40.9181295Z [command]/usr/bin/git submodule foreach --recursive sh -c "git config --local --name-only --get-regexp 'http\.https\:\/\/github\.com\/\.extraheader' && git config --local --unset-all 'http.https://github.com/.extraheader' || :"
dependency-test	Checkout Repository	2026-08-27T12:37:40.9432682Z [command]/usr/bin/git config --local --name-only --get-regexp ^includeIf\.gitdir:
dependency-test	Checkout Repository	2026-08-27T12:37:40.9474513Z [command]/usr/bin/git submodule foreach --recursive git config --local --show-origin --name-only --get-regexp remote.origin.url
dependency-test	Checkout Repository	2026-08-27T12:37:40.9723241Z [command]/usr/bin/git config --local http.https://github.com/.extraheader AUTHORIZATION: basic ***
dependency-test	Checkout Repository	2026-08-27T12:37:40.9767282Z ##[endgroup]
dependency-test	Checkout Repository	2026-08-27T12:37:40.9776937Z ##[group]Fetching the repository
dependency-test	Checkout Repository	2026-08-27T12:37:40.9778627Z [command]/usr/bin/git -c protocol.version=2 fetch --no-tags --prune --no-recurse-submodules --depth=1 origin +06ab3797e9be94bcf7536254001ceb307d17613e:refs/remotes/origin/feature/syntax-errors
dependency-test	Checkout Repository	2026-08-27T12:37:41.2678472Z From https://github.com/DhruvHegde/dependency-error-repo
dependency-test	Checkout Repository	2026-08-27T12:37:41.2680549Z  * [new ref]         06ab3797e9be94bcf7536254001ceb307d17613e -> origin/feature/syntax-errors
dependency-test	Checkout Repository	2026-08-27T12:37:41.2684186Z ##[endgroup]
dependency-test	Checkout Repository	2026-08-27T12:37:41.2685872Z ##[group]Determining the checkout info
dependency-test	Checkout Repository	2026-08-27T12:37:41.2687649Z ##[endgroup]
dependency-test	Checkout Repository	2026-08-27T12:37:41.2694188Z [command]/usr/bin/git sparse-checkout disable
dependency-test	Checkout Repository	2026-08-27T12:37:41.2756548Z [command]/usr/bin/git config --local --unset-all extensions.worktreeConfig
dependency-test	Checkout Repository	2026-08-27T12:37:41.2797979Z ##[group]Checking out the ref
dependency-test	Checkout Repository	2026-08-27T12:37:41.2799442Z [command]/usr/bin/git checkout --progress --force -B feature/syntax-errors refs/remotes/origin/feature/syntax-errors
dependency-test	Checkout Repository	2026-08-27T12:37:41.2990517Z Switched to a new branch 'feature/syntax-errors'
dependency-test	Checkout Repository	2026-08-27T12:37:41.2997409Z branch 'feature/syntax-errors' set up to track 'origin/feature/syntax-errors'.
dependency-test	Checkout Repository	2026-08-27T12:37:41.3006098Z ##[endgroup]
dependency-test	Checkout Repository	2026-08-27T12:37:41.3058635Z [command]/usr/bin/git log -1 --format=%H
dependency-test	Checkout Repository	2026-08-27T12:37:41.3090255Z 06ab3797e9be94bcf7536254001ceb307d17613e
dependency-test	Setup Python	﻿2026-08-27T12:37:41.3407199Z Node 20 is being deprecated. This workflow is running with Node 24 by default. If you need to temporarily use Node 20, you can set the ACTIONS_ALLOW_USE_UNSECURE_NODE_VERSION=true environment variable. For more information see: https://github.blog/changelog/2025-09-19-deprecation-of-node-20-on-github-actions-runners/
dependency-test	Setup Python	2026-08-27T12:37:41.3410284Z ##[group]Run actions/setup-python@v5
dependency-test	Setup Python	2026-08-27T12:37:41.3410877Z with:
dependency-test	Setup Python	2026-08-27T12:37:41.3411342Z   python-version: 3.11
dependency-test	Setup Python	2026-08-27T12:37:41.3411854Z   check-latest: false
dependency-test	Setup Python	2026-08-27T12:37:41.3416510Z   token: ***
dependency-test	Setup Python	2026-08-27T12:37:41.3416998Z   update-environment: true
dependency-test	Setup Python	2026-08-27T12:37:41.3417540Z   allow-prereleases: false
dependency-test	Setup Python	2026-08-27T12:37:41.3418073Z   freethreaded: false
dependency-test	Setup Python	2026-08-27T12:37:41.3418565Z ##[endgroup]
dependency-test	Setup Python	2026-08-27T12:37:41.4807914Z ##[group]Installed versions
dependency-test	Setup Python	2026-08-27T12:37:41.4918803Z (node:2224) [DEP0040] DeprecationWarning: The `punycode` module is deprecated. Please use a userland alternative instead.
dependency-test	Setup Python	2026-08-27T12:37:41.4921173Z (Use `node --trace-deprecation ...` to show where the warning was created)
dependency-test	Setup Python	2026-08-27T12:37:41.4922397Z Successfully set up CPython (3.11.16)
dependency-test	Setup Python	2026-08-27T12:37:41.4924053Z ##[endgroup]
dependency-test	Install Dependencies	﻿2026-08-27T12:37:41.5093585Z ##[group]Run python -m pip install --upgrade pip
dependency-test	Install Dependencies	2026-08-27T12:37:41.5094566Z ^[[36;1mpython -m pip install --upgrade pip^[[0m
dependency-test	Install Dependencies	2026-08-27T12:37:41.5095579Z ^[[36;1mpip install -r requirements.txt^[[0m
dependency-test	Install Dependencies	2026-08-27T12:37:41.5154227Z shell: /usr/bin/bash -e {0}
dependency-test	Install Dependencies	2026-08-27T12:37:41.5154892Z env:
dependency-test	Install Dependencies	2026-08-27T12:37:41.5155706Z   pythonLocation: /opt/hostedtoolcache/Python/3.11.16/x64
dependency-test	Install Dependencies	2026-08-27T12:37:41.5156674Z   PKG_CONFIG_PATH: /opt/hostedtoolcache/Python/3.11.16/x64/lib/pkgconfig
dependency-test	Install Dependencies	2026-08-27T12:37:41.5157632Z   Python_ROOT_DIR: /opt/hostedtoolcache/Python/3.11.16/x64
dependency-test	Install Dependencies	2026-08-27T12:37:41.5158471Z   Python2_ROOT_DIR: /opt/hostedtoolcache/Python/3.11.16/x64
dependency-test	Install Dependencies	2026-08-27T12:37:41.5159325Z   Python3_ROOT_DIR: /opt/hostedtoolcache/Python/3.11.16/x64
dependency-test	Install Dependencies	2026-08-27T12:37:41.5160152Z   LD_LIBRARY_PATH: /opt/hostedtoolcache/Python/3.11.16/x64/lib
dependency-test	Install Dependencies	2026-08-27T12:37:41.5160859Z ##[endgroup]
dependency-test	Install Dependencies	2026-08-27T12:37:42.1660476Z Requirement already satisfied: pip in /opt/hostedtoolcache/Python/3.11.16/x64/lib/python3.11/site-packages (26.2.1)
dependency-test	Install Dependencies	2026-08-27T12:37:42.7773457Z Collecting pytest (from -r requirements.txt (line 1))
dependency-test	Install Dependencies	2026-08-27T12:37:42.8429022Z   Downloading pytest-9.1.1-py3-none-any.whl.metadata (7.6 kB)
dependency-test	Install Dependencies	2026-08-27T12:37:42.8597694Z Collecting iniconfig>=1.0.1 (from pytest->-r requirements.txt (line 1))
dependency-test	Install Dependencies	2026-08-27T12:37:42.8675931Z   Downloading iniconfig-2.3.0-py3-none-any.whl.metadata (2.5 kB)
dependency-test	Install Dependencies	2026-08-27T12:37:42.8863908Z Collecting packaging>=22 (from pytest->-r requirements.txt (line 1))
dependency-test	Install Dependencies	2026-08-27T12:37:42.8945799Z   Downloading packaging-26.3-py3-none-any.whl.metadata (3.5 kB)
dependency-test	Install Dependencies	2026-08-27T12:37:42.9121650Z Collecting pluggy<2,>=1.5 (from pytest->-r requirements.txt (line 1))
dependency-test	Install Dependencies	2026-08-27T12:37:42.9211036Z   Downloading pluggy-1.6.0-py3-none-any.whl.metadata (4.8 kB)
dependency-test	Install Dependencies	2026-08-27T12:37:42.9439128Z Collecting pygments>=2.7.2 (from pytest->-r requirements.txt (line 1))
dependency-test	Install Dependencies	2026-08-27T12:37:42.9519765Z   Downloading pygments-2.21.0-py3-none-any.whl.metadata (2.5 kB)
dependency-test	Install Dependencies	2026-08-27T12:37:42.9644602Z Downloading pytest-9.1.1-py3-none-any.whl (386 kB)
dependency-test	Install Dependencies	2026-08-27T12:37:42.9972771Z Downloading pluggy-1.6.0-py3-none-any.whl (20 kB)
dependency-test	Install Dependencies	2026-08-27T12:37:43.0072120Z Downloading iniconfig-2.3.0-py3-none-any.whl (7.5 kB)
dependency-test	Install Dependencies	2026-08-27T12:37:43.0171835Z Downloading packaging-26.3-py3-none-any.whl (129 kB)
dependency-test	Install Dependencies	2026-08-27T12:37:43.0280814Z Downloading pygments-2.21.0-py3-none-any.whl (1.3 MB)
dependency-test	Install Dependencies	2026-08-27T12:37:43.0511290Z    ━━━━━━━━━━━━━━━━━━━━━━━━━━━━━━━━━━━━━━━━ 1.3/1.3 MB 51.0 MB/s  0:00:00
dependency-test	Install Dependencies	2026-08-27T12:37:43.1079443Z Installing collected packages: pygments, pluggy, packaging, iniconfig, pytest
dependency-test	Install Dependencies	2026-08-27T12:37:44.1299088Z 
dependency-test	Install Dependencies	2026-08-27T12:37:44.1310015Z Successfully installed iniconfig-2.3.0 packaging-26.3 pluggy-1.6.0 pygments-2.21.0 pytest-9.1.1
dependency-test	Check App Syntax	﻿2026-08-27T12:37:44.2012968Z ##[group]Run python -c "import app"
dependency-test	Check App Syntax	2026-08-27T12:37:44.2013352Z ^[[36;1mpython -c "import app"^[[0m
dependency-test	Check App Syntax	2026-08-27T12:37:44.2057712Z shell: /usr/bin/bash -e {0}
dependency-test	Check App Syntax	2026-08-27T12:37:44.2058004Z env:
dependency-test	Check App Syntax	2026-08-27T12:37:44.2058293Z   pythonLocation: /opt/hostedtoolcache/Python/3.11.16/x64
dependency-test	Check App Syntax	2026-08-27T12:37:44.2058764Z   PKG_CONFIG_PATH: /opt/hostedtoolcache/Python/3.11.16/x64/lib/pkgconfig
dependency-test	Check App Syntax	2026-08-27T12:37:44.2059210Z   Python_ROOT_DIR: /opt/hostedtoolcache/Python/3.11.16/x64
dependency-test	Check App Syntax	2026-08-27T12:37:44.2059598Z   Python2_ROOT_DIR: /opt/hostedtoolcache/Python/3.11.16/x64
dependency-test	Check App Syntax	2026-08-27T12:37:44.2059996Z   Python3_ROOT_DIR: /opt/hostedtoolcache/Python/3.11.16/x64
dependency-test	Check App Syntax	2026-08-27T12:37:44.2060400Z   LD_LIBRARY_PATH: /opt/hostedtoolcache/Python/3.11.16/x64/lib
dependency-test	Check App Syntax	2026-08-27T12:37:44.2060775Z ##[endgroup]
dependency-test	Check App Syntax	2026-08-27T12:37:44.2241026Z Traceback (most recent call last):
dependency-test	Check App Syntax	2026-08-27T12:37:44.2247447Z   File "<string>", line 1, in <module>
dependency-test	Check App Syntax	2026-08-27T12:37:44.2248145Z   File "/home/runner/work/dependency-error-repo/dependency-error-repo/app.py", line 5
dependency-test	Check App Syntax	2026-08-27T12:37:44.2248679Z     x +=
dependency-test	Check App Syntax	2026-08-27T12:37:44.2248880Z         ^
dependency-test	Check App Syntax	2026-08-27T12:37:44.2249108Z SyntaxError: invalid syntax
dependency-test	Check App Syntax	2026-08-27T12:37:44.2281160Z ##[error]Process completed with exit code 1.
dependency-test	Post Checkout Repository	﻿2026-08-27T12:37:44.2439965Z Node 20 is being deprecated. This workflow is running with Node 24 by default. If you need to temporarily use Node 20, you can set the ACTIONS_ALLOW_USE_UNSECURE_NODE_VERSION=true environment variable. For more information see: https://github.blog/changelog/2025-09-19-deprecation-of-node-20-on-github-actions-runners/
dependency-test	Post Checkout Repository	2026-08-27T12:37:44.2441233Z Post job cleanup.
dependency-test	Post Checkout Repository	2026-08-27T12:37:44.3338535Z [command]/usr/bin/git version
dependency-test	Post Checkout Repository	2026-08-27T12:37:44.3416234Z git version 2.55.0
dependency-test	Post Checkout Repository	2026-08-27T12:37:44.3455841Z Temporarily overriding HOME='/home/runner/work/_temp/9c5a013c-7263-4d83-806a-5522d9e8c74c' before making global git config changes
dependency-test	Post Checkout Repository	2026-08-27T12:37:44.3457151Z Adding repository directory to the temporary git global config as a safe directory
dependency-test	Post Checkout Repository	2026-08-27T12:37:44.3462423Z [command]/usr/bin/git config --global --add safe.directory /home/runner/work/dependency-error-repo/dependency-error-repo
dependency-test	Post Checkout Repository	2026-08-27T12:37:44.3509396Z [command]/usr/bin/git config --local --name-only --get-regexp core\.sshCommand
dependency-test	Post Checkout Repository	2026-08-27T12:37:44.3556704Z [command]/usr/bin/git submodule foreach --recursive sh -c "git config --local --name-only --get-regexp 'core\.sshCommand' && git config --local --unset-all 'core.sshCommand' || :"
dependency-test	Post Checkout Repository	2026-08-27T12:37:44.3832222Z [command]/usr/bin/git config --local --name-only --get-regexp http\.https\:\/\/github\.com\/\.extraheader
dependency-test	Post Checkout Repository	2026-08-27T12:37:44.3866694Z http.https://github.com/.extraheader
dependency-test	Post Checkout Repository	2026-08-27T12:37:44.3879466Z [command]/usr/bin/git config --local --unset-all http.https://github.com/.extraheader
dependency-test	Post Checkout Repository	2026-08-27T12:37:44.3918440Z [command]/usr/bin/git submodule foreach --recursive sh -c "git config --local --name-only --get-regexp 'http\.https\:\/\/github\.com\/\.extraheader' && git config --local --unset-all 'http.https://github.com/.extraheader' || :"
dependency-test	Post Checkout Repository	2026-08-27T12:37:44.4191341Z [command]/usr/bin/git config --local --name-only --get-regexp ^includeIf\.gitdir:
dependency-test	Post Checkout Repository	2026-08-27T12:37:44.4240168Z [command]/usr/bin/git submodule foreach --recursive git config --local --show-origin --name-only --get-regexp remote.origin.url
dependency-test	Complete job	﻿2026-08-27T12:37:44.4685918Z Cleaning up orphan processes
dependency-test	Complete job	2026-08-27T12:37:44.4983799Z ##[warning]Node.js 20 is deprecated. The following actions target Node.js 20 but are being forced to run on Node.js 24: actions/checkout@v4, actions/setup-python@v5. For more information see: https://github.blog/changelog/2025-09-19-deprecation-of-node-20-on-github-actions-runners/