dependency-test	Set up job	﻿2026-08-27T14:06:51.4563563Z Current runner version: '2.336.0'
dependency-test	Set up job	2026-08-27T14:06:51.4590544Z ##[group]Runner Image Provisioner
dependency-test	Set up job	2026-08-27T14:06:51.4591522Z Hosted Compute Agent
dependency-test	Set up job	2026-08-27T14:06:51.4592149Z Version: 20260819.586
dependency-test	Set up job	2026-08-27T14:06:51.4592894Z Commit: 3cc4a88dfa507ef76119ad1bb3eccc6378bb2b76
dependency-test	Set up job	2026-08-27T14:06:51.4593749Z Build Date: 2026-08-18T23:20:18Z
dependency-test	Set up job	2026-08-27T14:06:51.4594906Z Worker ID: {975c3793-f05b-4e17-9bfe-3b166a3d0a49}
dependency-test	Set up job	2026-08-27T14:06:51.4595737Z Azure Region: westus3
dependency-test	Set up job	2026-08-27T14:06:51.4596344Z ##[endgroup]
dependency-test	Set up job	2026-08-27T14:06:51.4597980Z ##[group]Operating System
dependency-test	Set up job	2026-08-27T14:06:51.4598709Z Ubuntu
dependency-test	Set up job	2026-08-27T14:06:51.4599236Z 24.04.4
dependency-test	Set up job	2026-08-27T14:06:51.4599825Z LTS
dependency-test	Set up job	2026-08-27T14:06:51.4600355Z ##[endgroup]
dependency-test	Set up job	2026-08-27T14:06:51.4600954Z ##[group]Runner Image
dependency-test	Set up job	2026-08-27T14:06:51.4601667Z Image: ubuntu-24.04
dependency-test	Set up job	2026-08-27T14:06:51.4602227Z Version: 20260823.283.1
dependency-test	Set up job	2026-08-27T14:06:51.4603393Z Included Software: https://github.com/actions/runner-images/blob/ubuntu24/20260823.283/images/ubuntu/Ubuntu2404-Readme.md
dependency-test	Set up job	2026-08-27T14:06:51.4605603Z Image Release: https://github.com/actions/runner-images/releases/tag/ubuntu24%2F20260823.283
dependency-test	Set up job	2026-08-27T14:06:51.4606762Z ##[endgroup]
dependency-test	Set up job	2026-08-27T14:06:51.4608011Z ##[group]GITHUB_TOKEN Permissions
dependency-test	Set up job	2026-08-27T14:06:51.4609950Z Contents: read
dependency-test	Set up job	2026-08-27T14:06:51.4610562Z Metadata: read
dependency-test	Set up job	2026-08-27T14:06:51.4611671Z Packages: read
dependency-test	Set up job	2026-08-27T14:06:51.4612263Z ##[endgroup]
dependency-test	Set up job	2026-08-27T14:06:51.4614691Z Secret source: Actions
dependency-test	Set up job	2026-08-27T14:06:51.4615854Z Prepare workflow directory
dependency-test	Set up job	2026-08-27T14:06:51.5015056Z Prepare all required actions
dependency-test	Set up job	2026-08-27T14:06:51.5063146Z Getting action download info
dependency-test	Set up job	2026-08-27T14:06:51.8429369Z Download action repository 'actions/checkout@v4' (SHA:11d5960a326750d5838078e36cf38b85af677262)
dependency-test	Set up job	2026-08-27T14:06:51.9955704Z Download action repository 'actions/setup-python@v5' (SHA:a26af69be951a213d495a4c3e4e4022e16d87065)
dependency-test	Set up job	2026-08-27T14:06:52.1816299Z Complete job name: dependency-test
dependency-test	Checkout Repository	﻿2026-08-27T14:06:52.2582198Z Node 20 is being deprecated. This workflow is running with Node 24 by default. If you need to temporarily use Node 20, you can set the ACTIONS_ALLOW_USE_UNSECURE_NODE_VERSION=true environment variable. For more information see: https://github.blog/changelog/2025-09-19-deprecation-of-node-20-on-github-actions-runners/
dependency-test	Checkout Repository	2026-08-27T14:06:52.2591100Z ##[group]Run actions/checkout@v4
dependency-test	Checkout Repository	2026-08-27T14:06:52.2591892Z with:
dependency-test	Checkout Repository	2026-08-27T14:06:52.2592406Z   repository: DhruvHegde/dependency-error-repo
dependency-test	Checkout Repository	2026-08-27T14:06:52.2597097Z   token: ***
dependency-test	Checkout Repository	2026-08-27T14:06:52.2597544Z   ssh-strict: true
dependency-test	Checkout Repository	2026-08-27T14:06:52.2597999Z   ssh-user: git
dependency-test	Checkout Repository	2026-08-27T14:06:52.2598478Z   persist-credentials: true
dependency-test	Checkout Repository	2026-08-27T14:06:52.2598992Z   clean: true
dependency-test	Checkout Repository	2026-08-27T14:06:52.2599461Z   sparse-checkout-cone-mode: true
dependency-test	Checkout Repository	2026-08-27T14:06:52.2600002Z   fetch-depth: 1
dependency-test	Checkout Repository	2026-08-27T14:06:52.2600451Z   fetch-tags: false
dependency-test	Checkout Repository	2026-08-27T14:06:52.2600917Z   show-progress: true
dependency-test	Checkout Repository	2026-08-27T14:06:52.2601377Z   lfs: false
dependency-test	Checkout Repository	2026-08-27T14:06:52.2601811Z   submodules: false
dependency-test	Checkout Repository	2026-08-27T14:06:52.2602320Z   set-safe-directory: true
dependency-test	Checkout Repository	2026-08-27T14:06:52.2602849Z   allow-unsafe-pr-checkout: false
dependency-test	Checkout Repository	2026-08-27T14:06:52.2603654Z ##[endgroup]
dependency-test	Checkout Repository	2026-08-27T14:06:52.3616139Z Syncing repository: DhruvHegde/dependency-error-repo
dependency-test	Checkout Repository	2026-08-27T14:06:52.3619149Z ##[group]Getting Git version info
dependency-test	Checkout Repository	2026-08-27T14:06:52.3620676Z Working directory is '/home/runner/work/dependency-error-repo/dependency-error-repo'
dependency-test	Checkout Repository	2026-08-27T14:06:52.3622883Z [command]/usr/bin/git version
dependency-test	Checkout Repository	2026-08-27T14:06:52.3756506Z git version 2.55.0
dependency-test	Checkout Repository	2026-08-27T14:06:52.3765525Z ##[endgroup]
dependency-test	Checkout Repository	2026-08-27T14:06:52.3783526Z Temporarily overriding HOME='/home/runner/work/_temp/03c58d19-2d92-450d-8eea-863fe47c98bf' before making global git config changes
dependency-test	Checkout Repository	2026-08-27T14:06:52.3786695Z Adding repository directory to the temporary git global config as a safe directory
dependency-test	Checkout Repository	2026-08-27T14:06:52.3790172Z [command]/usr/bin/git config --global --add safe.directory /home/runner/work/dependency-error-repo/dependency-error-repo
dependency-test	Checkout Repository	2026-08-27T14:06:52.3849489Z Deleting the contents of '/home/runner/work/dependency-error-repo/dependency-error-repo'
dependency-test	Checkout Repository	2026-08-27T14:06:52.3853934Z ##[group]Initializing the repository
dependency-test	Checkout Repository	2026-08-27T14:06:52.3860771Z [command]/usr/bin/git init /home/runner/work/dependency-error-repo/dependency-error-repo
dependency-test	Checkout Repository	2026-08-27T14:06:52.4038322Z hint: Using 'master' as the name for the initial branch. This default branch name
dependency-test	Checkout Repository	2026-08-27T14:06:52.4040236Z hint: will change to "main" in Git 3.0. To configure the initial branch name
dependency-test	Checkout Repository	2026-08-27T14:06:52.4041850Z hint: to use in all of your new repositories, which will suppress this warning,
dependency-test	Checkout Repository	2026-08-27T14:06:52.4043128Z hint: call:
dependency-test	Checkout Repository	2026-08-27T14:06:52.4043798Z hint:
dependency-test	Checkout Repository	2026-08-27T14:06:52.4045207Z hint: 	git config --global init.defaultBranch <name>
dependency-test	Checkout Repository	2026-08-27T14:06:52.4047068Z hint:
dependency-test	Checkout Repository	2026-08-27T14:06:52.4048954Z hint: Names commonly chosen instead of 'master' are 'main', 'trunk' and
dependency-test	Checkout Repository	2026-08-27T14:06:52.4050989Z hint: 'development'. The just-created branch can be renamed via this command:
dependency-test	Checkout Repository	2026-08-27T14:06:52.4052317Z hint:
dependency-test	Checkout Repository	2026-08-27T14:06:52.4053045Z hint: 	git branch -m <name>
dependency-test	Checkout Repository	2026-08-27T14:06:52.4053888Z hint:
dependency-test	Checkout Repository	2026-08-27T14:06:52.4055459Z hint: Disable this message with "git config set advice.defaultBranchName false"
dependency-test	Checkout Repository	2026-08-27T14:06:52.4056975Z Initialized empty Git repository in /home/runner/work/dependency-error-repo/dependency-error-repo/.git/
dependency-test	Checkout Repository	2026-08-27T14:06:52.4072292Z [command]/usr/bin/git remote add origin https://github.com/DhruvHegde/dependency-error-repo
dependency-test	Checkout Repository	2026-08-27T14:06:52.4121533Z ##[endgroup]
dependency-test	Checkout Repository	2026-08-27T14:06:52.4128932Z ##[group]Disabling automatic garbage collection
dependency-test	Checkout Repository	2026-08-27T14:06:52.4130111Z [command]/usr/bin/git config --local gc.auto 0
dependency-test	Checkout Repository	2026-08-27T14:06:52.4161706Z ##[endgroup]
dependency-test	Checkout Repository	2026-08-27T14:06:52.4162575Z ##[group]Setting up auth
dependency-test	Checkout Repository	2026-08-27T14:06:52.4170819Z [command]/usr/bin/git config --local --name-only --get-regexp core\.sshCommand
dependency-test	Checkout Repository	2026-08-27T14:06:52.4216553Z [command]/usr/bin/git submodule foreach --recursive sh -c "git config --local --name-only --get-regexp 'core\.sshCommand' && git config --local --unset-all 'core.sshCommand' || :"
dependency-test	Checkout Repository	2026-08-27T14:06:52.4642915Z [command]/usr/bin/git config --local --name-only --get-regexp http\.https\:\/\/github\.com\/\.extraheader
dependency-test	Checkout Repository	2026-08-27T14:06:52.4682557Z [command]/usr/bin/git submodule foreach --recursive sh -c "git config --local --name-only --get-regexp 'http\.https\:\/\/github\.com\/\.extraheader' && git config --local --unset-all 'http.https://github.com/.extraheader' || :"
dependency-test	Checkout Repository	2026-08-27T14:06:52.4907648Z [command]/usr/bin/git config --local --name-only --get-regexp ^includeIf\.gitdir:
dependency-test	Checkout Repository	2026-08-27T14:06:52.4946428Z [command]/usr/bin/git submodule foreach --recursive git config --local --show-origin --name-only --get-regexp remote.origin.url
dependency-test	Checkout Repository	2026-08-27T14:06:52.5176047Z [command]/usr/bin/git config --local http.https://github.com/.extraheader AUTHORIZATION: basic ***
dependency-test	Checkout Repository	2026-08-27T14:06:52.5217022Z ##[endgroup]
dependency-test	Checkout Repository	2026-08-27T14:06:52.5218698Z ##[group]Fetching the repository
dependency-test	Checkout Repository	2026-08-27T14:06:52.5227870Z [command]/usr/bin/git -c protocol.version=2 fetch --no-tags --prune --no-recurse-submodules --depth=1 origin +a1cb0edcf736fbc91d8d2fd5cde8f3069c195b3c:refs/remotes/origin/feature/syntax-errors
dependency-test	Checkout Repository	2026-08-27T14:06:53.2916973Z From https://github.com/DhruvHegde/dependency-error-repo
dependency-test	Checkout Repository	2026-08-27T14:06:53.2920284Z  * [new ref]         a1cb0edcf736fbc91d8d2fd5cde8f3069c195b3c -> origin/feature/syntax-errors
dependency-test	Checkout Repository	2026-08-27T14:06:53.2943092Z ##[endgroup]
dependency-test	Checkout Repository	2026-08-27T14:06:53.2945237Z ##[group]Determining the checkout info
dependency-test	Checkout Repository	2026-08-27T14:06:53.2947352Z ##[endgroup]
dependency-test	Checkout Repository	2026-08-27T14:06:53.2948644Z [command]/usr/bin/git sparse-checkout disable
dependency-test	Checkout Repository	2026-08-27T14:06:53.2992670Z [command]/usr/bin/git config --local --unset-all extensions.worktreeConfig
dependency-test	Checkout Repository	2026-08-27T14:06:53.3027251Z ##[group]Checking out the ref
dependency-test	Checkout Repository	2026-08-27T14:06:53.3033835Z [command]/usr/bin/git checkout --progress --force -B feature/syntax-errors refs/remotes/origin/feature/syntax-errors
dependency-test	Checkout Repository	2026-08-27T14:06:53.3231009Z Switched to a new branch 'feature/syntax-errors'
dependency-test	Checkout Repository	2026-08-27T14:06:53.3237743Z branch 'feature/syntax-errors' set up to track 'origin/feature/syntax-errors'.
dependency-test	Checkout Repository	2026-08-27T14:06:53.3282609Z ##[endgroup]
dependency-test	Checkout Repository	2026-08-27T14:06:53.3330155Z [command]/usr/bin/git log -1 --format=%H
dependency-test	Checkout Repository	2026-08-27T14:06:53.3357280Z a1cb0edcf736fbc91d8d2fd5cde8f3069c195b3c
dependency-test	Setup Python	﻿2026-08-27T14:06:53.3748887Z Node 20 is being deprecated. This workflow is running with Node 24 by default. If you need to temporarily use Node 20, you can set the ACTIONS_ALLOW_USE_UNSECURE_NODE_VERSION=true environment variable. For more information see: https://github.blog/changelog/2025-09-19-deprecation-of-node-20-on-github-actions-runners/
dependency-test	Setup Python	2026-08-27T14:06:53.3755374Z ##[group]Run actions/setup-python@v5
dependency-test	Setup Python	2026-08-27T14:06:53.3756587Z with:
dependency-test	Setup Python	2026-08-27T14:06:53.3757432Z   python-version: 3.11
dependency-test	Setup Python	2026-08-27T14:06:53.3758425Z   check-latest: false
dependency-test	Setup Python	2026-08-27T14:06:53.3769494Z   token: ***
dependency-test	Setup Python	2026-08-27T14:06:53.3770439Z   update-environment: true
dependency-test	Setup Python	2026-08-27T14:06:53.3771530Z   allow-prereleases: false
dependency-test	Setup Python	2026-08-27T14:06:53.3772604Z   freethreaded: false
dependency-test	Setup Python	2026-08-27T14:06:53.3773567Z ##[endgroup]
dependency-test	Setup Python	2026-08-27T14:06:53.5170700Z ##[group]Installed versions
dependency-test	Setup Python	2026-08-27T14:06:53.5270433Z (node:2218) [DEP0040] DeprecationWarning: The `punycode` module is deprecated. Please use a userland alternative instead.
dependency-test	Setup Python	2026-08-27T14:06:53.5276260Z (Use `node --trace-deprecation ...` to show where the warning was created)
dependency-test	Setup Python	2026-08-27T14:06:53.5281752Z Successfully set up CPython (3.11.16)
dependency-test	Setup Python	2026-08-27T14:06:53.5284893Z ##[endgroup]
dependency-test	Install Dependencies	﻿2026-08-27T14:06:53.5492503Z ##[group]Run python -m pip install --upgrade pip
dependency-test	Install Dependencies	2026-08-27T14:06:53.5494539Z ^[[36;1mpython -m pip install --upgrade pip^[[0m
dependency-test	Install Dependencies	2026-08-27T14:06:53.5496269Z ^[[36;1mpip install -r requirements.txt^[[0m
dependency-test	Install Dependencies	2026-08-27T14:06:53.5562539Z shell: /usr/bin/bash -e {0}
dependency-test	Install Dependencies	2026-08-27T14:06:53.5564641Z env:
dependency-test	Install Dependencies	2026-08-27T14:06:53.5566657Z   pythonLocation: /opt/hostedtoolcache/Python/3.11.16/x64
dependency-test	Install Dependencies	2026-08-27T14:06:53.5569787Z   PKG_CONFIG_PATH: /opt/hostedtoolcache/Python/3.11.16/x64/lib/pkgconfig
dependency-test	Install Dependencies	2026-08-27T14:06:53.5572859Z   Python_ROOT_DIR: /opt/hostedtoolcache/Python/3.11.16/x64
dependency-test	Install Dependencies	2026-08-27T14:06:53.5576269Z   Python2_ROOT_DIR: /opt/hostedtoolcache/Python/3.11.16/x64
dependency-test	Install Dependencies	2026-08-27T14:06:53.5579819Z   Python3_ROOT_DIR: /opt/hostedtoolcache/Python/3.11.16/x64
dependency-test	Install Dependencies	2026-08-27T14:06:53.5582609Z   LD_LIBRARY_PATH: /opt/hostedtoolcache/Python/3.11.16/x64/lib
dependency-test	Install Dependencies	2026-08-27T14:06:53.5585191Z ##[endgroup]
dependency-test	Install Dependencies	2026-08-27T14:06:57.2158628Z Requirement already satisfied: pip in /opt/hostedtoolcache/Python/3.11.16/x64/lib/python3.11/site-packages (26.2.1)
dependency-test	Install Dependencies	2026-08-27T14:06:57.9748828Z Collecting pytest (from -r requirements.txt (line 1))
dependency-test	Install Dependencies	2026-08-27T14:06:58.0436194Z   Downloading pytest-9.1.1-py3-none-any.whl.metadata (7.6 kB)
dependency-test	Install Dependencies	2026-08-27T14:06:58.0572156Z Collecting iniconfig>=1.0.1 (from pytest->-r requirements.txt (line 1))
dependency-test	Install Dependencies	2026-08-27T14:06:58.0682246Z   Downloading iniconfig-2.3.0-py3-none-any.whl.metadata (2.5 kB)
dependency-test	Install Dependencies	2026-08-27T14:06:58.0841287Z Collecting packaging>=22 (from pytest->-r requirements.txt (line 1))
dependency-test	Install Dependencies	2026-08-27T14:06:58.0955407Z   Downloading packaging-26.3-py3-none-any.whl.metadata (3.5 kB)
dependency-test	Install Dependencies	2026-08-27T14:06:58.1087822Z Collecting pluggy<2,>=1.5 (from pytest->-r requirements.txt (line 1))
dependency-test	Install Dependencies	2026-08-27T14:06:58.1197093Z   Downloading pluggy-1.6.0-py3-none-any.whl.metadata (4.8 kB)
dependency-test	Install Dependencies	2026-08-27T14:06:58.1379572Z Collecting pygments>=2.7.2 (from pytest->-r requirements.txt (line 1))
dependency-test	Install Dependencies	2026-08-27T14:06:58.1481317Z   Downloading pygments-2.21.0-py3-none-any.whl.metadata (2.5 kB)
dependency-test	Install Dependencies	2026-08-27T14:06:58.1637416Z Downloading pytest-9.1.1-py3-none-any.whl (386 kB)
dependency-test	Install Dependencies	2026-08-27T14:06:58.2129521Z Downloading pluggy-1.6.0-py3-none-any.whl (20 kB)
dependency-test	Install Dependencies	2026-08-27T14:06:58.2253439Z Downloading iniconfig-2.3.0-py3-none-any.whl (7.5 kB)
dependency-test	Install Dependencies	2026-08-27T14:06:58.2376483Z Downloading packaging-26.3-py3-none-any.whl (129 kB)
dependency-test	Install Dependencies	2026-08-27T14:06:58.2517448Z Downloading pygments-2.21.0-py3-none-any.whl (1.3 MB)
dependency-test	Install Dependencies	2026-08-27T14:06:58.2840087Z    ━━━━━━━━━━━━━━━━━━━━━━━━━━━━━━━━━━━━━━━━ 1.3/1.3 MB 47.1 MB/s  0:00:00
dependency-test	Install Dependencies	2026-08-27T14:06:58.3333556Z Installing collected packages: pygments, pluggy, packaging, iniconfig, pytest
dependency-test	Install Dependencies	2026-08-27T14:06:59.2964899Z 
dependency-test	Install Dependencies	2026-08-27T14:06:59.2977690Z Successfully installed iniconfig-2.3.0 packaging-26.3 pluggy-1.6.0 pygments-2.21.0 pytest-9.1.1
dependency-test	Check App Syntax	﻿2026-08-27T14:06:59.3491827Z ##[group]Run python -c "import app"
dependency-test	Check App Syntax	2026-08-27T14:06:59.3492246Z ^[[36;1mpython -c "import app"^[[0m
dependency-test	Check App Syntax	2026-08-27T14:06:59.3532635Z shell: /usr/bin/bash -e {0}
dependency-test	Check App Syntax	2026-08-27T14:06:59.3533000Z env:
dependency-test	Check App Syntax	2026-08-27T14:06:59.3533374Z   pythonLocation: /opt/hostedtoolcache/Python/3.11.16/x64
dependency-test	Check App Syntax	2026-08-27T14:06:59.3534006Z   PKG_CONFIG_PATH: /opt/hostedtoolcache/Python/3.11.16/x64/lib/pkgconfig
dependency-test	Check App Syntax	2026-08-27T14:06:59.3534866Z   Python_ROOT_DIR: /opt/hostedtoolcache/Python/3.11.16/x64
dependency-test	Check App Syntax	2026-08-27T14:06:59.3535427Z   Python2_ROOT_DIR: /opt/hostedtoolcache/Python/3.11.16/x64
dependency-test	Check App Syntax	2026-08-27T14:06:59.3535990Z   Python3_ROOT_DIR: /opt/hostedtoolcache/Python/3.11.16/x64
dependency-test	Check App Syntax	2026-08-27T14:06:59.3536599Z   LD_LIBRARY_PATH: /opt/hostedtoolcache/Python/3.11.16/x64/lib
dependency-test	Check App Syntax	2026-08-27T14:06:59.3537073Z ##[endgroup]
dependency-test	Check App Syntax	2026-08-27T14:06:59.3701282Z Traceback (most recent call last):
dependency-test	Check App Syntax	2026-08-27T14:06:59.3710267Z   File "<string>", line 1, in <module>
dependency-test	Check App Syntax	2026-08-27T14:06:59.3711408Z   File "/home/runner/work/dependency-error-repo/dependency-error-repo/app.py", line 4
dependency-test	Check App Syntax	2026-08-27T14:06:59.3712179Z     assert
dependency-test	Check App Syntax	2026-08-27T14:06:59.3712481Z           ^
dependency-test	Check App Syntax	2026-08-27T14:06:59.3712807Z SyntaxError: invalid syntax
dependency-test	Check App Syntax	2026-08-27T14:06:59.3737394Z ##[error]Process completed with exit code 1.
dependency-test	Post Checkout Repository	﻿2026-08-27T14:06:59.3896496Z Node 20 is being deprecated. This workflow is running with Node 24 by default. If you need to temporarily use Node 20, you can set the ACTIONS_ALLOW_USE_UNSECURE_NODE_VERSION=true environment variable. For more information see: https://github.blog/changelog/2025-09-19-deprecation-of-node-20-on-github-actions-runners/
dependency-test	Post Checkout Repository	2026-08-27T14:06:59.3897847Z Post job cleanup.
dependency-test	Post Checkout Repository	2026-08-27T14:06:59.4798385Z [command]/usr/bin/git version
dependency-test	Post Checkout Repository	2026-08-27T14:06:59.4846576Z git version 2.55.0
dependency-test	Post Checkout Repository	2026-08-27T14:06:59.4887818Z Temporarily overriding HOME='/home/runner/work/_temp/7837f6b2-5c16-43e0-9f01-8f485fc767e3' before making global git config changes
dependency-test	Post Checkout Repository	2026-08-27T14:06:59.4889403Z Adding repository directory to the temporary git global config as a safe directory
dependency-test	Post Checkout Repository	2026-08-27T14:06:59.4895142Z [command]/usr/bin/git config --global --add safe.directory /home/runner/work/dependency-error-repo/dependency-error-repo
dependency-test	Post Checkout Repository	2026-08-27T14:06:59.4937353Z [command]/usr/bin/git config --local --name-only --get-regexp core\.sshCommand
dependency-test	Post Checkout Repository	2026-08-27T14:06:59.4979018Z [command]/usr/bin/git submodule foreach --recursive sh -c "git config --local --name-only --get-regexp 'core\.sshCommand' && git config --local --unset-all 'core.sshCommand' || :"
dependency-test	Post Checkout Repository	2026-08-27T14:06:59.5230952Z [command]/usr/bin/git config --local --name-only --get-regexp http\.https\:\/\/github\.com\/\.extraheader
dependency-test	Post Checkout Repository	2026-08-27T14:06:59.5292316Z http.https://github.com/.extraheader
dependency-test	Post Checkout Repository	2026-08-27T14:06:59.5305204Z [command]/usr/bin/git config --local --unset-all http.https://github.com/.extraheader
dependency-test	Post Checkout Repository	2026-08-27T14:06:59.5339702Z [command]/usr/bin/git submodule foreach --recursive sh -c "git config --local --name-only --get-regexp 'http\.https\:\/\/github\.com\/\.extraheader' && git config --local --unset-all 'http.https://github.com/.extraheader' || :"
dependency-test	Post Checkout Repository	2026-08-27T14:06:59.5606465Z [command]/usr/bin/git config --local --name-only --get-regexp ^includeIf\.gitdir:
dependency-test	Post Checkout Repository	2026-08-27T14:06:59.5653425Z [command]/usr/bin/git submodule foreach --recursive git config --local --show-origin --name-only --get-regexp remote.origin.url
dependency-test	Complete job	﻿2026-08-27T14:06:59.6085269Z Cleaning up orphan processes
dependency-test	Complete job	2026-08-27T14:06:59.6394792Z ##[warning]Node.js 20 is deprecated. The following actions target Node.js 20 but are being forced to run on Node.js 24: actions/checkout@v4, actions/setup-python@v5. For more information see: https://github.blog/changelog/2025-09-19-deprecation-of-node-20-on-github-actions-runners/