dependency-test	Set up job	﻿2026-08-27T12:35:28.3049322Z Current runner version: '2.336.0'
dependency-test	Set up job	2026-08-27T12:35:28.3086898Z ##[group]Runner Image Provisioner
dependency-test	Set up job	2026-08-27T12:35:28.3087852Z Hosted Compute Agent
dependency-test	Set up job	2026-08-27T12:35:28.3088607Z Version: 20260819.586
dependency-test	Set up job	2026-08-27T12:35:28.3089287Z Commit: 3cc4a88dfa507ef76119ad1bb3eccc6378bb2b76
dependency-test	Set up job	2026-08-27T12:35:28.3090326Z Build Date: 2026-08-18T23:20:18Z
dependency-test	Set up job	2026-08-27T12:35:28.3091130Z Worker ID: {6e640b87-17f9-4306-afd6-a6cbefba2f4f}
dependency-test	Set up job	2026-08-27T12:35:28.3091873Z Azure Region: centralus
dependency-test	Set up job	2026-08-27T12:35:28.3092551Z ##[endgroup]
dependency-test	Set up job	2026-08-27T12:35:28.3094050Z ##[group]Operating System
dependency-test	Set up job	2026-08-27T12:35:28.3094733Z Ubuntu
dependency-test	Set up job	2026-08-27T12:35:28.3095374Z 24.04.4
dependency-test	Set up job	2026-08-27T12:35:28.3095920Z LTS
dependency-test	Set up job	2026-08-27T12:35:28.3096524Z ##[endgroup]
dependency-test	Set up job	2026-08-27T12:35:28.3097115Z ##[group]Runner Image
dependency-test	Set up job	2026-08-27T12:35:28.3097745Z Image: ubuntu-24.04
dependency-test	Set up job	2026-08-27T12:35:28.3098380Z Version: 20260823.283.1
dependency-test	Set up job	2026-08-27T12:35:28.3099470Z Included Software: https://github.com/actions/runner-images/blob/ubuntu24/20260823.283/images/ubuntu/Ubuntu2404-Readme.md
dependency-test	Set up job	2026-08-27T12:35:28.3101577Z Image Release: https://github.com/actions/runner-images/releases/tag/ubuntu24%2F20260823.283
dependency-test	Set up job	2026-08-27T12:35:28.3102573Z ##[endgroup]
dependency-test	Set up job	2026-08-27T12:35:28.3103886Z ##[group]GITHUB_TOKEN Permissions
dependency-test	Set up job	2026-08-27T12:35:28.3105946Z Contents: read
dependency-test	Set up job	2026-08-27T12:35:28.3107126Z Metadata: read
dependency-test	Set up job	2026-08-27T12:35:28.3107744Z Packages: read
dependency-test	Set up job	2026-08-27T12:35:28.3108403Z ##[endgroup]
dependency-test	Set up job	2026-08-27T12:35:28.3110956Z Secret source: Actions
dependency-test	Set up job	2026-08-27T12:35:28.3112333Z Prepare workflow directory
dependency-test	Set up job	2026-08-27T12:35:28.3463401Z Prepare all required actions
dependency-test	Set up job	2026-08-27T12:35:28.3514974Z Getting action download info
dependency-test	Set up job	2026-08-27T12:35:28.5965306Z Download action repository 'actions/checkout@v4' (SHA:11d5960a326750d5838078e36cf38b85af677262)
dependency-test	Set up job	2026-08-27T12:35:28.7382225Z Download action repository 'actions/setup-python@v5' (SHA:a26af69be951a213d495a4c3e4e4022e16d87065)
dependency-test	Set up job	2026-08-27T12:35:28.9243468Z Complete job name: dependency-test
dependency-test	Checkout Repository	﻿2026-08-27T12:35:29.0003736Z Node 20 is being deprecated. This workflow is running with Node 24 by default. If you need to temporarily use Node 20, you can set the ACTIONS_ALLOW_USE_UNSECURE_NODE_VERSION=true environment variable. For more information see: https://github.blog/changelog/2025-09-19-deprecation-of-node-20-on-github-actions-runners/
dependency-test	Checkout Repository	2026-08-27T12:35:29.0012986Z ##[group]Run actions/checkout@v4
dependency-test	Checkout Repository	2026-08-27T12:35:29.0013717Z with:
dependency-test	Checkout Repository	2026-08-27T12:35:29.0014216Z   repository: DhruvHegde/dependency-error-repo
dependency-test	Checkout Repository	2026-08-27T12:35:29.0018253Z   token: ***
dependency-test	Checkout Repository	2026-08-27T12:35:29.0018694Z   ssh-strict: true
dependency-test	Checkout Repository	2026-08-27T12:35:29.0019188Z   ssh-user: git
dependency-test	Checkout Repository	2026-08-27T12:35:29.0019634Z   persist-credentials: true
dependency-test	Checkout Repository	2026-08-27T12:35:29.0020281Z   clean: true
dependency-test	Checkout Repository	2026-08-27T12:35:29.0020736Z   sparse-checkout-cone-mode: true
dependency-test	Checkout Repository	2026-08-27T12:35:29.0021264Z   fetch-depth: 1
dependency-test	Checkout Repository	2026-08-27T12:35:29.0021941Z   fetch-tags: false
dependency-test	Checkout Repository	2026-08-27T12:35:29.0022469Z   show-progress: true
dependency-test	Checkout Repository	2026-08-27T12:35:29.0022923Z   lfs: false
dependency-test	Checkout Repository	2026-08-27T12:35:29.0023336Z   submodules: false
dependency-test	Checkout Repository	2026-08-27T12:35:29.0023850Z   set-safe-directory: true
dependency-test	Checkout Repository	2026-08-27T12:35:29.0024366Z   allow-unsafe-pr-checkout: false
dependency-test	Checkout Repository	2026-08-27T12:35:29.0025160Z ##[endgroup]
dependency-test	Checkout Repository	2026-08-27T12:35:29.1105391Z Syncing repository: DhruvHegde/dependency-error-repo
dependency-test	Checkout Repository	2026-08-27T12:35:29.1107969Z ##[group]Getting Git version info
dependency-test	Checkout Repository	2026-08-27T12:35:29.1109131Z Working directory is '/home/runner/work/dependency-error-repo/dependency-error-repo'
dependency-test	Checkout Repository	2026-08-27T12:35:29.1110683Z [command]/usr/bin/git version
dependency-test	Checkout Repository	2026-08-27T12:35:29.1151248Z git version 2.55.0
dependency-test	Checkout Repository	2026-08-27T12:35:29.1174482Z ##[endgroup]
dependency-test	Checkout Repository	2026-08-27T12:35:29.1191479Z Temporarily overriding HOME='/home/runner/work/_temp/20f2edfc-2af0-4a6d-8725-ca4bf0c6b9a1' before making global git config changes
dependency-test	Checkout Repository	2026-08-27T12:35:29.1193748Z Adding repository directory to the temporary git global config as a safe directory
dependency-test	Checkout Repository	2026-08-27T12:35:29.1197449Z [command]/usr/bin/git config --global --add safe.directory /home/runner/work/dependency-error-repo/dependency-error-repo
dependency-test	Checkout Repository	2026-08-27T12:35:29.1249969Z Deleting the contents of '/home/runner/work/dependency-error-repo/dependency-error-repo'
dependency-test	Checkout Repository	2026-08-27T12:35:29.1254551Z ##[group]Initializing the repository
dependency-test	Checkout Repository	2026-08-27T12:35:29.1260435Z [command]/usr/bin/git init /home/runner/work/dependency-error-repo/dependency-error-repo
dependency-test	Checkout Repository	2026-08-27T12:35:29.1340135Z hint: Using 'master' as the name for the initial branch. This default branch name
dependency-test	Checkout Repository	2026-08-27T12:35:29.1341961Z hint: will change to "main" in Git 3.0. To configure the initial branch name
dependency-test	Checkout Repository	2026-08-27T12:35:29.1343662Z hint: to use in all of your new repositories, which will suppress this warning,
dependency-test	Checkout Repository	2026-08-27T12:35:29.1345008Z hint: call:
dependency-test	Checkout Repository	2026-08-27T12:35:29.1345824Z hint:
dependency-test	Checkout Repository	2026-08-27T12:35:29.1346808Z hint: 	git config --global init.defaultBranch <name>
dependency-test	Checkout Repository	2026-08-27T12:35:29.1347970Z hint:
dependency-test	Checkout Repository	2026-08-27T12:35:29.1349035Z hint: Names commonly chosen instead of 'master' are 'main', 'trunk' and
dependency-test	Checkout Repository	2026-08-27T12:35:29.1350887Z hint: 'development'. The just-created branch can be renamed via this command:
dependency-test	Checkout Repository	2026-08-27T12:35:29.1352315Z hint:
dependency-test	Checkout Repository	2026-08-27T12:35:29.1353166Z hint: 	git branch -m <name>
dependency-test	Checkout Repository	2026-08-27T12:35:29.1354128Z hint:
dependency-test	Checkout Repository	2026-08-27T12:35:29.1355277Z hint: Disable this message with "git config set advice.defaultBranchName false"
dependency-test	Checkout Repository	2026-08-27T12:35:29.1357419Z Initialized empty Git repository in /home/runner/work/dependency-error-repo/dependency-error-repo/.git/
dependency-test	Checkout Repository	2026-08-27T12:35:29.1361263Z [command]/usr/bin/git remote add origin https://github.com/DhruvHegde/dependency-error-repo
dependency-test	Checkout Repository	2026-08-27T12:35:29.1400052Z ##[endgroup]
dependency-test	Checkout Repository	2026-08-27T12:35:29.1401289Z ##[group]Disabling automatic garbage collection
dependency-test	Checkout Repository	2026-08-27T12:35:29.1405333Z [command]/usr/bin/git config --local gc.auto 0
dependency-test	Checkout Repository	2026-08-27T12:35:29.1440029Z ##[endgroup]
dependency-test	Checkout Repository	2026-08-27T12:35:29.1441216Z ##[group]Setting up auth
dependency-test	Checkout Repository	2026-08-27T12:35:29.1447638Z [command]/usr/bin/git config --local --name-only --get-regexp core\.sshCommand
dependency-test	Checkout Repository	2026-08-27T12:35:29.1484464Z [command]/usr/bin/git submodule foreach --recursive sh -c "git config --local --name-only --get-regexp 'core\.sshCommand' && git config --local --unset-all 'core.sshCommand' || :"
dependency-test	Checkout Repository	2026-08-27T12:35:29.1846070Z [command]/usr/bin/git config --local --name-only --get-regexp http\.https\:\/\/github\.com\/\.extraheader
dependency-test	Checkout Repository	2026-08-27T12:35:29.1888800Z [command]/usr/bin/git submodule foreach --recursive sh -c "git config --local --name-only --get-regexp 'http\.https\:\/\/github\.com\/\.extraheader' && git config --local --unset-all 'http.https://github.com/.extraheader' || :"
dependency-test	Checkout Repository	2026-08-27T12:35:29.2165111Z [command]/usr/bin/git config --local --name-only --get-regexp ^includeIf\.gitdir:
dependency-test	Checkout Repository	2026-08-27T12:35:29.2205700Z [command]/usr/bin/git submodule foreach --recursive git config --local --show-origin --name-only --get-regexp remote.origin.url
dependency-test	Checkout Repository	2026-08-27T12:35:29.2452651Z [command]/usr/bin/git config --local http.https://github.com/.extraheader AUTHORIZATION: basic ***
dependency-test	Checkout Repository	2026-08-27T12:35:29.2495460Z ##[endgroup]
dependency-test	Checkout Repository	2026-08-27T12:35:29.2496418Z ##[group]Fetching the repository
dependency-test	Checkout Repository	2026-08-27T12:35:29.2505882Z [command]/usr/bin/git -c protocol.version=2 fetch --no-tags --prune --no-recurse-submodules --depth=1 origin +6ea747500ce99432448df7e2d7400413fcef3ecf:refs/remotes/origin/feature/syntax-errors
dependency-test	Checkout Repository	2026-08-27T12:35:29.6953585Z From https://github.com/DhruvHegde/dependency-error-repo
dependency-test	Checkout Repository	2026-08-27T12:35:29.6954810Z  * [new ref]         6ea747500ce99432448df7e2d7400413fcef3ecf -> origin/feature/syntax-errors
dependency-test	Checkout Repository	2026-08-27T12:35:29.6957684Z ##[endgroup]
dependency-test	Checkout Repository	2026-08-27T12:35:29.6958666Z ##[group]Determining the checkout info
dependency-test	Checkout Repository	2026-08-27T12:35:29.6960052Z ##[endgroup]
dependency-test	Checkout Repository	2026-08-27T12:35:29.6966343Z [command]/usr/bin/git sparse-checkout disable
dependency-test	Checkout Repository	2026-08-27T12:35:29.7019474Z [command]/usr/bin/git config --local --unset-all extensions.worktreeConfig
dependency-test	Checkout Repository	2026-08-27T12:35:29.7057818Z ##[group]Checking out the ref
dependency-test	Checkout Repository	2026-08-27T12:35:29.7059011Z [command]/usr/bin/git checkout --progress --force -B feature/syntax-errors refs/remotes/origin/feature/syntax-errors
dependency-test	Checkout Repository	2026-08-27T12:35:29.7246717Z Switched to a new branch 'feature/syntax-errors'
dependency-test	Checkout Repository	2026-08-27T12:35:29.7252648Z branch 'feature/syntax-errors' set up to track 'origin/feature/syntax-errors'.
dependency-test	Checkout Repository	2026-08-27T12:35:29.7260349Z ##[endgroup]
dependency-test	Checkout Repository	2026-08-27T12:35:29.7306738Z [command]/usr/bin/git log -1 --format=%H
dependency-test	Checkout Repository	2026-08-27T12:35:29.7336514Z 6ea747500ce99432448df7e2d7400413fcef3ecf
dependency-test	Setup Python	﻿2026-08-27T12:35:29.7631656Z Node 20 is being deprecated. This workflow is running with Node 24 by default. If you need to temporarily use Node 20, you can set the ACTIONS_ALLOW_USE_UNSECURE_NODE_VERSION=true environment variable. For more information see: https://github.blog/changelog/2025-09-19-deprecation-of-node-20-on-github-actions-runners/
dependency-test	Setup Python	2026-08-27T12:35:29.7634356Z ##[group]Run actions/setup-python@v5
dependency-test	Setup Python	2026-08-27T12:35:29.7634875Z with:
dependency-test	Setup Python	2026-08-27T12:35:29.7635281Z   python-version: 3.11
dependency-test	Setup Python	2026-08-27T12:35:29.7635738Z   check-latest: false
dependency-test	Setup Python	2026-08-27T12:35:29.7639462Z   token: ***
dependency-test	Setup Python	2026-08-27T12:35:29.7640160Z   update-environment: true
dependency-test	Setup Python	2026-08-27T12:35:29.7640666Z   allow-prereleases: false
dependency-test	Setup Python	2026-08-27T12:35:29.7641140Z   freethreaded: false
dependency-test	Setup Python	2026-08-27T12:35:29.7641592Z ##[endgroup]
dependency-test	Setup Python	2026-08-27T12:35:29.8973504Z ##[group]Installed versions
dependency-test	Setup Python	2026-08-27T12:35:29.9051664Z (node:2233) [DEP0040] DeprecationWarning: The `punycode` module is deprecated. Please use a userland alternative instead.
dependency-test	Setup Python	2026-08-27T12:35:29.9053277Z (Use `node --trace-deprecation ...` to show where the warning was created)
dependency-test	Setup Python	2026-08-27T12:35:29.9054251Z Successfully set up CPython (3.11.16)
dependency-test	Setup Python	2026-08-27T12:35:29.9055263Z ##[endgroup]
dependency-test	Install Dependencies	﻿2026-08-27T12:35:29.9228343Z ##[group]Run python -m pip install --upgrade pip
dependency-test	Install Dependencies	2026-08-27T12:35:29.9229167Z ^[[36;1mpython -m pip install --upgrade pip^[[0m
dependency-test	Install Dependencies	2026-08-27T12:35:29.9230058Z ^[[36;1mpip install -r requirements.txt^[[0m
dependency-test	Install Dependencies	2026-08-27T12:35:29.9284485Z shell: /usr/bin/bash -e {0}
dependency-test	Install Dependencies	2026-08-27T12:35:29.9285062Z env:
dependency-test	Install Dependencies	2026-08-27T12:35:29.9285592Z   pythonLocation: /opt/hostedtoolcache/Python/3.11.16/x64
dependency-test	Install Dependencies	2026-08-27T12:35:29.9286418Z   PKG_CONFIG_PATH: /opt/hostedtoolcache/Python/3.11.16/x64/lib/pkgconfig
dependency-test	Install Dependencies	2026-08-27T12:35:29.9287240Z   Python_ROOT_DIR: /opt/hostedtoolcache/Python/3.11.16/x64
dependency-test	Install Dependencies	2026-08-27T12:35:29.9288395Z   Python2_ROOT_DIR: /opt/hostedtoolcache/Python/3.11.16/x64
dependency-test	Install Dependencies	2026-08-27T12:35:29.9289619Z   Python3_ROOT_DIR: /opt/hostedtoolcache/Python/3.11.16/x64
dependency-test	Install Dependencies	2026-08-27T12:35:29.9290896Z   LD_LIBRARY_PATH: /opt/hostedtoolcache/Python/3.11.16/x64/lib
dependency-test	Install Dependencies	2026-08-27T12:35:29.9291877Z ##[endgroup]
dependency-test	Install Dependencies	2026-08-27T12:35:32.4075596Z Requirement already satisfied: pip in /opt/hostedtoolcache/Python/3.11.16/x64/lib/python3.11/site-packages (26.2.1)
dependency-test	Install Dependencies	2026-08-27T12:35:33.2174533Z Collecting pytest (from -r requirements.txt (line 1))
dependency-test	Install Dependencies	2026-08-27T12:35:33.2855886Z   Downloading pytest-9.1.1-py3-none-any.whl.metadata (7.6 kB)
dependency-test	Install Dependencies	2026-08-27T12:35:33.3118531Z Collecting iniconfig>=1.0.1 (from pytest->-r requirements.txt (line 1))
dependency-test	Install Dependencies	2026-08-27T12:35:33.3231578Z   Downloading iniconfig-2.3.0-py3-none-any.whl.metadata (2.5 kB)
dependency-test	Install Dependencies	2026-08-27T12:35:33.3514274Z Collecting packaging>=22 (from pytest->-r requirements.txt (line 1))
dependency-test	Install Dependencies	2026-08-27T12:35:33.3627070Z   Downloading packaging-26.3-py3-none-any.whl.metadata (3.5 kB)
dependency-test	Install Dependencies	2026-08-27T12:35:33.3874396Z Collecting pluggy<2,>=1.5 (from pytest->-r requirements.txt (line 1))
dependency-test	Install Dependencies	2026-08-27T12:35:33.3984110Z   Downloading pluggy-1.6.0-py3-none-any.whl.metadata (4.8 kB)
dependency-test	Install Dependencies	2026-08-27T12:35:33.4344780Z Collecting pygments>=2.7.2 (from pytest->-r requirements.txt (line 1))
dependency-test	Install Dependencies	2026-08-27T12:35:33.4455036Z   Downloading pygments-2.21.0-py3-none-any.whl.metadata (2.5 kB)
dependency-test	Install Dependencies	2026-08-27T12:35:33.4611728Z Downloading pytest-9.1.1-py3-none-any.whl (386 kB)
dependency-test	Install Dependencies	2026-08-27T12:35:33.5090900Z Downloading pluggy-1.6.0-py3-none-any.whl (20 kB)
dependency-test	Install Dependencies	2026-08-27T12:35:33.5219176Z Downloading iniconfig-2.3.0-py3-none-any.whl (7.5 kB)
dependency-test	Install Dependencies	2026-08-27T12:35:33.5349325Z Downloading packaging-26.3-py3-none-any.whl (129 kB)
dependency-test	Install Dependencies	2026-08-27T12:35:33.5493508Z Downloading pygments-2.21.0-py3-none-any.whl (1.3 MB)
dependency-test	Install Dependencies	2026-08-27T12:35:33.5836993Z    ━━━━━━━━━━━━━━━━━━━━━━━━━━━━━━━━━━━━━━━━ 1.3/1.3 MB 43.5 MB/s  0:00:00
dependency-test	Install Dependencies	2026-08-27T12:35:33.6325940Z Installing collected packages: pygments, pluggy, packaging, iniconfig, pytest
dependency-test	Install Dependencies	2026-08-27T12:35:34.6811208Z 
dependency-test	Install Dependencies	2026-08-27T12:35:34.6821963Z Successfully installed iniconfig-2.3.0 packaging-26.3 pluggy-1.6.0 pygments-2.21.0 pytest-9.1.1
dependency-test	Check App Syntax	﻿2026-08-27T12:35:34.7435669Z ##[group]Run python -c "import app"
dependency-test	Check App Syntax	2026-08-27T12:35:34.7436224Z ^[[36;1mpython -c "import app"^[[0m
dependency-test	Check App Syntax	2026-08-27T12:35:34.7479241Z shell: /usr/bin/bash -e {0}
dependency-test	Check App Syntax	2026-08-27T12:35:34.7479571Z env:
dependency-test	Check App Syntax	2026-08-27T12:35:34.7480167Z   pythonLocation: /opt/hostedtoolcache/Python/3.11.16/x64
dependency-test	Check App Syntax	2026-08-27T12:35:34.7480715Z   PKG_CONFIG_PATH: /opt/hostedtoolcache/Python/3.11.16/x64/lib/pkgconfig
dependency-test	Check App Syntax	2026-08-27T12:35:34.7481209Z   Python_ROOT_DIR: /opt/hostedtoolcache/Python/3.11.16/x64
dependency-test	Check App Syntax	2026-08-27T12:35:34.7481651Z   Python2_ROOT_DIR: /opt/hostedtoolcache/Python/3.11.16/x64
dependency-test	Check App Syntax	2026-08-27T12:35:34.7482089Z   Python3_ROOT_DIR: /opt/hostedtoolcache/Python/3.11.16/x64
dependency-test	Check App Syntax	2026-08-27T12:35:34.7482551Z   LD_LIBRARY_PATH: /opt/hostedtoolcache/Python/3.11.16/x64/lib
dependency-test	Check App Syntax	2026-08-27T12:35:34.7482948Z ##[endgroup]
dependency-test	Check App Syntax	2026-08-27T12:35:34.7658469Z Traceback (most recent call last):
dependency-test	Check App Syntax	2026-08-27T12:35:34.7664686Z   File "<string>", line 1, in <module>
dependency-test	Check App Syntax	2026-08-27T12:35:34.7665525Z   File "/home/runner/work/dependency-error-repo/dependency-error-repo/app.py", line 4
dependency-test	Check App Syntax	2026-08-27T12:35:34.7666115Z     with open('x') as f, as g:
dependency-test	Check App Syntax	2026-08-27T12:35:34.7666435Z                          ^^
dependency-test	Check App Syntax	2026-08-27T12:35:34.7666752Z SyntaxError: invalid syntax
dependency-test	Check App Syntax	2026-08-27T12:35:34.7696111Z ##[error]Process completed with exit code 1.
dependency-test	Post Checkout Repository	﻿2026-08-27T12:35:34.7844579Z Node 20 is being deprecated. This workflow is running with Node 24 by default. If you need to temporarily use Node 20, you can set the ACTIONS_ALLOW_USE_UNSECURE_NODE_VERSION=true environment variable. For more information see: https://github.blog/changelog/2025-09-19-deprecation-of-node-20-on-github-actions-runners/
dependency-test	Post Checkout Repository	2026-08-27T12:35:34.7845826Z Post job cleanup.
dependency-test	Post Checkout Repository	2026-08-27T12:35:34.8700247Z [command]/usr/bin/git version
dependency-test	Post Checkout Repository	2026-08-27T12:35:34.8777438Z git version 2.55.0
dependency-test	Post Checkout Repository	2026-08-27T12:35:34.8818855Z Temporarily overriding HOME='/home/runner/work/_temp/41bfbe02-d51f-4f59-a9dd-dccca3e26f38' before making global git config changes
dependency-test	Post Checkout Repository	2026-08-27T12:35:34.8820259Z Adding repository directory to the temporary git global config as a safe directory
dependency-test	Post Checkout Repository	2026-08-27T12:35:34.8825470Z [command]/usr/bin/git config --global --add safe.directory /home/runner/work/dependency-error-repo/dependency-error-repo
dependency-test	Post Checkout Repository	2026-08-27T12:35:34.8869542Z [command]/usr/bin/git config --local --name-only --get-regexp core\.sshCommand
dependency-test	Post Checkout Repository	2026-08-27T12:35:34.8908801Z [command]/usr/bin/git submodule foreach --recursive sh -c "git config --local --name-only --get-regexp 'core\.sshCommand' && git config --local --unset-all 'core.sshCommand' || :"
dependency-test	Post Checkout Repository	2026-08-27T12:35:34.9184434Z [command]/usr/bin/git config --local --name-only --get-regexp http\.https\:\/\/github\.com\/\.extraheader
dependency-test	Post Checkout Repository	2026-08-27T12:35:34.9214610Z http.https://github.com/.extraheader
dependency-test	Post Checkout Repository	2026-08-27T12:35:34.9226893Z [command]/usr/bin/git config --local --unset-all http.https://github.com/.extraheader
dependency-test	Post Checkout Repository	2026-08-27T12:35:34.9267503Z [command]/usr/bin/git submodule foreach --recursive sh -c "git config --local --name-only --get-regexp 'http\.https\:\/\/github\.com\/\.extraheader' && git config --local --unset-all 'http.https://github.com/.extraheader' || :"
dependency-test	Post Checkout Repository	2026-08-27T12:35:34.9581399Z [command]/usr/bin/git config --local --name-only --get-regexp ^includeIf\.gitdir:
dependency-test	Post Checkout Repository	2026-08-27T12:35:34.9621082Z [command]/usr/bin/git submodule foreach --recursive git config --local --show-origin --name-only --get-regexp remote.origin.url
dependency-test	Complete job	﻿2026-08-27T12:35:35.0044415Z Cleaning up orphan processes
dependency-test	Complete job	2026-08-27T12:35:35.0336394Z ##[warning]Node.js 20 is deprecated. The following actions target Node.js 20 but are being forced to run on Node.js 24: actions/checkout@v4, actions/setup-python@v5. For more information see: https://github.blog/changelog/2025-09-19-deprecation-of-node-20-on-github-actions-runners/