dependency-test	Set up job	﻿2026-08-27T11:56:49.7062587Z Current runner version: '2.336.0'
dependency-test	Set up job	2026-08-27T11:56:49.7088319Z ##[group]Runner Image Provisioner
dependency-test	Set up job	2026-08-27T11:56:49.7089668Z Hosted Compute Agent
dependency-test	Set up job	2026-08-27T11:56:49.7090307Z Version: 20260819.586
dependency-test	Set up job	2026-08-27T11:56:49.7090915Z Commit: 3cc4a88dfa507ef76119ad1bb3eccc6378bb2b76
dependency-test	Set up job	2026-08-27T11:56:49.7091714Z Build Date: 2026-08-18T23:20:18Z
dependency-test	Set up job	2026-08-27T11:56:49.7092387Z Worker ID: {6ae51174-d09e-45a3-9b2a-3e0055846290}
dependency-test	Set up job	2026-08-27T11:56:49.7093140Z Azure Region: northcentralus
dependency-test	Set up job	2026-08-27T11:56:49.7093797Z ##[endgroup]
dependency-test	Set up job	2026-08-27T11:56:49.7095264Z ##[group]Operating System
dependency-test	Set up job	2026-08-27T11:56:49.7095986Z Ubuntu
dependency-test	Set up job	2026-08-27T11:56:49.7096504Z 24.04.4
dependency-test	Set up job	2026-08-27T11:56:49.7097074Z LTS
dependency-test	Set up job	2026-08-27T11:56:49.7097630Z ##[endgroup]
dependency-test	Set up job	2026-08-27T11:56:49.7098170Z ##[group]Runner Image
dependency-test	Set up job	2026-08-27T11:56:49.7099142Z Image: ubuntu-24.04
dependency-test	Set up job	2026-08-27T11:56:49.7099736Z Version: 20260823.283.1
dependency-test	Set up job	2026-08-27T11:56:49.7100794Z Included Software: https://github.com/actions/runner-images/blob/ubuntu24/20260823.283/images/ubuntu/Ubuntu2404-Readme.md
dependency-test	Set up job	2026-08-27T11:56:49.7102608Z Image Release: https://github.com/actions/runner-images/releases/tag/ubuntu24%2F20260823.283
dependency-test	Set up job	2026-08-27T11:56:49.7103637Z ##[endgroup]
dependency-test	Set up job	2026-08-27T11:56:49.7104810Z ##[group]GITHUB_TOKEN Permissions
dependency-test	Set up job	2026-08-27T11:56:49.7106823Z Contents: read
dependency-test	Set up job	2026-08-27T11:56:49.7107501Z Metadata: read
dependency-test	Set up job	2026-08-27T11:56:49.7108455Z Packages: read
dependency-test	Set up job	2026-08-27T11:56:49.7109391Z ##[endgroup]
dependency-test	Set up job	2026-08-27T11:56:49.7111536Z Secret source: Actions
dependency-test	Set up job	2026-08-27T11:56:49.7112778Z Prepare workflow directory
dependency-test	Set up job	2026-08-27T11:56:49.7579900Z Prepare all required actions
dependency-test	Set up job	2026-08-27T11:56:49.7651299Z Getting action download info
dependency-test	Set up job	2026-08-27T11:56:50.0058925Z Download action repository 'actions/checkout@v4' (SHA:11d5960a326750d5838078e36cf38b85af677262)
dependency-test	Set up job	2026-08-27T11:56:50.1439007Z Download action repository 'actions/setup-python@v5' (SHA:a26af69be951a213d495a4c3e4e4022e16d87065)
dependency-test	Set up job	2026-08-27T11:56:50.3330856Z Complete job name: dependency-test
dependency-test	Checkout Repository	﻿2026-08-27T11:56:50.4200551Z Node 20 is being deprecated. This workflow is running with Node 24 by default. If you need to temporarily use Node 20, you can set the ACTIONS_ALLOW_USE_UNSECURE_NODE_VERSION=true environment variable. For more information see: https://github.blog/changelog/2025-09-19-deprecation-of-node-20-on-github-actions-runners/
dependency-test	Checkout Repository	2026-08-27T11:56:50.4209344Z ##[group]Run actions/checkout@v4
dependency-test	Checkout Repository	2026-08-27T11:56:50.4210181Z with:
dependency-test	Checkout Repository	2026-08-27T11:56:50.4210675Z   repository: DhruvHegde/dependency-error-repo
dependency-test	Checkout Repository	2026-08-27T11:56:50.4214762Z   token: ***
dependency-test	Checkout Repository	2026-08-27T11:56:50.4215192Z   ssh-strict: true
dependency-test	Checkout Repository	2026-08-27T11:56:50.4215628Z   ssh-user: git
dependency-test	Checkout Repository	2026-08-27T11:56:50.4216067Z   persist-credentials: true
dependency-test	Checkout Repository	2026-08-27T11:56:50.4216546Z   clean: true
dependency-test	Checkout Repository	2026-08-27T11:56:50.4216982Z   sparse-checkout-cone-mode: true
dependency-test	Checkout Repository	2026-08-27T11:56:50.4217520Z   fetch-depth: 1
dependency-test	Checkout Repository	2026-08-27T11:56:50.4217965Z   fetch-tags: false
dependency-test	Checkout Repository	2026-08-27T11:56:50.4218420Z   show-progress: true
dependency-test	Checkout Repository	2026-08-27T11:56:50.4219156Z   lfs: false
dependency-test	Checkout Repository	2026-08-27T11:56:50.4219584Z   submodules: false
dependency-test	Checkout Repository	2026-08-27T11:56:50.4220075Z   set-safe-directory: true
dependency-test	Checkout Repository	2026-08-27T11:56:50.4220626Z   allow-unsafe-pr-checkout: false
dependency-test	Checkout Repository	2026-08-27T11:56:50.4221463Z ##[endgroup]
dependency-test	Checkout Repository	2026-08-27T11:56:50.5256462Z Syncing repository: DhruvHegde/dependency-error-repo
dependency-test	Checkout Repository	2026-08-27T11:56:50.5259419Z ##[group]Getting Git version info
dependency-test	Checkout Repository	2026-08-27T11:56:50.5260906Z Working directory is '/home/runner/work/dependency-error-repo/dependency-error-repo'
dependency-test	Checkout Repository	2026-08-27T11:56:50.5262817Z [command]/usr/bin/git version
dependency-test	Checkout Repository	2026-08-27T11:56:50.5323248Z git version 2.55.0
dependency-test	Checkout Repository	2026-08-27T11:56:50.5344728Z ##[endgroup]
dependency-test	Checkout Repository	2026-08-27T11:56:50.5371716Z Temporarily overriding HOME='/home/runner/work/_temp/5e1bdbe0-eb0f-4980-90d7-aa94ac77cf2d' before making global git config changes
dependency-test	Checkout Repository	2026-08-27T11:56:50.5374753Z Adding repository directory to the temporary git global config as a safe directory
dependency-test	Checkout Repository	2026-08-27T11:56:50.5377063Z [command]/usr/bin/git config --global --add safe.directory /home/runner/work/dependency-error-repo/dependency-error-repo
dependency-test	Checkout Repository	2026-08-27T11:56:50.5430537Z Deleting the contents of '/home/runner/work/dependency-error-repo/dependency-error-repo'
dependency-test	Checkout Repository	2026-08-27T11:56:50.5443838Z ##[group]Initializing the repository
dependency-test	Checkout Repository	2026-08-27T11:56:50.5449414Z [command]/usr/bin/git init /home/runner/work/dependency-error-repo/dependency-error-repo
dependency-test	Checkout Repository	2026-08-27T11:56:50.5568347Z hint: Using 'master' as the name for the initial branch. This default branch name
dependency-test	Checkout Repository	2026-08-27T11:56:50.5570233Z hint: will change to "main" in Git 3.0. To configure the initial branch name
dependency-test	Checkout Repository	2026-08-27T11:56:50.5571210Z hint: to use in all of your new repositories, which will suppress this warning,
dependency-test	Checkout Repository	2026-08-27T11:56:50.5571946Z hint: call:
dependency-test	Checkout Repository	2026-08-27T11:56:50.5572338Z hint:
dependency-test	Checkout Repository	2026-08-27T11:56:50.5572853Z hint: 	git config --global init.defaultBranch <name>
dependency-test	Checkout Repository	2026-08-27T11:56:50.5573456Z hint:
dependency-test	Checkout Repository	2026-08-27T11:56:50.5574019Z hint: Names commonly chosen instead of 'master' are 'main', 'trunk' and
dependency-test	Checkout Repository	2026-08-27T11:56:50.5574967Z hint: 'development'. The just-created branch can be renamed via this command:
dependency-test	Checkout Repository	2026-08-27T11:56:50.5575726Z hint:
dependency-test	Checkout Repository	2026-08-27T11:56:50.5576136Z hint: 	git branch -m <name>
dependency-test	Checkout Repository	2026-08-27T11:56:50.5576607Z hint:
dependency-test	Checkout Repository	2026-08-27T11:56:50.5577223Z hint: Disable this message with "git config set advice.defaultBranchName false"
dependency-test	Checkout Repository	2026-08-27T11:56:50.5583652Z Initialized empty Git repository in /home/runner/work/dependency-error-repo/dependency-error-repo/.git/
dependency-test	Checkout Repository	2026-08-27T11:56:50.5595072Z [command]/usr/bin/git remote add origin https://github.com/DhruvHegde/dependency-error-repo
dependency-test	Checkout Repository	2026-08-27T11:56:50.5648361Z ##[endgroup]
dependency-test	Checkout Repository	2026-08-27T11:56:50.5650005Z ##[group]Disabling automatic garbage collection
dependency-test	Checkout Repository	2026-08-27T11:56:50.5653886Z [command]/usr/bin/git config --local gc.auto 0
dependency-test	Checkout Repository	2026-08-27T11:56:50.5686650Z ##[endgroup]
dependency-test	Checkout Repository	2026-08-27T11:56:50.5688063Z ##[group]Setting up auth
dependency-test	Checkout Repository	2026-08-27T11:56:50.5695161Z [command]/usr/bin/git config --local --name-only --get-regexp core\.sshCommand
dependency-test	Checkout Repository	2026-08-27T11:56:50.5728981Z [command]/usr/bin/git submodule foreach --recursive sh -c "git config --local --name-only --get-regexp 'core\.sshCommand' && git config --local --unset-all 'core.sshCommand' || :"
dependency-test	Checkout Repository	2026-08-27T11:56:50.6173377Z [command]/usr/bin/git config --local --name-only --get-regexp http\.https\:\/\/github\.com\/\.extraheader
dependency-test	Checkout Repository	2026-08-27T11:56:50.6213910Z [command]/usr/bin/git submodule foreach --recursive sh -c "git config --local --name-only --get-regexp 'http\.https\:\/\/github\.com\/\.extraheader' && git config --local --unset-all 'http.https://github.com/.extraheader' || :"
dependency-test	Checkout Repository	2026-08-27T11:56:50.6443904Z [command]/usr/bin/git config --local --name-only --get-regexp ^includeIf\.gitdir:
dependency-test	Checkout Repository	2026-08-27T11:56:50.6482086Z [command]/usr/bin/git submodule foreach --recursive git config --local --show-origin --name-only --get-regexp remote.origin.url
dependency-test	Checkout Repository	2026-08-27T11:56:50.6717142Z [command]/usr/bin/git config --local http.https://github.com/.extraheader AUTHORIZATION: basic ***
dependency-test	Checkout Repository	2026-08-27T11:56:50.6759680Z ##[endgroup]
dependency-test	Checkout Repository	2026-08-27T11:56:50.6760850Z ##[group]Fetching the repository
dependency-test	Checkout Repository	2026-08-27T11:56:50.6775789Z [command]/usr/bin/git -c protocol.version=2 fetch --no-tags --prune --no-recurse-submodules --depth=1 origin +9354d496905ed211398a8ef681c5e2ce77934e91:refs/remotes/origin/feature/syntax-errors
dependency-test	Checkout Repository	2026-08-27T11:56:51.0733938Z From https://github.com/DhruvHegde/dependency-error-repo
dependency-test	Checkout Repository	2026-08-27T11:56:51.0736215Z  * [new ref]         9354d496905ed211398a8ef681c5e2ce77934e91 -> origin/feature/syntax-errors
dependency-test	Checkout Repository	2026-08-27T11:56:51.0740355Z ##[endgroup]
dependency-test	Checkout Repository	2026-08-27T11:56:51.0742022Z ##[group]Determining the checkout info
dependency-test	Checkout Repository	2026-08-27T11:56:51.0743895Z ##[endgroup]
dependency-test	Checkout Repository	2026-08-27T11:56:51.0751163Z [command]/usr/bin/git sparse-checkout disable
dependency-test	Checkout Repository	2026-08-27T11:56:51.0807752Z [command]/usr/bin/git config --local --unset-all extensions.worktreeConfig
dependency-test	Checkout Repository	2026-08-27T11:56:51.0904896Z ##[group]Checking out the ref
dependency-test	Checkout Repository	2026-08-27T11:56:51.0906865Z [command]/usr/bin/git checkout --progress --force -B feature/syntax-errors refs/remotes/origin/feature/syntax-errors
dependency-test	Checkout Repository	2026-08-27T11:56:51.1045698Z Switched to a new branch 'feature/syntax-errors'
dependency-test	Checkout Repository	2026-08-27T11:56:51.1052181Z branch 'feature/syntax-errors' set up to track 'origin/feature/syntax-errors'.
dependency-test	Checkout Repository	2026-08-27T11:56:51.1063155Z ##[endgroup]
dependency-test	Checkout Repository	2026-08-27T11:56:51.1107186Z [command]/usr/bin/git log -1 --format=%H
dependency-test	Checkout Repository	2026-08-27T11:56:51.1137173Z 9354d496905ed211398a8ef681c5e2ce77934e91
dependency-test	Setup Python	﻿2026-08-27T11:56:51.1507074Z Node 20 is being deprecated. This workflow is running with Node 24 by default. If you need to temporarily use Node 20, you can set the ACTIONS_ALLOW_USE_UNSECURE_NODE_VERSION=true environment variable. For more information see: https://github.blog/changelog/2025-09-19-deprecation-of-node-20-on-github-actions-runners/
dependency-test	Setup Python	2026-08-27T11:56:51.1512997Z ##[group]Run actions/setup-python@v5
dependency-test	Setup Python	2026-08-27T11:56:51.1514101Z with:
dependency-test	Setup Python	2026-08-27T11:56:51.1514892Z   python-version: 3.11
dependency-test	Setup Python	2026-08-27T11:56:51.1515827Z   check-latest: false
dependency-test	Setup Python	2026-08-27T11:56:51.1526726Z   token: ***
dependency-test	Setup Python	2026-08-27T11:56:51.1527602Z   update-environment: true
dependency-test	Setup Python	2026-08-27T11:56:51.1528854Z   allow-prereleases: false
dependency-test	Setup Python	2026-08-27T11:56:51.1530008Z   freethreaded: false
dependency-test	Setup Python	2026-08-27T11:56:51.1530913Z ##[endgroup]
dependency-test	Setup Python	2026-08-27T11:56:51.2857895Z ##[group]Installed versions
dependency-test	Setup Python	2026-08-27T11:56:51.2955864Z (node:2270) [DEP0040] DeprecationWarning: The `punycode` module is deprecated. Please use a userland alternative instead.
dependency-test	Setup Python	2026-08-27T11:56:51.2964537Z (Use `node --trace-deprecation ...` to show where the warning was created)
dependency-test	Setup Python	2026-08-27T11:56:51.2966386Z Successfully set up CPython (3.11.16)
dependency-test	Setup Python	2026-08-27T11:56:51.2968068Z ##[endgroup]
dependency-test	Install Dependencies	﻿2026-08-27T11:56:51.3201891Z ##[group]Run python -m pip install --upgrade pip
dependency-test	Install Dependencies	2026-08-27T11:56:51.3203416Z ^[[36;1mpython -m pip install --upgrade pip^[[0m
dependency-test	Install Dependencies	2026-08-27T11:56:51.3204682Z ^[[36;1mpip install -r requirements.txt^[[0m
dependency-test	Install Dependencies	2026-08-27T11:56:51.3366865Z shell: /usr/bin/bash -e {0}
dependency-test	Install Dependencies	2026-08-27T11:56:51.3368443Z env:
dependency-test	Install Dependencies	2026-08-27T11:56:51.3370236Z   pythonLocation: /opt/hostedtoolcache/Python/3.11.16/x64
dependency-test	Install Dependencies	2026-08-27T11:56:51.3372813Z   PKG_CONFIG_PATH: /opt/hostedtoolcache/Python/3.11.16/x64/lib/pkgconfig
dependency-test	Install Dependencies	2026-08-27T11:56:51.3374907Z   Python_ROOT_DIR: /opt/hostedtoolcache/Python/3.11.16/x64
dependency-test	Install Dependencies	2026-08-27T11:56:51.3376527Z   Python2_ROOT_DIR: /opt/hostedtoolcache/Python/3.11.16/x64
dependency-test	Install Dependencies	2026-08-27T11:56:51.3378466Z   Python3_ROOT_DIR: /opt/hostedtoolcache/Python/3.11.16/x64
dependency-test	Install Dependencies	2026-08-27T11:56:51.3380455Z   LD_LIBRARY_PATH: /opt/hostedtoolcache/Python/3.11.16/x64/lib
dependency-test	Install Dependencies	2026-08-27T11:56:51.3381804Z ##[endgroup]
dependency-test	Install Dependencies	2026-08-27T11:56:52.4003065Z Requirement already satisfied: pip in /opt/hostedtoolcache/Python/3.11.16/x64/lib/python3.11/site-packages (26.2.1)
dependency-test	Install Dependencies	2026-08-27T11:56:53.4504541Z Collecting pytest (from -r requirements.txt (line 1))
dependency-test	Install Dependencies	2026-08-27T11:56:53.4975551Z   Downloading pytest-9.1.1-py3-none-any.whl.metadata (7.6 kB)
dependency-test	Install Dependencies	2026-08-27T11:56:53.5104054Z Collecting iniconfig>=1.0.1 (from pytest->-r requirements.txt (line 1))
dependency-test	Install Dependencies	2026-08-27T11:56:53.5149324Z   Downloading iniconfig-2.3.0-py3-none-any.whl.metadata (2.5 kB)
dependency-test	Install Dependencies	2026-08-27T11:56:53.5294445Z Collecting packaging>=22 (from pytest->-r requirements.txt (line 1))
dependency-test	Install Dependencies	2026-08-27T11:56:53.5328110Z   Downloading packaging-26.3-py3-none-any.whl.metadata (3.5 kB)
dependency-test	Install Dependencies	2026-08-27T11:56:53.5457398Z Collecting pluggy<2,>=1.5 (from pytest->-r requirements.txt (line 1))
dependency-test	Install Dependencies	2026-08-27T11:56:53.5492634Z   Downloading pluggy-1.6.0-py3-none-any.whl.metadata (4.8 kB)
dependency-test	Install Dependencies	2026-08-27T11:56:53.5666395Z Collecting pygments>=2.7.2 (from pytest->-r requirements.txt (line 1))
dependency-test	Install Dependencies	2026-08-27T11:56:53.5699498Z   Downloading pygments-2.21.0-py3-none-any.whl.metadata (2.5 kB)
dependency-test	Install Dependencies	2026-08-27T11:56:53.5781397Z Downloading pytest-9.1.1-py3-none-any.whl (386 kB)
dependency-test	Install Dependencies	2026-08-27T11:56:53.5985735Z Downloading pluggy-1.6.0-py3-none-any.whl (20 kB)
dependency-test	Install Dependencies	2026-08-27T11:56:53.6039389Z Downloading iniconfig-2.3.0-py3-none-any.whl (7.5 kB)
dependency-test	Install Dependencies	2026-08-27T11:56:53.6095383Z Downloading packaging-26.3-py3-none-any.whl (129 kB)
dependency-test	Install Dependencies	2026-08-27T11:56:53.6152860Z Downloading pygments-2.21.0-py3-none-any.whl (1.3 MB)
dependency-test	Install Dependencies	2026-08-27T11:56:53.6259864Z    ━━━━━━━━━━━━━━━━━━━━━━━━━━━━━━━━━━━━━━━━ 1.3/1.3 MB 145.6 MB/s  0:00:00
dependency-test	Install Dependencies	2026-08-27T11:56:53.6713133Z Installing collected packages: pygments, pluggy, packaging, iniconfig, pytest
dependency-test	Install Dependencies	2026-08-27T11:56:54.6611954Z 
dependency-test	Install Dependencies	2026-08-27T11:56:54.6621711Z Successfully installed iniconfig-2.3.0 packaging-26.3 pluggy-1.6.0 pygments-2.21.0 pytest-9.1.1
dependency-test	Check App Syntax	﻿2026-08-27T11:56:54.7086812Z ##[group]Run python -c "import app"
dependency-test	Check App Syntax	2026-08-27T11:56:54.7087173Z ^[[36;1mpython -c "import app"^[[0m
dependency-test	Check App Syntax	2026-08-27T11:56:54.7127162Z shell: /usr/bin/bash -e {0}
dependency-test	Check App Syntax	2026-08-27T11:56:54.7127420Z env:
dependency-test	Check App Syntax	2026-08-27T11:56:54.7127699Z   pythonLocation: /opt/hostedtoolcache/Python/3.11.16/x64
dependency-test	Check App Syntax	2026-08-27T11:56:54.7128140Z   PKG_CONFIG_PATH: /opt/hostedtoolcache/Python/3.11.16/x64/lib/pkgconfig
dependency-test	Check App Syntax	2026-08-27T11:56:54.7128569Z   Python_ROOT_DIR: /opt/hostedtoolcache/Python/3.11.16/x64
dependency-test	Check App Syntax	2026-08-27T11:56:54.7129278Z   Python2_ROOT_DIR: /opt/hostedtoolcache/Python/3.11.16/x64
dependency-test	Check App Syntax	2026-08-27T11:56:54.7129675Z   Python3_ROOT_DIR: /opt/hostedtoolcache/Python/3.11.16/x64
dependency-test	Check App Syntax	2026-08-27T11:56:54.7130068Z   LD_LIBRARY_PATH: /opt/hostedtoolcache/Python/3.11.16/x64/lib
dependency-test	Check App Syntax	2026-08-27T11:56:54.7130414Z ##[endgroup]
dependency-test	Check App Syntax	2026-08-27T11:56:54.7288659Z Traceback (most recent call last):
dependency-test	Check App Syntax	2026-08-27T11:56:54.7295728Z   File "<string>", line 1, in <module>
dependency-test	Check App Syntax	2026-08-27T11:56:54.7296553Z   File "/home/runner/work/dependency-error-repo/dependency-error-repo/app.py", line 4
dependency-test	Check App Syntax	2026-08-27T11:56:54.7297125Z     vals = [1, 2,
dependency-test	Check App Syntax	2026-08-27T11:56:54.7297363Z            ^
dependency-test	Check App Syntax	2026-08-27T11:56:54.7297600Z SyntaxError: '[' was never closed
dependency-test	Check App Syntax	2026-08-27T11:56:54.7324142Z ##[error]Process completed with exit code 1.
dependency-test	Post Checkout Repository	﻿2026-08-27T11:56:54.7476329Z Node 20 is being deprecated. This workflow is running with Node 24 by default. If you need to temporarily use Node 20, you can set the ACTIONS_ALLOW_USE_UNSECURE_NODE_VERSION=true environment variable. For more information see: https://github.blog/changelog/2025-09-19-deprecation-of-node-20-on-github-actions-runners/
dependency-test	Post Checkout Repository	2026-08-27T11:56:54.7477595Z Post job cleanup.
dependency-test	Post Checkout Repository	2026-08-27T11:56:54.8325990Z [command]/usr/bin/git version
dependency-test	Post Checkout Repository	2026-08-27T11:56:54.8371139Z git version 2.55.0
dependency-test	Post Checkout Repository	2026-08-27T11:56:54.8411567Z Temporarily overriding HOME='/home/runner/work/_temp/8c396e61-b69f-4adf-ba27-4373fdac3cd7' before making global git config changes
dependency-test	Post Checkout Repository	2026-08-27T11:56:54.8412922Z Adding repository directory to the temporary git global config as a safe directory
dependency-test	Post Checkout Repository	2026-08-27T11:56:54.8418137Z [command]/usr/bin/git config --global --add safe.directory /home/runner/work/dependency-error-repo/dependency-error-repo
dependency-test	Post Checkout Repository	2026-08-27T11:56:54.8459733Z [command]/usr/bin/git config --local --name-only --get-regexp core\.sshCommand
dependency-test	Post Checkout Repository	2026-08-27T11:56:54.8497618Z [command]/usr/bin/git submodule foreach --recursive sh -c "git config --local --name-only --get-regexp 'core\.sshCommand' && git config --local --unset-all 'core.sshCommand' || :"
dependency-test	Post Checkout Repository	2026-08-27T11:56:54.8818973Z [command]/usr/bin/git config --local --name-only --get-regexp http\.https\:\/\/github\.com\/\.extraheader
dependency-test	Post Checkout Repository	2026-08-27T11:56:54.8857670Z http.https://github.com/.extraheader
dependency-test	Post Checkout Repository	2026-08-27T11:56:54.8877557Z [command]/usr/bin/git config --local --unset-all http.https://github.com/.extraheader
dependency-test	Post Checkout Repository	2026-08-27T11:56:54.8929298Z [command]/usr/bin/git submodule foreach --recursive sh -c "git config --local --name-only --get-regexp 'http\.https\:\/\/github\.com\/\.extraheader' && git config --local --unset-all 'http.https://github.com/.extraheader' || :"
dependency-test	Post Checkout Repository	2026-08-27T11:56:54.9208329Z [command]/usr/bin/git config --local --name-only --get-regexp ^includeIf\.gitdir:
dependency-test	Post Checkout Repository	2026-08-27T11:56:54.9248615Z [command]/usr/bin/git submodule foreach --recursive git config --local --show-origin --name-only --get-regexp remote.origin.url
dependency-test	Complete job	﻿2026-08-27T11:56:54.9636070Z Cleaning up orphan processes
dependency-test	Complete job	2026-08-27T11:56:54.9963150Z ##[warning]Node.js 20 is deprecated. The following actions target Node.js 20 but are being forced to run on Node.js 24: actions/checkout@v4, actions/setup-python@v5. For more information see: https://github.blog/changelog/2025-09-19-deprecation-of-node-20-on-github-actions-runners/