dependency-test	Set up job	﻿2026-08-23T17:32:50.1676345Z Current runner version: '2.336.0'
dependency-test	Set up job	2026-08-23T17:32:50.1697383Z ##[group]Runner Image Provisioner
dependency-test	Set up job	2026-08-23T17:32:50.1698203Z Hosted Compute Agent
dependency-test	Set up job	2026-08-23T17:32:50.1698721Z Version: 20260729.566
dependency-test	Set up job	2026-08-23T17:32:50.1699270Z Commit: cf7153fe6e25b664e8693c24944bf2b00355d109
dependency-test	Set up job	2026-08-23T17:32:50.1699904Z Build Date: 2026-07-29T19:17:02Z
dependency-test	Set up job	2026-08-23T17:32:50.1700453Z Worker ID: {b8b506c6-11e8-4ede-b1c8-732023cecc9f}
dependency-test	Set up job	2026-08-23T17:32:50.1701103Z Azure Region: westus3
dependency-test	Set up job	2026-08-23T17:32:50.1701587Z ##[endgroup]
dependency-test	Set up job	2026-08-23T17:32:50.1702925Z ##[group]Operating System
dependency-test	Set up job	2026-08-23T17:32:50.1703498Z Ubuntu
dependency-test	Set up job	2026-08-23T17:32:50.1703926Z 24.04.4
dependency-test	Set up job	2026-08-23T17:32:50.1704380Z LTS
dependency-test	Set up job	2026-08-23T17:32:50.1704836Z ##[endgroup]
dependency-test	Set up job	2026-08-23T17:32:50.1705312Z ##[group]Runner Image
dependency-test	Set up job	2026-08-23T17:32:50.1705838Z Image: ubuntu-24.04
dependency-test	Set up job	2026-08-23T17:32:50.1706319Z Version: 20260816.277.1
dependency-test	Set up job	2026-08-23T17:32:50.1707210Z Included Software: https://github.com/actions/runner-images/blob/ubuntu24/20260816.277/images/ubuntu/Ubuntu2404-Readme.md
dependency-test	Set up job	2026-08-23T17:32:50.1708684Z Image Release: https://github.com/actions/runner-images/releases/tag/ubuntu24%2F20260816.277
dependency-test	Set up job	2026-08-23T17:32:50.1709522Z ##[endgroup]
dependency-test	Set up job	2026-08-23T17:32:50.1710439Z ##[group]GITHUB_TOKEN Permissions
dependency-test	Set up job	2026-08-23T17:32:50.1712023Z Contents: read
dependency-test	Set up job	2026-08-23T17:32:50.1712510Z Metadata: read
dependency-test	Set up job	2026-08-23T17:32:50.1713488Z Packages: read
dependency-test	Set up job	2026-08-23T17:32:50.1713942Z ##[endgroup]
dependency-test	Set up job	2026-08-23T17:32:50.1715537Z Secret source: Actions
dependency-test	Set up job	2026-08-23T17:32:50.1716477Z Prepare workflow directory
dependency-test	Set up job	2026-08-23T17:32:50.1991300Z Prepare all required actions
dependency-test	Set up job	2026-08-23T17:32:50.2047491Z Getting action download info
dependency-test	Set up job	2026-08-23T17:32:50.4809349Z Download action repository 'actions/checkout@v4' (SHA:11d5960a326750d5838078e36cf38b85af677262)
dependency-test	Set up job	2026-08-23T17:32:50.5638028Z Download action repository 'actions/setup-python@v5' (SHA:a26af69be951a213d495a4c3e4e4022e16d87065)
dependency-test	Set up job	2026-08-23T17:32:50.7765215Z Complete job name: dependency-test
dependency-test	Checkout Repository	﻿2026-08-23T17:32:50.8340257Z Node 20 is being deprecated. This workflow is running with Node 24 by default. If you need to temporarily use Node 20, you can set the ACTIONS_ALLOW_USE_UNSECURE_NODE_VERSION=true environment variable. For more information see: https://github.blog/changelog/2025-09-19-deprecation-of-node-20-on-github-actions-runners/
dependency-test	Checkout Repository	2026-08-23T17:32:50.8347094Z ##[group]Run actions/checkout@v4
dependency-test	Checkout Repository	2026-08-23T17:32:50.8347884Z with:
dependency-test	Checkout Repository	2026-08-23T17:32:50.8348284Z   repository: DhruvHegde/dependency-error-repo
dependency-test	Checkout Repository	2026-08-23T17:32:50.8351270Z   token: ***
dependency-test	Checkout Repository	2026-08-23T17:32:50.8351618Z   ssh-strict: true
dependency-test	Checkout Repository	2026-08-23T17:32:50.8351967Z   ssh-user: git
dependency-test	Checkout Repository	2026-08-23T17:32:50.8352317Z   persist-credentials: true
dependency-test	Checkout Repository	2026-08-23T17:32:50.8352834Z   clean: true
dependency-test	Checkout Repository	2026-08-23T17:32:50.8353184Z   sparse-checkout-cone-mode: true
dependency-test	Checkout Repository	2026-08-23T17:32:50.8353589Z   fetch-depth: 1
dependency-test	Checkout Repository	2026-08-23T17:32:50.8353929Z   fetch-tags: false
dependency-test	Checkout Repository	2026-08-23T17:32:50.8354275Z   show-progress: true
dependency-test	Checkout Repository	2026-08-23T17:32:50.8354620Z   lfs: false
dependency-test	Checkout Repository	2026-08-23T17:32:50.8354938Z   submodules: false
dependency-test	Checkout Repository	2026-08-23T17:32:50.8355329Z   set-safe-directory: true
dependency-test	Checkout Repository	2026-08-23T17:32:50.8355728Z   allow-unsafe-pr-checkout: false
dependency-test	Checkout Repository	2026-08-23T17:32:50.8356337Z ##[endgroup]
dependency-test	Checkout Repository	2026-08-23T17:32:50.9130506Z Syncing repository: DhruvHegde/dependency-error-repo
dependency-test	Checkout Repository	2026-08-23T17:32:50.9132081Z ##[group]Getting Git version info
dependency-test	Checkout Repository	2026-08-23T17:32:50.9133215Z Working directory is '/home/runner/work/dependency-error-repo/dependency-error-repo'
dependency-test	Checkout Repository	2026-08-23T17:32:50.9134155Z [command]/usr/bin/git version
dependency-test	Checkout Repository	2026-08-23T17:32:50.9209480Z git version 2.55.0
dependency-test	Checkout Repository	2026-08-23T17:32:50.9260122Z ##[endgroup]
dependency-test	Checkout Repository	2026-08-23T17:32:50.9273501Z Temporarily overriding HOME='/home/runner/work/_temp/4b5c2694-7891-46e8-8825-8badf94bd546' before making global git config changes
dependency-test	Checkout Repository	2026-08-23T17:32:50.9275215Z Adding repository directory to the temporary git global config as a safe directory
dependency-test	Checkout Repository	2026-08-23T17:32:50.9277986Z [command]/usr/bin/git config --global --add safe.directory /home/runner/work/dependency-error-repo/dependency-error-repo
dependency-test	Checkout Repository	2026-08-23T17:32:50.9326950Z Deleting the contents of '/home/runner/work/dependency-error-repo/dependency-error-repo'
dependency-test	Checkout Repository	2026-08-23T17:32:50.9329872Z ##[group]Initializing the repository
dependency-test	Checkout Repository	2026-08-23T17:32:50.9334343Z [command]/usr/bin/git init /home/runner/work/dependency-error-repo/dependency-error-repo
dependency-test	Checkout Repository	2026-08-23T17:32:50.9420757Z hint: Using 'master' as the name for the initial branch. This default branch name
dependency-test	Checkout Repository	2026-08-23T17:32:50.9422029Z hint: will change to "main" in Git 3.0. To configure the initial branch name
dependency-test	Checkout Repository	2026-08-23T17:32:50.9423322Z hint: to use in all of your new repositories, which will suppress this warning,
dependency-test	Checkout Repository	2026-08-23T17:32:50.9423903Z hint: call:
dependency-test	Checkout Repository	2026-08-23T17:32:50.9424219Z hint:
dependency-test	Checkout Repository	2026-08-23T17:32:50.9424622Z hint: 	git config --global init.defaultBranch <name>
dependency-test	Checkout Repository	2026-08-23T17:32:50.9425105Z hint:
dependency-test	Checkout Repository	2026-08-23T17:32:50.9425558Z hint: Names commonly chosen instead of 'master' are 'main', 'trunk' and
dependency-test	Checkout Repository	2026-08-23T17:32:50.9426277Z hint: 'development'. The just-created branch can be renamed via this command:
dependency-test	Checkout Repository	2026-08-23T17:32:50.9426870Z hint:
dependency-test	Checkout Repository	2026-08-23T17:32:50.9427195Z hint: 	git branch -m <name>
dependency-test	Checkout Repository	2026-08-23T17:32:50.9427577Z hint:
dependency-test	Checkout Repository	2026-08-23T17:32:50.9428064Z hint: Disable this message with "git config set advice.defaultBranchName false"
dependency-test	Checkout Repository	2026-08-23T17:32:50.9432507Z Initialized empty Git repository in /home/runner/work/dependency-error-repo/dependency-error-repo/.git/
dependency-test	Checkout Repository	2026-08-23T17:32:50.9440053Z [command]/usr/bin/git remote add origin https://github.com/DhruvHegde/dependency-error-repo
dependency-test	Checkout Repository	2026-08-23T17:32:50.9477108Z ##[endgroup]
dependency-test	Checkout Repository	2026-08-23T17:32:50.9477746Z ##[group]Disabling automatic garbage collection
dependency-test	Checkout Repository	2026-08-23T17:32:50.9480312Z [command]/usr/bin/git config --local gc.auto 0
dependency-test	Checkout Repository	2026-08-23T17:32:50.9505233Z ##[endgroup]
dependency-test	Checkout Repository	2026-08-23T17:32:50.9505828Z ##[group]Setting up auth
dependency-test	Checkout Repository	2026-08-23T17:32:50.9512811Z [command]/usr/bin/git config --local --name-only --get-regexp core\.sshCommand
dependency-test	Checkout Repository	2026-08-23T17:32:50.9541166Z [command]/usr/bin/git submodule foreach --recursive sh -c "git config --local --name-only --get-regexp 'core\.sshCommand' && git config --local --unset-all 'core.sshCommand' || :"
dependency-test	Checkout Repository	2026-08-23T17:32:50.9834310Z [command]/usr/bin/git config --local --name-only --get-regexp http\.https\:\/\/github\.com\/\.extraheader
dependency-test	Checkout Repository	2026-08-23T17:32:50.9865340Z [command]/usr/bin/git submodule foreach --recursive sh -c "git config --local --name-only --get-regexp 'http\.https\:\/\/github\.com\/\.extraheader' && git config --local --unset-all 'http.https://github.com/.extraheader' || :"
dependency-test	Checkout Repository	2026-08-23T17:32:51.0052356Z [command]/usr/bin/git config --local --name-only --get-regexp ^includeIf\.gitdir:
dependency-test	Checkout Repository	2026-08-23T17:32:51.0083447Z [command]/usr/bin/git submodule foreach --recursive git config --local --show-origin --name-only --get-regexp remote.origin.url
dependency-test	Checkout Repository	2026-08-23T17:32:51.0272790Z [command]/usr/bin/git config --local http.https://github.com/.extraheader AUTHORIZATION: basic ***
dependency-test	Checkout Repository	2026-08-23T17:32:51.0305978Z ##[endgroup]
dependency-test	Checkout Repository	2026-08-23T17:32:51.0306940Z ##[group]Fetching the repository
dependency-test	Checkout Repository	2026-08-23T17:32:51.0314643Z [command]/usr/bin/git -c protocol.version=2 fetch --no-tags --prune --no-recurse-submodules --depth=1 origin +576192272882beceb275603bdc80d5fb8aa83fdb:refs/remotes/origin/feature/syntax-errors
dependency-test	Checkout Repository	2026-08-23T17:32:51.5840022Z From https://github.com/DhruvHegde/dependency-error-repo
dependency-test	Checkout Repository	2026-08-23T17:32:51.5841551Z  * [new ref]         576192272882beceb275603bdc80d5fb8aa83fdb -> origin/feature/syntax-errors
dependency-test	Checkout Repository	2026-08-23T17:32:51.5844700Z ##[endgroup]
dependency-test	Checkout Repository	2026-08-23T17:32:51.5845570Z ##[group]Determining the checkout info
dependency-test	Checkout Repository	2026-08-23T17:32:51.5846574Z ##[endgroup]
dependency-test	Checkout Repository	2026-08-23T17:32:51.5851437Z [command]/usr/bin/git sparse-checkout disable
dependency-test	Checkout Repository	2026-08-23T17:32:51.5892134Z [command]/usr/bin/git config --local --unset-all extensions.worktreeConfig
dependency-test	Checkout Repository	2026-08-23T17:32:51.5924715Z ##[group]Checking out the ref
dependency-test	Checkout Repository	2026-08-23T17:32:51.5925638Z [command]/usr/bin/git checkout --progress --force -B feature/syntax-errors refs/remotes/origin/feature/syntax-errors
dependency-test	Checkout Repository	2026-08-23T17:32:51.5989321Z Switched to a new branch 'feature/syntax-errors'
dependency-test	Checkout Repository	2026-08-23T17:32:51.5994932Z branch 'feature/syntax-errors' set up to track 'origin/feature/syntax-errors'.
dependency-test	Checkout Repository	2026-08-23T17:32:51.5998249Z ##[endgroup]
dependency-test	Checkout Repository	2026-08-23T17:32:51.6031250Z [command]/usr/bin/git log -1 --format=%H
dependency-test	Checkout Repository	2026-08-23T17:32:51.6053406Z 576192272882beceb275603bdc80d5fb8aa83fdb
dependency-test	Setup Python	﻿2026-08-23T17:32:51.6287967Z Node 20 is being deprecated. This workflow is running with Node 24 by default. If you need to temporarily use Node 20, you can set the ACTIONS_ALLOW_USE_UNSECURE_NODE_VERSION=true environment variable. For more information see: https://github.blog/changelog/2025-09-19-deprecation-of-node-20-on-github-actions-runners/
dependency-test	Setup Python	2026-08-23T17:32:51.6290257Z ##[group]Run actions/setup-python@v5
dependency-test	Setup Python	2026-08-23T17:32:51.6290718Z with:
dependency-test	Setup Python	2026-08-23T17:32:51.6291083Z   python-version: 3.11
dependency-test	Setup Python	2026-08-23T17:32:51.6291482Z   check-latest: false
dependency-test	Setup Python	2026-08-23T17:32:51.6294807Z   token: ***
dependency-test	Setup Python	2026-08-23T17:32:51.6295183Z   update-environment: true
dependency-test	Setup Python	2026-08-23T17:32:51.6295610Z   allow-prereleases: false
dependency-test	Setup Python	2026-08-23T17:32:51.6296016Z   freethreaded: false
dependency-test	Setup Python	2026-08-23T17:32:51.6296397Z ##[endgroup]
dependency-test	Setup Python	2026-08-23T17:32:51.7345210Z ##[group]Installed versions
dependency-test	Setup Python	2026-08-23T17:32:51.7411915Z (node:2081) [DEP0040] DeprecationWarning: The `punycode` module is deprecated. Please use a userland alternative instead.
dependency-test	Setup Python	2026-08-23T17:32:51.7413788Z (Use `node --trace-deprecation ...` to show where the warning was created)
dependency-test	Setup Python	2026-08-23T17:32:51.7414941Z Successfully set up CPython (3.11.16)
dependency-test	Setup Python	2026-08-23T17:32:51.7416113Z ##[endgroup]
dependency-test	Install Dependencies	﻿2026-08-23T17:32:51.7574189Z ##[group]Run python -m pip install --upgrade pip
dependency-test	Install Dependencies	2026-08-23T17:32:51.7574937Z ^[[36;1mpython -m pip install --upgrade pip^[[0m
dependency-test	Install Dependencies	2026-08-23T17:32:51.7575491Z ^[[36;1mpip install -r requirements.txt^[[0m
dependency-test	Install Dependencies	2026-08-23T17:32:51.7622440Z shell: /usr/bin/bash -e {0}
dependency-test	Install Dependencies	2026-08-23T17:32:51.7623373Z env:
dependency-test	Install Dependencies	2026-08-23T17:32:51.7624091Z   pythonLocation: /opt/hostedtoolcache/Python/3.11.16/x64
dependency-test	Install Dependencies	2026-08-23T17:32:51.7625206Z   PKG_CONFIG_PATH: /opt/hostedtoolcache/Python/3.11.16/x64/lib/pkgconfig
dependency-test	Install Dependencies	2026-08-23T17:32:51.7626087Z   Python_ROOT_DIR: /opt/hostedtoolcache/Python/3.11.16/x64
dependency-test	Install Dependencies	2026-08-23T17:32:51.7626833Z   Python2_ROOT_DIR: /opt/hostedtoolcache/Python/3.11.16/x64
dependency-test	Install Dependencies	2026-08-23T17:32:51.7627512Z   Python3_ROOT_DIR: /opt/hostedtoolcache/Python/3.11.16/x64
dependency-test	Install Dependencies	2026-08-23T17:32:51.7628172Z   LD_LIBRARY_PATH: /opt/hostedtoolcache/Python/3.11.16/x64/lib
dependency-test	Install Dependencies	2026-08-23T17:32:51.7628746Z ##[endgroup]
dependency-test	Install Dependencies	2026-08-23T17:32:52.2913519Z Requirement already satisfied: pip in /opt/hostedtoolcache/Python/3.11.16/x64/lib/python3.11/site-packages (26.2.1)
dependency-test	Install Dependencies	2026-08-23T17:32:52.7866666Z Collecting pytest (from -r requirements.txt (line 1))
dependency-test	Install Dependencies	2026-08-23T17:32:52.8280201Z   Downloading pytest-9.1.1-py3-none-any.whl.metadata (7.6 kB)
dependency-test	Install Dependencies	2026-08-23T17:32:52.8836904Z Collecting iniconfig>=1.0.1 (from pytest->-r requirements.txt (line 1))
dependency-test	Install Dependencies	2026-08-23T17:32:52.8868924Z   Downloading iniconfig-2.3.0-py3-none-any.whl.metadata (2.5 kB)
dependency-test	Install Dependencies	2026-08-23T17:32:52.9059087Z Collecting packaging>=22 (from pytest->-r requirements.txt (line 1))
dependency-test	Install Dependencies	2026-08-23T17:32:52.9091453Z   Downloading packaging-26.3-py3-none-any.whl.metadata (3.5 kB)
dependency-test	Install Dependencies	2026-08-23T17:32:52.9259318Z Collecting pluggy<2,>=1.5 (from pytest->-r requirements.txt (line 1))
dependency-test	Install Dependencies	2026-08-23T17:32:52.9290632Z   Downloading pluggy-1.6.0-py3-none-any.whl.metadata (4.8 kB)
dependency-test	Install Dependencies	2026-08-23T17:32:52.9510546Z Collecting pygments>=2.7.2 (from pytest->-r requirements.txt (line 1))
dependency-test	Install Dependencies	2026-08-23T17:32:52.9541969Z   Downloading pygments-2.21.0-py3-none-any.whl.metadata (2.5 kB)
dependency-test	Install Dependencies	2026-08-23T17:32:52.9611692Z Downloading pytest-9.1.1-py3-none-any.whl (386 kB)
dependency-test	Install Dependencies	2026-08-23T17:32:53.0077900Z Downloading pluggy-1.6.0-py3-none-any.whl (20 kB)
dependency-test	Install Dependencies	2026-08-23T17:32:53.0130181Z Downloading iniconfig-2.3.0-py3-none-any.whl (7.5 kB)
dependency-test	Install Dependencies	2026-08-23T17:32:53.0181502Z Downloading packaging-26.3-py3-none-any.whl (129 kB)
dependency-test	Install Dependencies	2026-08-23T17:32:53.0240810Z Downloading pygments-2.21.0-py3-none-any.whl (1.3 MB)
dependency-test	Install Dependencies	2026-08-23T17:32:53.0450630Z    ━━━━━━━━━━━━━━━━━━━━━━━━━━━━━━━━━━━━━━━━ 1.3/1.3 MB 60.0 MB/s  0:00:00
dependency-test	Install Dependencies	2026-08-23T17:32:53.0809420Z Installing collected packages: pygments, pluggy, packaging, iniconfig, pytest
dependency-test	Install Dependencies	2026-08-23T17:32:53.8439763Z 
dependency-test	Install Dependencies	2026-08-23T17:32:53.8447872Z Successfully installed iniconfig-2.3.0 packaging-26.3 pluggy-1.6.0 pygments-2.21.0 pytest-9.1.1
dependency-test	Check App Syntax	﻿2026-08-23T17:32:53.8889641Z ##[group]Run python -c "import app"
dependency-test	Check App Syntax	2026-08-23T17:32:53.8889980Z ^[[36;1mpython -c "import app"^[[0m
dependency-test	Check App Syntax	2026-08-23T17:32:53.8924966Z shell: /usr/bin/bash -e {0}
dependency-test	Check App Syntax	2026-08-23T17:32:53.8925190Z env:
dependency-test	Check App Syntax	2026-08-23T17:32:53.8925425Z   pythonLocation: /opt/hostedtoolcache/Python/3.11.16/x64
dependency-test	Check App Syntax	2026-08-23T17:32:53.8925779Z   PKG_CONFIG_PATH: /opt/hostedtoolcache/Python/3.11.16/x64/lib/pkgconfig
dependency-test	Check App Syntax	2026-08-23T17:32:53.8926132Z   Python_ROOT_DIR: /opt/hostedtoolcache/Python/3.11.16/x64
dependency-test	Check App Syntax	2026-08-23T17:32:53.8926455Z   Python2_ROOT_DIR: /opt/hostedtoolcache/Python/3.11.16/x64
dependency-test	Check App Syntax	2026-08-23T17:32:53.8926758Z   Python3_ROOT_DIR: /opt/hostedtoolcache/Python/3.11.16/x64
dependency-test	Check App Syntax	2026-08-23T17:32:53.8927069Z   LD_LIBRARY_PATH: /opt/hostedtoolcache/Python/3.11.16/x64/lib
dependency-test	Check App Syntax	2026-08-23T17:32:53.8927321Z ##[endgroup]
dependency-test	Check App Syntax	2026-08-23T17:32:53.9062761Z Traceback (most recent call last):
dependency-test	Check App Syntax	2026-08-23T17:32:53.9068098Z   File "<string>", line 1, in <module>
dependency-test	Check App Syntax	2026-08-23T17:32:53.9068871Z   File "/home/runner/work/dependency-error-repo/dependency-error-repo/app.py", line 4
dependency-test	Check App Syntax	2026-08-23T17:32:53.9069465Z     values = [1, 2, 3
dependency-test	Check App Syntax	2026-08-23T17:32:53.9069743Z              ^
dependency-test	Check App Syntax	2026-08-23T17:32:53.9070020Z SyntaxError: '[' was never closed
dependency-test	Check App Syntax	2026-08-23T17:32:53.9092256Z ##[error]Process completed with exit code 1.
dependency-test	Post Checkout Repository	﻿2026-08-23T17:32:53.9210539Z Node 20 is being deprecated. This workflow is running with Node 24 by default. If you need to temporarily use Node 20, you can set the ACTIONS_ALLOW_USE_UNSECURE_NODE_VERSION=true environment variable. For more information see: https://github.blog/changelog/2025-09-19-deprecation-of-node-20-on-github-actions-runners/
dependency-test	Post Checkout Repository	2026-08-23T17:32:53.9211532Z Post job cleanup.
dependency-test	Post Checkout Repository	2026-08-23T17:32:53.9894215Z [command]/usr/bin/git version
dependency-test	Post Checkout Repository	2026-08-23T17:32:53.9928041Z git version 2.55.0
dependency-test	Post Checkout Repository	2026-08-23T17:32:53.9989405Z Temporarily overriding HOME='/home/runner/work/_temp/b6c36a9a-0168-434e-a30e-1068a8e25957' before making global git config changes
dependency-test	Post Checkout Repository	2026-08-23T17:32:53.9990474Z Adding repository directory to the temporary git global config as a safe directory
dependency-test	Post Checkout Repository	2026-08-23T17:32:53.9994311Z [command]/usr/bin/git config --global --add safe.directory /home/runner/work/dependency-error-repo/dependency-error-repo
dependency-test	Post Checkout Repository	2026-08-23T17:32:54.0025931Z [command]/usr/bin/git config --local --name-only --get-regexp core\.sshCommand
dependency-test	Post Checkout Repository	2026-08-23T17:32:54.0062140Z [command]/usr/bin/git submodule foreach --recursive sh -c "git config --local --name-only --get-regexp 'core\.sshCommand' && git config --local --unset-all 'core.sshCommand' || :"
dependency-test	Post Checkout Repository	2026-08-23T17:32:54.0270698Z [command]/usr/bin/git config --local --name-only --get-regexp http\.https\:\/\/github\.com\/\.extraheader
dependency-test	Post Checkout Repository	2026-08-23T17:32:54.0294265Z http.https://github.com/.extraheader
dependency-test	Post Checkout Repository	2026-08-23T17:32:54.0302753Z [command]/usr/bin/git config --local --unset-all http.https://github.com/.extraheader
dependency-test	Post Checkout Repository	2026-08-23T17:32:54.0332820Z [command]/usr/bin/git submodule foreach --recursive sh -c "git config --local --name-only --get-regexp 'http\.https\:\/\/github\.com\/\.extraheader' && git config --local --unset-all 'http.https://github.com/.extraheader' || :"
dependency-test	Post Checkout Repository	2026-08-23T17:32:54.0547279Z [command]/usr/bin/git config --local --name-only --get-regexp ^includeIf\.gitdir:
dependency-test	Post Checkout Repository	2026-08-23T17:32:54.0589130Z [command]/usr/bin/git submodule foreach --recursive git config --local --show-origin --name-only --get-regexp remote.origin.url
dependency-test	Complete job	﻿2026-08-23T17:32:54.0896252Z Cleaning up orphan processes
dependency-test	Complete job	2026-08-23T17:32:54.1135417Z ##[warning]Node.js 20 is deprecated. The following actions target Node.js 20 but are being forced to run on Node.js 24: actions/checkout@v4, actions/setup-python@v5. For more information see: https://github.blog/changelog/2025-09-19-deprecation-of-node-20-on-github-actions-runners/