dependency-test	Set up job	﻿2026-08-27T12:50:38.2733636Z Current runner version: '2.336.0'
dependency-test	Set up job	2026-08-27T12:50:38.2770314Z ##[group]Runner Image Provisioner
dependency-test	Set up job	2026-08-27T12:50:38.2771915Z Hosted Compute Agent
dependency-test	Set up job	2026-08-27T12:50:38.2772835Z Version: 20260819.586
dependency-test	Set up job	2026-08-27T12:50:38.2773772Z Commit: 3cc4a88dfa507ef76119ad1bb3eccc6378bb2b76
dependency-test	Set up job	2026-08-27T12:50:38.2774982Z Build Date: 2026-08-18T23:20:18Z
dependency-test	Set up job	2026-08-27T12:50:38.2776046Z Worker ID: {541c5fcb-e720-4b17-9136-c6d3d31804ed}
dependency-test	Set up job	2026-08-27T12:50:38.2777116Z Azure Region: eastus2
dependency-test	Set up job	2026-08-27T12:50:38.2778235Z ##[endgroup]
dependency-test	Set up job	2026-08-27T12:50:38.2782072Z ##[group]Operating System
dependency-test	Set up job	2026-08-27T12:50:38.2783173Z Ubuntu
dependency-test	Set up job	2026-08-27T12:50:38.2783966Z 24.04.4
dependency-test	Set up job	2026-08-27T12:50:38.2784809Z LTS
dependency-test	Set up job	2026-08-27T12:50:38.2785648Z ##[endgroup]
dependency-test	Set up job	2026-08-27T12:50:38.2786474Z ##[group]Runner Image
dependency-test	Set up job	2026-08-27T12:50:38.2787497Z Image: ubuntu-24.04
dependency-test	Set up job	2026-08-27T12:50:38.2788354Z Version: 20260823.283.1
dependency-test	Set up job	2026-08-27T12:50:38.2790002Z Included Software: https://github.com/actions/runner-images/blob/ubuntu24/20260823.283/images/ubuntu/Ubuntu2404-Readme.md
dependency-test	Set up job	2026-08-27T12:50:38.2793150Z Image Release: https://github.com/actions/runner-images/releases/tag/ubuntu24%2F20260823.283
dependency-test	Set up job	2026-08-27T12:50:38.2794867Z ##[endgroup]
dependency-test	Set up job	2026-08-27T12:50:38.2796691Z ##[group]GITHUB_TOKEN Permissions
dependency-test	Set up job	2026-08-27T12:50:38.2800162Z Contents: read
dependency-test	Set up job	2026-08-27T12:50:38.2801252Z Metadata: read
dependency-test	Set up job	2026-08-27T12:50:38.2802203Z Packages: read
dependency-test	Set up job	2026-08-27T12:50:38.2803060Z ##[endgroup]
dependency-test	Set up job	2026-08-27T12:50:38.2806395Z Secret source: Actions
dependency-test	Set up job	2026-08-27T12:50:38.2808571Z Prepare workflow directory
dependency-test	Set up job	2026-08-27T12:50:38.3260128Z Prepare all required actions
dependency-test	Set up job	2026-08-27T12:50:38.3330259Z Getting action download info
dependency-test	Set up job	2026-08-27T12:50:38.5335755Z Download action repository 'actions/checkout@v4' (SHA:11d5960a326750d5838078e36cf38b85af677262)
dependency-test	Set up job	2026-08-27T12:50:38.6277600Z Download action repository 'actions/setup-python@v5' (SHA:a26af69be951a213d495a4c3e4e4022e16d87065)
dependency-test	Set up job	2026-08-27T12:50:39.0066939Z Complete job name: dependency-test
dependency-test	Checkout Repository	﻿2026-08-27T12:50:39.0850234Z Node 20 is being deprecated. This workflow is running with Node 24 by default. If you need to temporarily use Node 20, you can set the ACTIONS_ALLOW_USE_UNSECURE_NODE_VERSION=true environment variable. For more information see: https://github.blog/changelog/2025-09-19-deprecation-of-node-20-on-github-actions-runners/
dependency-test	Checkout Repository	2026-08-27T12:50:39.0859443Z ##[group]Run actions/checkout@v4
dependency-test	Checkout Repository	2026-08-27T12:50:39.0860694Z with:
dependency-test	Checkout Repository	2026-08-27T12:50:39.0861213Z   repository: DhruvHegde/dependency-error-repo
dependency-test	Checkout Repository	2026-08-27T12:50:39.0865266Z   token: ***
dependency-test	Checkout Repository	2026-08-27T12:50:39.0865709Z   ssh-strict: true
dependency-test	Checkout Repository	2026-08-27T12:50:39.0866148Z   ssh-user: git
dependency-test	Checkout Repository	2026-08-27T12:50:39.0866589Z   persist-credentials: true
dependency-test	Checkout Repository	2026-08-27T12:50:39.0867071Z   clean: true
dependency-test	Checkout Repository	2026-08-27T12:50:39.0867506Z   sparse-checkout-cone-mode: true
dependency-test	Checkout Repository	2026-08-27T12:50:39.0868019Z   fetch-depth: 1
dependency-test	Checkout Repository	2026-08-27T12:50:39.0868455Z   fetch-tags: false
dependency-test	Checkout Repository	2026-08-27T12:50:39.0868903Z   show-progress: true
dependency-test	Checkout Repository	2026-08-27T12:50:39.0869350Z   lfs: false
dependency-test	Checkout Repository	2026-08-27T12:50:39.0869758Z   submodules: false
dependency-test	Checkout Repository	2026-08-27T12:50:39.0870266Z   set-safe-directory: true
dependency-test	Checkout Repository	2026-08-27T12:50:39.0870977Z   allow-unsafe-pr-checkout: false
dependency-test	Checkout Repository	2026-08-27T12:50:39.0871791Z ##[endgroup]
dependency-test	Checkout Repository	2026-08-27T12:50:39.1996315Z Syncing repository: DhruvHegde/dependency-error-repo
dependency-test	Checkout Repository	2026-08-27T12:50:39.1998934Z ##[group]Getting Git version info
dependency-test	Checkout Repository	2026-08-27T12:50:39.2000278Z Working directory is '/home/runner/work/dependency-error-repo/dependency-error-repo'
dependency-test	Checkout Repository	2026-08-27T12:50:39.2002426Z [command]/usr/bin/git version
dependency-test	Checkout Repository	2026-08-27T12:50:39.2537583Z git version 2.55.0
dependency-test	Checkout Repository	2026-08-27T12:50:39.2565073Z ##[endgroup]
dependency-test	Checkout Repository	2026-08-27T12:50:39.2583094Z Temporarily overriding HOME='/home/runner/work/_temp/00ba1652-3101-433e-943e-a2238f4c085b' before making global git config changes
dependency-test	Checkout Repository	2026-08-27T12:50:39.2585412Z Adding repository directory to the temporary git global config as a safe directory
dependency-test	Checkout Repository	2026-08-27T12:50:39.2589883Z [command]/usr/bin/git config --global --add safe.directory /home/runner/work/dependency-error-repo/dependency-error-repo
dependency-test	Checkout Repository	2026-08-27T12:50:39.3059256Z Deleting the contents of '/home/runner/work/dependency-error-repo/dependency-error-repo'
dependency-test	Checkout Repository	2026-08-27T12:50:39.3064965Z ##[group]Initializing the repository
dependency-test	Checkout Repository	2026-08-27T12:50:39.3072858Z [command]/usr/bin/git init /home/runner/work/dependency-error-repo/dependency-error-repo
dependency-test	Checkout Repository	2026-08-27T12:50:39.3705347Z hint: Using 'master' as the name for the initial branch. This default branch name
dependency-test	Checkout Repository	2026-08-27T12:50:39.3707545Z hint: will change to "main" in Git 3.0. To configure the initial branch name
dependency-test	Checkout Repository	2026-08-27T12:50:39.3709083Z hint: to use in all of your new repositories, which will suppress this warning,
dependency-test	Checkout Repository	2026-08-27T12:50:39.3710220Z hint: call:
dependency-test	Checkout Repository	2026-08-27T12:50:39.3711033Z hint:
dependency-test	Checkout Repository	2026-08-27T12:50:39.3711789Z hint: 	git config --global init.defaultBranch <name>
dependency-test	Checkout Repository	2026-08-27T12:50:39.3712745Z hint:
dependency-test	Checkout Repository	2026-08-27T12:50:39.3713602Z hint: Names commonly chosen instead of 'master' are 'main', 'trunk' and
dependency-test	Checkout Repository	2026-08-27T12:50:39.3715004Z hint: 'development'. The just-created branch can be renamed via this command:
dependency-test	Checkout Repository	2026-08-27T12:50:39.3716150Z hint:
dependency-test	Checkout Repository	2026-08-27T12:50:39.3716571Z hint: 	git branch -m <name>
dependency-test	Checkout Repository	2026-08-27T12:50:39.3717082Z hint:
dependency-test	Checkout Repository	2026-08-27T12:50:39.3717902Z hint: Disable this message with "git config set advice.defaultBranchName false"
dependency-test	Checkout Repository	2026-08-27T12:50:39.3719703Z Initialized empty Git repository in /home/runner/work/dependency-error-repo/dependency-error-repo/.git/
dependency-test	Checkout Repository	2026-08-27T12:50:39.3723666Z [command]/usr/bin/git remote add origin https://github.com/DhruvHegde/dependency-error-repo
dependency-test	Checkout Repository	2026-08-27T12:50:39.3775572Z ##[endgroup]
dependency-test	Checkout Repository	2026-08-27T12:50:39.3776947Z ##[group]Disabling automatic garbage collection
dependency-test	Checkout Repository	2026-08-27T12:50:39.3781482Z [command]/usr/bin/git config --local gc.auto 0
dependency-test	Checkout Repository	2026-08-27T12:50:39.3819610Z ##[endgroup]
dependency-test	Checkout Repository	2026-08-27T12:50:39.3820968Z ##[group]Setting up auth
dependency-test	Checkout Repository	2026-08-27T12:50:39.3829083Z [command]/usr/bin/git config --local --name-only --get-regexp core\.sshCommand
dependency-test	Checkout Repository	2026-08-27T12:50:39.3870324Z [command]/usr/bin/git submodule foreach --recursive sh -c "git config --local --name-only --get-regexp 'core\.sshCommand' && git config --local --unset-all 'core.sshCommand' || :"
dependency-test	Checkout Repository	2026-08-27T12:50:39.9753312Z [command]/usr/bin/git config --local --name-only --get-regexp http\.https\:\/\/github\.com\/\.extraheader
dependency-test	Checkout Repository	2026-08-27T12:50:39.9798227Z [command]/usr/bin/git submodule foreach --recursive sh -c "git config --local --name-only --get-regexp 'http\.https\:\/\/github\.com\/\.extraheader' && git config --local --unset-all 'http.https://github.com/.extraheader' || :"
dependency-test	Checkout Repository	2026-08-27T12:50:40.0064842Z [command]/usr/bin/git config --local --name-only --get-regexp ^includeIf\.gitdir:
dependency-test	Checkout Repository	2026-08-27T12:50:40.0105165Z [command]/usr/bin/git submodule foreach --recursive git config --local --show-origin --name-only --get-regexp remote.origin.url
dependency-test	Checkout Repository	2026-08-27T12:50:40.0350688Z [command]/usr/bin/git config --local http.https://github.com/.extraheader AUTHORIZATION: basic ***
dependency-test	Checkout Repository	2026-08-27T12:50:40.0391781Z ##[endgroup]
dependency-test	Checkout Repository	2026-08-27T12:50:40.0393148Z ##[group]Fetching the repository
dependency-test	Checkout Repository	2026-08-27T12:50:40.0402110Z [command]/usr/bin/git -c protocol.version=2 fetch --no-tags --prune --no-recurse-submodules --depth=1 origin +11161159664d180a0664e3f9d19fa58233cbd66c:refs/remotes/origin/feature/syntax-errors
dependency-test	Checkout Repository	2026-08-27T12:50:40.3610979Z From https://github.com/DhruvHegde/dependency-error-repo
dependency-test	Checkout Repository	2026-08-27T12:50:40.3611981Z  * [new ref]         11161159664d180a0664e3f9d19fa58233cbd66c -> origin/feature/syntax-errors
dependency-test	Checkout Repository	2026-08-27T12:50:40.3614582Z ##[endgroup]
dependency-test	Checkout Repository	2026-08-27T12:50:40.3615197Z ##[group]Determining the checkout info
dependency-test	Checkout Repository	2026-08-27T12:50:40.3616808Z ##[endgroup]
dependency-test	Checkout Repository	2026-08-27T12:50:40.3623114Z [command]/usr/bin/git sparse-checkout disable
dependency-test	Checkout Repository	2026-08-27T12:50:40.3671998Z [command]/usr/bin/git config --local --unset-all extensions.worktreeConfig
dependency-test	Checkout Repository	2026-08-27T12:50:40.3706154Z ##[group]Checking out the ref
dependency-test	Checkout Repository	2026-08-27T12:50:40.3711236Z [command]/usr/bin/git checkout --progress --force -B feature/syntax-errors refs/remotes/origin/feature/syntax-errors
dependency-test	Checkout Repository	2026-08-27T12:50:40.3892661Z Switched to a new branch 'feature/syntax-errors'
dependency-test	Checkout Repository	2026-08-27T12:50:40.3896765Z branch 'feature/syntax-errors' set up to track 'origin/feature/syntax-errors'.
dependency-test	Checkout Repository	2026-08-27T12:50:40.3903762Z ##[endgroup]
dependency-test	Checkout Repository	2026-08-27T12:50:40.3952133Z [command]/usr/bin/git log -1 --format=%H
dependency-test	Checkout Repository	2026-08-27T12:50:40.3981131Z 11161159664d180a0664e3f9d19fa58233cbd66c
dependency-test	Setup Python	﻿2026-08-27T12:50:40.4265500Z Node 20 is being deprecated. This workflow is running with Node 24 by default. If you need to temporarily use Node 20, you can set the ACTIONS_ALLOW_USE_UNSECURE_NODE_VERSION=true environment variable. For more information see: https://github.blog/changelog/2025-09-19-deprecation-of-node-20-on-github-actions-runners/
dependency-test	Setup Python	2026-08-27T12:50:40.4267748Z ##[group]Run actions/setup-python@v5
dependency-test	Setup Python	2026-08-27T12:50:40.4268241Z with:
dependency-test	Setup Python	2026-08-27T12:50:40.4268614Z   python-version: 3.11
dependency-test	Setup Python	2026-08-27T12:50:40.4269018Z   check-latest: false
dependency-test	Setup Python	2026-08-27T12:50:40.4271861Z   token: ***
dependency-test	Setup Python	2026-08-27T12:50:40.4272253Z   update-environment: true
dependency-test	Setup Python	2026-08-27T12:50:40.4272704Z   allow-prereleases: false
dependency-test	Setup Python	2026-08-27T12:50:40.4273146Z   freethreaded: false
dependency-test	Setup Python	2026-08-27T12:50:40.4273551Z ##[endgroup]
dependency-test	Setup Python	2026-08-27T12:50:40.5641632Z ##[group]Installed versions
dependency-test	Setup Python	2026-08-27T12:50:40.5730153Z (node:2214) [DEP0040] DeprecationWarning: The `punycode` module is deprecated. Please use a userland alternative instead.
dependency-test	Setup Python	2026-08-27T12:50:40.5731801Z (Use `node --trace-deprecation ...` to show where the warning was created)
dependency-test	Setup Python	2026-08-27T12:50:40.5733534Z Successfully set up CPython (3.11.16)
dependency-test	Setup Python	2026-08-27T12:50:40.5748037Z ##[endgroup]
dependency-test	Install Dependencies	﻿2026-08-27T12:50:40.5944764Z ##[group]Run python -m pip install --upgrade pip
dependency-test	Install Dependencies	2026-08-27T12:50:40.5945604Z ^[[36;1mpython -m pip install --upgrade pip^[[0m
dependency-test	Install Dependencies	2026-08-27T12:50:40.5946207Z ^[[36;1mpip install -r requirements.txt^[[0m
dependency-test	Install Dependencies	2026-08-27T12:50:40.6012867Z shell: /usr/bin/bash -e {0}
dependency-test	Install Dependencies	2026-08-27T12:50:40.6013235Z env:
dependency-test	Install Dependencies	2026-08-27T12:50:40.6013577Z   pythonLocation: /opt/hostedtoolcache/Python/3.11.16/x64
dependency-test	Install Dependencies	2026-08-27T12:50:40.6014096Z   PKG_CONFIG_PATH: /opt/hostedtoolcache/Python/3.11.16/x64/lib/pkgconfig
dependency-test	Install Dependencies	2026-08-27T12:50:40.6014612Z   Python_ROOT_DIR: /opt/hostedtoolcache/Python/3.11.16/x64
dependency-test	Install Dependencies	2026-08-27T12:50:40.6015048Z   Python2_ROOT_DIR: /opt/hostedtoolcache/Python/3.11.16/x64
dependency-test	Install Dependencies	2026-08-27T12:50:40.6015502Z   Python3_ROOT_DIR: /opt/hostedtoolcache/Python/3.11.16/x64
dependency-test	Install Dependencies	2026-08-27T12:50:40.6015932Z   LD_LIBRARY_PATH: /opt/hostedtoolcache/Python/3.11.16/x64/lib
dependency-test	Install Dependencies	2026-08-27T12:50:40.6016310Z ##[endgroup]
dependency-test	Install Dependencies	2026-08-27T12:50:41.1525115Z Requirement already satisfied: pip in /opt/hostedtoolcache/Python/3.11.16/x64/lib/python3.11/site-packages (26.2.1)
dependency-test	Install Dependencies	2026-08-27T12:50:41.7393765Z Collecting pytest (from -r requirements.txt (line 1))
dependency-test	Install Dependencies	2026-08-27T12:50:41.8044879Z   Downloading pytest-9.1.1-py3-none-any.whl.metadata (7.6 kB)
dependency-test	Install Dependencies	2026-08-27T12:50:41.8211110Z Collecting iniconfig>=1.0.1 (from pytest->-r requirements.txt (line 1))
dependency-test	Install Dependencies	2026-08-27T12:50:41.8284473Z   Downloading iniconfig-2.3.0-py3-none-any.whl.metadata (2.5 kB)
dependency-test	Install Dependencies	2026-08-27T12:50:41.8467858Z Collecting packaging>=22 (from pytest->-r requirements.txt (line 1))
dependency-test	Install Dependencies	2026-08-27T12:50:41.8541765Z   Downloading packaging-26.3-py3-none-any.whl.metadata (3.5 kB)
dependency-test	Install Dependencies	2026-08-27T12:50:41.8701305Z Collecting pluggy<2,>=1.5 (from pytest->-r requirements.txt (line 1))
dependency-test	Install Dependencies	2026-08-27T12:50:41.8775526Z   Downloading pluggy-1.6.0-py3-none-any.whl.metadata (4.8 kB)
dependency-test	Install Dependencies	2026-08-27T12:50:41.8994663Z Collecting pygments>=2.7.2 (from pytest->-r requirements.txt (line 1))
dependency-test	Install Dependencies	2026-08-27T12:50:41.9067334Z   Downloading pygments-2.21.0-py3-none-any.whl.metadata (2.5 kB)
dependency-test	Install Dependencies	2026-08-27T12:50:41.9186752Z Downloading pytest-9.1.1-py3-none-any.whl (386 kB)
dependency-test	Install Dependencies	2026-08-27T12:50:41.9549637Z Downloading pluggy-1.6.0-py3-none-any.whl (20 kB)
dependency-test	Install Dependencies	2026-08-27T12:50:41.9651962Z Downloading iniconfig-2.3.0-py3-none-any.whl (7.5 kB)
dependency-test	Install Dependencies	2026-08-27T12:50:41.9743057Z Downloading packaging-26.3-py3-none-any.whl (129 kB)
dependency-test	Install Dependencies	2026-08-27T12:50:41.9839514Z Downloading pygments-2.21.0-py3-none-any.whl (1.3 MB)
dependency-test	Install Dependencies	2026-08-27T12:50:42.0052512Z    ━━━━━━━━━━━━━━━━━━━━━━━━━━━━━━━━━━━━━━━━ 1.3/1.3 MB 71.7 MB/s  0:00:00
dependency-test	Install Dependencies	2026-08-27T12:50:42.0527050Z Installing collected packages: pygments, pluggy, packaging, iniconfig, pytest
dependency-test	Install Dependencies	2026-08-27T12:50:43.0662507Z 
dependency-test	Install Dependencies	2026-08-27T12:50:43.0673119Z Successfully installed iniconfig-2.3.0 packaging-26.3 pluggy-1.6.0 pygments-2.21.0 pytest-9.1.1
dependency-test	Check App Syntax	﻿2026-08-27T12:50:43.1256916Z ##[group]Run python -c "import app"
dependency-test	Check App Syntax	2026-08-27T12:50:43.1257293Z ^[[36;1mpython -c "import app"^[[0m
dependency-test	Check App Syntax	2026-08-27T12:50:43.1300138Z shell: /usr/bin/bash -e {0}
dependency-test	Check App Syntax	2026-08-27T12:50:43.1300525Z env:
dependency-test	Check App Syntax	2026-08-27T12:50:43.1300803Z   pythonLocation: /opt/hostedtoolcache/Python/3.11.16/x64
dependency-test	Check App Syntax	2026-08-27T12:50:43.1301258Z   PKG_CONFIG_PATH: /opt/hostedtoolcache/Python/3.11.16/x64/lib/pkgconfig
dependency-test	Check App Syntax	2026-08-27T12:50:43.1301693Z   Python_ROOT_DIR: /opt/hostedtoolcache/Python/3.11.16/x64
dependency-test	Check App Syntax	2026-08-27T12:50:43.1302087Z   Python2_ROOT_DIR: /opt/hostedtoolcache/Python/3.11.16/x64
dependency-test	Check App Syntax	2026-08-27T12:50:43.1302471Z   Python3_ROOT_DIR: /opt/hostedtoolcache/Python/3.11.16/x64
dependency-test	Check App Syntax	2026-08-27T12:50:43.1302901Z   LD_LIBRARY_PATH: /opt/hostedtoolcache/Python/3.11.16/x64/lib
dependency-test	Check App Syntax	2026-08-27T12:50:43.1303240Z ##[endgroup]
dependency-test	Check App Syntax	2026-08-27T12:50:43.1477584Z Traceback (most recent call last):
dependency-test	Check App Syntax	2026-08-27T12:50:43.1485115Z   File "<string>", line 1, in <module>
dependency-test	Check App Syntax	2026-08-27T12:50:43.1486044Z   File "/home/runner/work/dependency-error-repo/dependency-error-repo/app.py", line 4
dependency-test	Check App Syntax	2026-08-27T12:50:43.1486892Z     result = [x for x range(5)]
dependency-test	Check App Syntax	2026-08-27T12:50:43.1487313Z                     ^^^^^^^^^^
dependency-test	Check App Syntax	2026-08-27T12:50:43.1487817Z SyntaxError: invalid syntax. Perhaps you forgot a comma?
dependency-test	Check App Syntax	2026-08-27T12:50:43.1516935Z ##[error]Process completed with exit code 1.
dependency-test	Post Checkout Repository	﻿2026-08-27T12:50:43.1669529Z Node 20 is being deprecated. This workflow is running with Node 24 by default. If you need to temporarily use Node 20, you can set the ACTIONS_ALLOW_USE_UNSECURE_NODE_VERSION=true environment variable. For more information see: https://github.blog/changelog/2025-09-19-deprecation-of-node-20-on-github-actions-runners/
dependency-test	Post Checkout Repository	2026-08-27T12:50:43.1670957Z Post job cleanup.
dependency-test	Post Checkout Repository	2026-08-27T12:50:43.2551230Z [command]/usr/bin/git version
dependency-test	Post Checkout Repository	2026-08-27T12:50:43.2595960Z git version 2.55.0
dependency-test	Post Checkout Repository	2026-08-27T12:50:43.2637714Z Temporarily overriding HOME='/home/runner/work/_temp/4ae3cc0d-3d4d-4010-a82e-817e9568de1c' before making global git config changes
dependency-test	Post Checkout Repository	2026-08-27T12:50:43.2639414Z Adding repository directory to the temporary git global config as a safe directory
dependency-test	Post Checkout Repository	2026-08-27T12:50:43.2644550Z [command]/usr/bin/git config --global --add safe.directory /home/runner/work/dependency-error-repo/dependency-error-repo
dependency-test	Post Checkout Repository	2026-08-27T12:50:43.2709916Z [command]/usr/bin/git config --local --name-only --get-regexp core\.sshCommand
dependency-test	Post Checkout Repository	2026-08-27T12:50:43.2749724Z [command]/usr/bin/git submodule foreach --recursive sh -c "git config --local --name-only --get-regexp 'core\.sshCommand' && git config --local --unset-all 'core.sshCommand' || :"
dependency-test	Post Checkout Repository	2026-08-27T12:50:43.3126354Z [command]/usr/bin/git config --local --name-only --get-regexp http\.https\:\/\/github\.com\/\.extraheader
dependency-test	Post Checkout Repository	2026-08-27T12:50:43.3149146Z http.https://github.com/.extraheader
dependency-test	Post Checkout Repository	2026-08-27T12:50:43.3172352Z [command]/usr/bin/git config --local --unset-all http.https://github.com/.extraheader
dependency-test	Post Checkout Repository	2026-08-27T12:50:43.3235447Z [command]/usr/bin/git submodule foreach --recursive sh -c "git config --local --name-only --get-regexp 'http\.https\:\/\/github\.com\/\.extraheader' && git config --local --unset-all 'http.https://github.com/.extraheader' || :"
dependency-test	Post Checkout Repository	2026-08-27T12:50:43.3633895Z [command]/usr/bin/git config --local --name-only --get-regexp ^includeIf\.gitdir:
dependency-test	Post Checkout Repository	2026-08-27T12:50:43.3671316Z [command]/usr/bin/git submodule foreach --recursive git config --local --show-origin --name-only --get-regexp remote.origin.url
dependency-test	Complete job	﻿2026-08-27T12:50:43.4090854Z Cleaning up orphan processes
dependency-test	Complete job	2026-08-27T12:50:43.4372934Z ##[warning]Node.js 20 is deprecated. The following actions target Node.js 20 but are being forced to run on Node.js 24: actions/checkout@v4, actions/setup-python@v5. For more information see: https://github.blog/changelog/2025-09-19-deprecation-of-node-20-on-github-actions-runners/