dependency-test	Set up job	﻿2026-08-27T14:00:10.3399700Z Current runner version: '2.336.0'
dependency-test	Set up job	2026-08-27T14:00:10.3425405Z ##[group]Runner Image Provisioner
dependency-test	Set up job	2026-08-27T14:00:10.3426373Z Hosted Compute Agent
dependency-test	Set up job	2026-08-27T14:00:10.3427235Z Version: 20260819.586
dependency-test	Set up job	2026-08-27T14:00:10.3428145Z Commit: 3cc4a88dfa507ef76119ad1bb3eccc6378bb2b76
dependency-test	Set up job	2026-08-27T14:00:10.3428882Z Build Date: 2026-08-18T23:20:18Z
dependency-test	Set up job	2026-08-27T14:00:10.3429546Z Worker ID: {62d84ab3-aafa-4aab-9682-ea058075eefa}
dependency-test	Set up job	2026-08-27T14:00:10.3430344Z Azure Region: westus
dependency-test	Set up job	2026-08-27T14:00:10.3430933Z ##[endgroup]
dependency-test	Set up job	2026-08-27T14:00:10.3432555Z ##[group]Operating System
dependency-test	Set up job	2026-08-27T14:00:10.3433216Z Ubuntu
dependency-test	Set up job	2026-08-27T14:00:10.3433724Z 24.04.4
dependency-test	Set up job	2026-08-27T14:00:10.3434319Z LTS
dependency-test	Set up job	2026-08-27T14:00:10.3434834Z ##[endgroup]
dependency-test	Set up job	2026-08-27T14:00:10.3435454Z ##[group]Runner Image
dependency-test	Set up job	2026-08-27T14:00:10.3436081Z Image: ubuntu-24.04
dependency-test	Set up job	2026-08-27T14:00:10.3436658Z Version: 20260823.283.1
dependency-test	Set up job	2026-08-27T14:00:10.3437994Z Included Software: https://github.com/actions/runner-images/blob/ubuntu24/20260823.283/images/ubuntu/Ubuntu2404-Readme.md
dependency-test	Set up job	2026-08-27T14:00:10.3439825Z Image Release: https://github.com/actions/runner-images/releases/tag/ubuntu24%2F20260823.283
dependency-test	Set up job	2026-08-27T14:00:10.3440816Z ##[endgroup]
dependency-test	Set up job	2026-08-27T14:00:10.3442041Z ##[group]GITHUB_TOKEN Permissions
dependency-test	Set up job	2026-08-27T14:00:10.3443932Z Contents: read
dependency-test	Set up job	2026-08-27T14:00:10.3444599Z Metadata: read
dependency-test	Set up job	2026-08-27T14:00:10.3445666Z Packages: read
dependency-test	Set up job	2026-08-27T14:00:10.3446236Z ##[endgroup]
dependency-test	Set up job	2026-08-27T14:00:10.3448616Z Secret source: Actions
dependency-test	Set up job	2026-08-27T14:00:10.3449696Z Prepare workflow directory
dependency-test	Set up job	2026-08-27T14:00:10.3805474Z Prepare all required actions
dependency-test	Set up job	2026-08-27T14:00:10.3879388Z Getting action download info
dependency-test	Set up job	2026-08-27T14:00:10.7445634Z Download action repository 'actions/checkout@v4' (SHA:11d5960a326750d5838078e36cf38b85af677262)
dependency-test	Set up job	2026-08-27T14:00:10.8723843Z Download action repository 'actions/setup-python@v5' (SHA:a26af69be951a213d495a4c3e4e4022e16d87065)
dependency-test	Set up job	2026-08-27T14:00:11.0649328Z Complete job name: dependency-test
dependency-test	Checkout Repository	﻿2026-08-27T14:00:11.1451132Z Node 20 is being deprecated. This workflow is running with Node 24 by default. If you need to temporarily use Node 20, you can set the ACTIONS_ALLOW_USE_UNSECURE_NODE_VERSION=true environment variable. For more information see: https://github.blog/changelog/2025-09-19-deprecation-of-node-20-on-github-actions-runners/
dependency-test	Checkout Repository	2026-08-27T14:00:11.1460357Z ##[group]Run actions/checkout@v4
dependency-test	Checkout Repository	2026-08-27T14:00:11.1461124Z with:
dependency-test	Checkout Repository	2026-08-27T14:00:11.1461637Z   repository: DhruvHegde/dependency-error-repo
dependency-test	Checkout Repository	2026-08-27T14:00:11.1465408Z   token: ***
dependency-test	Checkout Repository	2026-08-27T14:00:11.1465847Z   ssh-strict: true
dependency-test	Checkout Repository	2026-08-27T14:00:11.1466283Z   ssh-user: git
dependency-test	Checkout Repository	2026-08-27T14:00:11.1466941Z   persist-credentials: true
dependency-test	Checkout Repository	2026-08-27T14:00:11.1467456Z   clean: true
dependency-test	Checkout Repository	2026-08-27T14:00:11.1467910Z   sparse-checkout-cone-mode: true
dependency-test	Checkout Repository	2026-08-27T14:00:11.1468437Z   fetch-depth: 1
dependency-test	Checkout Repository	2026-08-27T14:00:11.1468864Z   fetch-tags: false
dependency-test	Checkout Repository	2026-08-27T14:00:11.1469304Z   show-progress: true
dependency-test	Checkout Repository	2026-08-27T14:00:11.1469750Z   lfs: false
dependency-test	Checkout Repository	2026-08-27T14:00:11.1470168Z   submodules: false
dependency-test	Checkout Repository	2026-08-27T14:00:11.1470672Z   set-safe-directory: true
dependency-test	Checkout Repository	2026-08-27T14:00:11.1471190Z   allow-unsafe-pr-checkout: false
dependency-test	Checkout Repository	2026-08-27T14:00:11.1471982Z ##[endgroup]
dependency-test	Checkout Repository	2026-08-27T14:00:11.2520084Z Syncing repository: DhruvHegde/dependency-error-repo
dependency-test	Checkout Repository	2026-08-27T14:00:11.2522840Z ##[group]Getting Git version info
dependency-test	Checkout Repository	2026-08-27T14:00:11.2524218Z Working directory is '/home/runner/work/dependency-error-repo/dependency-error-repo'
dependency-test	Checkout Repository	2026-08-27T14:00:11.2526103Z [command]/usr/bin/git version
dependency-test	Checkout Repository	2026-08-27T14:00:11.2590157Z git version 2.55.0
dependency-test	Checkout Repository	2026-08-27T14:00:11.2613120Z ##[endgroup]
dependency-test	Checkout Repository	2026-08-27T14:00:11.2630454Z Temporarily overriding HOME='/home/runner/work/_temp/9012a52a-fbbd-4827-a53e-76b9cbd12da8' before making global git config changes
dependency-test	Checkout Repository	2026-08-27T14:00:11.2632868Z Adding repository directory to the temporary git global config as a safe directory
dependency-test	Checkout Repository	2026-08-27T14:00:11.2639986Z [command]/usr/bin/git config --global --add safe.directory /home/runner/work/dependency-error-repo/dependency-error-repo
dependency-test	Checkout Repository	2026-08-27T14:00:11.2714438Z Deleting the contents of '/home/runner/work/dependency-error-repo/dependency-error-repo'
dependency-test	Checkout Repository	2026-08-27T14:00:11.2720886Z ##[group]Initializing the repository
dependency-test	Checkout Repository	2026-08-27T14:00:11.2727608Z [command]/usr/bin/git init /home/runner/work/dependency-error-repo/dependency-error-repo
dependency-test	Checkout Repository	2026-08-27T14:00:11.2834485Z hint: Using 'master' as the name for the initial branch. This default branch name
dependency-test	Checkout Repository	2026-08-27T14:00:11.2836263Z hint: will change to "main" in Git 3.0. To configure the initial branch name
dependency-test	Checkout Repository	2026-08-27T14:00:11.2837660Z hint: to use in all of your new repositories, which will suppress this warning,
dependency-test	Checkout Repository	2026-08-27T14:00:11.2838521Z hint: call:
dependency-test	Checkout Repository	2026-08-27T14:00:11.2838974Z hint:
dependency-test	Checkout Repository	2026-08-27T14:00:11.2839547Z hint: 	git config --global init.defaultBranch <name>
dependency-test	Checkout Repository	2026-08-27T14:00:11.2840259Z hint:
dependency-test	Checkout Repository	2026-08-27T14:00:11.2840919Z hint: Names commonly chosen instead of 'master' are 'main', 'trunk' and
dependency-test	Checkout Repository	2026-08-27T14:00:11.2841994Z hint: 'development'. The just-created branch can be renamed via this command:
dependency-test	Checkout Repository	2026-08-27T14:00:11.2842888Z hint:
dependency-test	Checkout Repository	2026-08-27T14:00:11.2843359Z hint: 	git branch -m <name>
dependency-test	Checkout Repository	2026-08-27T14:00:11.2843909Z hint:
dependency-test	Checkout Repository	2026-08-27T14:00:11.2844601Z hint: Disable this message with "git config set advice.defaultBranchName false"
dependency-test	Checkout Repository	2026-08-27T14:00:11.2850866Z Initialized empty Git repository in /home/runner/work/dependency-error-repo/dependency-error-repo/.git/
dependency-test	Checkout Repository	2026-08-27T14:00:11.2862065Z [command]/usr/bin/git remote add origin https://github.com/DhruvHegde/dependency-error-repo
dependency-test	Checkout Repository	2026-08-27T14:00:11.2908637Z ##[endgroup]
dependency-test	Checkout Repository	2026-08-27T14:00:11.2910089Z ##[group]Disabling automatic garbage collection
dependency-test	Checkout Repository	2026-08-27T14:00:11.2912443Z [command]/usr/bin/git config --local gc.auto 0
dependency-test	Checkout Repository	2026-08-27T14:00:11.2948273Z ##[endgroup]
dependency-test	Checkout Repository	2026-08-27T14:00:11.2949573Z ##[group]Setting up auth
dependency-test	Checkout Repository	2026-08-27T14:00:11.2955192Z [command]/usr/bin/git config --local --name-only --get-regexp core\.sshCommand
dependency-test	Checkout Repository	2026-08-27T14:00:11.2989474Z [command]/usr/bin/git submodule foreach --recursive sh -c "git config --local --name-only --get-regexp 'core\.sshCommand' && git config --local --unset-all 'core.sshCommand' || :"
dependency-test	Checkout Repository	2026-08-27T14:00:11.3388702Z [command]/usr/bin/git config --local --name-only --get-regexp http\.https\:\/\/github\.com\/\.extraheader
dependency-test	Checkout Repository	2026-08-27T14:00:11.3430469Z [command]/usr/bin/git submodule foreach --recursive sh -c "git config --local --name-only --get-regexp 'http\.https\:\/\/github\.com\/\.extraheader' && git config --local --unset-all 'http.https://github.com/.extraheader' || :"
dependency-test	Checkout Repository	2026-08-27T14:00:11.3664712Z [command]/usr/bin/git config --local --name-only --get-regexp ^includeIf\.gitdir:
dependency-test	Checkout Repository	2026-08-27T14:00:11.3701318Z [command]/usr/bin/git submodule foreach --recursive git config --local --show-origin --name-only --get-regexp remote.origin.url
dependency-test	Checkout Repository	2026-08-27T14:00:11.3966945Z [command]/usr/bin/git config --local http.https://github.com/.extraheader AUTHORIZATION: basic ***
dependency-test	Checkout Repository	2026-08-27T14:00:11.4011459Z ##[endgroup]
dependency-test	Checkout Repository	2026-08-27T14:00:11.4025633Z ##[group]Fetching the repository
dependency-test	Checkout Repository	2026-08-27T14:00:11.4027791Z [command]/usr/bin/git -c protocol.version=2 fetch --no-tags --prune --no-recurse-submodules --depth=1 origin +b9e3c16326f8733a1b05c7299691c27dd896dcea:refs/remotes/origin/feature/syntax-errors
dependency-test	Checkout Repository	2026-08-27T14:00:11.8840470Z From https://github.com/DhruvHegde/dependency-error-repo
dependency-test	Checkout Repository	2026-08-27T14:00:11.8844043Z  * [new ref]         b9e3c16326f8733a1b05c7299691c27dd896dcea -> origin/feature/syntax-errors
dependency-test	Checkout Repository	2026-08-27T14:00:11.8847705Z ##[endgroup]
dependency-test	Checkout Repository	2026-08-27T14:00:11.8849203Z ##[group]Determining the checkout info
dependency-test	Checkout Repository	2026-08-27T14:00:11.8850927Z ##[endgroup]
dependency-test	Checkout Repository	2026-08-27T14:00:11.8856342Z [command]/usr/bin/git sparse-checkout disable
dependency-test	Checkout Repository	2026-08-27T14:00:11.8908855Z [command]/usr/bin/git config --local --unset-all extensions.worktreeConfig
dependency-test	Checkout Repository	2026-08-27T14:00:11.8945055Z ##[group]Checking out the ref
dependency-test	Checkout Repository	2026-08-27T14:00:11.8946487Z [command]/usr/bin/git checkout --progress --force -B feature/syntax-errors refs/remotes/origin/feature/syntax-errors
dependency-test	Checkout Repository	2026-08-27T14:00:11.9190652Z Switched to a new branch 'feature/syntax-errors'
dependency-test	Checkout Repository	2026-08-27T14:00:11.9192912Z branch 'feature/syntax-errors' set up to track 'origin/feature/syntax-errors'.
dependency-test	Checkout Repository	2026-08-27T14:00:11.9197336Z ##[endgroup]
dependency-test	Checkout Repository	2026-08-27T14:00:11.9225488Z [command]/usr/bin/git log -1 --format=%H
dependency-test	Checkout Repository	2026-08-27T14:00:11.9254336Z b9e3c16326f8733a1b05c7299691c27dd896dcea
dependency-test	Setup Python	﻿2026-08-27T14:00:11.9582152Z Node 20 is being deprecated. This workflow is running with Node 24 by default. If you need to temporarily use Node 20, you can set the ACTIONS_ALLOW_USE_UNSECURE_NODE_VERSION=true environment variable. For more information see: https://github.blog/changelog/2025-09-19-deprecation-of-node-20-on-github-actions-runners/
dependency-test	Setup Python	2026-08-27T14:00:11.9586380Z ##[group]Run actions/setup-python@v5
dependency-test	Setup Python	2026-08-27T14:00:11.9587377Z with:
dependency-test	Setup Python	2026-08-27T14:00:11.9587866Z   python-version: 3.11
dependency-test	Setup Python	2026-08-27T14:00:11.9588438Z   check-latest: false
dependency-test	Setup Python	2026-08-27T14:00:11.9593733Z   token: ***
dependency-test	Setup Python	2026-08-27T14:00:11.9594256Z   update-environment: true
dependency-test	Setup Python	2026-08-27T14:00:11.9594878Z   allow-prereleases: false
dependency-test	Setup Python	2026-08-27T14:00:11.9595473Z   freethreaded: false
dependency-test	Setup Python	2026-08-27T14:00:11.9596013Z ##[endgroup]
dependency-test	Setup Python	2026-08-27T14:00:12.0936029Z ##[group]Installed versions
dependency-test	Setup Python	2026-08-27T14:00:12.1027333Z (node:2232) [DEP0040] DeprecationWarning: The `punycode` module is deprecated. Please use a userland alternative instead.
dependency-test	Setup Python	2026-08-27T14:00:12.1030479Z (Use `node --trace-deprecation ...` to show where the warning was created)
dependency-test	Setup Python	2026-08-27T14:00:12.1032386Z Successfully set up CPython (3.11.16)
dependency-test	Setup Python	2026-08-27T14:00:12.1034210Z ##[endgroup]
dependency-test	Install Dependencies	﻿2026-08-27T14:00:12.1241410Z ##[group]Run python -m pip install --upgrade pip
dependency-test	Install Dependencies	2026-08-27T14:00:12.1243000Z ^[[36;1mpython -m pip install --upgrade pip^[[0m
dependency-test	Install Dependencies	2026-08-27T14:00:12.1244271Z ^[[36;1mpip install -r requirements.txt^[[0m
dependency-test	Install Dependencies	2026-08-27T14:00:12.1310034Z shell: /usr/bin/bash -e {0}
dependency-test	Install Dependencies	2026-08-27T14:00:12.1310722Z env:
dependency-test	Install Dependencies	2026-08-27T14:00:12.1311352Z   pythonLocation: /opt/hostedtoolcache/Python/3.11.16/x64
dependency-test	Install Dependencies	2026-08-27T14:00:12.1312467Z   PKG_CONFIG_PATH: /opt/hostedtoolcache/Python/3.11.16/x64/lib/pkgconfig
dependency-test	Install Dependencies	2026-08-27T14:00:12.1313570Z   Python_ROOT_DIR: /opt/hostedtoolcache/Python/3.11.16/x64
dependency-test	Install Dependencies	2026-08-27T14:00:12.1314549Z   Python2_ROOT_DIR: /opt/hostedtoolcache/Python/3.11.16/x64
dependency-test	Install Dependencies	2026-08-27T14:00:12.1315569Z   Python3_ROOT_DIR: /opt/hostedtoolcache/Python/3.11.16/x64
dependency-test	Install Dependencies	2026-08-27T14:00:12.1316575Z   LD_LIBRARY_PATH: /opt/hostedtoolcache/Python/3.11.16/x64/lib
dependency-test	Install Dependencies	2026-08-27T14:00:12.1317659Z ##[endgroup]
dependency-test	Install Dependencies	2026-08-27T14:00:12.8067808Z Requirement already satisfied: pip in /opt/hostedtoolcache/Python/3.11.16/x64/lib/python3.11/site-packages (26.2.1)
dependency-test	Install Dependencies	2026-08-27T14:00:13.4456663Z Collecting pytest (from -r requirements.txt (line 1))
dependency-test	Install Dependencies	2026-08-27T14:00:13.4920943Z   Downloading pytest-9.1.1-py3-none-any.whl.metadata (7.6 kB)
dependency-test	Install Dependencies	2026-08-27T14:00:13.5247466Z Collecting iniconfig>=1.0.1 (from pytest->-r requirements.txt (line 1))
dependency-test	Install Dependencies	2026-08-27T14:00:13.5281576Z   Downloading iniconfig-2.3.0-py3-none-any.whl.metadata (2.5 kB)
dependency-test	Install Dependencies	2026-08-27T14:00:13.5635980Z Collecting packaging>=22 (from pytest->-r requirements.txt (line 1))
dependency-test	Install Dependencies	2026-08-27T14:00:13.5665631Z   Downloading packaging-26.3-py3-none-any.whl.metadata (3.5 kB)
dependency-test	Install Dependencies	2026-08-27T14:00:13.5969232Z Collecting pluggy<2,>=1.5 (from pytest->-r requirements.txt (line 1))
dependency-test	Install Dependencies	2026-08-27T14:00:13.6003702Z   Downloading pluggy-1.6.0-py3-none-any.whl.metadata (4.8 kB)
dependency-test	Install Dependencies	2026-08-27T14:00:13.6462686Z Collecting pygments>=2.7.2 (from pytest->-r requirements.txt (line 1))
dependency-test	Install Dependencies	2026-08-27T14:00:13.6504984Z   Downloading pygments-2.21.0-py3-none-any.whl.metadata (2.5 kB)
dependency-test	Install Dependencies	2026-08-27T14:00:13.6587996Z Downloading pytest-9.1.1-py3-none-any.whl (386 kB)
dependency-test	Install Dependencies	2026-08-27T14:00:13.6776642Z Downloading pluggy-1.6.0-py3-none-any.whl (20 kB)
dependency-test	Install Dependencies	2026-08-27T14:00:13.6832191Z Downloading iniconfig-2.3.0-py3-none-any.whl (7.5 kB)
dependency-test	Install Dependencies	2026-08-27T14:00:13.6887577Z Downloading packaging-26.3-py3-none-any.whl (129 kB)
dependency-test	Install Dependencies	2026-08-27T14:00:13.6951128Z Downloading pygments-2.21.0-py3-none-any.whl (1.3 MB)
dependency-test	Install Dependencies	2026-08-27T14:00:13.7053776Z    ━━━━━━━━━━━━━━━━━━━━━━━━━━━━━━━━━━━━━━━━ 1.3/1.3 MB 147.0 MB/s  0:00:00
dependency-test	Install Dependencies	2026-08-27T14:00:13.7565872Z Installing collected packages: pygments, pluggy, packaging, iniconfig, pytest
dependency-test	Install Dependencies	2026-08-27T14:00:14.7332052Z 
dependency-test	Install Dependencies	2026-08-27T14:00:14.7341495Z Successfully installed iniconfig-2.3.0 packaging-26.3 pluggy-1.6.0 pygments-2.21.0 pytest-9.1.1
dependency-test	Check App Syntax	﻿2026-08-27T14:00:14.7857788Z ##[group]Run python -c "import app"
dependency-test	Check App Syntax	2026-08-27T14:00:14.7858172Z ^[[36;1mpython -c "import app"^[[0m
dependency-test	Check App Syntax	2026-08-27T14:00:14.7897655Z shell: /usr/bin/bash -e {0}
dependency-test	Check App Syntax	2026-08-27T14:00:14.7897927Z env:
dependency-test	Check App Syntax	2026-08-27T14:00:14.7898193Z   pythonLocation: /opt/hostedtoolcache/Python/3.11.16/x64
dependency-test	Check App Syntax	2026-08-27T14:00:14.7898637Z   PKG_CONFIG_PATH: /opt/hostedtoolcache/Python/3.11.16/x64/lib/pkgconfig
dependency-test	Check App Syntax	2026-08-27T14:00:14.7899071Z   Python_ROOT_DIR: /opt/hostedtoolcache/Python/3.11.16/x64
dependency-test	Check App Syntax	2026-08-27T14:00:14.7899462Z   Python2_ROOT_DIR: /opt/hostedtoolcache/Python/3.11.16/x64
dependency-test	Check App Syntax	2026-08-27T14:00:14.7899866Z   Python3_ROOT_DIR: /opt/hostedtoolcache/Python/3.11.16/x64
dependency-test	Check App Syntax	2026-08-27T14:00:14.7900309Z   LD_LIBRARY_PATH: /opt/hostedtoolcache/Python/3.11.16/x64/lib
dependency-test	Check App Syntax	2026-08-27T14:00:14.7900654Z ##[endgroup]
dependency-test	Check App Syntax	2026-08-27T14:00:14.8061855Z Traceback (most recent call last):
dependency-test	Check App Syntax	2026-08-27T14:00:14.8069574Z   File "<string>", line 1, in <module>
dependency-test	Check App Syntax	2026-08-27T14:00:14.8070534Z   File "/home/runner/work/dependency-error-repo/dependency-error-repo/app.py", line 1
dependency-test	Check App Syntax	2026-08-27T14:00:14.8071372Z     def add(a, b):;
dependency-test	Check App Syntax	2026-08-27T14:00:14.8071734Z                   ^
dependency-test	Check App Syntax	2026-08-27T14:00:14.8072120Z SyntaxError: invalid syntax
dependency-test	Check App Syntax	2026-08-27T14:00:14.8099353Z ##[error]Process completed with exit code 1.
dependency-test	Post Checkout Repository	﻿2026-08-27T14:00:14.8267401Z Node 20 is being deprecated. This workflow is running with Node 24 by default. If you need to temporarily use Node 20, you can set the ACTIONS_ALLOW_USE_UNSECURE_NODE_VERSION=true environment variable. For more information see: https://github.blog/changelog/2025-09-19-deprecation-of-node-20-on-github-actions-runners/
dependency-test	Post Checkout Repository	2026-08-27T14:00:14.8268769Z Post job cleanup.
dependency-test	Post Checkout Repository	2026-08-27T14:00:14.9131142Z [command]/usr/bin/git version
dependency-test	Post Checkout Repository	2026-08-27T14:00:14.9173474Z git version 2.55.0
dependency-test	Post Checkout Repository	2026-08-27T14:00:14.9214855Z Temporarily overriding HOME='/home/runner/work/_temp/dc8bb8c2-39d0-43b9-bc30-99bb5f76be98' before making global git config changes
dependency-test	Post Checkout Repository	2026-08-27T14:00:14.9216520Z Adding repository directory to the temporary git global config as a safe directory
dependency-test	Post Checkout Repository	2026-08-27T14:00:14.9220839Z [command]/usr/bin/git config --global --add safe.directory /home/runner/work/dependency-error-repo/dependency-error-repo
dependency-test	Post Checkout Repository	2026-08-27T14:00:14.9260974Z [command]/usr/bin/git config --local --name-only --get-regexp core\.sshCommand
dependency-test	Post Checkout Repository	2026-08-27T14:00:14.9297185Z [command]/usr/bin/git submodule foreach --recursive sh -c "git config --local --name-only --get-regexp 'core\.sshCommand' && git config --local --unset-all 'core.sshCommand' || :"
dependency-test	Post Checkout Repository	2026-08-27T14:00:14.9555704Z [command]/usr/bin/git config --local --name-only --get-regexp http\.https\:\/\/github\.com\/\.extraheader
dependency-test	Post Checkout Repository	2026-08-27T14:00:14.9583828Z http.https://github.com/.extraheader
dependency-test	Post Checkout Repository	2026-08-27T14:00:14.9596167Z [command]/usr/bin/git config --local --unset-all http.https://github.com/.extraheader
dependency-test	Post Checkout Repository	2026-08-27T14:00:14.9637839Z [command]/usr/bin/git submodule foreach --recursive sh -c "git config --local --name-only --get-regexp 'http\.https\:\/\/github\.com\/\.extraheader' && git config --local --unset-all 'http.https://github.com/.extraheader' || :"
dependency-test	Post Checkout Repository	2026-08-27T14:00:14.9890347Z [command]/usr/bin/git config --local --name-only --get-regexp ^includeIf\.gitdir:
dependency-test	Post Checkout Repository	2026-08-27T14:00:14.9931043Z [command]/usr/bin/git submodule foreach --recursive git config --local --show-origin --name-only --get-regexp remote.origin.url
dependency-test	Complete job	﻿2026-08-27T14:00:15.0324262Z Cleaning up orphan processes
dependency-test	Complete job	2026-08-27T14:00:15.0616252Z ##[warning]Node.js 20 is deprecated. The following actions target Node.js 20 but are being forced to run on Node.js 24: actions/checkout@v4, actions/setup-python@v5. For more information see: https://github.blog/changelog/2025-09-19-deprecation-of-node-20-on-github-actions-runners/