dependency-test	Set up job	﻿2026-08-27T12:38:50.0981295Z Current runner version: '2.336.0'
dependency-test	Set up job	2026-08-27T12:38:50.1011429Z ##[group]Runner Image Provisioner
dependency-test	Set up job	2026-08-27T12:38:50.1012310Z Hosted Compute Agent
dependency-test	Set up job	2026-08-27T12:38:50.1012901Z Version: 20260819.586
dependency-test	Set up job	2026-08-27T12:38:50.1013670Z Commit: 3cc4a88dfa507ef76119ad1bb3eccc6378bb2b76
dependency-test	Set up job	2026-08-27T12:38:50.1014416Z Build Date: 2026-08-18T23:20:18Z
dependency-test	Set up job	2026-08-27T12:38:50.1015180Z Worker ID: {f6bdcfdf-adfb-4457-aab4-a71d93873007}
dependency-test	Set up job	2026-08-27T12:38:50.1015930Z Azure Region: centralus
dependency-test	Set up job	2026-08-27T12:38:50.1016528Z ##[endgroup]
dependency-test	Set up job	2026-08-27T12:38:50.1018702Z ##[group]Operating System
dependency-test	Set up job	2026-08-27T12:38:50.1019398Z Ubuntu
dependency-test	Set up job	2026-08-27T12:38:50.1019903Z 24.04.4
dependency-test	Set up job	2026-08-27T12:38:50.1020519Z LTS
dependency-test	Set up job	2026-08-27T12:38:50.1021044Z ##[endgroup]
dependency-test	Set up job	2026-08-27T12:38:50.1021696Z ##[group]Runner Image
dependency-test	Set up job	2026-08-27T12:38:50.1022469Z Image: ubuntu-24.04
dependency-test	Set up job	2026-08-27T12:38:50.1023041Z Version: 20260823.283.1
dependency-test	Set up job	2026-08-27T12:38:50.1024166Z Included Software: https://github.com/actions/runner-images/blob/ubuntu24/20260823.283/images/ubuntu/Ubuntu2404-Readme.md
dependency-test	Set up job	2026-08-27T12:38:50.1025941Z Image Release: https://github.com/actions/runner-images/releases/tag/ubuntu24%2F20260823.283
dependency-test	Set up job	2026-08-27T12:38:50.1026974Z ##[endgroup]
dependency-test	Set up job	2026-08-27T12:38:50.1028186Z ##[group]GITHUB_TOKEN Permissions
dependency-test	Set up job	2026-08-27T12:38:50.1030698Z Contents: read
dependency-test	Set up job	2026-08-27T12:38:50.1031297Z Metadata: read
dependency-test	Set up job	2026-08-27T12:38:50.1032554Z Packages: read
dependency-test	Set up job	2026-08-27T12:38:50.1033194Z ##[endgroup]
dependency-test	Set up job	2026-08-27T12:38:50.1035265Z Secret source: Actions
dependency-test	Set up job	2026-08-27T12:38:50.1036624Z Prepare workflow directory
dependency-test	Set up job	2026-08-27T12:38:50.1373057Z Prepare all required actions
dependency-test	Set up job	2026-08-27T12:38:50.1419674Z Getting action download info
dependency-test	Set up job	2026-08-27T12:38:50.4155863Z Download action repository 'actions/checkout@v4' (SHA:11d5960a326750d5838078e36cf38b85af677262)
dependency-test	Set up job	2026-08-27T12:38:50.5631776Z Download action repository 'actions/setup-python@v5' (SHA:a26af69be951a213d495a4c3e4e4022e16d87065)
dependency-test	Set up job	2026-08-27T12:38:50.7478081Z Complete job name: dependency-test
dependency-test	Checkout Repository	﻿2026-08-27T12:38:50.8219815Z Node 20 is being deprecated. This workflow is running with Node 24 by default. If you need to temporarily use Node 20, you can set the ACTIONS_ALLOW_USE_UNSECURE_NODE_VERSION=true environment variable. For more information see: https://github.blog/changelog/2025-09-19-deprecation-of-node-20-on-github-actions-runners/
dependency-test	Checkout Repository	2026-08-27T12:38:50.8228911Z ##[group]Run actions/checkout@v4
dependency-test	Checkout Repository	2026-08-27T12:38:50.8229686Z with:
dependency-test	Checkout Repository	2026-08-27T12:38:50.8230190Z   repository: DhruvHegde/dependency-error-repo
dependency-test	Checkout Repository	2026-08-27T12:38:50.8233929Z   token: ***
dependency-test	Checkout Repository	2026-08-27T12:38:50.8234368Z   ssh-strict: true
dependency-test	Checkout Repository	2026-08-27T12:38:50.8234802Z   ssh-user: git
dependency-test	Checkout Repository	2026-08-27T12:38:50.8235242Z   persist-credentials: true
dependency-test	Checkout Repository	2026-08-27T12:38:50.8235733Z   clean: true
dependency-test	Checkout Repository	2026-08-27T12:38:50.8236180Z   sparse-checkout-cone-mode: true
dependency-test	Checkout Repository	2026-08-27T12:38:50.8236695Z   fetch-depth: 1
dependency-test	Checkout Repository	2026-08-27T12:38:50.8237127Z   fetch-tags: false
dependency-test	Checkout Repository	2026-08-27T12:38:50.8237567Z   show-progress: true
dependency-test	Checkout Repository	2026-08-27T12:38:50.8238009Z   lfs: false
dependency-test	Checkout Repository	2026-08-27T12:38:50.8238620Z   submodules: false
dependency-test	Checkout Repository	2026-08-27T12:38:50.8239120Z   set-safe-directory: true
dependency-test	Checkout Repository	2026-08-27T12:38:50.8239633Z   allow-unsafe-pr-checkout: false
dependency-test	Checkout Repository	2026-08-27T12:38:50.8240429Z ##[endgroup]
dependency-test	Checkout Repository	2026-08-27T12:38:50.9231773Z Syncing repository: DhruvHegde/dependency-error-repo
dependency-test	Checkout Repository	2026-08-27T12:38:50.9233893Z ##[group]Getting Git version info
dependency-test	Checkout Repository	2026-08-27T12:38:50.9234859Z Working directory is '/home/runner/work/dependency-error-repo/dependency-error-repo'
dependency-test	Checkout Repository	2026-08-27T12:38:50.9236040Z [command]/usr/bin/git version
dependency-test	Checkout Repository	2026-08-27T12:38:50.9327919Z git version 2.55.0
dependency-test	Checkout Repository	2026-08-27T12:38:50.9352180Z ##[endgroup]
dependency-test	Checkout Repository	2026-08-27T12:38:50.9370478Z Temporarily overriding HOME='/home/runner/work/_temp/4e722b5c-259b-4184-84a4-3d4e325373f3' before making global git config changes
dependency-test	Checkout Repository	2026-08-27T12:38:50.9373467Z Adding repository directory to the temporary git global config as a safe directory
dependency-test	Checkout Repository	2026-08-27T12:38:50.9376907Z [command]/usr/bin/git config --global --add safe.directory /home/runner/work/dependency-error-repo/dependency-error-repo
dependency-test	Checkout Repository	2026-08-27T12:38:50.9432879Z Deleting the contents of '/home/runner/work/dependency-error-repo/dependency-error-repo'
dependency-test	Checkout Repository	2026-08-27T12:38:50.9437197Z ##[group]Initializing the repository
dependency-test	Checkout Repository	2026-08-27T12:38:50.9442953Z [command]/usr/bin/git init /home/runner/work/dependency-error-repo/dependency-error-repo
dependency-test	Checkout Repository	2026-08-27T12:38:50.9574218Z hint: Using 'master' as the name for the initial branch. This default branch name
dependency-test	Checkout Repository	2026-08-27T12:38:50.9575897Z hint: will change to "main" in Git 3.0. To configure the initial branch name
dependency-test	Checkout Repository	2026-08-27T12:38:50.9577450Z hint: to use in all of your new repositories, which will suppress this warning,
dependency-test	Checkout Repository	2026-08-27T12:38:50.9578864Z hint: call:
dependency-test	Checkout Repository	2026-08-27T12:38:50.9579509Z hint:
dependency-test	Checkout Repository	2026-08-27T12:38:50.9580316Z hint: 	git config --global init.defaultBranch <name>
dependency-test	Checkout Repository	2026-08-27T12:38:50.9581305Z hint:
dependency-test	Checkout Repository	2026-08-27T12:38:50.9582229Z hint: Names commonly chosen instead of 'master' are 'main', 'trunk' and
dependency-test	Checkout Repository	2026-08-27T12:38:50.9583768Z hint: 'development'. The just-created branch can be renamed via this command:
dependency-test	Checkout Repository	2026-08-27T12:38:50.9585011Z hint:
dependency-test	Checkout Repository	2026-08-27T12:38:50.9585665Z hint: 	git branch -m <name>
dependency-test	Checkout Repository	2026-08-27T12:38:50.9586427Z hint:
dependency-test	Checkout Repository	2026-08-27T12:38:50.9587478Z hint: Disable this message with "git config set advice.defaultBranchName false"
dependency-test	Checkout Repository	2026-08-27T12:38:50.9589548Z Initialized empty Git repository in /home/runner/work/dependency-error-repo/dependency-error-repo/.git/
dependency-test	Checkout Repository	2026-08-27T12:38:50.9592546Z [command]/usr/bin/git remote add origin https://github.com/DhruvHegde/dependency-error-repo
dependency-test	Checkout Repository	2026-08-27T12:38:50.9649798Z ##[endgroup]
dependency-test	Checkout Repository	2026-08-27T12:38:50.9651061Z ##[group]Disabling automatic garbage collection
dependency-test	Checkout Repository	2026-08-27T12:38:50.9654169Z [command]/usr/bin/git config --local gc.auto 0
dependency-test	Checkout Repository	2026-08-27T12:38:50.9686974Z ##[endgroup]
dependency-test	Checkout Repository	2026-08-27T12:38:50.9688377Z ##[group]Setting up auth
dependency-test	Checkout Repository	2026-08-27T12:38:50.9694854Z [command]/usr/bin/git config --local --name-only --get-regexp core\.sshCommand
dependency-test	Checkout Repository	2026-08-27T12:38:50.9739984Z [command]/usr/bin/git submodule foreach --recursive sh -c "git config --local --name-only --get-regexp 'core\.sshCommand' && git config --local --unset-all 'core.sshCommand' || :"
dependency-test	Checkout Repository	2026-08-27T12:38:51.0174958Z [command]/usr/bin/git config --local --name-only --get-regexp http\.https\:\/\/github\.com\/\.extraheader
dependency-test	Checkout Repository	2026-08-27T12:38:51.0213967Z [command]/usr/bin/git submodule foreach --recursive sh -c "git config --local --name-only --get-regexp 'http\.https\:\/\/github\.com\/\.extraheader' && git config --local --unset-all 'http.https://github.com/.extraheader' || :"
dependency-test	Checkout Repository	2026-08-27T12:38:51.0437075Z [command]/usr/bin/git config --local --name-only --get-regexp ^includeIf\.gitdir:
dependency-test	Checkout Repository	2026-08-27T12:38:51.0473952Z [command]/usr/bin/git submodule foreach --recursive git config --local --show-origin --name-only --get-regexp remote.origin.url
dependency-test	Checkout Repository	2026-08-27T12:38:51.0704739Z [command]/usr/bin/git config --local http.https://github.com/.extraheader AUTHORIZATION: basic ***
dependency-test	Checkout Repository	2026-08-27T12:38:51.0745454Z ##[endgroup]
dependency-test	Checkout Repository	2026-08-27T12:38:51.0746875Z ##[group]Fetching the repository
dependency-test	Checkout Repository	2026-08-27T12:38:51.0757369Z [command]/usr/bin/git -c protocol.version=2 fetch --no-tags --prune --no-recurse-submodules --depth=1 origin +5d9eaf34cffe8f547ed9d94172fb744177116282:refs/remotes/origin/feature/syntax-errors
dependency-test	Checkout Repository	2026-08-27T12:38:51.5446264Z From https://github.com/DhruvHegde/dependency-error-repo
dependency-test	Checkout Repository	2026-08-27T12:38:51.5470422Z  * [new ref]         5d9eaf34cffe8f547ed9d94172fb744177116282 -> origin/feature/syntax-errors
dependency-test	Checkout Repository	2026-08-27T12:38:51.5473604Z ##[endgroup]
dependency-test	Checkout Repository	2026-08-27T12:38:51.5474852Z ##[group]Determining the checkout info
dependency-test	Checkout Repository	2026-08-27T12:38:51.5476547Z ##[endgroup]
dependency-test	Checkout Repository	2026-08-27T12:38:51.5477249Z [command]/usr/bin/git sparse-checkout disable
dependency-test	Checkout Repository	2026-08-27T12:38:51.5527013Z [command]/usr/bin/git config --local --unset-all extensions.worktreeConfig
dependency-test	Checkout Repository	2026-08-27T12:38:51.5562999Z ##[group]Checking out the ref
dependency-test	Checkout Repository	2026-08-27T12:38:51.5569503Z [command]/usr/bin/git checkout --progress --force -B feature/syntax-errors refs/remotes/origin/feature/syntax-errors
dependency-test	Checkout Repository	2026-08-27T12:38:51.5764786Z Switched to a new branch 'feature/syntax-errors'
dependency-test	Checkout Repository	2026-08-27T12:38:51.5771433Z branch 'feature/syntax-errors' set up to track 'origin/feature/syntax-errors'.
dependency-test	Checkout Repository	2026-08-27T12:38:51.5779550Z ##[endgroup]
dependency-test	Checkout Repository	2026-08-27T12:38:51.5822797Z [command]/usr/bin/git log -1 --format=%H
dependency-test	Checkout Repository	2026-08-27T12:38:51.5849492Z 5d9eaf34cffe8f547ed9d94172fb744177116282
dependency-test	Setup Python	﻿2026-08-27T12:38:51.6218834Z Node 20 is being deprecated. This workflow is running with Node 24 by default. If you need to temporarily use Node 20, you can set the ACTIONS_ALLOW_USE_UNSECURE_NODE_VERSION=true environment variable. For more information see: https://github.blog/changelog/2025-09-19-deprecation-of-node-20-on-github-actions-runners/
dependency-test	Setup Python	2026-08-27T12:38:51.6224694Z ##[group]Run actions/setup-python@v5
dependency-test	Setup Python	2026-08-27T12:38:51.6225834Z with:
dependency-test	Setup Python	2026-08-27T12:38:51.6226659Z   python-version: 3.11
dependency-test	Setup Python	2026-08-27T12:38:51.6227629Z   check-latest: false
dependency-test	Setup Python	2026-08-27T12:38:51.6237644Z   token: ***
dependency-test	Setup Python	2026-08-27T12:38:51.6238777Z   update-environment: true
dependency-test	Setup Python	2026-08-27T12:38:51.6239850Z   allow-prereleases: false
dependency-test	Setup Python	2026-08-27T12:38:51.6240890Z   freethreaded: false
dependency-test	Setup Python	2026-08-27T12:38:51.6241815Z ##[endgroup]
dependency-test	Setup Python	2026-08-27T12:38:51.7543690Z ##[group]Installed versions
dependency-test	Setup Python	2026-08-27T12:38:51.7639361Z (node:2235) [DEP0040] DeprecationWarning: The `punycode` module is deprecated. Please use a userland alternative instead.
dependency-test	Setup Python	2026-08-27T12:38:51.7643446Z (Use `node --trace-deprecation ...` to show where the warning was created)
dependency-test	Setup Python	2026-08-27T12:38:51.7646248Z Successfully set up CPython (3.11.16)
dependency-test	Setup Python	2026-08-27T12:38:51.7648008Z ##[endgroup]
dependency-test	Install Dependencies	﻿2026-08-27T12:38:51.7847735Z ##[group]Run python -m pip install --upgrade pip
dependency-test	Install Dependencies	2026-08-27T12:38:51.7849542Z ^[[36;1mpython -m pip install --upgrade pip^[[0m
dependency-test	Install Dependencies	2026-08-27T12:38:51.7850877Z ^[[36;1mpip install -r requirements.txt^[[0m
dependency-test	Install Dependencies	2026-08-27T12:38:51.7916749Z shell: /usr/bin/bash -e {0}
dependency-test	Install Dependencies	2026-08-27T12:38:51.7918627Z env:
dependency-test	Install Dependencies	2026-08-27T12:38:51.7920270Z   pythonLocation: /opt/hostedtoolcache/Python/3.11.16/x64
dependency-test	Install Dependencies	2026-08-27T12:38:51.7922988Z   PKG_CONFIG_PATH: /opt/hostedtoolcache/Python/3.11.16/x64/lib/pkgconfig
dependency-test	Install Dependencies	2026-08-27T12:38:51.7925975Z   Python_ROOT_DIR: /opt/hostedtoolcache/Python/3.11.16/x64
dependency-test	Install Dependencies	2026-08-27T12:38:51.7928744Z   Python2_ROOT_DIR: /opt/hostedtoolcache/Python/3.11.16/x64
dependency-test	Install Dependencies	2026-08-27T12:38:51.7931421Z   Python3_ROOT_DIR: /opt/hostedtoolcache/Python/3.11.16/x64
dependency-test	Install Dependencies	2026-08-27T12:38:51.7934108Z   LD_LIBRARY_PATH: /opt/hostedtoolcache/Python/3.11.16/x64/lib
dependency-test	Install Dependencies	2026-08-27T12:38:51.7936333Z ##[endgroup]
dependency-test	Install Dependencies	2026-08-27T12:38:52.5298623Z Requirement already satisfied: pip in /opt/hostedtoolcache/Python/3.11.16/x64/lib/python3.11/site-packages (26.2.1)
dependency-test	Install Dependencies	2026-08-27T12:38:53.1567753Z Collecting pytest (from -r requirements.txt (line 1))
dependency-test	Install Dependencies	2026-08-27T12:38:53.2391131Z   Downloading pytest-9.1.1-py3-none-any.whl.metadata (7.6 kB)
dependency-test	Install Dependencies	2026-08-27T12:38:53.2632515Z Collecting iniconfig>=1.0.1 (from pytest->-r requirements.txt (line 1))
dependency-test	Install Dependencies	2026-08-27T12:38:53.2791087Z   Downloading iniconfig-2.3.0-py3-none-any.whl.metadata (2.5 kB)
dependency-test	Install Dependencies	2026-08-27T12:38:53.3077980Z Collecting packaging>=22 (from pytest->-r requirements.txt (line 1))
dependency-test	Install Dependencies	2026-08-27T12:38:53.3232356Z   Downloading packaging-26.3-py3-none-any.whl.metadata (3.5 kB)
dependency-test	Install Dependencies	2026-08-27T12:38:53.3478356Z Collecting pluggy<2,>=1.5 (from pytest->-r requirements.txt (line 1))
dependency-test	Install Dependencies	2026-08-27T12:38:53.3631954Z   Downloading pluggy-1.6.0-py3-none-any.whl.metadata (4.8 kB)
dependency-test	Install Dependencies	2026-08-27T12:38:53.3965441Z Collecting pygments>=2.7.2 (from pytest->-r requirements.txt (line 1))
dependency-test	Install Dependencies	2026-08-27T12:38:53.4119916Z   Downloading pygments-2.21.0-py3-none-any.whl.metadata (2.5 kB)
dependency-test	Install Dependencies	2026-08-27T12:38:53.4321468Z Downloading pytest-9.1.1-py3-none-any.whl (386 kB)
dependency-test	Install Dependencies	2026-08-27T12:38:53.5025139Z Downloading pluggy-1.6.0-py3-none-any.whl (20 kB)
dependency-test	Install Dependencies	2026-08-27T12:38:53.5202397Z Downloading iniconfig-2.3.0-py3-none-any.whl (7.5 kB)
dependency-test	Install Dependencies	2026-08-27T12:38:53.5375070Z Downloading packaging-26.3-py3-none-any.whl (129 kB)
dependency-test	Install Dependencies	2026-08-27T12:38:53.5570457Z Downloading pygments-2.21.0-py3-none-any.whl (1.3 MB)
dependency-test	Install Dependencies	2026-08-27T12:38:53.5939396Z    ━━━━━━━━━━━━━━━━━━━━━━━━━━━━━━━━━━━━━━━━ 1.3/1.3 MB 32.4 MB/s  0:00:00
dependency-test	Install Dependencies	2026-08-27T12:38:53.6405089Z Installing collected packages: pygments, pluggy, packaging, iniconfig, pytest
dependency-test	Install Dependencies	2026-08-27T12:38:54.6015297Z 
dependency-test	Install Dependencies	2026-08-27T12:38:54.6024793Z Successfully installed iniconfig-2.3.0 packaging-26.3 pluggy-1.6.0 pygments-2.21.0 pytest-9.1.1
dependency-test	Check App Syntax	﻿2026-08-27T12:38:54.6528002Z ##[group]Run python -c "import app"
dependency-test	Check App Syntax	2026-08-27T12:38:54.6528708Z ^[[36;1mpython -c "import app"^[[0m
dependency-test	Check App Syntax	2026-08-27T12:38:54.6568464Z shell: /usr/bin/bash -e {0}
dependency-test	Check App Syntax	2026-08-27T12:38:54.6568726Z env:
dependency-test	Check App Syntax	2026-08-27T12:38:54.6569004Z   pythonLocation: /opt/hostedtoolcache/Python/3.11.16/x64
dependency-test	Check App Syntax	2026-08-27T12:38:54.6569462Z   PKG_CONFIG_PATH: /opt/hostedtoolcache/Python/3.11.16/x64/lib/pkgconfig
dependency-test	Check App Syntax	2026-08-27T12:38:54.6569902Z   Python_ROOT_DIR: /opt/hostedtoolcache/Python/3.11.16/x64
dependency-test	Check App Syntax	2026-08-27T12:38:54.6570299Z   Python2_ROOT_DIR: /opt/hostedtoolcache/Python/3.11.16/x64
dependency-test	Check App Syntax	2026-08-27T12:38:54.6570700Z   Python3_ROOT_DIR: /opt/hostedtoolcache/Python/3.11.16/x64
dependency-test	Check App Syntax	2026-08-27T12:38:54.6571096Z   LD_LIBRARY_PATH: /opt/hostedtoolcache/Python/3.11.16/x64/lib
dependency-test	Check App Syntax	2026-08-27T12:38:54.6571453Z ##[endgroup]
dependency-test	Check App Syntax	2026-08-27T12:38:54.6731023Z Traceback (most recent call last):
dependency-test	Check App Syntax	2026-08-27T12:38:54.6737295Z   File "<string>", line 1, in <module>
dependency-test	Check App Syntax	2026-08-27T12:38:54.6738022Z   File "/home/runner/work/dependency-error-repo/dependency-error-repo/app.py", line 4
dependency-test	Check App Syntax	2026-08-27T12:38:54.6738831Z     result = (*[1, 2, 3],
dependency-test	Check App Syntax	2026-08-27T12:38:54.6739107Z              ^
dependency-test	Check App Syntax	2026-08-27T12:38:54.6739367Z SyntaxError: '(' was never closed
dependency-test	Check App Syntax	2026-08-27T12:38:54.6764258Z ##[error]Process completed with exit code 1.
dependency-test	Post Checkout Repository	﻿2026-08-27T12:38:54.6916644Z Node 20 is being deprecated. This workflow is running with Node 24 by default. If you need to temporarily use Node 20, you can set the ACTIONS_ALLOW_USE_UNSECURE_NODE_VERSION=true environment variable. For more information see: https://github.blog/changelog/2025-09-19-deprecation-of-node-20-on-github-actions-runners/
dependency-test	Post Checkout Repository	2026-08-27T12:38:54.6917919Z Post job cleanup.
dependency-test	Post Checkout Repository	2026-08-27T12:38:54.7748140Z [command]/usr/bin/git version
dependency-test	Post Checkout Repository	2026-08-27T12:38:54.7792699Z git version 2.55.0
dependency-test	Post Checkout Repository	2026-08-27T12:38:54.7864790Z Temporarily overriding HOME='/home/runner/work/_temp/91f12a11-964e-460d-b471-e8a195af9603' before making global git config changes
dependency-test	Post Checkout Repository	2026-08-27T12:38:54.7866244Z Adding repository directory to the temporary git global config as a safe directory
dependency-test	Post Checkout Repository	2026-08-27T12:38:54.7871994Z [command]/usr/bin/git config --global --add safe.directory /home/runner/work/dependency-error-repo/dependency-error-repo
dependency-test	Post Checkout Repository	2026-08-27T12:38:54.7911453Z [command]/usr/bin/git config --local --name-only --get-regexp core\.sshCommand
dependency-test	Post Checkout Repository	2026-08-27T12:38:54.7952268Z [command]/usr/bin/git submodule foreach --recursive sh -c "git config --local --name-only --get-regexp 'core\.sshCommand' && git config --local --unset-all 'core.sshCommand' || :"
dependency-test	Post Checkout Repository	2026-08-27T12:38:54.8204454Z [command]/usr/bin/git config --local --name-only --get-regexp http\.https\:\/\/github\.com\/\.extraheader
dependency-test	Post Checkout Repository	2026-08-27T12:38:54.8233960Z http.https://github.com/.extraheader
dependency-test	Post Checkout Repository	2026-08-27T12:38:54.8247168Z [command]/usr/bin/git config --local --unset-all http.https://github.com/.extraheader
dependency-test	Post Checkout Repository	2026-08-27T12:38:54.8283398Z [command]/usr/bin/git submodule foreach --recursive sh -c "git config --local --name-only --get-regexp 'http\.https\:\/\/github\.com\/\.extraheader' && git config --local --unset-all 'http.https://github.com/.extraheader' || :"
dependency-test	Post Checkout Repository	2026-08-27T12:38:54.8530281Z [command]/usr/bin/git config --local --name-only --get-regexp ^includeIf\.gitdir:
dependency-test	Post Checkout Repository	2026-08-27T12:38:54.8571555Z [command]/usr/bin/git submodule foreach --recursive git config --local --show-origin --name-only --get-regexp remote.origin.url
dependency-test	Complete job	﻿2026-08-27T12:38:54.8963914Z Cleaning up orphan processes
dependency-test	Complete job	2026-08-27T12:38:54.9259698Z ##[warning]Node.js 20 is deprecated. The following actions target Node.js 20 but are being forced to run on Node.js 24: actions/checkout@v4, actions/setup-python@v5. For more information see: https://github.blog/changelog/2025-09-19-deprecation-of-node-20-on-github-actions-runners/