dependency-test	Set up job	﻿2026-08-27T12:23:09.0946455Z Current runner version: '2.336.0'
dependency-test	Set up job	2026-08-27T12:23:09.0973699Z ##[group]Runner Image Provisioner
dependency-test	Set up job	2026-08-27T12:23:09.0974875Z Hosted Compute Agent
dependency-test	Set up job	2026-08-27T12:23:09.0975510Z Version: 20260819.586
dependency-test	Set up job	2026-08-27T12:23:09.0976213Z Commit: 3cc4a88dfa507ef76119ad1bb3eccc6378bb2b76
dependency-test	Set up job	2026-08-27T12:23:09.0976941Z Build Date: 2026-08-18T23:20:18Z
dependency-test	Set up job	2026-08-27T12:23:09.0977639Z Worker ID: {1c577185-caed-40ee-b918-fb265f6f0e0b}
dependency-test	Set up job	2026-08-27T12:23:09.0978488Z Azure Region: westus3
dependency-test	Set up job	2026-08-27T12:23:09.0979089Z ##[endgroup]
dependency-test	Set up job	2026-08-27T12:23:09.0980626Z ##[group]Operating System
dependency-test	Set up job	2026-08-27T12:23:09.0981286Z Ubuntu
dependency-test	Set up job	2026-08-27T12:23:09.0981791Z 24.04.4
dependency-test	Set up job	2026-08-27T12:23:09.0982359Z LTS
dependency-test	Set up job	2026-08-27T12:23:09.0982899Z ##[endgroup]
dependency-test	Set up job	2026-08-27T12:23:09.0983465Z ##[group]Runner Image
dependency-test	Set up job	2026-08-27T12:23:09.0984302Z Image: ubuntu-24.04
dependency-test	Set up job	2026-08-27T12:23:09.0984897Z Version: 20260823.283.1
dependency-test	Set up job	2026-08-27T12:23:09.0986050Z Included Software: https://github.com/actions/runner-images/blob/ubuntu24/20260823.283/images/ubuntu/Ubuntu2404-Readme.md
dependency-test	Set up job	2026-08-27T12:23:09.0987790Z Image Release: https://github.com/actions/runner-images/releases/tag/ubuntu24%2F20260823.283
dependency-test	Set up job	2026-08-27T12:23:09.0988771Z ##[endgroup]
dependency-test	Set up job	2026-08-27T12:23:09.0989987Z ##[group]GITHUB_TOKEN Permissions
dependency-test	Set up job	2026-08-27T12:23:09.0991931Z Contents: read
dependency-test	Set up job	2026-08-27T12:23:09.0992530Z Metadata: read
dependency-test	Set up job	2026-08-27T12:23:09.0993609Z Packages: read
dependency-test	Set up job	2026-08-27T12:23:09.0994424Z ##[endgroup]
dependency-test	Set up job	2026-08-27T12:23:09.0996744Z Secret source: Actions
dependency-test	Set up job	2026-08-27T12:23:09.0997892Z Prepare workflow directory
dependency-test	Set up job	2026-08-27T12:23:09.1409362Z Prepare all required actions
dependency-test	Set up job	2026-08-27T12:23:09.1458228Z Getting action download info
dependency-test	Set up job	2026-08-27T12:23:09.4640735Z Download action repository 'actions/checkout@v4' (SHA:11d5960a326750d5838078e36cf38b85af677262)
dependency-test	Set up job	2026-08-27T12:23:09.6059054Z Download action repository 'actions/setup-python@v5' (SHA:a26af69be951a213d495a4c3e4e4022e16d87065)
dependency-test	Set up job	2026-08-27T12:23:09.8755913Z Complete job name: dependency-test
dependency-test	Checkout Repository	﻿2026-08-27T12:23:09.9516256Z Node 20 is being deprecated. This workflow is running with Node 24 by default. If you need to temporarily use Node 20, you can set the ACTIONS_ALLOW_USE_UNSECURE_NODE_VERSION=true environment variable. For more information see: https://github.blog/changelog/2025-09-19-deprecation-of-node-20-on-github-actions-runners/
dependency-test	Checkout Repository	2026-08-27T12:23:09.9525752Z ##[group]Run actions/checkout@v4
dependency-test	Checkout Repository	2026-08-27T12:23:09.9526962Z with:
dependency-test	Checkout Repository	2026-08-27T12:23:09.9527739Z   repository: DhruvHegde/dependency-error-repo
dependency-test	Checkout Repository	2026-08-27T12:23:09.9532135Z   token: ***
dependency-test	Checkout Repository	2026-08-27T12:23:09.9532577Z   ssh-strict: true
dependency-test	Checkout Repository	2026-08-27T12:23:09.9533012Z   ssh-user: git
dependency-test	Checkout Repository	2026-08-27T12:23:09.9533457Z   persist-credentials: true
dependency-test	Checkout Repository	2026-08-27T12:23:09.9534096Z   clean: true
dependency-test	Checkout Repository	2026-08-27T12:23:09.9534545Z   sparse-checkout-cone-mode: true
dependency-test	Checkout Repository	2026-08-27T12:23:09.9535065Z   fetch-depth: 1
dependency-test	Checkout Repository	2026-08-27T12:23:09.9535491Z   fetch-tags: false
dependency-test	Checkout Repository	2026-08-27T12:23:09.9535926Z   show-progress: true
dependency-test	Checkout Repository	2026-08-27T12:23:09.9536416Z   lfs: false
dependency-test	Checkout Repository	2026-08-27T12:23:09.9536835Z   submodules: false
dependency-test	Checkout Repository	2026-08-27T12:23:09.9537337Z   set-safe-directory: true
dependency-test	Checkout Repository	2026-08-27T12:23:09.9537854Z   allow-unsafe-pr-checkout: false
dependency-test	Checkout Repository	2026-08-27T12:23:09.9538712Z ##[endgroup]
dependency-test	Checkout Repository	2026-08-27T12:23:10.0556773Z Syncing repository: DhruvHegde/dependency-error-repo
dependency-test	Checkout Repository	2026-08-27T12:23:10.0559792Z ##[group]Getting Git version info
dependency-test	Checkout Repository	2026-08-27T12:23:10.0561313Z Working directory is '/home/runner/work/dependency-error-repo/dependency-error-repo'
dependency-test	Checkout Repository	2026-08-27T12:23:10.0563386Z [command]/usr/bin/git version
dependency-test	Checkout Repository	2026-08-27T12:23:10.0737100Z git version 2.55.0
dependency-test	Checkout Repository	2026-08-27T12:23:10.0763761Z ##[endgroup]
dependency-test	Checkout Repository	2026-08-27T12:23:10.0780835Z Temporarily overriding HOME='/home/runner/work/_temp/cbaa027c-f0ae-4241-b341-edcaec3adee0' before making global git config changes
dependency-test	Checkout Repository	2026-08-27T12:23:10.0787862Z Adding repository directory to the temporary git global config as a safe directory
dependency-test	Checkout Repository	2026-08-27T12:23:10.0789786Z [command]/usr/bin/git config --global --add safe.directory /home/runner/work/dependency-error-repo/dependency-error-repo
dependency-test	Checkout Repository	2026-08-27T12:23:10.0846550Z Deleting the contents of '/home/runner/work/dependency-error-repo/dependency-error-repo'
dependency-test	Checkout Repository	2026-08-27T12:23:10.0852409Z ##[group]Initializing the repository
dependency-test	Checkout Repository	2026-08-27T12:23:10.0857941Z [command]/usr/bin/git init /home/runner/work/dependency-error-repo/dependency-error-repo
dependency-test	Checkout Repository	2026-08-27T12:23:10.0963425Z hint: Using 'master' as the name for the initial branch. This default branch name
dependency-test	Checkout Repository	2026-08-27T12:23:10.0965527Z hint: will change to "main" in Git 3.0. To configure the initial branch name
dependency-test	Checkout Repository	2026-08-27T12:23:10.0968218Z hint: to use in all of your new repositories, which will suppress this warning,
dependency-test	Checkout Repository	2026-08-27T12:23:10.0970348Z hint: call:
dependency-test	Checkout Repository	2026-08-27T12:23:10.0971401Z hint:
dependency-test	Checkout Repository	2026-08-27T12:23:10.0972298Z hint: 	git config --global init.defaultBranch <name>
dependency-test	Checkout Repository	2026-08-27T12:23:10.0973086Z hint:
dependency-test	Checkout Repository	2026-08-27T12:23:10.0973711Z hint: Names commonly chosen instead of 'master' are 'main', 'trunk' and
dependency-test	Checkout Repository	2026-08-27T12:23:10.0975026Z hint: 'development'. The just-created branch can be renamed via this command:
dependency-test	Checkout Repository	2026-08-27T12:23:10.0975880Z hint:
dependency-test	Checkout Repository	2026-08-27T12:23:10.0976334Z hint: 	git branch -m <name>
dependency-test	Checkout Repository	2026-08-27T12:23:10.0976887Z hint:
dependency-test	Checkout Repository	2026-08-27T12:23:10.0977803Z hint: Disable this message with "git config set advice.defaultBranchName false"
dependency-test	Checkout Repository	2026-08-27T12:23:10.0980465Z Initialized empty Git repository in /home/runner/work/dependency-error-repo/dependency-error-repo/.git/
dependency-test	Checkout Repository	2026-08-27T12:23:10.0982445Z [command]/usr/bin/git remote add origin https://github.com/DhruvHegde/dependency-error-repo
dependency-test	Checkout Repository	2026-08-27T12:23:10.1072019Z ##[endgroup]
dependency-test	Checkout Repository	2026-08-27T12:23:10.1074235Z ##[group]Disabling automatic garbage collection
dependency-test	Checkout Repository	2026-08-27T12:23:10.1077660Z [command]/usr/bin/git config --local gc.auto 0
dependency-test	Checkout Repository	2026-08-27T12:23:10.1114516Z ##[endgroup]
dependency-test	Checkout Repository	2026-08-27T12:23:10.1115681Z ##[group]Setting up auth
dependency-test	Checkout Repository	2026-08-27T12:23:10.1121547Z [command]/usr/bin/git config --local --name-only --get-regexp core\.sshCommand
dependency-test	Checkout Repository	2026-08-27T12:23:10.1162452Z [command]/usr/bin/git submodule foreach --recursive sh -c "git config --local --name-only --get-regexp 'core\.sshCommand' && git config --local --unset-all 'core.sshCommand' || :"
dependency-test	Checkout Repository	2026-08-27T12:23:10.1552820Z [command]/usr/bin/git config --local --name-only --get-regexp http\.https\:\/\/github\.com\/\.extraheader
dependency-test	Checkout Repository	2026-08-27T12:23:10.1593323Z [command]/usr/bin/git submodule foreach --recursive sh -c "git config --local --name-only --get-regexp 'http\.https\:\/\/github\.com\/\.extraheader' && git config --local --unset-all 'http.https://github.com/.extraheader' || :"
dependency-test	Checkout Repository	2026-08-27T12:23:10.1856544Z [command]/usr/bin/git config --local --name-only --get-regexp ^includeIf\.gitdir:
dependency-test	Checkout Repository	2026-08-27T12:23:10.1887415Z [command]/usr/bin/git submodule foreach --recursive git config --local --show-origin --name-only --get-regexp remote.origin.url
dependency-test	Checkout Repository	2026-08-27T12:23:10.2142601Z [command]/usr/bin/git config --local http.https://github.com/.extraheader AUTHORIZATION: basic ***
dependency-test	Checkout Repository	2026-08-27T12:23:10.2183446Z ##[endgroup]
dependency-test	Checkout Repository	2026-08-27T12:23:10.2184670Z ##[group]Fetching the repository
dependency-test	Checkout Repository	2026-08-27T12:23:10.2193738Z [command]/usr/bin/git -c protocol.version=2 fetch --no-tags --prune --no-recurse-submodules --depth=1 origin +298f200f15b5b8ee61e436a972a240bd99d289ab:refs/remotes/origin/feature/syntax-errors
dependency-test	Checkout Repository	2026-08-27T12:23:10.9042120Z From https://github.com/DhruvHegde/dependency-error-repo
dependency-test	Checkout Repository	2026-08-27T12:23:10.9043569Z  * [new ref]         298f200f15b5b8ee61e436a972a240bd99d289ab -> origin/feature/syntax-errors
dependency-test	Checkout Repository	2026-08-27T12:23:10.9046561Z ##[endgroup]
dependency-test	Checkout Repository	2026-08-27T12:23:10.9047521Z ##[group]Determining the checkout info
dependency-test	Checkout Repository	2026-08-27T12:23:10.9055763Z ##[endgroup]
dependency-test	Checkout Repository	2026-08-27T12:23:10.9076605Z [command]/usr/bin/git sparse-checkout disable
dependency-test	Checkout Repository	2026-08-27T12:23:10.9133392Z [command]/usr/bin/git config --local --unset-all extensions.worktreeConfig
dependency-test	Checkout Repository	2026-08-27T12:23:10.9168174Z ##[group]Checking out the ref
dependency-test	Checkout Repository	2026-08-27T12:23:10.9174588Z [command]/usr/bin/git checkout --progress --force -B feature/syntax-errors refs/remotes/origin/feature/syntax-errors
dependency-test	Checkout Repository	2026-08-27T12:23:10.9365995Z Switched to a new branch 'feature/syntax-errors'
dependency-test	Checkout Repository	2026-08-27T12:23:10.9375421Z branch 'feature/syntax-errors' set up to track 'origin/feature/syntax-errors'.
dependency-test	Checkout Repository	2026-08-27T12:23:10.9379739Z ##[endgroup]
dependency-test	Checkout Repository	2026-08-27T12:23:10.9426049Z [command]/usr/bin/git log -1 --format=%H
dependency-test	Checkout Repository	2026-08-27T12:23:10.9452822Z 298f200f15b5b8ee61e436a972a240bd99d289ab
dependency-test	Setup Python	﻿2026-08-27T12:23:10.9843313Z Node 20 is being deprecated. This workflow is running with Node 24 by default. If you need to temporarily use Node 20, you can set the ACTIONS_ALLOW_USE_UNSECURE_NODE_VERSION=true environment variable. For more information see: https://github.blog/changelog/2025-09-19-deprecation-of-node-20-on-github-actions-runners/
dependency-test	Setup Python	2026-08-27T12:23:10.9850016Z ##[group]Run actions/setup-python@v5
dependency-test	Setup Python	2026-08-27T12:23:10.9851345Z with:
dependency-test	Setup Python	2026-08-27T12:23:10.9852310Z   python-version: 3.11
dependency-test	Setup Python	2026-08-27T12:23:10.9853433Z   check-latest: false
dependency-test	Setup Python	2026-08-27T12:23:10.9864937Z   token: ***
dependency-test	Setup Python	2026-08-27T12:23:10.9865998Z   update-environment: true
dependency-test	Setup Python	2026-08-27T12:23:10.9867204Z   allow-prereleases: false
dependency-test	Setup Python	2026-08-27T12:23:10.9868376Z   freethreaded: false
dependency-test	Setup Python	2026-08-27T12:23:10.9869448Z ##[endgroup]
dependency-test	Setup Python	2026-08-27T12:23:11.1225427Z ##[group]Installed versions
dependency-test	Setup Python	2026-08-27T12:23:11.1330959Z (node:2238) [DEP0040] DeprecationWarning: The `punycode` module is deprecated. Please use a userland alternative instead.
dependency-test	Setup Python	2026-08-27T12:23:11.1335927Z (Use `node --trace-deprecation ...` to show where the warning was created)
dependency-test	Setup Python	2026-08-27T12:23:11.1338113Z Successfully set up CPython (3.11.16)
dependency-test	Setup Python	2026-08-27T12:23:11.1340239Z ##[endgroup]
dependency-test	Install Dependencies	﻿2026-08-27T12:23:11.1561121Z ##[group]Run python -m pip install --upgrade pip
dependency-test	Install Dependencies	2026-08-27T12:23:11.1562916Z ^[[36;1mpython -m pip install --upgrade pip^[[0m
dependency-test	Install Dependencies	2026-08-27T12:23:11.1564640Z ^[[36;1mpip install -r requirements.txt^[[0m
dependency-test	Install Dependencies	2026-08-27T12:23:11.1639472Z shell: /usr/bin/bash -e {0}
dependency-test	Install Dependencies	2026-08-27T12:23:11.1641546Z env:
dependency-test	Install Dependencies	2026-08-27T12:23:11.1643302Z   pythonLocation: /opt/hostedtoolcache/Python/3.11.16/x64
dependency-test	Install Dependencies	2026-08-27T12:23:11.1645624Z   PKG_CONFIG_PATH: /opt/hostedtoolcache/Python/3.11.16/x64/lib/pkgconfig
dependency-test	Install Dependencies	2026-08-27T12:23:11.1647605Z   Python_ROOT_DIR: /opt/hostedtoolcache/Python/3.11.16/x64
dependency-test	Install Dependencies	2026-08-27T12:23:11.1649374Z   Python2_ROOT_DIR: /opt/hostedtoolcache/Python/3.11.16/x64
dependency-test	Install Dependencies	2026-08-27T12:23:11.1651686Z   Python3_ROOT_DIR: /opt/hostedtoolcache/Python/3.11.16/x64
dependency-test	Install Dependencies	2026-08-27T12:23:11.1654688Z   LD_LIBRARY_PATH: /opt/hostedtoolcache/Python/3.11.16/x64/lib
dependency-test	Install Dependencies	2026-08-27T12:23:11.1657085Z ##[endgroup]
dependency-test	Install Dependencies	2026-08-27T12:23:14.3669872Z Requirement already satisfied: pip in /opt/hostedtoolcache/Python/3.11.16/x64/lib/python3.11/site-packages (26.2.1)
dependency-test	Install Dependencies	2026-08-27T12:23:15.0992725Z Collecting pytest (from -r requirements.txt (line 1))
dependency-test	Install Dependencies	2026-08-27T12:23:15.1465247Z   Downloading pytest-9.1.1-py3-none-any.whl.metadata (7.6 kB)
dependency-test	Install Dependencies	2026-08-27T12:23:15.1668397Z Collecting iniconfig>=1.0.1 (from pytest->-r requirements.txt (line 1))
dependency-test	Install Dependencies	2026-08-27T12:23:15.1704448Z   Downloading iniconfig-2.3.0-py3-none-any.whl.metadata (2.5 kB)
dependency-test	Install Dependencies	2026-08-27T12:23:15.1942623Z Collecting packaging>=22 (from pytest->-r requirements.txt (line 1))
dependency-test	Install Dependencies	2026-08-27T12:23:15.1978360Z   Downloading packaging-26.3-py3-none-any.whl.metadata (3.5 kB)
dependency-test	Install Dependencies	2026-08-27T12:23:15.2175131Z Collecting pluggy<2,>=1.5 (from pytest->-r requirements.txt (line 1))
dependency-test	Install Dependencies	2026-08-27T12:23:15.2210224Z   Downloading pluggy-1.6.0-py3-none-any.whl.metadata (4.8 kB)
dependency-test	Install Dependencies	2026-08-27T12:23:15.2472511Z Collecting pygments>=2.7.2 (from pytest->-r requirements.txt (line 1))
dependency-test	Install Dependencies	2026-08-27T12:23:15.2505375Z   Downloading pygments-2.21.0-py3-none-any.whl.metadata (2.5 kB)
dependency-test	Install Dependencies	2026-08-27T12:23:15.2585085Z Downloading pytest-9.1.1-py3-none-any.whl (386 kB)
dependency-test	Install Dependencies	2026-08-27T12:23:15.2797575Z Downloading pluggy-1.6.0-py3-none-any.whl (20 kB)
dependency-test	Install Dependencies	2026-08-27T12:23:15.2852099Z Downloading iniconfig-2.3.0-py3-none-any.whl (7.5 kB)
dependency-test	Install Dependencies	2026-08-27T12:23:15.2907540Z Downloading packaging-26.3-py3-none-any.whl (129 kB)
dependency-test	Install Dependencies	2026-08-27T12:23:15.2981690Z Downloading pygments-2.21.0-py3-none-any.whl (1.3 MB)
dependency-test	Install Dependencies	2026-08-27T12:23:15.3084381Z    ━━━━━━━━━━━━━━━━━━━━━━━━━━━━━━━━━━━━━━━━ 1.3/1.3 MB 151.5 MB/s  0:00:00
dependency-test	Install Dependencies	2026-08-27T12:23:15.3555259Z Installing collected packages: pygments, pluggy, packaging, iniconfig, pytest
dependency-test	Install Dependencies	2026-08-27T12:23:16.3431349Z 
dependency-test	Install Dependencies	2026-08-27T12:23:16.3442948Z Successfully installed iniconfig-2.3.0 packaging-26.3 pluggy-1.6.0 pygments-2.21.0 pytest-9.1.1
dependency-test	Check App Syntax	﻿2026-08-27T12:23:16.3939649Z ##[group]Run python -c "import app"
dependency-test	Check App Syntax	2026-08-27T12:23:16.3940020Z ^[[36;1mpython -c "import app"^[[0m
dependency-test	Check App Syntax	2026-08-27T12:23:16.3980753Z shell: /usr/bin/bash -e {0}
dependency-test	Check App Syntax	2026-08-27T12:23:16.3981102Z env:
dependency-test	Check App Syntax	2026-08-27T12:23:16.3981392Z   pythonLocation: /opt/hostedtoolcache/Python/3.11.16/x64
dependency-test	Check App Syntax	2026-08-27T12:23:16.3981849Z   PKG_CONFIG_PATH: /opt/hostedtoolcache/Python/3.11.16/x64/lib/pkgconfig
dependency-test	Check App Syntax	2026-08-27T12:23:16.3982311Z   Python_ROOT_DIR: /opt/hostedtoolcache/Python/3.11.16/x64
dependency-test	Check App Syntax	2026-08-27T12:23:16.3982717Z   Python2_ROOT_DIR: /opt/hostedtoolcache/Python/3.11.16/x64
dependency-test	Check App Syntax	2026-08-27T12:23:16.3983111Z   Python3_ROOT_DIR: /opt/hostedtoolcache/Python/3.11.16/x64
dependency-test	Check App Syntax	2026-08-27T12:23:16.3983525Z   LD_LIBRARY_PATH: /opt/hostedtoolcache/Python/3.11.16/x64/lib
dependency-test	Check App Syntax	2026-08-27T12:23:16.3984118Z ##[endgroup]
dependency-test	Check App Syntax	2026-08-27T12:23:16.4141834Z Traceback (most recent call last):
dependency-test	Check App Syntax	2026-08-27T12:23:16.4149078Z   File "<string>", line 1, in <module>
dependency-test	Check App Syntax	2026-08-27T12:23:16.4149826Z   File "/home/runner/work/dependency-error-repo/dependency-error-repo/app.py", line 7
dependency-test	Check App Syntax	2026-08-27T12:23:16.4150415Z     else
dependency-test	Check App Syntax	2026-08-27T12:23:16.4150635Z         ^
dependency-test	Check App Syntax	2026-08-27T12:23:16.4150884Z SyntaxError: expected ':'
dependency-test	Check App Syntax	2026-08-27T12:23:16.4175779Z ##[error]Process completed with exit code 1.
dependency-test	Post Checkout Repository	﻿2026-08-27T12:23:16.4331716Z Node 20 is being deprecated. This workflow is running with Node 24 by default. If you need to temporarily use Node 20, you can set the ACTIONS_ALLOW_USE_UNSECURE_NODE_VERSION=true environment variable. For more information see: https://github.blog/changelog/2025-09-19-deprecation-of-node-20-on-github-actions-runners/
dependency-test	Post Checkout Repository	2026-08-27T12:23:16.4332992Z Post job cleanup.
dependency-test	Post Checkout Repository	2026-08-27T12:23:16.5174630Z [command]/usr/bin/git version
dependency-test	Post Checkout Repository	2026-08-27T12:23:16.5232817Z git version 2.55.0
dependency-test	Post Checkout Repository	2026-08-27T12:23:16.5277200Z Temporarily overriding HOME='/home/runner/work/_temp/b26db150-06d2-40f1-bb0e-19800393c5d6' before making global git config changes
dependency-test	Post Checkout Repository	2026-08-27T12:23:16.5278333Z Adding repository directory to the temporary git global config as a safe directory
dependency-test	Post Checkout Repository	2026-08-27T12:23:16.5283218Z [command]/usr/bin/git config --global --add safe.directory /home/runner/work/dependency-error-repo/dependency-error-repo
dependency-test	Post Checkout Repository	2026-08-27T12:23:16.5326509Z [command]/usr/bin/git config --local --name-only --get-regexp core\.sshCommand
dependency-test	Post Checkout Repository	2026-08-27T12:23:16.5363435Z [command]/usr/bin/git submodule foreach --recursive sh -c "git config --local --name-only --get-regexp 'core\.sshCommand' && git config --local --unset-all 'core.sshCommand' || :"
dependency-test	Post Checkout Repository	2026-08-27T12:23:16.5619070Z [command]/usr/bin/git config --local --name-only --get-regexp http\.https\:\/\/github\.com\/\.extraheader
dependency-test	Post Checkout Repository	2026-08-27T12:23:16.5645979Z http.https://github.com/.extraheader
dependency-test	Post Checkout Repository	2026-08-27T12:23:16.5658110Z [command]/usr/bin/git config --local --unset-all http.https://github.com/.extraheader
dependency-test	Post Checkout Repository	2026-08-27T12:23:16.5692919Z [command]/usr/bin/git submodule foreach --recursive sh -c "git config --local --name-only --get-regexp 'http\.https\:\/\/github\.com\/\.extraheader' && git config --local --unset-all 'http.https://github.com/.extraheader' || :"
dependency-test	Post Checkout Repository	2026-08-27T12:23:16.5949346Z [command]/usr/bin/git config --local --name-only --get-regexp ^includeIf\.gitdir:
dependency-test	Post Checkout Repository	2026-08-27T12:23:16.5991020Z [command]/usr/bin/git submodule foreach --recursive git config --local --show-origin --name-only --get-regexp remote.origin.url
dependency-test	Complete job	﻿2026-08-27T12:23:16.6381333Z Cleaning up orphan processes
dependency-test	Complete job	2026-08-27T12:23:16.6687537Z ##[warning]Node.js 20 is deprecated. The following actions target Node.js 20 but are being forced to run on Node.js 24: actions/checkout@v4, actions/setup-python@v5. For more information see: https://github.blog/changelog/2025-09-19-deprecation-of-node-20-on-github-actions-runners/