dependency-test	Set up job	﻿2026-08-27T11:59:39.4146099Z Current runner version: '2.336.0'
dependency-test	Set up job	2026-08-27T11:59:39.4185149Z ##[group]Runner Image Provisioner
dependency-test	Set up job	2026-08-27T11:59:39.4186417Z Hosted Compute Agent
dependency-test	Set up job	2026-08-27T11:59:39.4187505Z Version: 20260819.586
dependency-test	Set up job	2026-08-27T11:59:39.4188529Z Commit: 3cc4a88dfa507ef76119ad1bb3eccc6378bb2b76
dependency-test	Set up job	2026-08-27T11:59:39.4189637Z Build Date: 2026-08-18T23:20:18Z
dependency-test	Set up job	2026-08-27T11:59:39.4191172Z Worker ID: {3eeb9c96-5649-43ff-acf2-e844afce8e41}
dependency-test	Set up job	2026-08-27T11:59:39.4192330Z Azure Region: centralus
dependency-test	Set up job	2026-08-27T11:59:39.4193398Z ##[endgroup]
dependency-test	Set up job	2026-08-27T11:59:39.4195469Z ##[group]Operating System
dependency-test	Set up job	2026-08-27T11:59:39.4196365Z Ubuntu
dependency-test	Set up job	2026-08-27T11:59:39.4197294Z 24.04.4
dependency-test	Set up job	2026-08-27T11:59:39.4198068Z LTS
dependency-test	Set up job	2026-08-27T11:59:39.4198812Z ##[endgroup]
dependency-test	Set up job	2026-08-27T11:59:39.4199445Z ##[group]Runner Image
dependency-test	Set up job	2026-08-27T11:59:39.4200319Z Image: ubuntu-24.04
dependency-test	Set up job	2026-08-27T11:59:39.4200998Z Version: 20260823.283.1
dependency-test	Set up job	2026-08-27T11:59:39.4202116Z Included Software: https://github.com/actions/runner-images/blob/ubuntu24/20260823.283/images/ubuntu/Ubuntu2404-Readme.md
dependency-test	Set up job	2026-08-27T11:59:39.4204062Z Image Release: https://github.com/actions/runner-images/releases/tag/ubuntu24%2F20260823.283
dependency-test	Set up job	2026-08-27T11:59:39.4205085Z ##[endgroup]
dependency-test	Set up job	2026-08-27T11:59:39.4206441Z ##[group]GITHUB_TOKEN Permissions
dependency-test	Set up job	2026-08-27T11:59:39.4208841Z Contents: read
dependency-test	Set up job	2026-08-27T11:59:39.4210372Z Metadata: read
dependency-test	Set up job	2026-08-27T11:59:39.4211033Z Packages: read
dependency-test	Set up job	2026-08-27T11:59:39.4211675Z ##[endgroup]
dependency-test	Set up job	2026-08-27T11:59:39.4213957Z Secret source: Actions
dependency-test	Set up job	2026-08-27T11:59:39.4215378Z Prepare workflow directory
dependency-test	Set up job	2026-08-27T11:59:39.4603930Z Prepare all required actions
dependency-test	Set up job	2026-08-27T11:59:39.4671186Z Getting action download info
dependency-test	Set up job	2026-08-27T11:59:39.7197566Z Download action repository 'actions/checkout@v4' (SHA:11d5960a326750d5838078e36cf38b85af677262)
dependency-test	Set up job	2026-08-27T11:59:39.8630622Z Download action repository 'actions/setup-python@v5' (SHA:a26af69be951a213d495a4c3e4e4022e16d87065)
dependency-test	Set up job	2026-08-27T11:59:40.0817787Z Complete job name: dependency-test
dependency-test	Checkout Repository	﻿2026-08-27T11:59:40.1567013Z Node 20 is being deprecated. This workflow is running with Node 24 by default. If you need to temporarily use Node 20, you can set the ACTIONS_ALLOW_USE_UNSECURE_NODE_VERSION=true environment variable. For more information see: https://github.blog/changelog/2025-09-19-deprecation-of-node-20-on-github-actions-runners/
dependency-test	Checkout Repository	2026-08-27T11:59:40.1576007Z ##[group]Run actions/checkout@v4
dependency-test	Checkout Repository	2026-08-27T11:59:40.1576727Z with:
dependency-test	Checkout Repository	2026-08-27T11:59:40.1577225Z   repository: DhruvHegde/dependency-error-repo
dependency-test	Checkout Repository	2026-08-27T11:59:40.1581973Z   token: ***
dependency-test	Checkout Repository	2026-08-27T11:59:40.1582426Z   ssh-strict: true
dependency-test	Checkout Repository	2026-08-27T11:59:40.1582876Z   ssh-user: git
dependency-test	Checkout Repository	2026-08-27T11:59:40.1583334Z   persist-credentials: true
dependency-test	Checkout Repository	2026-08-27T11:59:40.1583822Z   clean: true
dependency-test	Checkout Repository	2026-08-27T11:59:40.1584271Z   sparse-checkout-cone-mode: true
dependency-test	Checkout Repository	2026-08-27T11:59:40.1584839Z   fetch-depth: 1
dependency-test	Checkout Repository	2026-08-27T11:59:40.1585274Z   fetch-tags: false
dependency-test	Checkout Repository	2026-08-27T11:59:40.1585716Z   show-progress: true
dependency-test	Checkout Repository	2026-08-27T11:59:40.1586169Z   lfs: false
dependency-test	Checkout Repository	2026-08-27T11:59:40.1586590Z   submodules: false
dependency-test	Checkout Repository	2026-08-27T11:59:40.1587097Z   set-safe-directory: true
dependency-test	Checkout Repository	2026-08-27T11:59:40.1587610Z   allow-unsafe-pr-checkout: false
dependency-test	Checkout Repository	2026-08-27T11:59:40.1588427Z ##[endgroup]
dependency-test	Checkout Repository	2026-08-27T11:59:40.2631245Z Syncing repository: DhruvHegde/dependency-error-repo
dependency-test	Checkout Repository	2026-08-27T11:59:40.2633345Z ##[group]Getting Git version info
dependency-test	Checkout Repository	2026-08-27T11:59:40.2634219Z Working directory is '/home/runner/work/dependency-error-repo/dependency-error-repo'
dependency-test	Checkout Repository	2026-08-27T11:59:40.2635968Z [command]/usr/bin/git version
dependency-test	Checkout Repository	2026-08-27T11:59:40.2740613Z git version 2.55.0
dependency-test	Checkout Repository	2026-08-27T11:59:40.2798248Z ##[endgroup]
dependency-test	Checkout Repository	2026-08-27T11:59:40.2816409Z Temporarily overriding HOME='/home/runner/work/_temp/5d24dae3-ba1f-4b50-9463-31f22451709b' before making global git config changes
dependency-test	Checkout Repository	2026-08-27T11:59:40.2818679Z Adding repository directory to the temporary git global config as a safe directory
dependency-test	Checkout Repository	2026-08-27T11:59:40.2824183Z [command]/usr/bin/git config --global --add safe.directory /home/runner/work/dependency-error-repo/dependency-error-repo
dependency-test	Checkout Repository	2026-08-27T11:59:40.2880666Z Deleting the contents of '/home/runner/work/dependency-error-repo/dependency-error-repo'
dependency-test	Checkout Repository	2026-08-27T11:59:40.2884307Z ##[group]Initializing the repository
dependency-test	Checkout Repository	2026-08-27T11:59:40.2889431Z [command]/usr/bin/git init /home/runner/work/dependency-error-repo/dependency-error-repo
dependency-test	Checkout Repository	2026-08-27T11:59:40.2981078Z hint: Using 'master' as the name for the initial branch. This default branch name
dependency-test	Checkout Repository	2026-08-27T11:59:40.2982683Z hint: will change to "main" in Git 3.0. To configure the initial branch name
dependency-test	Checkout Repository	2026-08-27T11:59:40.2983953Z hint: to use in all of your new repositories, which will suppress this warning,
dependency-test	Checkout Repository	2026-08-27T11:59:40.2984921Z hint: call:
dependency-test	Checkout Repository	2026-08-27T11:59:40.2985606Z hint:
dependency-test	Checkout Repository	2026-08-27T11:59:40.2986452Z hint: 	git config --global init.defaultBranch <name>
dependency-test	Checkout Repository	2026-08-27T11:59:40.2987292Z hint:
dependency-test	Checkout Repository	2026-08-27T11:59:40.2988215Z hint: Names commonly chosen instead of 'master' are 'main', 'trunk' and
dependency-test	Checkout Repository	2026-08-27T11:59:40.2989427Z hint: 'development'. The just-created branch can be renamed via this command:
dependency-test	Checkout Repository	2026-08-27T11:59:40.2991100Z hint:
dependency-test	Checkout Repository	2026-08-27T11:59:40.2991855Z hint: 	git branch -m <name>
dependency-test	Checkout Repository	2026-08-27T11:59:40.2992637Z hint:
dependency-test	Checkout Repository	2026-08-27T11:59:40.3006514Z hint: Disable this message with "git config set advice.defaultBranchName false"
dependency-test	Checkout Repository	2026-08-27T11:59:40.3016152Z Initialized empty Git repository in /home/runner/work/dependency-error-repo/dependency-error-repo/.git/
dependency-test	Checkout Repository	2026-08-27T11:59:40.3019372Z [command]/usr/bin/git remote add origin https://github.com/DhruvHegde/dependency-error-repo
dependency-test	Checkout Repository	2026-08-27T11:59:40.3061614Z ##[endgroup]
dependency-test	Checkout Repository	2026-08-27T11:59:40.3062781Z ##[group]Disabling automatic garbage collection
dependency-test	Checkout Repository	2026-08-27T11:59:40.3066328Z [command]/usr/bin/git config --local gc.auto 0
dependency-test	Checkout Repository	2026-08-27T11:59:40.3120205Z ##[endgroup]
dependency-test	Checkout Repository	2026-08-27T11:59:40.3121227Z ##[group]Setting up auth
dependency-test	Checkout Repository	2026-08-27T11:59:40.3128910Z [command]/usr/bin/git config --local --name-only --get-regexp core\.sshCommand
dependency-test	Checkout Repository	2026-08-27T11:59:40.3175266Z [command]/usr/bin/git submodule foreach --recursive sh -c "git config --local --name-only --get-regexp 'core\.sshCommand' && git config --local --unset-all 'core.sshCommand' || :"
dependency-test	Checkout Repository	2026-08-27T11:59:40.3577611Z [command]/usr/bin/git config --local --name-only --get-regexp http\.https\:\/\/github\.com\/\.extraheader
dependency-test	Checkout Repository	2026-08-27T11:59:40.3622083Z [command]/usr/bin/git submodule foreach --recursive sh -c "git config --local --name-only --get-regexp 'http\.https\:\/\/github\.com\/\.extraheader' && git config --local --unset-all 'http.https://github.com/.extraheader' || :"
dependency-test	Checkout Repository	2026-08-27T11:59:40.3881511Z [command]/usr/bin/git config --local --name-only --get-regexp ^includeIf\.gitdir:
dependency-test	Checkout Repository	2026-08-27T11:59:40.3921910Z [command]/usr/bin/git submodule foreach --recursive git config --local --show-origin --name-only --get-regexp remote.origin.url
dependency-test	Checkout Repository	2026-08-27T11:59:40.4174940Z [command]/usr/bin/git config --local http.https://github.com/.extraheader AUTHORIZATION: basic ***
dependency-test	Checkout Repository	2026-08-27T11:59:40.4218313Z ##[endgroup]
dependency-test	Checkout Repository	2026-08-27T11:59:40.4219341Z ##[group]Fetching the repository
dependency-test	Checkout Repository	2026-08-27T11:59:40.4228912Z [command]/usr/bin/git -c protocol.version=2 fetch --no-tags --prune --no-recurse-submodules --depth=1 origin +e686db6987b19b9152b15eee40851d6635b6da59:refs/remotes/origin/feature/syntax-errors
dependency-test	Checkout Repository	2026-08-27T11:59:40.9475962Z From https://github.com/DhruvHegde/dependency-error-repo
dependency-test	Checkout Repository	2026-08-27T11:59:40.9478102Z  * [new ref]         e686db6987b19b9152b15eee40851d6635b6da59 -> origin/feature/syntax-errors
dependency-test	Checkout Repository	2026-08-27T11:59:40.9483765Z ##[endgroup]
dependency-test	Checkout Repository	2026-08-27T11:59:40.9485051Z ##[group]Determining the checkout info
dependency-test	Checkout Repository	2026-08-27T11:59:40.9487294Z ##[endgroup]
dependency-test	Checkout Repository	2026-08-27T11:59:40.9489820Z [command]/usr/bin/git sparse-checkout disable
dependency-test	Checkout Repository	2026-08-27T11:59:40.9551764Z [command]/usr/bin/git config --local --unset-all extensions.worktreeConfig
dependency-test	Checkout Repository	2026-08-27T11:59:40.9591308Z ##[group]Checking out the ref
dependency-test	Checkout Repository	2026-08-27T11:59:40.9596065Z [command]/usr/bin/git checkout --progress --force -B feature/syntax-errors refs/remotes/origin/feature/syntax-errors
dependency-test	Checkout Repository	2026-08-27T11:59:40.9798347Z Switched to a new branch 'feature/syntax-errors'
dependency-test	Checkout Repository	2026-08-27T11:59:40.9804829Z branch 'feature/syntax-errors' set up to track 'origin/feature/syntax-errors'.
dependency-test	Checkout Repository	2026-08-27T11:59:40.9808736Z ##[endgroup]
dependency-test	Checkout Repository	2026-08-27T11:59:40.9860331Z [command]/usr/bin/git log -1 --format=%H
dependency-test	Checkout Repository	2026-08-27T11:59:40.9890356Z e686db6987b19b9152b15eee40851d6635b6da59
dependency-test	Setup Python	﻿2026-08-27T11:59:41.0269248Z Node 20 is being deprecated. This workflow is running with Node 24 by default. If you need to temporarily use Node 20, you can set the ACTIONS_ALLOW_USE_UNSECURE_NODE_VERSION=true environment variable. For more information see: https://github.blog/changelog/2025-09-19-deprecation-of-node-20-on-github-actions-runners/
dependency-test	Setup Python	2026-08-27T11:59:41.0275633Z ##[group]Run actions/setup-python@v5
dependency-test	Setup Python	2026-08-27T11:59:41.0276779Z with:
dependency-test	Setup Python	2026-08-27T11:59:41.0277654Z   python-version: 3.11
dependency-test	Setup Python	2026-08-27T11:59:41.0278631Z   check-latest: false
dependency-test	Setup Python	2026-08-27T11:59:41.0288859Z   token: ***
dependency-test	Setup Python	2026-08-27T11:59:41.0289760Z   update-environment: true
dependency-test	Setup Python	2026-08-27T11:59:41.0290923Z   allow-prereleases: false
dependency-test	Setup Python	2026-08-27T11:59:41.0291950Z   freethreaded: false
dependency-test	Setup Python	2026-08-27T11:59:41.0292877Z ##[endgroup]
dependency-test	Setup Python	2026-08-27T11:59:41.1667244Z ##[group]Installed versions
dependency-test	Setup Python	2026-08-27T11:59:41.1752108Z (node:2255) [DEP0040] DeprecationWarning: The `punycode` module is deprecated. Please use a userland alternative instead.
dependency-test	Setup Python	2026-08-27T11:59:41.1755304Z (Use `node --trace-deprecation ...` to show where the warning was created)
dependency-test	Setup Python	2026-08-27T11:59:41.1757456Z Successfully set up CPython (3.11.16)
dependency-test	Setup Python	2026-08-27T11:59:41.1759764Z ##[endgroup]
dependency-test	Install Dependencies	﻿2026-08-27T11:59:41.1967932Z ##[group]Run python -m pip install --upgrade pip
dependency-test	Install Dependencies	2026-08-27T11:59:41.1969527Z ^[[36;1mpython -m pip install --upgrade pip^[[0m
dependency-test	Install Dependencies	2026-08-27T11:59:41.1971092Z ^[[36;1mpip install -r requirements.txt^[[0m
dependency-test	Install Dependencies	2026-08-27T11:59:41.2094434Z shell: /usr/bin/bash -e {0}
dependency-test	Install Dependencies	2026-08-27T11:59:41.2095623Z env:
dependency-test	Install Dependencies	2026-08-27T11:59:41.2096650Z   pythonLocation: /opt/hostedtoolcache/Python/3.11.16/x64
dependency-test	Install Dependencies	2026-08-27T11:59:41.2098617Z   PKG_CONFIG_PATH: /opt/hostedtoolcache/Python/3.11.16/x64/lib/pkgconfig
dependency-test	Install Dependencies	2026-08-27T11:59:41.2101078Z   Python_ROOT_DIR: /opt/hostedtoolcache/Python/3.11.16/x64
dependency-test	Install Dependencies	2026-08-27T11:59:41.2102884Z   Python2_ROOT_DIR: /opt/hostedtoolcache/Python/3.11.16/x64
dependency-test	Install Dependencies	2026-08-27T11:59:41.2104505Z   Python3_ROOT_DIR: /opt/hostedtoolcache/Python/3.11.16/x64
dependency-test	Install Dependencies	2026-08-27T11:59:41.2106425Z   LD_LIBRARY_PATH: /opt/hostedtoolcache/Python/3.11.16/x64/lib
dependency-test	Install Dependencies	2026-08-27T11:59:41.2108427Z ##[endgroup]
dependency-test	Install Dependencies	2026-08-27T11:59:43.6759574Z Requirement already satisfied: pip in /opt/hostedtoolcache/Python/3.11.16/x64/lib/python3.11/site-packages (26.2.1)
dependency-test	Install Dependencies	2026-08-27T11:59:44.9093497Z Collecting pytest (from -r requirements.txt (line 1))
dependency-test	Install Dependencies	2026-08-27T11:59:44.9851593Z   Downloading pytest-9.1.1-py3-none-any.whl.metadata (7.6 kB)
dependency-test	Install Dependencies	2026-08-27T11:59:45.0092967Z Collecting iniconfig>=1.0.1 (from pytest->-r requirements.txt (line 1))
dependency-test	Install Dependencies	2026-08-27T11:59:45.0231201Z   Downloading iniconfig-2.3.0-py3-none-any.whl.metadata (2.5 kB)
dependency-test	Install Dependencies	2026-08-27T11:59:45.0514420Z Collecting packaging>=22 (from pytest->-r requirements.txt (line 1))
dependency-test	Install Dependencies	2026-08-27T11:59:45.0657693Z   Downloading packaging-26.3-py3-none-any.whl.metadata (3.5 kB)
dependency-test	Install Dependencies	2026-08-27T11:59:45.0900719Z Collecting pluggy<2,>=1.5 (from pytest->-r requirements.txt (line 1))
dependency-test	Install Dependencies	2026-08-27T11:59:45.1041974Z   Downloading pluggy-1.6.0-py3-none-any.whl.metadata (4.8 kB)
dependency-test	Install Dependencies	2026-08-27T11:59:45.1368195Z Collecting pygments>=2.7.2 (from pytest->-r requirements.txt (line 1))
dependency-test	Install Dependencies	2026-08-27T11:59:45.1511143Z   Downloading pygments-2.21.0-py3-none-any.whl.metadata (2.5 kB)
dependency-test	Install Dependencies	2026-08-27T11:59:45.1696602Z Downloading pytest-9.1.1-py3-none-any.whl (386 kB)
dependency-test	Install Dependencies	2026-08-27T11:59:45.2282447Z Downloading pluggy-1.6.0-py3-none-any.whl (20 kB)
dependency-test	Install Dependencies	2026-08-27T11:59:45.2443731Z Downloading iniconfig-2.3.0-py3-none-any.whl (7.5 kB)
dependency-test	Install Dependencies	2026-08-27T11:59:45.2600579Z Downloading packaging-26.3-py3-none-any.whl (129 kB)
dependency-test	Install Dependencies	2026-08-27T11:59:45.2785850Z Downloading pygments-2.21.0-py3-none-any.whl (1.3 MB)
dependency-test	Install Dependencies	2026-08-27T11:59:45.3205616Z    ━━━━━━━━━━━━━━━━━━━━━━━━━━━━━━━━━━━━━━━━ 1.3/1.3 MB 35.8 MB/s  0:00:00
dependency-test	Install Dependencies	2026-08-27T11:59:45.3804587Z Installing collected packages: pygments, pluggy, packaging, iniconfig, pytest
dependency-test	Install Dependencies	2026-08-27T11:59:46.4125955Z 
dependency-test	Install Dependencies	2026-08-27T11:59:46.4136494Z Successfully installed iniconfig-2.3.0 packaging-26.3 pluggy-1.6.0 pygments-2.21.0 pytest-9.1.1
dependency-test	Check App Syntax	﻿2026-08-27T11:59:46.4767228Z ##[group]Run python -c "import app"
dependency-test	Check App Syntax	2026-08-27T11:59:46.4767632Z ^[[36;1mpython -c "import app"^[[0m
dependency-test	Check App Syntax	2026-08-27T11:59:46.4811600Z shell: /usr/bin/bash -e {0}
dependency-test	Check App Syntax	2026-08-27T11:59:46.4811886Z env:
dependency-test	Check App Syntax	2026-08-27T11:59:46.4812169Z   pythonLocation: /opt/hostedtoolcache/Python/3.11.16/x64
dependency-test	Check App Syntax	2026-08-27T11:59:46.4812613Z   PKG_CONFIG_PATH: /opt/hostedtoolcache/Python/3.11.16/x64/lib/pkgconfig
dependency-test	Check App Syntax	2026-08-27T11:59:46.4813045Z   Python_ROOT_DIR: /opt/hostedtoolcache/Python/3.11.16/x64
dependency-test	Check App Syntax	2026-08-27T11:59:46.4813442Z   Python2_ROOT_DIR: /opt/hostedtoolcache/Python/3.11.16/x64
dependency-test	Check App Syntax	2026-08-27T11:59:46.4813831Z   Python3_ROOT_DIR: /opt/hostedtoolcache/Python/3.11.16/x64
dependency-test	Check App Syntax	2026-08-27T11:59:46.4814266Z   LD_LIBRARY_PATH: /opt/hostedtoolcache/Python/3.11.16/x64/lib
dependency-test	Check App Syntax	2026-08-27T11:59:46.4814614Z ##[endgroup]
dependency-test	Check App Syntax	2026-08-27T11:59:46.4992885Z Traceback (most recent call last):
dependency-test	Check App Syntax	2026-08-27T11:59:46.4999032Z   File "<string>", line 1, in <module>
dependency-test	Check App Syntax	2026-08-27T11:59:46.5000122Z   File "/home/runner/work/dependency-error-repo/dependency-error-repo/app.py", line 5
dependency-test	Check App Syntax	2026-08-27T11:59:46.5000673Z     result = f"value: {}"
dependency-test	Check App Syntax	2026-08-27T11:59:46.5000945Z                          ^
dependency-test	Check App Syntax	2026-08-27T11:59:46.5001238Z SyntaxError: f-string: empty expression not allowed
dependency-test	Check App Syntax	2026-08-27T11:59:46.5031101Z ##[error]Process completed with exit code 1.
dependency-test	Post Checkout Repository	﻿2026-08-27T11:59:46.5186341Z Node 20 is being deprecated. This workflow is running with Node 24 by default. If you need to temporarily use Node 20, you can set the ACTIONS_ALLOW_USE_UNSECURE_NODE_VERSION=true environment variable. For more information see: https://github.blog/changelog/2025-09-19-deprecation-of-node-20-on-github-actions-runners/
dependency-test	Post Checkout Repository	2026-08-27T11:59:46.5187562Z Post job cleanup.
dependency-test	Post Checkout Repository	2026-08-27T11:59:46.6077762Z [command]/usr/bin/git version
dependency-test	Post Checkout Repository	2026-08-27T11:59:46.6123336Z git version 2.55.0
dependency-test	Post Checkout Repository	2026-08-27T11:59:46.6215219Z Temporarily overriding HOME='/home/runner/work/_temp/05db86f8-ab6a-4fa2-876e-516d4bf4534b' before making global git config changes
dependency-test	Post Checkout Repository	2026-08-27T11:59:46.6217375Z Adding repository directory to the temporary git global config as a safe directory
dependency-test	Post Checkout Repository	2026-08-27T11:59:46.6244250Z [command]/usr/bin/git config --global --add safe.directory /home/runner/work/dependency-error-repo/dependency-error-repo
dependency-test	Post Checkout Repository	2026-08-27T11:59:46.6246894Z [command]/usr/bin/git config --local --name-only --get-regexp core\.sshCommand
dependency-test	Post Checkout Repository	2026-08-27T11:59:46.6288765Z [command]/usr/bin/git submodule foreach --recursive sh -c "git config --local --name-only --get-regexp 'core\.sshCommand' && git config --local --unset-all 'core.sshCommand' || :"
dependency-test	Post Checkout Repository	2026-08-27T11:59:46.6653090Z [command]/usr/bin/git config --local --name-only --get-regexp http\.https\:\/\/github\.com\/\.extraheader
dependency-test	Post Checkout Repository	2026-08-27T11:59:46.6675840Z http.https://github.com/.extraheader
dependency-test	Post Checkout Repository	2026-08-27T11:59:46.6702044Z [command]/usr/bin/git config --local --unset-all http.https://github.com/.extraheader
dependency-test	Post Checkout Repository	2026-08-27T11:59:46.6761793Z [command]/usr/bin/git submodule foreach --recursive sh -c "git config --local --name-only --get-regexp 'http\.https\:\/\/github\.com\/\.extraheader' && git config --local --unset-all 'http.https://github.com/.extraheader' || :"
dependency-test	Post Checkout Repository	2026-08-27T11:59:46.7086055Z [command]/usr/bin/git config --local --name-only --get-regexp ^includeIf\.gitdir:
dependency-test	Post Checkout Repository	2026-08-27T11:59:46.7131673Z [command]/usr/bin/git submodule foreach --recursive git config --local --show-origin --name-only --get-regexp remote.origin.url
dependency-test	Complete job	﻿2026-08-27T11:59:46.7544485Z Cleaning up orphan processes
dependency-test	Complete job	2026-08-27T11:59:46.7843087Z ##[warning]Node.js 20 is deprecated. The following actions target Node.js 20 but are being forced to run on Node.js 24: actions/checkout@v4, actions/setup-python@v5. For more information see: https://github.blog/changelog/2025-09-19-deprecation-of-node-20-on-github-actions-runners/