dependency-test	Set up job	﻿2026-08-27T11:21:40.6614978Z Current runner version: '2.336.0'
dependency-test	Set up job	2026-08-27T11:21:40.6642479Z ##[group]Runner Image Provisioner
dependency-test	Set up job	2026-08-27T11:21:40.6643596Z Hosted Compute Agent
dependency-test	Set up job	2026-08-27T11:21:40.6644220Z Version: 20260819.586
dependency-test	Set up job	2026-08-27T11:21:40.6644941Z Commit: 3cc4a88dfa507ef76119ad1bb3eccc6378bb2b76
dependency-test	Set up job	2026-08-27T11:21:40.6645726Z Build Date: 2026-08-18T23:20:18Z
dependency-test	Set up job	2026-08-27T11:21:40.6646483Z Worker ID: {b40427d1-b8a6-4ee1-8311-1a1fbd123e56}
dependency-test	Set up job	2026-08-27T11:21:40.6647268Z Azure Region: eastus2
dependency-test	Set up job	2026-08-27T11:21:40.6647862Z ##[endgroup]
dependency-test	Set up job	2026-08-27T11:21:40.6649490Z ##[group]Operating System
dependency-test	Set up job	2026-08-27T11:21:40.6650158Z Ubuntu
dependency-test	Set up job	2026-08-27T11:21:40.6650799Z 24.04.4
dependency-test	Set up job	2026-08-27T11:21:40.6651398Z LTS
dependency-test	Set up job	2026-08-27T11:21:40.6651944Z ##[endgroup]
dependency-test	Set up job	2026-08-27T11:21:40.6652763Z ##[group]Runner Image
dependency-test	Set up job	2026-08-27T11:21:40.6653471Z Image: ubuntu-24.04
dependency-test	Set up job	2026-08-27T11:21:40.6654093Z Version: 20260823.283.1
dependency-test	Set up job	2026-08-27T11:21:40.6655226Z Included Software: https://github.com/actions/runner-images/blob/ubuntu24/20260823.283/images/ubuntu/Ubuntu2404-Readme.md
dependency-test	Set up job	2026-08-27T11:21:40.6657008Z Image Release: https://github.com/actions/runner-images/releases/tag/ubuntu24%2F20260823.283
dependency-test	Set up job	2026-08-27T11:21:40.6658082Z ##[endgroup]
dependency-test	Set up job	2026-08-27T11:21:40.6659335Z ##[group]GITHUB_TOKEN Permissions
dependency-test	Set up job	2026-08-27T11:21:40.6661721Z Contents: read
dependency-test	Set up job	2026-08-27T11:21:40.6662965Z Metadata: read
dependency-test	Set up job	2026-08-27T11:21:40.6663562Z Packages: read
dependency-test	Set up job	2026-08-27T11:21:40.6664166Z ##[endgroup]
dependency-test	Set up job	2026-08-27T11:21:40.6666438Z Secret source: Actions
dependency-test	Set up job	2026-08-27T11:21:40.6667803Z Prepare workflow directory
dependency-test	Set up job	2026-08-27T11:21:40.6994764Z Prepare all required actions
dependency-test	Set up job	2026-08-27T11:21:40.7042462Z Getting action download info
dependency-test	Set up job	2026-08-27T11:21:40.9217254Z Download action repository 'actions/checkout@v4' (SHA:11d5960a326750d5838078e36cf38b85af677262)
dependency-test	Set up job	2026-08-27T11:21:41.0451803Z Download action repository 'actions/setup-python@v5' (SHA:a26af69be951a213d495a4c3e4e4022e16d87065)
dependency-test	Set up job	2026-08-27T11:21:41.2312350Z Complete job name: dependency-test
dependency-test	Checkout Repository	﻿2026-08-27T11:21:41.3034040Z Node 20 is being deprecated. This workflow is running with Node 24 by default. If you need to temporarily use Node 20, you can set the ACTIONS_ALLOW_USE_UNSECURE_NODE_VERSION=true environment variable. For more information see: https://github.blog/changelog/2025-09-19-deprecation-of-node-20-on-github-actions-runners/
dependency-test	Checkout Repository	2026-08-27T11:21:41.3042982Z ##[group]Run actions/checkout@v4
dependency-test	Checkout Repository	2026-08-27T11:21:41.3043679Z with:
dependency-test	Checkout Repository	2026-08-27T11:21:41.3044164Z   repository: DhruvHegde/dependency-error-repo
dependency-test	Checkout Repository	2026-08-27T11:21:41.3048085Z   token: ***
dependency-test	Checkout Repository	2026-08-27T11:21:41.3048523Z   ssh-strict: true
dependency-test	Checkout Repository	2026-08-27T11:21:41.3048968Z   ssh-user: git
dependency-test	Checkout Repository	2026-08-27T11:21:41.3049425Z   persist-credentials: true
dependency-test	Checkout Repository	2026-08-27T11:21:41.3049912Z   clean: true
dependency-test	Checkout Repository	2026-08-27T11:21:41.3050352Z   sparse-checkout-cone-mode: true
dependency-test	Checkout Repository	2026-08-27T11:21:41.3050863Z   fetch-depth: 1
dependency-test	Checkout Repository	2026-08-27T11:21:41.3051283Z   fetch-tags: false
dependency-test	Checkout Repository	2026-08-27T11:21:41.3051723Z   show-progress: true
dependency-test	Checkout Repository	2026-08-27T11:21:41.3052163Z   lfs: false
dependency-test	Checkout Repository	2026-08-27T11:21:41.3052789Z   submodules: false
dependency-test	Checkout Repository	2026-08-27T11:21:41.3053290Z   set-safe-directory: true
dependency-test	Checkout Repository	2026-08-27T11:21:41.3053790Z   allow-unsafe-pr-checkout: false
dependency-test	Checkout Repository	2026-08-27T11:21:41.3054491Z ##[endgroup]
dependency-test	Checkout Repository	2026-08-27T11:21:41.4085020Z Syncing repository: DhruvHegde/dependency-error-repo
dependency-test	Checkout Repository	2026-08-27T11:21:41.4087633Z ##[group]Getting Git version info
dependency-test	Checkout Repository	2026-08-27T11:21:41.4088958Z Working directory is '/home/runner/work/dependency-error-repo/dependency-error-repo'
dependency-test	Checkout Repository	2026-08-27T11:21:41.4090804Z [command]/usr/bin/git version
dependency-test	Checkout Repository	2026-08-27T11:21:41.4091585Z git version 2.55.0
dependency-test	Checkout Repository	2026-08-27T11:21:41.4129423Z ##[endgroup]
dependency-test	Checkout Repository	2026-08-27T11:21:41.4144721Z Temporarily overriding HOME='/home/runner/work/_temp/317df2a4-8ccf-4988-aa0a-502484d1764a' before making global git config changes
dependency-test	Checkout Repository	2026-08-27T11:21:41.4147049Z Adding repository directory to the temporary git global config as a safe directory
dependency-test	Checkout Repository	2026-08-27T11:21:41.4149968Z [command]/usr/bin/git config --global --add safe.directory /home/runner/work/dependency-error-repo/dependency-error-repo
dependency-test	Checkout Repository	2026-08-27T11:21:41.4194632Z Deleting the contents of '/home/runner/work/dependency-error-repo/dependency-error-repo'
dependency-test	Checkout Repository	2026-08-27T11:21:41.4200369Z ##[group]Initializing the repository
dependency-test	Checkout Repository	2026-08-27T11:21:41.4205580Z [command]/usr/bin/git init /home/runner/work/dependency-error-repo/dependency-error-repo
dependency-test	Checkout Repository	2026-08-27T11:21:41.4279622Z hint: Using 'master' as the name for the initial branch. This default branch name
dependency-test	Checkout Repository	2026-08-27T11:21:41.4283363Z hint: will change to "main" in Git 3.0. To configure the initial branch name
dependency-test	Checkout Repository	2026-08-27T11:21:41.4284882Z hint: to use in all of your new repositories, which will suppress this warning,
dependency-test	Checkout Repository	2026-08-27T11:21:41.4286055Z hint: call:
dependency-test	Checkout Repository	2026-08-27T11:21:41.4286670Z hint:
dependency-test	Checkout Repository	2026-08-27T11:21:41.4287430Z hint: 	git config --global init.defaultBranch <name>
dependency-test	Checkout Repository	2026-08-27T11:21:41.4288383Z hint:
dependency-test	Checkout Repository	2026-08-27T11:21:41.4289269Z hint: Names commonly chosen instead of 'master' are 'main', 'trunk' and
dependency-test	Checkout Repository	2026-08-27T11:21:41.4290776Z hint: 'development'. The just-created branch can be renamed via this command:
dependency-test	Checkout Repository	2026-08-27T11:21:41.4292473Z hint:
dependency-test	Checkout Repository	2026-08-27T11:21:41.4293121Z hint: 	git branch -m <name>
dependency-test	Checkout Repository	2026-08-27T11:21:41.4293906Z hint:
dependency-test	Checkout Repository	2026-08-27T11:21:41.4294914Z hint: Disable this message with "git config set advice.defaultBranchName false"
dependency-test	Checkout Repository	2026-08-27T11:21:41.4296776Z Initialized empty Git repository in /home/runner/work/dependency-error-repo/dependency-error-repo/.git/
dependency-test	Checkout Repository	2026-08-27T11:21:41.4299645Z [command]/usr/bin/git remote add origin https://github.com/DhruvHegde/dependency-error-repo
dependency-test	Checkout Repository	2026-08-27T11:21:41.4335903Z ##[endgroup]
dependency-test	Checkout Repository	2026-08-27T11:21:41.4337078Z ##[group]Disabling automatic garbage collection
dependency-test	Checkout Repository	2026-08-27T11:21:41.4341414Z [command]/usr/bin/git config --local gc.auto 0
dependency-test	Checkout Repository	2026-08-27T11:21:41.4373468Z ##[endgroup]
dependency-test	Checkout Repository	2026-08-27T11:21:41.4374572Z ##[group]Setting up auth
dependency-test	Checkout Repository	2026-08-27T11:21:41.4381330Z [command]/usr/bin/git config --local --name-only --get-regexp core\.sshCommand
dependency-test	Checkout Repository	2026-08-27T11:21:41.4414374Z [command]/usr/bin/git submodule foreach --recursive sh -c "git config --local --name-only --get-regexp 'core\.sshCommand' && git config --local --unset-all 'core.sshCommand' || :"
dependency-test	Checkout Repository	2026-08-27T11:21:41.4768027Z [command]/usr/bin/git config --local --name-only --get-regexp http\.https\:\/\/github\.com\/\.extraheader
dependency-test	Checkout Repository	2026-08-27T11:21:41.4809872Z [command]/usr/bin/git submodule foreach --recursive sh -c "git config --local --name-only --get-regexp 'http\.https\:\/\/github\.com\/\.extraheader' && git config --local --unset-all 'http.https://github.com/.extraheader' || :"
dependency-test	Checkout Repository	2026-08-27T11:21:41.5069078Z [command]/usr/bin/git config --local --name-only --get-regexp ^includeIf\.gitdir:
dependency-test	Checkout Repository	2026-08-27T11:21:41.5107604Z [command]/usr/bin/git submodule foreach --recursive git config --local --show-origin --name-only --get-regexp remote.origin.url
dependency-test	Checkout Repository	2026-08-27T11:21:41.5347993Z [command]/usr/bin/git config --local http.https://github.com/.extraheader AUTHORIZATION: basic ***
dependency-test	Checkout Repository	2026-08-27T11:21:41.5388571Z ##[endgroup]
dependency-test	Checkout Repository	2026-08-27T11:21:41.5389776Z ##[group]Fetching the repository
dependency-test	Checkout Repository	2026-08-27T11:21:41.5399634Z [command]/usr/bin/git -c protocol.version=2 fetch --no-tags --prune --no-recurse-submodules --depth=1 origin +ebdb8bbfac2316e69e1fc86c35671e10581165ee:refs/remotes/origin/feature/syntax-errors
dependency-test	Checkout Repository	2026-08-27T11:21:41.8114013Z From https://github.com/DhruvHegde/dependency-error-repo
dependency-test	Checkout Repository	2026-08-27T11:21:41.8116003Z  * [new ref]         ebdb8bbfac2316e69e1fc86c35671e10581165ee -> origin/feature/syntax-errors
dependency-test	Checkout Repository	2026-08-27T11:21:41.8119983Z ##[endgroup]
dependency-test	Checkout Repository	2026-08-27T11:21:41.8121694Z ##[group]Determining the checkout info
dependency-test	Checkout Repository	2026-08-27T11:21:41.8123732Z ##[endgroup]
dependency-test	Checkout Repository	2026-08-27T11:21:41.8128668Z [command]/usr/bin/git sparse-checkout disable
dependency-test	Checkout Repository	2026-08-27T11:21:41.8178347Z [command]/usr/bin/git config --local --unset-all extensions.worktreeConfig
dependency-test	Checkout Repository	2026-08-27T11:21:41.8211971Z ##[group]Checking out the ref
dependency-test	Checkout Repository	2026-08-27T11:21:41.8216802Z [command]/usr/bin/git checkout --progress --force -B feature/syntax-errors refs/remotes/origin/feature/syntax-errors
dependency-test	Checkout Repository	2026-08-27T11:21:41.8396554Z Switched to a new branch 'feature/syntax-errors'
dependency-test	Checkout Repository	2026-08-27T11:21:41.8403207Z branch 'feature/syntax-errors' set up to track 'origin/feature/syntax-errors'.
dependency-test	Checkout Repository	2026-08-27T11:21:41.8408465Z ##[endgroup]
dependency-test	Checkout Repository	2026-08-27T11:21:41.8450592Z [command]/usr/bin/git log -1 --format=%H
dependency-test	Checkout Repository	2026-08-27T11:21:41.8479056Z ebdb8bbfac2316e69e1fc86c35671e10581165ee
dependency-test	Setup Python	﻿2026-08-27T11:21:41.8773534Z Node 20 is being deprecated. This workflow is running with Node 24 by default. If you need to temporarily use Node 20, you can set the ACTIONS_ALLOW_USE_UNSECURE_NODE_VERSION=true environment variable. For more information see: https://github.blog/changelog/2025-09-19-deprecation-of-node-20-on-github-actions-runners/
dependency-test	Setup Python	2026-08-27T11:21:41.8776457Z ##[group]Run actions/setup-python@v5
dependency-test	Setup Python	2026-08-27T11:21:41.8777050Z with:
dependency-test	Setup Python	2026-08-27T11:21:41.8777499Z   python-version: 3.11
dependency-test	Setup Python	2026-08-27T11:21:41.8778010Z   check-latest: false
dependency-test	Setup Python	2026-08-27T11:21:41.8782315Z   token: ***
dependency-test	Setup Python	2026-08-27T11:21:41.8782800Z   update-environment: true
dependency-test	Setup Python	2026-08-27T11:21:41.8783351Z   allow-prereleases: false
dependency-test	Setup Python	2026-08-27T11:21:41.8783876Z   freethreaded: false
dependency-test	Setup Python	2026-08-27T11:21:41.8784361Z ##[endgroup]
dependency-test	Setup Python	2026-08-27T11:21:42.0080263Z ##[group]Installed versions
dependency-test	Setup Python	2026-08-27T11:21:42.0170201Z (node:2267) [DEP0040] DeprecationWarning: The `punycode` module is deprecated. Please use a userland alternative instead.
dependency-test	Setup Python	2026-08-27T11:21:42.0172476Z (Use `node --trace-deprecation ...` to show where the warning was created)
dependency-test	Setup Python	2026-08-27T11:21:42.0173484Z Successfully set up CPython (3.11.16)
dependency-test	Setup Python	2026-08-27T11:21:42.0174622Z ##[endgroup]
dependency-test	Install Dependencies	﻿2026-08-27T11:21:42.0367989Z ##[group]Run python -m pip install --upgrade pip
dependency-test	Install Dependencies	2026-08-27T11:21:42.0369336Z ^[[36;1mpython -m pip install --upgrade pip^[[0m
dependency-test	Install Dependencies	2026-08-27T11:21:42.0370442Z ^[[36;1mpip install -r requirements.txt^[[0m
dependency-test	Install Dependencies	2026-08-27T11:21:42.0438591Z shell: /usr/bin/bash -e {0}
dependency-test	Install Dependencies	2026-08-27T11:21:42.0439494Z env:
dependency-test	Install Dependencies	2026-08-27T11:21:42.0440388Z   pythonLocation: /opt/hostedtoolcache/Python/3.11.16/x64
dependency-test	Install Dependencies	2026-08-27T11:21:42.0441921Z   PKG_CONFIG_PATH: /opt/hostedtoolcache/Python/3.11.16/x64/lib/pkgconfig
dependency-test	Install Dependencies	2026-08-27T11:21:42.0443725Z   Python_ROOT_DIR: /opt/hostedtoolcache/Python/3.11.16/x64
dependency-test	Install Dependencies	2026-08-27T11:21:42.0445099Z   Python2_ROOT_DIR: /opt/hostedtoolcache/Python/3.11.16/x64
dependency-test	Install Dependencies	2026-08-27T11:21:42.0446493Z   Python3_ROOT_DIR: /opt/hostedtoolcache/Python/3.11.16/x64
dependency-test	Install Dependencies	2026-08-27T11:21:42.0447873Z   LD_LIBRARY_PATH: /opt/hostedtoolcache/Python/3.11.16/x64/lib
dependency-test	Install Dependencies	2026-08-27T11:21:42.0449053Z ##[endgroup]
dependency-test	Install Dependencies	2026-08-27T11:21:42.5755687Z Requirement already satisfied: pip in /opt/hostedtoolcache/Python/3.11.16/x64/lib/python3.11/site-packages (26.2.1)
dependency-test	Install Dependencies	2026-08-27T11:21:43.1711867Z Collecting pytest (from -r requirements.txt (line 1))
dependency-test	Install Dependencies	2026-08-27T11:21:43.2416737Z   Downloading pytest-9.1.1-py3-none-any.whl.metadata (7.6 kB)
dependency-test	Install Dependencies	2026-08-27T11:21:43.2574009Z Collecting iniconfig>=1.0.1 (from pytest->-r requirements.txt (line 1))
dependency-test	Install Dependencies	2026-08-27T11:21:43.2648535Z   Downloading iniconfig-2.3.0-py3-none-any.whl.metadata (2.5 kB)
dependency-test	Install Dependencies	2026-08-27T11:21:43.2833994Z Collecting packaging>=22 (from pytest->-r requirements.txt (line 1))
dependency-test	Install Dependencies	2026-08-27T11:21:43.2907940Z   Downloading packaging-26.3-py3-none-any.whl.metadata (3.5 kB)
dependency-test	Install Dependencies	2026-08-27T11:21:43.3066340Z Collecting pluggy<2,>=1.5 (from pytest->-r requirements.txt (line 1))
dependency-test	Install Dependencies	2026-08-27T11:21:43.3142564Z   Downloading pluggy-1.6.0-py3-none-any.whl.metadata (4.8 kB)
dependency-test	Install Dependencies	2026-08-27T11:21:43.3355240Z Collecting pygments>=2.7.2 (from pytest->-r requirements.txt (line 1))
dependency-test	Install Dependencies	2026-08-27T11:21:43.3428642Z   Downloading pygments-2.21.0-py3-none-any.whl.metadata (2.5 kB)
dependency-test	Install Dependencies	2026-08-27T11:21:43.3542874Z Downloading pytest-9.1.1-py3-none-any.whl (386 kB)
dependency-test	Install Dependencies	2026-08-27T11:21:43.3890396Z Downloading pluggy-1.6.0-py3-none-any.whl (20 kB)
dependency-test	Install Dependencies	2026-08-27T11:21:43.3979382Z Downloading iniconfig-2.3.0-py3-none-any.whl (7.5 kB)
dependency-test	Install Dependencies	2026-08-27T11:21:43.4068060Z Downloading packaging-26.3-py3-none-any.whl (129 kB)
dependency-test	Install Dependencies	2026-08-27T11:21:43.4166132Z Downloading pygments-2.21.0-py3-none-any.whl (1.3 MB)
dependency-test	Install Dependencies	2026-08-27T11:21:43.4377503Z    ━━━━━━━━━━━━━━━━━━━━━━━━━━━━━━━━━━━━━━━━ 1.3/1.3 MB 72.4 MB/s  0:00:00
dependency-test	Install Dependencies	2026-08-27T11:21:43.4834673Z Installing collected packages: pygments, pluggy, packaging, iniconfig, pytest
dependency-test	Install Dependencies	2026-08-27T11:21:44.4569633Z 
dependency-test	Install Dependencies	2026-08-27T11:21:44.4579683Z Successfully installed iniconfig-2.3.0 packaging-26.3 pluggy-1.6.0 pygments-2.21.0 pytest-9.1.1
dependency-test	Check App Syntax	﻿2026-08-27T11:21:44.5159846Z ##[group]Run python -c "import app"
dependency-test	Check App Syntax	2026-08-27T11:21:44.5160228Z ^[[36;1mpython -c "import app"^[[0m
dependency-test	Check App Syntax	2026-08-27T11:21:44.5203211Z shell: /usr/bin/bash -e {0}
dependency-test	Check App Syntax	2026-08-27T11:21:44.5203489Z env:
dependency-test	Check App Syntax	2026-08-27T11:21:44.5203780Z   pythonLocation: /opt/hostedtoolcache/Python/3.11.16/x64
dependency-test	Check App Syntax	2026-08-27T11:21:44.5204232Z   PKG_CONFIG_PATH: /opt/hostedtoolcache/Python/3.11.16/x64/lib/pkgconfig
dependency-test	Check App Syntax	2026-08-27T11:21:44.5204673Z   Python_ROOT_DIR: /opt/hostedtoolcache/Python/3.11.16/x64
dependency-test	Check App Syntax	2026-08-27T11:21:44.5205064Z   Python2_ROOT_DIR: /opt/hostedtoolcache/Python/3.11.16/x64
dependency-test	Check App Syntax	2026-08-27T11:21:44.5205457Z   Python3_ROOT_DIR: /opt/hostedtoolcache/Python/3.11.16/x64
dependency-test	Check App Syntax	2026-08-27T11:21:44.5205842Z   LD_LIBRARY_PATH: /opt/hostedtoolcache/Python/3.11.16/x64/lib
dependency-test	Check App Syntax	2026-08-27T11:21:44.5206204Z ##[endgroup]
dependency-test	Check App Syntax	2026-08-27T11:21:44.5378595Z Traceback (most recent call last):
dependency-test	Check App Syntax	2026-08-27T11:21:44.5384105Z   File "<string>", line 1, in <module>
dependency-test	Check App Syntax	2026-08-27T11:21:44.5384771Z   File "/home/runner/work/dependency-error-repo/dependency-error-repo/app.py", line 5
dependency-test	Check App Syntax	2026-08-27T11:21:44.5385283Z     y = 2
dependency-test	Check App Syntax	2026-08-27T11:21:44.5385518Z IndentationError: unexpected indent
dependency-test	Check App Syntax	2026-08-27T11:21:44.5414936Z ##[error]Process completed with exit code 1.
dependency-test	Post Checkout Repository	﻿2026-08-27T11:21:44.5564453Z Node 20 is being deprecated. This workflow is running with Node 24 by default. If you need to temporarily use Node 20, you can set the ACTIONS_ALLOW_USE_UNSECURE_NODE_VERSION=true environment variable. For more information see: https://github.blog/changelog/2025-09-19-deprecation-of-node-20-on-github-actions-runners/
dependency-test	Post Checkout Repository	2026-08-27T11:21:44.5565658Z Post job cleanup.
dependency-test	Post Checkout Repository	2026-08-27T11:21:44.6411943Z [command]/usr/bin/git version
dependency-test	Post Checkout Repository	2026-08-27T11:21:44.6454367Z git version 2.55.0
dependency-test	Post Checkout Repository	2026-08-27T11:21:44.6493034Z Temporarily overriding HOME='/home/runner/work/_temp/9b6709e8-5f79-4087-94d6-4d3d815447e6' before making global git config changes
dependency-test	Post Checkout Repository	2026-08-27T11:21:44.6494733Z Adding repository directory to the temporary git global config as a safe directory
dependency-test	Post Checkout Repository	2026-08-27T11:21:44.6499654Z [command]/usr/bin/git config --global --add safe.directory /home/runner/work/dependency-error-repo/dependency-error-repo
dependency-test	Post Checkout Repository	2026-08-27T11:21:44.6539306Z [command]/usr/bin/git config --local --name-only --get-regexp core\.sshCommand
dependency-test	Post Checkout Repository	2026-08-27T11:21:44.6576508Z [command]/usr/bin/git submodule foreach --recursive sh -c "git config --local --name-only --get-regexp 'core\.sshCommand' && git config --local --unset-all 'core.sshCommand' || :"
dependency-test	Post Checkout Repository	2026-08-27T11:21:44.6858588Z [command]/usr/bin/git config --local --name-only --get-regexp http\.https\:\/\/github\.com\/\.extraheader
dependency-test	Post Checkout Repository	2026-08-27T11:21:44.6889771Z http.https://github.com/.extraheader
dependency-test	Post Checkout Repository	2026-08-27T11:21:44.6913137Z [command]/usr/bin/git config --local --unset-all http.https://github.com/.extraheader
dependency-test	Post Checkout Repository	2026-08-27T11:21:44.6940998Z [command]/usr/bin/git submodule foreach --recursive sh -c "git config --local --name-only --get-regexp 'http\.https\:\/\/github\.com\/\.extraheader' && git config --local --unset-all 'http.https://github.com/.extraheader' || :"
dependency-test	Post Checkout Repository	2026-08-27T11:21:44.7245060Z [command]/usr/bin/git config --local --name-only --get-regexp ^includeIf\.gitdir:
dependency-test	Post Checkout Repository	2026-08-27T11:21:44.7287052Z [command]/usr/bin/git submodule foreach --recursive git config --local --show-origin --name-only --get-regexp remote.origin.url
dependency-test	Complete job	﻿2026-08-27T11:21:44.7773280Z Cleaning up orphan processes
dependency-test	Complete job	2026-08-27T11:21:44.8048635Z ##[warning]Node.js 20 is deprecated. The following actions target Node.js 20 but are being forced to run on Node.js 24: actions/checkout@v4, actions/setup-python@v5. For more information see: https://github.blog/changelog/2025-09-19-deprecation-of-node-20-on-github-actions-runners/