dependency-test	Set up job	﻿2026-08-27T12:30:17.2715732Z Current runner version: '2.336.0'
dependency-test	Set up job	2026-08-27T12:30:17.2741940Z ##[group]Runner Image Provisioner
dependency-test	Set up job	2026-08-27T12:30:17.2742888Z Hosted Compute Agent
dependency-test	Set up job	2026-08-27T12:30:17.2743504Z Version: 20260819.586
dependency-test	Set up job	2026-08-27T12:30:17.2744220Z Commit: 3cc4a88dfa507ef76119ad1bb3eccc6378bb2b76
dependency-test	Set up job	2026-08-27T12:30:17.2744994Z Build Date: 2026-08-18T23:20:18Z
dependency-test	Set up job	2026-08-27T12:30:17.2745718Z Worker ID: {d6dc7976-1fc0-4e6f-8a3e-e94dcba8f631}
dependency-test	Set up job	2026-08-27T12:30:17.2746521Z Azure Region: westus2
dependency-test	Set up job	2026-08-27T12:30:17.2747154Z ##[endgroup]
dependency-test	Set up job	2026-08-27T12:30:17.2749002Z ##[group]Operating System
dependency-test	Set up job	2026-08-27T12:30:17.2749719Z Ubuntu
dependency-test	Set up job	2026-08-27T12:30:17.2750280Z 24.04.4
dependency-test	Set up job	2026-08-27T12:30:17.2750858Z LTS
dependency-test	Set up job	2026-08-27T12:30:17.2751379Z ##[endgroup]
dependency-test	Set up job	2026-08-27T12:30:17.2751964Z ##[group]Runner Image
dependency-test	Set up job	2026-08-27T12:30:17.2752605Z Image: ubuntu-24.04
dependency-test	Set up job	2026-08-27T12:30:17.2753218Z Version: 20260823.283.1
dependency-test	Set up job	2026-08-27T12:30:17.2754394Z Included Software: https://github.com/actions/runner-images/blob/ubuntu24/20260823.283/images/ubuntu/Ubuntu2404-Readme.md
dependency-test	Set up job	2026-08-27T12:30:17.2756185Z Image Release: https://github.com/actions/runner-images/releases/tag/ubuntu24%2F20260823.283
dependency-test	Set up job	2026-08-27T12:30:17.2757217Z ##[endgroup]
dependency-test	Set up job	2026-08-27T12:30:17.2758668Z ##[group]GITHUB_TOKEN Permissions
dependency-test	Set up job	2026-08-27T12:30:17.2760523Z Contents: read
dependency-test	Set up job	2026-08-27T12:30:17.2761167Z Metadata: read
dependency-test	Set up job	2026-08-27T12:30:17.2762272Z Packages: read
dependency-test	Set up job	2026-08-27T12:30:17.2762872Z ##[endgroup]
dependency-test	Set up job	2026-08-27T12:30:17.2764960Z Secret source: Actions
dependency-test	Set up job	2026-08-27T12:30:17.2766058Z Prepare workflow directory
dependency-test	Set up job	2026-08-27T12:30:17.3101543Z Prepare all required actions
dependency-test	Set up job	2026-08-27T12:30:17.3153581Z Getting action download info
dependency-test	Set up job	2026-08-27T12:30:17.6719700Z Download action repository 'actions/checkout@v4' (SHA:11d5960a326750d5838078e36cf38b85af677262)
dependency-test	Set up job	2026-08-27T12:30:17.8020840Z Download action repository 'actions/setup-python@v5' (SHA:a26af69be951a213d495a4c3e4e4022e16d87065)
dependency-test	Set up job	2026-08-27T12:30:17.9831005Z Complete job name: dependency-test
dependency-test	Checkout Repository	﻿2026-08-27T12:30:18.0602901Z Node 20 is being deprecated. This workflow is running with Node 24 by default. If you need to temporarily use Node 20, you can set the ACTIONS_ALLOW_USE_UNSECURE_NODE_VERSION=true environment variable. For more information see: https://github.blog/changelog/2025-09-19-deprecation-of-node-20-on-github-actions-runners/
dependency-test	Checkout Repository	2026-08-27T12:30:18.0612387Z ##[group]Run actions/checkout@v4
dependency-test	Checkout Repository	2026-08-27T12:30:18.0613157Z with:
dependency-test	Checkout Repository	2026-08-27T12:30:18.0613688Z   repository: DhruvHegde/dependency-error-repo
dependency-test	Checkout Repository	2026-08-27T12:30:18.0617813Z   token: ***
dependency-test	Checkout Repository	2026-08-27T12:30:18.0618482Z   ssh-strict: true
dependency-test	Checkout Repository	2026-08-27T12:30:18.0618943Z   ssh-user: git
dependency-test	Checkout Repository	2026-08-27T12:30:18.0619408Z   persist-credentials: true
dependency-test	Checkout Repository	2026-08-27T12:30:18.0619922Z   clean: true
dependency-test	Checkout Repository	2026-08-27T12:30:18.0620390Z   sparse-checkout-cone-mode: true
dependency-test	Checkout Repository	2026-08-27T12:30:18.0620932Z   fetch-depth: 1
dependency-test	Checkout Repository	2026-08-27T12:30:18.0621370Z   fetch-tags: false
dependency-test	Checkout Repository	2026-08-27T12:30:18.0621822Z   show-progress: true
dependency-test	Checkout Repository	2026-08-27T12:30:18.0622276Z   lfs: false
dependency-test	Checkout Repository	2026-08-27T12:30:18.0622701Z   submodules: false
dependency-test	Checkout Repository	2026-08-27T12:30:18.0623214Z   set-safe-directory: true
dependency-test	Checkout Repository	2026-08-27T12:30:18.0623742Z   allow-unsafe-pr-checkout: false
dependency-test	Checkout Repository	2026-08-27T12:30:18.0624543Z ##[endgroup]
dependency-test	Checkout Repository	2026-08-27T12:30:18.1604461Z Syncing repository: DhruvHegde/dependency-error-repo
dependency-test	Checkout Repository	2026-08-27T12:30:18.1607361Z ##[group]Getting Git version info
dependency-test	Checkout Repository	2026-08-27T12:30:18.1609008Z Working directory is '/home/runner/work/dependency-error-repo/dependency-error-repo'
dependency-test	Checkout Repository	2026-08-27T12:30:18.1610893Z [command]/usr/bin/git version
dependency-test	Checkout Repository	2026-08-27T12:30:18.1733429Z git version 2.55.0
dependency-test	Checkout Repository	2026-08-27T12:30:18.1759881Z ##[endgroup]
dependency-test	Checkout Repository	2026-08-27T12:30:18.1778366Z Temporarily overriding HOME='/home/runner/work/_temp/d72f90b3-8ff3-4fd6-94b1-57ac8f9171e0' before making global git config changes
dependency-test	Checkout Repository	2026-08-27T12:30:18.1780713Z Adding repository directory to the temporary git global config as a safe directory
dependency-test	Checkout Repository	2026-08-27T12:30:18.1783994Z [command]/usr/bin/git config --global --add safe.directory /home/runner/work/dependency-error-repo/dependency-error-repo
dependency-test	Checkout Repository	2026-08-27T12:30:18.1844159Z Deleting the contents of '/home/runner/work/dependency-error-repo/dependency-error-repo'
dependency-test	Checkout Repository	2026-08-27T12:30:18.1848537Z ##[group]Initializing the repository
dependency-test	Checkout Repository	2026-08-27T12:30:18.1854096Z [command]/usr/bin/git init /home/runner/work/dependency-error-repo/dependency-error-repo
dependency-test	Checkout Repository	2026-08-27T12:30:18.1989481Z hint: Using 'master' as the name for the initial branch. This default branch name
dependency-test	Checkout Repository	2026-08-27T12:30:18.1991440Z hint: will change to "main" in Git 3.0. To configure the initial branch name
dependency-test	Checkout Repository	2026-08-27T12:30:18.1993088Z hint: to use in all of your new repositories, which will suppress this warning,
dependency-test	Checkout Repository	2026-08-27T12:30:18.1994440Z hint: call:
dependency-test	Checkout Repository	2026-08-27T12:30:18.1995329Z hint:
dependency-test	Checkout Repository	2026-08-27T12:30:18.1996184Z hint: 	git config --global init.defaultBranch <name>
dependency-test	Checkout Repository	2026-08-27T12:30:18.1997268Z hint:
dependency-test	Checkout Repository	2026-08-27T12:30:18.1998757Z hint: Names commonly chosen instead of 'master' are 'main', 'trunk' and
dependency-test	Checkout Repository	2026-08-27T12:30:18.2000442Z hint: 'development'. The just-created branch can be renamed via this command:
dependency-test	Checkout Repository	2026-08-27T12:30:18.2001680Z hint:
dependency-test	Checkout Repository	2026-08-27T12:30:18.2002318Z hint: 	git branch -m <name>
dependency-test	Checkout Repository	2026-08-27T12:30:18.2003076Z hint:
dependency-test	Checkout Repository	2026-08-27T12:30:18.2004172Z hint: Disable this message with "git config set advice.defaultBranchName false"
dependency-test	Checkout Repository	2026-08-27T12:30:18.2006131Z Initialized empty Git repository in /home/runner/work/dependency-error-repo/dependency-error-repo/.git/
dependency-test	Checkout Repository	2026-08-27T12:30:18.2009754Z [command]/usr/bin/git remote add origin https://github.com/DhruvHegde/dependency-error-repo
dependency-test	Checkout Repository	2026-08-27T12:30:18.2090166Z ##[endgroup]
dependency-test	Checkout Repository	2026-08-27T12:30:18.2091801Z ##[group]Disabling automatic garbage collection
dependency-test	Checkout Repository	2026-08-27T12:30:18.2094953Z [command]/usr/bin/git config --local gc.auto 0
dependency-test	Checkout Repository	2026-08-27T12:30:18.2133376Z ##[endgroup]
dependency-test	Checkout Repository	2026-08-27T12:30:18.2134501Z ##[group]Setting up auth
dependency-test	Checkout Repository	2026-08-27T12:30:18.2140485Z [command]/usr/bin/git config --local --name-only --get-regexp core\.sshCommand
dependency-test	Checkout Repository	2026-08-27T12:30:18.2174477Z [command]/usr/bin/git submodule foreach --recursive sh -c "git config --local --name-only --get-regexp 'core\.sshCommand' && git config --local --unset-all 'core.sshCommand' || :"
dependency-test	Checkout Repository	2026-08-27T12:30:18.2587951Z [command]/usr/bin/git config --local --name-only --get-regexp http\.https\:\/\/github\.com\/\.extraheader
dependency-test	Checkout Repository	2026-08-27T12:30:18.2624970Z [command]/usr/bin/git submodule foreach --recursive sh -c "git config --local --name-only --get-regexp 'http\.https\:\/\/github\.com\/\.extraheader' && git config --local --unset-all 'http.https://github.com/.extraheader' || :"
dependency-test	Checkout Repository	2026-08-27T12:30:18.2849376Z [command]/usr/bin/git config --local --name-only --get-regexp ^includeIf\.gitdir:
dependency-test	Checkout Repository	2026-08-27T12:30:18.2883726Z [command]/usr/bin/git submodule foreach --recursive git config --local --show-origin --name-only --get-regexp remote.origin.url
dependency-test	Checkout Repository	2026-08-27T12:30:18.3109138Z [command]/usr/bin/git config --local http.https://github.com/.extraheader AUTHORIZATION: basic ***
dependency-test	Checkout Repository	2026-08-27T12:30:18.3147114Z ##[endgroup]
dependency-test	Checkout Repository	2026-08-27T12:30:18.3147968Z ##[group]Fetching the repository
dependency-test	Checkout Repository	2026-08-27T12:30:18.3157210Z [command]/usr/bin/git -c protocol.version=2 fetch --no-tags --prune --no-recurse-submodules --depth=1 origin +ca3572437ca5429a2b17a447527036170c9dd56e:refs/remotes/origin/feature/syntax-errors
dependency-test	Checkout Repository	2026-08-27T12:30:18.7394743Z From https://github.com/DhruvHegde/dependency-error-repo
dependency-test	Checkout Repository	2026-08-27T12:30:18.7396067Z  * [new ref]         ca3572437ca5429a2b17a447527036170c9dd56e -> origin/feature/syntax-errors
dependency-test	Checkout Repository	2026-08-27T12:30:18.7400431Z ##[endgroup]
dependency-test	Checkout Repository	2026-08-27T12:30:18.7401427Z ##[group]Determining the checkout info
dependency-test	Checkout Repository	2026-08-27T12:30:18.7404037Z ##[endgroup]
dependency-test	Checkout Repository	2026-08-27T12:30:18.7409863Z [command]/usr/bin/git sparse-checkout disable
dependency-test	Checkout Repository	2026-08-27T12:30:18.7474021Z [command]/usr/bin/git config --local --unset-all extensions.worktreeConfig
dependency-test	Checkout Repository	2026-08-27T12:30:18.7510490Z ##[group]Checking out the ref
dependency-test	Checkout Repository	2026-08-27T12:30:18.7513388Z [command]/usr/bin/git checkout --progress --force -B feature/syntax-errors refs/remotes/origin/feature/syntax-errors
dependency-test	Checkout Repository	2026-08-27T12:30:18.7697654Z Switched to a new branch 'feature/syntax-errors'
dependency-test	Checkout Repository	2026-08-27T12:30:18.7702871Z branch 'feature/syntax-errors' set up to track 'origin/feature/syntax-errors'.
dependency-test	Checkout Repository	2026-08-27T12:30:18.7708920Z ##[endgroup]
dependency-test	Checkout Repository	2026-08-27T12:30:18.7752142Z [command]/usr/bin/git log -1 --format=%H
dependency-test	Checkout Repository	2026-08-27T12:30:18.7778895Z ca3572437ca5429a2b17a447527036170c9dd56e
dependency-test	Setup Python	﻿2026-08-27T12:30:18.8075375Z Node 20 is being deprecated. This workflow is running with Node 24 by default. If you need to temporarily use Node 20, you can set the ACTIONS_ALLOW_USE_UNSECURE_NODE_VERSION=true environment variable. For more information see: https://github.blog/changelog/2025-09-19-deprecation-of-node-20-on-github-actions-runners/
dependency-test	Setup Python	2026-08-27T12:30:18.8078476Z ##[group]Run actions/setup-python@v5
dependency-test	Setup Python	2026-08-27T12:30:18.8079102Z with:
dependency-test	Setup Python	2026-08-27T12:30:18.8079575Z   python-version: 3.11
dependency-test	Setup Python	2026-08-27T12:30:18.8080100Z   check-latest: false
dependency-test	Setup Python	2026-08-27T12:30:18.8084102Z   token: ***
dependency-test	Setup Python	2026-08-27T12:30:18.8084593Z   update-environment: true
dependency-test	Setup Python	2026-08-27T12:30:18.8085149Z   allow-prereleases: false
dependency-test	Setup Python	2026-08-27T12:30:18.8085676Z   freethreaded: false
dependency-test	Setup Python	2026-08-27T12:30:18.8086173Z ##[endgroup]
dependency-test	Setup Python	2026-08-27T12:30:18.9473054Z ##[group]Installed versions
dependency-test	Setup Python	2026-08-27T12:30:18.9563318Z (node:2229) [DEP0040] DeprecationWarning: The `punycode` module is deprecated. Please use a userland alternative instead.
dependency-test	Setup Python	2026-08-27T12:30:18.9565168Z (Use `node --trace-deprecation ...` to show where the warning was created)
dependency-test	Setup Python	2026-08-27T12:30:18.9566707Z Successfully set up CPython (3.11.16)
dependency-test	Setup Python	2026-08-27T12:30:18.9568468Z ##[endgroup]
dependency-test	Install Dependencies	﻿2026-08-27T12:30:18.9735932Z ##[group]Run python -m pip install --upgrade pip
dependency-test	Install Dependencies	2026-08-27T12:30:18.9736863Z ^[[36;1mpython -m pip install --upgrade pip^[[0m
dependency-test	Install Dependencies	2026-08-27T12:30:18.9737572Z ^[[36;1mpip install -r requirements.txt^[[0m
dependency-test	Install Dependencies	2026-08-27T12:30:18.9792089Z shell: /usr/bin/bash -e {0}
dependency-test	Install Dependencies	2026-08-27T12:30:18.9792710Z env:
dependency-test	Install Dependencies	2026-08-27T12:30:18.9793296Z   pythonLocation: /opt/hostedtoolcache/Python/3.11.16/x64
dependency-test	Install Dependencies	2026-08-27T12:30:18.9794190Z   PKG_CONFIG_PATH: /opt/hostedtoolcache/Python/3.11.16/x64/lib/pkgconfig
dependency-test	Install Dependencies	2026-08-27T12:30:18.9795080Z   Python_ROOT_DIR: /opt/hostedtoolcache/Python/3.11.16/x64
dependency-test	Install Dependencies	2026-08-27T12:30:18.9795889Z   Python2_ROOT_DIR: /opt/hostedtoolcache/Python/3.11.16/x64
dependency-test	Install Dependencies	2026-08-27T12:30:18.9796725Z   Python3_ROOT_DIR: /opt/hostedtoolcache/Python/3.11.16/x64
dependency-test	Install Dependencies	2026-08-27T12:30:18.9797700Z   LD_LIBRARY_PATH: /opt/hostedtoolcache/Python/3.11.16/x64/lib
dependency-test	Install Dependencies	2026-08-27T12:30:18.9800098Z ##[endgroup]
dependency-test	Install Dependencies	2026-08-27T12:30:20.0593479Z Requirement already satisfied: pip in /opt/hostedtoolcache/Python/3.11.16/x64/lib/python3.11/site-packages (26.2.1)
dependency-test	Install Dependencies	2026-08-27T12:30:20.7664433Z Collecting pytest (from -r requirements.txt (line 1))
dependency-test	Install Dependencies	2026-08-27T12:30:20.8242476Z   Downloading pytest-9.1.1-py3-none-any.whl.metadata (7.6 kB)
dependency-test	Install Dependencies	2026-08-27T12:30:20.8410994Z Collecting iniconfig>=1.0.1 (from pytest->-r requirements.txt (line 1))
dependency-test	Install Dependencies	2026-08-27T12:30:20.8489763Z   Downloading iniconfig-2.3.0-py3-none-any.whl.metadata (2.5 kB)
dependency-test	Install Dependencies	2026-08-27T12:30:20.8676900Z Collecting packaging>=22 (from pytest->-r requirements.txt (line 1))
dependency-test	Install Dependencies	2026-08-27T12:30:20.8746952Z   Downloading packaging-26.3-py3-none-any.whl.metadata (3.5 kB)
dependency-test	Install Dependencies	2026-08-27T12:30:20.8910972Z Collecting pluggy<2,>=1.5 (from pytest->-r requirements.txt (line 1))
dependency-test	Install Dependencies	2026-08-27T12:30:20.8981930Z   Downloading pluggy-1.6.0-py3-none-any.whl.metadata (4.8 kB)
dependency-test	Install Dependencies	2026-08-27T12:30:20.9209717Z Collecting pygments>=2.7.2 (from pytest->-r requirements.txt (line 1))
dependency-test	Install Dependencies	2026-08-27T12:30:20.9281630Z   Downloading pygments-2.21.0-py3-none-any.whl.metadata (2.5 kB)
dependency-test	Install Dependencies	2026-08-27T12:30:20.9417191Z Downloading pytest-9.1.1-py3-none-any.whl (386 kB)
dependency-test	Install Dependencies	2026-08-27T12:30:20.9758894Z Downloading pluggy-1.6.0-py3-none-any.whl (20 kB)
dependency-test	Install Dependencies	2026-08-27T12:30:20.9862047Z Downloading iniconfig-2.3.0-py3-none-any.whl (7.5 kB)
dependency-test	Install Dependencies	2026-08-27T12:30:20.9954095Z Downloading packaging-26.3-py3-none-any.whl (129 kB)
dependency-test	Install Dependencies	2026-08-27T12:30:21.0052733Z Downloading pygments-2.21.0-py3-none-any.whl (1.3 MB)
dependency-test	Install Dependencies	2026-08-27T12:30:21.0262904Z    ━━━━━━━━━━━━━━━━━━━━━━━━━━━━━━━━━━━━━━━━ 1.3/1.3 MB 73.3 MB/s  0:00:00
dependency-test	Install Dependencies	2026-08-27T12:30:21.0733249Z Installing collected packages: pygments, pluggy, packaging, iniconfig, pytest
dependency-test	Install Dependencies	2026-08-27T12:30:22.0326696Z 
dependency-test	Install Dependencies	2026-08-27T12:30:22.0337346Z Successfully installed iniconfig-2.3.0 packaging-26.3 pluggy-1.6.0 pygments-2.21.0 pytest-9.1.1
dependency-test	Check App Syntax	﻿2026-08-27T12:30:22.0844710Z ##[group]Run python -c "import app"
dependency-test	Check App Syntax	2026-08-27T12:30:22.0845082Z ^[[36;1mpython -c "import app"^[[0m
dependency-test	Check App Syntax	2026-08-27T12:30:22.0884193Z shell: /usr/bin/bash -e {0}
dependency-test	Check App Syntax	2026-08-27T12:30:22.0884470Z env:
dependency-test	Check App Syntax	2026-08-27T12:30:22.0884745Z   pythonLocation: /opt/hostedtoolcache/Python/3.11.16/x64
dependency-test	Check App Syntax	2026-08-27T12:30:22.0885199Z   PKG_CONFIG_PATH: /opt/hostedtoolcache/Python/3.11.16/x64/lib/pkgconfig
dependency-test	Check App Syntax	2026-08-27T12:30:22.0885649Z   Python_ROOT_DIR: /opt/hostedtoolcache/Python/3.11.16/x64
dependency-test	Check App Syntax	2026-08-27T12:30:22.0886063Z   Python2_ROOT_DIR: /opt/hostedtoolcache/Python/3.11.16/x64
dependency-test	Check App Syntax	2026-08-27T12:30:22.0886462Z   Python3_ROOT_DIR: /opt/hostedtoolcache/Python/3.11.16/x64
dependency-test	Check App Syntax	2026-08-27T12:30:22.0886885Z   LD_LIBRARY_PATH: /opt/hostedtoolcache/Python/3.11.16/x64/lib
dependency-test	Check App Syntax	2026-08-27T12:30:22.0887219Z ##[endgroup]
dependency-test	Check App Syntax	2026-08-27T12:30:22.1043680Z Traceback (most recent call last):
dependency-test	Check App Syntax	2026-08-27T12:30:22.1049393Z   File "<string>", line 1, in <module>
dependency-test	Check App Syntax	2026-08-27T12:30:22.1050154Z   File "/home/runner/work/dependency-error-repo/dependency-error-repo/app.py", line 1
dependency-test	Check App Syntax	2026-08-27T12:30:22.1050709Z     class Empty:
dependency-test	Check App Syntax	2026-08-27T12:30:22.1050944Z                 ^
dependency-test	Check App Syntax	2026-08-27T12:30:22.1051335Z IndentationError: expected an indented block after class definition on line 1
dependency-test	Check App Syntax	2026-08-27T12:30:22.1077611Z ##[error]Process completed with exit code 1.
dependency-test	Post Checkout Repository	﻿2026-08-27T12:30:22.1234218Z Node 20 is being deprecated. This workflow is running with Node 24 by default. If you need to temporarily use Node 20, you can set the ACTIONS_ALLOW_USE_UNSECURE_NODE_VERSION=true environment variable. For more information see: https://github.blog/changelog/2025-09-19-deprecation-of-node-20-on-github-actions-runners/
dependency-test	Post Checkout Repository	2026-08-27T12:30:22.1235520Z Post job cleanup.
dependency-test	Post Checkout Repository	2026-08-27T12:30:22.2080074Z [command]/usr/bin/git version
dependency-test	Post Checkout Repository	2026-08-27T12:30:22.2125008Z git version 2.55.0
dependency-test	Post Checkout Repository	2026-08-27T12:30:22.2169458Z Temporarily overriding HOME='/home/runner/work/_temp/d59a7f00-f8e3-4f03-ada0-42cbc90b0e9b' before making global git config changes
dependency-test	Post Checkout Repository	2026-08-27T12:30:22.2173153Z Adding repository directory to the temporary git global config as a safe directory
dependency-test	Post Checkout Repository	2026-08-27T12:30:22.2176625Z [command]/usr/bin/git config --global --add safe.directory /home/runner/work/dependency-error-repo/dependency-error-repo
dependency-test	Post Checkout Repository	2026-08-27T12:30:22.2216626Z [command]/usr/bin/git config --local --name-only --get-regexp core\.sshCommand
dependency-test	Post Checkout Repository	2026-08-27T12:30:22.2281371Z [command]/usr/bin/git submodule foreach --recursive sh -c "git config --local --name-only --get-regexp 'core\.sshCommand' && git config --local --unset-all 'core.sshCommand' || :"
dependency-test	Post Checkout Repository	2026-08-27T12:30:22.2543551Z [command]/usr/bin/git config --local --name-only --get-regexp http\.https\:\/\/github\.com\/\.extraheader
dependency-test	Post Checkout Repository	2026-08-27T12:30:22.2572697Z http.https://github.com/.extraheader
dependency-test	Post Checkout Repository	2026-08-27T12:30:22.2585390Z [command]/usr/bin/git config --local --unset-all http.https://github.com/.extraheader
dependency-test	Post Checkout Repository	2026-08-27T12:30:22.2632423Z [command]/usr/bin/git submodule foreach --recursive sh -c "git config --local --name-only --get-regexp 'http\.https\:\/\/github\.com\/\.extraheader' && git config --local --unset-all 'http.https://github.com/.extraheader' || :"
dependency-test	Post Checkout Repository	2026-08-27T12:30:22.2892199Z [command]/usr/bin/git config --local --name-only --get-regexp ^includeIf\.gitdir:
dependency-test	Post Checkout Repository	2026-08-27T12:30:22.2936574Z [command]/usr/bin/git submodule foreach --recursive git config --local --show-origin --name-only --get-regexp remote.origin.url
dependency-test	Complete job	﻿2026-08-27T12:30:22.3307210Z Cleaning up orphan processes
dependency-test	Complete job	2026-08-27T12:30:22.3606673Z ##[warning]Node.js 20 is deprecated. The following actions target Node.js 20 but are being forced to run on Node.js 24: actions/checkout@v4, actions/setup-python@v5. For more information see: https://github.blog/changelog/2025-09-19-deprecation-of-node-20-on-github-actions-runners/