dependency-test	Set up job	﻿2026-08-27T12:12:27.3137162Z Current runner version: '2.336.0'
dependency-test	Set up job	2026-08-27T12:12:27.3162844Z ##[group]Runner Image Provisioner
dependency-test	Set up job	2026-08-27T12:12:27.3163789Z Hosted Compute Agent
dependency-test	Set up job	2026-08-27T12:12:27.3164445Z Version: 20260819.586
dependency-test	Set up job	2026-08-27T12:12:27.3165456Z Commit: 3cc4a88dfa507ef76119ad1bb3eccc6378bb2b76
dependency-test	Set up job	2026-08-27T12:12:27.3166462Z Build Date: 2026-08-18T23:20:18Z
dependency-test	Set up job	2026-08-27T12:12:27.3167192Z Worker ID: {87b1af8a-23d5-4040-8ee4-8768a38a6bb7}
dependency-test	Set up job	2026-08-27T12:12:27.3168044Z Azure Region: northcentralus
dependency-test	Set up job	2026-08-27T12:12:27.3168738Z ##[endgroup]
dependency-test	Set up job	2026-08-27T12:12:27.3170277Z ##[group]Operating System
dependency-test	Set up job	2026-08-27T12:12:27.3171063Z Ubuntu
dependency-test	Set up job	2026-08-27T12:12:27.3171618Z 24.04.4
dependency-test	Set up job	2026-08-27T12:12:27.3172150Z LTS
dependency-test	Set up job	2026-08-27T12:12:27.3172769Z ##[endgroup]
dependency-test	Set up job	2026-08-27T12:12:27.3173363Z ##[group]Runner Image
dependency-test	Set up job	2026-08-27T12:12:27.3174120Z Image: ubuntu-24.04
dependency-test	Set up job	2026-08-27T12:12:27.3174729Z Version: 20260823.283.1
dependency-test	Set up job	2026-08-27T12:12:27.3176116Z Included Software: https://github.com/actions/runner-images/blob/ubuntu24/20260823.283/images/ubuntu/Ubuntu2404-Readme.md
dependency-test	Set up job	2026-08-27T12:12:27.3178040Z Image Release: https://github.com/actions/runner-images/releases/tag/ubuntu24%2F20260823.283
dependency-test	Set up job	2026-08-27T12:12:27.3179091Z ##[endgroup]
dependency-test	Set up job	2026-08-27T12:12:27.3180313Z ##[group]GITHUB_TOKEN Permissions
dependency-test	Set up job	2026-08-27T12:12:27.3182313Z Contents: read
dependency-test	Set up job	2026-08-27T12:12:27.3182966Z Metadata: read
dependency-test	Set up job	2026-08-27T12:12:27.3184071Z Packages: read
dependency-test	Set up job	2026-08-27T12:12:27.3184663Z ##[endgroup]
dependency-test	Set up job	2026-08-27T12:12:27.3187156Z Secret source: Actions
dependency-test	Set up job	2026-08-27T12:12:27.3188298Z Prepare workflow directory
dependency-test	Set up job	2026-08-27T12:12:27.3646770Z Prepare all required actions
dependency-test	Set up job	2026-08-27T12:12:27.3718430Z Getting action download info
dependency-test	Set up job	2026-08-27T12:12:27.5999474Z Download action repository 'actions/checkout@v4' (SHA:11d5960a326750d5838078e36cf38b85af677262)
dependency-test	Set up job	2026-08-27T12:12:27.7518048Z Download action repository 'actions/setup-python@v5' (SHA:a26af69be951a213d495a4c3e4e4022e16d87065)
dependency-test	Set up job	2026-08-27T12:12:28.0320019Z Complete job name: dependency-test
dependency-test	Checkout Repository	﻿2026-08-27T12:12:28.1096394Z Node 20 is being deprecated. This workflow is running with Node 24 by default. If you need to temporarily use Node 20, you can set the ACTIONS_ALLOW_USE_UNSECURE_NODE_VERSION=true environment variable. For more information see: https://github.blog/changelog/2025-09-19-deprecation-of-node-20-on-github-actions-runners/
dependency-test	Checkout Repository	2026-08-27T12:12:28.1105731Z ##[group]Run actions/checkout@v4
dependency-test	Checkout Repository	2026-08-27T12:12:28.1106545Z with:
dependency-test	Checkout Repository	2026-08-27T12:12:28.1107092Z   repository: DhruvHegde/dependency-error-repo
dependency-test	Checkout Repository	2026-08-27T12:12:28.1111262Z   token: ***
dependency-test	Checkout Repository	2026-08-27T12:12:28.1111717Z   ssh-strict: true
dependency-test	Checkout Repository	2026-08-27T12:12:28.1112185Z   ssh-user: git
dependency-test	Checkout Repository	2026-08-27T12:12:28.1112666Z   persist-credentials: true
dependency-test	Checkout Repository	2026-08-27T12:12:28.1113186Z   clean: true
dependency-test	Checkout Repository	2026-08-27T12:12:28.1113663Z   sparse-checkout-cone-mode: true
dependency-test	Checkout Repository	2026-08-27T12:12:28.1114228Z   fetch-depth: 1
dependency-test	Checkout Repository	2026-08-27T12:12:28.1114688Z   fetch-tags: false
dependency-test	Checkout Repository	2026-08-27T12:12:28.1115514Z   show-progress: true
dependency-test	Checkout Repository	2026-08-27T12:12:28.1116022Z   lfs: false
dependency-test	Checkout Repository	2026-08-27T12:12:28.1116472Z   submodules: false
dependency-test	Checkout Repository	2026-08-27T12:12:28.1117027Z   set-safe-directory: true
dependency-test	Checkout Repository	2026-08-27T12:12:28.1117580Z   allow-unsafe-pr-checkout: false
dependency-test	Checkout Repository	2026-08-27T12:12:28.1118435Z ##[endgroup]
dependency-test	Checkout Repository	2026-08-27T12:12:28.2141208Z Syncing repository: DhruvHegde/dependency-error-repo
dependency-test	Checkout Repository	2026-08-27T12:12:28.2143213Z ##[group]Getting Git version info
dependency-test	Checkout Repository	2026-08-27T12:12:28.2144135Z Working directory is '/home/runner/work/dependency-error-repo/dependency-error-repo'
dependency-test	Checkout Repository	2026-08-27T12:12:28.2145735Z [command]/usr/bin/git version
dependency-test	Checkout Repository	2026-08-27T12:12:28.2247806Z git version 2.55.0
dependency-test	Checkout Repository	2026-08-27T12:12:28.2259336Z ##[endgroup]
dependency-test	Checkout Repository	2026-08-27T12:12:28.2277335Z Temporarily overriding HOME='/home/runner/work/_temp/d100b729-afea-486b-b801-a4190093e9eb' before making global git config changes
dependency-test	Checkout Repository	2026-08-27T12:12:28.2280484Z Adding repository directory to the temporary git global config as a safe directory
dependency-test	Checkout Repository	2026-08-27T12:12:28.2286338Z [command]/usr/bin/git config --global --add safe.directory /home/runner/work/dependency-error-repo/dependency-error-repo
dependency-test	Checkout Repository	2026-08-27T12:12:28.2348508Z Deleting the contents of '/home/runner/work/dependency-error-repo/dependency-error-repo'
dependency-test	Checkout Repository	2026-08-27T12:12:28.2352725Z ##[group]Initializing the repository
dependency-test	Checkout Repository	2026-08-27T12:12:28.2358722Z [command]/usr/bin/git init /home/runner/work/dependency-error-repo/dependency-error-repo
dependency-test	Checkout Repository	2026-08-27T12:12:28.2484119Z hint: Using 'master' as the name for the initial branch. This default branch name
dependency-test	Checkout Repository	2026-08-27T12:12:28.2486438Z hint: will change to "main" in Git 3.0. To configure the initial branch name
dependency-test	Checkout Repository	2026-08-27T12:12:28.2487962Z hint: to use in all of your new repositories, which will suppress this warning,
dependency-test	Checkout Repository	2026-08-27T12:12:28.2489564Z hint: call:
dependency-test	Checkout Repository	2026-08-27T12:12:28.2490195Z hint:
dependency-test	Checkout Repository	2026-08-27T12:12:28.2490997Z hint: 	git config --global init.defaultBranch <name>
dependency-test	Checkout Repository	2026-08-27T12:12:28.2491971Z hint:
dependency-test	Checkout Repository	2026-08-27T12:12:28.2492928Z hint: Names commonly chosen instead of 'master' are 'main', 'trunk' and
dependency-test	Checkout Repository	2026-08-27T12:12:28.2494422Z hint: 'development'. The just-created branch can be renamed via this command:
dependency-test	Checkout Repository	2026-08-27T12:12:28.2495922Z hint:
dependency-test	Checkout Repository	2026-08-27T12:12:28.2496583Z hint: 	git branch -m <name>
dependency-test	Checkout Repository	2026-08-27T12:12:28.2497340Z hint:
dependency-test	Checkout Repository	2026-08-27T12:12:28.2498334Z hint: Disable this message with "git config set advice.defaultBranchName false"
dependency-test	Checkout Repository	2026-08-27T12:12:28.2500215Z Initialized empty Git repository in /home/runner/work/dependency-error-repo/dependency-error-repo/.git/
dependency-test	Checkout Repository	2026-08-27T12:12:28.2503588Z [command]/usr/bin/git remote add origin https://github.com/DhruvHegde/dependency-error-repo
dependency-test	Checkout Repository	2026-08-27T12:12:28.2546876Z ##[endgroup]
dependency-test	Checkout Repository	2026-08-27T12:12:28.2548709Z ##[group]Disabling automatic garbage collection
dependency-test	Checkout Repository	2026-08-27T12:12:28.2552810Z [command]/usr/bin/git config --local gc.auto 0
dependency-test	Checkout Repository	2026-08-27T12:12:28.2587216Z ##[endgroup]
dependency-test	Checkout Repository	2026-08-27T12:12:28.2588680Z ##[group]Setting up auth
dependency-test	Checkout Repository	2026-08-27T12:12:28.2596152Z [command]/usr/bin/git config --local --name-only --get-regexp core\.sshCommand
dependency-test	Checkout Repository	2026-08-27T12:12:28.2632265Z [command]/usr/bin/git submodule foreach --recursive sh -c "git config --local --name-only --get-regexp 'core\.sshCommand' && git config --local --unset-all 'core.sshCommand' || :"
dependency-test	Checkout Repository	2026-08-27T12:12:28.3046393Z [command]/usr/bin/git config --local --name-only --get-regexp http\.https\:\/\/github\.com\/\.extraheader
dependency-test	Checkout Repository	2026-08-27T12:12:28.3092180Z [command]/usr/bin/git submodule foreach --recursive sh -c "git config --local --name-only --get-regexp 'http\.https\:\/\/github\.com\/\.extraheader' && git config --local --unset-all 'http.https://github.com/.extraheader' || :"
dependency-test	Checkout Repository	2026-08-27T12:12:28.3351925Z [command]/usr/bin/git config --local --name-only --get-regexp ^includeIf\.gitdir:
dependency-test	Checkout Repository	2026-08-27T12:12:28.3402665Z [command]/usr/bin/git submodule foreach --recursive git config --local --show-origin --name-only --get-regexp remote.origin.url
dependency-test	Checkout Repository	2026-08-27T12:12:28.3668944Z [command]/usr/bin/git config --local http.https://github.com/.extraheader AUTHORIZATION: basic ***
dependency-test	Checkout Repository	2026-08-27T12:12:28.3717850Z ##[endgroup]
dependency-test	Checkout Repository	2026-08-27T12:12:28.3718795Z ##[group]Fetching the repository
dependency-test	Checkout Repository	2026-08-27T12:12:28.3734130Z [command]/usr/bin/git -c protocol.version=2 fetch --no-tags --prune --no-recurse-submodules --depth=1 origin +e7845f0c72bbad195313e8f52b69d1e09a1b38e4:refs/remotes/origin/feature/syntax-errors
dependency-test	Checkout Repository	2026-08-27T12:12:28.7283828Z From https://github.com/DhruvHegde/dependency-error-repo
dependency-test	Checkout Repository	2026-08-27T12:12:28.7286729Z  * [new ref]         e7845f0c72bbad195313e8f52b69d1e09a1b38e4 -> origin/feature/syntax-errors
dependency-test	Checkout Repository	2026-08-27T12:12:28.7290926Z ##[endgroup]
dependency-test	Checkout Repository	2026-08-27T12:12:28.7292640Z ##[group]Determining the checkout info
dependency-test	Checkout Repository	2026-08-27T12:12:28.7294588Z ##[endgroup]
dependency-test	Checkout Repository	2026-08-27T12:12:28.7302069Z [command]/usr/bin/git sparse-checkout disable
dependency-test	Checkout Repository	2026-08-27T12:12:28.7358312Z [command]/usr/bin/git config --local --unset-all extensions.worktreeConfig
dependency-test	Checkout Repository	2026-08-27T12:12:28.7394113Z ##[group]Checking out the ref
dependency-test	Checkout Repository	2026-08-27T12:12:28.7399485Z [command]/usr/bin/git checkout --progress --force -B feature/syntax-errors refs/remotes/origin/feature/syntax-errors
dependency-test	Checkout Repository	2026-08-27T12:12:28.7588173Z Switched to a new branch 'feature/syntax-errors'
dependency-test	Checkout Repository	2026-08-27T12:12:28.7593314Z branch 'feature/syntax-errors' set up to track 'origin/feature/syntax-errors'.
dependency-test	Checkout Repository	2026-08-27T12:12:28.7600657Z ##[endgroup]
dependency-test	Checkout Repository	2026-08-27T12:12:28.7647157Z [command]/usr/bin/git log -1 --format=%H
dependency-test	Checkout Repository	2026-08-27T12:12:28.7677033Z e7845f0c72bbad195313e8f52b69d1e09a1b38e4
dependency-test	Setup Python	﻿2026-08-27T12:12:28.7977191Z Node 20 is being deprecated. This workflow is running with Node 24 by default. If you need to temporarily use Node 20, you can set the ACTIONS_ALLOW_USE_UNSECURE_NODE_VERSION=true environment variable. For more information see: https://github.blog/changelog/2025-09-19-deprecation-of-node-20-on-github-actions-runners/
dependency-test	Setup Python	2026-08-27T12:12:28.7979948Z ##[group]Run actions/setup-python@v5
dependency-test	Setup Python	2026-08-27T12:12:28.7980536Z with:
dependency-test	Setup Python	2026-08-27T12:12:28.7980992Z   python-version: 3.11
dependency-test	Setup Python	2026-08-27T12:12:28.7981510Z   check-latest: false
dependency-test	Setup Python	2026-08-27T12:12:28.7985993Z   token: ***
dependency-test	Setup Python	2026-08-27T12:12:28.7986503Z   update-environment: true
dependency-test	Setup Python	2026-08-27T12:12:28.7987042Z   allow-prereleases: false
dependency-test	Setup Python	2026-08-27T12:12:28.7987558Z   freethreaded: false
dependency-test	Setup Python	2026-08-27T12:12:28.7988043Z ##[endgroup]
dependency-test	Setup Python	2026-08-27T12:12:28.9313150Z ##[group]Installed versions
dependency-test	Setup Python	2026-08-27T12:12:29.0369692Z (node:2130) [DEP0040] DeprecationWarning: The `punycode` module is deprecated. Please use a userland alternative instead.
dependency-test	Setup Python	2026-08-27T12:12:29.0372309Z (Use `node --trace-deprecation ...` to show where the warning was created)
dependency-test	Setup Python	2026-08-27T12:12:29.0374732Z Successfully set up CPython (3.11.16)
dependency-test	Setup Python	2026-08-27T12:12:29.0377353Z ##[endgroup]
dependency-test	Install Dependencies	﻿2026-08-27T12:12:29.0593538Z ##[group]Run python -m pip install --upgrade pip
dependency-test	Install Dependencies	2026-08-27T12:12:29.0595538Z ^[[36;1mpython -m pip install --upgrade pip^[[0m
dependency-test	Install Dependencies	2026-08-27T12:12:29.0597073Z ^[[36;1mpip install -r requirements.txt^[[0m
dependency-test	Install Dependencies	2026-08-27T12:12:29.0857773Z shell: /usr/bin/bash -e {0}
dependency-test	Install Dependencies	2026-08-27T12:12:29.0859047Z env:
dependency-test	Install Dependencies	2026-08-27T12:12:29.0860210Z   pythonLocation: /opt/hostedtoolcache/Python/3.11.16/x64
dependency-test	Install Dependencies	2026-08-27T12:12:29.0862197Z   PKG_CONFIG_PATH: /opt/hostedtoolcache/Python/3.11.16/x64/lib/pkgconfig
dependency-test	Install Dependencies	2026-08-27T12:12:29.0864193Z   Python_ROOT_DIR: /opt/hostedtoolcache/Python/3.11.16/x64
dependency-test	Install Dependencies	2026-08-27T12:12:29.0866287Z   Python2_ROOT_DIR: /opt/hostedtoolcache/Python/3.11.16/x64
dependency-test	Install Dependencies	2026-08-27T12:12:29.0868150Z   Python3_ROOT_DIR: /opt/hostedtoolcache/Python/3.11.16/x64
dependency-test	Install Dependencies	2026-08-27T12:12:29.0869963Z   LD_LIBRARY_PATH: /opt/hostedtoolcache/Python/3.11.16/x64/lib
dependency-test	Install Dependencies	2026-08-27T12:12:29.0871493Z ##[endgroup]
dependency-test	Install Dependencies	2026-08-27T12:12:33.6374975Z Requirement already satisfied: pip in /opt/hostedtoolcache/Python/3.11.16/x64/lib/python3.11/site-packages (26.2.1)
dependency-test	Install Dependencies	2026-08-27T12:12:34.8903359Z Collecting pytest (from -r requirements.txt (line 1))
dependency-test	Install Dependencies	2026-08-27T12:12:34.9376570Z   Downloading pytest-9.1.1-py3-none-any.whl.metadata (7.6 kB)
dependency-test	Install Dependencies	2026-08-27T12:12:34.9507831Z Collecting iniconfig>=1.0.1 (from pytest->-r requirements.txt (line 1))
dependency-test	Install Dependencies	2026-08-27T12:12:34.9541681Z   Downloading iniconfig-2.3.0-py3-none-any.whl.metadata (2.5 kB)
dependency-test	Install Dependencies	2026-08-27T12:12:34.9688635Z Collecting packaging>=22 (from pytest->-r requirements.txt (line 1))
dependency-test	Install Dependencies	2026-08-27T12:12:34.9723303Z   Downloading packaging-26.3-py3-none-any.whl.metadata (3.5 kB)
dependency-test	Install Dependencies	2026-08-27T12:12:34.9844913Z Collecting pluggy<2,>=1.5 (from pytest->-r requirements.txt (line 1))
dependency-test	Install Dependencies	2026-08-27T12:12:34.9879759Z   Downloading pluggy-1.6.0-py3-none-any.whl.metadata (4.8 kB)
dependency-test	Install Dependencies	2026-08-27T12:12:35.0057616Z Collecting pygments>=2.7.2 (from pytest->-r requirements.txt (line 1))
dependency-test	Install Dependencies	2026-08-27T12:12:35.0092301Z   Downloading pygments-2.21.0-py3-none-any.whl.metadata (2.5 kB)
dependency-test	Install Dependencies	2026-08-27T12:12:35.0184808Z Downloading pytest-9.1.1-py3-none-any.whl (386 kB)
dependency-test	Install Dependencies	2026-08-27T12:12:35.0426618Z Downloading pluggy-1.6.0-py3-none-any.whl (20 kB)
dependency-test	Install Dependencies	2026-08-27T12:12:35.0484043Z Downloading iniconfig-2.3.0-py3-none-any.whl (7.5 kB)
dependency-test	Install Dependencies	2026-08-27T12:12:35.0538943Z Downloading packaging-26.3-py3-none-any.whl (129 kB)
dependency-test	Install Dependencies	2026-08-27T12:12:35.0596550Z Downloading pygments-2.21.0-py3-none-any.whl (1.3 MB)
dependency-test	Install Dependencies	2026-08-27T12:12:35.0754148Z    ━━━━━━━━━━━━━━━━━━━━━━━━━━━━━━━━━━━━━━━━ 1.3/1.3 MB 87.9 MB/s  0:00:00
dependency-test	Install Dependencies	2026-08-27T12:12:35.1539489Z Installing collected packages: pygments, pluggy, packaging, iniconfig, pytest
dependency-test	Install Dependencies	2026-08-27T12:12:36.1372415Z 
dependency-test	Install Dependencies	2026-08-27T12:12:36.1383965Z Successfully installed iniconfig-2.3.0 packaging-26.3 pluggy-1.6.0 pygments-2.21.0 pytest-9.1.1
dependency-test	Check App Syntax	﻿2026-08-27T12:12:36.1871157Z ##[group]Run python -c "import app"
dependency-test	Check App Syntax	2026-08-27T12:12:36.1871529Z ^[[36;1mpython -c "import app"^[[0m
dependency-test	Check App Syntax	2026-08-27T12:12:36.1911202Z shell: /usr/bin/bash -e {0}
dependency-test	Check App Syntax	2026-08-27T12:12:36.1911472Z env:
dependency-test	Check App Syntax	2026-08-27T12:12:36.1911744Z   pythonLocation: /opt/hostedtoolcache/Python/3.11.16/x64
dependency-test	Check App Syntax	2026-08-27T12:12:36.1912190Z   PKG_CONFIG_PATH: /opt/hostedtoolcache/Python/3.11.16/x64/lib/pkgconfig
dependency-test	Check App Syntax	2026-08-27T12:12:36.1912626Z   Python_ROOT_DIR: /opt/hostedtoolcache/Python/3.11.16/x64
dependency-test	Check App Syntax	2026-08-27T12:12:36.1913018Z   Python2_ROOT_DIR: /opt/hostedtoolcache/Python/3.11.16/x64
dependency-test	Check App Syntax	2026-08-27T12:12:36.1913404Z   Python3_ROOT_DIR: /opt/hostedtoolcache/Python/3.11.16/x64
dependency-test	Check App Syntax	2026-08-27T12:12:36.1913799Z   LD_LIBRARY_PATH: /opt/hostedtoolcache/Python/3.11.16/x64/lib
dependency-test	Check App Syntax	2026-08-27T12:12:36.1914117Z ##[endgroup]
dependency-test	Check App Syntax	2026-08-27T12:12:36.2074749Z Traceback (most recent call last):
dependency-test	Check App Syntax	2026-08-27T12:12:36.2083190Z   File "<string>", line 1, in <module>
dependency-test	Check App Syntax	2026-08-27T12:12:36.2084212Z   File "/home/runner/work/dependency-error-repo/dependency-error-repo/app.py", line 4
dependency-test	Check App Syntax	2026-08-27T12:12:36.2085359Z     break
dependency-test	Check App Syntax	2026-08-27T12:12:36.2085707Z     ^^^^^
dependency-test	Check App Syntax	2026-08-27T12:12:36.2086051Z SyntaxError: 'break' outside loop
dependency-test	Check App Syntax	2026-08-27T12:12:36.2112916Z ##[error]Process completed with exit code 1.
dependency-test	Post Checkout Repository	﻿2026-08-27T12:12:36.2257857Z Node 20 is being deprecated. This workflow is running with Node 24 by default. If you need to temporarily use Node 20, you can set the ACTIONS_ALLOW_USE_UNSECURE_NODE_VERSION=true environment variable. For more information see: https://github.blog/changelog/2025-09-19-deprecation-of-node-20-on-github-actions-runners/
dependency-test	Post Checkout Repository	2026-08-27T12:12:36.2259154Z Post job cleanup.
dependency-test	Post Checkout Repository	2026-08-27T12:12:36.3117922Z [command]/usr/bin/git version
dependency-test	Post Checkout Repository	2026-08-27T12:12:36.3164215Z git version 2.55.0
dependency-test	Post Checkout Repository	2026-08-27T12:12:36.3209629Z Temporarily overriding HOME='/home/runner/work/_temp/616f8780-aa89-4b82-9396-467702869964' before making global git config changes
dependency-test	Post Checkout Repository	2026-08-27T12:12:36.3210633Z Adding repository directory to the temporary git global config as a safe directory
dependency-test	Post Checkout Repository	2026-08-27T12:12:36.3218145Z [command]/usr/bin/git config --global --add safe.directory /home/runner/work/dependency-error-repo/dependency-error-repo
dependency-test	Post Checkout Repository	2026-08-27T12:12:36.3260106Z [command]/usr/bin/git config --local --name-only --get-regexp core\.sshCommand
dependency-test	Post Checkout Repository	2026-08-27T12:12:36.3296280Z [command]/usr/bin/git submodule foreach --recursive sh -c "git config --local --name-only --get-regexp 'core\.sshCommand' && git config --local --unset-all 'core.sshCommand' || :"
dependency-test	Post Checkout Repository	2026-08-27T12:12:36.3602432Z [command]/usr/bin/git config --local --name-only --get-regexp http\.https\:\/\/github\.com\/\.extraheader
dependency-test	Post Checkout Repository	2026-08-27T12:12:36.3645919Z http.https://github.com/.extraheader
dependency-test	Post Checkout Repository	2026-08-27T12:12:36.3680032Z [command]/usr/bin/git config --local --unset-all http.https://github.com/.extraheader
dependency-test	Post Checkout Repository	2026-08-27T12:12:36.3745364Z [command]/usr/bin/git submodule foreach --recursive sh -c "git config --local --name-only --get-regexp 'http\.https\:\/\/github\.com\/\.extraheader' && git config --local --unset-all 'http.https://github.com/.extraheader' || :"
dependency-test	Post Checkout Repository	2026-08-27T12:12:36.4006661Z [command]/usr/bin/git config --local --name-only --get-regexp ^includeIf\.gitdir:
dependency-test	Post Checkout Repository	2026-08-27T12:12:36.4037072Z [command]/usr/bin/git submodule foreach --recursive git config --local --show-origin --name-only --get-regexp remote.origin.url
dependency-test	Complete job	﻿2026-08-27T12:12:36.4493508Z Cleaning up orphan processes
dependency-test	Complete job	2026-08-27T12:12:36.4796664Z ##[warning]Node.js 20 is deprecated. The following actions target Node.js 20 but are being forced to run on Node.js 24: actions/checkout@v4, actions/setup-python@v5. For more information see: https://github.blog/changelog/2025-09-19-deprecation-of-node-20-on-github-actions-runners/