dependency-test	Set up job	﻿2026-08-27T12:32:34.9690023Z Current runner version: '2.336.0'
dependency-test	Set up job	2026-08-27T12:32:34.9725462Z ##[group]Runner Image Provisioner
dependency-test	Set up job	2026-08-27T12:32:34.9726738Z Hosted Compute Agent
dependency-test	Set up job	2026-08-27T12:32:34.9727706Z Version: 20260819.586
dependency-test	Set up job	2026-08-27T12:32:34.9728905Z Commit: 3cc4a88dfa507ef76119ad1bb3eccc6378bb2b76
dependency-test	Set up job	2026-08-27T12:32:34.9730119Z Build Date: 2026-08-18T23:20:18Z
dependency-test	Set up job	2026-08-27T12:32:34.9731171Z Worker ID: {c44e0760-7afe-4406-b64c-eb90c9e7431e}
dependency-test	Set up job	2026-08-27T12:32:34.9732394Z Azure Region: eastus2
dependency-test	Set up job	2026-08-27T12:32:34.9733310Z ##[endgroup]
dependency-test	Set up job	2026-08-27T12:32:34.9735589Z ##[group]Operating System
dependency-test	Set up job	2026-08-27T12:32:34.9736749Z Ubuntu
dependency-test	Set up job	2026-08-27T12:32:34.9737603Z 24.04.4
dependency-test	Set up job	2026-08-27T12:32:34.9738743Z LTS
dependency-test	Set up job	2026-08-27T12:32:34.9739680Z ##[endgroup]
dependency-test	Set up job	2026-08-27T12:32:34.9740521Z ##[group]Runner Image
dependency-test	Set up job	2026-08-27T12:32:34.9741542Z Image: ubuntu-24.04
dependency-test	Set up job	2026-08-27T12:32:34.9742528Z Version: 20260823.283.1
dependency-test	Set up job	2026-08-27T12:32:34.9744267Z Included Software: https://github.com/actions/runner-images/blob/ubuntu24/20260823.283/images/ubuntu/Ubuntu2404-Readme.md
dependency-test	Set up job	2026-08-27T12:32:34.9747233Z Image Release: https://github.com/actions/runner-images/releases/tag/ubuntu24%2F20260823.283
dependency-test	Set up job	2026-08-27T12:32:34.9749205Z ##[endgroup]
dependency-test	Set up job	2026-08-27T12:32:34.9751131Z ##[group]GITHUB_TOKEN Permissions
dependency-test	Set up job	2026-08-27T12:32:34.9754690Z Contents: read
dependency-test	Set up job	2026-08-27T12:32:34.9755638Z Metadata: read
dependency-test	Set up job	2026-08-27T12:32:34.9756546Z Packages: read
dependency-test	Set up job	2026-08-27T12:32:34.9757544Z ##[endgroup]
dependency-test	Set up job	2026-08-27T12:32:34.9760502Z Secret source: Actions
dependency-test	Set up job	2026-08-27T12:32:34.9762518Z Prepare workflow directory
dependency-test	Set up job	2026-08-27T12:32:35.0213509Z Prepare all required actions
dependency-test	Set up job	2026-08-27T12:32:35.0280637Z Getting action download info
dependency-test	Set up job	2026-08-27T12:32:35.2438163Z Download action repository 'actions/checkout@v4' (SHA:11d5960a326750d5838078e36cf38b85af677262)
dependency-test	Set up job	2026-08-27T12:32:35.3395832Z Download action repository 'actions/setup-python@v5' (SHA:a26af69be951a213d495a4c3e4e4022e16d87065)
dependency-test	Set up job	2026-08-27T12:32:35.5285829Z Complete job name: dependency-test
dependency-test	Checkout Repository	﻿2026-08-27T12:32:35.6033439Z Node 20 is being deprecated. This workflow is running with Node 24 by default. If you need to temporarily use Node 20, you can set the ACTIONS_ALLOW_USE_UNSECURE_NODE_VERSION=true environment variable. For more information see: https://github.blog/changelog/2025-09-19-deprecation-of-node-20-on-github-actions-runners/
dependency-test	Checkout Repository	2026-08-27T12:32:35.6042535Z ##[group]Run actions/checkout@v4
dependency-test	Checkout Repository	2026-08-27T12:32:35.6043253Z with:
dependency-test	Checkout Repository	2026-08-27T12:32:35.6043747Z   repository: DhruvHegde/dependency-error-repo
dependency-test	Checkout Repository	2026-08-27T12:32:35.6048161Z   token: ***
dependency-test	Checkout Repository	2026-08-27T12:32:35.6048605Z   ssh-strict: true
dependency-test	Checkout Repository	2026-08-27T12:32:35.6049055Z   ssh-user: git
dependency-test	Checkout Repository	2026-08-27T12:32:35.6049504Z   persist-credentials: true
dependency-test	Checkout Repository	2026-08-27T12:32:35.6049987Z   clean: true
dependency-test	Checkout Repository	2026-08-27T12:32:35.6050432Z   sparse-checkout-cone-mode: true
dependency-test	Checkout Repository	2026-08-27T12:32:35.6050946Z   fetch-depth: 1
dependency-test	Checkout Repository	2026-08-27T12:32:35.6051372Z   fetch-tags: false
dependency-test	Checkout Repository	2026-08-27T12:32:35.6051812Z   show-progress: true
dependency-test	Checkout Repository	2026-08-27T12:32:35.6052263Z   lfs: false
dependency-test	Checkout Repository	2026-08-27T12:32:35.6052671Z   submodules: false
dependency-test	Checkout Repository	2026-08-27T12:32:35.6053179Z   set-safe-directory: true
dependency-test	Checkout Repository	2026-08-27T12:32:35.6053691Z   allow-unsafe-pr-checkout: false
dependency-test	Checkout Repository	2026-08-27T12:32:35.6054418Z ##[endgroup]
dependency-test	Checkout Repository	2026-08-27T12:32:35.7128122Z Syncing repository: DhruvHegde/dependency-error-repo
dependency-test	Checkout Repository	2026-08-27T12:32:35.7130803Z ##[group]Getting Git version info
dependency-test	Checkout Repository	2026-08-27T12:32:35.7132151Z Working directory is '/home/runner/work/dependency-error-repo/dependency-error-repo'
dependency-test	Checkout Repository	2026-08-27T12:32:35.7134048Z [command]/usr/bin/git version
dependency-test	Checkout Repository	2026-08-27T12:32:35.7173900Z git version 2.55.0
dependency-test	Checkout Repository	2026-08-27T12:32:35.7194690Z ##[endgroup]
dependency-test	Checkout Repository	2026-08-27T12:32:35.7209727Z Temporarily overriding HOME='/home/runner/work/_temp/e7a66e8a-8ce7-4e67-a5f3-a997266a7790' before making global git config changes
dependency-test	Checkout Repository	2026-08-27T12:32:35.7212112Z Adding repository directory to the temporary git global config as a safe directory
dependency-test	Checkout Repository	2026-08-27T12:32:35.7215324Z [command]/usr/bin/git config --global --add safe.directory /home/runner/work/dependency-error-repo/dependency-error-repo
dependency-test	Checkout Repository	2026-08-27T12:32:35.7268869Z Deleting the contents of '/home/runner/work/dependency-error-repo/dependency-error-repo'
dependency-test	Checkout Repository	2026-08-27T12:32:35.7272821Z ##[group]Initializing the repository
dependency-test	Checkout Repository	2026-08-27T12:32:35.7278253Z [command]/usr/bin/git init /home/runner/work/dependency-error-repo/dependency-error-repo
dependency-test	Checkout Repository	2026-08-27T12:32:35.7363877Z hint: Using 'master' as the name for the initial branch. This default branch name
dependency-test	Checkout Repository	2026-08-27T12:32:35.7365582Z hint: will change to "main" in Git 3.0. To configure the initial branch name
dependency-test	Checkout Repository	2026-08-27T12:32:35.7367178Z hint: to use in all of your new repositories, which will suppress this warning,
dependency-test	Checkout Repository	2026-08-27T12:32:35.7368847Z hint: call:
dependency-test	Checkout Repository	2026-08-27T12:32:35.7369728Z hint:
dependency-test	Checkout Repository	2026-08-27T12:32:35.7370869Z hint: 	git config --global init.defaultBranch <name>
dependency-test	Checkout Repository	2026-08-27T12:32:35.7372048Z hint:
dependency-test	Checkout Repository	2026-08-27T12:32:35.7373167Z hint: Names commonly chosen instead of 'master' are 'main', 'trunk' and
dependency-test	Checkout Repository	2026-08-27T12:32:35.7374857Z hint: 'development'. The just-created branch can be renamed via this command:
dependency-test	Checkout Repository	2026-08-27T12:32:35.7376287Z hint:
dependency-test	Checkout Repository	2026-08-27T12:32:35.7377146Z hint: 	git branch -m <name>
dependency-test	Checkout Repository	2026-08-27T12:32:35.7378644Z hint:
dependency-test	Checkout Repository	2026-08-27T12:32:35.7380186Z hint: Disable this message with "git config set advice.defaultBranchName false"
dependency-test	Checkout Repository	2026-08-27T12:32:35.7382202Z Initialized empty Git repository in /home/runner/work/dependency-error-repo/dependency-error-repo/.git/
dependency-test	Checkout Repository	2026-08-27T12:32:35.7385209Z [command]/usr/bin/git remote add origin https://github.com/DhruvHegde/dependency-error-repo
dependency-test	Checkout Repository	2026-08-27T12:32:35.7431198Z ##[endgroup]
dependency-test	Checkout Repository	2026-08-27T12:32:35.7432432Z ##[group]Disabling automatic garbage collection
dependency-test	Checkout Repository	2026-08-27T12:32:35.7435768Z [command]/usr/bin/git config --local gc.auto 0
dependency-test	Checkout Repository	2026-08-27T12:32:35.7470349Z ##[endgroup]
dependency-test	Checkout Repository	2026-08-27T12:32:35.7471518Z ##[group]Setting up auth
dependency-test	Checkout Repository	2026-08-27T12:32:35.7476047Z [command]/usr/bin/git config --local --name-only --get-regexp core\.sshCommand
dependency-test	Checkout Repository	2026-08-27T12:32:35.7510135Z [command]/usr/bin/git submodule foreach --recursive sh -c "git config --local --name-only --get-regexp 'core\.sshCommand' && git config --local --unset-all 'core.sshCommand' || :"
dependency-test	Checkout Repository	2026-08-27T12:32:35.7908093Z [command]/usr/bin/git config --local --name-only --get-regexp http\.https\:\/\/github\.com\/\.extraheader
dependency-test	Checkout Repository	2026-08-27T12:32:35.7953695Z [command]/usr/bin/git submodule foreach --recursive sh -c "git config --local --name-only --get-regexp 'http\.https\:\/\/github\.com\/\.extraheader' && git config --local --unset-all 'http.https://github.com/.extraheader' || :"
dependency-test	Checkout Repository	2026-08-27T12:32:35.8219693Z [command]/usr/bin/git config --local --name-only --get-regexp ^includeIf\.gitdir:
dependency-test	Checkout Repository	2026-08-27T12:32:35.8257680Z [command]/usr/bin/git submodule foreach --recursive git config --local --show-origin --name-only --get-regexp remote.origin.url
dependency-test	Checkout Repository	2026-08-27T12:32:35.8500144Z [command]/usr/bin/git config --local http.https://github.com/.extraheader AUTHORIZATION: basic ***
dependency-test	Checkout Repository	2026-08-27T12:32:35.8540959Z ##[endgroup]
dependency-test	Checkout Repository	2026-08-27T12:32:35.8542057Z ##[group]Fetching the repository
dependency-test	Checkout Repository	2026-08-27T12:32:35.8551314Z [command]/usr/bin/git -c protocol.version=2 fetch --no-tags --prune --no-recurse-submodules --depth=1 origin +2bdd4fa2fe5a40543aee4e3a9ef269c0177bea65:refs/remotes/origin/feature/syntax-errors
dependency-test	Checkout Repository	2026-08-27T12:32:36.1387721Z From https://github.com/DhruvHegde/dependency-error-repo
dependency-test	Checkout Repository	2026-08-27T12:32:36.1389359Z  * [new ref]         2bdd4fa2fe5a40543aee4e3a9ef269c0177bea65 -> origin/feature/syntax-errors
dependency-test	Checkout Repository	2026-08-27T12:32:36.1392796Z ##[endgroup]
dependency-test	Checkout Repository	2026-08-27T12:32:36.1394157Z ##[group]Determining the checkout info
dependency-test	Checkout Repository	2026-08-27T12:32:36.1395858Z ##[endgroup]
dependency-test	Checkout Repository	2026-08-27T12:32:36.1403630Z [command]/usr/bin/git sparse-checkout disable
dependency-test	Checkout Repository	2026-08-27T12:32:36.1459282Z [command]/usr/bin/git config --local --unset-all extensions.worktreeConfig
dependency-test	Checkout Repository	2026-08-27T12:32:36.1492211Z ##[group]Checking out the ref
dependency-test	Checkout Repository	2026-08-27T12:32:36.1498762Z [command]/usr/bin/git checkout --progress --force -B feature/syntax-errors refs/remotes/origin/feature/syntax-errors
dependency-test	Checkout Repository	2026-08-27T12:32:36.1682340Z Switched to a new branch 'feature/syntax-errors'
dependency-test	Checkout Repository	2026-08-27T12:32:36.1687395Z branch 'feature/syntax-errors' set up to track 'origin/feature/syntax-errors'.
dependency-test	Checkout Repository	2026-08-27T12:32:36.1693244Z ##[endgroup]
dependency-test	Checkout Repository	2026-08-27T12:32:36.1738568Z [command]/usr/bin/git log -1 --format=%H
dependency-test	Checkout Repository	2026-08-27T12:32:36.1767471Z 2bdd4fa2fe5a40543aee4e3a9ef269c0177bea65
dependency-test	Setup Python	﻿2026-08-27T12:32:36.2057307Z Node 20 is being deprecated. This workflow is running with Node 24 by default. If you need to temporarily use Node 20, you can set the ACTIONS_ALLOW_USE_UNSECURE_NODE_VERSION=true environment variable. For more information see: https://github.blog/changelog/2025-09-19-deprecation-of-node-20-on-github-actions-runners/
dependency-test	Setup Python	2026-08-27T12:32:36.2060214Z ##[group]Run actions/setup-python@v5
dependency-test	Setup Python	2026-08-27T12:32:36.2060749Z with:
dependency-test	Setup Python	2026-08-27T12:32:36.2061173Z   python-version: 3.11
dependency-test	Setup Python	2026-08-27T12:32:36.2061648Z   check-latest: false
dependency-test	Setup Python	2026-08-27T12:32:36.2065774Z   token: ***
dependency-test	Setup Python	2026-08-27T12:32:36.2066216Z   update-environment: true
dependency-test	Setup Python	2026-08-27T12:32:36.2066707Z   allow-prereleases: false
dependency-test	Setup Python	2026-08-27T12:32:36.2067192Z   freethreaded: false
dependency-test	Setup Python	2026-08-27T12:32:36.2067701Z ##[endgroup]
dependency-test	Setup Python	2026-08-27T12:32:36.3496207Z ##[group]Installed versions
dependency-test	Setup Python	2026-08-27T12:32:36.3506290Z (node:2227) [DEP0040] DeprecationWarning: The `punycode` module is deprecated. Please use a userland alternative instead.
dependency-test	Setup Python	2026-08-27T12:32:36.3508769Z (Use `node --trace-deprecation ...` to show where the warning was created)
dependency-test	Setup Python	2026-08-27T12:32:36.3510315Z Successfully set up CPython (3.11.16)
dependency-test	Setup Python	2026-08-27T12:32:36.3511816Z ##[endgroup]
dependency-test	Install Dependencies	﻿2026-08-27T12:32:36.3697020Z ##[group]Run python -m pip install --upgrade pip
dependency-test	Install Dependencies	2026-08-27T12:32:36.3698441Z ^[[36;1mpython -m pip install --upgrade pip^[[0m
dependency-test	Install Dependencies	2026-08-27T12:32:36.3699360Z ^[[36;1mpip install -r requirements.txt^[[0m
dependency-test	Install Dependencies	2026-08-27T12:32:36.3757586Z shell: /usr/bin/bash -e {0}
dependency-test	Install Dependencies	2026-08-27T12:32:36.3758874Z env:
dependency-test	Install Dependencies	2026-08-27T12:32:36.3759953Z   pythonLocation: /opt/hostedtoolcache/Python/3.11.16/x64
dependency-test	Install Dependencies	2026-08-27T12:32:36.3761722Z   PKG_CONFIG_PATH: /opt/hostedtoolcache/Python/3.11.16/x64/lib/pkgconfig
dependency-test	Install Dependencies	2026-08-27T12:32:36.3763555Z   Python_ROOT_DIR: /opt/hostedtoolcache/Python/3.11.16/x64
dependency-test	Install Dependencies	2026-08-27T12:32:36.3765198Z   Python2_ROOT_DIR: /opt/hostedtoolcache/Python/3.11.16/x64
dependency-test	Install Dependencies	2026-08-27T12:32:36.3766426Z   Python3_ROOT_DIR: /opt/hostedtoolcache/Python/3.11.16/x64
dependency-test	Install Dependencies	2026-08-27T12:32:36.3767807Z   LD_LIBRARY_PATH: /opt/hostedtoolcache/Python/3.11.16/x64/lib
dependency-test	Install Dependencies	2026-08-27T12:32:36.3769063Z ##[endgroup]
dependency-test	Install Dependencies	2026-08-27T12:32:37.0221593Z Requirement already satisfied: pip in /opt/hostedtoolcache/Python/3.11.16/x64/lib/python3.11/site-packages (26.2.1)
dependency-test	Install Dependencies	2026-08-27T12:32:37.6014092Z Collecting pytest (from -r requirements.txt (line 1))
dependency-test	Install Dependencies	2026-08-27T12:32:37.6619797Z   Downloading pytest-9.1.1-py3-none-any.whl.metadata (7.6 kB)
dependency-test	Install Dependencies	2026-08-27T12:32:37.6790046Z Collecting iniconfig>=1.0.1 (from pytest->-r requirements.txt (line 1))
dependency-test	Install Dependencies	2026-08-27T12:32:37.6868857Z   Downloading iniconfig-2.3.0-py3-none-any.whl.metadata (2.5 kB)
dependency-test	Install Dependencies	2026-08-27T12:32:37.7046263Z Collecting packaging>=22 (from pytest->-r requirements.txt (line 1))
dependency-test	Install Dependencies	2026-08-27T12:32:37.7122701Z   Downloading packaging-26.3-py3-none-any.whl.metadata (3.5 kB)
dependency-test	Install Dependencies	2026-08-27T12:32:37.7281541Z Collecting pluggy<2,>=1.5 (from pytest->-r requirements.txt (line 1))
dependency-test	Install Dependencies	2026-08-27T12:32:37.7357258Z   Downloading pluggy-1.6.0-py3-none-any.whl.metadata (4.8 kB)
dependency-test	Install Dependencies	2026-08-27T12:32:37.7572279Z Collecting pygments>=2.7.2 (from pytest->-r requirements.txt (line 1))
dependency-test	Install Dependencies	2026-08-27T12:32:37.7645066Z   Downloading pygments-2.21.0-py3-none-any.whl.metadata (2.5 kB)
dependency-test	Install Dependencies	2026-08-27T12:32:37.7763328Z Downloading pytest-9.1.1-py3-none-any.whl (386 kB)
dependency-test	Install Dependencies	2026-08-27T12:32:37.8123387Z Downloading pluggy-1.6.0-py3-none-any.whl (20 kB)
dependency-test	Install Dependencies	2026-08-27T12:32:37.8216290Z Downloading iniconfig-2.3.0-py3-none-any.whl (7.5 kB)
dependency-test	Install Dependencies	2026-08-27T12:32:37.8307702Z Downloading packaging-26.3-py3-none-any.whl (129 kB)
dependency-test	Install Dependencies	2026-08-27T12:32:37.8404982Z Downloading pygments-2.21.0-py3-none-any.whl (1.3 MB)
dependency-test	Install Dependencies	2026-08-27T12:32:37.8662510Z    ━━━━━━━━━━━━━━━━━━━━━━━━━━━━━━━━━━━━━━━━ 1.3/1.3 MB 54.7 MB/s  0:00:00
dependency-test	Install Dependencies	2026-08-27T12:32:37.9122778Z Installing collected packages: pygments, pluggy, packaging, iniconfig, pytest
dependency-test	Install Dependencies	2026-08-27T12:32:38.9098947Z 
dependency-test	Install Dependencies	2026-08-27T12:32:38.9109431Z Successfully installed iniconfig-2.3.0 packaging-26.3 pluggy-1.6.0 pygments-2.21.0 pytest-9.1.1
dependency-test	Check App Syntax	﻿2026-08-27T12:32:38.9722981Z ##[group]Run python -c "import app"
dependency-test	Check App Syntax	2026-08-27T12:32:38.9723345Z ^[[36;1mpython -c "import app"^[[0m
dependency-test	Check App Syntax	2026-08-27T12:32:38.9766496Z shell: /usr/bin/bash -e {0}
dependency-test	Check App Syntax	2026-08-27T12:32:38.9766785Z env:
dependency-test	Check App Syntax	2026-08-27T12:32:38.9767067Z   pythonLocation: /opt/hostedtoolcache/Python/3.11.16/x64
dependency-test	Check App Syntax	2026-08-27T12:32:38.9767525Z   PKG_CONFIG_PATH: /opt/hostedtoolcache/Python/3.11.16/x64/lib/pkgconfig
dependency-test	Check App Syntax	2026-08-27T12:32:38.9768184Z   Python_ROOT_DIR: /opt/hostedtoolcache/Python/3.11.16/x64
dependency-test	Check App Syntax	2026-08-27T12:32:38.9768575Z   Python2_ROOT_DIR: /opt/hostedtoolcache/Python/3.11.16/x64
dependency-test	Check App Syntax	2026-08-27T12:32:38.9768959Z   Python3_ROOT_DIR: /opt/hostedtoolcache/Python/3.11.16/x64
dependency-test	Check App Syntax	2026-08-27T12:32:38.9769341Z   LD_LIBRARY_PATH: /opt/hostedtoolcache/Python/3.11.16/x64/lib
dependency-test	Check App Syntax	2026-08-27T12:32:38.9769668Z ##[endgroup]
dependency-test	Check App Syntax	2026-08-27T12:32:38.9943058Z Traceback (most recent call last):
dependency-test	Check App Syntax	2026-08-27T12:32:38.9951310Z   File "<string>", line 1, in <module>
dependency-test	Check App Syntax	2026-08-27T12:32:38.9952273Z   File "/home/runner/work/dependency-error-repo/dependency-error-repo/app.py", line 4
dependency-test	Check App Syntax	2026-08-27T12:32:38.9953089Z     for x range(5):
dependency-test	Check App Syntax	2026-08-27T12:32:38.9953429Z           ^^^^^
dependency-test	Check App Syntax	2026-08-27T12:32:38.9953791Z SyntaxError: invalid syntax
dependency-test	Check App Syntax	2026-08-27T12:32:38.9982046Z ##[error]Process completed with exit code 1.
dependency-test	Post Checkout Repository	﻿2026-08-27T12:32:39.0123065Z Node 20 is being deprecated. This workflow is running with Node 24 by default. If you need to temporarily use Node 20, you can set the ACTIONS_ALLOW_USE_UNSECURE_NODE_VERSION=true environment variable. For more information see: https://github.blog/changelog/2025-09-19-deprecation-of-node-20-on-github-actions-runners/
dependency-test	Post Checkout Repository	2026-08-27T12:32:39.0124239Z Post job cleanup.
dependency-test	Post Checkout Repository	2026-08-27T12:32:39.0981660Z [command]/usr/bin/git version
dependency-test	Post Checkout Repository	2026-08-27T12:32:39.1026336Z git version 2.55.0
dependency-test	Post Checkout Repository	2026-08-27T12:32:39.1097648Z Temporarily overriding HOME='/home/runner/work/_temp/6a4c6354-fcc7-45bd-84e7-6f264ecae1d1' before making global git config changes
dependency-test	Post Checkout Repository	2026-08-27T12:32:39.1099683Z Adding repository directory to the temporary git global config as a safe directory
dependency-test	Post Checkout Repository	2026-08-27T12:32:39.1104277Z [command]/usr/bin/git config --global --add safe.directory /home/runner/work/dependency-error-repo/dependency-error-repo
dependency-test	Post Checkout Repository	2026-08-27T12:32:39.1150669Z [command]/usr/bin/git config --local --name-only --get-regexp core\.sshCommand
dependency-test	Post Checkout Repository	2026-08-27T12:32:39.1189461Z [command]/usr/bin/git submodule foreach --recursive sh -c "git config --local --name-only --get-regexp 'core\.sshCommand' && git config --local --unset-all 'core.sshCommand' || :"
dependency-test	Post Checkout Repository	2026-08-27T12:32:39.1453565Z [command]/usr/bin/git config --local --name-only --get-regexp http\.https\:\/\/github\.com\/\.extraheader
dependency-test	Post Checkout Repository	2026-08-27T12:32:39.1482096Z http.https://github.com/.extraheader
dependency-test	Post Checkout Repository	2026-08-27T12:32:39.1502544Z [command]/usr/bin/git config --local --unset-all http.https://github.com/.extraheader
dependency-test	Post Checkout Repository	2026-08-27T12:32:39.1532682Z [command]/usr/bin/git submodule foreach --recursive sh -c "git config --local --name-only --get-regexp 'http\.https\:\/\/github\.com\/\.extraheader' && git config --local --unset-all 'http.https://github.com/.extraheader' || :"
dependency-test	Post Checkout Repository	2026-08-27T12:32:39.1801995Z [command]/usr/bin/git config --local --name-only --get-regexp ^includeIf\.gitdir:
dependency-test	Post Checkout Repository	2026-08-27T12:32:39.1841670Z [command]/usr/bin/git submodule foreach --recursive git config --local --show-origin --name-only --get-regexp remote.origin.url
dependency-test	Complete job	﻿2026-08-27T12:32:39.2281347Z Cleaning up orphan processes
dependency-test	Complete job	2026-08-27T12:32:39.2591134Z ##[warning]Node.js 20 is deprecated. The following actions target Node.js 20 but are being forced to run on Node.js 24: actions/checkout@v4, actions/setup-python@v5. For more information see: https://github.blog/changelog/2025-09-19-deprecation-of-node-20-on-github-actions-runners/