dependency-test	Set up job	﻿2026-08-23T17:47:56.0436509Z Current runner version: '2.336.0'
dependency-test	Set up job	2026-08-23T17:47:56.0463247Z ##[group]Runner Image Provisioner
dependency-test	Set up job	2026-08-23T17:47:56.0464218Z Hosted Compute Agent
dependency-test	Set up job	2026-08-23T17:47:56.0464843Z Version: 20260729.566
dependency-test	Set up job	2026-08-23T17:47:56.0465553Z Commit: cf7153fe6e25b664e8693c24944bf2b00355d109
dependency-test	Set up job	2026-08-23T17:47:56.0466346Z Build Date: 2026-07-29T19:17:02Z
dependency-test	Set up job	2026-08-23T17:47:56.0467312Z Worker ID: {614ea471-466b-4121-9aa0-30a61838ef7f}
dependency-test	Set up job	2026-08-23T17:47:56.0468123Z Azure Region: eastus2
dependency-test	Set up job	2026-08-23T17:47:56.0468768Z ##[endgroup]
dependency-test	Set up job	2026-08-23T17:47:56.0470213Z ##[group]Operating System
dependency-test	Set up job	2026-08-23T17:47:56.0470889Z Ubuntu
dependency-test	Set up job	2026-08-23T17:47:56.0471423Z 24.04.4
dependency-test	Set up job	2026-08-23T17:47:56.0472063Z LTS
dependency-test	Set up job	2026-08-23T17:47:56.0472631Z ##[endgroup]
dependency-test	Set up job	2026-08-23T17:47:56.0473239Z ##[group]Runner Image
dependency-test	Set up job	2026-08-23T17:47:56.0473922Z Image: ubuntu-24.04
dependency-test	Set up job	2026-08-23T17:47:56.0474514Z Version: 20260816.277.1
dependency-test	Set up job	2026-08-23T17:47:56.0475652Z Included Software: https://github.com/actions/runner-images/blob/ubuntu24/20260816.277/images/ubuntu/Ubuntu2404-Readme.md
dependency-test	Set up job	2026-08-23T17:47:56.0477648Z Image Release: https://github.com/actions/runner-images/releases/tag/ubuntu24%2F20260816.277
dependency-test	Set up job	2026-08-23T17:47:56.0478693Z ##[endgroup]
dependency-test	Set up job	2026-08-23T17:47:56.0480003Z ##[group]GITHUB_TOKEN Permissions
dependency-test	Set up job	2026-08-23T17:47:56.0481939Z Contents: read
dependency-test	Set up job	2026-08-23T17:47:56.0482583Z Metadata: read
dependency-test	Set up job	2026-08-23T17:47:56.0483740Z Packages: read
dependency-test	Set up job	2026-08-23T17:47:56.0484320Z ##[endgroup]
dependency-test	Set up job	2026-08-23T17:47:56.0486485Z Secret source: Actions
dependency-test	Set up job	2026-08-23T17:47:56.0487776Z Prepare workflow directory
dependency-test	Set up job	2026-08-23T17:47:56.0833020Z Prepare all required actions
dependency-test	Set up job	2026-08-23T17:47:56.0883318Z Getting action download info
dependency-test	Set up job	2026-08-23T17:47:56.3203491Z Download action repository 'actions/checkout@v4' (SHA:11d5960a326750d5838078e36cf38b85af677262)
dependency-test	Set up job	2026-08-23T17:47:56.4387221Z Download action repository 'actions/setup-python@v5' (SHA:a26af69be951a213d495a4c3e4e4022e16d87065)
dependency-test	Set up job	2026-08-23T17:47:56.6199456Z Complete job name: dependency-test
dependency-test	Checkout Repository	﻿2026-08-23T17:47:56.6934178Z Node 20 is being deprecated. This workflow is running with Node 24 by default. If you need to temporarily use Node 20, you can set the ACTIONS_ALLOW_USE_UNSECURE_NODE_VERSION=true environment variable. For more information see: https://github.blog/changelog/2025-09-19-deprecation-of-node-20-on-github-actions-runners/
dependency-test	Checkout Repository	2026-08-23T17:47:56.6943023Z ##[group]Run actions/checkout@v4
dependency-test	Checkout Repository	2026-08-23T17:47:56.6943728Z with:
dependency-test	Checkout Repository	2026-08-23T17:47:56.6944240Z   repository: DhruvHegde/dependency-error-repo
dependency-test	Checkout Repository	2026-08-23T17:47:56.6948673Z   token: ***
dependency-test	Checkout Repository	2026-08-23T17:47:56.6949113Z   ssh-strict: true
dependency-test	Checkout Repository	2026-08-23T17:47:56.6949555Z   ssh-user: git
dependency-test	Checkout Repository	2026-08-23T17:47:56.6949997Z   persist-credentials: true
dependency-test	Checkout Repository	2026-08-23T17:47:56.6950479Z   clean: true
dependency-test	Checkout Repository	2026-08-23T17:47:56.6950923Z   sparse-checkout-cone-mode: true
dependency-test	Checkout Repository	2026-08-23T17:47:56.6951435Z   fetch-depth: 1
dependency-test	Checkout Repository	2026-08-23T17:47:56.6951868Z   fetch-tags: false
dependency-test	Checkout Repository	2026-08-23T17:47:56.6952301Z   show-progress: true
dependency-test	Checkout Repository	2026-08-23T17:47:56.6952741Z   lfs: false
dependency-test	Checkout Repository	2026-08-23T17:47:56.6953148Z   submodules: false
dependency-test	Checkout Repository	2026-08-23T17:47:56.6953645Z   set-safe-directory: true
dependency-test	Checkout Repository	2026-08-23T17:47:56.6954157Z   allow-unsafe-pr-checkout: false
dependency-test	Checkout Repository	2026-08-23T17:47:56.6954860Z ##[endgroup]
dependency-test	Checkout Repository	2026-08-23T17:47:56.7958653Z Syncing repository: DhruvHegde/dependency-error-repo
dependency-test	Checkout Repository	2026-08-23T17:47:56.7961355Z ##[group]Getting Git version info
dependency-test	Checkout Repository	2026-08-23T17:47:56.7962685Z Working directory is '/home/runner/work/dependency-error-repo/dependency-error-repo'
dependency-test	Checkout Repository	2026-08-23T17:47:56.7964561Z [command]/usr/bin/git version
dependency-test	Checkout Repository	2026-08-23T17:47:56.8005798Z git version 2.55.0
dependency-test	Checkout Repository	2026-08-23T17:47:56.8054319Z ##[endgroup]
dependency-test	Checkout Repository	2026-08-23T17:47:56.8069464Z Temporarily overriding HOME='/home/runner/work/_temp/84bdc69b-8ae4-4df8-a2e7-6b68ec4cfe16' before making global git config changes
dependency-test	Checkout Repository	2026-08-23T17:47:56.8071928Z Adding repository directory to the temporary git global config as a safe directory
dependency-test	Checkout Repository	2026-08-23T17:47:56.8075023Z [command]/usr/bin/git config --global --add safe.directory /home/runner/work/dependency-error-repo/dependency-error-repo
dependency-test	Checkout Repository	2026-08-23T17:47:56.8124290Z Deleting the contents of '/home/runner/work/dependency-error-repo/dependency-error-repo'
dependency-test	Checkout Repository	2026-08-23T17:47:56.8129094Z ##[group]Initializing the repository
dependency-test	Checkout Repository	2026-08-23T17:47:56.8134525Z [command]/usr/bin/git init /home/runner/work/dependency-error-repo/dependency-error-repo
dependency-test	Checkout Repository	2026-08-23T17:47:56.8210627Z hint: Using 'master' as the name for the initial branch. This default branch name
dependency-test	Checkout Repository	2026-08-23T17:47:56.8212507Z hint: will change to "main" in Git 3.0. To configure the initial branch name
dependency-test	Checkout Repository	2026-08-23T17:47:56.8214199Z hint: to use in all of your new repositories, which will suppress this warning,
dependency-test	Checkout Repository	2026-08-23T17:47:56.8215811Z hint: call:
dependency-test	Checkout Repository	2026-08-23T17:47:56.8216532Z hint:
dependency-test	Checkout Repository	2026-08-23T17:47:56.8217526Z hint: 	git config --global init.defaultBranch <name>
dependency-test	Checkout Repository	2026-08-23T17:47:56.8218524Z hint:
dependency-test	Checkout Repository	2026-08-23T17:47:56.8219423Z hint: Names commonly chosen instead of 'master' are 'main', 'trunk' and
dependency-test	Checkout Repository	2026-08-23T17:47:56.8220885Z hint: 'development'. The just-created branch can be renamed via this command:
dependency-test	Checkout Repository	2026-08-23T17:47:56.8222087Z hint:
dependency-test	Checkout Repository	2026-08-23T17:47:56.8222751Z hint: 	git branch -m <name>
dependency-test	Checkout Repository	2026-08-23T17:47:56.8223487Z hint:
dependency-test	Checkout Repository	2026-08-23T17:47:56.8224454Z hint: Disable this message with "git config set advice.defaultBranchName false"
dependency-test	Checkout Repository	2026-08-23T17:47:56.8226372Z Initialized empty Git repository in /home/runner/work/dependency-error-repo/dependency-error-repo/.git/
dependency-test	Checkout Repository	2026-08-23T17:47:56.8238312Z [command]/usr/bin/git remote add origin https://github.com/DhruvHegde/dependency-error-repo
dependency-test	Checkout Repository	2026-08-23T17:47:56.8270967Z ##[endgroup]
dependency-test	Checkout Repository	2026-08-23T17:47:56.8272184Z ##[group]Disabling automatic garbage collection
dependency-test	Checkout Repository	2026-08-23T17:47:56.8275654Z [command]/usr/bin/git config --local gc.auto 0
dependency-test	Checkout Repository	2026-08-23T17:47:56.8311518Z ##[endgroup]
dependency-test	Checkout Repository	2026-08-23T17:47:56.8312654Z ##[group]Setting up auth
dependency-test	Checkout Repository	2026-08-23T17:47:56.8325974Z [command]/usr/bin/git config --local --name-only --get-regexp core\.sshCommand
dependency-test	Checkout Repository	2026-08-23T17:47:56.8360416Z [command]/usr/bin/git submodule foreach --recursive sh -c "git config --local --name-only --get-regexp 'core\.sshCommand' && git config --local --unset-all 'core.sshCommand' || :"
dependency-test	Checkout Repository	2026-08-23T17:47:56.8715370Z [command]/usr/bin/git config --local --name-only --get-regexp http\.https\:\/\/github\.com\/\.extraheader
dependency-test	Checkout Repository	2026-08-23T17:47:56.8769555Z [command]/usr/bin/git submodule foreach --recursive sh -c "git config --local --name-only --get-regexp 'http\.https\:\/\/github\.com\/\.extraheader' && git config --local --unset-all 'http.https://github.com/.extraheader' || :"
dependency-test	Checkout Repository	2026-08-23T17:47:56.9024734Z [command]/usr/bin/git config --local --name-only --get-regexp ^includeIf\.gitdir:
dependency-test	Checkout Repository	2026-08-23T17:47:56.9063898Z [command]/usr/bin/git submodule foreach --recursive git config --local --show-origin --name-only --get-regexp remote.origin.url
dependency-test	Checkout Repository	2026-08-23T17:47:56.9308255Z [command]/usr/bin/git config --local http.https://github.com/.extraheader AUTHORIZATION: basic ***
dependency-test	Checkout Repository	2026-08-23T17:47:56.9350212Z ##[endgroup]
dependency-test	Checkout Repository	2026-08-23T17:47:56.9351446Z ##[group]Fetching the repository
dependency-test	Checkout Repository	2026-08-23T17:47:56.9361383Z [command]/usr/bin/git -c protocol.version=2 fetch --no-tags --prune --no-recurse-submodules --depth=1 origin +59cc0aea964ab7ecb32354cd56f0f84f561cb54d:refs/remotes/origin/feature/syntax-errors
dependency-test	Checkout Repository	2026-08-23T17:47:57.1684098Z From https://github.com/DhruvHegde/dependency-error-repo
dependency-test	Checkout Repository	2026-08-23T17:47:57.1685831Z  * [new ref]         59cc0aea964ab7ecb32354cd56f0f84f561cb54d -> origin/feature/syntax-errors
dependency-test	Checkout Repository	2026-08-23T17:47:57.1689151Z ##[endgroup]
dependency-test	Checkout Repository	2026-08-23T17:47:57.1690298Z ##[group]Determining the checkout info
dependency-test	Checkout Repository	2026-08-23T17:47:57.1692654Z ##[endgroup]
dependency-test	Checkout Repository	2026-08-23T17:47:57.1699418Z [command]/usr/bin/git sparse-checkout disable
dependency-test	Checkout Repository	2026-08-23T17:47:57.1750816Z [command]/usr/bin/git config --local --unset-all extensions.worktreeConfig
dependency-test	Checkout Repository	2026-08-23T17:47:57.1785761Z ##[group]Checking out the ref
dependency-test	Checkout Repository	2026-08-23T17:47:57.1791086Z [command]/usr/bin/git checkout --progress --force -B feature/syntax-errors refs/remotes/origin/feature/syntax-errors
dependency-test	Checkout Repository	2026-08-23T17:47:57.1872062Z Switched to a new branch 'feature/syntax-errors'
dependency-test	Checkout Repository	2026-08-23T17:47:57.1880146Z branch 'feature/syntax-errors' set up to track 'origin/feature/syntax-errors'.
dependency-test	Checkout Repository	2026-08-23T17:47:57.1882877Z ##[endgroup]
dependency-test	Checkout Repository	2026-08-23T17:47:57.1936573Z [command]/usr/bin/git log -1 --format=%H
dependency-test	Checkout Repository	2026-08-23T17:47:57.1965715Z 59cc0aea964ab7ecb32354cd56f0f84f561cb54d
dependency-test	Setup Python	﻿2026-08-23T17:47:57.2262067Z Node 20 is being deprecated. This workflow is running with Node 24 by default. If you need to temporarily use Node 20, you can set the ACTIONS_ALLOW_USE_UNSECURE_NODE_VERSION=true environment variable. For more information see: https://github.blog/changelog/2025-09-19-deprecation-of-node-20-on-github-actions-runners/
dependency-test	Setup Python	2026-08-23T17:47:57.2264723Z ##[group]Run actions/setup-python@v5
dependency-test	Setup Python	2026-08-23T17:47:57.2265257Z with:
dependency-test	Setup Python	2026-08-23T17:47:57.2265671Z   python-version: 3.11
dependency-test	Setup Python	2026-08-23T17:47:57.2266139Z   check-latest: false
dependency-test	Setup Python	2026-08-23T17:47:57.2270336Z   token: ***
dependency-test	Setup Python	2026-08-23T17:47:57.2270781Z   update-environment: true
dependency-test	Setup Python	2026-08-23T17:47:57.2271285Z   allow-prereleases: false
dependency-test	Setup Python	2026-08-23T17:47:57.2271768Z   freethreaded: false
dependency-test	Setup Python	2026-08-23T17:47:57.2272212Z ##[endgroup]
dependency-test	Setup Python	2026-08-23T17:47:57.3582952Z ##[group]Installed versions
dependency-test	Setup Python	2026-08-23T17:47:57.3662117Z (node:2183) [DEP0040] DeprecationWarning: The `punycode` module is deprecated. Please use a userland alternative instead.
dependency-test	Setup Python	2026-08-23T17:47:57.3664036Z (Use `node --trace-deprecation ...` to show where the warning was created)
dependency-test	Setup Python	2026-08-23T17:47:57.3665292Z Successfully set up CPython (3.11.16)
dependency-test	Setup Python	2026-08-23T17:47:57.3666554Z ##[endgroup]
dependency-test	Install Dependencies	﻿2026-08-23T17:47:57.3860794Z ##[group]Run python -m pip install --upgrade pip
dependency-test	Install Dependencies	2026-08-23T17:47:57.3861607Z ^[[36;1mpython -m pip install --upgrade pip^[[0m
dependency-test	Install Dependencies	2026-08-23T17:47:57.3862243Z ^[[36;1mpip install -r requirements.txt^[[0m
dependency-test	Install Dependencies	2026-08-23T17:47:57.3916362Z shell: /usr/bin/bash -e {0}
dependency-test	Install Dependencies	2026-08-23T17:47:57.3917189Z env:
dependency-test	Install Dependencies	2026-08-23T17:47:57.3917726Z   pythonLocation: /opt/hostedtoolcache/Python/3.11.16/x64
dependency-test	Install Dependencies	2026-08-23T17:47:57.3918567Z   PKG_CONFIG_PATH: /opt/hostedtoolcache/Python/3.11.16/x64/lib/pkgconfig
dependency-test	Install Dependencies	2026-08-23T17:47:57.3919386Z   Python_ROOT_DIR: /opt/hostedtoolcache/Python/3.11.16/x64
dependency-test	Install Dependencies	2026-08-23T17:47:57.3920102Z   Python2_ROOT_DIR: /opt/hostedtoolcache/Python/3.11.16/x64
dependency-test	Install Dependencies	2026-08-23T17:47:57.3921784Z   Python3_ROOT_DIR: /opt/hostedtoolcache/Python/3.11.16/x64
dependency-test	Install Dependencies	2026-08-23T17:47:57.3923069Z   LD_LIBRARY_PATH: /opt/hostedtoolcache/Python/3.11.16/x64/lib
dependency-test	Install Dependencies	2026-08-23T17:47:57.3924099Z ##[endgroup]
dependency-test	Install Dependencies	2026-08-23T17:47:58.0281498Z Requirement already satisfied: pip in /opt/hostedtoolcache/Python/3.11.16/x64/lib/python3.11/site-packages (26.2.1)
dependency-test	Install Dependencies	2026-08-23T17:47:58.6069218Z Collecting pytest (from -r requirements.txt (line 1))
dependency-test	Install Dependencies	2026-08-23T17:47:58.6708085Z   Downloading pytest-9.1.1-py3-none-any.whl.metadata (7.6 kB)
dependency-test	Install Dependencies	2026-08-23T17:47:58.6867250Z Collecting iniconfig>=1.0.1 (from pytest->-r requirements.txt (line 1))
dependency-test	Install Dependencies	2026-08-23T17:47:58.6939974Z   Downloading iniconfig-2.3.0-py3-none-any.whl.metadata (2.5 kB)
dependency-test	Install Dependencies	2026-08-23T17:47:58.7117368Z Collecting packaging>=22 (from pytest->-r requirements.txt (line 1))
dependency-test	Install Dependencies	2026-08-23T17:47:58.7191070Z   Downloading packaging-26.3-py3-none-any.whl.metadata (3.5 kB)
dependency-test	Install Dependencies	2026-08-23T17:47:58.7344655Z Collecting pluggy<2,>=1.5 (from pytest->-r requirements.txt (line 1))
dependency-test	Install Dependencies	2026-08-23T17:47:58.7418743Z   Downloading pluggy-1.6.0-py3-none-any.whl.metadata (4.8 kB)
dependency-test	Install Dependencies	2026-08-23T17:47:58.7637591Z Collecting pygments>=2.7.2 (from pytest->-r requirements.txt (line 1))
dependency-test	Install Dependencies	2026-08-23T17:47:58.7717033Z   Downloading pygments-2.21.0-py3-none-any.whl.metadata (2.5 kB)
dependency-test	Install Dependencies	2026-08-23T17:47:58.7833153Z Downloading pytest-9.1.1-py3-none-any.whl (386 kB)
dependency-test	Install Dependencies	2026-08-23T17:47:58.8243072Z Downloading pluggy-1.6.0-py3-none-any.whl (20 kB)
dependency-test	Install Dependencies	2026-08-23T17:47:58.8333779Z Downloading iniconfig-2.3.0-py3-none-any.whl (7.5 kB)
dependency-test	Install Dependencies	2026-08-23T17:47:58.8425086Z Downloading packaging-26.3-py3-none-any.whl (129 kB)
dependency-test	Install Dependencies	2026-08-23T17:47:58.8572429Z Downloading pygments-2.21.0-py3-none-any.whl (1.3 MB)
dependency-test	Install Dependencies	2026-08-23T17:47:58.9157007Z    ━━━━━━━━━━━━━━━━━━━━━━━━━━━━━━━━━━━━━━━━ 1.3/1.3 MB 23.1 MB/s  0:00:00
dependency-test	Install Dependencies	2026-08-23T17:47:58.9622084Z Installing collected packages: pygments, pluggy, packaging, iniconfig, pytest
dependency-test	Install Dependencies	2026-08-23T17:47:59.9599175Z 
dependency-test	Install Dependencies	2026-08-23T17:47:59.9609032Z Successfully installed iniconfig-2.3.0 packaging-26.3 pluggy-1.6.0 pygments-2.21.0 pytest-9.1.1
dependency-test	Check App Syntax	﻿2026-08-23T17:48:00.0156189Z ##[group]Run python -c "import app"
dependency-test	Check App Syntax	2026-08-23T17:48:00.0156628Z ^[[36;1mpython -c "import app"^[[0m
dependency-test	Check App Syntax	2026-08-23T17:48:00.0200420Z shell: /usr/bin/bash -e {0}
dependency-test	Check App Syntax	2026-08-23T17:48:00.0200738Z env:
dependency-test	Check App Syntax	2026-08-23T17:48:00.0201065Z   pythonLocation: /opt/hostedtoolcache/Python/3.11.16/x64
dependency-test	Check App Syntax	2026-08-23T17:48:00.0201564Z   PKG_CONFIG_PATH: /opt/hostedtoolcache/Python/3.11.16/x64/lib/pkgconfig
dependency-test	Check App Syntax	2026-08-23T17:48:00.0202044Z   Python_ROOT_DIR: /opt/hostedtoolcache/Python/3.11.16/x64
dependency-test	Check App Syntax	2026-08-23T17:48:00.0202498Z   Python2_ROOT_DIR: /opt/hostedtoolcache/Python/3.11.16/x64
dependency-test	Check App Syntax	2026-08-23T17:48:00.0202932Z   Python3_ROOT_DIR: /opt/hostedtoolcache/Python/3.11.16/x64
dependency-test	Check App Syntax	2026-08-23T17:48:00.0203389Z   LD_LIBRARY_PATH: /opt/hostedtoolcache/Python/3.11.16/x64/lib
dependency-test	Check App Syntax	2026-08-23T17:48:00.0203778Z ##[endgroup]
dependency-test	Check App Syntax	2026-08-23T17:48:00.0378225Z Traceback (most recent call last):
dependency-test	Check App Syntax	2026-08-23T17:48:00.0384652Z   File "<string>", line 1, in <module>
dependency-test	Check App Syntax	2026-08-23T17:48:00.0385432Z   File "/home/runner/work/dependency-error-repo/dependency-error-repo/app.py", line 4
dependency-test	Check App Syntax	2026-08-23T17:48:00.0386003Z     data = {"key": "value", "broken":}
dependency-test	Check App Syntax	2026-08-23T17:48:00.0386332Z                                     ^
dependency-test	Check App Syntax	2026-08-23T17:48:00.0386909Z SyntaxError: expression expected after dictionary key and ':'
dependency-test	Check App Syntax	2026-08-23T17:48:00.0413684Z ##[error]Process completed with exit code 1.
dependency-test	Post Checkout Repository	﻿2026-08-23T17:48:00.0555985Z Node 20 is being deprecated. This workflow is running with Node 24 by default. If you need to temporarily use Node 20, you can set the ACTIONS_ALLOW_USE_UNSECURE_NODE_VERSION=true environment variable. For more information see: https://github.blog/changelog/2025-09-19-deprecation-of-node-20-on-github-actions-runners/
dependency-test	Post Checkout Repository	2026-08-23T17:48:00.0557518Z Post job cleanup.
dependency-test	Post Checkout Repository	2026-08-23T17:48:00.1404783Z [command]/usr/bin/git version
dependency-test	Post Checkout Repository	2026-08-23T17:48:00.1482119Z git version 2.55.0
dependency-test	Post Checkout Repository	2026-08-23T17:48:00.1522918Z Temporarily overriding HOME='/home/runner/work/_temp/22baf5aa-27f0-4ede-9062-9794f0d59ab5' before making global git config changes
dependency-test	Post Checkout Repository	2026-08-23T17:48:00.1524092Z Adding repository directory to the temporary git global config as a safe directory
dependency-test	Post Checkout Repository	2026-08-23T17:48:00.1528722Z [command]/usr/bin/git config --global --add safe.directory /home/runner/work/dependency-error-repo/dependency-error-repo
dependency-test	Post Checkout Repository	2026-08-23T17:48:00.1572365Z [command]/usr/bin/git config --local --name-only --get-regexp core\.sshCommand
dependency-test	Post Checkout Repository	2026-08-23T17:48:00.1609702Z [command]/usr/bin/git submodule foreach --recursive sh -c "git config --local --name-only --get-regexp 'core\.sshCommand' && git config --local --unset-all 'core.sshCommand' || :"
dependency-test	Post Checkout Repository	2026-08-23T17:48:00.1876359Z [command]/usr/bin/git config --local --name-only --get-regexp http\.https\:\/\/github\.com\/\.extraheader
dependency-test	Post Checkout Repository	2026-08-23T17:48:00.1903559Z http.https://github.com/.extraheader
dependency-test	Post Checkout Repository	2026-08-23T17:48:00.1916232Z [command]/usr/bin/git config --local --unset-all http.https://github.com/.extraheader
dependency-test	Post Checkout Repository	2026-08-23T17:48:00.1953879Z [command]/usr/bin/git submodule foreach --recursive sh -c "git config --local --name-only --get-regexp 'http\.https\:\/\/github\.com\/\.extraheader' && git config --local --unset-all 'http.https://github.com/.extraheader' || :"
dependency-test	Post Checkout Repository	2026-08-23T17:48:00.2223858Z [command]/usr/bin/git config --local --name-only --get-regexp ^includeIf\.gitdir:
dependency-test	Post Checkout Repository	2026-08-23T17:48:00.2269015Z [command]/usr/bin/git submodule foreach --recursive git config --local --show-origin --name-only --get-regexp remote.origin.url
dependency-test	Complete job	﻿2026-08-23T17:48:00.2704502Z Cleaning up orphan processes
dependency-test	Complete job	2026-08-23T17:48:00.2986990Z ##[warning]Node.js 20 is deprecated. The following actions target Node.js 20 but are being forced to run on Node.js 24: actions/checkout@v4, actions/setup-python@v5. For more information see: https://github.blog/changelog/2025-09-19-deprecation-of-node-20-on-github-actions-runners/