dependency-test	Set up job	﻿2026-08-27T12:39:11.6047179Z Current runner version: '2.336.0'
dependency-test	Set up job	2026-08-27T12:39:11.6072754Z ##[group]Runner Image Provisioner
dependency-test	Set up job	2026-08-27T12:39:11.6073772Z Hosted Compute Agent
dependency-test	Set up job	2026-08-27T12:39:11.6074394Z Version: 20260819.586
dependency-test	Set up job	2026-08-27T12:39:11.6075056Z Commit: 3cc4a88dfa507ef76119ad1bb3eccc6378bb2b76
dependency-test	Set up job	2026-08-27T12:39:11.6075859Z Build Date: 2026-08-18T23:20:18Z
dependency-test	Set up job	2026-08-27T12:39:11.6076554Z Worker ID: {da52fe32-f87c-4b38-8e69-ce28c1ee6a6d}
dependency-test	Set up job	2026-08-27T12:39:11.6077321Z Azure Region: westus
dependency-test	Set up job	2026-08-27T12:39:11.6077992Z ##[endgroup]
dependency-test	Set up job	2026-08-27T12:39:11.6079680Z ##[group]Operating System
dependency-test	Set up job	2026-08-27T12:39:11.6080461Z Ubuntu
dependency-test	Set up job	2026-08-27T12:39:11.6080999Z 24.04.4
dependency-test	Set up job	2026-08-27T12:39:11.6081552Z LTS
dependency-test	Set up job	2026-08-27T12:39:11.6082094Z ##[endgroup]
dependency-test	Set up job	2026-08-27T12:39:11.6082728Z ##[group]Runner Image
dependency-test	Set up job	2026-08-27T12:39:11.6083387Z Image: ubuntu-24.04
dependency-test	Set up job	2026-08-27T12:39:11.6083959Z Version: 20260823.283.1
dependency-test	Set up job	2026-08-27T12:39:11.6085026Z Included Software: https://github.com/actions/runner-images/blob/ubuntu24/20260823.283/images/ubuntu/Ubuntu2404-Readme.md
dependency-test	Set up job	2026-08-27T12:39:11.6086907Z Image Release: https://github.com/actions/runner-images/releases/tag/ubuntu24%2F20260823.283
dependency-test	Set up job	2026-08-27T12:39:11.6088293Z ##[endgroup]
dependency-test	Set up job	2026-08-27T12:39:11.6089739Z ##[group]GITHUB_TOKEN Permissions
dependency-test	Set up job	2026-08-27T12:39:11.6091730Z Contents: read
dependency-test	Set up job	2026-08-27T12:39:11.6092450Z Metadata: read
dependency-test	Set up job	2026-08-27T12:39:11.6093416Z Packages: read
dependency-test	Set up job	2026-08-27T12:39:11.6094037Z ##[endgroup]
dependency-test	Set up job	2026-08-27T12:39:11.6096052Z Secret source: Actions
dependency-test	Set up job	2026-08-27T12:39:11.6097232Z Prepare workflow directory
dependency-test	Set up job	2026-08-27T12:39:11.6460672Z Prepare all required actions
dependency-test	Set up job	2026-08-27T12:39:11.6535734Z Getting action download info
dependency-test	Set up job	2026-08-27T12:39:11.9984293Z Download action repository 'actions/checkout@v4' (SHA:11d5960a326750d5838078e36cf38b85af677262)
dependency-test	Set up job	2026-08-27T12:39:12.1397207Z Download action repository 'actions/setup-python@v5' (SHA:a26af69be951a213d495a4c3e4e4022e16d87065)
dependency-test	Set up job	2026-08-27T12:39:12.3561250Z Complete job name: dependency-test
dependency-test	Checkout Repository	﻿2026-08-27T12:39:12.4323031Z Node 20 is being deprecated. This workflow is running with Node 24 by default. If you need to temporarily use Node 20, you can set the ACTIONS_ALLOW_USE_UNSECURE_NODE_VERSION=true environment variable. For more information see: https://github.blog/changelog/2025-09-19-deprecation-of-node-20-on-github-actions-runners/
dependency-test	Checkout Repository	2026-08-27T12:39:12.4331977Z ##[group]Run actions/checkout@v4
dependency-test	Checkout Repository	2026-08-27T12:39:12.4332744Z with:
dependency-test	Checkout Repository	2026-08-27T12:39:12.4333257Z   repository: DhruvHegde/dependency-error-repo
dependency-test	Checkout Repository	2026-08-27T12:39:12.4336914Z   token: ***
dependency-test	Checkout Repository	2026-08-27T12:39:12.4337357Z   ssh-strict: true
dependency-test	Checkout Repository	2026-08-27T12:39:12.4337800Z   ssh-user: git
dependency-test	Checkout Repository	2026-08-27T12:39:12.4338253Z   persist-credentials: true
dependency-test	Checkout Repository	2026-08-27T12:39:12.4338977Z   clean: true
dependency-test	Checkout Repository	2026-08-27T12:39:12.4339436Z   sparse-checkout-cone-mode: true
dependency-test	Checkout Repository	2026-08-27T12:39:12.4340097Z   fetch-depth: 1
dependency-test	Checkout Repository	2026-08-27T12:39:12.4340686Z   fetch-tags: false
dependency-test	Checkout Repository	2026-08-27T12:39:12.4341137Z   show-progress: true
dependency-test	Checkout Repository	2026-08-27T12:39:12.4341580Z   lfs: false
dependency-test	Checkout Repository	2026-08-27T12:39:12.4341995Z   submodules: false
dependency-test	Checkout Repository	2026-08-27T12:39:12.4342487Z   set-safe-directory: true
dependency-test	Checkout Repository	2026-08-27T12:39:12.4343005Z   allow-unsafe-pr-checkout: false
dependency-test	Checkout Repository	2026-08-27T12:39:12.4343820Z ##[endgroup]
dependency-test	Checkout Repository	2026-08-27T12:39:12.5345583Z Syncing repository: DhruvHegde/dependency-error-repo
dependency-test	Checkout Repository	2026-08-27T12:39:12.5348472Z ##[group]Getting Git version info
dependency-test	Checkout Repository	2026-08-27T12:39:12.5350164Z Working directory is '/home/runner/work/dependency-error-repo/dependency-error-repo'
dependency-test	Checkout Repository	2026-08-27T12:39:12.5352251Z [command]/usr/bin/git version
dependency-test	Checkout Repository	2026-08-27T12:39:12.5399986Z git version 2.55.0
dependency-test	Checkout Repository	2026-08-27T12:39:12.5472158Z ##[endgroup]
dependency-test	Checkout Repository	2026-08-27T12:39:12.5480702Z Temporarily overriding HOME='/home/runner/work/_temp/3b456c90-ece8-485d-a86b-6ac3cdcae257' before making global git config changes
dependency-test	Checkout Repository	2026-08-27T12:39:12.5483157Z Adding repository directory to the temporary git global config as a safe directory
dependency-test	Checkout Repository	2026-08-27T12:39:12.5485543Z [command]/usr/bin/git config --global --add safe.directory /home/runner/work/dependency-error-repo/dependency-error-repo
dependency-test	Checkout Repository	2026-08-27T12:39:12.5546556Z Deleting the contents of '/home/runner/work/dependency-error-repo/dependency-error-repo'
dependency-test	Checkout Repository	2026-08-27T12:39:12.5551845Z ##[group]Initializing the repository
dependency-test	Checkout Repository	2026-08-27T12:39:12.5558090Z [command]/usr/bin/git init /home/runner/work/dependency-error-repo/dependency-error-repo
dependency-test	Checkout Repository	2026-08-27T12:39:12.5659899Z hint: Using 'master' as the name for the initial branch. This default branch name
dependency-test	Checkout Repository	2026-08-27T12:39:12.5661718Z hint: will change to "main" in Git 3.0. To configure the initial branch name
dependency-test	Checkout Repository	2026-08-27T12:39:12.5663060Z hint: to use in all of your new repositories, which will suppress this warning,
dependency-test	Checkout Repository	2026-08-27T12:39:12.5664402Z hint: call:
dependency-test	Checkout Repository	2026-08-27T12:39:12.5665205Z hint:
dependency-test	Checkout Repository	2026-08-27T12:39:12.5666154Z hint: 	git config --global init.defaultBranch <name>
dependency-test	Checkout Repository	2026-08-27T12:39:12.5667291Z hint:
dependency-test	Checkout Repository	2026-08-27T12:39:12.5668365Z hint: Names commonly chosen instead of 'master' are 'main', 'trunk' and
dependency-test	Checkout Repository	2026-08-27T12:39:12.5670349Z hint: 'development'. The just-created branch can be renamed via this command:
dependency-test	Checkout Repository	2026-08-27T12:39:12.5671692Z hint:
dependency-test	Checkout Repository	2026-08-27T12:39:12.5672437Z hint: 	git branch -m <name>
dependency-test	Checkout Repository	2026-08-27T12:39:12.5673265Z hint:
dependency-test	Checkout Repository	2026-08-27T12:39:12.5674410Z hint: Disable this message with "git config set advice.defaultBranchName false"
dependency-test	Checkout Repository	2026-08-27T12:39:12.5676573Z Initialized empty Git repository in /home/runner/work/dependency-error-repo/dependency-error-repo/.git/
dependency-test	Checkout Repository	2026-08-27T12:39:12.5680094Z [command]/usr/bin/git remote add origin https://github.com/DhruvHegde/dependency-error-repo
dependency-test	Checkout Repository	2026-08-27T12:39:12.5727357Z ##[endgroup]
dependency-test	Checkout Repository	2026-08-27T12:39:12.5728268Z ##[group]Disabling automatic garbage collection
dependency-test	Checkout Repository	2026-08-27T12:39:12.5733144Z [command]/usr/bin/git config --local gc.auto 0
dependency-test	Checkout Repository	2026-08-27T12:39:12.5771871Z ##[endgroup]
dependency-test	Checkout Repository	2026-08-27T12:39:12.5773572Z ##[group]Setting up auth
dependency-test	Checkout Repository	2026-08-27T12:39:12.5779804Z [command]/usr/bin/git config --local --name-only --get-regexp core\.sshCommand
dependency-test	Checkout Repository	2026-08-27T12:39:12.5821486Z [command]/usr/bin/git submodule foreach --recursive sh -c "git config --local --name-only --get-regexp 'core\.sshCommand' && git config --local --unset-all 'core.sshCommand' || :"
dependency-test	Checkout Repository	2026-08-27T12:39:12.6216886Z [command]/usr/bin/git config --local --name-only --get-regexp http\.https\:\/\/github\.com\/\.extraheader
dependency-test	Checkout Repository	2026-08-27T12:39:12.6262797Z [command]/usr/bin/git submodule foreach --recursive sh -c "git config --local --name-only --get-regexp 'http\.https\:\/\/github\.com\/\.extraheader' && git config --local --unset-all 'http.https://github.com/.extraheader' || :"
dependency-test	Checkout Repository	2026-08-27T12:39:12.6488077Z [command]/usr/bin/git config --local --name-only --get-regexp ^includeIf\.gitdir:
dependency-test	Checkout Repository	2026-08-27T12:39:12.6526113Z [command]/usr/bin/git submodule foreach --recursive git config --local --show-origin --name-only --get-regexp remote.origin.url
dependency-test	Checkout Repository	2026-08-27T12:39:12.6755405Z [command]/usr/bin/git config --local http.https://github.com/.extraheader AUTHORIZATION: basic ***
dependency-test	Checkout Repository	2026-08-27T12:39:12.6796828Z ##[endgroup]
dependency-test	Checkout Repository	2026-08-27T12:39:12.6798253Z ##[group]Fetching the repository
dependency-test	Checkout Repository	2026-08-27T12:39:12.6809516Z [command]/usr/bin/git -c protocol.version=2 fetch --no-tags --prune --no-recurse-submodules --depth=1 origin +c9fa1f0774d8a637318915b0ab02d31094a9147a:refs/remotes/origin/feature/syntax-errors
dependency-test	Checkout Repository	2026-08-27T12:39:13.1696907Z From https://github.com/DhruvHegde/dependency-error-repo
dependency-test	Checkout Repository	2026-08-27T12:39:13.1698933Z  * [new ref]         c9fa1f0774d8a637318915b0ab02d31094a9147a -> origin/feature/syntax-errors
dependency-test	Checkout Repository	2026-08-27T12:39:13.1703160Z ##[endgroup]
dependency-test	Checkout Repository	2026-08-27T12:39:13.1707102Z ##[group]Determining the checkout info
dependency-test	Checkout Repository	2026-08-27T12:39:13.1708897Z ##[endgroup]
dependency-test	Checkout Repository	2026-08-27T12:39:13.1714285Z [command]/usr/bin/git sparse-checkout disable
dependency-test	Checkout Repository	2026-08-27T12:39:13.1765293Z [command]/usr/bin/git config --local --unset-all extensions.worktreeConfig
dependency-test	Checkout Repository	2026-08-27T12:39:13.1797608Z ##[group]Checking out the ref
dependency-test	Checkout Repository	2026-08-27T12:39:13.1803867Z [command]/usr/bin/git checkout --progress --force -B feature/syntax-errors refs/remotes/origin/feature/syntax-errors
dependency-test	Checkout Repository	2026-08-27T12:39:13.1987975Z Switched to a new branch 'feature/syntax-errors'
dependency-test	Checkout Repository	2026-08-27T12:39:13.1993586Z branch 'feature/syntax-errors' set up to track 'origin/feature/syntax-errors'.
dependency-test	Checkout Repository	2026-08-27T12:39:13.1999683Z ##[endgroup]
dependency-test	Checkout Repository	2026-08-27T12:39:13.2041187Z [command]/usr/bin/git log -1 --format=%H
dependency-test	Checkout Repository	2026-08-27T12:39:13.2068245Z c9fa1f0774d8a637318915b0ab02d31094a9147a
dependency-test	Setup Python	﻿2026-08-27T12:39:13.2347848Z Node 20 is being deprecated. This workflow is running with Node 24 by default. If you need to temporarily use Node 20, you can set the ACTIONS_ALLOW_USE_UNSECURE_NODE_VERSION=true environment variable. For more information see: https://github.blog/changelog/2025-09-19-deprecation-of-node-20-on-github-actions-runners/
dependency-test	Setup Python	2026-08-27T12:39:13.2350827Z ##[group]Run actions/setup-python@v5
dependency-test	Setup Python	2026-08-27T12:39:13.2351379Z with:
dependency-test	Setup Python	2026-08-27T12:39:13.2351787Z   python-version: 3.11
dependency-test	Setup Python	2026-08-27T12:39:13.2352256Z   check-latest: false
dependency-test	Setup Python	2026-08-27T12:39:13.2355751Z   token: ***
dependency-test	Setup Python	2026-08-27T12:39:13.2356203Z   update-environment: true
dependency-test	Setup Python	2026-08-27T12:39:13.2356707Z   allow-prereleases: false
dependency-test	Setup Python	2026-08-27T12:39:13.2357199Z   freethreaded: false
dependency-test	Setup Python	2026-08-27T12:39:13.2357643Z ##[endgroup]
dependency-test	Setup Python	2026-08-27T12:39:13.3661630Z ##[group]Installed versions
dependency-test	Setup Python	2026-08-27T12:39:13.4110595Z (node:2297) [DEP0040] DeprecationWarning: The `punycode` module is deprecated. Please use a userland alternative instead.
dependency-test	Setup Python	2026-08-27T12:39:13.4113335Z Successfully set up CPython (3.11.16)
dependency-test	Setup Python	2026-08-27T12:39:13.4115251Z (Use `node --trace-deprecation ...` to show where the warning was created)
dependency-test	Setup Python	2026-08-27T12:39:13.4122690Z ##[endgroup]
dependency-test	Install Dependencies	﻿2026-08-27T12:39:13.4331175Z ##[group]Run python -m pip install --upgrade pip
dependency-test	Install Dependencies	2026-08-27T12:39:13.4332521Z ^[[36;1mpython -m pip install --upgrade pip^[[0m
dependency-test	Install Dependencies	2026-08-27T12:39:13.4333579Z ^[[36;1mpip install -r requirements.txt^[[0m
dependency-test	Install Dependencies	2026-08-27T12:39:13.4469852Z shell: /usr/bin/bash -e {0}
dependency-test	Install Dependencies	2026-08-27T12:39:13.4471316Z env:
dependency-test	Install Dependencies	2026-08-27T12:39:13.4472217Z   pythonLocation: /opt/hostedtoolcache/Python/3.11.16/x64
dependency-test	Install Dependencies	2026-08-27T12:39:13.4473964Z   PKG_CONFIG_PATH: /opt/hostedtoolcache/Python/3.11.16/x64/lib/pkgconfig
dependency-test	Install Dependencies	2026-08-27T12:39:13.4475490Z   Python_ROOT_DIR: /opt/hostedtoolcache/Python/3.11.16/x64
dependency-test	Install Dependencies	2026-08-27T12:39:13.4476797Z   Python2_ROOT_DIR: /opt/hostedtoolcache/Python/3.11.16/x64
dependency-test	Install Dependencies	2026-08-27T12:39:13.4478176Z   Python3_ROOT_DIR: /opt/hostedtoolcache/Python/3.11.16/x64
dependency-test	Install Dependencies	2026-08-27T12:39:13.4479813Z   LD_LIBRARY_PATH: /opt/hostedtoolcache/Python/3.11.16/x64/lib
dependency-test	Install Dependencies	2026-08-27T12:39:13.4480917Z ##[endgroup]
dependency-test	Install Dependencies	2026-08-27T12:39:15.9867637Z Requirement already satisfied: pip in /opt/hostedtoolcache/Python/3.11.16/x64/lib/python3.11/site-packages (26.2.1)
dependency-test	Install Dependencies	2026-08-27T12:39:16.6376882Z Collecting pytest (from -r requirements.txt (line 1))
dependency-test	Install Dependencies	2026-08-27T12:39:16.6839206Z   Downloading pytest-9.1.1-py3-none-any.whl.metadata (7.6 kB)
dependency-test	Install Dependencies	2026-08-27T12:39:16.6964143Z Collecting iniconfig>=1.0.1 (from pytest->-r requirements.txt (line 1))
dependency-test	Install Dependencies	2026-08-27T12:39:16.6992562Z   Downloading iniconfig-2.3.0-py3-none-any.whl.metadata (2.5 kB)
dependency-test	Install Dependencies	2026-08-27T12:39:16.7130459Z Collecting packaging>=22 (from pytest->-r requirements.txt (line 1))
dependency-test	Install Dependencies	2026-08-27T12:39:16.7158804Z   Downloading packaging-26.3-py3-none-any.whl.metadata (3.5 kB)
dependency-test	Install Dependencies	2026-08-27T12:39:16.7273594Z Collecting pluggy<2,>=1.5 (from pytest->-r requirements.txt (line 1))
dependency-test	Install Dependencies	2026-08-27T12:39:16.7302440Z   Downloading pluggy-1.6.0-py3-none-any.whl.metadata (4.8 kB)
dependency-test	Install Dependencies	2026-08-27T12:39:16.7474821Z Collecting pygments>=2.7.2 (from pytest->-r requirements.txt (line 1))
dependency-test	Install Dependencies	2026-08-27T12:39:16.7502648Z   Downloading pygments-2.21.0-py3-none-any.whl.metadata (2.5 kB)
dependency-test	Install Dependencies	2026-08-27T12:39:16.7578090Z Downloading pytest-9.1.1-py3-none-any.whl (386 kB)
dependency-test	Install Dependencies	2026-08-27T12:39:16.7761133Z Downloading pluggy-1.6.0-py3-none-any.whl (20 kB)
dependency-test	Install Dependencies	2026-08-27T12:39:16.7807434Z Downloading iniconfig-2.3.0-py3-none-any.whl (7.5 kB)
dependency-test	Install Dependencies	2026-08-27T12:39:16.7857795Z Downloading packaging-26.3-py3-none-any.whl (129 kB)
dependency-test	Install Dependencies	2026-08-27T12:39:16.7911320Z Downloading pygments-2.21.0-py3-none-any.whl (1.3 MB)
dependency-test	Install Dependencies	2026-08-27T12:39:16.8027219Z    ━━━━━━━━━━━━━━━━━━━━━━━━━━━━━━━━━━━━━━━━ 1.3/1.3 MB 121.3 MB/s  0:00:00
dependency-test	Install Dependencies	2026-08-27T12:39:16.8642648Z Installing collected packages: pygments, pluggy, packaging, iniconfig, pytest
dependency-test	Install Dependencies	2026-08-27T12:39:17.8173017Z 
dependency-test	Install Dependencies	2026-08-27T12:39:17.8182906Z Successfully installed iniconfig-2.3.0 packaging-26.3 pluggy-1.6.0 pygments-2.21.0 pytest-9.1.1
dependency-test	Check App Syntax	﻿2026-08-27T12:39:17.8680346Z ##[group]Run python -c "import app"
dependency-test	Check App Syntax	2026-08-27T12:39:17.8680718Z ^[[36;1mpython -c "import app"^[[0m
dependency-test	Check App Syntax	2026-08-27T12:39:17.8720202Z shell: /usr/bin/bash -e {0}
dependency-test	Check App Syntax	2026-08-27T12:39:17.8720470Z env:
dependency-test	Check App Syntax	2026-08-27T12:39:17.8720744Z   pythonLocation: /opt/hostedtoolcache/Python/3.11.16/x64
dependency-test	Check App Syntax	2026-08-27T12:39:17.8721195Z   PKG_CONFIG_PATH: /opt/hostedtoolcache/Python/3.11.16/x64/lib/pkgconfig
dependency-test	Check App Syntax	2026-08-27T12:39:17.8721633Z   Python_ROOT_DIR: /opt/hostedtoolcache/Python/3.11.16/x64
dependency-test	Check App Syntax	2026-08-27T12:39:17.8722018Z   Python2_ROOT_DIR: /opt/hostedtoolcache/Python/3.11.16/x64
dependency-test	Check App Syntax	2026-08-27T12:39:17.8722405Z   Python3_ROOT_DIR: /opt/hostedtoolcache/Python/3.11.16/x64
dependency-test	Check App Syntax	2026-08-27T12:39:17.8722817Z   LD_LIBRARY_PATH: /opt/hostedtoolcache/Python/3.11.16/x64/lib
dependency-test	Check App Syntax	2026-08-27T12:39:17.8723155Z ##[endgroup]
dependency-test	Check App Syntax	2026-08-27T12:39:17.8883526Z Traceback (most recent call last):
dependency-test	Check App Syntax	2026-08-27T12:39:17.8888444Z   File "<string>", line 1, in <module>
dependency-test	Check App Syntax	2026-08-27T12:39:17.8889666Z   File "/home/runner/work/dependency-error-repo/dependency-error-repo/app.py", line 4
dependency-test	Check App Syntax	2026-08-27T12:39:17.8890250Z     1 = x
dependency-test	Check App Syntax	2026-08-27T12:39:17.8890474Z     ^
dependency-test	Check App Syntax	2026-08-27T12:39:17.8890867Z SyntaxError: cannot assign to literal here. Maybe you meant '==' instead of '='?
dependency-test	Check App Syntax	2026-08-27T12:39:17.8917794Z ##[error]Process completed with exit code 1.
dependency-test	Post Checkout Repository	﻿2026-08-27T12:39:17.9060288Z Node 20 is being deprecated. This workflow is running with Node 24 by default. If you need to temporarily use Node 20, you can set the ACTIONS_ALLOW_USE_UNSECURE_NODE_VERSION=true environment variable. For more information see: https://github.blog/changelog/2025-09-19-deprecation-of-node-20-on-github-actions-runners/
dependency-test	Post Checkout Repository	2026-08-27T12:39:17.9061572Z Post job cleanup.
dependency-test	Post Checkout Repository	2026-08-27T12:39:17.9922070Z [command]/usr/bin/git version
dependency-test	Post Checkout Repository	2026-08-27T12:39:17.9966290Z git version 2.55.0
dependency-test	Post Checkout Repository	2026-08-27T12:39:18.0006947Z Temporarily overriding HOME='/home/runner/work/_temp/0b716528-e1b5-4fff-9352-2633102c5bd6' before making global git config changes
dependency-test	Post Checkout Repository	2026-08-27T12:39:18.0008342Z Adding repository directory to the temporary git global config as a safe directory
dependency-test	Post Checkout Repository	2026-08-27T12:39:18.0014396Z [command]/usr/bin/git config --global --add safe.directory /home/runner/work/dependency-error-repo/dependency-error-repo
dependency-test	Post Checkout Repository	2026-08-27T12:39:18.0053602Z [command]/usr/bin/git config --local --name-only --get-regexp core\.sshCommand
dependency-test	Post Checkout Repository	2026-08-27T12:39:18.0089593Z [command]/usr/bin/git submodule foreach --recursive sh -c "git config --local --name-only --get-regexp 'core\.sshCommand' && git config --local --unset-all 'core.sshCommand' || :"
dependency-test	Post Checkout Repository	2026-08-27T12:39:18.0386482Z [command]/usr/bin/git config --local --name-only --get-regexp http\.https\:\/\/github\.com\/\.extraheader
dependency-test	Post Checkout Repository	2026-08-27T12:39:18.0422005Z http.https://github.com/.extraheader
dependency-test	Post Checkout Repository	2026-08-27T12:39:18.0451131Z [command]/usr/bin/git config --local --unset-all http.https://github.com/.extraheader
dependency-test	Post Checkout Repository	2026-08-27T12:39:18.0482439Z [command]/usr/bin/git submodule foreach --recursive sh -c "git config --local --name-only --get-regexp 'http\.https\:\/\/github\.com\/\.extraheader' && git config --local --unset-all 'http.https://github.com/.extraheader' || :"
dependency-test	Post Checkout Repository	2026-08-27T12:39:18.0851996Z [command]/usr/bin/git config --local --name-only --get-regexp ^includeIf\.gitdir:
dependency-test	Post Checkout Repository	2026-08-27T12:39:18.0901512Z [command]/usr/bin/git submodule foreach --recursive git config --local --show-origin --name-only --get-regexp remote.origin.url
dependency-test	Complete job	﻿2026-08-27T12:39:18.1320591Z Cleaning up orphan processes
dependency-test	Complete job	2026-08-27T12:39:18.1600494Z ##[warning]Node.js 20 is deprecated. The following actions target Node.js 20 but are being forced to run on Node.js 24: actions/checkout@v4, actions/setup-python@v5. For more information see: https://github.blog/changelog/2025-09-19-deprecation-of-node-20-on-github-actions-runners/