dependency-test	Set up job	﻿2026-08-27T13:31:37.1559164Z Current runner version: '2.336.0'
dependency-test	Set up job	2026-08-27T13:31:37.1581778Z ##[group]Runner Image Provisioner
dependency-test	Set up job	2026-08-27T13:31:37.1582679Z Hosted Compute Agent
dependency-test	Set up job	2026-08-27T13:31:37.1583159Z Version: 20260819.586
dependency-test	Set up job	2026-08-27T13:31:37.1583658Z Commit: 3cc4a88dfa507ef76119ad1bb3eccc6378bb2b76
dependency-test	Set up job	2026-08-27T13:31:37.1584311Z Build Date: 2026-08-18T23:20:18Z
dependency-test	Set up job	2026-08-27T13:31:37.1584865Z Worker ID: {41535b30-d2e8-42ee-9957-a8d5d202d7b4}
dependency-test	Set up job	2026-08-27T13:31:37.1585484Z Azure Region: westus3
dependency-test	Set up job	2026-08-27T13:31:37.1585977Z ##[endgroup]
dependency-test	Set up job	2026-08-27T13:31:37.1587081Z ##[group]Operating System
dependency-test	Set up job	2026-08-27T13:31:37.1587640Z Ubuntu
dependency-test	Set up job	2026-08-27T13:31:37.1588076Z 24.04.4
dependency-test	Set up job	2026-08-27T13:31:37.1588586Z LTS
dependency-test	Set up job	2026-08-27T13:31:37.1589020Z ##[endgroup]
dependency-test	Set up job	2026-08-27T13:31:37.1589471Z ##[group]Runner Image
dependency-test	Set up job	2026-08-27T13:31:37.1590002Z Image: ubuntu-24.04
dependency-test	Set up job	2026-08-27T13:31:37.1590774Z Version: 20260823.283.1
dependency-test	Set up job	2026-08-27T13:31:37.1591664Z Included Software: https://github.com/actions/runner-images/blob/ubuntu24/20260823.283/images/ubuntu/Ubuntu2404-Readme.md
dependency-test	Set up job	2026-08-27T13:31:37.1593162Z Image Release: https://github.com/actions/runner-images/releases/tag/ubuntu24%2F20260823.283
dependency-test	Set up job	2026-08-27T13:31:37.1593981Z ##[endgroup]
dependency-test	Set up job	2026-08-27T13:31:37.1594999Z ##[group]GITHUB_TOKEN Permissions
dependency-test	Set up job	2026-08-27T13:31:37.1596607Z Contents: read
dependency-test	Set up job	2026-08-27T13:31:37.1597113Z Metadata: read
dependency-test	Set up job	2026-08-27T13:31:37.1597939Z Packages: read
dependency-test	Set up job	2026-08-27T13:31:37.1598469Z ##[endgroup]
dependency-test	Set up job	2026-08-27T13:31:37.1600265Z Secret source: Actions
dependency-test	Set up job	2026-08-27T13:31:37.1601379Z Prepare workflow directory
dependency-test	Set up job	2026-08-27T13:31:37.1902880Z Prepare all required actions
dependency-test	Set up job	2026-08-27T13:31:37.1953125Z Getting action download info
dependency-test	Set up job	2026-08-27T13:31:37.4803531Z Download action repository 'actions/checkout@v4' (SHA:11d5960a326750d5838078e36cf38b85af677262)
dependency-test	Set up job	2026-08-27T13:31:37.9922866Z Download action repository 'actions/setup-python@v5' (SHA:a26af69be951a213d495a4c3e4e4022e16d87065)
dependency-test	Set up job	2026-08-27T13:31:38.2238469Z Complete job name: dependency-test
dependency-test	Checkout Repository	﻿2026-08-27T13:31:38.2877881Z Node 20 is being deprecated. This workflow is running with Node 24 by default. If you need to temporarily use Node 20, you can set the ACTIONS_ALLOW_USE_UNSECURE_NODE_VERSION=true environment variable. For more information see: https://github.blog/changelog/2025-09-19-deprecation-of-node-20-on-github-actions-runners/
dependency-test	Checkout Repository	2026-08-27T13:31:38.2885041Z ##[group]Run actions/checkout@v4
dependency-test	Checkout Repository	2026-08-27T13:31:38.2885652Z with:
dependency-test	Checkout Repository	2026-08-27T13:31:38.2886064Z   repository: DhruvHegde/dependency-error-repo
dependency-test	Checkout Repository	2026-08-27T13:31:38.2889283Z   token: ***
dependency-test	Checkout Repository	2026-08-27T13:31:38.2889649Z   ssh-strict: true
dependency-test	Checkout Repository	2026-08-27T13:31:38.2890017Z   ssh-user: git
dependency-test	Checkout Repository	2026-08-27T13:31:38.2890388Z   persist-credentials: true
dependency-test	Checkout Repository	2026-08-27T13:31:38.2891036Z   clean: true
dependency-test	Checkout Repository	2026-08-27T13:31:38.2891409Z   sparse-checkout-cone-mode: true
dependency-test	Checkout Repository	2026-08-27T13:31:38.2891836Z   fetch-depth: 1
dependency-test	Checkout Repository	2026-08-27T13:31:38.2892198Z   fetch-tags: false
dependency-test	Checkout Repository	2026-08-27T13:31:38.2892573Z   show-progress: true
dependency-test	Checkout Repository	2026-08-27T13:31:38.2892961Z   lfs: false
dependency-test	Checkout Repository	2026-08-27T13:31:38.2893298Z   submodules: false
dependency-test	Checkout Repository	2026-08-27T13:31:38.2893730Z   set-safe-directory: true
dependency-test	Checkout Repository	2026-08-27T13:31:38.2894156Z   allow-unsafe-pr-checkout: false
dependency-test	Checkout Repository	2026-08-27T13:31:38.2894792Z ##[endgroup]
dependency-test	Checkout Repository	2026-08-27T13:31:38.3737097Z Syncing repository: DhruvHegde/dependency-error-repo
dependency-test	Checkout Repository	2026-08-27T13:31:38.3738927Z ##[group]Getting Git version info
dependency-test	Checkout Repository	2026-08-27T13:31:38.3739637Z Working directory is '/home/runner/work/dependency-error-repo/dependency-error-repo'
dependency-test	Checkout Repository	2026-08-27T13:31:38.3740784Z [command]/usr/bin/git version
dependency-test	Checkout Repository	2026-08-27T13:31:38.4068333Z git version 2.55.0
dependency-test	Checkout Repository	2026-08-27T13:31:38.4086290Z ##[endgroup]
dependency-test	Checkout Repository	2026-08-27T13:31:38.4100603Z Temporarily overriding HOME='/home/runner/work/_temp/7dfb0fc3-020b-44b0-970c-eb95f19640ef' before making global git config changes
dependency-test	Checkout Repository	2026-08-27T13:31:38.4102135Z Adding repository directory to the temporary git global config as a safe directory
dependency-test	Checkout Repository	2026-08-27T13:31:38.4105620Z [command]/usr/bin/git config --global --add safe.directory /home/runner/work/dependency-error-repo/dependency-error-repo
dependency-test	Checkout Repository	2026-08-27T13:31:38.4217682Z Deleting the contents of '/home/runner/work/dependency-error-repo/dependency-error-repo'
dependency-test	Checkout Repository	2026-08-27T13:31:38.4222166Z ##[group]Initializing the repository
dependency-test	Checkout Repository	2026-08-27T13:31:38.4226843Z [command]/usr/bin/git init /home/runner/work/dependency-error-repo/dependency-error-repo
dependency-test	Checkout Repository	2026-08-27T13:31:38.4652571Z hint: Using 'master' as the name for the initial branch. This default branch name
dependency-test	Checkout Repository	2026-08-27T13:31:38.4654058Z hint: will change to "main" in Git 3.0. To configure the initial branch name
dependency-test	Checkout Repository	2026-08-27T13:31:38.4655259Z hint: to use in all of your new repositories, which will suppress this warning,
dependency-test	Checkout Repository	2026-08-27T13:31:38.4656189Z hint: call:
dependency-test	Checkout Repository	2026-08-27T13:31:38.4656718Z hint:
dependency-test	Checkout Repository	2026-08-27T13:31:38.4657460Z hint: 	git config --global init.defaultBranch <name>
dependency-test	Checkout Repository	2026-08-27T13:31:38.4658250Z hint:
dependency-test	Checkout Repository	2026-08-27T13:31:38.4658984Z hint: Names commonly chosen instead of 'master' are 'main', 'trunk' and
dependency-test	Checkout Repository	2026-08-27T13:31:38.4660143Z hint: 'development'. The just-created branch can be renamed via this command:
dependency-test	Checkout Repository	2026-08-27T13:31:38.4661295Z hint:
dependency-test	Checkout Repository	2026-08-27T13:31:38.4661873Z hint: 	git branch -m <name>
dependency-test	Checkout Repository	2026-08-27T13:31:38.4662544Z hint:
dependency-test	Checkout Repository	2026-08-27T13:31:38.4663396Z hint: Disable this message with "git config set advice.defaultBranchName false"
dependency-test	Checkout Repository	2026-08-27T13:31:38.4664864Z Initialized empty Git repository in /home/runner/work/dependency-error-repo/dependency-error-repo/.git/
dependency-test	Checkout Repository	2026-08-27T13:31:38.4667356Z [command]/usr/bin/git remote add origin https://github.com/DhruvHegde/dependency-error-repo
dependency-test	Checkout Repository	2026-08-27T13:31:38.4901863Z ##[endgroup]
dependency-test	Checkout Repository	2026-08-27T13:31:38.4902998Z ##[group]Disabling automatic garbage collection
dependency-test	Checkout Repository	2026-08-27T13:31:38.4905495Z [command]/usr/bin/git config --local gc.auto 0
dependency-test	Checkout Repository	2026-08-27T13:31:38.4967851Z ##[endgroup]
dependency-test	Checkout Repository	2026-08-27T13:31:38.4968820Z ##[group]Setting up auth
dependency-test	Checkout Repository	2026-08-27T13:31:38.4969822Z [command]/usr/bin/git config --local --name-only --get-regexp core\.sshCommand
dependency-test	Checkout Repository	2026-08-27T13:31:38.5002359Z [command]/usr/bin/git submodule foreach --recursive sh -c "git config --local --name-only --get-regexp 'core\.sshCommand' && git config --local --unset-all 'core.sshCommand' || :"
dependency-test	Checkout Repository	2026-08-27T13:31:38.5277483Z [command]/usr/bin/git config --local --name-only --get-regexp http\.https\:\/\/github\.com\/\.extraheader
dependency-test	Checkout Repository	2026-08-27T13:31:38.5308124Z [command]/usr/bin/git submodule foreach --recursive sh -c "git config --local --name-only --get-regexp 'http\.https\:\/\/github\.com\/\.extraheader' && git config --local --unset-all 'http.https://github.com/.extraheader' || :"
dependency-test	Checkout Repository	2026-08-27T13:31:38.5521289Z [command]/usr/bin/git config --local --name-only --get-regexp ^includeIf\.gitdir:
dependency-test	Checkout Repository	2026-08-27T13:31:38.5560363Z [command]/usr/bin/git submodule foreach --recursive git config --local --show-origin --name-only --get-regexp remote.origin.url
dependency-test	Checkout Repository	2026-08-27T13:31:38.5790080Z [command]/usr/bin/git config --local http.https://github.com/.extraheader AUTHORIZATION: basic ***
dependency-test	Checkout Repository	2026-08-27T13:31:38.5851802Z ##[endgroup]
dependency-test	Checkout Repository	2026-08-27T13:31:38.5852797Z ##[group]Fetching the repository
dependency-test	Checkout Repository	2026-08-27T13:31:38.5861432Z [command]/usr/bin/git -c protocol.version=2 fetch --no-tags --prune --no-recurse-submodules --depth=1 origin +c2901cf9575db18271684261ba9e2fcf1485bfca:refs/remotes/origin/feature/syntax-errors
dependency-test	Checkout Repository	2026-08-27T13:31:39.5200929Z From https://github.com/DhruvHegde/dependency-error-repo
dependency-test	Checkout Repository	2026-08-27T13:31:39.5202695Z  * [new ref]         c2901cf9575db18271684261ba9e2fcf1485bfca -> origin/feature/syntax-errors
dependency-test	Checkout Repository	2026-08-27T13:31:39.5206106Z ##[endgroup]
dependency-test	Checkout Repository	2026-08-27T13:31:39.5207377Z ##[group]Determining the checkout info
dependency-test	Checkout Repository	2026-08-27T13:31:39.5208679Z ##[endgroup]
dependency-test	Checkout Repository	2026-08-27T13:31:39.5213657Z [command]/usr/bin/git sparse-checkout disable
dependency-test	Checkout Repository	2026-08-27T13:31:39.6053468Z [command]/usr/bin/git config --local --unset-all extensions.worktreeConfig
dependency-test	Checkout Repository	2026-08-27T13:31:39.6359310Z ##[group]Checking out the ref
dependency-test	Checkout Repository	2026-08-27T13:31:39.6370163Z [command]/usr/bin/git checkout --progress --force -B feature/syntax-errors refs/remotes/origin/feature/syntax-errors
dependency-test	Checkout Repository	2026-08-27T13:31:39.6589259Z Switched to a new branch 'feature/syntax-errors'
dependency-test	Checkout Repository	2026-08-27T13:31:39.6591630Z branch 'feature/syntax-errors' set up to track 'origin/feature/syntax-errors'.
dependency-test	Checkout Repository	2026-08-27T13:31:39.6608866Z ##[endgroup]
dependency-test	Checkout Repository	2026-08-27T13:31:39.6638653Z [command]/usr/bin/git log -1 --format=%H
dependency-test	Checkout Repository	2026-08-27T13:31:39.6664281Z c2901cf9575db18271684261ba9e2fcf1485bfca
dependency-test	Setup Python	﻿2026-08-27T13:31:39.6931897Z Node 20 is being deprecated. This workflow is running with Node 24 by default. If you need to temporarily use Node 20, you can set the ACTIONS_ALLOW_USE_UNSECURE_NODE_VERSION=true environment variable. For more information see: https://github.blog/changelog/2025-09-19-deprecation-of-node-20-on-github-actions-runners/
dependency-test	Setup Python	2026-08-27T13:31:39.6933906Z ##[group]Run actions/setup-python@v5
dependency-test	Setup Python	2026-08-27T13:31:39.6934514Z with:
dependency-test	Setup Python	2026-08-27T13:31:39.6935065Z   python-version: 3.11
dependency-test	Setup Python	2026-08-27T13:31:39.6935633Z   check-latest: false
dependency-test	Setup Python	2026-08-27T13:31:39.6938227Z   token: ***
dependency-test	Setup Python	2026-08-27T13:31:39.6938784Z   update-environment: true
dependency-test	Setup Python	2026-08-27T13:31:39.6939378Z   allow-prereleases: false
dependency-test	Setup Python	2026-08-27T13:31:39.6939954Z   freethreaded: false
dependency-test	Setup Python	2026-08-27T13:31:39.6940669Z ##[endgroup]
dependency-test	Setup Python	2026-08-27T13:31:39.8028792Z ##[group]Installed versions
dependency-test	Setup Python	2026-08-27T13:31:39.8106714Z (node:2033) [DEP0040] DeprecationWarning: The `punycode` module is deprecated. Please use a userland alternative instead.
dependency-test	Setup Python	2026-08-27T13:31:39.8108449Z (Use `node --trace-deprecation ...` to show where the warning was created)
dependency-test	Setup Python	2026-08-27T13:31:39.8109666Z Successfully set up CPython (3.11.16)
dependency-test	Setup Python	2026-08-27T13:31:39.8111474Z ##[endgroup]
dependency-test	Install Dependencies	﻿2026-08-27T13:31:39.8270959Z ##[group]Run python -m pip install --upgrade pip
dependency-test	Install Dependencies	2026-08-27T13:31:39.8271869Z ^[[36;1mpython -m pip install --upgrade pip^[[0m
dependency-test	Install Dependencies	2026-08-27T13:31:39.8272609Z ^[[36;1mpip install -r requirements.txt^[[0m
dependency-test	Install Dependencies	2026-08-27T13:31:39.8329880Z shell: /usr/bin/bash -e {0}
dependency-test	Install Dependencies	2026-08-27T13:31:39.8330900Z env:
dependency-test	Install Dependencies	2026-08-27T13:31:39.8331655Z   pythonLocation: /opt/hostedtoolcache/Python/3.11.16/x64
dependency-test	Install Dependencies	2026-08-27T13:31:39.8332685Z   PKG_CONFIG_PATH: /opt/hostedtoolcache/Python/3.11.16/x64/lib/pkgconfig
dependency-test	Install Dependencies	2026-08-27T13:31:39.8333665Z   Python_ROOT_DIR: /opt/hostedtoolcache/Python/3.11.16/x64
dependency-test	Install Dependencies	2026-08-27T13:31:39.8334784Z   Python2_ROOT_DIR: /opt/hostedtoolcache/Python/3.11.16/x64
dependency-test	Install Dependencies	2026-08-27T13:31:39.8335970Z   Python3_ROOT_DIR: /opt/hostedtoolcache/Python/3.11.16/x64
dependency-test	Install Dependencies	2026-08-27T13:31:39.8337108Z   LD_LIBRARY_PATH: /opt/hostedtoolcache/Python/3.11.16/x64/lib
dependency-test	Install Dependencies	2026-08-27T13:31:39.8338157Z ##[endgroup]
dependency-test	Install Dependencies	2026-08-27T13:31:42.6403555Z Requirement already satisfied: pip in /opt/hostedtoolcache/Python/3.11.16/x64/lib/python3.11/site-packages (26.2.1)
dependency-test	Install Dependencies	2026-08-27T13:31:43.8552089Z Collecting pytest (from -r requirements.txt (line 1))
dependency-test	Install Dependencies	2026-08-27T13:31:43.9135884Z   Downloading pytest-9.1.1-py3-none-any.whl.metadata (7.6 kB)
dependency-test	Install Dependencies	2026-08-27T13:31:43.9323058Z Collecting iniconfig>=1.0.1 (from pytest->-r requirements.txt (line 1))
dependency-test	Install Dependencies	2026-08-27T13:31:43.9423824Z   Downloading iniconfig-2.3.0-py3-none-any.whl.metadata (2.5 kB)
dependency-test	Install Dependencies	2026-08-27T13:31:43.9618843Z Collecting packaging>=22 (from pytest->-r requirements.txt (line 1))
dependency-test	Install Dependencies	2026-08-27T13:31:43.9718268Z   Downloading packaging-26.3-py3-none-any.whl.metadata (3.5 kB)
dependency-test	Install Dependencies	2026-08-27T13:31:43.9890086Z Collecting pluggy<2,>=1.5 (from pytest->-r requirements.txt (line 1))
dependency-test	Install Dependencies	2026-08-27T13:31:43.9989504Z   Downloading pluggy-1.6.0-py3-none-any.whl.metadata (4.8 kB)
dependency-test	Install Dependencies	2026-08-27T13:31:44.0409101Z Collecting pygments>=2.7.2 (from pytest->-r requirements.txt (line 1))
dependency-test	Install Dependencies	2026-08-27T13:31:44.0511098Z   Downloading pygments-2.21.0-py3-none-any.whl.metadata (2.5 kB)
dependency-test	Install Dependencies	2026-08-27T13:31:44.0976216Z Downloading pytest-9.1.1-py3-none-any.whl (386 kB)
dependency-test	Install Dependencies	2026-08-27T13:31:44.1467175Z Downloading pluggy-1.6.0-py3-none-any.whl (20 kB)
dependency-test	Install Dependencies	2026-08-27T13:31:44.1587384Z Downloading iniconfig-2.3.0-py3-none-any.whl (7.5 kB)
dependency-test	Install Dependencies	2026-08-27T13:31:44.1706462Z Downloading packaging-26.3-py3-none-any.whl (129 kB)
dependency-test	Install Dependencies	2026-08-27T13:31:44.1843098Z Downloading pygments-2.21.0-py3-none-any.whl (1.3 MB)
dependency-test	Install Dependencies	2026-08-27T13:31:44.2962442Z    ━━━━━━━━━━━━━━━━━━━━━━━━━━━━━━━━━━━━━━━━ 1.3/1.3 MB 9.7 MB/s  0:00:00
dependency-test	Install Dependencies	2026-08-27T13:31:44.3543096Z Installing collected packages: pygments, pluggy, packaging, iniconfig, pytest
dependency-test	Install Dependencies	2026-08-27T13:31:45.2826764Z 
dependency-test	Install Dependencies	2026-08-27T13:31:45.2834387Z Successfully installed iniconfig-2.3.0 packaging-26.3 pluggy-1.6.0 pygments-2.21.0 pytest-9.1.1
dependency-test	Check App Syntax	﻿2026-08-27T13:31:45.3348642Z ##[group]Run python -c "import app"
dependency-test	Check App Syntax	2026-08-27T13:31:45.3348921Z ^[[36;1mpython -c "import app"^[[0m
dependency-test	Check App Syntax	2026-08-27T13:31:45.3382308Z shell: /usr/bin/bash -e {0}
dependency-test	Check App Syntax	2026-08-27T13:31:45.3382523Z env:
dependency-test	Check App Syntax	2026-08-27T13:31:45.3382747Z   pythonLocation: /opt/hostedtoolcache/Python/3.11.16/x64
dependency-test	Check App Syntax	2026-08-27T13:31:45.3383112Z   PKG_CONFIG_PATH: /opt/hostedtoolcache/Python/3.11.16/x64/lib/pkgconfig
dependency-test	Check App Syntax	2026-08-27T13:31:45.3383447Z   Python_ROOT_DIR: /opt/hostedtoolcache/Python/3.11.16/x64
dependency-test	Check App Syntax	2026-08-27T13:31:45.3383746Z   Python2_ROOT_DIR: /opt/hostedtoolcache/Python/3.11.16/x64
dependency-test	Check App Syntax	2026-08-27T13:31:45.3384045Z   Python3_ROOT_DIR: /opt/hostedtoolcache/Python/3.11.16/x64
dependency-test	Check App Syntax	2026-08-27T13:31:45.3384346Z   LD_LIBRARY_PATH: /opt/hostedtoolcache/Python/3.11.16/x64/lib
dependency-test	Check App Syntax	2026-08-27T13:31:45.3384603Z ##[endgroup]
dependency-test	Check App Syntax	2026-08-27T13:31:45.3521995Z Traceback (most recent call last):
dependency-test	Check App Syntax	2026-08-27T13:31:45.3526781Z   File "<string>", line 1, in <module>
dependency-test	Check App Syntax	2026-08-27T13:31:45.3527280Z   File "/home/runner/work/dependency-error-repo/dependency-error-repo/app.py", line 4
dependency-test	Check App Syntax	2026-08-27T13:31:45.3527701Z     result = max(1, 2, 3
dependency-test	Check App Syntax	2026-08-27T13:31:45.3527889Z                 ^
dependency-test	Check App Syntax	2026-08-27T13:31:45.3528076Z SyntaxError: '(' was never closed
dependency-test	Check App Syntax	2026-08-27T13:31:45.3552242Z ##[error]Process completed with exit code 1.
dependency-test	Post Checkout Repository	﻿2026-08-27T13:31:45.3663969Z Node 20 is being deprecated. This workflow is running with Node 24 by default. If you need to temporarily use Node 20, you can set the ACTIONS_ALLOW_USE_UNSECURE_NODE_VERSION=true environment variable. For more information see: https://github.blog/changelog/2025-09-19-deprecation-of-node-20-on-github-actions-runners/
dependency-test	Post Checkout Repository	2026-08-27T13:31:45.3664956Z Post job cleanup.
dependency-test	Post Checkout Repository	2026-08-27T13:31:45.4356458Z [command]/usr/bin/git version
dependency-test	Post Checkout Repository	2026-08-27T13:31:45.4393269Z git version 2.55.0
dependency-test	Post Checkout Repository	2026-08-27T13:31:45.4426497Z Temporarily overriding HOME='/home/runner/work/_temp/3cfcd10b-7fbb-4fdf-94e8-c9869a2873fe' before making global git config changes
dependency-test	Post Checkout Repository	2026-08-27T13:31:45.4427507Z Adding repository directory to the temporary git global config as a safe directory
dependency-test	Post Checkout Repository	2026-08-27T13:31:45.4430781Z [command]/usr/bin/git config --global --add safe.directory /home/runner/work/dependency-error-repo/dependency-error-repo
dependency-test	Post Checkout Repository	2026-08-27T13:31:45.4466514Z [command]/usr/bin/git config --local --name-only --get-regexp core\.sshCommand
dependency-test	Post Checkout Repository	2026-08-27T13:31:45.4515509Z [command]/usr/bin/git submodule foreach --recursive sh -c "git config --local --name-only --get-regexp 'core\.sshCommand' && git config --local --unset-all 'core.sshCommand' || :"
dependency-test	Post Checkout Repository	2026-08-27T13:31:45.4734597Z [command]/usr/bin/git config --local --name-only --get-regexp http\.https\:\/\/github\.com\/\.extraheader
dependency-test	Post Checkout Repository	2026-08-27T13:31:45.4759534Z http.https://github.com/.extraheader
dependency-test	Post Checkout Repository	2026-08-27T13:31:45.4769464Z [command]/usr/bin/git config --local --unset-all http.https://github.com/.extraheader
dependency-test	Post Checkout Repository	2026-08-27T13:31:45.4800260Z [command]/usr/bin/git submodule foreach --recursive sh -c "git config --local --name-only --get-regexp 'http\.https\:\/\/github\.com\/\.extraheader' && git config --local --unset-all 'http.https://github.com/.extraheader' || :"
dependency-test	Post Checkout Repository	2026-08-27T13:31:45.5036111Z [command]/usr/bin/git config --local --name-only --get-regexp ^includeIf\.gitdir:
dependency-test	Post Checkout Repository	2026-08-27T13:31:45.5070732Z [command]/usr/bin/git submodule foreach --recursive git config --local --show-origin --name-only --get-regexp remote.origin.url
dependency-test	Complete job	﻿2026-08-27T13:31:45.5393437Z Cleaning up orphan processes
dependency-test	Complete job	2026-08-27T13:31:45.5640008Z ##[warning]Node.js 20 is deprecated. The following actions target Node.js 20 but are being forced to run on Node.js 24: actions/checkout@v4, actions/setup-python@v5. For more information see: https://github.blog/changelog/2025-09-19-deprecation-of-node-20-on-github-actions-runners/