dependency-test	Set up job	﻿2026-08-27T12:17:38.8017397Z Current runner version: '2.336.0'
dependency-test	Set up job	2026-08-27T12:17:38.8038055Z ##[group]Runner Image Provisioner
dependency-test	Set up job	2026-08-27T12:17:38.8039058Z Hosted Compute Agent
dependency-test	Set up job	2026-08-27T12:17:38.8039574Z Version: 20260819.586
dependency-test	Set up job	2026-08-27T12:17:38.8040140Z Commit: 3cc4a88dfa507ef76119ad1bb3eccc6378bb2b76
dependency-test	Set up job	2026-08-27T12:17:38.8040770Z Build Date: 2026-08-18T23:20:18Z
dependency-test	Set up job	2026-08-27T12:17:38.8041337Z Worker ID: {a091d2ec-e659-4b8f-a38e-4c4d0182a5b5}
dependency-test	Set up job	2026-08-27T12:17:38.8041999Z Azure Region: centralus
dependency-test	Set up job	2026-08-27T12:17:38.8042523Z ##[endgroup]
dependency-test	Set up job	2026-08-27T12:17:38.8043699Z ##[group]Operating System
dependency-test	Set up job	2026-08-27T12:17:38.8044219Z Ubuntu
dependency-test	Set up job	2026-08-27T12:17:38.8044655Z 24.04.4
dependency-test	Set up job	2026-08-27T12:17:38.8045149Z LTS
dependency-test	Set up job	2026-08-27T12:17:38.8045590Z ##[endgroup]
dependency-test	Set up job	2026-08-27T12:17:38.8046053Z ##[group]Runner Image
dependency-test	Set up job	2026-08-27T12:17:38.8046562Z Image: ubuntu-24.04
dependency-test	Set up job	2026-08-27T12:17:38.8047041Z Version: 20260823.283.1
dependency-test	Set up job	2026-08-27T12:17:38.8047967Z Included Software: https://github.com/actions/runner-images/blob/ubuntu24/20260823.283/images/ubuntu/Ubuntu2404-Readme.md
dependency-test	Set up job	2026-08-27T12:17:38.8049842Z Image Release: https://github.com/actions/runner-images/releases/tag/ubuntu24%2F20260823.283
dependency-test	Set up job	2026-08-27T12:17:38.8050680Z ##[endgroup]
dependency-test	Set up job	2026-08-27T12:17:38.8051717Z ##[group]GITHUB_TOKEN Permissions
dependency-test	Set up job	2026-08-27T12:17:38.8053465Z Contents: read
dependency-test	Set up job	2026-08-27T12:17:38.8053960Z Metadata: read
dependency-test	Set up job	2026-08-27T12:17:38.8054831Z Packages: read
dependency-test	Set up job	2026-08-27T12:17:38.8055324Z ##[endgroup]
dependency-test	Set up job	2026-08-27T12:17:38.8057096Z Secret source: Actions
dependency-test	Set up job	2026-08-27T12:17:38.8058027Z Prepare workflow directory
dependency-test	Set up job	2026-08-27T12:17:38.8335848Z Prepare all required actions
dependency-test	Set up job	2026-08-27T12:17:38.8377756Z Getting action download info
dependency-test	Set up job	2026-08-27T12:17:39.0535829Z Download action repository 'actions/checkout@v4' (SHA:11d5960a326750d5838078e36cf38b85af677262)
dependency-test	Set up job	2026-08-27T12:17:39.3623112Z Download action repository 'actions/setup-python@v5' (SHA:a26af69be951a213d495a4c3e4e4022e16d87065)
dependency-test	Set up job	2026-08-27T12:17:39.7179469Z Complete job name: dependency-test
dependency-test	Checkout Repository	﻿2026-08-27T12:17:39.7782928Z Node 20 is being deprecated. This workflow is running with Node 24 by default. If you need to temporarily use Node 20, you can set the ACTIONS_ALLOW_USE_UNSECURE_NODE_VERSION=true environment variable. For more information see: https://github.blog/changelog/2025-09-19-deprecation-of-node-20-on-github-actions-runners/
dependency-test	Checkout Repository	2026-08-27T12:17:39.7791076Z ##[group]Run actions/checkout@v4
dependency-test	Checkout Repository	2026-08-27T12:17:39.7791824Z with:
dependency-test	Checkout Repository	2026-08-27T12:17:39.7792342Z   repository: DhruvHegde/dependency-error-repo
dependency-test	Checkout Repository	2026-08-27T12:17:39.7796931Z   token: ***
dependency-test	Checkout Repository	2026-08-27T12:17:39.7797413Z   ssh-strict: true
dependency-test	Checkout Repository	2026-08-27T12:17:39.7797885Z   ssh-user: git
dependency-test	Checkout Repository	2026-08-27T12:17:39.7798423Z   persist-credentials: true
dependency-test	Checkout Repository	2026-08-27T12:17:39.7799199Z   clean: true
dependency-test	Checkout Repository	2026-08-27T12:17:39.7799721Z   sparse-checkout-cone-mode: true
dependency-test	Checkout Repository	2026-08-27T12:17:39.7800339Z   fetch-depth: 1
dependency-test	Checkout Repository	2026-08-27T12:17:39.7800862Z   fetch-tags: false
dependency-test	Checkout Repository	2026-08-27T12:17:39.7801347Z   show-progress: true
dependency-test	Checkout Repository	2026-08-27T12:17:39.7801840Z   lfs: false
dependency-test	Checkout Repository	2026-08-27T12:17:39.7802318Z   submodules: false
dependency-test	Checkout Repository	2026-08-27T12:17:39.7802905Z   set-safe-directory: true
dependency-test	Checkout Repository	2026-08-27T12:17:39.7803473Z   allow-unsafe-pr-checkout: false
dependency-test	Checkout Repository	2026-08-27T12:17:39.7804388Z ##[endgroup]
dependency-test	Checkout Repository	2026-08-27T12:17:39.8744778Z Syncing repository: DhruvHegde/dependency-error-repo
dependency-test	Checkout Repository	2026-08-27T12:17:39.8747185Z ##[group]Getting Git version info
dependency-test	Checkout Repository	2026-08-27T12:17:39.8748278Z Working directory is '/home/runner/work/dependency-error-repo/dependency-error-repo'
dependency-test	Checkout Repository	2026-08-27T12:17:39.8749829Z [command]/usr/bin/git version
dependency-test	Checkout Repository	2026-08-27T12:17:40.0982737Z git version 2.55.0
dependency-test	Checkout Repository	2026-08-27T12:17:40.0999552Z ##[endgroup]
dependency-test	Checkout Repository	2026-08-27T12:17:40.1011266Z Temporarily overriding HOME='/home/runner/work/_temp/5ccc848d-3fd0-4906-95cc-9ae9f3b456b9' before making global git config changes
dependency-test	Checkout Repository	2026-08-27T12:17:40.1013087Z Adding repository directory to the temporary git global config as a safe directory
dependency-test	Checkout Repository	2026-08-27T12:17:40.1015399Z [command]/usr/bin/git config --global --add safe.directory /home/runner/work/dependency-error-repo/dependency-error-repo
dependency-test	Checkout Repository	2026-08-27T12:17:40.1058362Z Deleting the contents of '/home/runner/work/dependency-error-repo/dependency-error-repo'
dependency-test	Checkout Repository	2026-08-27T12:17:40.1061397Z ##[group]Initializing the repository
dependency-test	Checkout Repository	2026-08-27T12:17:40.1065801Z [command]/usr/bin/git init /home/runner/work/dependency-error-repo/dependency-error-repo
dependency-test	Checkout Repository	2026-08-27T12:17:40.1202245Z hint: Using 'master' as the name for the initial branch. This default branch name
dependency-test	Checkout Repository	2026-08-27T12:17:40.1203814Z hint: will change to "main" in Git 3.0. To configure the initial branch name
dependency-test	Checkout Repository	2026-08-27T12:17:40.1205471Z hint: to use in all of your new repositories, which will suppress this warning,
dependency-test	Checkout Repository	2026-08-27T12:17:40.1206690Z hint: call:
dependency-test	Checkout Repository	2026-08-27T12:17:40.1207305Z hint:
dependency-test	Checkout Repository	2026-08-27T12:17:40.1208146Z hint: 	git config --global init.defaultBranch <name>
dependency-test	Checkout Repository	2026-08-27T12:17:40.1209210Z hint:
dependency-test	Checkout Repository	2026-08-27T12:17:40.1210107Z hint: Names commonly chosen instead of 'master' are 'main', 'trunk' and
dependency-test	Checkout Repository	2026-08-27T12:17:40.1211519Z hint: 'development'. The just-created branch can be renamed via this command:
dependency-test	Checkout Repository	2026-08-27T12:17:40.1212654Z hint:
dependency-test	Checkout Repository	2026-08-27T12:17:40.1213363Z hint: 	git branch -m <name>
dependency-test	Checkout Repository	2026-08-27T12:17:40.1214062Z hint:
dependency-test	Checkout Repository	2026-08-27T12:17:40.1214996Z hint: Disable this message with "git config set advice.defaultBranchName false"
dependency-test	Checkout Repository	2026-08-27T12:17:40.1216793Z Initialized empty Git repository in /home/runner/work/dependency-error-repo/dependency-error-repo/.git/
dependency-test	Checkout Repository	2026-08-27T12:17:40.1220237Z [command]/usr/bin/git remote add origin https://github.com/DhruvHegde/dependency-error-repo
dependency-test	Checkout Repository	2026-08-27T12:17:40.1253103Z ##[endgroup]
dependency-test	Checkout Repository	2026-08-27T12:17:40.1254371Z ##[group]Disabling automatic garbage collection
dependency-test	Checkout Repository	2026-08-27T12:17:40.1256671Z [command]/usr/bin/git config --local gc.auto 0
dependency-test	Checkout Repository	2026-08-27T12:17:40.1280550Z ##[endgroup]
dependency-test	Checkout Repository	2026-08-27T12:17:40.1281698Z ##[group]Setting up auth
dependency-test	Checkout Repository	2026-08-27T12:17:40.1286797Z [command]/usr/bin/git config --local --name-only --get-regexp core\.sshCommand
dependency-test	Checkout Repository	2026-08-27T12:17:40.1312353Z [command]/usr/bin/git submodule foreach --recursive sh -c "git config --local --name-only --get-regexp 'core\.sshCommand' && git config --local --unset-all 'core.sshCommand' || :"
dependency-test	Checkout Repository	2026-08-27T12:17:40.1578983Z [command]/usr/bin/git config --local --name-only --get-regexp http\.https\:\/\/github\.com\/\.extraheader
dependency-test	Checkout Repository	2026-08-27T12:17:40.1605390Z [command]/usr/bin/git submodule foreach --recursive sh -c "git config --local --name-only --get-regexp 'http\.https\:\/\/github\.com\/\.extraheader' && git config --local --unset-all 'http.https://github.com/.extraheader' || :"
dependency-test	Checkout Repository	2026-08-27T12:17:40.1764059Z [command]/usr/bin/git config --local --name-only --get-regexp ^includeIf\.gitdir:
dependency-test	Checkout Repository	2026-08-27T12:17:40.1788241Z [command]/usr/bin/git submodule foreach --recursive git config --local --show-origin --name-only --get-regexp remote.origin.url
dependency-test	Checkout Repository	2026-08-27T12:17:40.1947208Z [command]/usr/bin/git config --local http.https://github.com/.extraheader AUTHORIZATION: basic ***
dependency-test	Checkout Repository	2026-08-27T12:17:40.1973702Z ##[endgroup]
dependency-test	Checkout Repository	2026-08-27T12:17:40.1974847Z ##[group]Fetching the repository
dependency-test	Checkout Repository	2026-08-27T12:17:40.1981619Z [command]/usr/bin/git -c protocol.version=2 fetch --no-tags --prune --no-recurse-submodules --depth=1 origin +d5d83f2cabf51f516c3d4f51a07dea3bb5389e0c:refs/remotes/origin/feature/syntax-errors
dependency-test	Checkout Repository	2026-08-27T12:17:40.8983964Z From https://github.com/DhruvHegde/dependency-error-repo
dependency-test	Checkout Repository	2026-08-27T12:17:40.8987233Z  * [new ref]         d5d83f2cabf51f516c3d4f51a07dea3bb5389e0c -> origin/feature/syntax-errors
dependency-test	Checkout Repository	2026-08-27T12:17:40.8992964Z ##[endgroup]
dependency-test	Checkout Repository	2026-08-27T12:17:40.8995089Z ##[group]Determining the checkout info
dependency-test	Checkout Repository	2026-08-27T12:17:40.8997560Z ##[endgroup]
dependency-test	Checkout Repository	2026-08-27T12:17:40.8999124Z [command]/usr/bin/git sparse-checkout disable
dependency-test	Checkout Repository	2026-08-27T12:17:40.9039430Z [command]/usr/bin/git config --local --unset-all extensions.worktreeConfig
dependency-test	Checkout Repository	2026-08-27T12:17:40.9064848Z ##[group]Checking out the ref
dependency-test	Checkout Repository	2026-08-27T12:17:40.9068361Z [command]/usr/bin/git checkout --progress --force -B feature/syntax-errors refs/remotes/origin/feature/syntax-errors
dependency-test	Checkout Repository	2026-08-27T12:17:40.9192992Z Switched to a new branch 'feature/syntax-errors'
dependency-test	Checkout Repository	2026-08-27T12:17:40.9223876Z branch 'feature/syntax-errors' set up to track 'origin/feature/syntax-errors'.
dependency-test	Checkout Repository	2026-08-27T12:17:40.9230407Z ##[endgroup]
dependency-test	Checkout Repository	2026-08-27T12:17:40.9260920Z [command]/usr/bin/git log -1 --format=%H
dependency-test	Checkout Repository	2026-08-27T12:17:40.9280119Z d5d83f2cabf51f516c3d4f51a07dea3bb5389e0c
dependency-test	Setup Python	﻿2026-08-27T12:17:40.9626203Z Node 20 is being deprecated. This workflow is running with Node 24 by default. If you need to temporarily use Node 20, you can set the ACTIONS_ALLOW_USE_UNSECURE_NODE_VERSION=true environment variable. For more information see: https://github.blog/changelog/2025-09-19-deprecation-of-node-20-on-github-actions-runners/
dependency-test	Setup Python	2026-08-27T12:17:40.9631414Z ##[group]Run actions/setup-python@v5
dependency-test	Setup Python	2026-08-27T12:17:40.9632554Z with:
dependency-test	Setup Python	2026-08-27T12:17:40.9633468Z   python-version: 3.11
dependency-test	Setup Python	2026-08-27T12:17:40.9634465Z   check-latest: false
dependency-test	Setup Python	2026-08-27T12:17:40.9643532Z   token: ***
dependency-test	Setup Python	2026-08-27T12:17:40.9644492Z   update-environment: true
dependency-test	Setup Python	2026-08-27T12:17:40.9645545Z   allow-prereleases: false
dependency-test	Setup Python	2026-08-27T12:17:40.9646592Z   freethreaded: false
dependency-test	Setup Python	2026-08-27T12:17:40.9647535Z ##[endgroup]
dependency-test	Setup Python	2026-08-27T12:17:41.0831505Z ##[group]Installed versions
dependency-test	Setup Python	2026-08-27T12:17:41.0915410Z (node:2008) [DEP0040] DeprecationWarning: The `punycode` module is deprecated. Please use a userland alternative instead.
dependency-test	Setup Python	2026-08-27T12:17:41.0918396Z (Use `node --trace-deprecation ...` to show where the warning was created)
dependency-test	Setup Python	2026-08-27T12:17:41.0920916Z Successfully set up CPython (3.11.16)
dependency-test	Setup Python	2026-08-27T12:17:41.0923758Z ##[endgroup]
dependency-test	Install Dependencies	﻿2026-08-27T12:17:41.1130676Z ##[group]Run python -m pip install --upgrade pip
dependency-test	Install Dependencies	2026-08-27T12:17:41.1132825Z ^[[36;1mpython -m pip install --upgrade pip^[[0m
dependency-test	Install Dependencies	2026-08-27T12:17:41.1134640Z ^[[36;1mpip install -r requirements.txt^[[0m
dependency-test	Install Dependencies	2026-08-27T12:17:41.1194813Z shell: /usr/bin/bash -e {0}
dependency-test	Install Dependencies	2026-08-27T12:17:41.1196592Z env:
dependency-test	Install Dependencies	2026-08-27T12:17:41.1198614Z   pythonLocation: /opt/hostedtoolcache/Python/3.11.16/x64
dependency-test	Install Dependencies	2026-08-27T12:17:41.1201105Z   PKG_CONFIG_PATH: /opt/hostedtoolcache/Python/3.11.16/x64/lib/pkgconfig
dependency-test	Install Dependencies	2026-08-27T12:17:41.1203370Z   Python_ROOT_DIR: /opt/hostedtoolcache/Python/3.11.16/x64
dependency-test	Install Dependencies	2026-08-27T12:17:41.1205377Z   Python2_ROOT_DIR: /opt/hostedtoolcache/Python/3.11.16/x64
dependency-test	Install Dependencies	2026-08-27T12:17:41.1207899Z   Python3_ROOT_DIR: /opt/hostedtoolcache/Python/3.11.16/x64
dependency-test	Install Dependencies	2026-08-27T12:17:41.1212211Z   LD_LIBRARY_PATH: /opt/hostedtoolcache/Python/3.11.16/x64/lib
dependency-test	Install Dependencies	2026-08-27T12:17:41.1214033Z ##[endgroup]
dependency-test	Install Dependencies	2026-08-27T12:17:41.8010795Z Requirement already satisfied: pip in /opt/hostedtoolcache/Python/3.11.16/x64/lib/python3.11/site-packages (26.2.1)
dependency-test	Install Dependencies	2026-08-27T12:17:42.3754655Z Collecting pytest (from -r requirements.txt (line 1))
dependency-test	Install Dependencies	2026-08-27T12:17:42.4595899Z   Downloading pytest-9.1.1-py3-none-any.whl.metadata (7.6 kB)
dependency-test	Install Dependencies	2026-08-27T12:17:42.4828096Z Collecting iniconfig>=1.0.1 (from pytest->-r requirements.txt (line 1))
dependency-test	Install Dependencies	2026-08-27T12:17:42.4960476Z   Downloading iniconfig-2.3.0-py3-none-any.whl.metadata (2.5 kB)
dependency-test	Install Dependencies	2026-08-27T12:17:42.5221886Z Collecting packaging>=22 (from pytest->-r requirements.txt (line 1))
dependency-test	Install Dependencies	2026-08-27T12:17:42.5354916Z   Downloading packaging-26.3-py3-none-any.whl.metadata (3.5 kB)
dependency-test	Install Dependencies	2026-08-27T12:17:42.6701660Z Collecting pluggy<2,>=1.5 (from pytest->-r requirements.txt (line 1))
dependency-test	Install Dependencies	2026-08-27T12:17:42.6836423Z   Downloading pluggy-1.6.0-py3-none-any.whl.metadata (4.8 kB)
dependency-test	Install Dependencies	2026-08-27T12:17:42.7112548Z Collecting pygments>=2.7.2 (from pytest->-r requirements.txt (line 1))
dependency-test	Install Dependencies	2026-08-27T12:17:42.7244694Z   Downloading pygments-2.21.0-py3-none-any.whl.metadata (2.5 kB)
dependency-test	Install Dependencies	2026-08-27T12:17:42.7427832Z Downloading pytest-9.1.1-py3-none-any.whl (386 kB)
dependency-test	Install Dependencies	2026-08-27T12:17:42.8007704Z Downloading pluggy-1.6.0-py3-none-any.whl (20 kB)
dependency-test	Install Dependencies	2026-08-27T12:17:42.8165992Z Downloading iniconfig-2.3.0-py3-none-any.whl (7.5 kB)
dependency-test	Install Dependencies	2026-08-27T12:17:42.8333695Z Downloading packaging-26.3-py3-none-any.whl (129 kB)
dependency-test	Install Dependencies	2026-08-27T12:17:42.8504532Z Downloading pygments-2.21.0-py3-none-any.whl (1.3 MB)
dependency-test	Install Dependencies	2026-08-27T12:17:42.8926636Z    ━━━━━━━━━━━━━━━━━━━━━━━━━━━━━━━━━━━━━━━━ 1.3/1.3 MB 35.5 MB/s  0:00:00
dependency-test	Install Dependencies	2026-08-27T12:17:42.9324111Z Installing collected packages: pygments, pluggy, packaging, iniconfig, pytest
dependency-test	Install Dependencies	2026-08-27T12:17:43.6435634Z 
dependency-test	Install Dependencies	2026-08-27T12:17:43.6444127Z Successfully installed iniconfig-2.3.0 packaging-26.3 pluggy-1.6.0 pygments-2.21.0 pytest-9.1.1
dependency-test	Check App Syntax	﻿2026-08-27T12:17:43.6969226Z ##[group]Run python -c "import app"
dependency-test	Check App Syntax	2026-08-27T12:17:43.6969633Z ^[[36;1mpython -c "import app"^[[0m
dependency-test	Check App Syntax	2026-08-27T12:17:43.6991396Z shell: /usr/bin/bash -e {0}
dependency-test	Check App Syntax	2026-08-27T12:17:43.6991746Z env:
dependency-test	Check App Syntax	2026-08-27T12:17:43.6992118Z   pythonLocation: /opt/hostedtoolcache/Python/3.11.16/x64
dependency-test	Check App Syntax	2026-08-27T12:17:43.6992567Z   PKG_CONFIG_PATH: /opt/hostedtoolcache/Python/3.11.16/x64/lib/pkgconfig
dependency-test	Check App Syntax	2026-08-27T12:17:43.6993070Z   Python_ROOT_DIR: /opt/hostedtoolcache/Python/3.11.16/x64
dependency-test	Check App Syntax	2026-08-27T12:17:43.6993487Z   Python2_ROOT_DIR: /opt/hostedtoolcache/Python/3.11.16/x64
dependency-test	Check App Syntax	2026-08-27T12:17:43.6993881Z   Python3_ROOT_DIR: /opt/hostedtoolcache/Python/3.11.16/x64
dependency-test	Check App Syntax	2026-08-27T12:17:43.6994321Z   LD_LIBRARY_PATH: /opt/hostedtoolcache/Python/3.11.16/x64/lib
dependency-test	Check App Syntax	2026-08-27T12:17:43.6994686Z ##[endgroup]
dependency-test	Check App Syntax	2026-08-27T12:17:43.7119908Z Traceback (most recent call last):
dependency-test	Check App Syntax	2026-08-27T12:17:43.7125683Z   File "<string>", line 1, in <module>
dependency-test	Check App Syntax	2026-08-27T12:17:43.7126460Z   File "/home/runner/work/dependency-error-repo/dependency-error-repo/app.py", line 6
dependency-test	Check App Syntax	2026-08-27T12:17:43.7127229Z     else:
dependency-test	Check App Syntax	2026-08-27T12:17:43.7127543Z IndentationError: unexpected indent
dependency-test	Check App Syntax	2026-08-27T12:17:43.7149667Z ##[error]Process completed with exit code 1.
dependency-test	Post Checkout Repository	﻿2026-08-27T12:17:43.7276364Z Node 20 is being deprecated. This workflow is running with Node 24 by default. If you need to temporarily use Node 20, you can set the ACTIONS_ALLOW_USE_UNSECURE_NODE_VERSION=true environment variable. For more information see: https://github.blog/changelog/2025-09-19-deprecation-of-node-20-on-github-actions-runners/
dependency-test	Post Checkout Repository	2026-08-27T12:17:43.7277383Z Post job cleanup.
dependency-test	Post Checkout Repository	2026-08-27T12:17:43.7993193Z [command]/usr/bin/git version
dependency-test	Post Checkout Repository	2026-08-27T12:17:43.8024090Z git version 2.55.0
dependency-test	Post Checkout Repository	2026-08-27T12:17:43.8054753Z Temporarily overriding HOME='/home/runner/work/_temp/d6bcc29d-bde1-48e9-ba23-786acd06a507' before making global git config changes
dependency-test	Post Checkout Repository	2026-08-27T12:17:43.8056212Z Adding repository directory to the temporary git global config as a safe directory
dependency-test	Post Checkout Repository	2026-08-27T12:17:43.8062276Z [command]/usr/bin/git config --global --add safe.directory /home/runner/work/dependency-error-repo/dependency-error-repo
dependency-test	Post Checkout Repository	2026-08-27T12:17:43.8096837Z [command]/usr/bin/git config --local --name-only --get-regexp core\.sshCommand
dependency-test	Post Checkout Repository	2026-08-27T12:17:43.8152852Z [command]/usr/bin/git submodule foreach --recursive sh -c "git config --local --name-only --get-regexp 'core\.sshCommand' && git config --local --unset-all 'core.sshCommand' || :"
dependency-test	Post Checkout Repository	2026-08-27T12:17:43.8333178Z [command]/usr/bin/git config --local --name-only --get-regexp http\.https\:\/\/github\.com\/\.extraheader
dependency-test	Post Checkout Repository	2026-08-27T12:17:43.8353288Z http.https://github.com/.extraheader
dependency-test	Post Checkout Repository	2026-08-27T12:17:43.8361951Z [command]/usr/bin/git config --local --unset-all http.https://github.com/.extraheader
dependency-test	Post Checkout Repository	2026-08-27T12:17:43.8387635Z [command]/usr/bin/git submodule foreach --recursive sh -c "git config --local --name-only --get-regexp 'http\.https\:\/\/github\.com\/\.extraheader' && git config --local --unset-all 'http.https://github.com/.extraheader' || :"
dependency-test	Post Checkout Repository	2026-08-27T12:17:43.8577575Z [command]/usr/bin/git config --local --name-only --get-regexp ^includeIf\.gitdir:
dependency-test	Post Checkout Repository	2026-08-27T12:17:43.8602347Z [command]/usr/bin/git submodule foreach --recursive git config --local --show-origin --name-only --get-regexp remote.origin.url
dependency-test	Complete job	﻿2026-08-27T12:17:43.8932531Z Cleaning up orphan processes
dependency-test	Complete job	2026-08-27T12:17:43.9137279Z ##[warning]Node.js 20 is deprecated. The following actions target Node.js 20 but are being forced to run on Node.js 24: actions/checkout@v4, actions/setup-python@v5. For more information see: https://github.blog/changelog/2025-09-19-deprecation-of-node-20-on-github-actions-runners/