dependency-test	Set up job	﻿2026-08-27T13:16:48.2126717Z Current runner version: '2.336.0'
dependency-test	Set up job	2026-08-27T13:16:48.2151280Z ##[group]Runner Image Provisioner
dependency-test	Set up job	2026-08-27T13:16:48.2152066Z Hosted Compute Agent
dependency-test	Set up job	2026-08-27T13:16:48.2152620Z Version: 20260819.586
dependency-test	Set up job	2026-08-27T13:16:48.2153146Z Commit: 3cc4a88dfa507ef76119ad1bb3eccc6378bb2b76
dependency-test	Set up job	2026-08-27T13:16:48.2153723Z Build Date: 2026-08-18T23:20:18Z
dependency-test	Set up job	2026-08-27T13:16:48.2154328Z Worker ID: {33e876a0-6ca9-4daf-b6b2-c219bf294760}
dependency-test	Set up job	2026-08-27T13:16:48.2154938Z Azure Region: mexicocentral
dependency-test	Set up job	2026-08-27T13:16:48.2155504Z ##[endgroup]
dependency-test	Set up job	2026-08-27T13:16:48.2156623Z ##[group]Operating System
dependency-test	Set up job	2026-08-27T13:16:48.2157151Z Ubuntu
dependency-test	Set up job	2026-08-27T13:16:48.2157654Z 24.04.4
dependency-test	Set up job	2026-08-27T13:16:48.2158099Z LTS
dependency-test	Set up job	2026-08-27T13:16:48.2158561Z ##[endgroup]
dependency-test	Set up job	2026-08-27T13:16:48.2159022Z ##[group]Runner Image
dependency-test	Set up job	2026-08-27T13:16:48.2159738Z Image: ubuntu-24.04
dependency-test	Set up job	2026-08-27T13:16:48.2160307Z Version: 20260823.283.1
dependency-test	Set up job	2026-08-27T13:16:48.2161232Z Included Software: https://github.com/actions/runner-images/blob/ubuntu24/20260823.283/images/ubuntu/Ubuntu2404-Readme.md
dependency-test	Set up job	2026-08-27T13:16:48.2162664Z Image Release: https://github.com/actions/runner-images/releases/tag/ubuntu24%2F20260823.283
dependency-test	Set up job	2026-08-27T13:16:48.2163435Z ##[endgroup]
dependency-test	Set up job	2026-08-27T13:16:48.2164477Z ##[group]GITHUB_TOKEN Permissions
dependency-test	Set up job	2026-08-27T13:16:48.2166126Z Contents: read
dependency-test	Set up job	2026-08-27T13:16:48.2166735Z Metadata: read
dependency-test	Set up job	2026-08-27T13:16:48.2167520Z Packages: read
dependency-test	Set up job	2026-08-27T13:16:48.2168039Z ##[endgroup]
dependency-test	Set up job	2026-08-27T13:16:48.2170209Z Secret source: Actions
dependency-test	Set up job	2026-08-27T13:16:48.2171222Z Prepare workflow directory
dependency-test	Set up job	2026-08-27T13:16:48.2444976Z Prepare all required actions
dependency-test	Set up job	2026-08-27T13:16:48.2494153Z Getting action download info
dependency-test	Set up job	2026-08-27T13:16:48.5364035Z Download action repository 'actions/checkout@v4' (SHA:11d5960a326750d5838078e36cf38b85af677262)
dependency-test	Set up job	2026-08-27T13:16:48.6481735Z Download action repository 'actions/setup-python@v5' (SHA:a26af69be951a213d495a4c3e4e4022e16d87065)
dependency-test	Set up job	2026-08-27T13:16:48.7966665Z Complete job name: dependency-test
dependency-test	Checkout Repository	﻿2026-08-27T13:16:48.8584814Z Node 20 is being deprecated. This workflow is running with Node 24 by default. If you need to temporarily use Node 20, you can set the ACTIONS_ALLOW_USE_UNSECURE_NODE_VERSION=true environment variable. For more information see: https://github.blog/changelog/2025-09-19-deprecation-of-node-20-on-github-actions-runners/
dependency-test	Checkout Repository	2026-08-27T13:16:48.8592032Z ##[group]Run actions/checkout@v4
dependency-test	Checkout Repository	2026-08-27T13:16:48.8592601Z with:
dependency-test	Checkout Repository	2026-08-27T13:16:48.8592991Z   repository: DhruvHegde/dependency-error-repo
dependency-test	Checkout Repository	2026-08-27T13:16:48.8596324Z   token: ***
dependency-test	Checkout Repository	2026-08-27T13:16:48.8596672Z   ssh-strict: true
dependency-test	Checkout Repository	2026-08-27T13:16:48.8597023Z   ssh-user: git
dependency-test	Checkout Repository	2026-08-27T13:16:48.8597381Z   persist-credentials: true
dependency-test	Checkout Repository	2026-08-27T13:16:48.8597765Z   clean: true
dependency-test	Checkout Repository	2026-08-27T13:16:48.8598113Z   sparse-checkout-cone-mode: true
dependency-test	Checkout Repository	2026-08-27T13:16:48.8598517Z   fetch-depth: 1
dependency-test	Checkout Repository	2026-08-27T13:16:48.8598870Z   fetch-tags: false
dependency-test	Checkout Repository	2026-08-27T13:16:48.8599222Z   show-progress: true
dependency-test	Checkout Repository	2026-08-27T13:16:48.8599840Z   lfs: false
dependency-test	Checkout Repository	2026-08-27T13:16:48.8600172Z   submodules: false
dependency-test	Checkout Repository	2026-08-27T13:16:48.8600563Z   set-safe-directory: true
dependency-test	Checkout Repository	2026-08-27T13:16:48.8600967Z   allow-unsafe-pr-checkout: false
dependency-test	Checkout Repository	2026-08-27T13:16:48.8601566Z ##[endgroup]
dependency-test	Checkout Repository	2026-08-27T13:16:48.9476447Z Syncing repository: DhruvHegde/dependency-error-repo
dependency-test	Checkout Repository	2026-08-27T13:16:48.9478751Z ##[group]Getting Git version info
dependency-test	Checkout Repository	2026-08-27T13:16:48.9480057Z Working directory is '/home/runner/work/dependency-error-repo/dependency-error-repo'
dependency-test	Checkout Repository	2026-08-27T13:16:48.9481590Z [command]/usr/bin/git version
dependency-test	Checkout Repository	2026-08-27T13:16:49.0324053Z git version 2.55.0
dependency-test	Checkout Repository	2026-08-27T13:16:49.0342070Z ##[endgroup]
dependency-test	Checkout Repository	2026-08-27T13:16:49.0354598Z Temporarily overriding HOME='/home/runner/work/_temp/3598fa46-52ad-4eb9-b880-08332aaea851' before making global git config changes
dependency-test	Checkout Repository	2026-08-27T13:16:49.0356275Z Adding repository directory to the temporary git global config as a safe directory
dependency-test	Checkout Repository	2026-08-27T13:16:49.0359631Z [command]/usr/bin/git config --global --add safe.directory /home/runner/work/dependency-error-repo/dependency-error-repo
dependency-test	Checkout Repository	2026-08-27T13:16:49.0408716Z Deleting the contents of '/home/runner/work/dependency-error-repo/dependency-error-repo'
dependency-test	Checkout Repository	2026-08-27T13:16:49.0412228Z ##[group]Initializing the repository
dependency-test	Checkout Repository	2026-08-27T13:16:49.0416272Z [command]/usr/bin/git init /home/runner/work/dependency-error-repo/dependency-error-repo
dependency-test	Checkout Repository	2026-08-27T13:16:49.0533426Z hint: Using 'master' as the name for the initial branch. This default branch name
dependency-test	Checkout Repository	2026-08-27T13:16:49.0534732Z hint: will change to "main" in Git 3.0. To configure the initial branch name
dependency-test	Checkout Repository	2026-08-27T13:16:49.0535854Z hint: to use in all of your new repositories, which will suppress this warning,
dependency-test	Checkout Repository	2026-08-27T13:16:49.0536434Z hint: call:
dependency-test	Checkout Repository	2026-08-27T13:16:49.0536756Z hint:
dependency-test	Checkout Repository	2026-08-27T13:16:49.0537202Z hint: 	git config --global init.defaultBranch <name>
dependency-test	Checkout Repository	2026-08-27T13:16:49.0537731Z hint:
dependency-test	Checkout Repository	2026-08-27T13:16:49.0538445Z hint: Names commonly chosen instead of 'master' are 'main', 'trunk' and
dependency-test	Checkout Repository	2026-08-27T13:16:49.0539350Z hint: 'development'. The just-created branch can be renamed via this command:
dependency-test	Checkout Repository	2026-08-27T13:16:49.0540216Z hint:
dependency-test	Checkout Repository	2026-08-27T13:16:49.0540549Z hint: 	git branch -m <name>
dependency-test	Checkout Repository	2026-08-27T13:16:49.0540940Z hint:
dependency-test	Checkout Repository	2026-08-27T13:16:49.0541431Z hint: Disable this message with "git config set advice.defaultBranchName false"
dependency-test	Checkout Repository	2026-08-27T13:16:49.0542367Z Initialized empty Git repository in /home/runner/work/dependency-error-repo/dependency-error-repo/.git/
dependency-test	Checkout Repository	2026-08-27T13:16:49.0544435Z [command]/usr/bin/git remote add origin https://github.com/DhruvHegde/dependency-error-repo
dependency-test	Checkout Repository	2026-08-27T13:16:49.0610360Z ##[endgroup]
dependency-test	Checkout Repository	2026-08-27T13:16:49.0611046Z ##[group]Disabling automatic garbage collection
dependency-test	Checkout Repository	2026-08-27T13:16:49.0613537Z [command]/usr/bin/git config --local gc.auto 0
dependency-test	Checkout Repository	2026-08-27T13:16:49.0642652Z ##[endgroup]
dependency-test	Checkout Repository	2026-08-27T13:16:49.0643287Z ##[group]Setting up auth
dependency-test	Checkout Repository	2026-08-27T13:16:49.0647922Z [command]/usr/bin/git config --local --name-only --get-regexp core\.sshCommand
dependency-test	Checkout Repository	2026-08-27T13:16:49.0677247Z [command]/usr/bin/git submodule foreach --recursive sh -c "git config --local --name-only --get-regexp 'core\.sshCommand' && git config --local --unset-all 'core.sshCommand' || :"
dependency-test	Checkout Repository	2026-08-27T13:16:49.0993661Z [command]/usr/bin/git config --local --name-only --get-regexp http\.https\:\/\/github\.com\/\.extraheader
dependency-test	Checkout Repository	2026-08-27T13:16:49.1026300Z [command]/usr/bin/git submodule foreach --recursive sh -c "git config --local --name-only --get-regexp 'http\.https\:\/\/github\.com\/\.extraheader' && git config --local --unset-all 'http.https://github.com/.extraheader' || :"
dependency-test	Checkout Repository	2026-08-27T13:16:49.1221721Z [command]/usr/bin/git config --local --name-only --get-regexp ^includeIf\.gitdir:
dependency-test	Checkout Repository	2026-08-27T13:16:49.1252985Z [command]/usr/bin/git submodule foreach --recursive git config --local --show-origin --name-only --get-regexp remote.origin.url
dependency-test	Checkout Repository	2026-08-27T13:16:49.1451602Z [command]/usr/bin/git config --local http.https://github.com/.extraheader AUTHORIZATION: basic ***
dependency-test	Checkout Repository	2026-08-27T13:16:49.1486935Z ##[endgroup]
dependency-test	Checkout Repository	2026-08-27T13:16:49.1487668Z ##[group]Fetching the repository
dependency-test	Checkout Repository	2026-08-27T13:16:49.1495685Z [command]/usr/bin/git -c protocol.version=2 fetch --no-tags --prune --no-recurse-submodules --depth=1 origin +e630885db9f88a765149011020e67e2203c570a6:refs/remotes/origin/feature/syntax-errors
dependency-test	Checkout Repository	2026-08-27T13:16:50.0765986Z From https://github.com/DhruvHegde/dependency-error-repo
dependency-test	Checkout Repository	2026-08-27T13:16:50.0768517Z  * [new ref]         e630885db9f88a765149011020e67e2203c570a6 -> origin/feature/syntax-errors
dependency-test	Checkout Repository	2026-08-27T13:16:50.0773642Z ##[endgroup]
dependency-test	Checkout Repository	2026-08-27T13:16:50.0775059Z ##[group]Determining the checkout info
dependency-test	Checkout Repository	2026-08-27T13:16:50.0776153Z ##[endgroup]
dependency-test	Checkout Repository	2026-08-27T13:16:50.0781645Z [command]/usr/bin/git sparse-checkout disable
dependency-test	Checkout Repository	2026-08-27T13:16:50.0831647Z [command]/usr/bin/git config --local --unset-all extensions.worktreeConfig
dependency-test	Checkout Repository	2026-08-27T13:16:50.0860903Z ##[group]Checking out the ref
dependency-test	Checkout Repository	2026-08-27T13:16:50.0865582Z [command]/usr/bin/git checkout --progress --force -B feature/syntax-errors refs/remotes/origin/feature/syntax-errors
dependency-test	Checkout Repository	2026-08-27T13:16:50.1014350Z Switched to a new branch 'feature/syntax-errors'
dependency-test	Checkout Repository	2026-08-27T13:16:50.1018489Z branch 'feature/syntax-errors' set up to track 'origin/feature/syntax-errors'.
dependency-test	Checkout Repository	2026-08-27T13:16:50.1025066Z ##[endgroup]
dependency-test	Checkout Repository	2026-08-27T13:16:50.1064721Z [command]/usr/bin/git log -1 --format=%H
dependency-test	Checkout Repository	2026-08-27T13:16:50.1088276Z e630885db9f88a765149011020e67e2203c570a6
dependency-test	Setup Python	﻿2026-08-27T13:16:50.1400357Z Node 20 is being deprecated. This workflow is running with Node 24 by default. If you need to temporarily use Node 20, you can set the ACTIONS_ALLOW_USE_UNSECURE_NODE_VERSION=true environment variable. For more information see: https://github.blog/changelog/2025-09-19-deprecation-of-node-20-on-github-actions-runners/
dependency-test	Setup Python	2026-08-27T13:16:50.1404903Z ##[group]Run actions/setup-python@v5
dependency-test	Setup Python	2026-08-27T13:16:50.1405841Z with:
dependency-test	Setup Python	2026-08-27T13:16:50.1406556Z   python-version: 3.11
dependency-test	Setup Python	2026-08-27T13:16:50.1407369Z   check-latest: false
dependency-test	Setup Python	2026-08-27T13:16:50.1415634Z   token: ***
dependency-test	Setup Python	2026-08-27T13:16:50.1416404Z   update-environment: true
dependency-test	Setup Python	2026-08-27T13:16:50.1417279Z   allow-prereleases: false
dependency-test	Setup Python	2026-08-27T13:16:50.1418126Z   freethreaded: false
dependency-test	Setup Python	2026-08-27T13:16:50.1418890Z ##[endgroup]
dependency-test	Setup Python	2026-08-27T13:16:50.2494484Z ##[group]Installed versions
dependency-test	Setup Python	2026-08-27T13:16:50.2906242Z (node:2017) [DEP0040] DeprecationWarning: The `punycode` module is deprecated. Please use a userland alternative instead.
dependency-test	Setup Python	2026-08-27T13:16:50.2908788Z (Use `node --trace-deprecation ...` to show where the warning was created)
dependency-test	Setup Python	2026-08-27T13:16:50.2910733Z Successfully set up CPython (3.11.16)
dependency-test	Setup Python	2026-08-27T13:16:50.2912704Z ##[endgroup]
dependency-test	Install Dependencies	﻿2026-08-27T13:16:50.3092278Z ##[group]Run python -m pip install --upgrade pip
dependency-test	Install Dependencies	2026-08-27T13:16:50.3093676Z ^[[36;1mpython -m pip install --upgrade pip^[[0m
dependency-test	Install Dependencies	2026-08-27T13:16:50.3094778Z ^[[36;1mpip install -r requirements.txt^[[0m
dependency-test	Install Dependencies	2026-08-27T13:16:50.3152875Z shell: /usr/bin/bash -e {0}
dependency-test	Install Dependencies	2026-08-27T13:16:50.3154002Z env:
dependency-test	Install Dependencies	2026-08-27T13:16:50.3155821Z   pythonLocation: /opt/hostedtoolcache/Python/3.11.16/x64
dependency-test	Install Dependencies	2026-08-27T13:16:50.3159338Z   PKG_CONFIG_PATH: /opt/hostedtoolcache/Python/3.11.16/x64/lib/pkgconfig
dependency-test	Install Dependencies	2026-08-27T13:16:50.3162330Z   Python_ROOT_DIR: /opt/hostedtoolcache/Python/3.11.16/x64
dependency-test	Install Dependencies	2026-08-27T13:16:50.3164791Z   Python2_ROOT_DIR: /opt/hostedtoolcache/Python/3.11.16/x64
dependency-test	Install Dependencies	2026-08-27T13:16:50.3166958Z   Python3_ROOT_DIR: /opt/hostedtoolcache/Python/3.11.16/x64
dependency-test	Install Dependencies	2026-08-27T13:16:50.3168913Z   LD_LIBRARY_PATH: /opt/hostedtoolcache/Python/3.11.16/x64/lib
dependency-test	Install Dependencies	2026-08-27T13:16:50.3170330Z ##[endgroup]
dependency-test	Install Dependencies	2026-08-27T13:16:51.4803107Z Requirement already satisfied: pip in /opt/hostedtoolcache/Python/3.11.16/x64/lib/python3.11/site-packages (26.2.1)
dependency-test	Install Dependencies	2026-08-27T13:16:52.0391866Z Collecting pytest (from -r requirements.txt (line 1))
dependency-test	Install Dependencies	2026-08-27T13:16:52.0813772Z   Downloading pytest-9.1.1-py3-none-any.whl.metadata (7.6 kB)
dependency-test	Install Dependencies	2026-08-27T13:16:52.1152926Z Collecting iniconfig>=1.0.1 (from pytest->-r requirements.txt (line 1))
dependency-test	Install Dependencies	2026-08-27T13:16:52.1176253Z   Downloading iniconfig-2.3.0-py3-none-any.whl.metadata (2.5 kB)
dependency-test	Install Dependencies	2026-08-27T13:16:52.1288876Z Collecting packaging>=22 (from pytest->-r requirements.txt (line 1))
dependency-test	Install Dependencies	2026-08-27T13:16:52.1312318Z   Downloading packaging-26.3-py3-none-any.whl.metadata (3.5 kB)
dependency-test	Install Dependencies	2026-08-27T13:16:52.1423184Z Collecting pluggy<2,>=1.5 (from pytest->-r requirements.txt (line 1))
dependency-test	Install Dependencies	2026-08-27T13:16:52.1453141Z   Downloading pluggy-1.6.0-py3-none-any.whl.metadata (4.8 kB)
dependency-test	Install Dependencies	2026-08-27T13:16:52.1596192Z Collecting pygments>=2.7.2 (from pytest->-r requirements.txt (line 1))
dependency-test	Install Dependencies	2026-08-27T13:16:52.1619308Z   Downloading pygments-2.21.0-py3-none-any.whl.metadata (2.5 kB)
dependency-test	Install Dependencies	2026-08-27T13:16:52.1682071Z Downloading pytest-9.1.1-py3-none-any.whl (386 kB)
dependency-test	Install Dependencies	2026-08-27T13:16:52.1852417Z Downloading pluggy-1.6.0-py3-none-any.whl (20 kB)
dependency-test	Install Dependencies	2026-08-27T13:16:52.1903305Z Downloading iniconfig-2.3.0-py3-none-any.whl (7.5 kB)
dependency-test	Install Dependencies	2026-08-27T13:16:52.1945517Z Downloading packaging-26.3-py3-none-any.whl (129 kB)
dependency-test	Install Dependencies	2026-08-27T13:16:52.2004131Z Downloading pygments-2.21.0-py3-none-any.whl (1.3 MB)
dependency-test	Install Dependencies	2026-08-27T13:16:52.2120617Z    ━━━━━━━━━━━━━━━━━━━━━━━━━━━━━━━━━━━━━━━━ 1.3/1.3 MB 127.3 MB/s  0:00:00
dependency-test	Install Dependencies	2026-08-27T13:16:52.2522045Z Installing collected packages: pygments, pluggy, packaging, iniconfig, pytest
dependency-test	Install Dependencies	2026-08-27T13:16:53.0505661Z 
dependency-test	Install Dependencies	2026-08-27T13:16:53.0513657Z Successfully installed iniconfig-2.3.0 packaging-26.3 pluggy-1.6.0 pygments-2.21.0 pytest-9.1.1
dependency-test	Check App Syntax	﻿2026-08-27T13:16:53.1093701Z ##[group]Run python -c "import app"
dependency-test	Check App Syntax	2026-08-27T13:16:53.1094004Z ^[[36;1mpython -c "import app"^[[0m
dependency-test	Check App Syntax	2026-08-27T13:16:53.1128562Z shell: /usr/bin/bash -e {0}
dependency-test	Check App Syntax	2026-08-27T13:16:53.1128791Z env:
dependency-test	Check App Syntax	2026-08-27T13:16:53.1129018Z   pythonLocation: /opt/hostedtoolcache/Python/3.11.16/x64
dependency-test	Check App Syntax	2026-08-27T13:16:53.1129365Z   PKG_CONFIG_PATH: /opt/hostedtoolcache/Python/3.11.16/x64/lib/pkgconfig
dependency-test	Check App Syntax	2026-08-27T13:16:53.1129832Z   Python_ROOT_DIR: /opt/hostedtoolcache/Python/3.11.16/x64
dependency-test	Check App Syntax	2026-08-27T13:16:53.1130136Z   Python2_ROOT_DIR: /opt/hostedtoolcache/Python/3.11.16/x64
dependency-test	Check App Syntax	2026-08-27T13:16:53.1130444Z   Python3_ROOT_DIR: /opt/hostedtoolcache/Python/3.11.16/x64
dependency-test	Check App Syntax	2026-08-27T13:16:53.1130786Z   LD_LIBRARY_PATH: /opt/hostedtoolcache/Python/3.11.16/x64/lib
dependency-test	Check App Syntax	2026-08-27T13:16:53.1131053Z ##[endgroup]
dependency-test	Check App Syntax	2026-08-27T13:16:53.1274464Z Traceback (most recent call last):
dependency-test	Check App Syntax	2026-08-27T13:16:53.1280483Z   File "<string>", line 1, in <module>
dependency-test	Check App Syntax	2026-08-27T13:16:53.1281202Z   File "/home/runner/work/dependency-error-repo/dependency-error-repo/app.py", line 4
dependency-test	Check App Syntax	2026-08-27T13:16:53.1281620Z     break
dependency-test	Check App Syntax	2026-08-27T13:16:53.1281787Z     ^^^^^
dependency-test	Check App Syntax	2026-08-27T13:16:53.1281959Z SyntaxError: 'break' outside loop
dependency-test	Check App Syntax	2026-08-27T13:16:53.1305664Z ##[error]Process completed with exit code 1.
dependency-test	Post Checkout Repository	﻿2026-08-27T13:16:53.1432155Z Node 20 is being deprecated. This workflow is running with Node 24 by default. If you need to temporarily use Node 20, you can set the ACTIONS_ALLOW_USE_UNSECURE_NODE_VERSION=true environment variable. For more information see: https://github.blog/changelog/2025-09-19-deprecation-of-node-20-on-github-actions-runners/
dependency-test	Post Checkout Repository	2026-08-27T13:16:53.1433108Z Post job cleanup.
dependency-test	Post Checkout Repository	2026-08-27T13:16:53.2167497Z [command]/usr/bin/git version
dependency-test	Post Checkout Repository	2026-08-27T13:16:53.2204660Z git version 2.55.0
dependency-test	Post Checkout Repository	2026-08-27T13:16:53.2234537Z Temporarily overriding HOME='/home/runner/work/_temp/b72bc9db-0cff-4377-86b9-6fdda8539a49' before making global git config changes
dependency-test	Post Checkout Repository	2026-08-27T13:16:53.2235663Z Adding repository directory to the temporary git global config as a safe directory
dependency-test	Post Checkout Repository	2026-08-27T13:16:53.2241139Z [command]/usr/bin/git config --global --add safe.directory /home/runner/work/dependency-error-repo/dependency-error-repo
dependency-test	Post Checkout Repository	2026-08-27T13:16:53.2277223Z [command]/usr/bin/git config --local --name-only --get-regexp core\.sshCommand
dependency-test	Post Checkout Repository	2026-08-27T13:16:53.2335990Z [command]/usr/bin/git submodule foreach --recursive sh -c "git config --local --name-only --get-regexp 'core\.sshCommand' && git config --local --unset-all 'core.sshCommand' || :"
dependency-test	Post Checkout Repository	2026-08-27T13:16:53.2568950Z [command]/usr/bin/git config --local --name-only --get-regexp http\.https\:\/\/github\.com\/\.extraheader
dependency-test	Post Checkout Repository	2026-08-27T13:16:53.3157647Z http.https://github.com/.extraheader
dependency-test	Post Checkout Repository	2026-08-27T13:16:53.3169221Z [command]/usr/bin/git config --local --unset-all http.https://github.com/.extraheader
dependency-test	Post Checkout Repository	2026-08-27T13:16:53.3204906Z [command]/usr/bin/git submodule foreach --recursive sh -c "git config --local --name-only --get-regexp 'http\.https\:\/\/github\.com\/\.extraheader' && git config --local --unset-all 'http.https://github.com/.extraheader' || :"
dependency-test	Post Checkout Repository	2026-08-27T13:16:53.3408794Z [command]/usr/bin/git config --local --name-only --get-regexp ^includeIf\.gitdir:
dependency-test	Post Checkout Repository	2026-08-27T13:16:53.3441826Z [command]/usr/bin/git submodule foreach --recursive git config --local --show-origin --name-only --get-regexp remote.origin.url
dependency-test	Complete job	﻿2026-08-27T13:16:53.3769659Z Cleaning up orphan processes
dependency-test	Complete job	2026-08-27T13:16:53.4004541Z ##[warning]Node.js 20 is deprecated. The following actions target Node.js 20 but are being forced to run on Node.js 24: actions/checkout@v4, actions/setup-python@v5. For more information see: https://github.blog/changelog/2025-09-19-deprecation-of-node-20-on-github-actions-runners/