dependency-test	Set up job	﻿2026-08-23T17:41:42.4895344Z Current runner version: '2.336.0'
dependency-test	Set up job	2026-08-23T17:41:42.4924124Z ##[group]Runner Image Provisioner
dependency-test	Set up job	2026-08-23T17:41:42.4925534Z Hosted Compute Agent
dependency-test	Set up job	2026-08-23T17:41:42.4926183Z Version: 20260729.566
dependency-test	Set up job	2026-08-23T17:41:42.4927242Z Commit: cf7153fe6e25b664e8693c24944bf2b00355d109
dependency-test	Set up job	2026-08-23T17:41:42.4928213Z Build Date: 2026-07-29T19:17:02Z
dependency-test	Set up job	2026-08-23T17:41:42.4928938Z Worker ID: {c77cd2c2-7422-4b7f-ab1e-0bf7b2743c4c}
dependency-test	Set up job	2026-08-23T17:41:42.4929695Z Azure Region: westus2
dependency-test	Set up job	2026-08-23T17:41:42.4930287Z ##[endgroup]
dependency-test	Set up job	2026-08-23T17:41:42.4931881Z ##[group]Operating System
dependency-test	Set up job	2026-08-23T17:41:42.4932646Z Ubuntu
dependency-test	Set up job	2026-08-23T17:41:42.4933284Z 24.04.4
dependency-test	Set up job	2026-08-23T17:41:42.4933797Z LTS
dependency-test	Set up job	2026-08-23T17:41:42.4934606Z ##[endgroup]
dependency-test	Set up job	2026-08-23T17:41:42.4935230Z ##[group]Runner Image
dependency-test	Set up job	2026-08-23T17:41:42.4935951Z Image: ubuntu-24.04
dependency-test	Set up job	2026-08-23T17:41:42.4936747Z Version: 20260816.277.1
dependency-test	Set up job	2026-08-23T17:41:42.4937849Z Included Software: https://github.com/actions/runner-images/blob/ubuntu24/20260816.277/images/ubuntu/Ubuntu2404-Readme.md
dependency-test	Set up job	2026-08-23T17:41:42.4939795Z Image Release: https://github.com/actions/runner-images/releases/tag/ubuntu24%2F20260816.277
dependency-test	Set up job	2026-08-23T17:41:42.4940850Z ##[endgroup]
dependency-test	Set up job	2026-08-23T17:41:42.4942051Z ##[group]GITHUB_TOKEN Permissions
dependency-test	Set up job	2026-08-23T17:41:42.4944210Z Contents: read
dependency-test	Set up job	2026-08-23T17:41:42.4945297Z Metadata: read
dependency-test	Set up job	2026-08-23T17:41:42.4946440Z Packages: read
dependency-test	Set up job	2026-08-23T17:41:42.4947016Z ##[endgroup]
dependency-test	Set up job	2026-08-23T17:41:42.4949405Z Secret source: Actions
dependency-test	Set up job	2026-08-23T17:41:42.4950550Z Prepare workflow directory
dependency-test	Set up job	2026-08-23T17:41:42.5304025Z Prepare all required actions
dependency-test	Set up job	2026-08-23T17:41:42.5361876Z Getting action download info
dependency-test	Set up job	2026-08-23T17:41:42.8904359Z Download action repository 'actions/checkout@v4' (SHA:11d5960a326750d5838078e36cf38b85af677262)
dependency-test	Set up job	2026-08-23T17:41:43.0219929Z Download action repository 'actions/setup-python@v5' (SHA:a26af69be951a213d495a4c3e4e4022e16d87065)
dependency-test	Set up job	2026-08-23T17:41:43.2130701Z Complete job name: dependency-test
dependency-test	Checkout Repository	﻿2026-08-23T17:41:43.2911719Z Node 20 is being deprecated. This workflow is running with Node 24 by default. If you need to temporarily use Node 20, you can set the ACTIONS_ALLOW_USE_UNSECURE_NODE_VERSION=true environment variable. For more information see: https://github.blog/changelog/2025-09-19-deprecation-of-node-20-on-github-actions-runners/
dependency-test	Checkout Repository	2026-08-23T17:41:43.2921460Z ##[group]Run actions/checkout@v4
dependency-test	Checkout Repository	2026-08-23T17:41:43.2922373Z with:
dependency-test	Checkout Repository	2026-08-23T17:41:43.2922914Z   repository: DhruvHegde/dependency-error-repo
dependency-test	Checkout Repository	2026-08-23T17:41:43.2927366Z   token: ***
dependency-test	Checkout Repository	2026-08-23T17:41:43.2927813Z   ssh-strict: true
dependency-test	Checkout Repository	2026-08-23T17:41:43.2928248Z   ssh-user: git
dependency-test	Checkout Repository	2026-08-23T17:41:43.2928686Z   persist-credentials: true
dependency-test	Checkout Repository	2026-08-23T17:41:43.2929169Z   clean: true
dependency-test	Checkout Repository	2026-08-23T17:41:43.2929603Z   sparse-checkout-cone-mode: true
dependency-test	Checkout Repository	2026-08-23T17:41:43.2930116Z   fetch-depth: 1
dependency-test	Checkout Repository	2026-08-23T17:41:43.2930545Z   fetch-tags: false
dependency-test	Checkout Repository	2026-08-23T17:41:43.2930986Z   show-progress: true
dependency-test	Checkout Repository	2026-08-23T17:41:43.2931429Z   lfs: false
dependency-test	Checkout Repository	2026-08-23T17:41:43.2931834Z   submodules: false
dependency-test	Checkout Repository	2026-08-23T17:41:43.2932329Z   set-safe-directory: true
dependency-test	Checkout Repository	2026-08-23T17:41:43.2932896Z   allow-unsafe-pr-checkout: false
dependency-test	Checkout Repository	2026-08-23T17:41:43.2933715Z ##[endgroup]
dependency-test	Checkout Repository	2026-08-23T17:41:43.4015678Z Syncing repository: DhruvHegde/dependency-error-repo
dependency-test	Checkout Repository	2026-08-23T17:41:43.4018059Z ##[group]Getting Git version info
dependency-test	Checkout Repository	2026-08-23T17:41:43.4018969Z Working directory is '/home/runner/work/dependency-error-repo/dependency-error-repo'
dependency-test	Checkout Repository	2026-08-23T17:41:43.4020218Z [command]/usr/bin/git version
dependency-test	Checkout Repository	2026-08-23T17:41:43.4119438Z git version 2.55.0
dependency-test	Checkout Repository	2026-08-23T17:41:43.4183416Z ##[endgroup]
dependency-test	Checkout Repository	2026-08-23T17:41:43.4197584Z Temporarily overriding HOME='/home/runner/work/_temp/69c224e0-3b92-47d6-83b1-df67ef6279d8' before making global git config changes
dependency-test	Checkout Repository	2026-08-23T17:41:43.4199914Z Adding repository directory to the temporary git global config as a safe directory
dependency-test	Checkout Repository	2026-08-23T17:41:43.4202829Z [command]/usr/bin/git config --global --add safe.directory /home/runner/work/dependency-error-repo/dependency-error-repo
dependency-test	Checkout Repository	2026-08-23T17:41:43.4261531Z Deleting the contents of '/home/runner/work/dependency-error-repo/dependency-error-repo'
dependency-test	Checkout Repository	2026-08-23T17:41:43.4267146Z ##[group]Initializing the repository
dependency-test	Checkout Repository	2026-08-23T17:41:43.4273434Z [command]/usr/bin/git init /home/runner/work/dependency-error-repo/dependency-error-repo
dependency-test	Checkout Repository	2026-08-23T17:41:43.4377895Z hint: Using 'master' as the name for the initial branch. This default branch name
dependency-test	Checkout Repository	2026-08-23T17:41:43.4380899Z hint: will change to "main" in Git 3.0. To configure the initial branch name
dependency-test	Checkout Repository	2026-08-23T17:41:43.4382823Z hint: to use in all of your new repositories, which will suppress this warning,
dependency-test	Checkout Repository	2026-08-23T17:41:43.4384307Z hint: call:
dependency-test	Checkout Repository	2026-08-23T17:41:43.4385561Z hint:
dependency-test	Checkout Repository	2026-08-23T17:41:43.4386586Z hint: 	git config --global init.defaultBranch <name>
dependency-test	Checkout Repository	2026-08-23T17:41:43.4387679Z hint:
dependency-test	Checkout Repository	2026-08-23T17:41:43.4388817Z hint: Names commonly chosen instead of 'master' are 'main', 'trunk' and
dependency-test	Checkout Repository	2026-08-23T17:41:43.4390000Z hint: 'development'. The just-created branch can be renamed via this command:
dependency-test	Checkout Repository	2026-08-23T17:41:43.4390795Z hint:
dependency-test	Checkout Repository	2026-08-23T17:41:43.4391210Z hint: 	git branch -m <name>
dependency-test	Checkout Repository	2026-08-23T17:41:43.4391698Z hint:
dependency-test	Checkout Repository	2026-08-23T17:41:43.4392329Z hint: Disable this message with "git config set advice.defaultBranchName false"
dependency-test	Checkout Repository	2026-08-23T17:41:43.4393486Z Initialized empty Git repository in /home/runner/work/dependency-error-repo/dependency-error-repo/.git/
dependency-test	Checkout Repository	2026-08-23T17:41:43.4396475Z [command]/usr/bin/git remote add origin https://github.com/DhruvHegde/dependency-error-repo
dependency-test	Checkout Repository	2026-08-23T17:41:43.4455886Z ##[endgroup]
dependency-test	Checkout Repository	2026-08-23T17:41:43.4457258Z ##[group]Disabling automatic garbage collection
dependency-test	Checkout Repository	2026-08-23T17:41:43.4461472Z [command]/usr/bin/git config --local gc.auto 0
dependency-test	Checkout Repository	2026-08-23T17:41:43.4499375Z ##[endgroup]
dependency-test	Checkout Repository	2026-08-23T17:41:43.4500762Z ##[group]Setting up auth
dependency-test	Checkout Repository	2026-08-23T17:41:43.4509125Z [command]/usr/bin/git config --local --name-only --get-regexp core\.sshCommand
dependency-test	Checkout Repository	2026-08-23T17:41:43.4553798Z [command]/usr/bin/git submodule foreach --recursive sh -c "git config --local --name-only --get-regexp 'core\.sshCommand' && git config --local --unset-all 'core.sshCommand' || :"
dependency-test	Checkout Repository	2026-08-23T17:41:43.4990298Z [command]/usr/bin/git config --local --name-only --get-regexp http\.https\:\/\/github\.com\/\.extraheader
dependency-test	Checkout Repository	2026-08-23T17:41:43.5022827Z [command]/usr/bin/git submodule foreach --recursive sh -c "git config --local --name-only --get-regexp 'http\.https\:\/\/github\.com\/\.extraheader' && git config --local --unset-all 'http.https://github.com/.extraheader' || :"
dependency-test	Checkout Repository	2026-08-23T17:41:43.5256160Z [command]/usr/bin/git config --local --name-only --get-regexp ^includeIf\.gitdir:
dependency-test	Checkout Repository	2026-08-23T17:41:43.5296890Z [command]/usr/bin/git submodule foreach --recursive git config --local --show-origin --name-only --get-regexp remote.origin.url
dependency-test	Checkout Repository	2026-08-23T17:41:43.5543146Z [command]/usr/bin/git config --local http.https://github.com/.extraheader AUTHORIZATION: basic ***
dependency-test	Checkout Repository	2026-08-23T17:41:43.5589424Z ##[endgroup]
dependency-test	Checkout Repository	2026-08-23T17:41:43.5590942Z ##[group]Fetching the repository
dependency-test	Checkout Repository	2026-08-23T17:41:43.5601053Z [command]/usr/bin/git -c protocol.version=2 fetch --no-tags --prune --no-recurse-submodules --depth=1 origin +1422d1471796c913e241a61d1a144896c5092519:refs/remotes/origin/feature/syntax-errors
dependency-test	Checkout Repository	2026-08-23T17:41:43.9830779Z From https://github.com/DhruvHegde/dependency-error-repo
dependency-test	Checkout Repository	2026-08-23T17:41:43.9832023Z  * [new ref]         1422d1471796c913e241a61d1a144896c5092519 -> origin/feature/syntax-errors
dependency-test	Checkout Repository	2026-08-23T17:41:43.9835321Z ##[endgroup]
dependency-test	Checkout Repository	2026-08-23T17:41:43.9836120Z ##[group]Determining the checkout info
dependency-test	Checkout Repository	2026-08-23T17:41:43.9837729Z ##[endgroup]
dependency-test	Checkout Repository	2026-08-23T17:41:43.9844147Z [command]/usr/bin/git sparse-checkout disable
dependency-test	Checkout Repository	2026-08-23T17:41:43.9897785Z [command]/usr/bin/git config --local --unset-all extensions.worktreeConfig
dependency-test	Checkout Repository	2026-08-23T17:41:43.9938486Z ##[group]Checking out the ref
dependency-test	Checkout Repository	2026-08-23T17:41:43.9940827Z [command]/usr/bin/git checkout --progress --force -B feature/syntax-errors refs/remotes/origin/feature/syntax-errors
dependency-test	Checkout Repository	2026-08-23T17:41:44.0031169Z Switched to a new branch 'feature/syntax-errors'
dependency-test	Checkout Repository	2026-08-23T17:41:44.0036405Z branch 'feature/syntax-errors' set up to track 'origin/feature/syntax-errors'.
dependency-test	Checkout Repository	2026-08-23T17:41:44.0042597Z ##[endgroup]
dependency-test	Checkout Repository	2026-08-23T17:41:44.0094831Z [command]/usr/bin/git log -1 --format=%H
dependency-test	Checkout Repository	2026-08-23T17:41:44.0124720Z 1422d1471796c913e241a61d1a144896c5092519
dependency-test	Setup Python	﻿2026-08-23T17:41:44.0420006Z Node 20 is being deprecated. This workflow is running with Node 24 by default. If you need to temporarily use Node 20, you can set the ACTIONS_ALLOW_USE_UNSECURE_NODE_VERSION=true environment variable. For more information see: https://github.blog/changelog/2025-09-19-deprecation-of-node-20-on-github-actions-runners/
dependency-test	Setup Python	2026-08-23T17:41:44.0422684Z ##[group]Run actions/setup-python@v5
dependency-test	Setup Python	2026-08-23T17:41:44.0423218Z with:
dependency-test	Setup Python	2026-08-23T17:41:44.0423621Z   python-version: 3.11
dependency-test	Setup Python	2026-08-23T17:41:44.0424076Z   check-latest: false
dependency-test	Setup Python	2026-08-23T17:41:44.0428195Z   token: ***
dependency-test	Setup Python	2026-08-23T17:41:44.0428643Z   update-environment: true
dependency-test	Setup Python	2026-08-23T17:41:44.0429140Z   allow-prereleases: false
dependency-test	Setup Python	2026-08-23T17:41:44.0429616Z   freethreaded: false
dependency-test	Setup Python	2026-08-23T17:41:44.0430059Z ##[endgroup]
dependency-test	Setup Python	2026-08-23T17:41:44.1750973Z ##[group]Installed versions
dependency-test	Setup Python	2026-08-23T17:41:44.1848350Z (node:2088) [DEP0040] DeprecationWarning: The `punycode` module is deprecated. Please use a userland alternative instead.
dependency-test	Setup Python	2026-08-23T17:41:44.1850269Z (Use `node --trace-deprecation ...` to show where the warning was created)
dependency-test	Setup Python	2026-08-23T17:41:44.1851340Z Successfully set up CPython (3.11.16)
dependency-test	Setup Python	2026-08-23T17:41:44.1852782Z ##[endgroup]
dependency-test	Install Dependencies	﻿2026-08-23T17:41:44.2015996Z ##[group]Run python -m pip install --upgrade pip
dependency-test	Install Dependencies	2026-08-23T17:41:44.2016841Z ^[[36;1mpython -m pip install --upgrade pip^[[0m
dependency-test	Install Dependencies	2026-08-23T17:41:44.2017481Z ^[[36;1mpip install -r requirements.txt^[[0m
dependency-test	Install Dependencies	2026-08-23T17:41:44.2155207Z shell: /usr/bin/bash -e {0}
dependency-test	Install Dependencies	2026-08-23T17:41:44.2156204Z env:
dependency-test	Install Dependencies	2026-08-23T17:41:44.2157092Z   pythonLocation: /opt/hostedtoolcache/Python/3.11.16/x64
dependency-test	Install Dependencies	2026-08-23T17:41:44.2158478Z   PKG_CONFIG_PATH: /opt/hostedtoolcache/Python/3.11.16/x64/lib/pkgconfig
dependency-test	Install Dependencies	2026-08-23T17:41:44.2159482Z   Python_ROOT_DIR: /opt/hostedtoolcache/Python/3.11.16/x64
dependency-test	Install Dependencies	2026-08-23T17:41:44.2160250Z   Python2_ROOT_DIR: /opt/hostedtoolcache/Python/3.11.16/x64
dependency-test	Install Dependencies	2026-08-23T17:41:44.2161359Z   Python3_ROOT_DIR: /opt/hostedtoolcache/Python/3.11.16/x64
dependency-test	Install Dependencies	2026-08-23T17:41:44.2162156Z   LD_LIBRARY_PATH: /opt/hostedtoolcache/Python/3.11.16/x64/lib
dependency-test	Install Dependencies	2026-08-23T17:41:44.2163229Z ##[endgroup]
dependency-test	Install Dependencies	2026-08-23T17:41:46.6478791Z Requirement already satisfied: pip in /opt/hostedtoolcache/Python/3.11.16/x64/lib/python3.11/site-packages (26.2.1)
dependency-test	Install Dependencies	2026-08-23T17:41:47.3828050Z Collecting pytest (from -r requirements.txt (line 1))
dependency-test	Install Dependencies	2026-08-23T17:41:47.4438159Z   Downloading pytest-9.1.1-py3-none-any.whl.metadata (7.6 kB)
dependency-test	Install Dependencies	2026-08-23T17:41:47.4618434Z Collecting iniconfig>=1.0.1 (from pytest->-r requirements.txt (line 1))
dependency-test	Install Dependencies	2026-08-23T17:41:47.4698043Z   Downloading iniconfig-2.3.0-py3-none-any.whl.metadata (2.5 kB)
dependency-test	Install Dependencies	2026-08-23T17:41:47.4904159Z Collecting packaging>=22 (from pytest->-r requirements.txt (line 1))
dependency-test	Install Dependencies	2026-08-23T17:41:47.4983864Z   Downloading packaging-26.3-py3-none-any.whl.metadata (3.5 kB)
dependency-test	Install Dependencies	2026-08-23T17:41:47.5163313Z Collecting pluggy<2,>=1.5 (from pytest->-r requirements.txt (line 1))
dependency-test	Install Dependencies	2026-08-23T17:41:47.5243532Z   Downloading pluggy-1.6.0-py3-none-any.whl.metadata (4.8 kB)
dependency-test	Install Dependencies	2026-08-23T17:41:47.5482780Z Collecting pygments>=2.7.2 (from pytest->-r requirements.txt (line 1))
dependency-test	Install Dependencies	2026-08-23T17:41:47.5561942Z   Downloading pygments-2.21.0-py3-none-any.whl.metadata (2.5 kB)
dependency-test	Install Dependencies	2026-08-23T17:41:47.5694991Z Downloading pytest-9.1.1-py3-none-any.whl (386 kB)
dependency-test	Install Dependencies	2026-08-23T17:41:47.6057666Z Downloading pluggy-1.6.0-py3-none-any.whl (20 kB)
dependency-test	Install Dependencies	2026-08-23T17:41:47.6161132Z Downloading iniconfig-2.3.0-py3-none-any.whl (7.5 kB)
dependency-test	Install Dependencies	2026-08-23T17:41:47.6263366Z Downloading packaging-26.3-py3-none-any.whl (129 kB)
dependency-test	Install Dependencies	2026-08-23T17:41:47.6400721Z Downloading pygments-2.21.0-py3-none-any.whl (1.3 MB)
dependency-test	Install Dependencies	2026-08-23T17:41:47.6869172Z    ━━━━━━━━━━━━━━━━━━━━━━━━━━━━━━━━━━━━━━━━ 1.3/1.3 MB 27.7 MB/s  0:00:00
dependency-test	Install Dependencies	2026-08-23T17:41:47.7441544Z Installing collected packages: pygments, pluggy, packaging, iniconfig, pytest
dependency-test	Install Dependencies	2026-08-23T17:41:48.7433771Z 
dependency-test	Install Dependencies	2026-08-23T17:41:48.7447167Z Successfully installed iniconfig-2.3.0 packaging-26.3 pluggy-1.6.0 pygments-2.21.0 pytest-9.1.1
dependency-test	Check App Syntax	﻿2026-08-23T17:41:48.8095067Z ##[group]Run python -c "import app"
dependency-test	Check App Syntax	2026-08-23T17:41:48.8095535Z ^[[36;1mpython -c "import app"^[[0m
dependency-test	Check App Syntax	2026-08-23T17:41:48.8135511Z shell: /usr/bin/bash -e {0}
dependency-test	Check App Syntax	2026-08-23T17:41:48.8135850Z env:
dependency-test	Check App Syntax	2026-08-23T17:41:48.8136168Z   pythonLocation: /opt/hostedtoolcache/Python/3.11.16/x64
dependency-test	Check App Syntax	2026-08-23T17:41:48.8136657Z   PKG_CONFIG_PATH: /opt/hostedtoolcache/Python/3.11.16/x64/lib/pkgconfig
dependency-test	Check App Syntax	2026-08-23T17:41:48.8137123Z   Python_ROOT_DIR: /opt/hostedtoolcache/Python/3.11.16/x64
dependency-test	Check App Syntax	2026-08-23T17:41:48.8137561Z   Python2_ROOT_DIR: /opt/hostedtoolcache/Python/3.11.16/x64
dependency-test	Check App Syntax	2026-08-23T17:41:48.8138013Z   Python3_ROOT_DIR: /opt/hostedtoolcache/Python/3.11.16/x64
dependency-test	Check App Syntax	2026-08-23T17:41:48.8138504Z   LD_LIBRARY_PATH: /opt/hostedtoolcache/Python/3.11.16/x64/lib
dependency-test	Check App Syntax	2026-08-23T17:41:48.8138922Z ##[endgroup]
dependency-test	Check App Syntax	2026-08-23T17:41:48.8302885Z Traceback (most recent call last):
dependency-test	Check App Syntax	2026-08-23T17:41:48.8310633Z   File "<string>", line 1, in <module>
dependency-test	Check App Syntax	2026-08-23T17:41:48.8311551Z   File "/home/runner/work/dependency-error-repo/dependency-error-repo/app.py", line 1
dependency-test	Check App Syntax	2026-08-23T17:41:48.8312206Z     def (a, b):
dependency-test	Check App Syntax	2026-08-23T17:41:48.8312504Z         ^
dependency-test	Check App Syntax	2026-08-23T17:41:48.8312808Z SyntaxError: invalid syntax
dependency-test	Check App Syntax	2026-08-23T17:41:48.8340572Z ##[error]Process completed with exit code 1.
dependency-test	Post Checkout Repository	﻿2026-08-23T17:41:48.8497491Z Node 20 is being deprecated. This workflow is running with Node 24 by default. If you need to temporarily use Node 20, you can set the ACTIONS_ALLOW_USE_UNSECURE_NODE_VERSION=true environment variable. For more information see: https://github.blog/changelog/2025-09-19-deprecation-of-node-20-on-github-actions-runners/
dependency-test	Post Checkout Repository	2026-08-23T17:41:48.8498869Z Post job cleanup.
dependency-test	Post Checkout Repository	2026-08-23T17:41:48.9398582Z [command]/usr/bin/git version
dependency-test	Post Checkout Repository	2026-08-23T17:41:48.9477460Z git version 2.55.0
dependency-test	Post Checkout Repository	2026-08-23T17:41:48.9523671Z Temporarily overriding HOME='/home/runner/work/_temp/e4b0c0da-99e8-4140-be1c-9211e87e044b' before making global git config changes
dependency-test	Post Checkout Repository	2026-08-23T17:41:48.9526002Z Adding repository directory to the temporary git global config as a safe directory
dependency-test	Post Checkout Repository	2026-08-23T17:41:48.9530675Z [command]/usr/bin/git config --global --add safe.directory /home/runner/work/dependency-error-repo/dependency-error-repo
dependency-test	Post Checkout Repository	2026-08-23T17:41:48.9580733Z [command]/usr/bin/git config --local --name-only --get-regexp core\.sshCommand
dependency-test	Post Checkout Repository	2026-08-23T17:41:48.9619125Z [command]/usr/bin/git submodule foreach --recursive sh -c "git config --local --name-only --get-regexp 'core\.sshCommand' && git config --local --unset-all 'core.sshCommand' || :"
dependency-test	Post Checkout Repository	2026-08-23T17:41:48.9886367Z [command]/usr/bin/git config --local --name-only --get-regexp http\.https\:\/\/github\.com\/\.extraheader
dependency-test	Post Checkout Repository	2026-08-23T17:41:48.9916969Z http.https://github.com/.extraheader
dependency-test	Post Checkout Repository	2026-08-23T17:41:48.9929371Z [command]/usr/bin/git config --local --unset-all http.https://github.com/.extraheader
dependency-test	Post Checkout Repository	2026-08-23T17:41:48.9967315Z [command]/usr/bin/git submodule foreach --recursive sh -c "git config --local --name-only --get-regexp 'http\.https\:\/\/github\.com\/\.extraheader' && git config --local --unset-all 'http.https://github.com/.extraheader' || :"
dependency-test	Post Checkout Repository	2026-08-23T17:41:49.0236734Z [command]/usr/bin/git config --local --name-only --get-regexp ^includeIf\.gitdir:
dependency-test	Post Checkout Repository	2026-08-23T17:41:49.0278676Z [command]/usr/bin/git submodule foreach --recursive git config --local --show-origin --name-only --get-regexp remote.origin.url
dependency-test	Complete job	﻿2026-08-23T17:41:49.0680095Z Cleaning up orphan processes
dependency-test	Complete job	2026-08-23T17:41:49.0982059Z ##[warning]Node.js 20 is deprecated. The following actions target Node.js 20 but are being forced to run on Node.js 24: actions/checkout@v4, actions/setup-python@v5. For more information see: https://github.blog/changelog/2025-09-19-deprecation-of-node-20-on-github-actions-runners/