dependency-test	Set up job	﻿2026-08-23T17:51:22.2000342Z Current runner version: '2.336.0'
dependency-test	Set up job	2026-08-23T17:51:22.2037791Z ##[group]Runner Image Provisioner
dependency-test	Set up job	2026-08-23T17:51:22.2039086Z Hosted Compute Agent
dependency-test	Set up job	2026-08-23T17:51:22.2039964Z Version: 20260729.566
dependency-test	Set up job	2026-08-23T17:51:22.2041029Z Commit: cf7153fe6e25b664e8693c24944bf2b00355d109
dependency-test	Set up job	2026-08-23T17:51:22.2042258Z Build Date: 2026-07-29T19:17:02Z
dependency-test	Set up job	2026-08-23T17:51:22.2043635Z Worker ID: {5fdf1d68-5534-4217-b1bf-ad03dcda8d8f}
dependency-test	Set up job	2026-08-23T17:51:22.2044749Z Azure Region: eastus2
dependency-test	Set up job	2026-08-23T17:51:22.2045608Z ##[endgroup]
dependency-test	Set up job	2026-08-23T17:51:22.2048152Z ##[group]Operating System
dependency-test	Set up job	2026-08-23T17:51:22.2049143Z Ubuntu
dependency-test	Set up job	2026-08-23T17:51:22.2050082Z 24.04.4
dependency-test	Set up job	2026-08-23T17:51:22.2050861Z LTS
dependency-test	Set up job	2026-08-23T17:51:22.2051630Z ##[endgroup]
dependency-test	Set up job	2026-08-23T17:51:22.2052825Z ##[group]Runner Image
dependency-test	Set up job	2026-08-23T17:51:22.2053805Z Image: ubuntu-24.04
dependency-test	Set up job	2026-08-23T17:51:22.2054793Z Version: 20260816.277.1
dependency-test	Set up job	2026-08-23T17:51:22.2056486Z Included Software: https://github.com/actions/runner-images/blob/ubuntu24/20260816.277/images/ubuntu/Ubuntu2404-Readme.md
dependency-test	Set up job	2026-08-23T17:51:22.2059289Z Image Release: https://github.com/actions/runner-images/releases/tag/ubuntu24%2F20260816.277
dependency-test	Set up job	2026-08-23T17:51:22.2060854Z ##[endgroup]
dependency-test	Set up job	2026-08-23T17:51:22.2063550Z ##[group]GITHUB_TOKEN Permissions
dependency-test	Set up job	2026-08-23T17:51:22.2066571Z Contents: read
dependency-test	Set up job	2026-08-23T17:51:22.2067696Z Metadata: read
dependency-test	Set up job	2026-08-23T17:51:22.2068573Z Packages: read
dependency-test	Set up job	2026-08-23T17:51:22.2069541Z ##[endgroup]
dependency-test	Set up job	2026-08-23T17:51:22.2072373Z Secret source: Actions
dependency-test	Set up job	2026-08-23T17:51:22.2074679Z Prepare workflow directory
dependency-test	Set up job	2026-08-23T17:51:22.2518509Z Prepare all required actions
dependency-test	Set up job	2026-08-23T17:51:22.2585599Z Getting action download info
dependency-test	Set up job	2026-08-23T17:51:22.4413116Z Download action repository 'actions/checkout@v4' (SHA:11d5960a326750d5838078e36cf38b85af677262)
dependency-test	Set up job	2026-08-23T17:51:22.5759403Z Download action repository 'actions/setup-python@v5' (SHA:a26af69be951a213d495a4c3e4e4022e16d87065)
dependency-test	Set up job	2026-08-23T17:51:22.8004525Z Complete job name: dependency-test
dependency-test	Checkout Repository	﻿2026-08-23T17:51:22.8744745Z Node 20 is being deprecated. This workflow is running with Node 24 by default. If you need to temporarily use Node 20, you can set the ACTIONS_ALLOW_USE_UNSECURE_NODE_VERSION=true environment variable. For more information see: https://github.blog/changelog/2025-09-19-deprecation-of-node-20-on-github-actions-runners/
dependency-test	Checkout Repository	2026-08-23T17:51:22.8753792Z ##[group]Run actions/checkout@v4
dependency-test	Checkout Repository	2026-08-23T17:51:22.8754637Z with:
dependency-test	Checkout Repository	2026-08-23T17:51:22.8755184Z   repository: DhruvHegde/dependency-error-repo
dependency-test	Checkout Repository	2026-08-23T17:51:22.8759779Z   token: ***
dependency-test	Checkout Repository	2026-08-23T17:51:22.8760285Z   ssh-strict: true
dependency-test	Checkout Repository	2026-08-23T17:51:22.8760782Z   ssh-user: git
dependency-test	Checkout Repository	2026-08-23T17:51:22.8761280Z   persist-credentials: true
dependency-test	Checkout Repository	2026-08-23T17:51:22.8761831Z   clean: true
dependency-test	Checkout Repository	2026-08-23T17:51:22.8762341Z   sparse-checkout-cone-mode: true
dependency-test	Checkout Repository	2026-08-23T17:51:22.8763058Z   fetch-depth: 1
dependency-test	Checkout Repository	2026-08-23T17:51:22.8763542Z   fetch-tags: false
dependency-test	Checkout Repository	2026-08-23T17:51:22.8764039Z   show-progress: true
dependency-test	Checkout Repository	2026-08-23T17:51:22.8764532Z   lfs: false
dependency-test	Checkout Repository	2026-08-23T17:51:22.8764987Z   submodules: false
dependency-test	Checkout Repository	2026-08-23T17:51:22.8765534Z   set-safe-directory: true
dependency-test	Checkout Repository	2026-08-23T17:51:22.8766097Z   allow-unsafe-pr-checkout: false
dependency-test	Checkout Repository	2026-08-23T17:51:22.8766877Z ##[endgroup]
dependency-test	Checkout Repository	2026-08-23T17:51:22.9760604Z Syncing repository: DhruvHegde/dependency-error-repo
dependency-test	Checkout Repository	2026-08-23T17:51:22.9763438Z ##[group]Getting Git version info
dependency-test	Checkout Repository	2026-08-23T17:51:22.9764903Z Working directory is '/home/runner/work/dependency-error-repo/dependency-error-repo'
dependency-test	Checkout Repository	2026-08-23T17:51:22.9766810Z [command]/usr/bin/git version
dependency-test	Checkout Repository	2026-08-23T17:51:22.9794934Z git version 2.55.0
dependency-test	Checkout Repository	2026-08-23T17:51:22.9814771Z ##[endgroup]
dependency-test	Checkout Repository	2026-08-23T17:51:22.9829012Z Temporarily overriding HOME='/home/runner/work/_temp/ab06e343-3691-4601-855e-d19725fdd541' before making global git config changes
dependency-test	Checkout Repository	2026-08-23T17:51:22.9831363Z Adding repository directory to the temporary git global config as a safe directory
dependency-test	Checkout Repository	2026-08-23T17:51:22.9834186Z [command]/usr/bin/git config --global --add safe.directory /home/runner/work/dependency-error-repo/dependency-error-repo
dependency-test	Checkout Repository	2026-08-23T17:51:22.9877098Z Deleting the contents of '/home/runner/work/dependency-error-repo/dependency-error-repo'
dependency-test	Checkout Repository	2026-08-23T17:51:22.9881073Z ##[group]Initializing the repository
dependency-test	Checkout Repository	2026-08-23T17:51:22.9885893Z [command]/usr/bin/git init /home/runner/work/dependency-error-repo/dependency-error-repo
dependency-test	Checkout Repository	2026-08-23T17:51:22.9966598Z hint: Using 'master' as the name for the initial branch. This default branch name
dependency-test	Checkout Repository	2026-08-23T17:51:22.9968597Z hint: will change to "main" in Git 3.0. To configure the initial branch name
dependency-test	Checkout Repository	2026-08-23T17:51:22.9970468Z hint: to use in all of your new repositories, which will suppress this warning,
dependency-test	Checkout Repository	2026-08-23T17:51:22.9971906Z hint: call:
dependency-test	Checkout Repository	2026-08-23T17:51:22.9974022Z hint:
dependency-test	Checkout Repository	2026-08-23T17:51:22.9975088Z hint: 	git config --global init.defaultBranch <name>
dependency-test	Checkout Repository	2026-08-23T17:51:22.9976245Z hint:
dependency-test	Checkout Repository	2026-08-23T17:51:22.9977537Z hint: Names commonly chosen instead of 'master' are 'main', 'trunk' and
dependency-test	Checkout Repository	2026-08-23T17:51:22.9979851Z hint: 'development'. The just-created branch can be renamed via this command:
dependency-test	Checkout Repository	2026-08-23T17:51:22.9981307Z hint:
dependency-test	Checkout Repository	2026-08-23T17:51:22.9982391Z hint: 	git branch -m <name>
dependency-test	Checkout Repository	2026-08-23T17:51:22.9983598Z hint:
dependency-test	Checkout Repository	2026-08-23T17:51:22.9984645Z hint: Disable this message with "git config set advice.defaultBranchName false"
dependency-test	Checkout Repository	2026-08-23T17:51:22.9986768Z Initialized empty Git repository in /home/runner/work/dependency-error-repo/dependency-error-repo/.git/
dependency-test	Checkout Repository	2026-08-23T17:51:22.9988934Z [command]/usr/bin/git remote add origin https://github.com/DhruvHegde/dependency-error-repo
dependency-test	Checkout Repository	2026-08-23T17:51:23.0058636Z ##[endgroup]
dependency-test	Checkout Repository	2026-08-23T17:51:23.0060208Z ##[group]Disabling automatic garbage collection
dependency-test	Checkout Repository	2026-08-23T17:51:23.0062370Z [command]/usr/bin/git config --local gc.auto 0
dependency-test	Checkout Repository	2026-08-23T17:51:23.0096229Z ##[endgroup]
dependency-test	Checkout Repository	2026-08-23T17:51:23.0097404Z ##[group]Setting up auth
dependency-test	Checkout Repository	2026-08-23T17:51:23.0103594Z [command]/usr/bin/git config --local --name-only --get-regexp core\.sshCommand
dependency-test	Checkout Repository	2026-08-23T17:51:23.0137108Z [command]/usr/bin/git submodule foreach --recursive sh -c "git config --local --name-only --get-regexp 'core\.sshCommand' && git config --local --unset-all 'core.sshCommand' || :"
dependency-test	Checkout Repository	2026-08-23T17:51:23.0467271Z [command]/usr/bin/git config --local --name-only --get-regexp http\.https\:\/\/github\.com\/\.extraheader
dependency-test	Checkout Repository	2026-08-23T17:51:23.0505444Z [command]/usr/bin/git submodule foreach --recursive sh -c "git config --local --name-only --get-regexp 'http\.https\:\/\/github\.com\/\.extraheader' && git config --local --unset-all 'http.https://github.com/.extraheader' || :"
dependency-test	Checkout Repository	2026-08-23T17:51:23.0757402Z [command]/usr/bin/git config --local --name-only --get-regexp ^includeIf\.gitdir:
dependency-test	Checkout Repository	2026-08-23T17:51:23.0795681Z [command]/usr/bin/git submodule foreach --recursive git config --local --show-origin --name-only --get-regexp remote.origin.url
dependency-test	Checkout Repository	2026-08-23T17:51:23.1035478Z [command]/usr/bin/git config --local http.https://github.com/.extraheader AUTHORIZATION: basic ***
dependency-test	Checkout Repository	2026-08-23T17:51:23.1076241Z ##[endgroup]
dependency-test	Checkout Repository	2026-08-23T17:51:23.1077425Z ##[group]Fetching the repository
dependency-test	Checkout Repository	2026-08-23T17:51:23.1086526Z [command]/usr/bin/git -c protocol.version=2 fetch --no-tags --prune --no-recurse-submodules --depth=1 origin +0e4a99132166f6d5fe425676b5bdb34be69cf0d4:refs/remotes/origin/feature/syntax-errors
dependency-test	Checkout Repository	2026-08-23T17:51:23.3407602Z From https://github.com/DhruvHegde/dependency-error-repo
dependency-test	Checkout Repository	2026-08-23T17:51:23.3409033Z  * [new ref]         0e4a99132166f6d5fe425676b5bdb34be69cf0d4 -> origin/feature/syntax-errors
dependency-test	Checkout Repository	2026-08-23T17:51:23.3412661Z ##[endgroup]
dependency-test	Checkout Repository	2026-08-23T17:51:23.3413513Z ##[group]Determining the checkout info
dependency-test	Checkout Repository	2026-08-23T17:51:23.3415391Z ##[endgroup]
dependency-test	Checkout Repository	2026-08-23T17:51:23.3421285Z [command]/usr/bin/git sparse-checkout disable
dependency-test	Checkout Repository	2026-08-23T17:51:23.3470285Z [command]/usr/bin/git config --local --unset-all extensions.worktreeConfig
dependency-test	Checkout Repository	2026-08-23T17:51:23.3503726Z ##[group]Checking out the ref
dependency-test	Checkout Repository	2026-08-23T17:51:23.3508243Z [command]/usr/bin/git checkout --progress --force -B feature/syntax-errors refs/remotes/origin/feature/syntax-errors
dependency-test	Checkout Repository	2026-08-23T17:51:23.3588846Z Switched to a new branch 'feature/syntax-errors'
dependency-test	Checkout Repository	2026-08-23T17:51:23.3594054Z branch 'feature/syntax-errors' set up to track 'origin/feature/syntax-errors'.
dependency-test	Checkout Repository	2026-08-23T17:51:23.3607210Z ##[endgroup]
dependency-test	Checkout Repository	2026-08-23T17:51:23.3649645Z [command]/usr/bin/git log -1 --format=%H
dependency-test	Checkout Repository	2026-08-23T17:51:23.3678294Z 0e4a99132166f6d5fe425676b5bdb34be69cf0d4
dependency-test	Setup Python	﻿2026-08-23T17:51:23.3966144Z Node 20 is being deprecated. This workflow is running with Node 24 by default. If you need to temporarily use Node 20, you can set the ACTIONS_ALLOW_USE_UNSECURE_NODE_VERSION=true environment variable. For more information see: https://github.blog/changelog/2025-09-19-deprecation-of-node-20-on-github-actions-runners/
dependency-test	Setup Python	2026-08-23T17:51:23.3969315Z ##[group]Run actions/setup-python@v5
dependency-test	Setup Python	2026-08-23T17:51:23.3969891Z with:
dependency-test	Setup Python	2026-08-23T17:51:23.3970344Z   python-version: 3.11
dependency-test	Setup Python	2026-08-23T17:51:23.3970849Z   check-latest: false
dependency-test	Setup Python	2026-08-23T17:51:23.3975178Z   token: ***
dependency-test	Setup Python	2026-08-23T17:51:23.3975663Z   update-environment: true
dependency-test	Setup Python	2026-08-23T17:51:23.3976207Z   allow-prereleases: false
dependency-test	Setup Python	2026-08-23T17:51:23.3976738Z   freethreaded: false
dependency-test	Setup Python	2026-08-23T17:51:23.3977224Z ##[endgroup]
dependency-test	Setup Python	2026-08-23T17:51:23.5283643Z ##[group]Installed versions
dependency-test	Setup Python	2026-08-23T17:51:23.5361702Z (node:2177) [DEP0040] DeprecationWarning: The `punycode` module is deprecated. Please use a userland alternative instead.
dependency-test	Setup Python	2026-08-23T17:51:23.5364000Z (Use `node --trace-deprecation ...` to show where the warning was created)
dependency-test	Setup Python	2026-08-23T17:51:23.5365186Z Successfully set up CPython (3.11.16)
dependency-test	Setup Python	2026-08-23T17:51:23.5366148Z ##[endgroup]
dependency-test	Install Dependencies	﻿2026-08-23T17:51:23.5564863Z ##[group]Run python -m pip install --upgrade pip
dependency-test	Install Dependencies	2026-08-23T17:51:23.5565746Z ^[[36;1mpython -m pip install --upgrade pip^[[0m
dependency-test	Install Dependencies	2026-08-23T17:51:23.5566464Z ^[[36;1mpip install -r requirements.txt^[[0m
dependency-test	Install Dependencies	2026-08-23T17:51:23.5758705Z shell: /usr/bin/bash -e {0}
dependency-test	Install Dependencies	2026-08-23T17:51:23.5759386Z env:
dependency-test	Install Dependencies	2026-08-23T17:51:23.5759968Z   pythonLocation: /opt/hostedtoolcache/Python/3.11.16/x64
dependency-test	Install Dependencies	2026-08-23T17:51:23.5760868Z   PKG_CONFIG_PATH: /opt/hostedtoolcache/Python/3.11.16/x64/lib/pkgconfig
dependency-test	Install Dependencies	2026-08-23T17:51:23.5761739Z   Python_ROOT_DIR: /opt/hostedtoolcache/Python/3.11.16/x64
dependency-test	Install Dependencies	2026-08-23T17:51:23.5762798Z   Python2_ROOT_DIR: /opt/hostedtoolcache/Python/3.11.16/x64
dependency-test	Install Dependencies	2026-08-23T17:51:23.5763649Z   Python3_ROOT_DIR: /opt/hostedtoolcache/Python/3.11.16/x64
dependency-test	Install Dependencies	2026-08-23T17:51:23.5764462Z   LD_LIBRARY_PATH: /opt/hostedtoolcache/Python/3.11.16/x64/lib
dependency-test	Install Dependencies	2026-08-23T17:51:23.5765158Z ##[endgroup]
dependency-test	Install Dependencies	2026-08-23T17:51:27.7524885Z Requirement already satisfied: pip in /opt/hostedtoolcache/Python/3.11.16/x64/lib/python3.11/site-packages (26.2.1)
dependency-test	Install Dependencies	2026-08-23T17:51:28.5692443Z Collecting pytest (from -r requirements.txt (line 1))
dependency-test	Install Dependencies	2026-08-23T17:51:28.6282228Z   Downloading pytest-9.1.1-py3-none-any.whl.metadata (7.6 kB)
dependency-test	Install Dependencies	2026-08-23T17:51:28.6598213Z Collecting iniconfig>=1.0.1 (from pytest->-r requirements.txt (line 1))
dependency-test	Install Dependencies	2026-08-23T17:51:28.6671681Z   Downloading iniconfig-2.3.0-py3-none-any.whl.metadata (2.5 kB)
dependency-test	Install Dependencies	2026-08-23T17:51:28.6851335Z Collecting packaging>=22 (from pytest->-r requirements.txt (line 1))
dependency-test	Install Dependencies	2026-08-23T17:51:28.6924906Z   Downloading packaging-26.3-py3-none-any.whl.metadata (3.5 kB)
dependency-test	Install Dependencies	2026-08-23T17:51:28.7078437Z Collecting pluggy<2,>=1.5 (from pytest->-r requirements.txt (line 1))
dependency-test	Install Dependencies	2026-08-23T17:51:28.7150517Z   Downloading pluggy-1.6.0-py3-none-any.whl.metadata (4.8 kB)
dependency-test	Install Dependencies	2026-08-23T17:51:28.7370054Z Collecting pygments>=2.7.2 (from pytest->-r requirements.txt (line 1))
dependency-test	Install Dependencies	2026-08-23T17:51:28.7465457Z   Downloading pygments-2.21.0-py3-none-any.whl.metadata (2.5 kB)
dependency-test	Install Dependencies	2026-08-23T17:51:28.7585929Z Downloading pytest-9.1.1-py3-none-any.whl (386 kB)
dependency-test	Install Dependencies	2026-08-23T17:51:28.7949745Z Downloading pluggy-1.6.0-py3-none-any.whl (20 kB)
dependency-test	Install Dependencies	2026-08-23T17:51:28.8040480Z Downloading iniconfig-2.3.0-py3-none-any.whl (7.5 kB)
dependency-test	Install Dependencies	2026-08-23T17:51:28.8148539Z Downloading packaging-26.3-py3-none-any.whl (129 kB)
dependency-test	Install Dependencies	2026-08-23T17:51:28.8312452Z Downloading pygments-2.21.0-py3-none-any.whl (1.3 MB)
dependency-test	Install Dependencies	2026-08-23T17:51:28.8836406Z    ━━━━━━━━━━━━━━━━━━━━━━━━━━━━━━━━━━━━━━━━ 1.3/1.3 MB 26.1 MB/s  0:00:00
dependency-test	Install Dependencies	2026-08-23T17:51:28.9318053Z Installing collected packages: pygments, pluggy, packaging, iniconfig, pytest
dependency-test	Install Dependencies	2026-08-23T17:51:29.9171153Z 
dependency-test	Install Dependencies	2026-08-23T17:51:29.9182410Z Successfully installed iniconfig-2.3.0 packaging-26.3 pluggy-1.6.0 pygments-2.21.0 pytest-9.1.1
dependency-test	Check App Syntax	﻿2026-08-23T17:51:29.9694054Z ##[group]Run python -c "import app"
dependency-test	Check App Syntax	2026-08-23T17:51:29.9694499Z ^[[36;1mpython -c "import app"^[[0m
dependency-test	Check App Syntax	2026-08-23T17:51:29.9737529Z shell: /usr/bin/bash -e {0}
dependency-test	Check App Syntax	2026-08-23T17:51:29.9737870Z env:
dependency-test	Check App Syntax	2026-08-23T17:51:29.9738203Z   pythonLocation: /opt/hostedtoolcache/Python/3.11.16/x64
dependency-test	Check App Syntax	2026-08-23T17:51:29.9738705Z   PKG_CONFIG_PATH: /opt/hostedtoolcache/Python/3.11.16/x64/lib/pkgconfig
dependency-test	Check App Syntax	2026-08-23T17:51:29.9739205Z   Python_ROOT_DIR: /opt/hostedtoolcache/Python/3.11.16/x64
dependency-test	Check App Syntax	2026-08-23T17:51:29.9739669Z   Python2_ROOT_DIR: /opt/hostedtoolcache/Python/3.11.16/x64
dependency-test	Check App Syntax	2026-08-23T17:51:29.9740113Z   Python3_ROOT_DIR: /opt/hostedtoolcache/Python/3.11.16/x64
dependency-test	Check App Syntax	2026-08-23T17:51:29.9740590Z   LD_LIBRARY_PATH: /opt/hostedtoolcache/Python/3.11.16/x64/lib
dependency-test	Check App Syntax	2026-08-23T17:51:29.9740989Z ##[endgroup]
dependency-test	Check App Syntax	2026-08-23T17:51:29.9914237Z Traceback (most recent call last):
dependency-test	Check App Syntax	2026-08-23T17:51:29.9920680Z   File "<string>", line 1, in <module>
dependency-test	Check App Syntax	2026-08-23T17:51:29.9921871Z   File "/home/runner/work/dependency-error-repo/dependency-error-repo/app.py", line 4
dependency-test	Check App Syntax	2026-08-23T17:51:29.9922931Z     try
dependency-test	Check App Syntax	2026-08-23T17:51:29.9923271Z        ^
dependency-test	Check App Syntax	2026-08-23T17:51:29.9923652Z SyntaxError: expected ':'
dependency-test	Check App Syntax	2026-08-23T17:51:29.9952333Z ##[error]Process completed with exit code 1.
dependency-test	Post Checkout Repository	﻿2026-08-23T17:51:30.0099721Z Node 20 is being deprecated. This workflow is running with Node 24 by default. If you need to temporarily use Node 20, you can set the ACTIONS_ALLOW_USE_UNSECURE_NODE_VERSION=true environment variable. For more information see: https://github.blog/changelog/2025-09-19-deprecation-of-node-20-on-github-actions-runners/
dependency-test	Post Checkout Repository	2026-08-23T17:51:30.0101022Z Post job cleanup.
dependency-test	Post Checkout Repository	2026-08-23T17:51:30.0949500Z [command]/usr/bin/git version
dependency-test	Post Checkout Repository	2026-08-23T17:51:30.1026966Z git version 2.55.0
dependency-test	Post Checkout Repository	2026-08-23T17:51:30.1068732Z Temporarily overriding HOME='/home/runner/work/_temp/92520cf7-85bc-4d08-b1d6-05ef8ddd7c1a' before making global git config changes
dependency-test	Post Checkout Repository	2026-08-23T17:51:30.1070140Z Adding repository directory to the temporary git global config as a safe directory
dependency-test	Post Checkout Repository	2026-08-23T17:51:30.1075256Z [command]/usr/bin/git config --global --add safe.directory /home/runner/work/dependency-error-repo/dependency-error-repo
dependency-test	Post Checkout Repository	2026-08-23T17:51:30.1116882Z [command]/usr/bin/git config --local --name-only --get-regexp core\.sshCommand
dependency-test	Post Checkout Repository	2026-08-23T17:51:30.1152871Z [command]/usr/bin/git submodule foreach --recursive sh -c "git config --local --name-only --get-regexp 'core\.sshCommand' && git config --local --unset-all 'core.sshCommand' || :"
dependency-test	Post Checkout Repository	2026-08-23T17:51:30.1411644Z [command]/usr/bin/git config --local --name-only --get-regexp http\.https\:\/\/github\.com\/\.extraheader
dependency-test	Post Checkout Repository	2026-08-23T17:51:30.1438655Z http.https://github.com/.extraheader
dependency-test	Post Checkout Repository	2026-08-23T17:51:30.1451165Z [command]/usr/bin/git config --local --unset-all http.https://github.com/.extraheader
dependency-test	Post Checkout Repository	2026-08-23T17:51:30.1489063Z [command]/usr/bin/git submodule foreach --recursive sh -c "git config --local --name-only --get-regexp 'http\.https\:\/\/github\.com\/\.extraheader' && git config --local --unset-all 'http.https://github.com/.extraheader' || :"
dependency-test	Post Checkout Repository	2026-08-23T17:51:30.1781497Z [command]/usr/bin/git config --local --name-only --get-regexp ^includeIf\.gitdir:
dependency-test	Post Checkout Repository	2026-08-23T17:51:30.1835822Z [command]/usr/bin/git submodule foreach --recursive git config --local --show-origin --name-only --get-regexp remote.origin.url
dependency-test	Complete job	﻿2026-08-23T17:51:30.2249129Z Cleaning up orphan processes
dependency-test	Complete job	2026-08-23T17:51:30.2539609Z ##[warning]Node.js 20 is deprecated. The following actions target Node.js 20 but are being forced to run on Node.js 24: actions/checkout@v4, actions/setup-python@v5. For more information see: https://github.blog/changelog/2025-09-19-deprecation-of-node-20-on-github-actions-runners/