dependency-test	Set up job	﻿2026-08-27T11:48:25.7347264Z Current runner version: '2.336.0'
dependency-test	Set up job	2026-08-27T11:48:25.7375850Z ##[group]Runner Image Provisioner
dependency-test	Set up job	2026-08-27T11:48:25.7376942Z Hosted Compute Agent
dependency-test	Set up job	2026-08-27T11:48:25.7377575Z Version: 20260819.586
dependency-test	Set up job	2026-08-27T11:48:25.7378243Z Commit: 3cc4a88dfa507ef76119ad1bb3eccc6378bb2b76
dependency-test	Set up job	2026-08-27T11:48:25.7379141Z Build Date: 2026-08-18T23:20:18Z
dependency-test	Set up job	2026-08-27T11:48:25.7379839Z Worker ID: {600d05bc-8607-42c3-94d0-cdc4557bbe2e}
dependency-test	Set up job	2026-08-27T11:48:25.7380616Z Azure Region: westus2
dependency-test	Set up job	2026-08-27T11:48:25.7381293Z ##[endgroup]
dependency-test	Set up job	2026-08-27T11:48:25.7383304Z ##[group]Operating System
dependency-test	Set up job	2026-08-27T11:48:25.7384152Z Ubuntu
dependency-test	Set up job	2026-08-27T11:48:25.7384699Z 24.04.4
dependency-test	Set up job	2026-08-27T11:48:25.7385254Z LTS
dependency-test	Set up job	2026-08-27T11:48:25.7385858Z ##[endgroup]
dependency-test	Set up job	2026-08-27T11:48:25.7386429Z ##[group]Runner Image
dependency-test	Set up job	2026-08-27T11:48:25.7387183Z Image: ubuntu-24.04
dependency-test	Set up job	2026-08-27T11:48:25.7387758Z Version: 20260823.283.1
dependency-test	Set up job	2026-08-27T11:48:25.7388858Z Included Software: https://github.com/actions/runner-images/blob/ubuntu24/20260823.283/images/ubuntu/Ubuntu2404-Readme.md
dependency-test	Set up job	2026-08-27T11:48:25.7390631Z Image Release: https://github.com/actions/runner-images/releases/tag/ubuntu24%2F20260823.283
dependency-test	Set up job	2026-08-27T11:48:25.7391944Z ##[endgroup]
dependency-test	Set up job	2026-08-27T11:48:25.7393166Z ##[group]GITHUB_TOKEN Permissions
dependency-test	Set up job	2026-08-27T11:48:25.7395296Z Contents: read
dependency-test	Set up job	2026-08-27T11:48:25.7395952Z Metadata: read
dependency-test	Set up job	2026-08-27T11:48:25.7397040Z Packages: read
dependency-test	Set up job	2026-08-27T11:48:25.7397663Z ##[endgroup]
dependency-test	Set up job	2026-08-27T11:48:25.7400072Z Secret source: Actions
dependency-test	Set up job	2026-08-27T11:48:25.7401355Z Prepare workflow directory
dependency-test	Set up job	2026-08-27T11:48:25.7766678Z Prepare all required actions
dependency-test	Set up job	2026-08-27T11:48:25.7818822Z Getting action download info
dependency-test	Set up job	2026-08-27T11:48:26.1244088Z Download action repository 'actions/checkout@v4' (SHA:11d5960a326750d5838078e36cf38b85af677262)
dependency-test	Set up job	2026-08-27T11:48:26.2630891Z Download action repository 'actions/setup-python@v5' (SHA:a26af69be951a213d495a4c3e4e4022e16d87065)
dependency-test	Set up job	2026-08-27T11:48:26.4481270Z Complete job name: dependency-test
dependency-test	Checkout Repository	﻿2026-08-27T11:48:26.5382355Z Node 20 is being deprecated. This workflow is running with Node 24 by default. If you need to temporarily use Node 20, you can set the ACTIONS_ALLOW_USE_UNSECURE_NODE_VERSION=true environment variable. For more information see: https://github.blog/changelog/2025-09-19-deprecation-of-node-20-on-github-actions-runners/
dependency-test	Checkout Repository	2026-08-27T11:48:26.5393813Z ##[group]Run actions/checkout@v4
dependency-test	Checkout Repository	2026-08-27T11:48:26.5395029Z with:
dependency-test	Checkout Repository	2026-08-27T11:48:26.5395865Z   repository: DhruvHegde/dependency-error-repo
dependency-test	Checkout Repository	2026-08-27T11:48:26.5403669Z   token: ***
dependency-test	Checkout Repository	2026-08-27T11:48:26.5404447Z   ssh-strict: true
dependency-test	Checkout Repository	2026-08-27T11:48:26.5405174Z   ssh-user: git
dependency-test	Checkout Repository	2026-08-27T11:48:26.5405911Z   persist-credentials: true
dependency-test	Checkout Repository	2026-08-27T11:48:26.5406731Z   clean: true
dependency-test	Checkout Repository	2026-08-27T11:48:26.5407478Z   sparse-checkout-cone-mode: true
dependency-test	Checkout Repository	2026-08-27T11:48:26.5408318Z   fetch-depth: 1
dependency-test	Checkout Repository	2026-08-27T11:48:26.5409076Z   fetch-tags: false
dependency-test	Checkout Repository	2026-08-27T11:48:26.5409836Z   show-progress: true
dependency-test	Checkout Repository	2026-08-27T11:48:26.5410593Z   lfs: false
dependency-test	Checkout Repository	2026-08-27T11:48:26.5411299Z   submodules: false
dependency-test	Checkout Repository	2026-08-27T11:48:26.5412370Z   set-safe-directory: true
dependency-test	Checkout Repository	2026-08-27T11:48:26.5413242Z   allow-unsafe-pr-checkout: false
dependency-test	Checkout Repository	2026-08-27T11:48:26.5414603Z ##[endgroup]
dependency-test	Checkout Repository	2026-08-27T11:48:26.6482564Z Syncing repository: DhruvHegde/dependency-error-repo
dependency-test	Checkout Repository	2026-08-27T11:48:26.6485528Z ##[group]Getting Git version info
dependency-test	Checkout Repository	2026-08-27T11:48:26.6487084Z Working directory is '/home/runner/work/dependency-error-repo/dependency-error-repo'
dependency-test	Checkout Repository	2026-08-27T11:48:26.6488979Z [command]/usr/bin/git version
dependency-test	Checkout Repository	2026-08-27T11:48:26.6558214Z git version 2.55.0
dependency-test	Checkout Repository	2026-08-27T11:48:26.6613925Z ##[endgroup]
dependency-test	Checkout Repository	2026-08-27T11:48:26.6632672Z Temporarily overriding HOME='/home/runner/work/_temp/b9b0b888-ea35-4cc4-b7c9-2d8dd9b21395' before making global git config changes
dependency-test	Checkout Repository	2026-08-27T11:48:26.6635589Z Adding repository directory to the temporary git global config as a safe directory
dependency-test	Checkout Repository	2026-08-27T11:48:26.6639483Z [command]/usr/bin/git config --global --add safe.directory /home/runner/work/dependency-error-repo/dependency-error-repo
dependency-test	Checkout Repository	2026-08-27T11:48:26.6701068Z Deleting the contents of '/home/runner/work/dependency-error-repo/dependency-error-repo'
dependency-test	Checkout Repository	2026-08-27T11:48:26.6705794Z ##[group]Initializing the repository
dependency-test	Checkout Repository	2026-08-27T11:48:26.6710659Z [command]/usr/bin/git init /home/runner/work/dependency-error-repo/dependency-error-repo
dependency-test	Checkout Repository	2026-08-27T11:48:26.6842966Z hint: Using 'master' as the name for the initial branch. This default branch name
dependency-test	Checkout Repository	2026-08-27T11:48:26.6847541Z hint: will change to "main" in Git 3.0. To configure the initial branch name
dependency-test	Checkout Repository	2026-08-27T11:48:26.6849115Z hint: to use in all of your new repositories, which will suppress this warning,
dependency-test	Checkout Repository	2026-08-27T11:48:26.6850372Z hint: call:
dependency-test	Checkout Repository	2026-08-27T11:48:26.6851004Z hint:
dependency-test	Checkout Repository	2026-08-27T11:48:26.6852054Z hint: 	git config --global init.defaultBranch <name>
dependency-test	Checkout Repository	2026-08-27T11:48:26.6853095Z hint:
dependency-test	Checkout Repository	2026-08-27T11:48:26.6854061Z hint: Names commonly chosen instead of 'master' are 'main', 'trunk' and
dependency-test	Checkout Repository	2026-08-27T11:48:26.6855566Z hint: 'development'. The just-created branch can be renamed via this command:
dependency-test	Checkout Repository	2026-08-27T11:48:26.6856845Z hint:
dependency-test	Checkout Repository	2026-08-27T11:48:26.6857580Z hint: 	git branch -m <name>
dependency-test	Checkout Repository	2026-08-27T11:48:26.6858419Z hint:
dependency-test	Checkout Repository	2026-08-27T11:48:26.6859424Z hint: Disable this message with "git config set advice.defaultBranchName false"
dependency-test	Checkout Repository	2026-08-27T11:48:26.6861702Z Initialized empty Git repository in /home/runner/work/dependency-error-repo/dependency-error-repo/.git/
dependency-test	Checkout Repository	2026-08-27T11:48:26.6866345Z [command]/usr/bin/git remote add origin https://github.com/DhruvHegde/dependency-error-repo
dependency-test	Checkout Repository	2026-08-27T11:48:26.6917562Z ##[endgroup]
dependency-test	Checkout Repository	2026-08-27T11:48:26.6919856Z ##[group]Disabling automatic garbage collection
dependency-test	Checkout Repository	2026-08-27T11:48:26.6926106Z [command]/usr/bin/git config --local gc.auto 0
dependency-test	Checkout Repository	2026-08-27T11:48:26.6959931Z ##[endgroup]
dependency-test	Checkout Repository	2026-08-27T11:48:26.6961393Z ##[group]Setting up auth
dependency-test	Checkout Repository	2026-08-27T11:48:26.6967802Z [command]/usr/bin/git config --local --name-only --get-regexp core\.sshCommand
dependency-test	Checkout Repository	2026-08-27T11:48:26.7004605Z [command]/usr/bin/git submodule foreach --recursive sh -c "git config --local --name-only --get-regexp 'core\.sshCommand' && git config --local --unset-all 'core.sshCommand' || :"
dependency-test	Checkout Repository	2026-08-27T11:48:26.7468997Z [command]/usr/bin/git config --local --name-only --get-regexp http\.https\:\/\/github\.com\/\.extraheader
dependency-test	Checkout Repository	2026-08-27T11:48:26.7507209Z [command]/usr/bin/git submodule foreach --recursive sh -c "git config --local --name-only --get-regexp 'http\.https\:\/\/github\.com\/\.extraheader' && git config --local --unset-all 'http.https://github.com/.extraheader' || :"
dependency-test	Checkout Repository	2026-08-27T11:48:26.7737190Z [command]/usr/bin/git config --local --name-only --get-regexp ^includeIf\.gitdir:
dependency-test	Checkout Repository	2026-08-27T11:48:26.7776409Z [command]/usr/bin/git submodule foreach --recursive git config --local --show-origin --name-only --get-regexp remote.origin.url
dependency-test	Checkout Repository	2026-08-27T11:48:26.8007188Z [command]/usr/bin/git config --local http.https://github.com/.extraheader AUTHORIZATION: basic ***
dependency-test	Checkout Repository	2026-08-27T11:48:26.8051171Z ##[endgroup]
dependency-test	Checkout Repository	2026-08-27T11:48:26.8053107Z ##[group]Fetching the repository
dependency-test	Checkout Repository	2026-08-27T11:48:26.8063456Z [command]/usr/bin/git -c protocol.version=2 fetch --no-tags --prune --no-recurse-submodules --depth=1 origin +d0d8e4eca0c03cde634bb8c5a0a7ce1586ecbccf:refs/remotes/origin/feature/syntax-errors
dependency-test	Checkout Repository	2026-08-27T11:48:27.2190078Z From https://github.com/DhruvHegde/dependency-error-repo
dependency-test	Checkout Repository	2026-08-27T11:48:27.2191692Z  * [new ref]         d0d8e4eca0c03cde634bb8c5a0a7ce1586ecbccf -> origin/feature/syntax-errors
dependency-test	Checkout Repository	2026-08-27T11:48:27.2194742Z ##[endgroup]
dependency-test	Checkout Repository	2026-08-27T11:48:27.2195676Z ##[group]Determining the checkout info
dependency-test	Checkout Repository	2026-08-27T11:48:27.2197135Z ##[endgroup]
dependency-test	Checkout Repository	2026-08-27T11:48:27.2203983Z [command]/usr/bin/git sparse-checkout disable
dependency-test	Checkout Repository	2026-08-27T11:48:27.2261950Z [command]/usr/bin/git config --local --unset-all extensions.worktreeConfig
dependency-test	Checkout Repository	2026-08-27T11:48:27.2295153Z ##[group]Checking out the ref
dependency-test	Checkout Repository	2026-08-27T11:48:27.2299625Z [command]/usr/bin/git checkout --progress --force -B feature/syntax-errors refs/remotes/origin/feature/syntax-errors
dependency-test	Checkout Repository	2026-08-27T11:48:27.2499623Z Switched to a new branch 'feature/syntax-errors'
dependency-test	Checkout Repository	2026-08-27T11:48:27.2505858Z branch 'feature/syntax-errors' set up to track 'origin/feature/syntax-errors'.
dependency-test	Checkout Repository	2026-08-27T11:48:27.2512503Z ##[endgroup]
dependency-test	Checkout Repository	2026-08-27T11:48:27.2559675Z [command]/usr/bin/git log -1 --format=%H
dependency-test	Checkout Repository	2026-08-27T11:48:27.2587334Z d0d8e4eca0c03cde634bb8c5a0a7ce1586ecbccf
dependency-test	Setup Python	﻿2026-08-27T11:48:27.2883030Z Node 20 is being deprecated. This workflow is running with Node 24 by default. If you need to temporarily use Node 20, you can set the ACTIONS_ALLOW_USE_UNSECURE_NODE_VERSION=true environment variable. For more information see: https://github.blog/changelog/2025-09-19-deprecation-of-node-20-on-github-actions-runners/
dependency-test	Setup Python	2026-08-27T11:48:27.2885905Z ##[group]Run actions/setup-python@v5
dependency-test	Setup Python	2026-08-27T11:48:27.2886457Z with:
dependency-test	Setup Python	2026-08-27T11:48:27.2886871Z   python-version: 3.11
dependency-test	Setup Python	2026-08-27T11:48:27.2887339Z   check-latest: false
dependency-test	Setup Python	2026-08-27T11:48:27.2891075Z   token: ***
dependency-test	Setup Python	2026-08-27T11:48:27.2891738Z   update-environment: true
dependency-test	Setup Python	2026-08-27T11:48:27.2892258Z   allow-prereleases: false
dependency-test	Setup Python	2026-08-27T11:48:27.2892747Z   freethreaded: false
dependency-test	Setup Python	2026-08-27T11:48:27.2893199Z ##[endgroup]
dependency-test	Setup Python	2026-08-27T11:48:27.4306424Z ##[group]Installed versions
dependency-test	Setup Python	2026-08-27T11:48:27.4405199Z (node:2136) [DEP0040] DeprecationWarning: The `punycode` module is deprecated. Please use a userland alternative instead.
dependency-test	Setup Python	2026-08-27T11:48:27.4407879Z (Use `node --trace-deprecation ...` to show where the warning was created)
dependency-test	Setup Python	2026-08-27T11:48:27.4409574Z Successfully set up CPython (3.11.16)
dependency-test	Setup Python	2026-08-27T11:48:27.4411187Z ##[endgroup]
dependency-test	Install Dependencies	﻿2026-08-27T11:48:27.4614610Z ##[group]Run python -m pip install --upgrade pip
dependency-test	Install Dependencies	2026-08-27T11:48:27.4615558Z ^[[36;1mpython -m pip install --upgrade pip^[[0m
dependency-test	Install Dependencies	2026-08-27T11:48:27.4616290Z ^[[36;1mpip install -r requirements.txt^[[0m
dependency-test	Install Dependencies	2026-08-27T11:48:27.4675495Z shell: /usr/bin/bash -e {0}
dependency-test	Install Dependencies	2026-08-27T11:48:27.4764336Z env:
dependency-test	Install Dependencies	2026-08-27T11:48:27.4766038Z   pythonLocation: /opt/hostedtoolcache/Python/3.11.16/x64
dependency-test	Install Dependencies	2026-08-27T11:48:27.4767748Z   PKG_CONFIG_PATH: /opt/hostedtoolcache/Python/3.11.16/x64/lib/pkgconfig
dependency-test	Install Dependencies	2026-08-27T11:48:27.4769288Z   Python_ROOT_DIR: /opt/hostedtoolcache/Python/3.11.16/x64
dependency-test	Install Dependencies	2026-08-27T11:48:27.4770697Z   Python2_ROOT_DIR: /opt/hostedtoolcache/Python/3.11.16/x64
dependency-test	Install Dependencies	2026-08-27T11:48:27.4772222Z   Python3_ROOT_DIR: /opt/hostedtoolcache/Python/3.11.16/x64
dependency-test	Install Dependencies	2026-08-27T11:48:27.4773339Z   LD_LIBRARY_PATH: /opt/hostedtoolcache/Python/3.11.16/x64/lib
dependency-test	Install Dependencies	2026-08-27T11:48:27.4774096Z ##[endgroup]
dependency-test	Install Dependencies	2026-08-27T11:48:29.8387997Z Requirement already satisfied: pip in /opt/hostedtoolcache/Python/3.11.16/x64/lib/python3.11/site-packages (26.2.1)
dependency-test	Install Dependencies	2026-08-27T11:48:30.5373071Z Collecting pytest (from -r requirements.txt (line 1))
dependency-test	Install Dependencies	2026-08-27T11:48:30.5983408Z   Downloading pytest-9.1.1-py3-none-any.whl.metadata (7.6 kB)
dependency-test	Install Dependencies	2026-08-27T11:48:30.6160066Z Collecting iniconfig>=1.0.1 (from pytest->-r requirements.txt (line 1))
dependency-test	Install Dependencies	2026-08-27T11:48:30.6236854Z   Downloading iniconfig-2.3.0-py3-none-any.whl.metadata (2.5 kB)
dependency-test	Install Dependencies	2026-08-27T11:48:30.6439637Z Collecting packaging>=22 (from pytest->-r requirements.txt (line 1))
dependency-test	Install Dependencies	2026-08-27T11:48:30.6516767Z   Downloading packaging-26.3-py3-none-any.whl.metadata (3.5 kB)
dependency-test	Install Dependencies	2026-08-27T11:48:30.6682990Z Collecting pluggy<2,>=1.5 (from pytest->-r requirements.txt (line 1))
dependency-test	Install Dependencies	2026-08-27T11:48:30.6762937Z   Downloading pluggy-1.6.0-py3-none-any.whl.metadata (4.8 kB)
dependency-test	Install Dependencies	2026-08-27T11:48:30.7002294Z Collecting pygments>=2.7.2 (from pytest->-r requirements.txt (line 1))
dependency-test	Install Dependencies	2026-08-27T11:48:30.7079253Z   Downloading pygments-2.21.0-py3-none-any.whl.metadata (2.5 kB)
dependency-test	Install Dependencies	2026-08-27T11:48:30.7211578Z Downloading pytest-9.1.1-py3-none-any.whl (386 kB)
dependency-test	Install Dependencies	2026-08-27T11:48:30.7641107Z Downloading pluggy-1.6.0-py3-none-any.whl (20 kB)
dependency-test	Install Dependencies	2026-08-27T11:48:30.7745512Z Downloading iniconfig-2.3.0-py3-none-any.whl (7.5 kB)
dependency-test	Install Dependencies	2026-08-27T11:48:30.7844122Z Downloading packaging-26.3-py3-none-any.whl (129 kB)
dependency-test	Install Dependencies	2026-08-27T11:48:30.8019362Z Downloading pygments-2.21.0-py3-none-any.whl (1.3 MB)
dependency-test	Install Dependencies	2026-08-27T11:48:30.8620854Z    ━━━━━━━━━━━━━━━━━━━━━━━━━━━━━━━━━━━━━━━━ 1.3/1.3 MB 22.3 MB/s  0:00:00
dependency-test	Install Dependencies	2026-08-27T11:48:30.9170115Z Installing collected packages: pygments, pluggy, packaging, iniconfig, pytest
dependency-test	Install Dependencies	2026-08-27T11:48:31.9150279Z 
dependency-test	Install Dependencies	2026-08-27T11:48:31.9162667Z Successfully installed iniconfig-2.3.0 packaging-26.3 pluggy-1.6.0 pygments-2.21.0 pytest-9.1.1
dependency-test	Check App Syntax	﻿2026-08-27T11:48:31.9727068Z ##[group]Run python -c "import app"
dependency-test	Check App Syntax	2026-08-27T11:48:31.9727464Z ^[[36;1mpython -c "import app"^[[0m
dependency-test	Check App Syntax	2026-08-27T11:48:31.9767296Z shell: /usr/bin/bash -e {0}
dependency-test	Check App Syntax	2026-08-27T11:48:31.9767569Z env:
dependency-test	Check App Syntax	2026-08-27T11:48:31.9767841Z   pythonLocation: /opt/hostedtoolcache/Python/3.11.16/x64
dependency-test	Check App Syntax	2026-08-27T11:48:31.9768309Z   PKG_CONFIG_PATH: /opt/hostedtoolcache/Python/3.11.16/x64/lib/pkgconfig
dependency-test	Check App Syntax	2026-08-27T11:48:31.9768773Z   Python_ROOT_DIR: /opt/hostedtoolcache/Python/3.11.16/x64
dependency-test	Check App Syntax	2026-08-27T11:48:31.9769171Z   Python2_ROOT_DIR: /opt/hostedtoolcache/Python/3.11.16/x64
dependency-test	Check App Syntax	2026-08-27T11:48:31.9769580Z   Python3_ROOT_DIR: /opt/hostedtoolcache/Python/3.11.16/x64
dependency-test	Check App Syntax	2026-08-27T11:48:31.9769984Z   LD_LIBRARY_PATH: /opt/hostedtoolcache/Python/3.11.16/x64/lib
dependency-test	Check App Syntax	2026-08-27T11:48:31.9770319Z ##[endgroup]
dependency-test	Check App Syntax	2026-08-27T11:48:31.9937017Z Traceback (most recent call last):
dependency-test	Check App Syntax	2026-08-27T11:48:31.9943674Z   File "<string>", line 1, in <module>
dependency-test	Check App Syntax	2026-08-27T11:48:31.9944686Z   File "/home/runner/work/dependency-error-repo/dependency-error-repo/app.py", line 4
dependency-test	Check App Syntax	2026-08-27T11:48:31.9945369Z     while:
dependency-test	Check App Syntax	2026-08-27T11:48:31.9945623Z          ^
dependency-test	Check App Syntax	2026-08-27T11:48:31.9945910Z SyntaxError: invalid syntax
dependency-test	Check App Syntax	2026-08-27T11:48:31.9974364Z ##[error]Process completed with exit code 1.
dependency-test	Post Checkout Repository	﻿2026-08-27T11:48:32.0130454Z Node 20 is being deprecated. This workflow is running with Node 24 by default. If you need to temporarily use Node 20, you can set the ACTIONS_ALLOW_USE_UNSECURE_NODE_VERSION=true environment variable. For more information see: https://github.blog/changelog/2025-09-19-deprecation-of-node-20-on-github-actions-runners/
dependency-test	Post Checkout Repository	2026-08-27T11:48:32.0132191Z Post job cleanup.
dependency-test	Post Checkout Repository	2026-08-27T11:48:32.1065690Z [command]/usr/bin/git version
dependency-test	Post Checkout Repository	2026-08-27T11:48:32.1146045Z git version 2.55.0
dependency-test	Post Checkout Repository	2026-08-27T11:48:32.1214916Z Temporarily overriding HOME='/home/runner/work/_temp/02f76fff-d28b-4fe1-a12e-fb3ad5b482f4' before making global git config changes
dependency-test	Post Checkout Repository	2026-08-27T11:48:32.1216940Z Adding repository directory to the temporary git global config as a safe directory
dependency-test	Post Checkout Repository	2026-08-27T11:48:32.1242813Z [command]/usr/bin/git config --global --add safe.directory /home/runner/work/dependency-error-repo/dependency-error-repo
dependency-test	Post Checkout Repository	2026-08-27T11:48:32.1280936Z [command]/usr/bin/git config --local --name-only --get-regexp core\.sshCommand
dependency-test	Post Checkout Repository	2026-08-27T11:48:32.1337651Z [command]/usr/bin/git submodule foreach --recursive sh -c "git config --local --name-only --get-regexp 'core\.sshCommand' && git config --local --unset-all 'core.sshCommand' || :"
dependency-test	Post Checkout Repository	2026-08-27T11:48:32.1605184Z [command]/usr/bin/git config --local --name-only --get-regexp http\.https\:\/\/github\.com\/\.extraheader
dependency-test	Post Checkout Repository	2026-08-27T11:48:32.1642630Z http.https://github.com/.extraheader
dependency-test	Post Checkout Repository	2026-08-27T11:48:32.1655865Z [command]/usr/bin/git config --local --unset-all http.https://github.com/.extraheader
dependency-test	Post Checkout Repository	2026-08-27T11:48:32.1698092Z [command]/usr/bin/git submodule foreach --recursive sh -c "git config --local --name-only --get-regexp 'http\.https\:\/\/github\.com\/\.extraheader' && git config --local --unset-all 'http.https://github.com/.extraheader' || :"
dependency-test	Post Checkout Repository	2026-08-27T11:48:32.1963616Z [command]/usr/bin/git config --local --name-only --get-regexp ^includeIf\.gitdir:
dependency-test	Post Checkout Repository	2026-08-27T11:48:32.2005069Z [command]/usr/bin/git submodule foreach --recursive git config --local --show-origin --name-only --get-regexp remote.origin.url
dependency-test	Complete job	﻿2026-08-27T11:48:32.2407342Z Cleaning up orphan processes
dependency-test	Complete job	2026-08-27T11:48:32.2718238Z ##[warning]Node.js 20 is deprecated. The following actions target Node.js 20 but are being forced to run on Node.js 24: actions/checkout@v4, actions/setup-python@v5. For more information see: https://github.blog/changelog/2025-09-19-deprecation-of-node-20-on-github-actions-runners/