dependency-test	Set up job	﻿2026-08-23T17:58:55.7697881Z Current runner version: '2.336.0'
dependency-test	Set up job	2026-08-23T17:58:55.7717375Z ##[group]Runner Image Provisioner
dependency-test	Set up job	2026-08-23T17:58:55.7718207Z Hosted Compute Agent
dependency-test	Set up job	2026-08-23T17:58:55.7718765Z Version: 20260729.566
dependency-test	Set up job	2026-08-23T17:58:55.7719306Z Commit: cf7153fe6e25b664e8693c24944bf2b00355d109
dependency-test	Set up job	2026-08-23T17:58:55.7719913Z Build Date: 2026-07-29T19:17:02Z
dependency-test	Set up job	2026-08-23T17:58:55.7720553Z Worker ID: {5dd52818-6147-41b0-a772-d41150c5c031}
dependency-test	Set up job	2026-08-23T17:58:55.7721170Z Azure Region: westus3
dependency-test	Set up job	2026-08-23T17:58:55.7721659Z ##[endgroup]
dependency-test	Set up job	2026-08-23T17:58:55.7722839Z ##[group]Operating System
dependency-test	Set up job	2026-08-23T17:58:55.7723359Z Ubuntu
dependency-test	Set up job	2026-08-23T17:58:55.7723868Z 24.04.4
dependency-test	Set up job	2026-08-23T17:58:55.7724311Z LTS
dependency-test	Set up job	2026-08-23T17:58:55.7724762Z ##[endgroup]
dependency-test	Set up job	2026-08-23T17:58:55.7725246Z ##[group]Runner Image
dependency-test	Set up job	2026-08-23T17:58:55.7725953Z Image: ubuntu-24.04
dependency-test	Set up job	2026-08-23T17:58:55.7726486Z Version: 20260816.277.1
dependency-test	Set up job	2026-08-23T17:58:55.7727392Z Included Software: https://github.com/actions/runner-images/blob/ubuntu24/20260816.277/images/ubuntu/Ubuntu2404-Readme.md
dependency-test	Set up job	2026-08-23T17:58:55.7728880Z Image Release: https://github.com/actions/runner-images/releases/tag/ubuntu24%2F20260816.277
dependency-test	Set up job	2026-08-23T17:58:55.7729693Z ##[endgroup]
dependency-test	Set up job	2026-08-23T17:58:55.7730748Z ##[group]GITHUB_TOKEN Permissions
dependency-test	Set up job	2026-08-23T17:58:55.7732530Z Contents: read
dependency-test	Set up job	2026-08-23T17:58:55.7733066Z Metadata: read
dependency-test	Set up job	2026-08-23T17:58:55.7733845Z Packages: read
dependency-test	Set up job	2026-08-23T17:58:55.7734426Z ##[endgroup]
dependency-test	Set up job	2026-08-23T17:58:55.7736352Z Secret source: Actions
dependency-test	Set up job	2026-08-23T17:58:55.7737283Z Prepare workflow directory
dependency-test	Set up job	2026-08-23T17:58:55.7998732Z Prepare all required actions
dependency-test	Set up job	2026-08-23T17:58:55.8040655Z Getting action download info
dependency-test	Set up job	2026-08-23T17:58:56.0938558Z Download action repository 'actions/checkout@v4' (SHA:11d5960a326750d5838078e36cf38b85af677262)
dependency-test	Set up job	2026-08-23T17:58:56.2008718Z Download action repository 'actions/setup-python@v5' (SHA:a26af69be951a213d495a4c3e4e4022e16d87065)
dependency-test	Set up job	2026-08-23T17:58:56.3573437Z Complete job name: dependency-test
dependency-test	Checkout Repository	﻿2026-08-23T17:58:56.4145405Z Node 20 is being deprecated. This workflow is running with Node 24 by default. If you need to temporarily use Node 20, you can set the ACTIONS_ALLOW_USE_UNSECURE_NODE_VERSION=true environment variable. For more information see: https://github.blog/changelog/2025-09-19-deprecation-of-node-20-on-github-actions-runners/
dependency-test	Checkout Repository	2026-08-23T17:58:56.4152938Z ##[group]Run actions/checkout@v4
dependency-test	Checkout Repository	2026-08-23T17:58:56.4153593Z with:
dependency-test	Checkout Repository	2026-08-23T17:58:56.4154063Z   repository: DhruvHegde/dependency-error-repo
dependency-test	Checkout Repository	2026-08-23T17:58:56.4157559Z   token: ***
dependency-test	Checkout Repository	2026-08-23T17:58:56.4157999Z   ssh-strict: true
dependency-test	Checkout Repository	2026-08-23T17:58:56.4158471Z   ssh-user: git
dependency-test	Checkout Repository	2026-08-23T17:58:56.4158902Z   persist-credentials: true
dependency-test	Checkout Repository	2026-08-23T17:58:56.4159396Z   clean: true
dependency-test	Checkout Repository	2026-08-23T17:58:56.4159926Z   sparse-checkout-cone-mode: true
dependency-test	Checkout Repository	2026-08-23T17:58:56.4160531Z   fetch-depth: 1
dependency-test	Checkout Repository	2026-08-23T17:58:56.4161057Z   fetch-tags: false
dependency-test	Checkout Repository	2026-08-23T17:58:56.4161588Z   show-progress: true
dependency-test	Checkout Repository	2026-08-23T17:58:56.4162343Z   lfs: false
dependency-test	Checkout Repository	2026-08-23T17:58:56.4162857Z   submodules: false
dependency-test	Checkout Repository	2026-08-23T17:58:56.4163537Z   set-safe-directory: true
dependency-test	Checkout Repository	2026-08-23T17:58:56.4164154Z   allow-unsafe-pr-checkout: false
dependency-test	Checkout Repository	2026-08-23T17:58:56.4164938Z ##[endgroup]
dependency-test	Checkout Repository	2026-08-23T17:58:56.5053400Z Syncing repository: DhruvHegde/dependency-error-repo
dependency-test	Checkout Repository	2026-08-23T17:58:56.5056106Z ##[group]Getting Git version info
dependency-test	Checkout Repository	2026-08-23T17:58:56.5057476Z Working directory is '/home/runner/work/dependency-error-repo/dependency-error-repo'
dependency-test	Checkout Repository	2026-08-23T17:58:56.5059031Z [command]/usr/bin/git version
dependency-test	Checkout Repository	2026-08-23T17:58:56.5174908Z git version 2.55.0
dependency-test	Checkout Repository	2026-08-23T17:58:56.5191678Z ##[endgroup]
dependency-test	Checkout Repository	2026-08-23T17:58:56.5202719Z Temporarily overriding HOME='/home/runner/work/_temp/97158a5a-3397-4367-a047-031aa24cbe5d' before making global git config changes
dependency-test	Checkout Repository	2026-08-23T17:58:56.5204528Z Adding repository directory to the temporary git global config as a safe directory
dependency-test	Checkout Repository	2026-08-23T17:58:56.5207930Z [command]/usr/bin/git config --global --add safe.directory /home/runner/work/dependency-error-repo/dependency-error-repo
dependency-test	Checkout Repository	2026-08-23T17:58:56.5251406Z Deleting the contents of '/home/runner/work/dependency-error-repo/dependency-error-repo'
dependency-test	Checkout Repository	2026-08-23T17:58:56.5254145Z ##[group]Initializing the repository
dependency-test	Checkout Repository	2026-08-23T17:58:56.5259291Z [command]/usr/bin/git init /home/runner/work/dependency-error-repo/dependency-error-repo
dependency-test	Checkout Repository	2026-08-23T17:58:56.5367021Z hint: Using 'master' as the name for the initial branch. This default branch name
dependency-test	Checkout Repository	2026-08-23T17:58:56.5376710Z hint: will change to "main" in Git 3.0. To configure the initial branch name
dependency-test	Checkout Repository	2026-08-23T17:58:56.5378914Z hint: to use in all of your new repositories, which will suppress this warning,
dependency-test	Checkout Repository	2026-08-23T17:58:56.5380114Z hint: call:
dependency-test	Checkout Repository	2026-08-23T17:58:56.5380672Z hint:
dependency-test	Checkout Repository	2026-08-23T17:58:56.5381522Z hint: 	git config --global init.defaultBranch <name>
dependency-test	Checkout Repository	2026-08-23T17:58:56.5382336Z hint:
dependency-test	Checkout Repository	2026-08-23T17:58:56.5383295Z hint: Names commonly chosen instead of 'master' are 'main', 'trunk' and
dependency-test	Checkout Repository	2026-08-23T17:58:56.5384460Z hint: 'development'. The just-created branch can be renamed via this command:
dependency-test	Checkout Repository	2026-08-23T17:58:56.5385609Z hint:
dependency-test	Checkout Repository	2026-08-23T17:58:56.5386387Z hint: 	git branch -m <name>
dependency-test	Checkout Repository	2026-08-23T17:58:56.5387083Z hint:
dependency-test	Checkout Repository	2026-08-23T17:58:56.5387982Z hint: Disable this message with "git config set advice.defaultBranchName false"
dependency-test	Checkout Repository	2026-08-23T17:58:56.5389535Z Initialized empty Git repository in /home/runner/work/dependency-error-repo/dependency-error-repo/.git/
dependency-test	Checkout Repository	2026-08-23T17:58:56.5392571Z [command]/usr/bin/git remote add origin https://github.com/DhruvHegde/dependency-error-repo
dependency-test	Checkout Repository	2026-08-23T17:58:56.5425938Z ##[endgroup]
dependency-test	Checkout Repository	2026-08-23T17:58:56.5427178Z ##[group]Disabling automatic garbage collection
dependency-test	Checkout Repository	2026-08-23T17:58:56.5429082Z [command]/usr/bin/git config --local gc.auto 0
dependency-test	Checkout Repository	2026-08-23T17:58:56.5454235Z ##[endgroup]
dependency-test	Checkout Repository	2026-08-23T17:58:56.5455663Z ##[group]Setting up auth
dependency-test	Checkout Repository	2026-08-23T17:58:56.5461496Z [command]/usr/bin/git config --local --name-only --get-regexp core\.sshCommand
dependency-test	Checkout Repository	2026-08-23T17:58:56.5490109Z [command]/usr/bin/git submodule foreach --recursive sh -c "git config --local --name-only --get-regexp 'core\.sshCommand' && git config --local --unset-all 'core.sshCommand' || :"
dependency-test	Checkout Repository	2026-08-23T17:58:56.5827163Z [command]/usr/bin/git config --local --name-only --get-regexp http\.https\:\/\/github\.com\/\.extraheader
dependency-test	Checkout Repository	2026-08-23T17:58:56.5854630Z [command]/usr/bin/git submodule foreach --recursive sh -c "git config --local --name-only --get-regexp 'http\.https\:\/\/github\.com\/\.extraheader' && git config --local --unset-all 'http.https://github.com/.extraheader' || :"
dependency-test	Checkout Repository	2026-08-23T17:58:56.6028506Z [command]/usr/bin/git config --local --name-only --get-regexp ^includeIf\.gitdir:
dependency-test	Checkout Repository	2026-08-23T17:58:56.6054720Z [command]/usr/bin/git submodule foreach --recursive git config --local --show-origin --name-only --get-regexp remote.origin.url
dependency-test	Checkout Repository	2026-08-23T17:58:56.6224930Z [command]/usr/bin/git config --local http.https://github.com/.extraheader AUTHORIZATION: basic ***
dependency-test	Checkout Repository	2026-08-23T17:58:56.6253681Z ##[endgroup]
dependency-test	Checkout Repository	2026-08-23T17:58:56.6254941Z ##[group]Fetching the repository
dependency-test	Checkout Repository	2026-08-23T17:58:56.6264359Z [command]/usr/bin/git -c protocol.version=2 fetch --no-tags --prune --no-recurse-submodules --depth=1 origin +b73d71df2d69a4f16cdb21f38cf8f23faf073e4c:refs/remotes/origin/feature/syntax-errors
dependency-test	Checkout Repository	2026-08-23T17:58:57.0996992Z From https://github.com/DhruvHegde/dependency-error-repo
dependency-test	Checkout Repository	2026-08-23T17:58:57.0998663Z  * [new ref]         b73d71df2d69a4f16cdb21f38cf8f23faf073e4c -> origin/feature/syntax-errors
dependency-test	Checkout Repository	2026-08-23T17:58:57.1001705Z ##[endgroup]
dependency-test	Checkout Repository	2026-08-23T17:58:57.1003168Z ##[group]Determining the checkout info
dependency-test	Checkout Repository	2026-08-23T17:58:57.1004760Z ##[endgroup]
dependency-test	Checkout Repository	2026-08-23T17:58:57.1008450Z [command]/usr/bin/git sparse-checkout disable
dependency-test	Checkout Repository	2026-08-23T17:58:57.1049987Z [command]/usr/bin/git config --local --unset-all extensions.worktreeConfig
dependency-test	Checkout Repository	2026-08-23T17:58:57.1074443Z ##[group]Checking out the ref
dependency-test	Checkout Repository	2026-08-23T17:58:57.1077728Z [command]/usr/bin/git checkout --progress --force -B feature/syntax-errors refs/remotes/origin/feature/syntax-errors
dependency-test	Checkout Repository	2026-08-23T17:58:57.1138245Z Switched to a new branch 'feature/syntax-errors'
dependency-test	Checkout Repository	2026-08-23T17:58:57.1143393Z branch 'feature/syntax-errors' set up to track 'origin/feature/syntax-errors'.
dependency-test	Checkout Repository	2026-08-23T17:58:57.1147432Z ##[endgroup]
dependency-test	Checkout Repository	2026-08-23T17:58:57.1178300Z [command]/usr/bin/git log -1 --format=%H
dependency-test	Checkout Repository	2026-08-23T17:58:57.1197713Z b73d71df2d69a4f16cdb21f38cf8f23faf073e4c
dependency-test	Setup Python	﻿2026-08-23T17:58:57.1444003Z Node 20 is being deprecated. This workflow is running with Node 24 by default. If you need to temporarily use Node 20, you can set the ACTIONS_ALLOW_USE_UNSECURE_NODE_VERSION=true environment variable. For more information see: https://github.blog/changelog/2025-09-19-deprecation-of-node-20-on-github-actions-runners/
dependency-test	Setup Python	2026-08-23T17:58:57.1446921Z ##[group]Run actions/setup-python@v5
dependency-test	Setup Python	2026-08-23T17:58:57.1447592Z with:
dependency-test	Setup Python	2026-08-23T17:58:57.1448084Z   python-version: 3.11
dependency-test	Setup Python	2026-08-23T17:58:57.1448648Z   check-latest: false
dependency-test	Setup Python	2026-08-23T17:58:57.1452267Z   token: ***
dependency-test	Setup Python	2026-08-23T17:58:57.1452763Z   update-environment: true
dependency-test	Setup Python	2026-08-23T17:58:57.1453351Z   allow-prereleases: false
dependency-test	Setup Python	2026-08-23T17:58:57.1453880Z   freethreaded: false
dependency-test	Setup Python	2026-08-23T17:58:57.1454367Z ##[endgroup]
dependency-test	Setup Python	2026-08-23T17:58:57.2710653Z ##[group]Installed versions
dependency-test	Setup Python	2026-08-23T17:58:57.2794702Z (node:2098) [DEP0040] DeprecationWarning: The `punycode` module is deprecated. Please use a userland alternative instead.
dependency-test	Setup Python	2026-08-23T17:58:57.2796975Z (Use `node --trace-deprecation ...` to show where the warning was created)
dependency-test	Setup Python	2026-08-23T17:58:57.2798175Z Successfully set up CPython (3.11.16)
dependency-test	Setup Python	2026-08-23T17:58:57.2799364Z ##[endgroup]
dependency-test	Install Dependencies	﻿2026-08-23T17:58:57.2984245Z ##[group]Run python -m pip install --upgrade pip
dependency-test	Install Dependencies	2026-08-23T17:58:57.2985631Z ^[[36;1mpython -m pip install --upgrade pip^[[0m
dependency-test	Install Dependencies	2026-08-23T17:58:57.2986640Z ^[[36;1mpip install -r requirements.txt^[[0m
dependency-test	Install Dependencies	2026-08-23T17:58:57.3032980Z shell: /usr/bin/bash -e {0}
dependency-test	Install Dependencies	2026-08-23T17:58:57.3033932Z env:
dependency-test	Install Dependencies	2026-08-23T17:58:57.3034760Z   pythonLocation: /opt/hostedtoolcache/Python/3.11.16/x64
dependency-test	Install Dependencies	2026-08-23T17:58:57.3036272Z   PKG_CONFIG_PATH: /opt/hostedtoolcache/Python/3.11.16/x64/lib/pkgconfig
dependency-test	Install Dependencies	2026-08-23T17:58:57.3037515Z   Python_ROOT_DIR: /opt/hostedtoolcache/Python/3.11.16/x64
dependency-test	Install Dependencies	2026-08-23T17:58:57.3038611Z   Python2_ROOT_DIR: /opt/hostedtoolcache/Python/3.11.16/x64
dependency-test	Install Dependencies	2026-08-23T17:58:57.3039840Z   Python3_ROOT_DIR: /opt/hostedtoolcache/Python/3.11.16/x64
dependency-test	Install Dependencies	2026-08-23T17:58:57.3040982Z   LD_LIBRARY_PATH: /opt/hostedtoolcache/Python/3.11.16/x64/lib
dependency-test	Install Dependencies	2026-08-23T17:58:57.3041949Z ##[endgroup]
dependency-test	Install Dependencies	2026-08-23T17:58:57.9632650Z Requirement already satisfied: pip in /opt/hostedtoolcache/Python/3.11.16/x64/lib/python3.11/site-packages (26.2.1)
dependency-test	Install Dependencies	2026-08-23T17:58:58.4706883Z Collecting pytest (from -r requirements.txt (line 1))
dependency-test	Install Dependencies	2026-08-23T17:58:58.5280129Z   Downloading pytest-9.1.1-py3-none-any.whl.metadata (7.6 kB)
dependency-test	Install Dependencies	2026-08-23T17:58:58.5462680Z Collecting iniconfig>=1.0.1 (from pytest->-r requirements.txt (line 1))
dependency-test	Install Dependencies	2026-08-23T17:58:58.5497164Z   Downloading iniconfig-2.3.0-py3-none-any.whl.metadata (2.5 kB)
dependency-test	Install Dependencies	2026-08-23T17:58:58.5697165Z Collecting packaging>=22 (from pytest->-r requirements.txt (line 1))
dependency-test	Install Dependencies	2026-08-23T17:58:58.5727339Z   Downloading packaging-26.3-py3-none-any.whl.metadata (3.5 kB)
dependency-test	Install Dependencies	2026-08-23T17:58:58.5910313Z Collecting pluggy<2,>=1.5 (from pytest->-r requirements.txt (line 1))
dependency-test	Install Dependencies	2026-08-23T17:58:58.5940981Z   Downloading pluggy-1.6.0-py3-none-any.whl.metadata (4.8 kB)
dependency-test	Install Dependencies	2026-08-23T17:58:58.6169743Z Collecting pygments>=2.7.2 (from pytest->-r requirements.txt (line 1))
dependency-test	Install Dependencies	2026-08-23T17:58:58.6204869Z   Downloading pygments-2.21.0-py3-none-any.whl.metadata (2.5 kB)
dependency-test	Install Dependencies	2026-08-23T17:58:58.6304418Z Downloading pytest-9.1.1-py3-none-any.whl (386 kB)
dependency-test	Install Dependencies	2026-08-23T17:58:58.6546516Z Downloading pluggy-1.6.0-py3-none-any.whl (20 kB)
dependency-test	Install Dependencies	2026-08-23T17:58:58.6609875Z Downloading iniconfig-2.3.0-py3-none-any.whl (7.5 kB)
dependency-test	Install Dependencies	2026-08-23T17:58:58.6671514Z Downloading packaging-26.3-py3-none-any.whl (129 kB)
dependency-test	Install Dependencies	2026-08-23T17:58:58.6751311Z Downloading pygments-2.21.0-py3-none-any.whl (1.3 MB)
dependency-test	Install Dependencies	2026-08-23T17:58:58.7118014Z    ━━━━━━━━━━━━━━━━━━━━━━━━━━━━━━━━━━━━━━━━ 1.3/1.3 MB 32.7 MB/s  0:00:00
dependency-test	Install Dependencies	2026-08-23T17:58:58.7541241Z Installing collected packages: pygments, pluggy, packaging, iniconfig, pytest
dependency-test	Install Dependencies	2026-08-23T17:58:59.4477915Z 
dependency-test	Install Dependencies	2026-08-23T17:58:59.4487760Z Successfully installed iniconfig-2.3.0 packaging-26.3 pluggy-1.6.0 pygments-2.21.0 pytest-9.1.1
dependency-test	Check App Syntax	﻿2026-08-23T17:58:59.4999485Z ##[group]Run python -c "import app"
dependency-test	Check App Syntax	2026-08-23T17:58:59.4999883Z ^[[36;1mpython -c "import app"^[[0m
dependency-test	Check App Syntax	2026-08-23T17:58:59.5025313Z shell: /usr/bin/bash -e {0}
dependency-test	Check App Syntax	2026-08-23T17:58:59.5025890Z env:
dependency-test	Check App Syntax	2026-08-23T17:58:59.5026298Z   pythonLocation: /opt/hostedtoolcache/Python/3.11.16/x64
dependency-test	Check App Syntax	2026-08-23T17:58:59.5026835Z   PKG_CONFIG_PATH: /opt/hostedtoolcache/Python/3.11.16/x64/lib/pkgconfig
dependency-test	Check App Syntax	2026-08-23T17:58:59.5027394Z   Python_ROOT_DIR: /opt/hostedtoolcache/Python/3.11.16/x64
dependency-test	Check App Syntax	2026-08-23T17:58:59.5027896Z   Python2_ROOT_DIR: /opt/hostedtoolcache/Python/3.11.16/x64
dependency-test	Check App Syntax	2026-08-23T17:58:59.5028387Z   Python3_ROOT_DIR: /opt/hostedtoolcache/Python/3.11.16/x64
dependency-test	Check App Syntax	2026-08-23T17:58:59.5028870Z   LD_LIBRARY_PATH: /opt/hostedtoolcache/Python/3.11.16/x64/lib
dependency-test	Check App Syntax	2026-08-23T17:58:59.5029283Z ##[endgroup]
dependency-test	Check App Syntax	2026-08-23T17:58:59.5154228Z Traceback (most recent call last):
dependency-test	Check App Syntax	2026-08-23T17:58:59.5159261Z   File "<string>", line 1, in <module>
dependency-test	Check App Syntax	2026-08-23T17:58:59.5160203Z   File "/home/runner/work/dependency-error-repo/dependency-error-repo/app.py", line 4
dependency-test	Check App Syntax	2026-08-23T17:58:59.5160982Z     try
dependency-test	Check App Syntax	2026-08-23T17:58:59.5161331Z        ^
dependency-test	Check App Syntax	2026-08-23T17:58:59.5161675Z SyntaxError: expected ':'
dependency-test	Check App Syntax	2026-08-23T17:58:59.5184052Z ##[error]Process completed with exit code 1.
dependency-test	Post Checkout Repository	﻿2026-08-23T17:58:59.5321181Z Node 20 is being deprecated. This workflow is running with Node 24 by default. If you need to temporarily use Node 20, you can set the ACTIONS_ALLOW_USE_UNSECURE_NODE_VERSION=true environment variable. For more information see: https://github.blog/changelog/2025-09-19-deprecation-of-node-20-on-github-actions-runners/
dependency-test	Post Checkout Repository	2026-08-23T17:58:59.5322373Z Post job cleanup.
dependency-test	Post Checkout Repository	2026-08-23T17:58:59.6060058Z [command]/usr/bin/git version
dependency-test	Post Checkout Repository	2026-08-23T17:58:59.6099193Z git version 2.55.0
dependency-test	Post Checkout Repository	2026-08-23T17:58:59.6128774Z Temporarily overriding HOME='/home/runner/work/_temp/f7a4733c-bc55-4bc6-a95d-99f038560042' before making global git config changes
dependency-test	Post Checkout Repository	2026-08-23T17:58:59.6130037Z Adding repository directory to the temporary git global config as a safe directory
dependency-test	Post Checkout Repository	2026-08-23T17:58:59.6132668Z [command]/usr/bin/git config --global --add safe.directory /home/runner/work/dependency-error-repo/dependency-error-repo
dependency-test	Post Checkout Repository	2026-08-23T17:58:59.6164091Z [command]/usr/bin/git config --local --name-only --get-regexp core\.sshCommand
dependency-test	Post Checkout Repository	2026-08-23T17:58:59.6191655Z [command]/usr/bin/git submodule foreach --recursive sh -c "git config --local --name-only --get-regexp 'core\.sshCommand' && git config --local --unset-all 'core.sshCommand' || :"
dependency-test	Post Checkout Repository	2026-08-23T17:58:59.6388750Z [command]/usr/bin/git config --local --name-only --get-regexp http\.https\:\/\/github\.com\/\.extraheader
dependency-test	Post Checkout Repository	2026-08-23T17:58:59.6408792Z http.https://github.com/.extraheader
dependency-test	Post Checkout Repository	2026-08-23T17:58:59.6417782Z [command]/usr/bin/git config --local --unset-all http.https://github.com/.extraheader
dependency-test	Post Checkout Repository	2026-08-23T17:58:59.6444503Z [command]/usr/bin/git submodule foreach --recursive sh -c "git config --local --name-only --get-regexp 'http\.https\:\/\/github\.com\/\.extraheader' && git config --local --unset-all 'http.https://github.com/.extraheader' || :"
dependency-test	Post Checkout Repository	2026-08-23T17:58:59.6622313Z [command]/usr/bin/git config --local --name-only --get-regexp ^includeIf\.gitdir:
dependency-test	Post Checkout Repository	2026-08-23T17:58:59.6649530Z [command]/usr/bin/git submodule foreach --recursive git config --local --show-origin --name-only --get-regexp remote.origin.url
dependency-test	Complete job	﻿2026-08-23T17:58:59.6979541Z Cleaning up orphan processes
dependency-test	Complete job	2026-08-23T17:58:59.7197638Z ##[warning]Node.js 20 is deprecated. The following actions target Node.js 20 but are being forced to run on Node.js 24: actions/checkout@v4, actions/setup-python@v5. For more information see: https://github.blog/changelog/2025-09-19-deprecation-of-node-20-on-github-actions-runners/