dependency-test	Set up job	﻿2026-08-23T17:49:25.0809077Z Current runner version: '2.336.0'
dependency-test	Set up job	2026-08-23T17:49:25.0831299Z ##[group]Runner Image Provisioner
dependency-test	Set up job	2026-08-23T17:49:25.0832092Z Hosted Compute Agent
dependency-test	Set up job	2026-08-23T17:49:25.0832643Z Version: 20260729.566
dependency-test	Set up job	2026-08-23T17:49:25.0833163Z Commit: cf7153fe6e25b664e8693c24944bf2b00355d109
dependency-test	Set up job	2026-08-23T17:49:25.0833734Z Build Date: 2026-07-29T19:17:02Z
dependency-test	Set up job	2026-08-23T17:49:25.0834350Z Worker ID: {be84f2b3-f358-4e19-8665-20b2f92f6703}
dependency-test	Set up job	2026-08-23T17:49:25.0834970Z Azure Region: westcentralus
dependency-test	Set up job	2026-08-23T17:49:25.0835500Z ##[endgroup]
dependency-test	Set up job	2026-08-23T17:49:25.0836593Z ##[group]Operating System
dependency-test	Set up job	2026-08-23T17:49:25.0837238Z Ubuntu
dependency-test	Set up job	2026-08-23T17:49:25.0837748Z 24.04.4
dependency-test	Set up job	2026-08-23T17:49:25.0838204Z LTS
dependency-test	Set up job	2026-08-23T17:49:25.0838655Z ##[endgroup]
dependency-test	Set up job	2026-08-23T17:49:25.0839127Z ##[group]Runner Image
dependency-test	Set up job	2026-08-23T17:49:25.0839619Z Image: ubuntu-24.04
dependency-test	Set up job	2026-08-23T17:49:25.0840116Z Version: 20260816.277.1
dependency-test	Set up job	2026-08-23T17:49:25.0840998Z Included Software: https://github.com/actions/runner-images/blob/ubuntu24/20260816.277/images/ubuntu/Ubuntu2404-Readme.md
dependency-test	Set up job	2026-08-23T17:49:25.0842449Z Image Release: https://github.com/actions/runner-images/releases/tag/ubuntu24%2F20260816.277
dependency-test	Set up job	2026-08-23T17:49:25.0843291Z ##[endgroup]
dependency-test	Set up job	2026-08-23T17:49:25.0844323Z ##[group]GITHUB_TOKEN Permissions
dependency-test	Set up job	2026-08-23T17:49:25.0845849Z Contents: read
dependency-test	Set up job	2026-08-23T17:49:25.0846425Z Metadata: read
dependency-test	Set up job	2026-08-23T17:49:25.0847325Z Packages: read
dependency-test	Set up job	2026-08-23T17:49:25.0847848Z ##[endgroup]
dependency-test	Set up job	2026-08-23T17:49:25.0849524Z Secret source: Actions
dependency-test	Set up job	2026-08-23T17:49:25.0850456Z Prepare workflow directory
dependency-test	Set up job	2026-08-23T17:49:25.1113500Z Prepare all required actions
dependency-test	Set up job	2026-08-23T17:49:25.1166908Z Getting action download info
dependency-test	Set up job	2026-08-23T17:49:25.3873087Z Download action repository 'actions/checkout@v4' (SHA:11d5960a326750d5838078e36cf38b85af677262)
dependency-test	Set up job	2026-08-23T17:49:25.5010434Z Download action repository 'actions/setup-python@v5' (SHA:a26af69be951a213d495a4c3e4e4022e16d87065)
dependency-test	Set up job	2026-08-23T17:49:25.6488462Z Complete job name: dependency-test
dependency-test	Checkout Repository	﻿2026-08-23T17:49:25.7063063Z Node 20 is being deprecated. This workflow is running with Node 24 by default. If you need to temporarily use Node 20, you can set the ACTIONS_ALLOW_USE_UNSECURE_NODE_VERSION=true environment variable. For more information see: https://github.blog/changelog/2025-09-19-deprecation-of-node-20-on-github-actions-runners/
dependency-test	Checkout Repository	2026-08-23T17:49:25.7069821Z ##[group]Run actions/checkout@v4
dependency-test	Checkout Repository	2026-08-23T17:49:25.7070395Z with:
dependency-test	Checkout Repository	2026-08-23T17:49:25.7070788Z   repository: DhruvHegde/dependency-error-repo
dependency-test	Checkout Repository	2026-08-23T17:49:25.7074174Z   token: ***
dependency-test	Checkout Repository	2026-08-23T17:49:25.7074522Z   ssh-strict: true
dependency-test	Checkout Repository	2026-08-23T17:49:25.7074874Z   ssh-user: git
dependency-test	Checkout Repository	2026-08-23T17:49:25.7075223Z   persist-credentials: true
dependency-test	Checkout Repository	2026-08-23T17:49:25.7075612Z   clean: true
dependency-test	Checkout Repository	2026-08-23T17:49:25.7075960Z   sparse-checkout-cone-mode: true
dependency-test	Checkout Repository	2026-08-23T17:49:25.7076366Z   fetch-depth: 1
dependency-test	Checkout Repository	2026-08-23T17:49:25.7076703Z   fetch-tags: false
dependency-test	Checkout Repository	2026-08-23T17:49:25.7077054Z   show-progress: true
dependency-test	Checkout Repository	2026-08-23T17:49:25.7077536Z   lfs: false
dependency-test	Checkout Repository	2026-08-23T17:49:25.7077861Z   submodules: false
dependency-test	Checkout Repository	2026-08-23T17:49:25.7078255Z   set-safe-directory: true
dependency-test	Checkout Repository	2026-08-23T17:49:25.7078655Z   allow-unsafe-pr-checkout: false
dependency-test	Checkout Repository	2026-08-23T17:49:25.7079226Z ##[endgroup]
dependency-test	Checkout Repository	2026-08-23T17:49:25.7887727Z Syncing repository: DhruvHegde/dependency-error-repo
dependency-test	Checkout Repository	2026-08-23T17:49:25.7889278Z ##[group]Getting Git version info
dependency-test	Checkout Repository	2026-08-23T17:49:25.7889974Z Working directory is '/home/runner/work/dependency-error-repo/dependency-error-repo'
dependency-test	Checkout Repository	2026-08-23T17:49:25.7890903Z [command]/usr/bin/git version
dependency-test	Checkout Repository	2026-08-23T17:49:25.7925402Z git version 2.55.0
dependency-test	Checkout Repository	2026-08-23T17:49:25.7973920Z ##[endgroup]
dependency-test	Checkout Repository	2026-08-23T17:49:25.7987613Z Temporarily overriding HOME='/home/runner/work/_temp/c16743bc-0cf9-455f-b195-c90096add716' before making global git config changes
dependency-test	Checkout Repository	2026-08-23T17:49:25.7989599Z Adding repository directory to the temporary git global config as a safe directory
dependency-test	Checkout Repository	2026-08-23T17:49:25.7992258Z [command]/usr/bin/git config --global --add safe.directory /home/runner/work/dependency-error-repo/dependency-error-repo
dependency-test	Checkout Repository	2026-08-23T17:49:25.8035907Z Deleting the contents of '/home/runner/work/dependency-error-repo/dependency-error-repo'
dependency-test	Checkout Repository	2026-08-23T17:49:25.8039705Z ##[group]Initializing the repository
dependency-test	Checkout Repository	2026-08-23T17:49:25.8043698Z [command]/usr/bin/git init /home/runner/work/dependency-error-repo/dependency-error-repo
dependency-test	Checkout Repository	2026-08-23T17:49:25.8133635Z hint: Using 'master' as the name for the initial branch. This default branch name
dependency-test	Checkout Repository	2026-08-23T17:49:25.8134853Z hint: will change to "main" in Git 3.0. To configure the initial branch name
dependency-test	Checkout Repository	2026-08-23T17:49:25.8136050Z hint: to use in all of your new repositories, which will suppress this warning,
dependency-test	Checkout Repository	2026-08-23T17:49:25.8136806Z hint: call:
dependency-test	Checkout Repository	2026-08-23T17:49:25.8137447Z hint:
dependency-test	Checkout Repository	2026-08-23T17:49:25.8138097Z hint: 	git config --global init.defaultBranch <name>
dependency-test	Checkout Repository	2026-08-23T17:49:25.8138731Z hint:
dependency-test	Checkout Repository	2026-08-23T17:49:25.8139433Z hint: Names commonly chosen instead of 'master' are 'main', 'trunk' and
dependency-test	Checkout Repository	2026-08-23T17:49:25.8140346Z hint: 'development'. The just-created branch can be renamed via this command:
dependency-test	Checkout Repository	2026-08-23T17:49:25.8141105Z hint:
dependency-test	Checkout Repository	2026-08-23T17:49:25.8141638Z hint: 	git branch -m <name>
dependency-test	Checkout Repository	2026-08-23T17:49:25.8142191Z hint:
dependency-test	Checkout Repository	2026-08-23T17:49:25.8142854Z hint: Disable this message with "git config set advice.defaultBranchName false"
dependency-test	Checkout Repository	2026-08-23T17:49:25.8147581Z Initialized empty Git repository in /home/runner/work/dependency-error-repo/dependency-error-repo/.git/
dependency-test	Checkout Repository	2026-08-23T17:49:25.8155794Z [command]/usr/bin/git remote add origin https://github.com/DhruvHegde/dependency-error-repo
dependency-test	Checkout Repository	2026-08-23T17:49:25.8252595Z ##[endgroup]
dependency-test	Checkout Repository	2026-08-23T17:49:25.8253576Z ##[group]Disabling automatic garbage collection
dependency-test	Checkout Repository	2026-08-23T17:49:25.8255181Z [command]/usr/bin/git config --local gc.auto 0
dependency-test	Checkout Repository	2026-08-23T17:49:25.8282429Z ##[endgroup]
dependency-test	Checkout Repository	2026-08-23T17:49:25.8283395Z ##[group]Setting up auth
dependency-test	Checkout Repository	2026-08-23T17:49:25.8288871Z [command]/usr/bin/git config --local --name-only --get-regexp core\.sshCommand
dependency-test	Checkout Repository	2026-08-23T17:49:25.8318549Z [command]/usr/bin/git submodule foreach --recursive sh -c "git config --local --name-only --get-regexp 'core\.sshCommand' && git config --local --unset-all 'core.sshCommand' || :"
dependency-test	Checkout Repository	2026-08-23T17:49:25.8601327Z [command]/usr/bin/git config --local --name-only --get-regexp http\.https\:\/\/github\.com\/\.extraheader
dependency-test	Checkout Repository	2026-08-23T17:49:25.8633205Z [command]/usr/bin/git submodule foreach --recursive sh -c "git config --local --name-only --get-regexp 'http\.https\:\/\/github\.com\/\.extraheader' && git config --local --unset-all 'http.https://github.com/.extraheader' || :"
dependency-test	Checkout Repository	2026-08-23T17:49:25.8822657Z [command]/usr/bin/git config --local --name-only --get-regexp ^includeIf\.gitdir:
dependency-test	Checkout Repository	2026-08-23T17:49:25.8853665Z [command]/usr/bin/git submodule foreach --recursive git config --local --show-origin --name-only --get-regexp remote.origin.url
dependency-test	Checkout Repository	2026-08-23T17:49:25.9040679Z [command]/usr/bin/git config --local http.https://github.com/.extraheader AUTHORIZATION: basic ***
dependency-test	Checkout Repository	2026-08-23T17:49:25.9072524Z ##[endgroup]
dependency-test	Checkout Repository	2026-08-23T17:49:25.9073164Z ##[group]Fetching the repository
dependency-test	Checkout Repository	2026-08-23T17:49:25.9081503Z [command]/usr/bin/git -c protocol.version=2 fetch --no-tags --prune --no-recurse-submodules --depth=1 origin +608b23def6053583471c5f34d6e1ab4d72fbb604:refs/remotes/origin/feature/syntax-errors
dependency-test	Checkout Repository	2026-08-23T17:49:26.3269427Z From https://github.com/DhruvHegde/dependency-error-repo
dependency-test	Checkout Repository	2026-08-23T17:49:26.3271028Z  * [new ref]         608b23def6053583471c5f34d6e1ab4d72fbb604 -> origin/feature/syntax-errors
dependency-test	Checkout Repository	2026-08-23T17:49:26.3274117Z ##[endgroup]
dependency-test	Checkout Repository	2026-08-23T17:49:26.3274928Z ##[group]Determining the checkout info
dependency-test	Checkout Repository	2026-08-23T17:49:26.3276068Z ##[endgroup]
dependency-test	Checkout Repository	2026-08-23T17:49:26.3281323Z [command]/usr/bin/git sparse-checkout disable
dependency-test	Checkout Repository	2026-08-23T17:49:26.3321029Z [command]/usr/bin/git config --local --unset-all extensions.worktreeConfig
dependency-test	Checkout Repository	2026-08-23T17:49:26.3346980Z ##[group]Checking out the ref
dependency-test	Checkout Repository	2026-08-23T17:49:26.3350761Z [command]/usr/bin/git checkout --progress --force -B feature/syntax-errors refs/remotes/origin/feature/syntax-errors
dependency-test	Checkout Repository	2026-08-23T17:49:26.3416588Z Switched to a new branch 'feature/syntax-errors'
dependency-test	Checkout Repository	2026-08-23T17:49:26.3421307Z branch 'feature/syntax-errors' set up to track 'origin/feature/syntax-errors'.
dependency-test	Checkout Repository	2026-08-23T17:49:26.3425961Z ##[endgroup]
dependency-test	Checkout Repository	2026-08-23T17:49:26.3462241Z [command]/usr/bin/git log -1 --format=%H
dependency-test	Checkout Repository	2026-08-23T17:49:26.3485355Z 608b23def6053583471c5f34d6e1ab4d72fbb604
dependency-test	Setup Python	﻿2026-08-23T17:49:26.3733475Z Node 20 is being deprecated. This workflow is running with Node 24 by default. If you need to temporarily use Node 20, you can set the ACTIONS_ALLOW_USE_UNSECURE_NODE_VERSION=true environment variable. For more information see: https://github.blog/changelog/2025-09-19-deprecation-of-node-20-on-github-actions-runners/
dependency-test	Setup Python	2026-08-23T17:49:26.3736142Z ##[group]Run actions/setup-python@v5
dependency-test	Setup Python	2026-08-23T17:49:26.3736639Z with:
dependency-test	Setup Python	2026-08-23T17:49:26.3737039Z   python-version: 3.11
dependency-test	Setup Python	2026-08-23T17:49:26.3737687Z   check-latest: false
dependency-test	Setup Python	2026-08-23T17:49:26.3741144Z   token: ***
dependency-test	Setup Python	2026-08-23T17:49:26.3741536Z   update-environment: true
dependency-test	Setup Python	2026-08-23T17:49:26.3741975Z   allow-prereleases: false
dependency-test	Setup Python	2026-08-23T17:49:26.3742393Z   freethreaded: false
dependency-test	Setup Python	2026-08-23T17:49:26.3742785Z ##[endgroup]
dependency-test	Setup Python	2026-08-23T17:49:26.4763689Z ##[group]Installed versions
dependency-test	Setup Python	2026-08-23T17:49:26.4829248Z (node:2102) [DEP0040] DeprecationWarning: The `punycode` module is deprecated. Please use a userland alternative instead.
dependency-test	Setup Python	2026-08-23T17:49:26.4830740Z (Use `node --trace-deprecation ...` to show where the warning was created)
dependency-test	Setup Python	2026-08-23T17:49:26.4831841Z Successfully set up CPython (3.11.16)
dependency-test	Setup Python	2026-08-23T17:49:26.4832991Z ##[endgroup]
dependency-test	Install Dependencies	﻿2026-08-23T17:49:26.5003760Z ##[group]Run python -m pip install --upgrade pip
dependency-test	Install Dependencies	2026-08-23T17:49:26.5004849Z ^[[36;1mpython -m pip install --upgrade pip^[[0m
dependency-test	Install Dependencies	2026-08-23T17:49:26.5005721Z ^[[36;1mpip install -r requirements.txt^[[0m
dependency-test	Install Dependencies	2026-08-23T17:49:26.5061549Z shell: /usr/bin/bash -e {0}
dependency-test	Install Dependencies	2026-08-23T17:49:26.5062279Z env:
dependency-test	Install Dependencies	2026-08-23T17:49:26.5063120Z   pythonLocation: /opt/hostedtoolcache/Python/3.11.16/x64
dependency-test	Install Dependencies	2026-08-23T17:49:26.5064427Z   PKG_CONFIG_PATH: /opt/hostedtoolcache/Python/3.11.16/x64/lib/pkgconfig
dependency-test	Install Dependencies	2026-08-23T17:49:26.5065717Z   Python_ROOT_DIR: /opt/hostedtoolcache/Python/3.11.16/x64
dependency-test	Install Dependencies	2026-08-23T17:49:26.5066862Z   Python2_ROOT_DIR: /opt/hostedtoolcache/Python/3.11.16/x64
dependency-test	Install Dependencies	2026-08-23T17:49:26.5068108Z   Python3_ROOT_DIR: /opt/hostedtoolcache/Python/3.11.16/x64
dependency-test	Install Dependencies	2026-08-23T17:49:26.5069181Z   LD_LIBRARY_PATH: /opt/hostedtoolcache/Python/3.11.16/x64/lib
dependency-test	Install Dependencies	2026-08-23T17:49:26.5070202Z ##[endgroup]
dependency-test	Install Dependencies	2026-08-23T17:49:27.0346164Z Requirement already satisfied: pip in /opt/hostedtoolcache/Python/3.11.16/x64/lib/python3.11/site-packages (26.2.1)
dependency-test	Install Dependencies	2026-08-23T17:49:27.5987771Z Collecting pytest (from -r requirements.txt (line 1))
dependency-test	Install Dependencies	2026-08-23T17:49:27.6848535Z   Downloading pytest-9.1.1-py3-none-any.whl.metadata (7.6 kB)
dependency-test	Install Dependencies	2026-08-23T17:49:27.7318182Z Collecting iniconfig>=1.0.1 (from pytest->-r requirements.txt (line 1))
dependency-test	Install Dependencies	2026-08-23T17:49:27.7518939Z   Downloading iniconfig-2.3.0-py3-none-any.whl.metadata (2.5 kB)
dependency-test	Install Dependencies	2026-08-23T17:49:27.7843156Z Collecting packaging>=22 (from pytest->-r requirements.txt (line 1))
dependency-test	Install Dependencies	2026-08-23T17:49:27.8036682Z   Downloading packaging-26.3-py3-none-any.whl.metadata (3.5 kB)
dependency-test	Install Dependencies	2026-08-23T17:49:27.8306231Z Collecting pluggy<2,>=1.5 (from pytest->-r requirements.txt (line 1))
dependency-test	Install Dependencies	2026-08-23T17:49:27.8494534Z   Downloading pluggy-1.6.0-py3-none-any.whl.metadata (4.8 kB)
dependency-test	Install Dependencies	2026-08-23T17:49:27.8814847Z Collecting pygments>=2.7.2 (from pytest->-r requirements.txt (line 1))
dependency-test	Install Dependencies	2026-08-23T17:49:27.9001264Z   Downloading pygments-2.21.0-py3-none-any.whl.metadata (2.5 kB)
dependency-test	Install Dependencies	2026-08-23T17:49:27.9317999Z Downloading pytest-9.1.1-py3-none-any.whl (386 kB)
dependency-test	Install Dependencies	2026-08-23T17:49:28.0219028Z Downloading pluggy-1.6.0-py3-none-any.whl (20 kB)
dependency-test	Install Dependencies	2026-08-23T17:49:28.0432847Z Downloading iniconfig-2.3.0-py3-none-any.whl (7.5 kB)
dependency-test	Install Dependencies	2026-08-23T17:49:28.0637531Z Downloading packaging-26.3-py3-none-any.whl (129 kB)
dependency-test	Install Dependencies	2026-08-23T17:49:28.0865568Z Downloading pygments-2.21.0-py3-none-any.whl (1.3 MB)
dependency-test	Install Dependencies	2026-08-23T17:49:28.1464626Z    ━━━━━━━━━━━━━━━━━━━━━━━━━━━━━━━━━━━━━━━━ 1.3/1.3 MB 18.9 MB/s  0:00:00
dependency-test	Install Dependencies	2026-08-23T17:49:28.1823011Z Installing collected packages: pygments, pluggy, packaging, iniconfig, pytest
dependency-test	Install Dependencies	2026-08-23T17:49:28.9546018Z 
dependency-test	Install Dependencies	2026-08-23T17:49:28.9553426Z Successfully installed iniconfig-2.3.0 packaging-26.3 pluggy-1.6.0 pygments-2.21.0 pytest-9.1.1
dependency-test	Check App Syntax	﻿2026-08-23T17:49:28.9986043Z ##[group]Run python -c "import app"
dependency-test	Check App Syntax	2026-08-23T17:49:28.9986335Z ^[[36;1mpython -c "import app"^[[0m
dependency-test	Check App Syntax	2026-08-23T17:49:29.0020837Z shell: /usr/bin/bash -e {0}
dependency-test	Check App Syntax	2026-08-23T17:49:29.0021047Z env:
dependency-test	Check App Syntax	2026-08-23T17:49:29.0021282Z   pythonLocation: /opt/hostedtoolcache/Python/3.11.16/x64
dependency-test	Check App Syntax	2026-08-23T17:49:29.0021637Z   PKG_CONFIG_PATH: /opt/hostedtoolcache/Python/3.11.16/x64/lib/pkgconfig
dependency-test	Check App Syntax	2026-08-23T17:49:29.0021964Z   Python_ROOT_DIR: /opt/hostedtoolcache/Python/3.11.16/x64
dependency-test	Check App Syntax	2026-08-23T17:49:29.0022263Z   Python2_ROOT_DIR: /opt/hostedtoolcache/Python/3.11.16/x64
dependency-test	Check App Syntax	2026-08-23T17:49:29.0022558Z   Python3_ROOT_DIR: /opt/hostedtoolcache/Python/3.11.16/x64
dependency-test	Check App Syntax	2026-08-23T17:49:29.0022865Z   LD_LIBRARY_PATH: /opt/hostedtoolcache/Python/3.11.16/x64/lib
dependency-test	Check App Syntax	2026-08-23T17:49:29.0023128Z ##[endgroup]
dependency-test	Check App Syntax	2026-08-23T17:49:29.0160039Z Traceback (most recent call last):
dependency-test	Check App Syntax	2026-08-23T17:49:29.0164801Z   File "<string>", line 1, in <module>
dependency-test	Check App Syntax	2026-08-23T17:49:29.0165336Z   File "/home/runner/work/dependency-error-repo/dependency-error-repo/app.py", line 6
dependency-test	Check App Syntax	2026-08-23T17:49:29.0165764Z     y = 2
dependency-test	Check App Syntax	2026-08-23T17:49:29.0165966Z IndentationError: unexpected indent
dependency-test	Check App Syntax	2026-08-23T17:49:29.0187967Z ##[error]Process completed with exit code 1.
dependency-test	Post Checkout Repository	﻿2026-08-23T17:49:29.0306201Z Node 20 is being deprecated. This workflow is running with Node 24 by default. If you need to temporarily use Node 20, you can set the ACTIONS_ALLOW_USE_UNSECURE_NODE_VERSION=true environment variable. For more information see: https://github.blog/changelog/2025-09-19-deprecation-of-node-20-on-github-actions-runners/
dependency-test	Post Checkout Repository	2026-08-23T17:49:29.0307325Z Post job cleanup.
dependency-test	Post Checkout Repository	2026-08-23T17:49:29.0950831Z [command]/usr/bin/git version
dependency-test	Post Checkout Repository	2026-08-23T17:49:29.0985738Z git version 2.55.0
dependency-test	Post Checkout Repository	2026-08-23T17:49:29.1013055Z Temporarily overriding HOME='/home/runner/work/_temp/1529656f-3a75-451a-b975-09fe64e3c2bb' before making global git config changes
dependency-test	Post Checkout Repository	2026-08-23T17:49:29.1014193Z Adding repository directory to the temporary git global config as a safe directory
dependency-test	Post Checkout Repository	2026-08-23T17:49:29.1017804Z [command]/usr/bin/git config --global --add safe.directory /home/runner/work/dependency-error-repo/dependency-error-repo
dependency-test	Post Checkout Repository	2026-08-23T17:49:29.1048415Z [command]/usr/bin/git config --local --name-only --get-regexp core\.sshCommand
dependency-test	Post Checkout Repository	2026-08-23T17:49:29.1076938Z [command]/usr/bin/git submodule foreach --recursive sh -c "git config --local --name-only --get-regexp 'core\.sshCommand' && git config --local --unset-all 'core.sshCommand' || :"
dependency-test	Post Checkout Repository	2026-08-23T17:49:29.1296916Z [command]/usr/bin/git config --local --name-only --get-regexp http\.https\:\/\/github\.com\/\.extraheader
dependency-test	Post Checkout Repository	2026-08-23T17:49:29.1321734Z http.https://github.com/.extraheader
dependency-test	Post Checkout Repository	2026-08-23T17:49:29.1330404Z [command]/usr/bin/git config --local --unset-all http.https://github.com/.extraheader
dependency-test	Post Checkout Repository	2026-08-23T17:49:29.1364617Z [command]/usr/bin/git submodule foreach --recursive sh -c "git config --local --name-only --get-regexp 'http\.https\:\/\/github\.com\/\.extraheader' && git config --local --unset-all 'http.https://github.com/.extraheader' || :"
dependency-test	Post Checkout Repository	2026-08-23T17:49:29.1625407Z [command]/usr/bin/git config --local --name-only --get-regexp ^includeIf\.gitdir:
dependency-test	Post Checkout Repository	2026-08-23T17:49:29.1667542Z [command]/usr/bin/git submodule foreach --recursive git config --local --show-origin --name-only --get-regexp remote.origin.url
dependency-test	Complete job	﻿2026-08-23T17:49:29.1994906Z Cleaning up orphan processes
dependency-test	Complete job	2026-08-23T17:49:29.2219795Z ##[warning]Node.js 20 is deprecated. The following actions target Node.js 20 but are being forced to run on Node.js 24: actions/checkout@v4, actions/setup-python@v5. For more information see: https://github.blog/changelog/2025-09-19-deprecation-of-node-20-on-github-actions-runners/