dependency-test	Set up job	﻿2026-08-27T11:57:38.0970093Z Current runner version: '2.336.0'
dependency-test	Set up job	2026-08-27T11:57:38.0990053Z ##[group]Runner Image Provisioner
dependency-test	Set up job	2026-08-27T11:57:38.0990845Z Hosted Compute Agent
dependency-test	Set up job	2026-08-27T11:57:38.0991396Z Version: 20260819.586
dependency-test	Set up job	2026-08-27T11:57:38.0991909Z Commit: 3cc4a88dfa507ef76119ad1bb3eccc6378bb2b76
dependency-test	Set up job	2026-08-27T11:57:38.0992490Z Build Date: 2026-08-18T23:20:18Z
dependency-test	Set up job	2026-08-27T11:57:38.0993077Z Worker ID: {06fa6355-d9d4-40a7-b403-81e19d2f7839}
dependency-test	Set up job	2026-08-27T11:57:38.0993994Z Azure Region: centralus
dependency-test	Set up job	2026-08-27T11:57:38.0994492Z ##[endgroup]
dependency-test	Set up job	2026-08-27T11:57:38.0995658Z ##[group]Operating System
dependency-test	Set up job	2026-08-27T11:57:38.0996224Z Ubuntu
dependency-test	Set up job	2026-08-27T11:57:38.0996716Z 24.04.4
dependency-test	Set up job	2026-08-27T11:57:38.0997130Z LTS
dependency-test	Set up job	2026-08-27T11:57:38.0997586Z ##[endgroup]
dependency-test	Set up job	2026-08-27T11:57:38.0998048Z ##[group]Runner Image
dependency-test	Set up job	2026-08-27T11:57:38.0998545Z Image: ubuntu-24.04
dependency-test	Set up job	2026-08-27T11:57:38.0999056Z Version: 20260823.283.1
dependency-test	Set up job	2026-08-27T11:57:38.0999902Z Included Software: https://github.com/actions/runner-images/blob/ubuntu24/20260823.283/images/ubuntu/Ubuntu2404-Readme.md
dependency-test	Set up job	2026-08-27T11:57:38.1001339Z Image Release: https://github.com/actions/runner-images/releases/tag/ubuntu24%2F20260823.283
dependency-test	Set up job	2026-08-27T11:57:38.1002101Z ##[endgroup]
dependency-test	Set up job	2026-08-27T11:57:38.1003117Z ##[group]GITHUB_TOKEN Permissions
dependency-test	Set up job	2026-08-27T11:57:38.1004908Z Contents: read
dependency-test	Set up job	2026-08-27T11:57:38.1005435Z Metadata: read
dependency-test	Set up job	2026-08-27T11:57:38.1005872Z Packages: read
dependency-test	Set up job	2026-08-27T11:57:38.1006714Z ##[endgroup]
dependency-test	Set up job	2026-08-27T11:57:38.1008441Z Secret source: Actions
dependency-test	Set up job	2026-08-27T11:57:38.1009357Z Prepare workflow directory
dependency-test	Set up job	2026-08-27T11:57:38.1311080Z Prepare all required actions
dependency-test	Set up job	2026-08-27T11:57:38.1351384Z Getting action download info
dependency-test	Set up job	2026-08-27T11:57:38.3790862Z Download action repository 'actions/checkout@v4' (SHA:11d5960a326750d5838078e36cf38b85af677262)
dependency-test	Set up job	2026-08-27T11:57:38.8935929Z Download action repository 'actions/setup-python@v5' (SHA:a26af69be951a213d495a4c3e4e4022e16d87065)
dependency-test	Set up job	2026-08-27T11:57:39.0775817Z Complete job name: dependency-test
dependency-test	Checkout Repository	﻿2026-08-27T11:57:39.1343742Z Node 20 is being deprecated. This workflow is running with Node 24 by default. If you need to temporarily use Node 20, you can set the ACTIONS_ALLOW_USE_UNSECURE_NODE_VERSION=true environment variable. For more information see: https://github.blog/changelog/2025-09-19-deprecation-of-node-20-on-github-actions-runners/
dependency-test	Checkout Repository	2026-08-27T11:57:39.1351347Z ##[group]Run actions/checkout@v4
dependency-test	Checkout Repository	2026-08-27T11:57:39.1352077Z with:
dependency-test	Checkout Repository	2026-08-27T11:57:39.1352587Z   repository: DhruvHegde/dependency-error-repo
dependency-test	Checkout Repository	2026-08-27T11:57:39.1356155Z   token: ***
dependency-test	Checkout Repository	2026-08-27T11:57:39.1356648Z   ssh-strict: true
dependency-test	Checkout Repository	2026-08-27T11:57:39.1357091Z   ssh-user: git
dependency-test	Checkout Repository	2026-08-27T11:57:39.1357570Z   persist-credentials: true
dependency-test	Checkout Repository	2026-08-27T11:57:39.1358062Z   clean: true
dependency-test	Checkout Repository	2026-08-27T11:57:39.1358532Z   sparse-checkout-cone-mode: true
dependency-test	Checkout Repository	2026-08-27T11:57:39.1359063Z   fetch-depth: 1
dependency-test	Checkout Repository	2026-08-27T11:57:39.1359507Z   fetch-tags: false
dependency-test	Checkout Repository	2026-08-27T11:57:39.1359935Z   show-progress: true
dependency-test	Checkout Repository	2026-08-27T11:57:39.1360417Z   lfs: false
dependency-test	Checkout Repository	2026-08-27T11:57:39.1360849Z   submodules: false
dependency-test	Checkout Repository	2026-08-27T11:57:39.1361422Z   set-safe-directory: true
dependency-test	Checkout Repository	2026-08-27T11:57:39.1361927Z   allow-unsafe-pr-checkout: false
dependency-test	Checkout Repository	2026-08-27T11:57:39.1362574Z ##[endgroup]
dependency-test	Checkout Repository	2026-08-27T11:57:39.2214762Z Syncing repository: DhruvHegde/dependency-error-repo
dependency-test	Checkout Repository	2026-08-27T11:57:39.2216632Z ##[group]Getting Git version info
dependency-test	Checkout Repository	2026-08-27T11:57:39.2217424Z Working directory is '/home/runner/work/dependency-error-repo/dependency-error-repo'
dependency-test	Checkout Repository	2026-08-27T11:57:39.2218548Z [command]/usr/bin/git version
dependency-test	Checkout Repository	2026-08-27T11:57:39.2280352Z git version 2.55.0
dependency-test	Checkout Repository	2026-08-27T11:57:39.2302430Z ##[endgroup]
dependency-test	Checkout Repository	2026-08-27T11:57:39.2309034Z Temporarily overriding HOME='/home/runner/work/_temp/cb9951d7-91c4-44e5-aae6-71cd4afec012' before making global git config changes
dependency-test	Checkout Repository	2026-08-27T11:57:39.2310580Z Adding repository directory to the temporary git global config as a safe directory
dependency-test	Checkout Repository	2026-08-27T11:57:39.2316401Z [command]/usr/bin/git config --global --add safe.directory /home/runner/work/dependency-error-repo/dependency-error-repo
dependency-test	Checkout Repository	2026-08-27T11:57:39.2358900Z Deleting the contents of '/home/runner/work/dependency-error-repo/dependency-error-repo'
dependency-test	Checkout Repository	2026-08-27T11:57:39.2362125Z ##[group]Initializing the repository
dependency-test	Checkout Repository	2026-08-27T11:57:39.2366678Z [command]/usr/bin/git init /home/runner/work/dependency-error-repo/dependency-error-repo
dependency-test	Checkout Repository	2026-08-27T11:57:39.2484727Z hint: Using 'master' as the name for the initial branch. This default branch name
dependency-test	Checkout Repository	2026-08-27T11:57:39.2486550Z hint: will change to "main" in Git 3.0. To configure the initial branch name
dependency-test	Checkout Repository	2026-08-27T11:57:39.2488081Z hint: to use in all of your new repositories, which will suppress this warning,
dependency-test	Checkout Repository	2026-08-27T11:57:39.2489553Z hint: call:
dependency-test	Checkout Repository	2026-08-27T11:57:39.2490361Z hint:
dependency-test	Checkout Repository	2026-08-27T11:57:39.2491337Z hint: 	git config --global init.defaultBranch <name>
dependency-test	Checkout Repository	2026-08-27T11:57:39.2492354Z hint:
dependency-test	Checkout Repository	2026-08-27T11:57:39.2493443Z hint: Names commonly chosen instead of 'master' are 'main', 'trunk' and
dependency-test	Checkout Repository	2026-08-27T11:57:39.2495022Z hint: 'development'. The just-created branch can be renamed via this command:
dependency-test	Checkout Repository	2026-08-27T11:57:39.2496215Z hint:
dependency-test	Checkout Repository	2026-08-27T11:57:39.2496941Z hint: 	git branch -m <name>
dependency-test	Checkout Repository	2026-08-27T11:57:39.2497911Z hint:
dependency-test	Checkout Repository	2026-08-27T11:57:39.2498840Z hint: Disable this message with "git config set advice.defaultBranchName false"
dependency-test	Checkout Repository	2026-08-27T11:57:39.2500568Z Initialized empty Git repository in /home/runner/work/dependency-error-repo/dependency-error-repo/.git/
dependency-test	Checkout Repository	2026-08-27T11:57:39.2503739Z [command]/usr/bin/git remote add origin https://github.com/DhruvHegde/dependency-error-repo
dependency-test	Checkout Repository	2026-08-27T11:57:39.2538505Z ##[endgroup]
dependency-test	Checkout Repository	2026-08-27T11:57:39.2539398Z ##[group]Disabling automatic garbage collection
dependency-test	Checkout Repository	2026-08-27T11:57:39.2542663Z [command]/usr/bin/git config --local gc.auto 0
dependency-test	Checkout Repository	2026-08-27T11:57:39.2568839Z ##[endgroup]
dependency-test	Checkout Repository	2026-08-27T11:57:39.2569718Z ##[group]Setting up auth
dependency-test	Checkout Repository	2026-08-27T11:57:39.2575881Z [command]/usr/bin/git config --local --name-only --get-regexp core\.sshCommand
dependency-test	Checkout Repository	2026-08-27T11:57:39.2601246Z [command]/usr/bin/git submodule foreach --recursive sh -c "git config --local --name-only --get-regexp 'core\.sshCommand' && git config --local --unset-all 'core.sshCommand' || :"
dependency-test	Checkout Repository	2026-08-27T11:57:39.3080882Z [command]/usr/bin/git config --local --name-only --get-regexp http\.https\:\/\/github\.com\/\.extraheader
dependency-test	Checkout Repository	2026-08-27T11:57:39.3106672Z [command]/usr/bin/git submodule foreach --recursive sh -c "git config --local --name-only --get-regexp 'http\.https\:\/\/github\.com\/\.extraheader' && git config --local --unset-all 'http.https://github.com/.extraheader' || :"
dependency-test	Checkout Repository	2026-08-27T11:57:39.3259059Z [command]/usr/bin/git config --local --name-only --get-regexp ^includeIf\.gitdir:
dependency-test	Checkout Repository	2026-08-27T11:57:39.3283205Z [command]/usr/bin/git submodule foreach --recursive git config --local --show-origin --name-only --get-regexp remote.origin.url
dependency-test	Checkout Repository	2026-08-27T11:57:39.3443442Z [command]/usr/bin/git config --local http.https://github.com/.extraheader AUTHORIZATION: basic ***
dependency-test	Checkout Repository	2026-08-27T11:57:39.3469694Z ##[endgroup]
dependency-test	Checkout Repository	2026-08-27T11:57:39.3470639Z ##[group]Fetching the repository
dependency-test	Checkout Repository	2026-08-27T11:57:39.3478797Z [command]/usr/bin/git -c protocol.version=2 fetch --no-tags --prune --no-recurse-submodules --depth=1 origin +77786796181cf0f025a66b63f9ca11af3be93297:refs/remotes/origin/feature/syntax-errors
dependency-test	Checkout Repository	2026-08-27T11:57:39.8621973Z From https://github.com/DhruvHegde/dependency-error-repo
dependency-test	Checkout Repository	2026-08-27T11:57:39.8624968Z  * [new ref]         77786796181cf0f025a66b63f9ca11af3be93297 -> origin/feature/syntax-errors
dependency-test	Checkout Repository	2026-08-27T11:57:39.8628763Z ##[endgroup]
dependency-test	Checkout Repository	2026-08-27T11:57:39.8634786Z ##[group]Determining the checkout info
dependency-test	Checkout Repository	2026-08-27T11:57:39.8636959Z ##[endgroup]
dependency-test	Checkout Repository	2026-08-27T11:57:39.8642392Z [command]/usr/bin/git sparse-checkout disable
dependency-test	Checkout Repository	2026-08-27T11:57:39.8704893Z [command]/usr/bin/git config --local --unset-all extensions.worktreeConfig
dependency-test	Checkout Repository	2026-08-27T11:57:39.8728917Z ##[group]Checking out the ref
dependency-test	Checkout Repository	2026-08-27T11:57:39.8731625Z [command]/usr/bin/git checkout --progress --force -B feature/syntax-errors refs/remotes/origin/feature/syntax-errors
dependency-test	Checkout Repository	2026-08-27T11:57:39.8865921Z Switched to a new branch 'feature/syntax-errors'
dependency-test	Checkout Repository	2026-08-27T11:57:39.8868080Z branch 'feature/syntax-errors' set up to track 'origin/feature/syntax-errors'.
dependency-test	Checkout Repository	2026-08-27T11:57:39.8872731Z ##[endgroup]
dependency-test	Checkout Repository	2026-08-27T11:57:39.8901549Z [command]/usr/bin/git log -1 --format=%H
dependency-test	Checkout Repository	2026-08-27T11:57:39.8920811Z 77786796181cf0f025a66b63f9ca11af3be93297
dependency-test	Setup Python	﻿2026-08-27T11:57:39.9190621Z Node 20 is being deprecated. This workflow is running with Node 24 by default. If you need to temporarily use Node 20, you can set the ACTIONS_ALLOW_USE_UNSECURE_NODE_VERSION=true environment variable. For more information see: https://github.blog/changelog/2025-09-19-deprecation-of-node-20-on-github-actions-runners/
dependency-test	Setup Python	2026-08-27T11:57:39.9193935Z ##[group]Run actions/setup-python@v5
dependency-test	Setup Python	2026-08-27T11:57:39.9194784Z with:
dependency-test	Setup Python	2026-08-27T11:57:39.9195472Z   python-version: 3.11
dependency-test	Setup Python	2026-08-27T11:57:39.9196241Z   check-latest: false
dependency-test	Setup Python	2026-08-27T11:57:39.9200019Z   token: ***
dependency-test	Setup Python	2026-08-27T11:57:39.9200742Z   update-environment: true
dependency-test	Setup Python	2026-08-27T11:57:39.9201602Z   allow-prereleases: false
dependency-test	Setup Python	2026-08-27T11:57:39.9202332Z   freethreaded: false
dependency-test	Setup Python	2026-08-27T11:57:39.9203066Z ##[endgroup]
dependency-test	Setup Python	2026-08-27T11:57:40.0339743Z ##[group]Installed versions
dependency-test	Setup Python	2026-08-27T11:57:40.0414614Z (node:2065) [DEP0040] DeprecationWarning: The `punycode` module is deprecated. Please use a userland alternative instead.
dependency-test	Setup Python	2026-08-27T11:57:40.0416876Z (Use `node --trace-deprecation ...` to show where the warning was created)
dependency-test	Setup Python	2026-08-27T11:57:40.0418246Z Successfully set up CPython (3.11.16)
dependency-test	Setup Python	2026-08-27T11:57:40.0419608Z ##[endgroup]
dependency-test	Install Dependencies	﻿2026-08-27T11:57:40.0547423Z ##[group]Run python -m pip install --upgrade pip
dependency-test	Install Dependencies	2026-08-27T11:57:40.0548577Z ^[[36;1mpython -m pip install --upgrade pip^[[0m
dependency-test	Install Dependencies	2026-08-27T11:57:40.0549541Z ^[[36;1mpip install -r requirements.txt^[[0m
dependency-test	Install Dependencies	2026-08-27T11:57:40.0590145Z shell: /usr/bin/bash -e {0}
dependency-test	Install Dependencies	2026-08-27T11:57:40.0591317Z env:
dependency-test	Install Dependencies	2026-08-27T11:57:40.0592433Z   pythonLocation: /opt/hostedtoolcache/Python/3.11.16/x64
dependency-test	Install Dependencies	2026-08-27T11:57:40.0594288Z   PKG_CONFIG_PATH: /opt/hostedtoolcache/Python/3.11.16/x64/lib/pkgconfig
dependency-test	Install Dependencies	2026-08-27T11:57:40.0595845Z   Python_ROOT_DIR: /opt/hostedtoolcache/Python/3.11.16/x64
dependency-test	Install Dependencies	2026-08-27T11:57:40.0597301Z   Python2_ROOT_DIR: /opt/hostedtoolcache/Python/3.11.16/x64
dependency-test	Install Dependencies	2026-08-27T11:57:40.0598808Z   Python3_ROOT_DIR: /opt/hostedtoolcache/Python/3.11.16/x64
dependency-test	Install Dependencies	2026-08-27T11:57:40.0600270Z   LD_LIBRARY_PATH: /opt/hostedtoolcache/Python/3.11.16/x64/lib
dependency-test	Install Dependencies	2026-08-27T11:57:40.0601607Z ##[endgroup]
dependency-test	Install Dependencies	2026-08-27T11:57:41.4665456Z Requirement already satisfied: pip in /opt/hostedtoolcache/Python/3.11.16/x64/lib/python3.11/site-packages (26.2.1)
dependency-test	Install Dependencies	2026-08-27T11:57:42.0593032Z Collecting pytest (from -r requirements.txt (line 1))
dependency-test	Install Dependencies	2026-08-27T11:57:42.1469145Z   Downloading pytest-9.1.1-py3-none-any.whl.metadata (7.6 kB)
dependency-test	Install Dependencies	2026-08-27T11:57:42.1708172Z Collecting iniconfig>=1.0.1 (from pytest->-r requirements.txt (line 1))
dependency-test	Install Dependencies	2026-08-27T11:57:42.1863541Z   Downloading iniconfig-2.3.0-py3-none-any.whl.metadata (2.5 kB)
dependency-test	Install Dependencies	2026-08-27T11:57:42.2877974Z Collecting packaging>=22 (from pytest->-r requirements.txt (line 1))
dependency-test	Install Dependencies	2026-08-27T11:57:42.3035503Z   Downloading packaging-26.3-py3-none-any.whl.metadata (3.5 kB)
dependency-test	Install Dependencies	2026-08-27T11:57:42.3293447Z Collecting pluggy<2,>=1.5 (from pytest->-r requirements.txt (line 1))
dependency-test	Install Dependencies	2026-08-27T11:57:42.3444939Z   Downloading pluggy-1.6.0-py3-none-any.whl.metadata (4.8 kB)
dependency-test	Install Dependencies	2026-08-27T11:57:42.3788686Z Collecting pygments>=2.7.2 (from pytest->-r requirements.txt (line 1))
dependency-test	Install Dependencies	2026-08-27T11:57:42.3940199Z   Downloading pygments-2.21.0-py3-none-any.whl.metadata (2.5 kB)
dependency-test	Install Dependencies	2026-08-27T11:57:42.4136654Z Downloading pytest-9.1.1-py3-none-any.whl (386 kB)
dependency-test	Install Dependencies	2026-08-27T11:57:42.5521920Z Downloading pluggy-1.6.0-py3-none-any.whl (20 kB)
dependency-test	Install Dependencies	2026-08-27T11:57:42.5728316Z Downloading iniconfig-2.3.0-py3-none-any.whl (7.5 kB)
dependency-test	Install Dependencies	2026-08-27T11:57:42.5907262Z Downloading packaging-26.3-py3-none-any.whl (129 kB)
dependency-test	Install Dependencies	2026-08-27T11:57:42.6108517Z Downloading pygments-2.21.0-py3-none-any.whl (1.3 MB)
dependency-test	Install Dependencies	2026-08-27T11:57:42.7867250Z    ━━━━━━━━━━━━━━━━━━━━━━━━━━━━━━━━━━━━━━━━ 1.3/1.3 MB 5.8 MB/s  0:00:00
dependency-test	Install Dependencies	2026-08-27T11:57:42.8255351Z Installing collected packages: pygments, pluggy, packaging, iniconfig, pytest
dependency-test	Install Dependencies	2026-08-27T11:57:43.6536001Z 
dependency-test	Install Dependencies	2026-08-27T11:57:43.6545457Z Successfully installed iniconfig-2.3.0 packaging-26.3 pluggy-1.6.0 pygments-2.21.0 pytest-9.1.1
dependency-test	Check App Syntax	﻿2026-08-27T11:57:43.7062545Z ##[group]Run python -c "import app"
dependency-test	Check App Syntax	2026-08-27T11:57:43.7062960Z ^[[36;1mpython -c "import app"^[[0m
dependency-test	Check App Syntax	2026-08-27T11:57:43.7084345Z shell: /usr/bin/bash -e {0}
dependency-test	Check App Syntax	2026-08-27T11:57:43.7084773Z env:
dependency-test	Check App Syntax	2026-08-27T11:57:43.7085086Z   pythonLocation: /opt/hostedtoolcache/Python/3.11.16/x64
dependency-test	Check App Syntax	2026-08-27T11:57:43.7085544Z   PKG_CONFIG_PATH: /opt/hostedtoolcache/Python/3.11.16/x64/lib/pkgconfig
dependency-test	Check App Syntax	2026-08-27T11:57:43.7085983Z   Python_ROOT_DIR: /opt/hostedtoolcache/Python/3.11.16/x64
dependency-test	Check App Syntax	2026-08-27T11:57:43.7086403Z   Python2_ROOT_DIR: /opt/hostedtoolcache/Python/3.11.16/x64
dependency-test	Check App Syntax	2026-08-27T11:57:43.7086832Z   Python3_ROOT_DIR: /opt/hostedtoolcache/Python/3.11.16/x64
dependency-test	Check App Syntax	2026-08-27T11:57:43.7087253Z   LD_LIBRARY_PATH: /opt/hostedtoolcache/Python/3.11.16/x64/lib
dependency-test	Check App Syntax	2026-08-27T11:57:43.7087598Z ##[endgroup]
dependency-test	Check App Syntax	2026-08-27T11:57:43.7208196Z Traceback (most recent call last):
dependency-test	Check App Syntax	2026-08-27T11:57:43.7213881Z   File "<string>", line 1, in <module>
dependency-test	Check App Syntax	2026-08-27T11:57:43.7214634Z   File "/home/runner/work/dependency-error-repo/dependency-error-repo/app.py", line 4
dependency-test	Check App Syntax	2026-08-27T11:57:43.7215192Z     t = (*,)
dependency-test	Check App Syntax	2026-08-27T11:57:43.7215431Z           ^
dependency-test	Check App Syntax	2026-08-27T11:57:43.7215682Z SyntaxError: Invalid star expression
dependency-test	Check App Syntax	2026-08-27T11:57:43.7237121Z ##[error]Process completed with exit code 1.
dependency-test	Post Checkout Repository	﻿2026-08-27T11:57:43.7364764Z Node 20 is being deprecated. This workflow is running with Node 24 by default. If you need to temporarily use Node 20, you can set the ACTIONS_ALLOW_USE_UNSECURE_NODE_VERSION=true environment variable. For more information see: https://github.blog/changelog/2025-09-19-deprecation-of-node-20-on-github-actions-runners/
dependency-test	Post Checkout Repository	2026-08-27T11:57:43.7365867Z Post job cleanup.
dependency-test	Post Checkout Repository	2026-08-27T11:57:43.8050223Z [command]/usr/bin/git version
dependency-test	Post Checkout Repository	2026-08-27T11:57:43.8079717Z git version 2.55.0
dependency-test	Post Checkout Repository	2026-08-27T11:57:43.8109283Z Temporarily overriding HOME='/home/runner/work/_temp/dbd56b30-2947-4db1-8e2d-0d9659940e2d' before making global git config changes
dependency-test	Post Checkout Repository	2026-08-27T11:57:43.8110760Z Adding repository directory to the temporary git global config as a safe directory
dependency-test	Post Checkout Repository	2026-08-27T11:57:43.8112743Z [command]/usr/bin/git config --global --add safe.directory /home/runner/work/dependency-error-repo/dependency-error-repo
dependency-test	Post Checkout Repository	2026-08-27T11:57:43.8144992Z [command]/usr/bin/git config --local --name-only --get-regexp core\.sshCommand
dependency-test	Post Checkout Repository	2026-08-27T11:57:43.8171507Z [command]/usr/bin/git submodule foreach --recursive sh -c "git config --local --name-only --get-regexp 'core\.sshCommand' && git config --local --unset-all 'core.sshCommand' || :"
dependency-test	Post Checkout Repository	2026-08-27T11:57:43.8354678Z [command]/usr/bin/git config --local --name-only --get-regexp http\.https\:\/\/github\.com\/\.extraheader
dependency-test	Post Checkout Repository	2026-08-27T11:57:43.8380668Z http.https://github.com/.extraheader
dependency-test	Post Checkout Repository	2026-08-27T11:57:43.8390762Z [command]/usr/bin/git config --local --unset-all http.https://github.com/.extraheader
dependency-test	Post Checkout Repository	2026-08-27T11:57:43.8414956Z [command]/usr/bin/git submodule foreach --recursive sh -c "git config --local --name-only --get-regexp 'http\.https\:\/\/github\.com\/\.extraheader' && git config --local --unset-all 'http.https://github.com/.extraheader' || :"
dependency-test	Post Checkout Repository	2026-08-27T11:57:43.8587228Z [command]/usr/bin/git config --local --name-only --get-regexp ^includeIf\.gitdir:
dependency-test	Post Checkout Repository	2026-08-27T11:57:43.8611053Z [command]/usr/bin/git submodule foreach --recursive git config --local --show-origin --name-only --get-regexp remote.origin.url
dependency-test	Complete job	﻿2026-08-27T11:57:43.8902764Z Cleaning up orphan processes
dependency-test	Complete job	2026-08-27T11:57:43.9096007Z ##[warning]Node.js 20 is deprecated. The following actions target Node.js 20 but are being forced to run on Node.js 24: actions/checkout@v4, actions/setup-python@v5. For more information see: https://github.blog/changelog/2025-09-19-deprecation-of-node-20-on-github-actions-runners/