dependency-test	Set up job	﻿2026-08-23T17:48:43.3673615Z Current runner version: '2.336.0'
dependency-test	Set up job	2026-08-23T17:48:43.3698865Z ##[group]Runner Image Provisioner
dependency-test	Set up job	2026-08-23T17:48:43.3699973Z Hosted Compute Agent
dependency-test	Set up job	2026-08-23T17:48:43.3700757Z Version: 20260729.566
dependency-test	Set up job	2026-08-23T17:48:43.3701490Z Commit: cf7153fe6e25b664e8693c24944bf2b00355d109
dependency-test	Set up job	2026-08-23T17:48:43.3702343Z Build Date: 2026-07-29T19:17:02Z
dependency-test	Set up job	2026-08-23T17:48:43.3703097Z Worker ID: {a3bd1839-2516-427b-b5f1-ff0db9882f1f}
dependency-test	Set up job	2026-08-23T17:48:43.3703858Z Azure Region: northcentralus
dependency-test	Set up job	2026-08-23T17:48:43.3704495Z ##[endgroup]
dependency-test	Set up job	2026-08-23T17:48:43.3705978Z ##[group]Operating System
dependency-test	Set up job	2026-08-23T17:48:43.3706679Z Ubuntu
dependency-test	Set up job	2026-08-23T17:48:43.3707212Z 24.04.4
dependency-test	Set up job	2026-08-23T17:48:43.3708006Z LTS
dependency-test	Set up job	2026-08-23T17:48:43.3708563Z ##[endgroup]
dependency-test	Set up job	2026-08-23T17:48:43.3709178Z ##[group]Runner Image
dependency-test	Set up job	2026-08-23T17:48:43.3709889Z Image: ubuntu-24.04
dependency-test	Set up job	2026-08-23T17:48:43.3710473Z Version: 20260816.277.1
dependency-test	Set up job	2026-08-23T17:48:43.3711644Z Included Software: https://github.com/actions/runner-images/blob/ubuntu24/20260816.277/images/ubuntu/Ubuntu2404-Readme.md
dependency-test	Set up job	2026-08-23T17:48:43.3713488Z Image Release: https://github.com/actions/runner-images/releases/tag/ubuntu24%2F20260816.277
dependency-test	Set up job	2026-08-23T17:48:43.3714532Z ##[endgroup]
dependency-test	Set up job	2026-08-23T17:48:43.3715820Z ##[group]GITHUB_TOKEN Permissions
dependency-test	Set up job	2026-08-23T17:48:43.3718107Z Contents: read
dependency-test	Set up job	2026-08-23T17:48:43.3718710Z Metadata: read
dependency-test	Set up job	2026-08-23T17:48:43.3719902Z Packages: read
dependency-test	Set up job	2026-08-23T17:48:43.3720487Z ##[endgroup]
dependency-test	Set up job	2026-08-23T17:48:43.3722668Z Secret source: Actions
dependency-test	Set up job	2026-08-23T17:48:43.3724013Z Prepare workflow directory
dependency-test	Set up job	2026-08-23T17:48:43.4070023Z Prepare all required actions
dependency-test	Set up job	2026-08-23T17:48:43.4117057Z Getting action download info
dependency-test	Set up job	2026-08-23T17:48:43.6300216Z Download action repository 'actions/checkout@v4' (SHA:11d5960a326750d5838078e36cf38b85af677262)
dependency-test	Set up job	2026-08-23T17:48:43.7655983Z Download action repository 'actions/setup-python@v5' (SHA:a26af69be951a213d495a4c3e4e4022e16d87065)
dependency-test	Set up job	2026-08-23T17:48:43.9509203Z Complete job name: dependency-test
dependency-test	Checkout Repository	﻿2026-08-23T17:48:44.0233259Z Node 20 is being deprecated. This workflow is running with Node 24 by default. If you need to temporarily use Node 20, you can set the ACTIONS_ALLOW_USE_UNSECURE_NODE_VERSION=true environment variable. For more information see: https://github.blog/changelog/2025-09-19-deprecation-of-node-20-on-github-actions-runners/
dependency-test	Checkout Repository	2026-08-23T17:48:44.0242213Z ##[group]Run actions/checkout@v4
dependency-test	Checkout Repository	2026-08-23T17:48:44.0242921Z with:
dependency-test	Checkout Repository	2026-08-23T17:48:44.0243421Z   repository: DhruvHegde/dependency-error-repo
dependency-test	Checkout Repository	2026-08-23T17:48:44.0247274Z   token: ***
dependency-test	Checkout Repository	2026-08-23T17:48:44.0247939Z   ssh-strict: true
dependency-test	Checkout Repository	2026-08-23T17:48:44.0248393Z   ssh-user: git
dependency-test	Checkout Repository	2026-08-23T17:48:44.0248840Z   persist-credentials: true
dependency-test	Checkout Repository	2026-08-23T17:48:44.0249333Z   clean: true
dependency-test	Checkout Repository	2026-08-23T17:48:44.0249785Z   sparse-checkout-cone-mode: true
dependency-test	Checkout Repository	2026-08-23T17:48:44.0250315Z   fetch-depth: 1
dependency-test	Checkout Repository	2026-08-23T17:48:44.0250746Z   fetch-tags: false
dependency-test	Checkout Repository	2026-08-23T17:48:44.0251186Z   show-progress: true
dependency-test	Checkout Repository	2026-08-23T17:48:44.0251628Z   lfs: false
dependency-test	Checkout Repository	2026-08-23T17:48:44.0252045Z   submodules: false
dependency-test	Checkout Repository	2026-08-23T17:48:44.0252544Z   set-safe-directory: true
dependency-test	Checkout Repository	2026-08-23T17:48:44.0253060Z   allow-unsafe-pr-checkout: false
dependency-test	Checkout Repository	2026-08-23T17:48:44.0253920Z ##[endgroup]
dependency-test	Checkout Repository	2026-08-23T17:48:44.1264773Z Syncing repository: DhruvHegde/dependency-error-repo
dependency-test	Checkout Repository	2026-08-23T17:48:44.1267607Z ##[group]Getting Git version info
dependency-test	Checkout Repository	2026-08-23T17:48:44.1268991Z Working directory is '/home/runner/work/dependency-error-repo/dependency-error-repo'
dependency-test	Checkout Repository	2026-08-23T17:48:44.1270906Z [command]/usr/bin/git version
dependency-test	Checkout Repository	2026-08-23T17:48:44.1299076Z git version 2.55.0
dependency-test	Checkout Repository	2026-08-23T17:48:44.1321121Z ##[endgroup]
dependency-test	Checkout Repository	2026-08-23T17:48:44.1336575Z Temporarily overriding HOME='/home/runner/work/_temp/9a24fdd4-3dd3-45da-81e5-e2923f2d49a3' before making global git config changes
dependency-test	Checkout Repository	2026-08-23T17:48:44.1338660Z Adding repository directory to the temporary git global config as a safe directory
dependency-test	Checkout Repository	2026-08-23T17:48:44.1342318Z [command]/usr/bin/git config --global --add safe.directory /home/runner/work/dependency-error-repo/dependency-error-repo
dependency-test	Checkout Repository	2026-08-23T17:48:44.1393417Z Deleting the contents of '/home/runner/work/dependency-error-repo/dependency-error-repo'
dependency-test	Checkout Repository	2026-08-23T17:48:44.1397226Z ##[group]Initializing the repository
dependency-test	Checkout Repository	2026-08-23T17:48:44.1403198Z [command]/usr/bin/git init /home/runner/work/dependency-error-repo/dependency-error-repo
dependency-test	Checkout Repository	2026-08-23T17:48:44.1500788Z hint: Using 'master' as the name for the initial branch. This default branch name
dependency-test	Checkout Repository	2026-08-23T17:48:44.1502313Z hint: will change to "main" in Git 3.0. To configure the initial branch name
dependency-test	Checkout Repository	2026-08-23T17:48:44.1503276Z hint: to use in all of your new repositories, which will suppress this warning,
dependency-test	Checkout Repository	2026-08-23T17:48:44.1504012Z hint: call:
dependency-test	Checkout Repository	2026-08-23T17:48:44.1504428Z hint:
dependency-test	Checkout Repository	2026-08-23T17:48:44.1504954Z hint: 	git config --global init.defaultBranch <name>
dependency-test	Checkout Repository	2026-08-23T17:48:44.1505575Z hint:
dependency-test	Checkout Repository	2026-08-23T17:48:44.1506144Z hint: Names commonly chosen instead of 'master' are 'main', 'trunk' and
dependency-test	Checkout Repository	2026-08-23T17:48:44.1507052Z hint: 'development'. The just-created branch can be renamed via this command:
dependency-test	Checkout Repository	2026-08-23T17:48:44.1508037Z hint:
dependency-test	Checkout Repository	2026-08-23T17:48:44.1508459Z hint: 	git branch -m <name>
dependency-test	Checkout Repository	2026-08-23T17:48:44.1508957Z hint:
dependency-test	Checkout Repository	2026-08-23T17:48:44.1509574Z hint: Disable this message with "git config set advice.defaultBranchName false"
dependency-test	Checkout Repository	2026-08-23T17:48:44.1515417Z Initialized empty Git repository in /home/runner/work/dependency-error-repo/dependency-error-repo/.git/
dependency-test	Checkout Repository	2026-08-23T17:48:44.1526191Z [command]/usr/bin/git remote add origin https://github.com/DhruvHegde/dependency-error-repo
dependency-test	Checkout Repository	2026-08-23T17:48:44.1571699Z ##[endgroup]
dependency-test	Checkout Repository	2026-08-23T17:48:44.1572602Z ##[group]Disabling automatic garbage collection
dependency-test	Checkout Repository	2026-08-23T17:48:44.1576428Z [command]/usr/bin/git config --local gc.auto 0
dependency-test	Checkout Repository	2026-08-23T17:48:44.1609381Z ##[endgroup]
dependency-test	Checkout Repository	2026-08-23T17:48:44.1610245Z ##[group]Setting up auth
dependency-test	Checkout Repository	2026-08-23T17:48:44.1619307Z [command]/usr/bin/git config --local --name-only --get-regexp core\.sshCommand
dependency-test	Checkout Repository	2026-08-23T17:48:44.1654391Z [command]/usr/bin/git submodule foreach --recursive sh -c "git config --local --name-only --get-regexp 'core\.sshCommand' && git config --local --unset-all 'core.sshCommand' || :"
dependency-test	Checkout Repository	2026-08-23T17:48:44.1994490Z [command]/usr/bin/git config --local --name-only --get-regexp http\.https\:\/\/github\.com\/\.extraheader
dependency-test	Checkout Repository	2026-08-23T17:48:44.2037562Z [command]/usr/bin/git submodule foreach --recursive sh -c "git config --local --name-only --get-regexp 'http\.https\:\/\/github\.com\/\.extraheader' && git config --local --unset-all 'http.https://github.com/.extraheader' || :"
dependency-test	Checkout Repository	2026-08-23T17:48:44.2299590Z [command]/usr/bin/git config --local --name-only --get-regexp ^includeIf\.gitdir:
dependency-test	Checkout Repository	2026-08-23T17:48:44.2338792Z [command]/usr/bin/git submodule foreach --recursive git config --local --show-origin --name-only --get-regexp remote.origin.url
dependency-test	Checkout Repository	2026-08-23T17:48:44.2581969Z [command]/usr/bin/git config --local http.https://github.com/.extraheader AUTHORIZATION: basic ***
dependency-test	Checkout Repository	2026-08-23T17:48:44.2622506Z ##[endgroup]
dependency-test	Checkout Repository	2026-08-23T17:48:44.2623436Z ##[group]Fetching the repository
dependency-test	Checkout Repository	2026-08-23T17:48:44.2632408Z [command]/usr/bin/git -c protocol.version=2 fetch --no-tags --prune --no-recurse-submodules --depth=1 origin +2ac1936019bdfbae66c6b39a81e9b505a5411a59:refs/remotes/origin/feature/syntax-errors
dependency-test	Checkout Repository	2026-08-23T17:48:44.5620015Z From https://github.com/DhruvHegde/dependency-error-repo
dependency-test	Checkout Repository	2026-08-23T17:48:44.5621696Z  * [new ref]         2ac1936019bdfbae66c6b39a81e9b505a5411a59 -> origin/feature/syntax-errors
dependency-test	Checkout Repository	2026-08-23T17:48:44.5624950Z ##[endgroup]
dependency-test	Checkout Repository	2026-08-23T17:48:44.5626101Z ##[group]Determining the checkout info
dependency-test	Checkout Repository	2026-08-23T17:48:44.5627624Z ##[endgroup]
dependency-test	Checkout Repository	2026-08-23T17:48:44.5633701Z [command]/usr/bin/git sparse-checkout disable
dependency-test	Checkout Repository	2026-08-23T17:48:44.5684885Z [command]/usr/bin/git config --local --unset-all extensions.worktreeConfig
dependency-test	Checkout Repository	2026-08-23T17:48:44.5718567Z ##[group]Checking out the ref
dependency-test	Checkout Repository	2026-08-23T17:48:44.5722580Z [command]/usr/bin/git checkout --progress --force -B feature/syntax-errors refs/remotes/origin/feature/syntax-errors
dependency-test	Checkout Repository	2026-08-23T17:48:44.5807817Z Switched to a new branch 'feature/syntax-errors'
dependency-test	Checkout Repository	2026-08-23T17:48:44.5814088Z branch 'feature/syntax-errors' set up to track 'origin/feature/syntax-errors'.
dependency-test	Checkout Repository	2026-08-23T17:48:44.5820283Z ##[endgroup]
dependency-test	Checkout Repository	2026-08-23T17:48:44.5866231Z [command]/usr/bin/git log -1 --format=%H
dependency-test	Checkout Repository	2026-08-23T17:48:44.5894997Z 2ac1936019bdfbae66c6b39a81e9b505a5411a59
dependency-test	Setup Python	﻿2026-08-23T17:48:44.6176576Z Node 20 is being deprecated. This workflow is running with Node 24 by default. If you need to temporarily use Node 20, you can set the ACTIONS_ALLOW_USE_UNSECURE_NODE_VERSION=true environment variable. For more information see: https://github.blog/changelog/2025-09-19-deprecation-of-node-20-on-github-actions-runners/
dependency-test	Setup Python	2026-08-23T17:48:44.6179829Z ##[group]Run actions/setup-python@v5
dependency-test	Setup Python	2026-08-23T17:48:44.6180367Z with:
dependency-test	Setup Python	2026-08-23T17:48:44.6180783Z   python-version: 3.11
dependency-test	Setup Python	2026-08-23T17:48:44.6181249Z   check-latest: false
dependency-test	Setup Python	2026-08-23T17:48:44.6184901Z   token: ***
dependency-test	Setup Python	2026-08-23T17:48:44.6185337Z   update-environment: true
dependency-test	Setup Python	2026-08-23T17:48:44.6185831Z   allow-prereleases: false
dependency-test	Setup Python	2026-08-23T17:48:44.6186302Z   freethreaded: false
dependency-test	Setup Python	2026-08-23T17:48:44.6186744Z ##[endgroup]
dependency-test	Setup Python	2026-08-23T17:48:44.7574737Z ##[group]Installed versions
dependency-test	Setup Python	2026-08-23T17:48:44.7587290Z (node:2421) [DEP0040] DeprecationWarning: The `punycode` module is deprecated. Please use a userland alternative instead.
dependency-test	Setup Python	2026-08-23T17:48:44.7589753Z (Use `node --trace-deprecation ...` to show where the warning was created)
dependency-test	Setup Python	2026-08-23T17:48:44.7591532Z Successfully set up CPython (3.11.16)
dependency-test	Setup Python	2026-08-23T17:48:44.7593578Z ##[endgroup]
dependency-test	Install Dependencies	﻿2026-08-23T17:48:44.7794503Z ##[group]Run python -m pip install --upgrade pip
dependency-test	Install Dependencies	2026-08-23T17:48:44.7795988Z ^[[36;1mpython -m pip install --upgrade pip^[[0m
dependency-test	Install Dependencies	2026-08-23T17:48:44.7797237Z ^[[36;1mpip install -r requirements.txt^[[0m
dependency-test	Install Dependencies	2026-08-23T17:48:44.7920023Z shell: /usr/bin/bash -e {0}
dependency-test	Install Dependencies	2026-08-23T17:48:44.7921183Z env:
dependency-test	Install Dependencies	2026-08-23T17:48:44.7922341Z   pythonLocation: /opt/hostedtoolcache/Python/3.11.16/x64
dependency-test	Install Dependencies	2026-08-23T17:48:44.7924227Z   PKG_CONFIG_PATH: /opt/hostedtoolcache/Python/3.11.16/x64/lib/pkgconfig
dependency-test	Install Dependencies	2026-08-23T17:48:44.7925976Z   Python_ROOT_DIR: /opt/hostedtoolcache/Python/3.11.16/x64
dependency-test	Install Dependencies	2026-08-23T17:48:44.7927663Z   Python2_ROOT_DIR: /opt/hostedtoolcache/Python/3.11.16/x64
dependency-test	Install Dependencies	2026-08-23T17:48:44.7929103Z   Python3_ROOT_DIR: /opt/hostedtoolcache/Python/3.11.16/x64
dependency-test	Install Dependencies	2026-08-23T17:48:44.7930618Z   LD_LIBRARY_PATH: /opt/hostedtoolcache/Python/3.11.16/x64/lib
dependency-test	Install Dependencies	2026-08-23T17:48:44.7931844Z ##[endgroup]
dependency-test	Install Dependencies	2026-08-23T17:48:47.0685972Z Requirement already satisfied: pip in /opt/hostedtoolcache/Python/3.11.16/x64/lib/python3.11/site-packages (26.2.1)
dependency-test	Install Dependencies	2026-08-23T17:48:47.7275645Z Collecting pytest (from -r requirements.txt (line 1))
dependency-test	Install Dependencies	2026-08-23T17:48:47.7758616Z   Downloading pytest-9.1.1-py3-none-any.whl.metadata (7.6 kB)
dependency-test	Install Dependencies	2026-08-23T17:48:47.7874739Z Collecting iniconfig>=1.0.1 (from pytest->-r requirements.txt (line 1))
dependency-test	Install Dependencies	2026-08-23T17:48:47.7922353Z   Downloading iniconfig-2.3.0-py3-none-any.whl.metadata (2.5 kB)
dependency-test	Install Dependencies	2026-08-23T17:48:47.8055255Z Collecting packaging>=22 (from pytest->-r requirements.txt (line 1))
dependency-test	Install Dependencies	2026-08-23T17:48:47.8092559Z   Downloading packaging-26.3-py3-none-any.whl.metadata (3.5 kB)
dependency-test	Install Dependencies	2026-08-23T17:48:47.8204373Z Collecting pluggy<2,>=1.5 (from pytest->-r requirements.txt (line 1))
dependency-test	Install Dependencies	2026-08-23T17:48:47.8241934Z   Downloading pluggy-1.6.0-py3-none-any.whl.metadata (4.8 kB)
dependency-test	Install Dependencies	2026-08-23T17:48:47.8403849Z Collecting pygments>=2.7.2 (from pytest->-r requirements.txt (line 1))
dependency-test	Install Dependencies	2026-08-23T17:48:47.8442032Z   Downloading pygments-2.21.0-py3-none-any.whl.metadata (2.5 kB)
dependency-test	Install Dependencies	2026-08-23T17:48:47.8521101Z Downloading pytest-9.1.1-py3-none-any.whl (386 kB)
dependency-test	Install Dependencies	2026-08-23T17:48:47.8751715Z Downloading pluggy-1.6.0-py3-none-any.whl (20 kB)
dependency-test	Install Dependencies	2026-08-23T17:48:47.8805266Z Downloading iniconfig-2.3.0-py3-none-any.whl (7.5 kB)
dependency-test	Install Dependencies	2026-08-23T17:48:47.8862170Z Downloading packaging-26.3-py3-none-any.whl (129 kB)
dependency-test	Install Dependencies	2026-08-23T17:48:47.8934780Z Downloading pygments-2.21.0-py3-none-any.whl (1.3 MB)
dependency-test	Install Dependencies	2026-08-23T17:48:47.9130217Z    ━━━━━━━━━━━━━━━━━━━━━━━━━━━━━━━━━━━━━━━━ 1.3/1.3 MB 73.2 MB/s  0:00:00
dependency-test	Install Dependencies	2026-08-23T17:48:47.9626972Z Installing collected packages: pygments, pluggy, packaging, iniconfig, pytest
dependency-test	Install Dependencies	2026-08-23T17:48:48.9294835Z 
dependency-test	Install Dependencies	2026-08-23T17:48:48.9304423Z Successfully installed iniconfig-2.3.0 packaging-26.3 pluggy-1.6.0 pygments-2.21.0 pytest-9.1.1
dependency-test	Check App Syntax	﻿2026-08-23T17:48:48.9851916Z ##[group]Run python -c "import app"
dependency-test	Check App Syntax	2026-08-23T17:48:48.9852290Z ^[[36;1mpython -c "import app"^[[0m
dependency-test	Check App Syntax	2026-08-23T17:48:48.9895456Z shell: /usr/bin/bash -e {0}
dependency-test	Check App Syntax	2026-08-23T17:48:48.9895752Z env:
dependency-test	Check App Syntax	2026-08-23T17:48:48.9896033Z   pythonLocation: /opt/hostedtoolcache/Python/3.11.16/x64
dependency-test	Check App Syntax	2026-08-23T17:48:48.9896481Z   PKG_CONFIG_PATH: /opt/hostedtoolcache/Python/3.11.16/x64/lib/pkgconfig
dependency-test	Check App Syntax	2026-08-23T17:48:48.9896906Z   Python_ROOT_DIR: /opt/hostedtoolcache/Python/3.11.16/x64
dependency-test	Check App Syntax	2026-08-23T17:48:48.9897290Z   Python2_ROOT_DIR: /opt/hostedtoolcache/Python/3.11.16/x64
dependency-test	Check App Syntax	2026-08-23T17:48:48.9897892Z   Python3_ROOT_DIR: /opt/hostedtoolcache/Python/3.11.16/x64
dependency-test	Check App Syntax	2026-08-23T17:48:48.9898279Z   LD_LIBRARY_PATH: /opt/hostedtoolcache/Python/3.11.16/x64/lib
dependency-test	Check App Syntax	2026-08-23T17:48:48.9898607Z ##[endgroup]
dependency-test	Check App Syntax	2026-08-23T17:48:49.0072731Z Traceback (most recent call last):
dependency-test	Check App Syntax	2026-08-23T17:48:49.0079744Z   File "<string>", line 1, in <module>
dependency-test	Check App Syntax	2026-08-23T17:48:49.0080738Z   File "/home/runner/work/dependency-error-repo/dependency-error-repo/app.py", line 4
dependency-test	Check App Syntax	2026-08-23T17:48:49.0081500Z     result = add(1, 2
dependency-test	Check App Syntax	2026-08-23T17:48:49.0081818Z                 ^
dependency-test	Check App Syntax	2026-08-23T17:48:49.0082182Z SyntaxError: '(' was never closed
dependency-test	Check App Syntax	2026-08-23T17:48:49.0111596Z ##[error]Process completed with exit code 1.
dependency-test	Post Checkout Repository	﻿2026-08-23T17:48:49.0248741Z Node 20 is being deprecated. This workflow is running with Node 24 by default. If you need to temporarily use Node 20, you can set the ACTIONS_ALLOW_USE_UNSECURE_NODE_VERSION=true environment variable. For more information see: https://github.blog/changelog/2025-09-19-deprecation-of-node-20-on-github-actions-runners/
dependency-test	Post Checkout Repository	2026-08-23T17:48:49.0249974Z Post job cleanup.
dependency-test	Post Checkout Repository	2026-08-23T17:48:49.1107612Z [command]/usr/bin/git version
dependency-test	Post Checkout Repository	2026-08-23T17:48:49.1185313Z git version 2.55.0
dependency-test	Post Checkout Repository	2026-08-23T17:48:49.1227125Z Temporarily overriding HOME='/home/runner/work/_temp/82ea60c5-3d36-4a70-8909-1ff8071615e7' before making global git config changes
dependency-test	Post Checkout Repository	2026-08-23T17:48:49.1228261Z Adding repository directory to the temporary git global config as a safe directory
dependency-test	Post Checkout Repository	2026-08-23T17:48:49.1233509Z [command]/usr/bin/git config --global --add safe.directory /home/runner/work/dependency-error-repo/dependency-error-repo
dependency-test	Post Checkout Repository	2026-08-23T17:48:49.1277008Z [command]/usr/bin/git config --local --name-only --get-regexp core\.sshCommand
dependency-test	Post Checkout Repository	2026-08-23T17:48:49.1314811Z [command]/usr/bin/git submodule foreach --recursive sh -c "git config --local --name-only --get-regexp 'core\.sshCommand' && git config --local --unset-all 'core.sshCommand' || :"
dependency-test	Post Checkout Repository	2026-08-23T17:48:49.1591450Z [command]/usr/bin/git config --local --name-only --get-regexp http\.https\:\/\/github\.com\/\.extraheader
dependency-test	Post Checkout Repository	2026-08-23T17:48:49.1619726Z http.https://github.com/.extraheader
dependency-test	Post Checkout Repository	2026-08-23T17:48:49.1632572Z [command]/usr/bin/git config --local --unset-all http.https://github.com/.extraheader
dependency-test	Post Checkout Repository	2026-08-23T17:48:49.1675325Z [command]/usr/bin/git submodule foreach --recursive sh -c "git config --local --name-only --get-regexp 'http\.https\:\/\/github\.com\/\.extraheader' && git config --local --unset-all 'http.https://github.com/.extraheader' || :"
dependency-test	Post Checkout Repository	2026-08-23T17:48:49.1946898Z [command]/usr/bin/git config --local --name-only --get-regexp ^includeIf\.gitdir:
dependency-test	Post Checkout Repository	2026-08-23T17:48:49.1986760Z [command]/usr/bin/git submodule foreach --recursive git config --local --show-origin --name-only --get-regexp remote.origin.url
dependency-test	Complete job	﻿2026-08-23T17:48:49.2404547Z Cleaning up orphan processes
dependency-test	Complete job	2026-08-23T17:48:49.2700101Z ##[warning]Node.js 20 is deprecated. The following actions target Node.js 20 but are being forced to run on Node.js 24: actions/checkout@v4, actions/setup-python@v5. For more information see: https://github.blog/changelog/2025-09-19-deprecation-of-node-20-on-github-actions-runners/