dependency-test	Set up job	﻿2026-08-27T12:55:01.4410653Z Current runner version: '2.336.0'
dependency-test	Set up job	2026-08-27T12:55:01.4436099Z ##[group]Runner Image Provisioner
dependency-test	Set up job	2026-08-27T12:55:01.4437083Z Hosted Compute Agent
dependency-test	Set up job	2026-08-27T12:55:01.4437748Z Version: 20260819.586
dependency-test	Set up job	2026-08-27T12:55:01.4438614Z Commit: 3cc4a88dfa507ef76119ad1bb3eccc6378bb2b76
dependency-test	Set up job	2026-08-27T12:55:01.4439388Z Build Date: 2026-08-18T23:20:18Z
dependency-test	Set up job	2026-08-27T12:55:01.4440147Z Worker ID: {a0e98c64-74ff-4d0b-9746-88ef9eccec81}
dependency-test	Set up job	2026-08-27T12:55:01.4440921Z Azure Region: westus2
dependency-test	Set up job	2026-08-27T12:55:01.4441609Z ##[endgroup]
dependency-test	Set up job	2026-08-27T12:55:01.4443156Z ##[group]Operating System
dependency-test	Set up job	2026-08-27T12:55:01.4443812Z Ubuntu
dependency-test	Set up job	2026-08-27T12:55:01.4444422Z 24.04.4
dependency-test	Set up job	2026-08-27T12:55:01.4445000Z LTS
dependency-test	Set up job	2026-08-27T12:55:01.4445544Z ##[endgroup]
dependency-test	Set up job	2026-08-27T12:55:01.4446112Z ##[group]Runner Image
dependency-test	Set up job	2026-08-27T12:55:01.4446709Z Image: ubuntu-24.04
dependency-test	Set up job	2026-08-27T12:55:01.4447312Z Version: 20260823.283.1
dependency-test	Set up job	2026-08-27T12:55:01.4448651Z Included Software: https://github.com/actions/runner-images/blob/ubuntu24/20260823.283/images/ubuntu/Ubuntu2404-Readme.md
dependency-test	Set up job	2026-08-27T12:55:01.4450519Z Image Release: https://github.com/actions/runner-images/releases/tag/ubuntu24%2F20260823.283
dependency-test	Set up job	2026-08-27T12:55:01.4451515Z ##[endgroup]
dependency-test	Set up job	2026-08-27T12:55:01.4452747Z ##[group]GITHUB_TOKEN Permissions
dependency-test	Set up job	2026-08-27T12:55:01.4454672Z Contents: read
dependency-test	Set up job	2026-08-27T12:55:01.4455388Z Metadata: read
dependency-test	Set up job	2026-08-27T12:55:01.4456314Z Packages: read
dependency-test	Set up job	2026-08-27T12:55:01.4456972Z ##[endgroup]
dependency-test	Set up job	2026-08-27T12:55:01.4459300Z Secret source: Actions
dependency-test	Set up job	2026-08-27T12:55:01.4460526Z Prepare workflow directory
dependency-test	Set up job	2026-08-27T12:55:01.4826447Z Prepare all required actions
dependency-test	Set up job	2026-08-27T12:55:01.4879711Z Getting action download info
dependency-test	Set up job	2026-08-27T12:55:01.8385211Z Download action repository 'actions/checkout@v4' (SHA:11d5960a326750d5838078e36cf38b85af677262)
dependency-test	Set up job	2026-08-27T12:55:01.9814446Z Download action repository 'actions/setup-python@v5' (SHA:a26af69be951a213d495a4c3e4e4022e16d87065)
dependency-test	Set up job	2026-08-27T12:55:02.2009345Z Complete job name: dependency-test
dependency-test	Checkout Repository	﻿2026-08-27T12:55:02.2763054Z Node 20 is being deprecated. This workflow is running with Node 24 by default. If you need to temporarily use Node 20, you can set the ACTIONS_ALLOW_USE_UNSECURE_NODE_VERSION=true environment variable. For more information see: https://github.blog/changelog/2025-09-19-deprecation-of-node-20-on-github-actions-runners/
dependency-test	Checkout Repository	2026-08-27T12:55:02.2772154Z ##[group]Run actions/checkout@v4
dependency-test	Checkout Repository	2026-08-27T12:55:02.2773009Z with:
dependency-test	Checkout Repository	2026-08-27T12:55:02.2773523Z   repository: DhruvHegde/dependency-error-repo
dependency-test	Checkout Repository	2026-08-27T12:55:02.2777322Z   token: ***
dependency-test	Checkout Repository	2026-08-27T12:55:02.2777751Z   ssh-strict: true
dependency-test	Checkout Repository	2026-08-27T12:55:02.2778375Z   ssh-user: git
dependency-test	Checkout Repository	2026-08-27T12:55:02.2778832Z   persist-credentials: true
dependency-test	Checkout Repository	2026-08-27T12:55:02.2779323Z   clean: true
dependency-test	Checkout Repository	2026-08-27T12:55:02.2779763Z   sparse-checkout-cone-mode: true
dependency-test	Checkout Repository	2026-08-27T12:55:02.2780286Z   fetch-depth: 1
dependency-test	Checkout Repository	2026-08-27T12:55:02.2780718Z   fetch-tags: false
dependency-test	Checkout Repository	2026-08-27T12:55:02.2781157Z   show-progress: true
dependency-test	Checkout Repository	2026-08-27T12:55:02.2781611Z   lfs: false
dependency-test	Checkout Repository	2026-08-27T12:55:02.2782020Z   submodules: false
dependency-test	Checkout Repository	2026-08-27T12:55:02.2782505Z   set-safe-directory: true
dependency-test	Checkout Repository	2026-08-27T12:55:02.2783005Z   allow-unsafe-pr-checkout: false
dependency-test	Checkout Repository	2026-08-27T12:55:02.2783795Z ##[endgroup]
dependency-test	Checkout Repository	2026-08-27T12:55:02.3810021Z Syncing repository: DhruvHegde/dependency-error-repo
dependency-test	Checkout Repository	2026-08-27T12:55:02.3812766Z ##[group]Getting Git version info
dependency-test	Checkout Repository	2026-08-27T12:55:02.3814161Z Working directory is '/home/runner/work/dependency-error-repo/dependency-error-repo'
dependency-test	Checkout Repository	2026-08-27T12:55:02.3816089Z [command]/usr/bin/git version
dependency-test	Checkout Repository	2026-08-27T12:55:02.3898746Z git version 2.55.0
dependency-test	Checkout Repository	2026-08-27T12:55:02.3926027Z ##[endgroup]
dependency-test	Checkout Repository	2026-08-27T12:55:02.3947299Z Temporarily overriding HOME='/home/runner/work/_temp/8903a05d-d629-4291-b922-94d029a1bb6b' before making global git config changes
dependency-test	Checkout Repository	2026-08-27T12:55:02.3949406Z Adding repository directory to the temporary git global config as a safe directory
dependency-test	Checkout Repository	2026-08-27T12:55:02.3951042Z [command]/usr/bin/git config --global --add safe.directory /home/runner/work/dependency-error-repo/dependency-error-repo
dependency-test	Checkout Repository	2026-08-27T12:55:02.4001968Z Deleting the contents of '/home/runner/work/dependency-error-repo/dependency-error-repo'
dependency-test	Checkout Repository	2026-08-27T12:55:02.4005519Z ##[group]Initializing the repository
dependency-test	Checkout Repository	2026-08-27T12:55:02.4011859Z [command]/usr/bin/git init /home/runner/work/dependency-error-repo/dependency-error-repo
dependency-test	Checkout Repository	2026-08-27T12:55:02.4116553Z hint: Using 'master' as the name for the initial branch. This default branch name
dependency-test	Checkout Repository	2026-08-27T12:55:02.4118994Z hint: will change to "main" in Git 3.0. To configure the initial branch name
dependency-test	Checkout Repository	2026-08-27T12:55:02.4126136Z hint: to use in all of your new repositories, which will suppress this warning,
dependency-test	Checkout Repository	2026-08-27T12:55:02.4127933Z hint: call:
dependency-test	Checkout Repository	2026-08-27T12:55:02.4129222Z hint:
dependency-test	Checkout Repository	2026-08-27T12:55:02.4130397Z hint: 	git config --global init.defaultBranch <name>
dependency-test	Checkout Repository	2026-08-27T12:55:02.4131806Z hint:
dependency-test	Checkout Repository	2026-08-27T12:55:02.4133074Z hint: Names commonly chosen instead of 'master' are 'main', 'trunk' and
dependency-test	Checkout Repository	2026-08-27T12:55:02.4135154Z hint: 'development'. The just-created branch can be renamed via this command:
dependency-test	Checkout Repository	2026-08-27T12:55:02.4137300Z hint:
dependency-test	Checkout Repository	2026-08-27T12:55:02.4138739Z hint: 	git branch -m <name>
dependency-test	Checkout Repository	2026-08-27T12:55:02.4140216Z hint:
dependency-test	Checkout Repository	2026-08-27T12:55:02.4141709Z hint: Disable this message with "git config set advice.defaultBranchName false"
dependency-test	Checkout Repository	2026-08-27T12:55:02.4144267Z Initialized empty Git repository in /home/runner/work/dependency-error-repo/dependency-error-repo/.git/
dependency-test	Checkout Repository	2026-08-27T12:55:02.4149151Z [command]/usr/bin/git remote add origin https://github.com/DhruvHegde/dependency-error-repo
dependency-test	Checkout Repository	2026-08-27T12:55:02.4202266Z ##[endgroup]
dependency-test	Checkout Repository	2026-08-27T12:55:02.4203669Z ##[group]Disabling automatic garbage collection
dependency-test	Checkout Repository	2026-08-27T12:55:02.4208840Z [command]/usr/bin/git config --local gc.auto 0
dependency-test	Checkout Repository	2026-08-27T12:55:02.4249285Z ##[endgroup]
dependency-test	Checkout Repository	2026-08-27T12:55:02.4250679Z ##[group]Setting up auth
dependency-test	Checkout Repository	2026-08-27T12:55:02.4257631Z [command]/usr/bin/git config --local --name-only --get-regexp core\.sshCommand
dependency-test	Checkout Repository	2026-08-27T12:55:02.4292221Z [command]/usr/bin/git submodule foreach --recursive sh -c "git config --local --name-only --get-regexp 'core\.sshCommand' && git config --local --unset-all 'core.sshCommand' || :"
dependency-test	Checkout Repository	2026-08-27T12:55:02.4697085Z [command]/usr/bin/git config --local --name-only --get-regexp http\.https\:\/\/github\.com\/\.extraheader
dependency-test	Checkout Repository	2026-08-27T12:55:02.4752821Z [command]/usr/bin/git submodule foreach --recursive sh -c "git config --local --name-only --get-regexp 'http\.https\:\/\/github\.com\/\.extraheader' && git config --local --unset-all 'http.https://github.com/.extraheader' || :"
dependency-test	Checkout Repository	2026-08-27T12:55:02.4970261Z [command]/usr/bin/git config --local --name-only --get-regexp ^includeIf\.gitdir:
dependency-test	Checkout Repository	2026-08-27T12:55:02.5012265Z [command]/usr/bin/git submodule foreach --recursive git config --local --show-origin --name-only --get-regexp remote.origin.url
dependency-test	Checkout Repository	2026-08-27T12:55:02.5265444Z [command]/usr/bin/git config --local http.https://github.com/.extraheader AUTHORIZATION: basic ***
dependency-test	Checkout Repository	2026-08-27T12:55:02.5309272Z ##[endgroup]
dependency-test	Checkout Repository	2026-08-27T12:55:02.5310860Z ##[group]Fetching the repository
dependency-test	Checkout Repository	2026-08-27T12:55:02.5320585Z [command]/usr/bin/git -c protocol.version=2 fetch --no-tags --prune --no-recurse-submodules --depth=1 origin +4699e5eaa79b0938685451e584c6c2b243b68caf:refs/remotes/origin/feature/syntax-errors
dependency-test	Checkout Repository	2026-08-27T12:55:02.9379913Z From https://github.com/DhruvHegde/dependency-error-repo
dependency-test	Checkout Repository	2026-08-27T12:55:02.9381176Z  * [new ref]         4699e5eaa79b0938685451e584c6c2b243b68caf -> origin/feature/syntax-errors
dependency-test	Checkout Repository	2026-08-27T12:55:02.9385922Z ##[endgroup]
dependency-test	Checkout Repository	2026-08-27T12:55:02.9387321Z ##[group]Determining the checkout info
dependency-test	Checkout Repository	2026-08-27T12:55:02.9388913Z ##[endgroup]
dependency-test	Checkout Repository	2026-08-27T12:55:02.9394767Z [command]/usr/bin/git sparse-checkout disable
dependency-test	Checkout Repository	2026-08-27T12:55:02.9448771Z [command]/usr/bin/git config --local --unset-all extensions.worktreeConfig
dependency-test	Checkout Repository	2026-08-27T12:55:02.9482326Z ##[group]Checking out the ref
dependency-test	Checkout Repository	2026-08-27T12:55:02.9487285Z [command]/usr/bin/git checkout --progress --force -B feature/syntax-errors refs/remotes/origin/feature/syntax-errors
dependency-test	Checkout Repository	2026-08-27T12:55:02.9673105Z Switched to a new branch 'feature/syntax-errors'
dependency-test	Checkout Repository	2026-08-27T12:55:02.9678698Z branch 'feature/syntax-errors' set up to track 'origin/feature/syntax-errors'.
dependency-test	Checkout Repository	2026-08-27T12:55:02.9685111Z ##[endgroup]
dependency-test	Checkout Repository	2026-08-27T12:55:02.9728562Z [command]/usr/bin/git log -1 --format=%H
dependency-test	Checkout Repository	2026-08-27T12:55:02.9755486Z 4699e5eaa79b0938685451e584c6c2b243b68caf
dependency-test	Setup Python	﻿2026-08-27T12:55:03.0042194Z Node 20 is being deprecated. This workflow is running with Node 24 by default. If you need to temporarily use Node 20, you can set the ACTIONS_ALLOW_USE_UNSECURE_NODE_VERSION=true environment variable. For more information see: https://github.blog/changelog/2025-09-19-deprecation-of-node-20-on-github-actions-runners/
dependency-test	Setup Python	2026-08-27T12:55:03.0044962Z ##[group]Run actions/setup-python@v5
dependency-test	Setup Python	2026-08-27T12:55:03.0045562Z with:
dependency-test	Setup Python	2026-08-27T12:55:03.0046006Z   python-version: 3.11
dependency-test	Setup Python	2026-08-27T12:55:03.0046513Z   check-latest: false
dependency-test	Setup Python	2026-08-27T12:55:03.0050305Z   token: ***
dependency-test	Setup Python	2026-08-27T12:55:03.0050758Z   update-environment: true
dependency-test	Setup Python	2026-08-27T12:55:03.0051263Z   allow-prereleases: false
dependency-test	Setup Python	2026-08-27T12:55:03.0051739Z   freethreaded: false
dependency-test	Setup Python	2026-08-27T12:55:03.0052176Z ##[endgroup]
dependency-test	Setup Python	2026-08-27T12:55:03.1400816Z ##[group]Installed versions
dependency-test	Setup Python	2026-08-27T12:55:03.1490004Z (node:2230) [DEP0040] DeprecationWarning: The `punycode` module is deprecated. Please use a userland alternative instead.
dependency-test	Setup Python	2026-08-27T12:55:03.1492320Z (Use `node --trace-deprecation ...` to show where the warning was created)
dependency-test	Setup Python	2026-08-27T12:55:03.1493776Z Successfully set up CPython (3.11.16)
dependency-test	Setup Python	2026-08-27T12:55:03.1495136Z ##[endgroup]
dependency-test	Install Dependencies	﻿2026-08-27T12:55:03.1671609Z ##[group]Run python -m pip install --upgrade pip
dependency-test	Install Dependencies	2026-08-27T12:55:03.1672484Z ^[[36;1mpython -m pip install --upgrade pip^[[0m
dependency-test	Install Dependencies	2026-08-27T12:55:03.1673127Z ^[[36;1mpip install -r requirements.txt^[[0m
dependency-test	Install Dependencies	2026-08-27T12:55:03.1727546Z shell: /usr/bin/bash -e {0}
dependency-test	Install Dependencies	2026-08-27T12:55:03.1728682Z env:
dependency-test	Install Dependencies	2026-08-27T12:55:03.1729580Z   pythonLocation: /opt/hostedtoolcache/Python/3.11.16/x64
dependency-test	Install Dependencies	2026-08-27T12:55:03.1730946Z   PKG_CONFIG_PATH: /opt/hostedtoolcache/Python/3.11.16/x64/lib/pkgconfig
dependency-test	Install Dependencies	2026-08-27T12:55:03.1731808Z   Python_ROOT_DIR: /opt/hostedtoolcache/Python/3.11.16/x64
dependency-test	Install Dependencies	2026-08-27T12:55:03.1733154Z   Python2_ROOT_DIR: /opt/hostedtoolcache/Python/3.11.16/x64
dependency-test	Install Dependencies	2026-08-27T12:55:03.1734239Z   Python3_ROOT_DIR: /opt/hostedtoolcache/Python/3.11.16/x64
dependency-test	Install Dependencies	2026-08-27T12:55:03.1735371Z   LD_LIBRARY_PATH: /opt/hostedtoolcache/Python/3.11.16/x64/lib
dependency-test	Install Dependencies	2026-08-27T12:55:03.1736352Z ##[endgroup]
dependency-test	Install Dependencies	2026-08-27T12:55:05.6296990Z Requirement already satisfied: pip in /opt/hostedtoolcache/Python/3.11.16/x64/lib/python3.11/site-packages (26.2.1)
dependency-test	Install Dependencies	2026-08-27T12:55:06.7940620Z Collecting pytest (from -r requirements.txt (line 1))
dependency-test	Install Dependencies	2026-08-27T12:55:06.8593061Z   Downloading pytest-9.1.1-py3-none-any.whl.metadata (7.6 kB)
dependency-test	Install Dependencies	2026-08-27T12:55:06.8765888Z Collecting iniconfig>=1.0.1 (from pytest->-r requirements.txt (line 1))
dependency-test	Install Dependencies	2026-08-27T12:55:06.8840969Z   Downloading iniconfig-2.3.0-py3-none-any.whl.metadata (2.5 kB)
dependency-test	Install Dependencies	2026-08-27T12:55:06.9029393Z Collecting packaging>=22 (from pytest->-r requirements.txt (line 1))
dependency-test	Install Dependencies	2026-08-27T12:55:06.9104350Z   Downloading packaging-26.3-py3-none-any.whl.metadata (3.5 kB)
dependency-test	Install Dependencies	2026-08-27T12:55:06.9274759Z Collecting pluggy<2,>=1.5 (from pytest->-r requirements.txt (line 1))
dependency-test	Install Dependencies	2026-08-27T12:55:06.9347983Z   Downloading pluggy-1.6.0-py3-none-any.whl.metadata (4.8 kB)
dependency-test	Install Dependencies	2026-08-27T12:55:06.9582191Z Collecting pygments>=2.7.2 (from pytest->-r requirements.txt (line 1))
dependency-test	Install Dependencies	2026-08-27T12:55:06.9656677Z   Downloading pygments-2.21.0-py3-none-any.whl.metadata (2.5 kB)
dependency-test	Install Dependencies	2026-08-27T12:55:06.9779731Z Downloading pytest-9.1.1-py3-none-any.whl (386 kB)
dependency-test	Install Dependencies	2026-08-27T12:55:07.0203193Z Downloading pluggy-1.6.0-py3-none-any.whl (20 kB)
dependency-test	Install Dependencies	2026-08-27T12:55:07.0339319Z Downloading iniconfig-2.3.0-py3-none-any.whl (7.5 kB)
dependency-test	Install Dependencies	2026-08-27T12:55:07.0429645Z Downloading packaging-26.3-py3-none-any.whl (129 kB)
dependency-test	Install Dependencies	2026-08-27T12:55:07.0576172Z Downloading pygments-2.21.0-py3-none-any.whl (1.3 MB)
dependency-test	Install Dependencies	2026-08-27T12:55:07.1151089Z    ━━━━━━━━━━━━━━━━━━━━━━━━━━━━━━━━━━━━━━━━ 1.3/1.3 MB 23.0 MB/s  0:00:00
dependency-test	Install Dependencies	2026-08-27T12:55:07.1631889Z Installing collected packages: pygments, pluggy, packaging, iniconfig, pytest
dependency-test	Install Dependencies	2026-08-27T12:55:08.1304521Z 
dependency-test	Install Dependencies	2026-08-27T12:55:08.1316823Z Successfully installed iniconfig-2.3.0 packaging-26.3 pluggy-1.6.0 pygments-2.21.0 pytest-9.1.1
dependency-test	Check App Syntax	﻿2026-08-27T12:55:08.1824638Z ##[group]Run python -c "import app"
dependency-test	Check App Syntax	2026-08-27T12:55:08.1825210Z ^[[36;1mpython -c "import app"^[[0m
dependency-test	Check App Syntax	2026-08-27T12:55:08.1864668Z shell: /usr/bin/bash -e {0}
dependency-test	Check App Syntax	2026-08-27T12:55:08.1865000Z env:
dependency-test	Check App Syntax	2026-08-27T12:55:08.1865336Z   pythonLocation: /opt/hostedtoolcache/Python/3.11.16/x64
dependency-test	Check App Syntax	2026-08-27T12:55:08.1865844Z   PKG_CONFIG_PATH: /opt/hostedtoolcache/Python/3.11.16/x64/lib/pkgconfig
dependency-test	Check App Syntax	2026-08-27T12:55:08.1866353Z   Python_ROOT_DIR: /opt/hostedtoolcache/Python/3.11.16/x64
dependency-test	Check App Syntax	2026-08-27T12:55:08.1866813Z   Python2_ROOT_DIR: /opt/hostedtoolcache/Python/3.11.16/x64
dependency-test	Check App Syntax	2026-08-27T12:55:08.1867253Z   Python3_ROOT_DIR: /opt/hostedtoolcache/Python/3.11.16/x64
dependency-test	Check App Syntax	2026-08-27T12:55:08.1867713Z   LD_LIBRARY_PATH: /opt/hostedtoolcache/Python/3.11.16/x64/lib
dependency-test	Check App Syntax	2026-08-27T12:55:08.1868100Z ##[endgroup]
dependency-test	Check App Syntax	2026-08-27T12:55:08.2026887Z Traceback (most recent call last):
dependency-test	Check App Syntax	2026-08-27T12:55:08.2033271Z   File "<string>", line 1, in <module>
dependency-test	Check App Syntax	2026-08-27T12:55:08.2034178Z   File "/home/runner/work/dependency-error-repo/dependency-error-repo/app.py", line 3
dependency-test	Check App Syntax	2026-08-27T12:55:08.2034872Z     y = b
dependency-test	Check App Syntax	2026-08-27T12:55:08.2035301Z TabError: inconsistent use of tabs and spaces in indentation
dependency-test	Check App Syntax	2026-08-27T12:55:08.2060958Z ##[error]Process completed with exit code 1.
dependency-test	Post Checkout Repository	﻿2026-08-27T12:55:08.2211720Z Node 20 is being deprecated. This workflow is running with Node 24 by default. If you need to temporarily use Node 20, you can set the ACTIONS_ALLOW_USE_UNSECURE_NODE_VERSION=true environment variable. For more information see: https://github.blog/changelog/2025-09-19-deprecation-of-node-20-on-github-actions-runners/
dependency-test	Post Checkout Repository	2026-08-27T12:55:08.2213025Z Post job cleanup.
dependency-test	Post Checkout Repository	2026-08-27T12:55:08.3038847Z [command]/usr/bin/git version
dependency-test	Post Checkout Repository	2026-08-27T12:55:08.3084930Z git version 2.55.0
dependency-test	Post Checkout Repository	2026-08-27T12:55:08.3126876Z Temporarily overriding HOME='/home/runner/work/_temp/3654a792-2d0f-407f-9da4-496a6d266d5b' before making global git config changes
dependency-test	Post Checkout Repository	2026-08-27T12:55:08.3128581Z Adding repository directory to the temporary git global config as a safe directory
dependency-test	Post Checkout Repository	2026-08-27T12:55:08.3133813Z [command]/usr/bin/git config --global --add safe.directory /home/runner/work/dependency-error-repo/dependency-error-repo
dependency-test	Post Checkout Repository	2026-08-27T12:55:08.3175160Z [command]/usr/bin/git config --local --name-only --get-regexp core\.sshCommand
dependency-test	Post Checkout Repository	2026-08-27T12:55:08.3216226Z [command]/usr/bin/git submodule foreach --recursive sh -c "git config --local --name-only --get-regexp 'core\.sshCommand' && git config --local --unset-all 'core.sshCommand' || :"
dependency-test	Post Checkout Repository	2026-08-27T12:55:08.3500302Z [command]/usr/bin/git config --local --name-only --get-regexp http\.https\:\/\/github\.com\/\.extraheader
dependency-test	Post Checkout Repository	2026-08-27T12:55:08.3537496Z http.https://github.com/.extraheader
dependency-test	Post Checkout Repository	2026-08-27T12:55:08.3552239Z [command]/usr/bin/git config --local --unset-all http.https://github.com/.extraheader
dependency-test	Post Checkout Repository	2026-08-27T12:55:08.3592807Z [command]/usr/bin/git submodule foreach --recursive sh -c "git config --local --name-only --get-regexp 'http\.https\:\/\/github\.com\/\.extraheader' && git config --local --unset-all 'http.https://github.com/.extraheader' || :"
dependency-test	Post Checkout Repository	2026-08-27T12:55:08.3847843Z [command]/usr/bin/git config --local --name-only --get-regexp ^includeIf\.gitdir:
dependency-test	Post Checkout Repository	2026-08-27T12:55:08.3902452Z [command]/usr/bin/git submodule foreach --recursive git config --local --show-origin --name-only --get-regexp remote.origin.url
dependency-test	Complete job	﻿2026-08-27T12:55:08.4287687Z Cleaning up orphan processes
dependency-test	Complete job	2026-08-27T12:55:08.4577018Z ##[warning]Node.js 20 is deprecated. The following actions target Node.js 20 but are being forced to run on Node.js 24: actions/checkout@v4, actions/setup-python@v5. For more information see: https://github.blog/changelog/2025-09-19-deprecation-of-node-20-on-github-actions-runners/