dependency-test	Set up job	﻿2026-08-23T17:26:10.7369054Z Current runner version: '2.336.0'
dependency-test	Set up job	2026-08-23T17:26:10.7392125Z ##[group]Runner Image Provisioner
dependency-test	Set up job	2026-08-23T17:26:10.7393052Z Hosted Compute Agent
dependency-test	Set up job	2026-08-23T17:26:10.7393596Z Version: 20260729.566
dependency-test	Set up job	2026-08-23T17:26:10.7394202Z Commit: cf7153fe6e25b664e8693c24944bf2b00355d109
dependency-test	Set up job	2026-08-23T17:26:10.7394868Z Build Date: 2026-07-29T19:17:02Z
dependency-test	Set up job	2026-08-23T17:26:10.7395540Z Worker ID: {49320fd7-9500-4dc9-bdae-94765b7e87d3}
dependency-test	Set up job	2026-08-23T17:26:10.7396238Z Azure Region: westus3
dependency-test	Set up job	2026-08-23T17:26:10.7396759Z ##[endgroup]
dependency-test	Set up job	2026-08-23T17:26:10.7397993Z ##[group]Operating System
dependency-test	Set up job	2026-08-23T17:26:10.7398613Z Ubuntu
dependency-test	Set up job	2026-08-23T17:26:10.7399077Z 24.04.4
dependency-test	Set up job	2026-08-23T17:26:10.7399568Z LTS
dependency-test	Set up job	2026-08-23T17:26:10.7400045Z ##[endgroup]
dependency-test	Set up job	2026-08-23T17:26:10.7400563Z ##[group]Runner Image
dependency-test	Set up job	2026-08-23T17:26:10.7401136Z Image: ubuntu-24.04
dependency-test	Set up job	2026-08-23T17:26:10.7402126Z Version: 20260816.277.1
dependency-test	Set up job	2026-08-23T17:26:10.7403173Z Included Software: https://github.com/actions/runner-images/blob/ubuntu24/20260816.277/images/ubuntu/Ubuntu2404-Readme.md
dependency-test	Set up job	2026-08-23T17:26:10.7404786Z Image Release: https://github.com/actions/runner-images/releases/tag/ubuntu24%2F20260816.277
dependency-test	Set up job	2026-08-23T17:26:10.7405690Z ##[endgroup]
dependency-test	Set up job	2026-08-23T17:26:10.7406786Z ##[group]GITHUB_TOKEN Permissions
dependency-test	Set up job	2026-08-23T17:26:10.7408693Z Contents: read
dependency-test	Set up job	2026-08-23T17:26:10.7409219Z Metadata: read
dependency-test	Set up job	2026-08-23T17:26:10.7410139Z Packages: read
dependency-test	Set up job	2026-08-23T17:26:10.7410789Z ##[endgroup]
dependency-test	Set up job	2026-08-23T17:26:10.7412984Z Secret source: Actions
dependency-test	Set up job	2026-08-23T17:26:10.7413942Z Prepare workflow directory
dependency-test	Set up job	2026-08-23T17:26:10.7699977Z Prepare all required actions
dependency-test	Set up job	2026-08-23T17:26:10.7749745Z Getting action download info
dependency-test	Set up job	2026-08-23T17:26:11.0507439Z Download action repository 'actions/checkout@v4' (SHA:11d5960a326750d5838078e36cf38b85af677262)
dependency-test	Set up job	2026-08-23T17:26:11.3033461Z Download action repository 'actions/setup-python@v5' (SHA:a26af69be951a213d495a4c3e4e4022e16d87065)
dependency-test	Set up job	2026-08-23T17:26:11.5394357Z Complete job name: dependency-test
dependency-test	Checkout Repository	﻿2026-08-23T17:26:11.6003748Z Node 20 is being deprecated. This workflow is running with Node 24 by default. If you need to temporarily use Node 20, you can set the ACTIONS_ALLOW_USE_UNSECURE_NODE_VERSION=true environment variable. For more information see: https://github.blog/changelog/2025-09-19-deprecation-of-node-20-on-github-actions-runners/
dependency-test	Checkout Repository	2026-08-23T17:26:11.6011932Z ##[group]Run actions/checkout@v4
dependency-test	Checkout Repository	2026-08-23T17:26:11.6012662Z with:
dependency-test	Checkout Repository	2026-08-23T17:26:11.6013132Z   repository: DhruvHegde/dependency-error-repo
dependency-test	Checkout Repository	2026-08-23T17:26:11.6016629Z   token: ***
dependency-test	Checkout Repository	2026-08-23T17:26:11.6017065Z   ssh-strict: true
dependency-test	Checkout Repository	2026-08-23T17:26:11.6017526Z   ssh-user: git
dependency-test	Checkout Repository	2026-08-23T17:26:11.6018029Z   persist-credentials: true
dependency-test	Checkout Repository	2026-08-23T17:26:11.6018519Z   clean: true
dependency-test	Checkout Repository	2026-08-23T17:26:11.6018995Z   sparse-checkout-cone-mode: true
dependency-test	Checkout Repository	2026-08-23T17:26:11.6019504Z   fetch-depth: 1
dependency-test	Checkout Repository	2026-08-23T17:26:11.6019945Z   fetch-tags: false
dependency-test	Checkout Repository	2026-08-23T17:26:11.6020527Z   show-progress: true
dependency-test	Checkout Repository	2026-08-23T17:26:11.6021077Z   lfs: false
dependency-test	Checkout Repository	2026-08-23T17:26:11.6021611Z   submodules: false
dependency-test	Checkout Repository	2026-08-23T17:26:11.6022212Z   set-safe-directory: true
dependency-test	Checkout Repository	2026-08-23T17:26:11.6022736Z   allow-unsafe-pr-checkout: false
dependency-test	Checkout Repository	2026-08-23T17:26:11.6023441Z ##[endgroup]
dependency-test	Checkout Repository	2026-08-23T17:26:11.6967388Z Syncing repository: DhruvHegde/dependency-error-repo
dependency-test	Checkout Repository	2026-08-23T17:26:11.6970219Z ##[group]Getting Git version info
dependency-test	Checkout Repository	2026-08-23T17:26:11.6971738Z Working directory is '/home/runner/work/dependency-error-repo/dependency-error-repo'
dependency-test	Checkout Repository	2026-08-23T17:26:11.6973379Z [command]/usr/bin/git version
dependency-test	Checkout Repository	2026-08-23T17:26:11.7543782Z git version 2.55.0
dependency-test	Checkout Repository	2026-08-23T17:26:11.7594769Z ##[endgroup]
dependency-test	Checkout Repository	2026-08-23T17:26:11.7609560Z Temporarily overriding HOME='/home/runner/work/_temp/7260c982-3472-43bd-9d03-dbb140622035' before making global git config changes
dependency-test	Checkout Repository	2026-08-23T17:26:11.7611796Z Adding repository directory to the temporary git global config as a safe directory
dependency-test	Checkout Repository	2026-08-23T17:26:11.7616113Z [command]/usr/bin/git config --global --add safe.directory /home/runner/work/dependency-error-repo/dependency-error-repo
dependency-test	Checkout Repository	2026-08-23T17:26:11.7663902Z Deleting the contents of '/home/runner/work/dependency-error-repo/dependency-error-repo'
dependency-test	Checkout Repository	2026-08-23T17:26:11.7668512Z ##[group]Initializing the repository
dependency-test	Checkout Repository	2026-08-23T17:26:11.7674151Z [command]/usr/bin/git init /home/runner/work/dependency-error-repo/dependency-error-repo
dependency-test	Checkout Repository	2026-08-23T17:26:11.7956627Z hint: Using 'master' as the name for the initial branch. This default branch name
dependency-test	Checkout Repository	2026-08-23T17:26:11.7958449Z hint: will change to "main" in Git 3.0. To configure the initial branch name
dependency-test	Checkout Repository	2026-08-23T17:26:11.7959820Z hint: to use in all of your new repositories, which will suppress this warning,
dependency-test	Checkout Repository	2026-08-23T17:26:11.7960550Z hint: call:
dependency-test	Checkout Repository	2026-08-23T17:26:11.7961010Z hint:
dependency-test	Checkout Repository	2026-08-23T17:26:11.7961687Z hint: 	git config --global init.defaultBranch <name>
dependency-test	Checkout Repository	2026-08-23T17:26:11.7962386Z hint:
dependency-test	Checkout Repository	2026-08-23T17:26:11.7962937Z hint: Names commonly chosen instead of 'master' are 'main', 'trunk' and
dependency-test	Checkout Repository	2026-08-23T17:26:11.7963773Z hint: 'development'. The just-created branch can be renamed via this command:
dependency-test	Checkout Repository	2026-08-23T17:26:11.7964509Z hint:
dependency-test	Checkout Repository	2026-08-23T17:26:11.7964931Z hint: 	git branch -m <name>
dependency-test	Checkout Repository	2026-08-23T17:26:11.7965427Z hint:
dependency-test	Checkout Repository	2026-08-23T17:26:11.7966010Z hint: Disable this message with "git config set advice.defaultBranchName false"
dependency-test	Checkout Repository	2026-08-23T17:26:11.7984597Z Initialized empty Git repository in /home/runner/work/dependency-error-repo/dependency-error-repo/.git/
dependency-test	Checkout Repository	2026-08-23T17:26:11.7994620Z [command]/usr/bin/git remote add origin https://github.com/DhruvHegde/dependency-error-repo
dependency-test	Checkout Repository	2026-08-23T17:26:11.8035560Z ##[endgroup]
dependency-test	Checkout Repository	2026-08-23T17:26:11.8036919Z ##[group]Disabling automatic garbage collection
dependency-test	Checkout Repository	2026-08-23T17:26:11.8039702Z [command]/usr/bin/git config --local gc.auto 0
dependency-test	Checkout Repository	2026-08-23T17:26:11.8067393Z ##[endgroup]
dependency-test	Checkout Repository	2026-08-23T17:26:11.8068791Z ##[group]Setting up auth
dependency-test	Checkout Repository	2026-08-23T17:26:11.8073793Z [command]/usr/bin/git config --local --name-only --get-regexp core\.sshCommand
dependency-test	Checkout Repository	2026-08-23T17:26:11.8101892Z [command]/usr/bin/git submodule foreach --recursive sh -c "git config --local --name-only --get-regexp 'core\.sshCommand' && git config --local --unset-all 'core.sshCommand' || :"
dependency-test	Checkout Repository	2026-08-23T17:26:11.8571991Z [command]/usr/bin/git config --local --name-only --get-regexp http\.https\:\/\/github\.com\/\.extraheader
dependency-test	Checkout Repository	2026-08-23T17:26:11.8599046Z [command]/usr/bin/git submodule foreach --recursive sh -c "git config --local --name-only --get-regexp 'http\.https\:\/\/github\.com\/\.extraheader' && git config --local --unset-all 'http.https://github.com/.extraheader' || :"
dependency-test	Checkout Repository	2026-08-23T17:26:11.8773090Z [command]/usr/bin/git config --local --name-only --get-regexp ^includeIf\.gitdir:
dependency-test	Checkout Repository	2026-08-23T17:26:11.8803272Z [command]/usr/bin/git submodule foreach --recursive git config --local --show-origin --name-only --get-regexp remote.origin.url
dependency-test	Checkout Repository	2026-08-23T17:26:11.8980354Z [command]/usr/bin/git config --local http.https://github.com/.extraheader AUTHORIZATION: basic ***
dependency-test	Checkout Repository	2026-08-23T17:26:11.9009119Z ##[endgroup]
dependency-test	Checkout Repository	2026-08-23T17:26:11.9009911Z ##[group]Fetching the repository
dependency-test	Checkout Repository	2026-08-23T17:26:11.9017259Z [command]/usr/bin/git -c protocol.version=2 fetch --no-tags --prune --no-recurse-submodules --depth=1 origin +1d8037db4f5f4a24c472a393d597bf2a0b540943:refs/remotes/origin/feature/syntax-errors
dependency-test	Checkout Repository	2026-08-23T17:26:12.5921715Z From https://github.com/DhruvHegde/dependency-error-repo
dependency-test	Checkout Repository	2026-08-23T17:26:12.5924313Z  * [new ref]         1d8037db4f5f4a24c472a393d597bf2a0b540943 -> origin/feature/syntax-errors
dependency-test	Checkout Repository	2026-08-23T17:26:12.5929676Z ##[endgroup]
dependency-test	Checkout Repository	2026-08-23T17:26:12.5931964Z ##[group]Determining the checkout info
dependency-test	Checkout Repository	2026-08-23T17:26:12.5934766Z ##[endgroup]
dependency-test	Checkout Repository	2026-08-23T17:26:12.5936449Z [command]/usr/bin/git sparse-checkout disable
dependency-test	Checkout Repository	2026-08-23T17:26:12.6083580Z [command]/usr/bin/git config --local --unset-all extensions.worktreeConfig
dependency-test	Checkout Repository	2026-08-23T17:26:12.6109182Z ##[group]Checking out the ref
dependency-test	Checkout Repository	2026-08-23T17:26:12.6113096Z [command]/usr/bin/git checkout --progress --force -B feature/syntax-errors refs/remotes/origin/feature/syntax-errors
dependency-test	Checkout Repository	2026-08-23T17:26:12.6555714Z Switched to a new branch 'feature/syntax-errors'
dependency-test	Checkout Repository	2026-08-23T17:26:12.6558675Z branch 'feature/syntax-errors' set up to track 'origin/feature/syntax-errors'.
dependency-test	Checkout Repository	2026-08-23T17:26:12.6565082Z ##[endgroup]
dependency-test	Checkout Repository	2026-08-23T17:26:12.6599845Z [command]/usr/bin/git log -1 --format=%H
dependency-test	Checkout Repository	2026-08-23T17:26:12.6621638Z 1d8037db4f5f4a24c472a393d597bf2a0b540943
dependency-test	Setup Python	﻿2026-08-23T17:26:12.6978887Z Node 20 is being deprecated. This workflow is running with Node 24 by default. If you need to temporarily use Node 20, you can set the ACTIONS_ALLOW_USE_UNSECURE_NODE_VERSION=true environment variable. For more information see: https://github.blog/changelog/2025-09-19-deprecation-of-node-20-on-github-actions-runners/
dependency-test	Setup Python	2026-08-23T17:26:12.6984744Z ##[group]Run actions/setup-python@v5
dependency-test	Setup Python	2026-08-23T17:26:12.6986018Z with:
dependency-test	Setup Python	2026-08-23T17:26:12.6986975Z   python-version: 3.11
dependency-test	Setup Python	2026-08-23T17:26:12.6988100Z   check-latest: false
dependency-test	Setup Python	2026-08-23T17:26:12.6997644Z   token: ***
dependency-test	Setup Python	2026-08-23T17:26:12.6998699Z   update-environment: true
dependency-test	Setup Python	2026-08-23T17:26:12.6999891Z   allow-prereleases: false
dependency-test	Setup Python	2026-08-23T17:26:12.7001033Z   freethreaded: false
dependency-test	Setup Python	2026-08-23T17:26:12.7002199Z ##[endgroup]
dependency-test	Setup Python	2026-08-23T17:26:12.8201998Z ##[group]Installed versions
dependency-test	Setup Python	2026-08-23T17:26:12.8282311Z (node:2085) [DEP0040] DeprecationWarning: The `punycode` module is deprecated. Please use a userland alternative instead.
dependency-test	Setup Python	2026-08-23T17:26:12.8285837Z (Use `node --trace-deprecation ...` to show where the warning was created)
dependency-test	Setup Python	2026-08-23T17:26:12.8287790Z Successfully set up CPython (3.11.16)
dependency-test	Setup Python	2026-08-23T17:26:12.8289790Z ##[endgroup]
dependency-test	Install Dependencies	﻿2026-08-23T17:26:12.8475690Z ##[group]Run python -m pip install --upgrade pip
dependency-test	Install Dependencies	2026-08-23T17:26:12.8477645Z ^[[36;1mpython -m pip install --upgrade pip^[[0m
dependency-test	Install Dependencies	2026-08-23T17:26:12.8479445Z ^[[36;1mpip install -r requirements.txt^[[0m
dependency-test	Install Dependencies	2026-08-23T17:26:12.8519589Z shell: /usr/bin/bash -e {0}
dependency-test	Install Dependencies	2026-08-23T17:26:12.8520808Z env:
dependency-test	Install Dependencies	2026-08-23T17:26:12.8522356Z   pythonLocation: /opt/hostedtoolcache/Python/3.11.16/x64
dependency-test	Install Dependencies	2026-08-23T17:26:12.8524387Z   PKG_CONFIG_PATH: /opt/hostedtoolcache/Python/3.11.16/x64/lib/pkgconfig
dependency-test	Install Dependencies	2026-08-23T17:26:12.8526249Z   Python_ROOT_DIR: /opt/hostedtoolcache/Python/3.11.16/x64
dependency-test	Install Dependencies	2026-08-23T17:26:12.8527948Z   Python2_ROOT_DIR: /opt/hostedtoolcache/Python/3.11.16/x64
dependency-test	Install Dependencies	2026-08-23T17:26:12.8530441Z   Python3_ROOT_DIR: /opt/hostedtoolcache/Python/3.11.16/x64
dependency-test	Install Dependencies	2026-08-23T17:26:12.8532994Z   LD_LIBRARY_PATH: /opt/hostedtoolcache/Python/3.11.16/x64/lib
dependency-test	Install Dependencies	2026-08-23T17:26:12.8535147Z ##[endgroup]
dependency-test	Install Dependencies	2026-08-23T17:26:14.4209155Z Requirement already satisfied: pip in /opt/hostedtoolcache/Python/3.11.16/x64/lib/python3.11/site-packages (26.2.1)
dependency-test	Install Dependencies	2026-08-23T17:26:15.3078941Z Collecting pytest (from -r requirements.txt (line 1))
dependency-test	Install Dependencies	2026-08-23T17:26:15.3934276Z   Downloading pytest-9.1.1-py3-none-any.whl.metadata (7.6 kB)
dependency-test	Install Dependencies	2026-08-23T17:26:15.4260050Z Collecting iniconfig>=1.0.1 (from pytest->-r requirements.txt (line 1))
dependency-test	Install Dependencies	2026-08-23T17:26:15.4364218Z   Downloading iniconfig-2.3.0-py3-none-any.whl.metadata (2.5 kB)
dependency-test	Install Dependencies	2026-08-23T17:26:15.5292772Z Collecting packaging>=22 (from pytest->-r requirements.txt (line 1))
dependency-test	Install Dependencies	2026-08-23T17:26:15.5402651Z   Downloading packaging-26.3-py3-none-any.whl.metadata (3.5 kB)
dependency-test	Install Dependencies	2026-08-23T17:26:15.5741900Z Collecting pluggy<2,>=1.5 (from pytest->-r requirements.txt (line 1))
dependency-test	Install Dependencies	2026-08-23T17:26:15.5847019Z   Downloading pluggy-1.6.0-py3-none-any.whl.metadata (4.8 kB)
dependency-test	Install Dependencies	2026-08-23T17:26:15.6610206Z Collecting pygments>=2.7.2 (from pytest->-r requirements.txt (line 1))
dependency-test	Install Dependencies	2026-08-23T17:26:15.6715274Z   Downloading pygments-2.21.0-py3-none-any.whl.metadata (2.5 kB)
dependency-test	Install Dependencies	2026-08-23T17:26:15.7144106Z Downloading pytest-9.1.1-py3-none-any.whl (386 kB)
dependency-test	Install Dependencies	2026-08-23T17:26:15.7923820Z Downloading pluggy-1.6.0-py3-none-any.whl (20 kB)
dependency-test	Install Dependencies	2026-08-23T17:26:15.8047106Z Downloading iniconfig-2.3.0-py3-none-any.whl (7.5 kB)
dependency-test	Install Dependencies	2026-08-23T17:26:15.8176046Z Downloading packaging-26.3-py3-none-any.whl (129 kB)
dependency-test	Install Dependencies	2026-08-23T17:26:15.8327075Z Downloading pygments-2.21.0-py3-none-any.whl (1.3 MB)
dependency-test	Install Dependencies	2026-08-23T17:26:15.8698987Z    ━━━━━━━━━━━━━━━━━━━━━━━━━━━━━━━━━━━━━━━━ 1.3/1.3 MB 37.8 MB/s  0:00:00
dependency-test	Install Dependencies	2026-08-23T17:26:15.9131800Z Installing collected packages: pygments, pluggy, packaging, iniconfig, pytest
dependency-test	Install Dependencies	2026-08-23T17:26:16.8757601Z 
dependency-test	Install Dependencies	2026-08-23T17:26:16.8767678Z Successfully installed iniconfig-2.3.0 packaging-26.3 pluggy-1.6.0 pygments-2.21.0 pytest-9.1.1
dependency-test	Check App Syntax	﻿2026-08-23T17:26:16.9334235Z ##[group]Run python -c "import app"
dependency-test	Check App Syntax	2026-08-23T17:26:16.9334691Z ^[[36;1mpython -c "import app"^[[0m
dependency-test	Check App Syntax	2026-08-23T17:26:16.9359776Z shell: /usr/bin/bash -e {0}
dependency-test	Check App Syntax	2026-08-23T17:26:16.9360137Z env:
dependency-test	Check App Syntax	2026-08-23T17:26:16.9360568Z   pythonLocation: /opt/hostedtoolcache/Python/3.11.16/x64
dependency-test	Check App Syntax	2026-08-23T17:26:16.9361057Z   PKG_CONFIG_PATH: /opt/hostedtoolcache/Python/3.11.16/x64/lib/pkgconfig
dependency-test	Check App Syntax	2026-08-23T17:26:16.9361714Z   Python_ROOT_DIR: /opt/hostedtoolcache/Python/3.11.16/x64
dependency-test	Check App Syntax	2026-08-23T17:26:16.9362244Z   Python2_ROOT_DIR: /opt/hostedtoolcache/Python/3.11.16/x64
dependency-test	Check App Syntax	2026-08-23T17:26:16.9362663Z   Python3_ROOT_DIR: /opt/hostedtoolcache/Python/3.11.16/x64
dependency-test	Check App Syntax	2026-08-23T17:26:16.9363161Z   LD_LIBRARY_PATH: /opt/hostedtoolcache/Python/3.11.16/x64/lib
dependency-test	Check App Syntax	2026-08-23T17:26:16.9363552Z ##[endgroup]
dependency-test	Check App Syntax	2026-08-23T17:26:16.9493046Z Traceback (most recent call last):
dependency-test	Check App Syntax	2026-08-23T17:26:16.9497964Z   File "<string>", line 1, in <module>
dependency-test	Check App Syntax	2026-08-23T17:26:16.9498761Z   File "/home/runner/work/dependency-error-repo/dependency-error-repo/app.py", line 1
dependency-test	Check App Syntax	2026-08-23T17:26:16.9499359Z     def (a, b):
dependency-test	Check App Syntax	2026-08-23T17:26:16.9499629Z         ^
dependency-test	Check App Syntax	2026-08-23T17:26:16.9499902Z SyntaxError: invalid syntax
dependency-test	Check App Syntax	2026-08-23T17:26:16.9524259Z ##[error]Process completed with exit code 1.
dependency-test	Post Checkout Repository	﻿2026-08-23T17:26:16.9664782Z Node 20 is being deprecated. This workflow is running with Node 24 by default. If you need to temporarily use Node 20, you can set the ACTIONS_ALLOW_USE_UNSECURE_NODE_VERSION=true environment variable. For more information see: https://github.blog/changelog/2025-09-19-deprecation-of-node-20-on-github-actions-runners/
dependency-test	Post Checkout Repository	2026-08-23T17:26:16.9665898Z Post job cleanup.
dependency-test	Post Checkout Repository	2026-08-23T17:26:17.0411958Z [command]/usr/bin/git version
dependency-test	Post Checkout Repository	2026-08-23T17:26:17.0453340Z git version 2.55.0
dependency-test	Post Checkout Repository	2026-08-23T17:26:17.0489163Z Temporarily overriding HOME='/home/runner/work/_temp/45da0001-f0e5-4285-9f52-fe5d37c71f13' before making global git config changes
dependency-test	Post Checkout Repository	2026-08-23T17:26:17.0490246Z Adding repository directory to the temporary git global config as a safe directory
dependency-test	Post Checkout Repository	2026-08-23T17:26:17.0495247Z [command]/usr/bin/git config --global --add safe.directory /home/runner/work/dependency-error-repo/dependency-error-repo
dependency-test	Post Checkout Repository	2026-08-23T17:26:17.0528443Z [command]/usr/bin/git config --local --name-only --get-regexp core\.sshCommand
dependency-test	Post Checkout Repository	2026-08-23T17:26:17.0565111Z [command]/usr/bin/git submodule foreach --recursive sh -c "git config --local --name-only --get-regexp 'core\.sshCommand' && git config --local --unset-all 'core.sshCommand' || :"
dependency-test	Post Checkout Repository	2026-08-23T17:26:17.0763847Z [command]/usr/bin/git config --local --name-only --get-regexp http\.https\:\/\/github\.com\/\.extraheader
dependency-test	Post Checkout Repository	2026-08-23T17:26:17.0785100Z http.https://github.com/.extraheader
dependency-test	Post Checkout Repository	2026-08-23T17:26:17.0794418Z [command]/usr/bin/git config --local --unset-all http.https://github.com/.extraheader
dependency-test	Post Checkout Repository	2026-08-23T17:26:17.0819759Z [command]/usr/bin/git submodule foreach --recursive sh -c "git config --local --name-only --get-regexp 'http\.https\:\/\/github\.com\/\.extraheader' && git config --local --unset-all 'http.https://github.com/.extraheader' || :"
dependency-test	Post Checkout Repository	2026-08-23T17:26:17.1023621Z [command]/usr/bin/git config --local --name-only --get-regexp ^includeIf\.gitdir:
dependency-test	Post Checkout Repository	2026-08-23T17:26:17.1054804Z [command]/usr/bin/git submodule foreach --recursive git config --local --show-origin --name-only --get-regexp remote.origin.url
dependency-test	Complete job	﻿2026-08-23T17:26:17.1387168Z Cleaning up orphan processes
dependency-test	Complete job	2026-08-23T17:26:17.1620196Z ##[warning]Node.js 20 is deprecated. The following actions target Node.js 20 but are being forced to run on Node.js 24: actions/checkout@v4, actions/setup-python@v5. For more information see: https://github.blog/changelog/2025-09-19-deprecation-of-node-20-on-github-actions-runners/